Starting job 10049838, array task 13 on dave67
Chemistry type: Crich
Analysis mode: true
Found 35 valid particle IDs in /fred/oz304/beckers/Chemistry/traces/wind_v10/trace_output_with_av (max ID=300000)
✓ Analysis params file already exists: /fred/oz304/beckers/Chemistry/evolving_model/param/analysis_params_Crich.txt
SLURM task 13: processing particle 269772
Running Crich evolving_model on 1 phantom particle trace(s) from wind_v10

 +++++++++++++++++++++++++++++++++++++++++++++++++++
 +++++        ENVELOPE CHEMICAL MODEL         ++++++
 +++++++++++++++++++++++++++++++++++++++++++++++++++

 Version 1.0 authored by Catherine Walsh and Maria 
    Drozdovskaya, Leiden Observatory (01/08/2013)

 Version 1.1 amended by Catherine Walsh (18/05/2014)

 Version 1.2 amended by Catherine Walsh (13/08/2015)

 +++++++++++++++++++++++++++++++++++++++++++++++++++

          Input file =  Crich/param/trace_file_param/file_parameters_269772.txt               

 Physical conditions  = Crich/input/269772.txt                                                
 Chemical network     = ./rate12_complex.rates                                                
 Species file         = ./rate12_complex_atomic_Crich.specs                                   
 Binding energies     = ./rate12_binding.dat                                                  
 Reaction parameters  = param/reaction_parameters.txt                                         
 Grain parameters     = param/grain_parameters.txt                                            
 Radiation parameters = param/radiation_parameters.txt                                        

 Output file          = Crich/analyse_output/model_output_269772.dat                          
 Rates file           = Crich/analyse_output/model_rates_269772.dat                           
 Analyse file         = Crich/analyse_output/model_analyse_269772.dat                         

 Opening and reading physical conditions file ...

 +++++++++++++++++++++++++++++++++++++++++++++++++++
 Beginning to run model ...
 +++++++++++++++++++++++++++++++++++++++++++++++++++

 Preparing output files ...

 Progress = ...
 ...    1 /1497

 No. steps =     781   No. f-s =   13188   No. J-s =      18   No. LU-s =     137
  No. nonlinear iterations =    1163
  No. nonlinear convergence failures =       0
  No. error test failures =      35
  Last step size used =    0.20565E+09
  Index compenent largest error =        0

 ...    2 /1497

 No. steps =     390   No. f-s =    5834   No. J-s =       8   No. LU-s =      56
  No. nonlinear iterations =     487
  No. nonlinear convergence failures =       0
  No. error test failures =      13
  Last step size used =    0.33852E+06
  Index compenent largest error =        0

 ...    3 /1497

 No. steps =     188   No. f-s =    2882   No. J-s =       4   No. LU-s =      31
  No. nonlinear iterations =     207
  No. nonlinear convergence failures =       0
  No. error test failures =       0
  Last step size used =    0.25737E+07
  Index compenent largest error =        0

 ...    4 /1497

 No. steps =     190   No. f-s =    2885   No. J-s =       4   No. LU-s =      32
  No. nonlinear iterations =     210
  No. nonlinear convergence failures =       0
  No. error test failures =       0
  Last step size used =    0.38533E+07
  Index compenent largest error =        0

 ...    5 /1497

 No. steps =     196   No. f-s =    2894   No. J-s =       4   No. LU-s =      33
  No. nonlinear iterations =     219
  No. nonlinear convergence failures =       0
  No. error test failures =       2
  Last step size used =    0.34851E+07
  Index compenent largest error =        0

 ...    6 /1497

 No. steps =     188   No. f-s =    2887   No. J-s =       4   No. LU-s =      32
  No. nonlinear iterations =     212
  No. nonlinear convergence failures =       0
  No. error test failures =       1
  Last step size used =    0.33338E+07
  Index compenent largest error =        0

 ...    7 /1497

 No. steps =     172   No. f-s =    2872   No. J-s =       4   No. LU-s =      29
  No. nonlinear iterations =     197
  No. nonlinear convergence failures =       0
  No. error test failures =       0
  Last step size used =    0.27593E+07
  Index compenent largest error =        0

 ...    8 /1497

 No. steps =     162   No. f-s =    2852   No. J-s =       4   No. LU-s =      30
  No. nonlinear iterations =     177
  No. nonlinear convergence failures =       0
  No. error test failures =       0
  Last step size used =    0.38829E+07
  Index compenent largest error =        0

 ...    9 /1497

 No. steps =     161   No. f-s =    2185   No. J-s =       3   No. LU-s =      28
  No. nonlinear iterations =     178
  No. nonlinear convergence failures =       0
  No. error test failures =       0
  Last step size used =    0.24752E+07
  Index compenent largest error =        0

 ...   10 /1497

 No. steps =     151   No. f-s =    2179   No. J-s =       3   No. LU-s =      27
  No. nonlinear iterations =     172
  No. nonlinear convergence failures =       0
  No. error test failures =       0
  Last step size used =    0.29896E+07
  Index compenent largest error =        0

 ...   11 /1497

 No. steps =     143   No. f-s =    2167   No. J-s =       3   No. LU-s =      27
  No. nonlinear iterations =     160
  No. nonlinear convergence failures =       0
  No. error test failures =       0
  Last step size used =    0.42115E+07
  Index compenent largest error =        0

 ...   12 /1497

 No. steps =     140   No. f-s =    2164   No. J-s =       3   No. LU-s =      26
  No. nonlinear iterations =     157
  No. nonlinear convergence failures =       0
  No. error test failures =       0
  Last step size used =    0.42007E+07
  Index compenent largest error =        0

 ...   13 /1497

 No. steps =     136   No. f-s =    2159   No. J-s =       3   No. LU-s =      26
  No. nonlinear iterations =     152
  No. nonlinear convergence failures =       0
  No. error test failures =       0
  Last step size used =    0.34209E+07
  Index compenent largest error =        0

 ...   14 /1497

 No. steps =     134   No. f-s =    2158   No. J-s =       3   No. LU-s =      26
  No. nonlinear iterations =     151
  No. nonlinear convergence failures =       0
  No. error test failures =       0
  Last step size used =    0.34295E+07
  Index compenent largest error =        0

 ...   15 /1497

 No. steps =     135   No. f-s =    2164   No. J-s =       3   No. LU-s =      27
  No. nonlinear iterations =     157
  No. nonlinear convergence failures =       0
  No. error test failures =       1
  Last step size used =    0.43342E+07
  Index compenent largest error =        0

 ...   16 /1497

 No. steps =     174   No. f-s =    2877   No. J-s =       4   No. LU-s =      29
  No. nonlinear iterations =     202
  No. nonlinear convergence failures =       0
  No. error test failures =       2
  Last step size used =    0.39568E+07
  Index compenent largest error =        0


 Calling analyse subroutine ...
 ... done!


    ... DONE!
 +++++++++++++++++++++++++++++++++++++++++++++++++++


+------------------ Job Report: 10049855 (COMPLETED) ------------------+
| Memory (RAM)  No data available                                      |
| CPU           [#########           ] 45.8% average                   |
| Time          [>                   ]  0.1% (0-00:00:24 / 0-12:00:00) |
|                                                                      |
| Lustre Filesystem:                                                   |
|   No data available                                                  |
+----------------------------------------------------------------------+
