  **  PHYSICAL PARAMETERS  **


   RADIUS      n(H2)       TEMP.       A_V         RAD.FIELD   K(ICOR)     K(ICOIP)    K(ICOAP)    DELTA_AUV   T_DUST      NMONO       ALL_ICE     
   2.050E+014  1.073E+007  1.029E+003  1.176E+000  8.307E-004  0.000E+000  0.000E+000  0.000E+000  1.367E-001  6.544E+002  0.000E+000  0.000E+000
   2.197E+014  9.343E+006  9.943E+002  1.098E+000  1.259E-003  6.815E-017  9.264E-022  9.811E-012  5.017E-001  6.544E+002         NaN  0.000E+000
   2.354E+014  8.138E+006  9.605E+002  1.024E+000  1.861E-003  1.075E-016  2.871E-022  3.040E-012  8.423E-001  6.544E+002         NaN  0.000E+000
   2.522E+014  7.088E+006  9.279E+002  9.559E-001  2.686E-003  1.663E-016  1.146E-022  1.214E-012  1.160E+000  6.544E+002         NaN  0.000E+000
   2.702E+014  6.173E+006  8.964E+002  8.921E-001  3.790E-003  2.482E-016  5.410E-023  5.730E-013  1.457E+000  6.544E+002         NaN  0.000E+000
   2.896E+014  5.376E+006  8.660E+002  8.326E-001  5.240E-003  3.725E-016  2.673E-023  2.830E-013  1.734E+000  6.544E+002         NaN  0.000E+000
   3.103E+014  4.683E+006  8.366E+002  7.770E-001  7.103E-003  5.375E-016  1.463E-023  1.550E-013  1.992E+000  6.544E+002         NaN  0.000E+000
   3.325E+014  4.078E+006  8.082E+002  7.251E-001  9.456E-003  7.675E-016  8.346E-024  8.839E-014  2.233E+000  6.544E+002         NaN  0.000E+000
   3.562E+014  3.552E+006  7.807E+002  6.767E-001  1.238E-002  1.081E-015  4.951E-024  5.243E-014  2.458E+000  6.544E+002         NaN  0.000E+000
   3.817E+014  3.094E+006  7.542E+002  6.316E-001  1.595E-002  1.472E-015  3.127E-024  3.312E-014  2.668E+000  6.544E+002         NaN  0.000E+000
   4.090E+014  2.695E+006  7.286E+002  5.894E-001  2.024E-002  2.059E-015  1.918E-024  2.032E-014  2.864E+000  6.544E+002         NaN  0.000E+000
   4.383E+014  2.347E+006  7.039E+002  5.501E-001  2.533E-002  2.805E-015  1.232E-024  1.305E-014  3.047E+000  6.544E+002         NaN  0.000E+000
   4.696E+014  2.044E+006  6.800E+002  5.133E-001  3.130E-002  3.695E-015  8.348E-025  8.842E-015  3.218E+000  6.544E+002         NaN  0.000E+000
   5.032E+014  1.780E+006  6.569E+002  4.791E-001  3.820E-002  4.710E-015  5.944E-025  6.295E-015  3.377E+000  6.544E+002         NaN  0.000E+000
   5.392E+014  1.551E+006  6.346E+002  4.471E-001  4.609E-002  6.155E-015  4.099E-025  4.341E-015  3.526E+000  6.544E+002         NaN  0.000E+000
   5.778E+014  1.351E+006  6.131E+002  4.173E-001  5.500E-002  7.849E-015  2.931E-025  3.105E-015  3.665E+000  6.544E+002         NaN  0.000E+000
   6.191E+014  1.176E+006  5.923E+002  3.894E-001  6.498E-002  9.888E-015  2.135E-025  2.261E-015  3.794E+000  6.544E+002         NaN  0.000E+000
   6.634E+014  1.024E+006  5.721E+002  3.634E-001  7.604E-002  1.241E-014  1.563E-025  1.656E-015  3.915E+000  6.544E+002         NaN  0.000E+000
   7.108E+014  8.923E+005  5.527E+002  3.392E-001  8.817E-002  1.589E-014  1.115E-025  1.181E-015  4.028E+000  6.544E+002         NaN  0.000E+000
   7.616E+014  7.771E+005  5.340E+002  3.165E-001  1.014E-001  1.991E-014  8.192E-026  8.676E-016  4.133E+000  6.544E+002         NaN  0.000E+000
   8.161E+014  6.769E+005  5.158E+002  2.954E-001  1.156E-001  2.421E-014  6.268E-026  6.639E-016  4.232E+000  6.544E+002         NaN  0.000E+000
   8.745E+014  5.895E+005  4.983E+002  2.757E-001  1.309E-001  2.814E-014  5.102E-026  5.403E-016  4.323E+000  6.544E+002         NaN  0.000E+000
   9.370E+014  5.135E+005  4.814E+002  2.573E-001  1.471E-001  3.449E-014  3.857E-026  4.085E-016  4.409E+000  6.544E+002         NaN  0.000E+000
   1.004E+015  4.472E+005  4.651E+002  2.401E-001  1.643E-001  4.124E-014  3.014E-026  3.192E-016  4.489E+000  6.544E+002         NaN  0.000E+000
   1.076E+015  3.895E+005  4.493E+002  2.241E-001  1.822E-001  4.872E-014  2.393E-026  2.535E-016  4.563E+000  6.544E+002         NaN  0.000E+000
   1.153E+015  3.392E+005  4.340E+002  2.091E-001  2.010E-001  5.667E-014  1.939E-026  2.054E-016  4.633E+000  6.544E+002         NaN  0.000E+000
   1.235E+015  2.955E+005  4.193E+002  1.952E-001  2.204E-001  6.721E-014  1.528E-026  1.618E-016  4.698E+000  6.544E+002         NaN  0.000E+000
   1.324E+015  2.573E+005  4.051E+002  1.821E-001  2.404E-001  7.838E-014  1.231E-026  1.303E-016  4.758E+000  6.544E+002         NaN  0.000E+000
   1.418E+015  2.241E+005  3.913E+002  1.700E-001  2.610E-001  9.115E-014  9.937E-027  1.052E-016  4.815E+000  6.544E+002         NaN  0.000E+000
   1.520E+015  1.952E+005  3.780E+002  1.586E-001  2.820E-001  1.049E-013  8.132E-027  8.613E-017  4.867E+000  6.544E+002         NaN  0.000E+000
   1.628E+015  1.700E+005  3.652E+002  1.481E-001  3.034E-001  1.211E-013  6.620E-027  7.011E-017  4.917E+000  6.544E+002         NaN  0.000E+000
   1.745E+015  1.481E+005  3.528E+002  1.382E-001  3.251E-001  1.422E-013  5.245E-027  5.555E-017  4.963E+000  6.544E+002         NaN  0.000E+000
   1.870E+015  1.290E+005  3.408E+002  1.289E-001  3.469E-001  1.588E-013  4.466E-027  4.730E-017  5.006E+000  6.544E+002         NaN  0.000E+000
   2.003E+015  1.123E+005  3.292E+002  1.203E-001  3.689E-001  1.806E-013  3.695E-027  3.914E-017  5.046E+000  6.544E+002         NaN  0.000E+000
   2.147E+015  9.784E+004  3.181E+002  1.123E-001  3.909E-001  2.056E-013  3.052E-027  3.232E-017  5.083E+000  6.544E+002         NaN  0.000E+000
   2.300E+015  8.521E+004  3.073E+002  1.048E-001  4.129E-001  2.346E-013  2.506E-027  2.654E-017  5.118E+000  6.544E+002         NaN  0.000E+000
   2.465E+015  7.422E+004  2.968E+002  9.782E-002  4.349E-001  2.642E-013  2.094E-027  2.218E-017  5.150E+000  6.544E+002         NaN  0.000E+000
   2.641E+015  6.464E+004  2.868E+002  9.129E-002  4.566E-001  2.966E-013  1.758E-027  1.862E-017  5.181E+000  6.544E+002         NaN  0.000E+000
   2.830E+015  5.630E+004  2.770E+002  8.519E-002  4.781E-001  3.352E-013  1.457E-027  1.543E-017  5.209E+000  6.544E+002         NaN  0.000E+000
   3.032E+015  4.903E+004  2.676E+002  7.951E-002  4.994E-001  3.689E-013  1.257E-027  1.331E-017  5.235E+000  6.544E+002         NaN  0.000E+000
   3.249E+015  4.271E+004  2.585E+002  7.420E-002  5.203E-001  4.148E-013  1.047E-027  1.109E-017  5.260E+000  6.544E+002         NaN  0.000E+000
   3.481E+015  3.720E+004  2.498E+002  6.925E-002  5.408E-001  4.621E-013  8.841E-028  9.363E-018  5.283E+000  6.544E+002         NaN  0.000E+000
   3.730E+015  3.240E+004  2.413E+002  6.463E-002  5.610E-001  5.149E-013  7.450E-028  7.890E-018  5.305E+000  6.544E+002         NaN  0.000E+000
   3.997E+015  2.822E+004  2.331E+002  6.031E-002  5.806E-001  5.646E-013  6.434E-028  6.814E-018  5.325E+000  6.544E+002         NaN  0.000E+000
   4.283E+015  2.458E+004  2.252E+002  5.629E-002  5.998E-001  6.259E-013  5.454E-028  5.776E-018  5.343E+000  6.544E+002         NaN  0.000E+000
   4.589E+015  2.140E+004  2.175E+002  5.253E-002  6.184E-001  6.933E-013  4.623E-028  4.896E-018  5.361E+000  6.544E+002         NaN  0.000E+000
   4.918E+015  1.864E+004  2.101E+002  4.902E-002  6.365E-001  7.609E-013  3.974E-028  4.209E-018  5.377E+000  6.544E+002         NaN  0.000E+000
   5.269E+015  1.624E+004  2.030E+002  4.575E-002  6.541E-001  8.387E-013  3.389E-028  3.589E-018  5.392E+000  6.544E+002         NaN  0.000E+000
   5.646E+015  1.414E+004  1.961E+002  4.270E-002  6.710E-001  9.325E-013  2.846E-028  3.014E-018  5.407E+000  6.544E+002         NaN  0.000E+000
   6.050E+015  1.232E+004  1.895E+002  3.985E-002  6.874E-001  1.020E-012  2.455E-028  2.600E-018  5.420E+000  6.544E+002         NaN  0.000E+000
   6.483E+015  1.073E+004  1.830E+002  3.719E-002  7.031E-001  1.120E-012  2.099E-028  2.223E-018  5.432E+000  6.544E+002         NaN  0.000E+000
   6.946E+015  9.343E+003  1.768E+002  3.471E-002  7.183E-001  1.214E-012  1.835E-028  1.943E-018  5.444E+000  6.544E+002         NaN  0.000E+000
   7.443E+015  8.138E+003  1.708E+002  3.239E-002  7.329E-001  1.335E-012  1.565E-028  1.658E-018  5.455E+000  6.544E+002         NaN  0.000E+000
   7.975E+015  7.088E+003  1.650E+002  3.023E-002  7.468E-001  1.478E-012  1.319E-028  1.397E-018  5.465E+000  6.544E+002         NaN  0.000E+000
   8.546E+015  6.173E+003  1.594E+002  2.821E-002  7.602E-001  1.618E-012  1.133E-028  1.200E-018  5.474E+000  6.544E+002         NaN  0.000E+000
   9.157E+015  5.376E+003  1.540E+002  2.633E-002  7.730E-001  1.760E-012  9.838E-029  1.042E-018  5.483E+000  6.544E+002         NaN  0.000E+000
   9.812E+015  4.683E+003  1.488E+002  2.457E-002  7.853E-001  1.903E-012  8.624E-029  9.134E-019  5.491E+000  6.544E+002         NaN  0.000E+000
   1.051E+016  4.078E+003  1.437E+002  2.293E-002  7.970E-001  2.062E-012  7.539E-029  7.984E-019  5.499E+000  6.544E+002         NaN  0.000E+000
   1.127E+016  3.552E+003  1.388E+002  2.140E-002  8.081E-001  2.247E-012  6.528E-029  6.914E-019  5.506E+000  6.544E+002         NaN  0.000E+000
   1.207E+016  3.094E+003  1.341E+002  1.997E-002  8.187E-001  2.467E-012  5.591E-029  5.921E-019  5.512E+000  6.544E+002         NaN  0.000E+000
   1.293E+016  2.695E+003  1.296E+002  1.864E-002  8.288E-001  2.690E-012  4.847E-029  5.133E-019  5.518E+000  6.544E+002         NaN  0.000E+000
   1.386E+016  2.347E+003  1.252E+002  1.739E-002  8.385E-001  2.927E-012  4.221E-029  4.471E-019  5.524E+000  6.544E+002         NaN  0.000E+000
   1.485E+016  2.044E+003  1.209E+002  1.623E-002  8.476E-001  3.167E-012  3.715E-029  3.935E-019  5.530E+000  6.544E+002         NaN  0.000E+000
   1.591E+016  1.780E+003  1.168E+002  1.515E-002  8.563E-001  3.465E-012  3.220E-029  3.411E-019  5.535E+000  6.544E+002         NaN  0.000E+000
   1.705E+016  1.551E+003  1.129E+002  1.414E-002  8.646E-001  3.770E-012  2.823E-029  2.989E-019  5.539E+000  6.544E+002         NaN  0.000E+000
   1.827E+016  1.351E+003  1.090E+002  1.320E-002  8.724E-001  4.166E-012  2.424E-029  2.567E-019  5.544E+000  6.544E+002         NaN  0.000E+000
   1.958E+016  1.176E+003  1.053E+002  1.231E-002  8.798E-001  4.493E-012  2.166E-029  2.294E-019  5.548E+000  6.544E+002         NaN  0.000E+000
   2.098E+016  1.024E+003  1.017E+002  1.149E-002  8.869E-001  4.946E-012  1.887E-029  1.999E-019  5.552E+000  6.544E+002         NaN  0.000E+000
   2.248E+016  8.923E+002  9.829E+001  1.073E-002  8.935E-001  5.419E-012  1.664E-029  1.763E-019  5.555E+000  6.544E+002         NaN  0.000E+000
   2.409E+016  7.771E+002  9.495E+001  1.001E-002  8.998E-001  5.992E-012  1.459E-029  1.545E-019  5.559E+000  6.544E+002         NaN  0.000E+000
   2.581E+016  6.769E+002  9.173E+001  9.341E-003  9.058E-001  6.664E-012  1.281E-029  1.356E-019  5.562E+000  6.544E+002         NaN  0.000E+000
   2.765E+016  5.895E+002  8.862E+001  8.718E-003  9.115E-001  7.243E-012  1.164E-029  1.233E-019  5.565E+000  6.544E+002         NaN  0.000E+000
   2.963E+016  5.135E+002  8.561E+001  8.136E-003  9.168E-001  8.185E-012  1.024E-029  1.084E-019  5.567E+000  6.544E+002         NaN  0.000E+000
   3.175E+016  4.472E+002  8.270E+001  7.593E-003  9.218E-001  9.228E-012  9.162E-030  9.703E-020  5.570E+000  6.544E+002         NaN  0.000E+000
   3.402E+016  3.895E+002  7.989E+001  7.086E-003  9.266E-001  1.009E-011  8.516E-030  9.019E-020  5.572E+000  6.544E+002         NaN  0.000E+000
   3.645E+016  3.392E+002  7.718E+001  6.613E-003  9.311E-001  1.155E-011  7.754E-030  8.212E-020  5.574E+000  6.544E+002         NaN  0.000E+000
   3.906E+016  2.955E+002  7.456E+001  6.172E-003  9.353E-001  1.319E-011  7.206E-030  7.631E-020  5.576E+000  6.544E+002         NaN  0.000E+000
   4.186E+016  2.573E+002  7.203E+001  5.760E-003  9.393E-001  1.541E-011  6.776E-030  7.177E-020  5.578E+000  6.544E+002         NaN  0.000E+000
   4.485E+016  2.241E+002  6.958E+001  5.375E-003  9.431E-001  1.822E-011  6.520E-030  6.905E-020  5.580E+000  6.544E+002         NaN  0.000E+000
   4.806E+016  1.952E+002  6.722E+001  5.017E-003  9.466E-001  2.296E-011  6.458E-030  6.839E-020  5.582E+000  6.544E+002         NaN  0.000E+000
   5.149E+016  1.700E+002  6.494E+001  4.682E-003  9.500E-001  2.872E-011  6.678E-030  7.072E-020  5.583E+000  6.544E+002         NaN  0.000E+000
   5.518E+016  1.481E+002  6.273E+001  4.369E-003  9.531E-001  4.042E-011  7.535E-030  7.980E-020  5.585E+000  6.544E+002         NaN  0.000E+000
   5.912E+016  1.290E+002  6.061E+001  4.078E-003  9.560E-001  5.871E-011  9.394E-030  9.949E-020  5.586E+000  6.544E+002         NaN  0.000E+000
   6.335E+016  1.123E+002  5.855E+001  3.806E-003  9.588E-001  1.008E-010  1.617E-029  1.713E-019  5.587E+000  6.544E+002         NaN  0.000E+000
   6.788E+016  9.784E+001  5.656E+001  3.551E-003  9.614E-001  1.550E-010  4.422E-029  4.684E-019  5.589E+000  6.544E+002         NaN  0.000E+000
   7.274E+016  8.521E+001  5.464E+001  3.314E-003  9.639E-001  1.842E-010  2.077E-028  2.200E-018  5.590E+000  6.544E+002         NaN  0.000E+000
   7.794E+016  7.422E+001  5.278E+001  3.093E-003  9.662E-001  1.908E-010  1.301E-027  1.378E-017  5.591E+000  6.544E+002         NaN  0.000E+000
   8.351E+016  6.464E+001  5.099E+001  2.887E-003  9.683E-001  1.920E-010  3.378E-027  3.578E-017  5.592E+000  6.544E+002         NaN  0.000E+000
   8.949E+016  5.630E+001  4.926E+001  2.694E-003  9.704E-001  1.925E-010  3.592E-027  3.804E-017  5.593E+000  6.544E+002         NaN  0.000E+000
   9.589E+016  4.903E+001  4.759E+001  2.514E-003  9.723E-001  1.930E-010  3.202E-027  3.392E-017  5.593E+000  6.544E+002         NaN  0.000E+000
   1.027E+017  4.271E+001  4.597E+001  2.346E-003  9.741E-001  1.934E-010  2.779E-027  2.944E-017  5.594E+000  6.544E+002         NaN  0.000E+000
   1.101E+017  3.720E+001  4.441E+001  2.190E-003  9.757E-001  1.938E-010  2.417E-027  2.559E-017  5.595E+000  6.544E+002         NaN  0.000E+000
   1.180E+017  3.240E+001  4.291E+001  2.044E-003  9.773E-001  1.942E-010  2.070E-027  2.192E-017  5.596E+000  6.544E+002         NaN  0.000E+000
   1.264E+017  2.822E+001  4.145E+001  1.907E-003  9.788E-001  1.945E-010  1.808E-027  1.915E-017  5.596E+000  6.544E+002         NaN  0.000E+000
   1.354E+017  2.458E+001  4.004E+001  1.780E-003  9.802E-001  1.948E-010  1.602E-027  1.697E-017  5.597E+000  6.544E+002         NaN  0.000E+000
   1.451E+017  2.140E+001  3.868E+001  1.661E-003  9.814E-001  1.951E-010  1.372E-027  1.453E-017  5.597E+000  6.544E+002         NaN  0.000E+000
   1.555E+017  1.864E+001  3.737E+001  1.550E-003  9.827E-001  1.954E-010  1.184E-027  1.254E-017  5.598E+000  6.544E+002         NaN  0.000E+000
   1.666E+017  1.624E+001  3.610E+001  1.447E-003  9.838E-001  1.956E-010  1.055E-027  1.117E-017  5.598E+000  6.544E+002         NaN  0.000E+000
   1.785E+017  1.414E+001  3.487E+001  1.350E-003  9.848E-001  1.959E-010  8.954E-028  9.483E-018  5.599E+000  6.544E+002         NaN  0.000E+000
   1.913E+017  1.232E+001  3.369E+001  1.260E-003  9.858E-001  1.961E-010  7.983E-028  8.454E-018  5.599E+000  6.544E+002         NaN  0.000E+000
   2.050E+017  1.073E+001  3.255E+001  1.176E-003  9.868E-001  1.963E-010  6.916E-028  7.324E-018  5.600E+000  6.544E+002         NaN  0.000E+000
   2.197E+017  9.343E+000  3.144E+001  1.098E-003  9.876E-001  1.965E-010  6.059E-028  6.417E-018  5.600E+000  6.544E+002         NaN  0.000E+000
   2.354E+017  8.138E+000  3.037E+001  1.024E-003  9.884E-001  1.968E-010  5.162E-028  5.466E-018  5.600E+000  6.544E+002         NaN  0.000E+000
   2.522E+017  7.088E+000  2.934E+001  9.559E-004  9.892E-001  1.969E-010  4.551E-028  4.819E-018  5.601E+000  6.544E+002         NaN  0.000E+000
   2.702E+017  6.173E+000  2.835E+001  8.921E-004  9.899E-001  1.971E-010  3.928E-028  4.160E-018  5.601E+000  6.544E+002         NaN  0.000E+000
   2.896E+017  5.376E+000  2.738E+001  8.326E-004  9.906E-001  1.973E-010  3.425E-028  3.628E-018  5.601E+000  6.544E+002         NaN  0.000E+000
   3.103E+017  4.683E+000  2.646E+001  7.770E-004  9.912E-001  1.974E-010  3.013E-028  3.191E-018  5.602E+000  6.544E+002         NaN  0.000E+000
   3.325E+017  4.078E+000  2.556E+001  7.251E-004  9.918E-001  1.976E-010  2.610E-028  2.764E-018  5.602E+000  6.544E+002         NaN  0.000E+000
   3.562E+017  3.552E+000  2.469E+001  6.767E-004  9.923E-001  1.977E-010  2.296E-028  2.431E-018  5.602E+000  6.544E+002         NaN  0.000E+000
   3.817E+017  3.094E+000  2.385E+001  6.316E-004  9.928E-001  1.979E-010  1.961E-028  2.077E-018  5.602E+000  6.544E+002         NaN  0.000E+000
   4.090E+017  2.695E+000  2.304E+001  5.894E-004  9.933E-001  1.980E-010  1.721E-028  1.823E-018  5.602E+000  6.544E+002         NaN  0.000E+000
   4.383E+017  2.347E+000  2.226E+001  5.501E-004  9.937E-001  1.981E-010  1.496E-028  1.584E-018  5.603E+000  6.544E+002         NaN  0.000E+000
   4.696E+017  2.044E+000  2.150E+001  5.133E-004  9.942E-001  1.982E-010  1.304E-028  1.381E-018  5.603E+000  6.544E+002         NaN  0.000E+000
   5.032E+017  1.780E+000  2.077E+001  4.791E-004  9.945E-001  1.983E-010  1.147E-028  1.215E-018  5.603E+000  6.544E+002         NaN  0.000E+000
