Starting job 10461264, array task 418 on dave78
Chemistry type: Crich
Analysis mode: false
Found 459 valid particle IDs in /fred/oz304/beckers/Chemistry/traces/wind_v10/trace_output_with_av
Returning 457 particle IDs (after start_index=2 offset)
SLURM task 418: processing particle 3786271
Running Crich evolving_model on 1 phantom particle trace(s) from wind_v10

 +++++++++++++++++++++++++++++++++++++++++++++++++++
 +++++        ENVELOPE CHEMICAL MODEL         ++++++
 +++++++++++++++++++++++++++++++++++++++++++++++++++

 Version 1.0 authored by Catherine Walsh and Maria 
    Drozdovskaya, Leiden Observatory (01/08/2013)

 Version 1.1 amended by Catherine Walsh (18/05/2014)

 Version 1.2 amended by Catherine Walsh (13/08/2015)

 +++++++++++++++++++++++++++++++++++++++++++++++++++

          Input file =  Crich/param/trace_file_param/file_parameters_3786271.txt              

 Physical conditions  = Crich/input/3786271.txt                                               
 Chemical network     = ./rate12_complex.rates                                                
 Species file         = ./rate12_complex_atomic_Crich.specs                                   
 Binding energies     = ./rate12_binding.dat                                                  
 Reaction parameters  = param/reaction_parameters.txt                                         
 Grain parameters     = param/grain_parameters.txt                                            
 Radiation parameters = param/radiation_parameters.txt                                        

 Output file          = Crich/output/model_output_3786271.dat                                 
 Rates file           = Crich/output/model_rates_3786271.dat                                  

 Opening and reading physical conditions file ...

 +++++++++++++++++++++++++++++++++++++++++++++++++++
 Beginning to run model ...
 +++++++++++++++++++++++++++++++++++++++++++++++++++

 Preparing output files ...

 Progress = ...
 ...    1 / 135

 No. steps =    1095   No. f-s =   17646   No. J-s =      24   No. LU-s =     181
  No. nonlinear iterations =    1613
  No. nonlinear convergence failures =       0
  No. error test failures =      59
  Last step size used =    0.11762E+09
  Index compenent largest error = ********

 ...    2 / 135

 No. steps =     197   No. f-s =    2901   No. J-s =       4   No. LU-s =      36
  No. nonlinear iterations =     226
  No. nonlinear convergence failures =       0
  No. error test failures =       2
  Last step size used =    0.27664E+07
  Index compenent largest error = ********

 ...    3 / 135

 No. steps =     196   No. f-s =    2899   No. J-s =       4   No. LU-s =      32
  No. nonlinear iterations =     224
  No. nonlinear convergence failures =       0
  No. error test failures =       1
  Last step size used =    0.31474E+07
  Index compenent largest error = ********

 ...    4 / 135

 No. steps =     185   No. f-s =    2881   No. J-s =       4   No. LU-s =      32
  No. nonlinear iterations =     206
  No. nonlinear convergence failures =       0
  No. error test failures =       1
  Last step size used =    0.33614E+07
  Index compenent largest error = ********

 ...    5 / 135

 No. steps =     174   No. f-s =    2867   No. J-s =       4   No. LU-s =      29
  No. nonlinear iterations =     192
  No. nonlinear convergence failures =       0
  No. error test failures =       0
  Last step size used =    0.33741E+07
  Index compenent largest error = ********

 ...    6 / 135

 No. steps =     165   No. f-s =    2860   No. J-s =       4   No. LU-s =      29
  No. nonlinear iterations =     185
  No. nonlinear convergence failures =       0
  No. error test failures =       0
  Last step size used =    0.33489E+07
  Index compenent largest error = ********

 ...    7 / 135

 No. steps =     157   No. f-s =    2185   No. J-s =       3   No. LU-s =      28
  No. nonlinear iterations =     178
  No. nonlinear convergence failures =       0
  No. error test failures =       0
  Last step size used =    0.38181E+07
  Index compenent largest error = ********

 ...    8 / 135

 No. steps =     146   No. f-s =    2170   No. J-s =       3   No. LU-s =      27
  No. nonlinear iterations =     163
  No. nonlinear convergence failures =       0
  No. error test failures =       0
  Last step size used =    0.27130E+07
  Index compenent largest error = ********

 ...    9 / 135

 No. steps =     143   No. f-s =    2168   No. J-s =       3   No. LU-s =      27
  No. nonlinear iterations =     161
  No. nonlinear convergence failures =       0
  No. error test failures =       0
  Last step size used =    0.45627E+07
  Index compenent largest error = ********

 ...   10 / 135

 No. steps =     136   No. f-s =    2160   No. J-s =       3   No. LU-s =      27
  No. nonlinear iterations =     153
  No. nonlinear convergence failures =       0
  No. error test failures =       0
  Last step size used =    0.40193E+07
  Index compenent largest error = ********

 ...   11 / 135

 No. steps =     132   No. f-s =    2155   No. J-s =       3   No. LU-s =      26
  No. nonlinear iterations =     148
  No. nonlinear convergence failures =       0
  No. error test failures =       0
  Last step size used =    0.35165E+07
  Index compenent largest error = ********

 ...   12 / 135

 No. steps =     184   No. f-s =    2891   No. J-s =       4   No. LU-s =      29
  No. nonlinear iterations =     216
  No. nonlinear convergence failures =       0
  No. error test failures =       1
  Last step size used =    0.28673E+07
  Index compenent largest error = ********

 ...   13 / 135

 No. steps =     169   No. f-s =    2867   No. J-s =       4   No. LU-s =      26
  No. nonlinear iterations =     192
  No. nonlinear convergence failures =       0
  No. error test failures =       1
  Last step size used =    0.23816E+07
  Index compenent largest error = ********

 ...   14 / 135

 No. steps =     138   No. f-s =    2160   No. J-s =       3   No. LU-s =      24
  No. nonlinear iterations =     153
  No. nonlinear convergence failures =       0
  No. error test failures =       0
  Last step size used =    0.21008E+07
  Index compenent largest error = ********

 ...   15 / 135

 No. steps =     128   No. f-s =    2149   No. J-s =       3   No. LU-s =      24
  No. nonlinear iterations =     142
  No. nonlinear convergence failures =       0
  No. error test failures =       0
  Last step size used =    0.33100E+07
  Index compenent largest error = ********

 ...   16 / 135

 No. steps =     129   No. f-s =    2149   No. J-s =       3   No. LU-s =      26
  No. nonlinear iterations =     142
  No. nonlinear convergence failures =       0
  No. error test failures =       0
  Last step size used =    0.32610E+07
  Index compenent largest error = ********

 ...   17 / 135

 No. steps =     142   No. f-s =    2162   No. J-s =       3   No. LU-s =      26
  No. nonlinear iterations =     155
  No. nonlinear convergence failures =       0
  No. error test failures =       0
  Last step size used =    0.29540E+07
  Index compenent largest error = ********

 ...   18 / 135

 No. steps =     139   No. f-s =    2165   No. J-s =       3   No. LU-s =      28
  No. nonlinear iterations =     158
  No. nonlinear convergence failures =       0
  No. error test failures =       1
  Last step size used =    0.38341E+07
  Index compenent largest error = ********

 ...   19 / 135

 No. steps =     136   No. f-s =    2158   No. J-s =       3   No. LU-s =      26
  No. nonlinear iterations =     151
  No. nonlinear convergence failures =       0
  No. error test failures =       0
  Last step size used =    0.39229E+07
  Index compenent largest error = ********

 ...   20 / 135

 No. steps =     132   No. f-s =    2156   No. J-s =       3   No. LU-s =      23
  No. nonlinear iterations =     149
  No. nonlinear convergence failures =       0
  No. error test failures =       0
  Last step size used =    0.32115E+07
  Index compenent largest error = ********

 ...   21 / 135

 No. steps =     126   No. f-s =    2148   No. J-s =       3   No. LU-s =      24
  No. nonlinear iterations =     141
  No. nonlinear convergence failures =       0
  No. error test failures =       0
  Last step size used =    0.46634E+07
  Index compenent largest error = ********

 ...   22 / 135

 No. steps =     124   No. f-s =    2143   No. J-s =       3   No. LU-s =      23
  No. nonlinear iterations =     136
  No. nonlinear convergence failures =       0
  No. error test failures =       0
  Last step size used =    0.35534E+07
  Index compenent largest error = ********

 ...   23 / 135

 No. steps =     124   No. f-s =    2146   No. J-s =       3   No. LU-s =      24
  No. nonlinear iterations =     139
  No. nonlinear convergence failures =       0
  No. error test failures =       0
  Last step size used =    0.40370E+07
  Index compenent largest error = ********

 ...   24 / 135

 No. steps =     119   No. f-s =    2143   No. J-s =       3   No. LU-s =      23
  No. nonlinear iterations =     136
  No. nonlinear convergence failures =       0
  No. error test failures =       0
  Last step size used =    0.42394E+07
  Index compenent largest error = ********

 ...   25 / 135

 No. steps =     116   No. f-s =    2138   No. J-s =       3   No. LU-s =      24
  No. nonlinear iterations =     131
  No. nonlinear convergence failures =       0
  No. error test failures =       0
  Last step size used =    0.46556E+07
  Index compenent largest error = ********

 ...   26 / 135

 No. steps =     113   No. f-s =    2135   No. J-s =       3   No. LU-s =      22
  No. nonlinear iterations =     128
  No. nonlinear convergence failures =       0
  No. error test failures =       0
  Last step size used =    0.36737E+07
  Index compenent largest error = ********

 ...   27 / 135

 No. steps =     111   No. f-s =    2130   No. J-s =       3   No. LU-s =      22
  No. nonlinear iterations =     123
  No. nonlinear convergence failures =       0
  No. error test failures =       0
  Last step size used =    0.38537E+07
  Index compenent largest error = ********

 ...   28 / 135

 No. steps =     100   No. f-s =    1452   No. J-s =       2   No. LU-s =      22
  No. nonlinear iterations =     113
  No. nonlinear convergence failures =       0
  No. error test failures =       0
  Last step size used =    0.43800E+07
  Index compenent largest error = ********

 ...   29 / 135

 No. steps =     115   No. f-s =    2142   No. J-s =       3   No. LU-s =      24
  No. nonlinear iterations =     135
  No. nonlinear convergence failures =       0
  No. error test failures =       1
  Last step size used =    0.44343E+07
  Index compenent largest error = ********

 ...   30 / 135

 No. steps =     129   No. f-s =    2157   No. J-s =       3   No. LU-s =      24
  No. nonlinear iterations =     150
  No. nonlinear convergence failures =       0
  No. error test failures =       1
  Last step size used =    0.28784E+07
  Index compenent largest error = ********

 ...   31 / 135

 No. steps =     123   No. f-s =    2143   No. J-s =       3   No. LU-s =      23
  No. nonlinear iterations =     136
  No. nonlinear convergence failures =       0
  No. error test failures =       0
  Last step size used =    0.42696E+07
  Index compenent largest error = ********

 ...   32 / 135

 No. steps =     100   No. f-s =    1453   No. J-s =       2   No. LU-s =      23
  No. nonlinear iterations =     114
  No. nonlinear convergence failures =       0
  No. error test failures =       0
  Last step size used =    0.55438E+07
  Index compenent largest error = ********

 ...   33 / 135

 No. steps =      88   No. f-s =    1438   No. J-s =       2   No. LU-s =      20
  No. nonlinear iterations =      99
  No. nonlinear convergence failures =       0
  No. error test failures =       0
  Last step size used =    0.37707E+07
  Index compenent largest error = ********

 ...   34 / 135

 No. steps =     105   No. f-s =    2128   No. J-s =       3   No. LU-s =      25
  No. nonlinear iterations =     121
  No. nonlinear convergence failures =       0
  No. error test failures =       1
  Last step size used =    0.52243E+07
  Index compenent largest error = ********

 ...   35 / 135

 No. steps =     112   No. f-s =    2131   No. J-s =       3   No. LU-s =      23
  No. nonlinear iterations =     124
  No. nonlinear convergence failures =       0
  No. error test failures =       0
  Last step size used =    0.31693E+07
  Index compenent largest error = ********

 ...   36 / 135

 No. steps =     110   No. f-s =    2130   No. J-s =       3   No. LU-s =      23
  No. nonlinear iterations =     123
  No. nonlinear convergence failures =       0
  No. error test failures =       0
  Last step size used =    0.42049E+07
  Index compenent largest error = ********

 ...   37 / 135

 No. steps =     112   No. f-s =    1464   No. J-s =       2   No. LU-s =      21
  No. nonlinear iterations =     125
  No. nonlinear convergence failures =       0
  No. error test failures =       0
  Last step size used =    0.33034E+07
  Index compenent largest error = ********

 ...   38 / 135

 No. steps =     112   No. f-s =    2130   No. J-s =       3   No. LU-s =      22
  No. nonlinear iterations =     123
  No. nonlinear convergence failures =       0
  No. error test failures =       0
  Last step size used =    0.43437E+07
  Index compenent largest error = ********

 ...   39 / 135

 No. steps =     110   No. f-s =    2129   No. J-s =       3   No. LU-s =      22
  No. nonlinear iterations =     122
  No. nonlinear convergence failures =       0
  No. error test failures =       0
  Last step size used =    0.35456E+07
  Index compenent largest error = ********

 ...   40 / 135

 No. steps =     109   No. f-s =    2127   No. J-s =       3   No. LU-s =      22
  No. nonlinear iterations =     120
  No. nonlinear convergence failures =       0
  No. error test failures =       0
  Last step size used =    0.49213E+07
  Index compenent largest error = ********

 ...   41 / 135

 No. steps =     104   No. f-s =    1455   No. J-s =       2   No. LU-s =      21
  No. nonlinear iterations =     116
  No. nonlinear convergence failures =       0
  No. error test failures =       0
  Last step size used =    0.49406E+07
  Index compenent largest error = ********

 ...   42 / 135

 No. steps =     102   No. f-s =    1454   No. J-s =       2   No. LU-s =      20
  No. nonlinear iterations =     115
  No. nonlinear convergence failures =       0
  No. error test failures =       0
  Last step size used =    0.31386E+07
  Index compenent largest error = ********

 ...   43 / 135

 No. steps =     101   No. f-s =    1453   No. J-s =       2   No. LU-s =      21
  No. nonlinear iterations =     114
  No. nonlinear convergence failures =       0
  No. error test failures =       0
  Last step size used =    0.37237E+07
  Index compenent largest error = ********

 ...   44 / 135

 No. steps =      97   No. f-s =    1448   No. J-s =       2   No. LU-s =      21
  No. nonlinear iterations =     109
  No. nonlinear convergence failures =       0
  No. error test failures =       0
  Last step size used =    0.41936E+07
  Index compenent largest error = ********

 ...   45 / 135

 No. steps =      93   No. f-s =    1445   No. J-s =       2   No. LU-s =      21
  No. nonlinear iterations =     106
  No. nonlinear convergence failures =       0
  No. error test failures =       0
  Last step size used =    0.57756E+07
  Index compenent largest error = ********

 ...   46 / 135

 No. steps =      86   No. f-s =    1436   No. J-s =       2   No. LU-s =      21
  No. nonlinear iterations =      97
  No. nonlinear convergence failures =       0
  No. error test failures =       0
  Last step size used =    0.64215E+07
  Index compenent largest error = ********

 ...   47 / 135

 No. steps =      83   No. f-s =    1434   No. J-s =       2   No. LU-s =      19
  No. nonlinear iterations =      95
  No. nonlinear convergence failures =       0
  No. error test failures =       0
  Last step size used =    0.49855E+07
  Index compenent largest error = ********

 ...   48 / 135

 No. steps =      90   No. f-s =    1443   No. J-s =       2   No. LU-s =      20
  No. nonlinear iterations =     104
  No. nonlinear convergence failures =       0
  No. error test failures =       0
  Last step size used =    0.40692E+07
  Index compenent largest error = ********

 ...   49 / 135

 No. steps =      91   No. f-s =    1442   No. J-s =       2   No. LU-s =      20
  No. nonlinear iterations =     103
  No. nonlinear convergence failures =       0
  No. error test failures =       0
  Last step size used =    0.46990E+07
  Index compenent largest error = ********

 ...   50 / 135

 No. steps =      87   No. f-s =    1437   No. J-s =       2   No. LU-s =      19
  No. nonlinear iterations =      98
  No. nonlinear convergence failures =       0
  No. error test failures =       0
  Last step size used =    0.44830E+07
  Index compenent largest error = ********

 ...   51 / 135

 No. steps =      70   No. f-s =    1423   No. J-s =       2   No. LU-s =      19
  No. nonlinear iterations =      84
  No. nonlinear convergence failures =       0
  No. error test failures =       0
  Last step size used =    0.52649E+07
  Index compenent largest error = ********

 ...   52 / 135

 No. steps =      69   No. f-s =    1418   No. J-s =       2   No. LU-s =      18
  No. nonlinear iterations =      79
  No. nonlinear convergence failures =       0
  No. error test failures =       0
  Last step size used =    0.51348E+07
  Index compenent largest error = ********

 ...   53 / 135

 No. steps =      83   No. f-s =    1432   No. J-s =       2   No. LU-s =      21
  No. nonlinear iterations =      93
  No. nonlinear convergence failures =       0
  No. error test failures =       0
  Last step size used =    0.54980E+07
  Index compenent largest error = ********

 ...   54 / 135

 No. steps =      86   No. f-s =    1435   No. J-s =       2   No. LU-s =      20
  No. nonlinear iterations =      96
  No. nonlinear convergence failures =       0
  No. error test failures =       0
  Last step size used =    0.38599E+07
  Index compenent largest error = ********

 ...   55 / 135

 No. steps =      91   No. f-s =    1443   No. J-s =       2   No. LU-s =      20
  No. nonlinear iterations =     104
  No. nonlinear convergence failures =       0
  No. error test failures =       0
  Last step size used =    0.39145E+07
  Index compenent largest error = ********

 ...   56 / 135

 No. steps =      91   No. f-s =    1446   No. J-s =       2   No. LU-s =      20
  No. nonlinear iterations =     107
  No. nonlinear convergence failures =       0
  No. error test failures =       0
  Last step size used =    0.40692E+07
  Index compenent largest error = ********

 ...   57 / 135

 No. steps =      92   No. f-s =    1447   No. J-s =       2   No. LU-s =      22
  No. nonlinear iterations =     108
  No. nonlinear convergence failures =       0
  No. error test failures =       0
  Last step size used =    0.47921E+07
  Index compenent largest error = ********

 ...   58 / 135

 No. steps =      94   No. f-s =    1447   No. J-s =       2   No. LU-s =      21
  No. nonlinear iterations =     108
  No. nonlinear convergence failures =       0
  No. error test failures =       0
  Last step size used =    0.43910E+07
  Index compenent largest error = ********

 ...   59 / 135

 No. steps =      95   No. f-s =    1448   No. J-s =       2   No. LU-s =      21
  No. nonlinear iterations =     109
  No. nonlinear convergence failures =       0
  No. error test failures =       0
  Last step size used =    0.52223E+07
  Index compenent largest error = ********

 ...   60 / 135

 No. steps =      94   No. f-s =    1446   No. J-s =       2   No. LU-s =      21
  No. nonlinear iterations =     107
  No. nonlinear convergence failures =       0
  No. error test failures =       0
  Last step size used =    0.58650E+07
  Index compenent largest error = ********

 ...   61 / 135

 No. steps =      93   No. f-s =    1445   No. J-s =       2   No. LU-s =      21
  No. nonlinear iterations =     106
  No. nonlinear convergence failures =       0
  No. error test failures =       0
  Last step size used =    0.65243E+07
  Index compenent largest error = ********

 ...   62 / 135

 No. steps =      92   No. f-s =    1444   No. J-s =       2   No. LU-s =      20
  No. nonlinear iterations =     105
  No. nonlinear convergence failures =       0
  No. error test failures =       0
  Last step size used =    0.46044E+07
  Index compenent largest error = ********

 ...   63 / 135

 No. steps =      91   No. f-s =    1440   No. J-s =       2   No. LU-s =      20
  No. nonlinear iterations =     101
  No. nonlinear convergence failures =       0
  No. error test failures =       0
  Last step size used =    0.44009E+07
  Index compenent largest error = ********

 ...   64 / 135

 No. steps =      89   No. f-s =    1438   No. J-s =       2   No. LU-s =      20
  No. nonlinear iterations =      99
  No. nonlinear convergence failures =       0
  No. error test failures =       0
  Last step size used =    0.46323E+07
  Index compenent largest error = ********

 ...   65 / 135

 No. steps =      84   No. f-s =    1439   No. J-s =       2   No. LU-s =      20
  No. nonlinear iterations =     100
  No. nonlinear convergence failures =       0
  No. error test failures =       0
  Last step size used =    0.48463E+07
  Index compenent largest error = ********

 ...   66 / 135

 No. steps =      83   No. f-s =    1438   No. J-s =       2   No. LU-s =      20
  No. nonlinear iterations =      99
  No. nonlinear convergence failures =       0
  No. error test failures =       0
  Last step size used =    0.57819E+07
  Index compenent largest error = ********

 ...   67 / 135

 No. steps =      76   No. f-s =    1426   No. J-s =       2   No. LU-s =      18
  No. nonlinear iterations =      87
  No. nonlinear convergence failures =       0
  No. error test failures =       0
  Last step size used =    0.44979E+07
  Index compenent largest error = ********

 ...   68 / 135

 No. steps =      68   No. f-s =    1419   No. J-s =       2   No. LU-s =      19
  No. nonlinear iterations =      80
  No. nonlinear convergence failures =       0
  No. error test failures =       0
  Last step size used =    0.60914E+07
  Index compenent largest error = ********

 ...   69 / 135

 No. steps =      69   No. f-s =    1419   No. J-s =       2   No. LU-s =      19
  No. nonlinear iterations =      80
  No. nonlinear convergence failures =       0
  No. error test failures =       0
  Last step size used =    0.66115E+07
  Index compenent largest error = ********

 ...   70 / 135

 No. steps =      69   No. f-s =    1416   No. J-s =       2   No. LU-s =      16
  No. nonlinear iterations =      77
  No. nonlinear convergence failures =       0
  No. error test failures =       0
  Last step size used =    0.63859E+07
  Index compenent largest error = ********

 ...   71 / 135

 No. steps =      66   No. f-s =    1413   No. J-s =       2   No. LU-s =      17
  No. nonlinear iterations =      74
  No. nonlinear convergence failures =       0
  No. error test failures =       0
  Last step size used =    0.64158E+07
  Index compenent largest error = ********

 ...   72 / 135

 No. steps =      62   No. f-s =    1410   No. J-s =       2   No. LU-s =      18
  No. nonlinear iterations =      71
  No. nonlinear convergence failures =       0
  No. error test failures =       0
  Last step size used =    0.91371E+07
  Index compenent largest error = ********

 ...   73 / 135

 No. steps =      60   No. f-s =    1407   No. J-s =       2   No. LU-s =      17
  No. nonlinear iterations =      68
  No. nonlinear convergence failures =       0
  No. error test failures =       0
  Last step size used =    0.64884E+07
  Index compenent largest error = ********

 ...   74 / 135

 No. steps =      58   No. f-s =    1404   No. J-s =       2   No. LU-s =      17
  No. nonlinear iterations =      65
  No. nonlinear convergence failures =       0
  No. error test failures =       0
  Last step size used =    0.68585E+07
  Index compenent largest error = ********

 ...   75 / 135

 No. steps =      64   No. f-s =    1410   No. J-s =       2   No. LU-s =      17
  No. nonlinear iterations =      71
  No. nonlinear convergence failures =       0
  No. error test failures =       0
  Last step size used =    0.46684E+07
  Index compenent largest error = ********

 ...   76 / 135

 No. steps =      65   No. f-s =    1412   No. J-s =       2   No. LU-s =      17
  No. nonlinear iterations =      73
  No. nonlinear convergence failures =       0
  No. error test failures =       0
  Last step size used =    0.84708E+07
  Index compenent largest error = ********

 ...   77 / 135

 No. steps =      67   No. f-s =    1415   No. J-s =       2   No. LU-s =      17
  No. nonlinear iterations =      76
  No. nonlinear convergence failures =       0
  No. error test failures =       0
  Last step size used =    0.63326E+07
  Index compenent largest error = ********

 ...   78 / 135

 No. steps =      73   No. f-s =    1423   No. J-s =       2   No. LU-s =      19
  No. nonlinear iterations =      84
  No. nonlinear convergence failures =       0
  No. error test failures =       0
  Last step size used =    0.72722E+07
  Index compenent largest error = ********

 ...   79 / 135

 No. steps =      75   No. f-s =    1424   No. J-s =       2   No. LU-s =      19
  No. nonlinear iterations =      85
  No. nonlinear convergence failures =       0
  No. error test failures =       0
  Last step size used =    0.56094E+07
  Index compenent largest error = ********

 ...   80 / 135

 No. steps =      76   No. f-s =    1426   No. J-s =       2   No. LU-s =      19
  No. nonlinear iterations =      87
  No. nonlinear convergence failures =       0
  No. error test failures =       0
  Last step size used =    0.65137E+07
  Index compenent largest error = ********

 ...   81 / 135

 No. steps =      75   No. f-s =    1425   No. J-s =       2   No. LU-s =      19
  No. nonlinear iterations =      86
  No. nonlinear convergence failures =       0
  No. error test failures =       0
  Last step size used =    0.55604E+07
  Index compenent largest error = ********

 ...   82 / 135

 No. steps =      78   No. f-s =    1428   No. J-s =       2   No. LU-s =      20
  No. nonlinear iterations =      89
  No. nonlinear convergence failures =       0
  No. error test failures =       0
  Last step size used =    0.82386E+07
  Index compenent largest error = ********

 ...   83 / 135

 No. steps =      80   No. f-s =    1428   No. J-s =       2   No. LU-s =      19
  No. nonlinear iterations =      89
  No. nonlinear convergence failures =       0
  No. error test failures =       0
  Last step size used =    0.39958E+07
  Index compenent largest error = ********

 ...   84 / 135

 No. steps =      78   No. f-s =    1427   No. J-s =       2   No. LU-s =      20
  No. nonlinear iterations =      88
  No. nonlinear convergence failures =       0
  No. error test failures =       0
  Last step size used =    0.72767E+07
  Index compenent largest error = ********

 ...   85 / 135

 No. steps =      79   No. f-s =    1427   No. J-s =       2   No. LU-s =      19
  No. nonlinear iterations =      88
  No. nonlinear convergence failures =       0
  No. error test failures =       0
  Last step size used =    0.43805E+07
  Index compenent largest error = ********

 ...   86 / 135

 No. steps =      78   No. f-s =    1426   No. J-s =       2   No. LU-s =      19
  No. nonlinear iterations =      87
  No. nonlinear convergence failures =       0
  No. error test failures =       0
  Last step size used =    0.46181E+07
  Index compenent largest error = ********

 ...   87 / 135

 No. steps =      78   No. f-s =    1425   No. J-s =       2   No. LU-s =      19
  No. nonlinear iterations =      86
  No. nonlinear convergence failures =       0
  No. error test failures =       0
  Last step size used =    0.48186E+07
  Index compenent largest error = ********

 ...   88 / 135

 No. steps =      75   No. f-s =    1424   No. J-s =       2   No. LU-s =      19
  No. nonlinear iterations =      85
  No. nonlinear convergence failures =       0
  No. error test failures =       0
  Last step size used =    0.67356E+07
  Index compenent largest error = ********

 ...   89 / 135

 No. steps =      76   No. f-s =    1425   No. J-s =       2   No. LU-s =      18
  No. nonlinear iterations =      86
  No. nonlinear convergence failures =       0
  No. error test failures =       0
  Last step size used =    0.42315E+07
  Index compenent largest error = ********

 ...   90 / 135

 No. steps =      74   No. f-s =    1423   No. J-s =       2   No. LU-s =      18
  No. nonlinear iterations =      84
  No. nonlinear convergence failures =       0
  No. error test failures =       0
  Last step size used =    0.48700E+07
  Index compenent largest error = ********

 ...   91 / 135

 No. steps =      74   No. f-s =    1423   No. J-s =       2   No. LU-s =      18
  No. nonlinear iterations =      84
  No. nonlinear convergence failures =       0
  No. error test failures =       0
  Last step size used =    0.51220E+07
  Index compenent largest error = ********

 ...   92 / 135

 No. steps =      73   No. f-s =    1422   No. J-s =       2   No. LU-s =      19
  No. nonlinear iterations =      83
  No. nonlinear convergence failures =       0
  No. error test failures =       0
  Last step size used =    0.83185E+07
  Index compenent largest error = ********

 ...   93 / 135

 No. steps =      70   No. f-s =    1417   No. J-s =       2   No. LU-s =      18
  No. nonlinear iterations =      78
  No. nonlinear convergence failures =       0
  No. error test failures =       0
  Last step size used =    0.62289E+07
  Index compenent largest error = ********

 ...   94 / 135

 No. steps =      70   No. f-s =    1417   No. J-s =       2   No. LU-s =      18
  No. nonlinear iterations =      78
  No. nonlinear convergence failures =       0
  No. error test failures =       0
  Last step size used =    0.59697E+07
  Index compenent largest error = ********

 ...   95 / 135

 No. steps =      65   No. f-s =    1414   No. J-s =       2   No. LU-s =      17
  No. nonlinear iterations =      75
  No. nonlinear convergence failures =       0
  No. error test failures =       0
  Last step size used =    0.41251E+07
  Index compenent largest error = ********

 ...   96 / 135

 No. steps =      65   No. f-s =    1414   No. J-s =       2   No. LU-s =      19
  No. nonlinear iterations =      75
  No. nonlinear convergence failures =       0
  No. error test failures =       0
  Last step size used =    0.90368E+07
  Index compenent largest error = ********

 ...   97 / 135

 No. steps =      65   No. f-s =    1413   No. J-s =       2   No. LU-s =      18
  No. nonlinear iterations =      74
  No. nonlinear convergence failures =       0
  No. error test failures =       0
  Last step size used =    0.72353E+07
  Index compenent largest error = ********

 ...   98 / 135

 No. steps =      64   No. f-s =    1414   No. J-s =       2   No. LU-s =      18
  No. nonlinear iterations =      75
  No. nonlinear convergence failures =       0
  No. error test failures =       0
  Last step size used =    0.84489E+07
  Index compenent largest error = ********

 ...   99 / 135

 No. steps =      58   No. f-s =    1407   No. J-s =       2   No. LU-s =      19
  No. nonlinear iterations =      68
  No. nonlinear convergence failures =       0
  No. error test failures =       0
  Last step size used =    0.82203E+07
  Index compenent largest error = ********

 ...  100 / 135

 No. steps =      64   No. f-s =    1413   No. J-s =       2   No. LU-s =      17
  No. nonlinear iterations =      74
  No. nonlinear convergence failures =       0
  No. error test failures =       0
  Last step size used =    0.77572E+07
  Index compenent largest error = ********

 ...  101 / 135

 No. steps =      59   No. f-s =    1407   No. J-s =       2   No. LU-s =      17
  No. nonlinear iterations =      68
  No. nonlinear convergence failures =       0
  No. error test failures =       0
  Last step size used =    0.57770E+07
  Index compenent largest error = ********

 ...  102 / 135

 No. steps =      60   No. f-s =    1408   No. J-s =       2   No. LU-s =      17
  No. nonlinear iterations =      69
  No. nonlinear convergence failures =       0
  No. error test failures =       0
  Last step size used =    0.56677E+07
  Index compenent largest error = ********

 ...  103 / 135

 No. steps =      62   No. f-s =    1410   No. J-s =       2   No. LU-s =      17
  No. nonlinear iterations =      71
  No. nonlinear convergence failures =       0
  No. error test failures =       0
  Last step size used =    0.54918E+07
  Index compenent largest error = ********

 ...  104 / 135

 No. steps =      63   No. f-s =    1413   No. J-s =       2   No. LU-s =      17
  No. nonlinear iterations =      74
  No. nonlinear convergence failures =       0
  No. error test failures =       0
  Last step size used =    0.64204E+07
  Index compenent largest error = ********

 ...  105 / 135

 No. steps =      64   No. f-s =    1415   No. J-s =       2   No. LU-s =      17
  No. nonlinear iterations =      76
  No. nonlinear convergence failures =       0
  No. error test failures =       0
  Last step size used =    0.50799E+07
  Index compenent largest error = ********

 ...  106 / 135

 No. steps =      64   No. f-s =    1413   No. J-s =       2   No. LU-s =      18
  No. nonlinear iterations =      74
  No. nonlinear convergence failures =       0
  No. error test failures =       0
  Last step size used =    0.93464E+07
  Index compenent largest error = ********

 ...  107 / 135

 No. steps =      66   No. f-s =    1413   No. J-s =       2   No. LU-s =      18
  No. nonlinear iterations =      74
  No. nonlinear convergence failures =       0
  No. error test failures =       0
  Last step size used =    0.70803E+07
  Index compenent largest error = ********

 ...  108 / 135

 No. steps =      66   No. f-s =    1413   No. J-s =       2   No. LU-s =      18
  No. nonlinear iterations =      74
  No. nonlinear convergence failures =       0
  No. error test failures =       0
  Last step size used =    0.71485E+07
  Index compenent largest error = ********

 ...  109 / 135

 No. steps =      65   No. f-s =    1412   No. J-s =       2   No. LU-s =      17
  No. nonlinear iterations =      73
  No. nonlinear convergence failures =       0
  No. error test failures =       0
  Last step size used =    0.48273E+07
  Index compenent largest error = ********

 ...  110 / 135

 No. steps =      63   No. f-s =    1412   No. J-s =       2   No. LU-s =      17
  No. nonlinear iterations =      73
  No. nonlinear convergence failures =       0
  No. error test failures =       0
  Last step size used =    0.61191E+07
  Index compenent largest error = ********

 ...  111 / 135

 No. steps =      64   No. f-s =    1413   No. J-s =       2   No. LU-s =      17
  No. nonlinear iterations =      74
  No. nonlinear convergence failures =       0
  No. error test failures =       0
  Last step size used =    0.49039E+07
  Index compenent largest error = ********

 ...  112 / 135

 No. steps =      64   No. f-s =    1413   No. J-s =       2   No. LU-s =      17
  No. nonlinear iterations =      74
  No. nonlinear convergence failures =       0
  No. error test failures =       0
  Last step size used =    0.47952E+07
  Index compenent largest error = ********

 ...  113 / 135

 No. steps =      63   No. f-s =    1412   No. J-s =       2   No. LU-s =      17
  No. nonlinear iterations =      73
  No. nonlinear convergence failures =       0
  No. error test failures =       0
  Last step size used =    0.49633E+07
  Index compenent largest error = ********

 ...  114 / 135

 No. steps =      63   No. f-s =    1412   No. J-s =       2   No. LU-s =      17
  No. nonlinear iterations =      73
  No. nonlinear convergence failures =       0
  No. error test failures =       0
  Last step size used =    0.49901E+07
  Index compenent largest error = ********

 ...  115 / 135

 No. steps =      66   No. f-s =    1413   No. J-s =       2   No. LU-s =      17
  No. nonlinear iterations =      74
  No. nonlinear convergence failures =       0
  No. error test failures =       0
  Last step size used =    0.57905E+07
  Index compenent largest error = ********

 ...  116 / 135

 No. steps =      66   No. f-s =    1413   No. J-s =       2   No. LU-s =      17
  No. nonlinear iterations =      74
  No. nonlinear convergence failures =       0
  No. error test failures =       0
  Last step size used =    0.57845E+07
  Index compenent largest error = ********

 ...  117 / 135

 No. steps =      63   No. f-s =    1412   No. J-s =       2   No. LU-s =      17
  No. nonlinear iterations =      73
  No. nonlinear convergence failures =       0
  No. error test failures =       0
  Last step size used =    0.52940E+07
  Index compenent largest error = ********

 ...  118 / 135

 No. steps =      63   No. f-s =    1412   No. J-s =       2   No. LU-s =      17
  No. nonlinear iterations =      73
  No. nonlinear convergence failures =       0
  No. error test failures =       0
  Last step size used =    0.53921E+07
  Index compenent largest error = ********

 ...  119 / 135

 No. steps =      62   No. f-s =    1411   No. J-s =       2   No. LU-s =      17
  No. nonlinear iterations =      72
  No. nonlinear convergence failures =       0
  No. error test failures =       0
  Last step size used =    0.57049E+07
  Index compenent largest error = ********

 ...  120 / 135

 No. steps =      62   No. f-s =    1411   No. J-s =       2   No. LU-s =      17
  No. nonlinear iterations =      72
  No. nonlinear convergence failures =       0
  No. error test failures =       0
  Last step size used =    0.57673E+07
  Index compenent largest error = ********

 ...  121 / 135

 No. steps =      63   No. f-s =    1410   No. J-s =       2   No. LU-s =      16
  No. nonlinear iterations =      71
  No. nonlinear convergence failures =       0
  No. error test failures =       0
  Last step size used =    0.41877E+07
  Index compenent largest error = ********

 ...  122 / 135

 No. steps =      63   No. f-s =    1413   No. J-s =       2   No. LU-s =      17
  No. nonlinear iterations =      74
  No. nonlinear convergence failures =       0
  No. error test failures =       0
  Last step size used =    0.58088E+07
  Index compenent largest error = ********

 ...  123 / 135

 No. steps =      63   No. f-s =    1410   No. J-s =       2   No. LU-s =      16
  No. nonlinear iterations =      71
  No. nonlinear convergence failures =       0
  No. error test failures =       0
  Last step size used =    0.45876E+07
  Index compenent largest error = ********

 ...  124 / 135

 No. steps =      63   No. f-s =    1411   No. J-s =       2   No. LU-s =      16
  No. nonlinear iterations =      72
  No. nonlinear convergence failures =       0
  No. error test failures =       0
  Last step size used =    0.43424E+07
  Index compenent largest error = ********

 ...  125 / 135

 No. steps =      61   No. f-s =    1410   No. J-s =       2   No. LU-s =      16
  No. nonlinear iterations =      71
  No. nonlinear convergence failures =       0
  No. error test failures =       0
  Last step size used =    0.48473E+07
  Index compenent largest error = ********

 ...  126 / 135

 No. steps =      61   No. f-s =    1410   No. J-s =       2   No. LU-s =      16
  No. nonlinear iterations =      71
  No. nonlinear convergence failures =       0
  No. error test failures =       0
  Last step size used =    0.48851E+07
  Index compenent largest error = ********

 ...  127 / 135

 No. steps =      62   No. f-s =    1411   No. J-s =       2   No. LU-s =      16
  No. nonlinear iterations =      72
  No. nonlinear convergence failures =       0
  No. error test failures =       0
  Last step size used =    0.54183E+07
  Index compenent largest error = ********

 ...  128 / 135

 No. steps =      62   No. f-s =    1411   No. J-s =       2   No. LU-s =      16
  No. nonlinear iterations =      72
  No. nonlinear convergence failures =       0
  No. error test failures =       0
  Last step size used =    0.53527E+07
  Index compenent largest error = ********

 ...  129 / 135

 No. steps =      62   No. f-s =    1411   No. J-s =       2   No. LU-s =      16
  No. nonlinear iterations =      72
  No. nonlinear convergence failures =       0
  No. error test failures =       0
  Last step size used =    0.53704E+07
  Index compenent largest error = ********

 ...  130 / 135

 No. steps =      62   No. f-s =    1410   No. J-s =       2   No. LU-s =      16
  No. nonlinear iterations =      71
  No. nonlinear convergence failures =       0
  No. error test failures =       0
  Last step size used =    0.46255E+07
  Index compenent largest error = ********

 ...  131 / 135

 No. steps =      61   No. f-s =    1409   No. J-s =       2   No. LU-s =      16
  No. nonlinear iterations =      70
  No. nonlinear convergence failures =       0
  No. error test failures =       0
  Last step size used =    0.47127E+07
  Index compenent largest error = ********

 ...  132 / 135

 No. steps =      61   No. f-s =    1409   No. J-s =       2   No. LU-s =      16
  No. nonlinear iterations =      70
  No. nonlinear convergence failures =       0
  No. error test failures =       0
  Last step size used =    0.48609E+07
  Index compenent largest error = ********

 ...  133 / 135

 No. steps =      61   No. f-s =    1406   No. J-s =       2   No. LU-s =      16
  No. nonlinear iterations =      67
  No. nonlinear convergence failures =       0
  No. error test failures =       0
  Last step size used =    0.54958E+07
  Index compenent largest error = ********

 ...  134 / 135

 No. steps =      60   No. f-s =    1409   No. J-s =       2   No. LU-s =      16
  No. nonlinear iterations =      70
  No. nonlinear convergence failures =       0
  No. error test failures =       0
  Last step size used =    0.53451E+07
  Index compenent largest error = ********

 ...  135 / 135

 No. steps =      61   No. f-s =    1408   No. J-s =       2   No. LU-s =      16
  No. nonlinear iterations =      69
  No. nonlinear convergence failures =       0
  No. error test failures =       0
  Last step size used =    0.48675E+07
  Index compenent largest error = ********


    ... DONE!
 +++++++++++++++++++++++++++++++++++++++++++++++++++


+------------------ Job Report: 10461821 (COMPLETED) ------------------+
| Memory (RAM)  [                    ]  0.1% (1 MB peak / 1 GB)        |
| CPU           [#############       ] 65.5% average                   |
| Time          [>                   ]  1.5% (0-00:00:55 / 0-01:00:00) |
|                                                                      |
| Lustre Filesystem:                                                   |
|   Path    Total Read    Total Write    Total IOPS                    |
|   ------  ------------  -------------  ------------                  |
|   /apps   0 B           0 B            18                            |
|   /fred   8 KB          16 MB          1.2 K                         |
+----------------------------------------------------------------------+
