Starting job 10461264, array task 398 on dave11
Chemistry type: Crich
Analysis mode: false
Found 459 valid particle IDs in /fred/oz304/beckers/Chemistry/traces/wind_v10/trace_output_with_av
Returning 457 particle IDs (after start_index=2 offset)
SLURM task 398: processing particle 3620788
Running Crich evolving_model on 1 phantom particle trace(s) from wind_v10

 +++++++++++++++++++++++++++++++++++++++++++++++++++
 +++++        ENVELOPE CHEMICAL MODEL         ++++++
 +++++++++++++++++++++++++++++++++++++++++++++++++++

 Version 1.0 authored by Catherine Walsh and Maria 
    Drozdovskaya, Leiden Observatory (01/08/2013)

 Version 1.1 amended by Catherine Walsh (18/05/2014)

 Version 1.2 amended by Catherine Walsh (13/08/2015)

 +++++++++++++++++++++++++++++++++++++++++++++++++++

          Input file =  Crich/param/trace_file_param/file_parameters_3620788.txt              

 Physical conditions  = Crich/input/3620788.txt                                               
 Chemical network     = ./rate12_complex.rates                                                
 Species file         = ./rate12_complex_atomic_Crich.specs                                   
 Binding energies     = ./rate12_binding.dat                                                  
 Reaction parameters  = param/reaction_parameters.txt                                         
 Grain parameters     = param/grain_parameters.txt                                            
 Radiation parameters = param/radiation_parameters.txt                                        

 Output file          = Crich/output/model_output_3620788.dat                                 
 Rates file           = Crich/output/model_rates_3620788.dat                                  

 Opening and reading physical conditions file ...

 +++++++++++++++++++++++++++++++++++++++++++++++++++
 Beginning to run model ...
 +++++++++++++++++++++++++++++++++++++++++++++++++++

 Preparing output files ...

 Progress = ...
 ...    1 / 199

 No. steps =    1051   No. f-s =   18994   No. J-s =      26   No. LU-s =     167
  No. nonlinear iterations =    1625
  No. nonlinear convergence failures =       0
  No. error test failures =      44
  Last step size used =    0.42844E+09
  Index compenent largest error = ********

 ...    2 / 199

 No. steps =     182   No. f-s =    2890   No. J-s =       4   No. LU-s =      32
  No. nonlinear iterations =     215
  No. nonlinear convergence failures =       0
  No. error test failures =       2
  Last step size used =    0.30831E+07
  Index compenent largest error = ********

 ...    3 / 199

 No. steps =     180   No. f-s =    2884   No. J-s =       4   No. LU-s =      35
  No. nonlinear iterations =     209
  No. nonlinear convergence failures =       0
  No. error test failures =       2
  Last step size used =    0.32995E+07
  Index compenent largest error = ********

 ...    4 / 199

 No. steps =     161   No. f-s =    2862   No. J-s =       4   No. LU-s =      28
  No. nonlinear iterations =     187
  No. nonlinear convergence failures =       0
  No. error test failures =       1
  Last step size used =    0.34034E+07
  Index compenent largest error = ********

 ...    5 / 199

 No. steps =     129   No. f-s =    2153   No. J-s =       3   No. LU-s =      27
  No. nonlinear iterations =     146
  No. nonlinear convergence failures =       0
  No. error test failures =       0
  Last step size used =    0.43817E+07
  Index compenent largest error = ********

 ...    6 / 199

 No. steps =     145   No. f-s =    2174   No. J-s =       3   No. LU-s =      27
  No. nonlinear iterations =     167
  No. nonlinear convergence failures =       0
  No. error test failures =       0
  Last step size used =    0.30908E+07
  Index compenent largest error = ********

 ...    7 / 199

 No. steps =     316   No. f-s =    4370   No. J-s =       6   No. LU-s =      39
  No. nonlinear iterations =     359
  No. nonlinear convergence failures =       0
  No. error test failures =       3
  Last step size used =    0.13153E+07
  Index compenent largest error = ********

 ...    8 / 199

 No. steps =     272   No. f-s =    3647   No. J-s =       5   No. LU-s =      35
  No. nonlinear iterations =     304
  No. nonlinear convergence failures =       0
  No. error test failures =       2
  Last step size used =    0.13239E+07
  Index compenent largest error = ********

 ...    9 / 199

 No. steps =     177   No. f-s =    2874   No. J-s =       4   No. LU-s =      30
  No. nonlinear iterations =     199
  No. nonlinear convergence failures =       0
  No. error test failures =       0
  Last step size used =    0.29186E+07
  Index compenent largest error = ********

 ...   10 / 199

 No. steps =     177   No. f-s =    2877   No. J-s =       4   No. LU-s =      30
  No. nonlinear iterations =     202
  No. nonlinear convergence failures =       0
  No. error test failures =       0
  Last step size used =    0.27627E+07
  Index compenent largest error = ********

 ...   11 / 199

 No. steps =     173   No. f-s =    2872   No. J-s =       4   No. LU-s =      32
  No. nonlinear iterations =     197
  No. nonlinear convergence failures =       0
  No. error test failures =       1
  Last step size used =    0.34819E+07
  Index compenent largest error = ********

 ...   12 / 199

 No. steps =     211   No. f-s =    2907   No. J-s =       4   No. LU-s =      28
  No. nonlinear iterations =     232
  No. nonlinear convergence failures =       0
  No. error test failures =       0
  Last step size used =    0.28256E+07
  Index compenent largest error = ********

 ...   13 / 199

 No. steps =     176   No. f-s =    2872   No. J-s =       4   No. LU-s =      29
  No. nonlinear iterations =     197
  No. nonlinear convergence failures =       0
  No. error test failures =       0
  Last step size used =    0.28060E+07
  Index compenent largest error = ********

 ...   14 / 199

 No. steps =     165   No. f-s =    2861   No. J-s =       4   No. LU-s =      27
  No. nonlinear iterations =     186
  No. nonlinear convergence failures =       0
  No. error test failures =       0
  Last step size used =    0.30279E+07
  Index compenent largest error = ********

 ...   15 / 199

 No. steps =     152   No. f-s =    2178   No. J-s =       3   No. LU-s =      27
  No. nonlinear iterations =     171
  No. nonlinear convergence failures =       0
  No. error test failures =       0
  Last step size used =    0.30327E+07
  Index compenent largest error = ********

 ...   16 / 199

 No. steps =     146   No. f-s =    2169   No. J-s =       3   No. LU-s =      26
  No. nonlinear iterations =     162
  No. nonlinear convergence failures =       0
  No. error test failures =       0
  Last step size used =    0.29047E+07
  Index compenent largest error = ********

 ...   17 / 199

 No. steps =     143   No. f-s =    2169   No. J-s =       3   No. LU-s =      27
  No. nonlinear iterations =     162
  No. nonlinear convergence failures =       0
  No. error test failures =       0
  Last step size used =    0.40004E+07
  Index compenent largest error = ********

 ...   18 / 199

 No. steps =     144   No. f-s =    2172   No. J-s =       3   No. LU-s =      26
  No. nonlinear iterations =     165
  No. nonlinear convergence failures =       0
  No. error test failures =       0
  Last step size used =    0.36265E+07
  Index compenent largest error = ********

 ...   19 / 199

 No. steps =     134   No. f-s =    2158   No. J-s =       3   No. LU-s =      25
  No. nonlinear iterations =     151
  No. nonlinear convergence failures =       0
  No. error test failures =       0
  Last step size used =    0.23668E+07
  Index compenent largest error = ********

 ...   20 / 199

 No. steps =     130   No. f-s =    2154   No. J-s =       3   No. LU-s =      26
  No. nonlinear iterations =     147
  No. nonlinear convergence failures =       0
  No. error test failures =       0
  Last step size used =    0.34982E+07
  Index compenent largest error = ********

 ...   21 / 199

 No. steps =     128   No. f-s =    2155   No. J-s =       3   No. LU-s =      25
  No. nonlinear iterations =     148
  No. nonlinear convergence failures =       0
  No. error test failures =       0
  Last step size used =    0.39425E+07
  Index compenent largest error = ********

 ...   22 / 199

 No. steps =     118   No. f-s =    2142   No. J-s =       3   No. LU-s =      24
  No. nonlinear iterations =     135
  No. nonlinear convergence failures =       0
  No. error test failures =       0
  Last step size used =    0.41724E+07
  Index compenent largest error = ********

 ...   23 / 199

 No. steps =     134   No. f-s =    2167   No. J-s =       3   No. LU-s =      29
  No. nonlinear iterations =     160
  No. nonlinear convergence failures =       0
  No. error test failures =       3
  Last step size used =    0.40070E+07
  Index compenent largest error = ********

 ...   24 / 199

 No. steps =     158   No. f-s =    2857   No. J-s =       4   No. LU-s =      25
  No. nonlinear iterations =     182
  No. nonlinear convergence failures =       0
  No. error test failures =       1
  Last step size used =    0.27908E+07
  Index compenent largest error = ********

 ...   25 / 199

 No. steps =     149   No. f-s =    2174   No. J-s =       3   No. LU-s =      24
  No. nonlinear iterations =     167
  No. nonlinear convergence failures =       0
  No. error test failures =       0
  Last step size used =    0.28077E+07
  Index compenent largest error = ********

 ...   26 / 199

 No. steps =      97   No. f-s =    1447   No. J-s =       2   No. LU-s =      22
  No. nonlinear iterations =     108
  No. nonlinear convergence failures =       0
  No. error test failures =       0
  Last step size used =    0.33319E+07
  Index compenent largest error = ********

 ...   27 / 199

 No. steps =     122   No. f-s =    2141   No. J-s =       3   No. LU-s =      25
  No. nonlinear iterations =     134
  No. nonlinear convergence failures =       0
  No. error test failures =       0
  Last step size used =    0.42999E+07
  Index compenent largest error = ********

 ...   28 / 199

 No. steps =     124   No. f-s =    2146   No. J-s =       3   No. LU-s =      23
  No. nonlinear iterations =     139
  No. nonlinear convergence failures =       0
  No. error test failures =       0
  Last step size used =    0.33247E+07
  Index compenent largest error = ********

 ...   29 / 199

 No. steps =     122   No. f-s =    2139   No. J-s =       3   No. LU-s =      23
  No. nonlinear iterations =     132
  No. nonlinear convergence failures =       0
  No. error test failures =       0
  Last step size used =    0.36971E+07
  Index compenent largest error = ********

 ...   30 / 199

 No. steps =     122   No. f-s =    2141   No. J-s =       3   No. LU-s =      23
  No. nonlinear iterations =     134
  No. nonlinear convergence failures =       0
  No. error test failures =       0
  Last step size used =    0.44490E+07
  Index compenent largest error = ********

 ...   31 / 199

 No. steps =     120   No. f-s =    2139   No. J-s =       3   No. LU-s =      23
  No. nonlinear iterations =     132
  No. nonlinear convergence failures =       0
  No. error test failures =       0
  Last step size used =    0.45102E+07
  Index compenent largest error = ********

 ...   32 / 199

 No. steps =     118   No. f-s =    2138   No. J-s =       3   No. LU-s =      22
  No. nonlinear iterations =     131
  No. nonlinear convergence failures =       0
  No. error test failures =       0
  Last step size used =    0.37110E+07
  Index compenent largest error = ********

 ...   33 / 199

 No. steps =     114   No. f-s =    2133   No. J-s =       3   No. LU-s =      23
  No. nonlinear iterations =     126
  No. nonlinear convergence failures =       0
  No. error test failures =       0
  Last step size used =    0.34618E+07
  Index compenent largest error = ********

 ...   34 / 199

 No. steps =     113   No. f-s =    2132   No. J-s =       3   No. LU-s =      22
  No. nonlinear iterations =     125
  No. nonlinear convergence failures =       0
  No. error test failures =       0
  Last step size used =    0.35743E+07
  Index compenent largest error = ********

 ...   35 / 199

 No. steps =     109   No. f-s =    2130   No. J-s =       3   No. LU-s =      21
  No. nonlinear iterations =     123
  No. nonlinear convergence failures =       0
  No. error test failures =       0
  Last step size used =    0.41509E+07
  Index compenent largest error = ********

 ...   36 / 199

 No. steps =     107   No. f-s =    1458   No. J-s =       2   No. LU-s =      22
  No. nonlinear iterations =     119
  No. nonlinear convergence failures =       0
  No. error test failures =       0
  Last step size used =    0.41291E+07
  Index compenent largest error = ********

 ...   37 / 199

 No. steps =     103   No. f-s =    1455   No. J-s =       2   No. LU-s =      22
  No. nonlinear iterations =     116
  No. nonlinear convergence failures =       0
  No. error test failures =       0
  Last step size used =    0.36714E+07
  Index compenent largest error = ********

 ...   38 / 199

 No. steps =     102   No. f-s =    1454   No. J-s =       2   No. LU-s =      22
  No. nonlinear iterations =     115
  No. nonlinear convergence failures =       0
  No. error test failures =       0
  Last step size used =    0.34453E+07
  Index compenent largest error = ********

 ...   39 / 199

 No. steps =     101   No. f-s =    1454   No. J-s =       2   No. LU-s =      22
  No. nonlinear iterations =     115
  No. nonlinear convergence failures =       0
  No. error test failures =       0
  Last step size used =    0.43033E+07
  Index compenent largest error = ********

 ...   40 / 199

 No. steps =     100   No. f-s =    1453   No. J-s =       2   No. LU-s =      21
  No. nonlinear iterations =     114
  No. nonlinear convergence failures =       0
  No. error test failures =       0
  Last step size used =    0.35663E+07
  Index compenent largest error = ********

 ...   41 / 199

 No. steps =      97   No. f-s =    1446   No. J-s =       2   No. LU-s =      22
  No. nonlinear iterations =     107
  No. nonlinear convergence failures =       0
  No. error test failures =       0
  Last step size used =    0.46751E+07
  Index compenent largest error = ********

 ...   42 / 199

 No. steps =      92   No. f-s =    1446   No. J-s =       2   No. LU-s =      22
  No. nonlinear iterations =     107
  No. nonlinear convergence failures =       0
  No. error test failures =       0
  Last step size used =    0.44602E+07
  Index compenent largest error = ********

 ...   43 / 199

 No. steps =      85   No. f-s =    1434   No. J-s =       2   No. LU-s =      19
  No. nonlinear iterations =      95
  No. nonlinear convergence failures =       0
  No. error test failures =       0
  Last step size used =    0.48668E+07
  Index compenent largest error = ********

 ...   44 / 199

 No. steps =      94   No. f-s =    1440   No. J-s =       2   No. LU-s =      19
  No. nonlinear iterations =     101
  No. nonlinear convergence failures =       0
  No. error test failures =       0
  Last step size used =    0.42424E+07
  Index compenent largest error = ********

 ...   45 / 199

 No. steps =      94   No. f-s =    1444   No. J-s =       2   No. LU-s =      20
  No. nonlinear iterations =     105
  No. nonlinear convergence failures =       0
  No. error test failures =       0
  Last step size used =    0.42121E+07
  Index compenent largest error = ********

 ...   46 / 199

 No. steps =      92   No. f-s =    1444   No. J-s =       2   No. LU-s =      19
  No. nonlinear iterations =     105
  No. nonlinear convergence failures =       0
  No. error test failures =       0
  Last step size used =    0.35856E+07
  Index compenent largest error = ********

 ...   47 / 199

 No. steps =      81   No. f-s =    1431   No. J-s =       2   No. LU-s =      19
  No. nonlinear iterations =      92
  No. nonlinear convergence failures =       0
  No. error test failures =       0
  Last step size used =    0.36731E+07
  Index compenent largest error = ********

 ...   48 / 199

 No. steps =      67   No. f-s =    1414   No. J-s =       2   No. LU-s =      18
  No. nonlinear iterations =      75
  No. nonlinear convergence failures =       0
  No. error test failures =       0
  Last step size used =    0.59052E+07
  Index compenent largest error = ********

 ...   49 / 199

 No. steps =      74   No. f-s =    1422   No. J-s =       2   No. LU-s =      19
  No. nonlinear iterations =      83
  No. nonlinear convergence failures =       0
  No. error test failures =       0
  Last step size used =    0.58246E+07
  Index compenent largest error = ********

 ...   50 / 199

 No. steps =      83   No. f-s =    1430   No. J-s =       2   No. LU-s =      20
  No. nonlinear iterations =      91
  No. nonlinear convergence failures =       0
  No. error test failures =       0
  Last step size used =    0.45721E+07
  Index compenent largest error = ********

 ...   51 / 199

 No. steps =      86   No. f-s =    1438   No. J-s =       2   No. LU-s =      20
  No. nonlinear iterations =      99
  No. nonlinear convergence failures =       0
  No. error test failures =       0
  Last step size used =    0.52290E+07
  Index compenent largest error = ********

 ...   52 / 199

 No. steps =      90   No. f-s =    1439   No. J-s =       2   No. LU-s =      19
  No. nonlinear iterations =     100
  No. nonlinear convergence failures =       0
  No. error test failures =       0
  Last step size used =    0.39186E+07
  Index compenent largest error = ********

 ...   53 / 199

 No. steps =      94   No. f-s =    1447   No. J-s =       2   No. LU-s =      21
  No. nonlinear iterations =     108
  No. nonlinear convergence failures =       0
  No. error test failures =       0
  Last step size used =    0.47702E+07
  Index compenent largest error = ********

 ...   54 / 199

 No. steps =      97   No. f-s =    1449   No. J-s =       2   No. LU-s =      21
  No. nonlinear iterations =     110
  No. nonlinear convergence failures =       0
  No. error test failures =       0
  Last step size used =    0.46295E+07
  Index compenent largest error = ********

 ...   55 / 199

 No. steps =      97   No. f-s =    1449   No. J-s =       2   No. LU-s =      22
  No. nonlinear iterations =     110
  No. nonlinear convergence failures =       0
  No. error test failures =       0
  Last step size used =    0.61763E+07
  Index compenent largest error = ********

 ...   56 / 199

 No. steps =      95   No. f-s =    1445   No. J-s =       2   No. LU-s =      21
  No. nonlinear iterations =     106
  No. nonlinear convergence failures =       0
  No. error test failures =       0
  Last step size used =    0.45290E+07
  Index compenent largest error = ********

 ...   57 / 199

 No. steps =      96   No. f-s =    1446   No. J-s =       2   No. LU-s =      21
  No. nonlinear iterations =     107
  No. nonlinear convergence failures =       0
  No. error test failures =       0
  Last step size used =    0.44064E+07
  Index compenent largest error = ********

 ...   58 / 199

 No. steps =      94   No. f-s =    1443   No. J-s =       2   No. LU-s =      20
  No. nonlinear iterations =     104
  No. nonlinear convergence failures =       0
  No. error test failures =       0
  Last step size used =    0.38078E+07
  Index compenent largest error = ********

 ...   59 / 199

 No. steps =      94   No. f-s =    1443   No. J-s =       2   No. LU-s =      21
  No. nonlinear iterations =     104
  No. nonlinear convergence failures =       0
  No. error test failures =       0
  Last step size used =    0.57057E+07
  Index compenent largest error = ********

 ...   60 / 199

 No. steps =      91   No. f-s =    1442   No. J-s =       2   No. LU-s =      20
  No. nonlinear iterations =     103
  No. nonlinear convergence failures =       0
  No. error test failures =       0
  Last step size used =    0.49417E+07
  Index compenent largest error = ********

 ...   61 / 199

 No. steps =      89   No. f-s =    1437   No. J-s =       2   No. LU-s =      20
  No. nonlinear iterations =      98
  No. nonlinear convergence failures =       0
  No. error test failures =       0
  Last step size used =    0.48359E+07
  Index compenent largest error = ********

 ...   62 / 199

 No. steps =      85   No. f-s =    1436   No. J-s =       2   No. LU-s =      20
  No. nonlinear iterations =      97
  No. nonlinear convergence failures =       0
  No. error test failures =       0
  Last step size used =    0.41810E+07
  Index compenent largest error = ********

 ...   63 / 199

 No. steps =      77   No. f-s =    1428   No. J-s =       2   No. LU-s =      19
  No. nonlinear iterations =      89
  No. nonlinear convergence failures =       0
  No. error test failures =       0
  Last step size used =    0.43052E+07
  Index compenent largest error = ********

 ...   64 / 199

 No. steps =      76   No. f-s =    1424   No. J-s =       2   No. LU-s =      20
  No. nonlinear iterations =      85
  No. nonlinear convergence failures =       0
  No. error test failures =       0
  Last step size used =    0.63015E+07
  Index compenent largest error = ********

 ...   65 / 199

 No. steps =      67   No. f-s =    1413   No. J-s =       2   No. LU-s =      17
  No. nonlinear iterations =      74
  No. nonlinear convergence failures =       0
  No. error test failures =       0
  Last step size used =    0.61326E+07
  Index compenent largest error = ********

 ...   66 / 199

 No. steps =      67   No. f-s =    1415   No. J-s =       2   No. LU-s =      18
  No. nonlinear iterations =      76
  No. nonlinear convergence failures =       0
  No. error test failures =       0
  Last step size used =    0.71358E+07
  Index compenent largest error = ********

 ...   67 / 199

 No. steps =      67   No. f-s =    1416   No. J-s =       2   No. LU-s =      17
  No. nonlinear iterations =      77
  No. nonlinear convergence failures =       0
  No. error test failures =       0
  Last step size used =    0.54053E+07
  Index compenent largest error = ********

 ...   68 / 199

 No. steps =      62   No. f-s =    1410   No. J-s =       2   No. LU-s =      17
  No. nonlinear iterations =      71
  No. nonlinear convergence failures =       0
  No. error test failures =       0
  Last step size used =    0.54461E+07
  Index compenent largest error = ********

 ...   69 / 199

 No. steps =      60   No. f-s =    1409   No. J-s =       2   No. LU-s =      17
  No. nonlinear iterations =      70
  No. nonlinear convergence failures =       0
  No. error test failures =       0
  Last step size used =    0.56545E+07
  Index compenent largest error = ********

 ...   70 / 199

 No. steps =      60   No. f-s =    1406   No. J-s =       2   No. LU-s =      17
  No. nonlinear iterations =      67
  No. nonlinear convergence failures =       0
  No. error test failures =       0
  Last step size used =    0.91509E+07
  Index compenent largest error = ********

 ...   71 / 199

 No. steps =      67   No. f-s =    1414   No. J-s =       2   No. LU-s =      17
  No. nonlinear iterations =      75
  No. nonlinear convergence failures =       0
  No. error test failures =       0
  Last step size used =    0.68337E+07
  Index compenent largest error = ********

 ...   72 / 199

 No. steps =      70   No. f-s =    1416   No. J-s =       2   No. LU-s =      18
  No. nonlinear iterations =      77
  No. nonlinear convergence failures =       0
  No. error test failures =       0
  Last step size used =    0.65900E+07
  Index compenent largest error = ********

 ...   73 / 199

 No. steps =      73   No. f-s =    1423   No. J-s =       2   No. LU-s =      20
  No. nonlinear iterations =      84
  No. nonlinear convergence failures =       0
  No. error test failures =       0
  Last step size used =    0.72292E+07
  Index compenent largest error = ********

 ...   74 / 199

 No. steps =      76   No. f-s =    1423   No. J-s =       2   No. LU-s =      19
  No. nonlinear iterations =      84
  No. nonlinear convergence failures =       0
  No. error test failures =       0
  Last step size used =    0.62608E+07
  Index compenent largest error = ********

 ...   75 / 199

 No. steps =      79   No. f-s =    1428   No. J-s =       2   No. LU-s =      19
  No. nonlinear iterations =      89
  No. nonlinear convergence failures =       0
  No. error test failures =       0
  Last step size used =    0.48848E+07
  Index compenent largest error = ********

 ...   76 / 199

 No. steps =      80   No. f-s =    1429   No. J-s =       2   No. LU-s =      20
  No. nonlinear iterations =      90
  No. nonlinear convergence failures =       0
  No. error test failures =       0
  Last step size used =    0.61104E+07
  Index compenent largest error = ********

 ...   77 / 199

 No. steps =      78   No. f-s =    1428   No. J-s =       2   No. LU-s =      20
  No. nonlinear iterations =      89
  No. nonlinear convergence failures =       0
  No. error test failures =       0
  Last step size used =    0.77588E+07
  Index compenent largest error = ********

 ...   78 / 199

 No. steps =      80   No. f-s =    1428   No. J-s =       2   No. LU-s =      19
  No. nonlinear iterations =      89
  No. nonlinear convergence failures =       0
  No. error test failures =       0
  Last step size used =    0.53412E+07
  Index compenent largest error = ********

 ...   79 / 199

 No. steps =      81   No. f-s =    1434   No. J-s =       2   No. LU-s =      19
  No. nonlinear iterations =      95
  No. nonlinear convergence failures =       0
  No. error test failures =       0
  Last step size used =    0.43847E+07
  Index compenent largest error = ********

 ...   80 / 199

 No. steps =      79   No. f-s =    1429   No. J-s =       2   No. LU-s =      18
  No. nonlinear iterations =      90
  No. nonlinear convergence failures =       0
  No. error test failures =       0
  Last step size used =    0.49501E+07
  Index compenent largest error = ********

 ...   81 / 199

 No. steps =      79   No. f-s =    1429   No. J-s =       2   No. LU-s =      18
  No. nonlinear iterations =      90
  No. nonlinear convergence failures =       0
  No. error test failures =       0
  Last step size used =    0.44547E+07
  Index compenent largest error = ********

 ...   82 / 199

 No. steps =      79   No. f-s =    1428   No. J-s =       2   No. LU-s =      18
  No. nonlinear iterations =      89
  No. nonlinear convergence failures =       0
  No. error test failures =       0
  Last step size used =    0.41671E+07
  Index compenent largest error = ********

 ...   83 / 199

 No. steps =      78   No. f-s =    1428   No. J-s =       2   No. LU-s =      18
  No. nonlinear iterations =      89
  No. nonlinear convergence failures =       0
  No. error test failures =       0
  Last step size used =    0.48242E+07
  Index compenent largest error = ********

 ...   84 / 199

 No. steps =      78   No. f-s =    1425   No. J-s =       2   No. LU-s =      19
  No. nonlinear iterations =      86
  No. nonlinear convergence failures =       0
  No. error test failures =       0
  Last step size used =    0.47730E+07
  Index compenent largest error = ********

 ...   85 / 199

 No. steps =      78   No. f-s =    1427   No. J-s =       2   No. LU-s =      18
  No. nonlinear iterations =      88
  No. nonlinear convergence failures =       0
  No. error test failures =       0
  Last step size used =    0.49361E+07
  Index compenent largest error = ********

 ...   86 / 199

 No. steps =      77   No. f-s =    1424   No. J-s =       2   No. LU-s =      19
  No. nonlinear iterations =      85
  No. nonlinear convergence failures =       0
  No. error test failures =       0
  Last step size used =    0.55223E+07
  Index compenent largest error = ********

 ...   87 / 199

 No. steps =      78   No. f-s =    1425   No. J-s =       2   No. LU-s =      19
  No. nonlinear iterations =      86
  No. nonlinear convergence failures =       0
  No. error test failures =       0
  Last step size used =    0.56048E+07
  Index compenent largest error = ********

 ...   88 / 199

 No. steps =      75   No. f-s =    1423   No. J-s =       2   No. LU-s =      19
  No. nonlinear iterations =      84
  No. nonlinear convergence failures =       0
  No. error test failures =       0
  Last step size used =    0.62870E+07
  Index compenent largest error = ********

 ...   89 / 199

 No. steps =      71   No. f-s =    1419   No. J-s =       2   No. LU-s =      17
  No. nonlinear iterations =      80
  No. nonlinear convergence failures =       0
  No. error test failures =       0
  Last step size used =    0.45956E+07
  Index compenent largest error = ********

 ...   90 / 199

 No. steps =      70   No. f-s =    1422   No. J-s =       2   No. LU-s =      19
  No. nonlinear iterations =      83
  No. nonlinear convergence failures =       0
  No. error test failures =       0
  Last step size used =    0.68207E+07
  Index compenent largest error = ********

 ...   91 / 199

 No. steps =      70   No. f-s =    1417   No. J-s =       2   No. LU-s =      18
  No. nonlinear iterations =      78
  No. nonlinear convergence failures =       0
  No. error test failures =       0
  Last step size used =    0.62836E+07
  Index compenent largest error = ********

 ...   92 / 199

 No. steps =      66   No. f-s =    1414   No. J-s =       2   No. LU-s =      18
  No. nonlinear iterations =      75
  No. nonlinear convergence failures =       0
  No. error test failures =       0
  Last step size used =    0.65958E+07
  Index compenent largest error = ********

 ...   93 / 199

 No. steps =      65   No. f-s =    1414   No. J-s =       2   No. LU-s =      18
  No. nonlinear iterations =      75
  No. nonlinear convergence failures =       0
  No. error test failures =       0
  Last step size used =    0.64671E+07
  Index compenent largest error = ********

 ...   94 / 199

 No. steps =      57   No. f-s =    1405   No. J-s =       2   No. LU-s =      16
  No. nonlinear iterations =      66
  No. nonlinear convergence failures =       0
  No. error test failures =       0
  Last step size used =    0.82081E+07
  Index compenent largest error = ********

 ...   95 / 199

 No. steps =      65   No. f-s =    1413   No. J-s =       2   No. LU-s =      18
  No. nonlinear iterations =      74
  No. nonlinear convergence failures =       0
  No. error test failures =       0
  Last step size used =    0.77448E+07
  Index compenent largest error = ********

 ...   96 / 199

 No. steps =      57   No. f-s =    1405   No. J-s =       2   No. LU-s =      16
  No. nonlinear iterations =      66
  No. nonlinear convergence failures =       0
  No. error test failures =       0
  Last step size used =    0.79026E+07
  Index compenent largest error = ********

 ...   97 / 199

 No. steps =      60   No. f-s =    1406   No. J-s =       2   No. LU-s =      16
  No. nonlinear iterations =      67
  No. nonlinear convergence failures =       0
  No. error test failures =       0
  Last step size used =    0.94618E+07
  Index compenent largest error = ********

 ...   98 / 199

 No. steps =      69   No. f-s =    1416   No. J-s =       2   No. LU-s =      17
  No. nonlinear iterations =      77
  No. nonlinear convergence failures =       0
  No. error test failures =       0
  Last step size used =    0.43216E+07
  Index compenent largest error = ********

 ...   99 / 199

 No. steps =      60   No. f-s =    1405   No. J-s =       2   No. LU-s =      15
  No. nonlinear iterations =      66
  No. nonlinear convergence failures =       0
  No. error test failures =       0
  Last step size used =    0.48791E+07
  Index compenent largest error = ********

 ...  100 / 199

 No. steps =      61   No. f-s =    1408   No. J-s =       2   No. LU-s =      15
  No. nonlinear iterations =      69
  No. nonlinear convergence failures =       0
  No. error test failures =       0
  Last step size used =    0.47064E+07
  Index compenent largest error = ********

 ...  101 / 199

 No. steps =      62   No. f-s =    1410   No. J-s =       2   No. LU-s =      15
  No. nonlinear iterations =      71
  No. nonlinear convergence failures =       0
  No. error test failures =       0
  Last step size used =    0.69772E+07
  Index compenent largest error = ********

 ...  102 / 199

 No. steps =      66   No. f-s =    1412   No. J-s =       2   No. LU-s =      17
  No. nonlinear iterations =      73
  No. nonlinear convergence failures =       0
  No. error test failures =       0
  Last step size used =    0.57612E+07
  Index compenent largest error = ********

 ...  103 / 199

 No. steps =      67   No. f-s =    1414   No. J-s =       2   No. LU-s =      17
  No. nonlinear iterations =      75
  No. nonlinear convergence failures =       0
  No. error test failures =       0
  Last step size used =    0.50473E+07
  Index compenent largest error = ********

 ...  104 / 199

 No. steps =      64   No. f-s =    1412   No. J-s =       2   No. LU-s =      17
  No. nonlinear iterations =      73
  No. nonlinear convergence failures =       0
  No. error test failures =       0
  Last step size used =    0.49473E+07
  Index compenent largest error = ********

 ...  105 / 199

 No. steps =      68   No. f-s =    1415   No. J-s =       2   No. LU-s =      17
  No. nonlinear iterations =      76
  No. nonlinear convergence failures =       0
  No. error test failures =       0
  Last step size used =    0.45530E+07
  Index compenent largest error = ********

 ...  106 / 199

 No. steps =      70   No. f-s =    1419   No. J-s =       2   No. LU-s =      17
  No. nonlinear iterations =      80
  No. nonlinear convergence failures =       0
  No. error test failures =       0
  Last step size used =    0.49393E+07
  Index compenent largest error = ********

 ...  107 / 199

 No. steps =      64   No. f-s =    1414   No. J-s =       2   No. LU-s =      17
  No. nonlinear iterations =      75
  No. nonlinear convergence failures =       0
  No. error test failures =       0
  Last step size used =    0.53600E+07
  Index compenent largest error = ********

 ...  108 / 199

 No. steps =      68   No. f-s =    1415   No. J-s =       2   No. LU-s =      17
  No. nonlinear iterations =      76
  No. nonlinear convergence failures =       0
  No. error test failures =       0
  Last step size used =    0.46302E+07
  Index compenent largest error = ********

 ...  109 / 199

 No. steps =      69   No. f-s =    1417   No. J-s =       2   No. LU-s =      17
  No. nonlinear iterations =      78
  No. nonlinear convergence failures =       0
  No. error test failures =       0
  Last step size used =    0.58057E+07
  Index compenent largest error = ********

 ...  110 / 199

 No. steps =      68   No. f-s =    1415   No. J-s =       2   No. LU-s =      17
  No. nonlinear iterations =      76
  No. nonlinear convergence failures =       0
  No. error test failures =       0
  Last step size used =    0.47160E+07
  Index compenent largest error = ********

 ...  111 / 199

 No. steps =      67   No. f-s =    1414   No. J-s =       2   No. LU-s =      17
  No. nonlinear iterations =      75
  No. nonlinear convergence failures =       0
  No. error test failures =       0
  Last step size used =    0.51580E+07
  Index compenent largest error = ********

 ...  112 / 199

 No. steps =      67   No. f-s =    1414   No. J-s =       2   No. LU-s =      17
  No. nonlinear iterations =      75
  No. nonlinear convergence failures =       0
  No. error test failures =       0
  Last step size used =    0.50733E+07
  Index compenent largest error = ********

 ...  113 / 199

 No. steps =      68   No. f-s =    1416   No. J-s =       2   No. LU-s =      17
  No. nonlinear iterations =      77
  No. nonlinear convergence failures =       0
  No. error test failures =       0
  Last step size used =    0.54589E+07
  Index compenent largest error = ********

 ...  114 / 199

 No. steps =      66   No. f-s =    1413   No. J-s =       2   No. LU-s =      17
  No. nonlinear iterations =      74
  No. nonlinear convergence failures =       0
  No. error test failures =       0
  Last step size used =    0.58087E+07
  Index compenent largest error = ********

 ...  115 / 199

 No. steps =      66   No. f-s =    1413   No. J-s =       2   No. LU-s =      17
  No. nonlinear iterations =      74
  No. nonlinear convergence failures =       0
  No. error test failures =       0
  Last step size used =    0.58888E+07
  Index compenent largest error = ********

 ...  116 / 199

 No. steps =      65   No. f-s =    1414   No. J-s =       2   No. LU-s =      17
  No. nonlinear iterations =      75
  No. nonlinear convergence failures =       0
  No. error test failures =       0
  Last step size used =    0.65275E+07
  Index compenent largest error = ********

 ...  117 / 199

 No. steps =      64   No. f-s =    1413   No. J-s =       2   No. LU-s =      17
  No. nonlinear iterations =      74
  No. nonlinear convergence failures =       0
  No. error test failures =       0
  Last step size used =    0.69739E+07
  Index compenent largest error = ********

 ...  118 / 199

 No. steps =      63   No. f-s =    1410   No. J-s =       2   No. LU-s =      17
  No. nonlinear iterations =      71
  No. nonlinear convergence failures =       0
  No. error test failures =       0
  Last step size used =    0.58761E+07
  Index compenent largest error = ********

 ...  119 / 199

 No. steps =      61   No. f-s =    1409   No. J-s =       2   No. LU-s =      17
  No. nonlinear iterations =      70
  No. nonlinear convergence failures =       0
  No. error test failures =       0
  Last step size used =    0.64342E+07
  Index compenent largest error = ********

 ...  120 / 199

 No. steps =      64   No. f-s =    1414   No. J-s =       2   No. LU-s =      17
  No. nonlinear iterations =      75
  No. nonlinear convergence failures =       0
  No. error test failures =       0
  Last step size used =    0.73812E+07
  Index compenent largest error = ********

 ...  121 / 199

 No. steps =      61   No. f-s =    1409   No. J-s =       2   No. LU-s =      17
  No. nonlinear iterations =      70
  No. nonlinear convergence failures =       0
  No. error test failures =       0
  Last step size used =    0.64239E+07
  Index compenent largest error = ********

 ...  122 / 199

 No. steps =      61   No. f-s =    1411   No. J-s =       2   No. LU-s =      16
  No. nonlinear iterations =      72
  No. nonlinear convergence failures =       0
  No. error test failures =       0
  Last step size used =    0.42918E+07
  Index compenent largest error = ********

 ...  123 / 199

 No. steps =      62   No. f-s =    1409   No. J-s =       2   No. LU-s =      16
  No. nonlinear iterations =      70
  No. nonlinear convergence failures =       0
  No. error test failures =       0
  Last step size used =    0.42392E+07
  Index compenent largest error = ********

 ...  124 / 199

 No. steps =      62   No. f-s =    1409   No. J-s =       2   No. LU-s =      16
  No. nonlinear iterations =      70
  No. nonlinear convergence failures =       0
  No. error test failures =       0
  Last step size used =    0.42756E+07
  Index compenent largest error = ********

 ...  125 / 199

 No. steps =      61   No. f-s =    1409   No. J-s =       2   No. LU-s =      16
  No. nonlinear iterations =      70
  No. nonlinear convergence failures =       0
  No. error test failures =       0
  Last step size used =    0.49436E+07
  Index compenent largest error = ********

 ...  126 / 199

 No. steps =      60   No. f-s =    1408   No. J-s =       2   No. LU-s =      15
  No. nonlinear iterations =      69
  No. nonlinear convergence failures =       0
  No. error test failures =       0
  Last step size used =    0.42866E+07
  Index compenent largest error = ********

 ...  127 / 199

 No. steps =      61   No. f-s =    1409   No. J-s =       2   No. LU-s =      16
  No. nonlinear iterations =      70
  No. nonlinear convergence failures =       0
  No. error test failures =       0
  Last step size used =    0.70582E+07
  Index compenent largest error = ********

 ...  128 / 199

 No. steps =      61   No. f-s =    1409   No. J-s =       2   No. LU-s =      16
  No. nonlinear iterations =      70
  No. nonlinear convergence failures =       0
  No. error test failures =       0
  Last step size used =    0.71974E+07
  Index compenent largest error = ********

 ...  129 / 199

 No. steps =      59   No. f-s =    1405   No. J-s =       2   No. LU-s =      17
  No. nonlinear iterations =      66
  No. nonlinear convergence failures =       0
  No. error test failures =       0
  Last step size used =    0.95840E+07
  Index compenent largest error = ********

 ...  130 / 199

 No. steps =      56   No. f-s =    1404   No. J-s =       2   No. LU-s =      17
  No. nonlinear iterations =      65
  No. nonlinear convergence failures =       0
  No. error test failures =       0
  Last step size used =    0.94471E+07
  Index compenent largest error = ********

 ...  131 / 199

 No. steps =      59   No. f-s =    1407   No. J-s =       2   No. LU-s =      15
  No. nonlinear iterations =      68
  No. nonlinear convergence failures =       0
  No. error test failures =       0
  Last step size used =    0.46776E+07
  Index compenent largest error = ********

 ...  132 / 199

 No. steps =      60   No. f-s =    1408   No. J-s =       2   No. LU-s =      15
  No. nonlinear iterations =      69
  No. nonlinear convergence failures =       0
  No. error test failures =       0
  Last step size used =    0.45936E+07
  Index compenent largest error = ********

 ...  133 / 199

 No. steps =      59   No. f-s =    1405   No. J-s =       2   No. LU-s =      17
  No. nonlinear iterations =      66
  No. nonlinear convergence failures =       0
  No. error test failures =       0
  Last step size used =    0.96263E+07
  Index compenent largest error = ********

 ...  134 / 199

 No. steps =      58   No. f-s =    1403   No. J-s =       2   No. LU-s =      16
  No. nonlinear iterations =      64
  No. nonlinear convergence failures =       0
  No. error test failures =       0
  Last step size used =    0.63801E+07
  Index compenent largest error = ********

 ...  135 / 199

 No. steps =      59   No. f-s =    1404   No. J-s =       2   No. LU-s =      16
  No. nonlinear iterations =      65
  No. nonlinear convergence failures =       0
  No. error test failures =       0
  Last step size used =    0.65174E+07
  Index compenent largest error = ********

 ...  136 / 199

 No. steps =      59   No. f-s =    1404   No. J-s =       2   No. LU-s =      16
  No. nonlinear iterations =      65
  No. nonlinear convergence failures =       0
  No. error test failures =       0
  Last step size used =    0.71463E+07
  Index compenent largest error = ********

 ...  137 / 199

 No. steps =      58   No. f-s =    1403   No. J-s =       2   No. LU-s =      16
  No. nonlinear iterations =      64
  No. nonlinear convergence failures =       0
  No. error test failures =       0
  Last step size used =    0.63645E+07
  Index compenent largest error = ********

 ...  138 / 199

 No. steps =      59   No. f-s =    1407   No. J-s =       2   No. LU-s =      16
  No. nonlinear iterations =      68
  No. nonlinear convergence failures =       0
  No. error test failures =       0
  Last step size used =    0.59245E+07
  Index compenent largest error = ********

 ...  139 / 199

 No. steps =      58   No. f-s =    1403   No. J-s =       2   No. LU-s =      16
  No. nonlinear iterations =      64
  No. nonlinear convergence failures =       0
  No. error test failures =       0
  Last step size used =    0.69632E+07
  Index compenent largest error = ********

 ...  140 / 199

 No. steps =      55   No. f-s =    1402   No. J-s =       2   No. LU-s =      16
  No. nonlinear iterations =      63
  No. nonlinear convergence failures =       0
  No. error test failures =       0
  Last step size used =    0.61040E+07
  Index compenent largest error = ********

 ...  141 / 199

 No. steps =      55   No. f-s =    1402   No. J-s =       2   No. LU-s =      16
  No. nonlinear iterations =      63
  No. nonlinear convergence failures =       0
  No. error test failures =       0
  Last step size used =    0.58803E+07
  Index compenent largest error = ********

 ...  142 / 199

 No. steps =      57   No. f-s =    1402   No. J-s =       2   No. LU-s =      15
  No. nonlinear iterations =      63
  No. nonlinear convergence failures =       0
  No. error test failures =       0
  Last step size used =    0.42688E+07
  Index compenent largest error = ********

 ...  143 / 199

 No. steps =      59   No. f-s =    1404   No. J-s =       2   No. LU-s =      16
  No. nonlinear iterations =      65
  No. nonlinear convergence failures =       0
  No. error test failures =       0
  Last step size used =    0.73671E+07
  Index compenent largest error = ********

 ...  144 / 199

 No. steps =      57   No. f-s =    1403   No. J-s =       2   No. LU-s =      16
  No. nonlinear iterations =      64
  No. nonlinear convergence failures =       0
  No. error test failures =       0
  Last step size used =    0.66769E+07
  Index compenent largest error = ********

 ...  145 / 199

 No. steps =      55   No. f-s =    1401   No. J-s =       2   No. LU-s =      15
  No. nonlinear iterations =      62
  No. nonlinear convergence failures =       0
  No. error test failures =       0
  Last step size used =    0.52608E+07
  Index compenent largest error = ********

 ...  146 / 199

 No. steps =      56   No. f-s =    1402   No. J-s =       2   No. LU-s =      15
  No. nonlinear iterations =      63
  No. nonlinear convergence failures =       0
  No. error test failures =       0
  Last step size used =    0.52960E+07
  Index compenent largest error = ********

 ...  147 / 199

 No. steps =      55   No. f-s =    1401   No. J-s =       2   No. LU-s =      15
  No. nonlinear iterations =      62
  No. nonlinear convergence failures =       0
  No. error test failures =       0
  Last step size used =    0.52635E+07
  Index compenent largest error = ********

 ...  148 / 199

 No. steps =      55   No. f-s =    1401   No. J-s =       2   No. LU-s =      15
  No. nonlinear iterations =      62
  No. nonlinear convergence failures =       0
  No. error test failures =       0
  Last step size used =    0.53650E+07
  Index compenent largest error = ********

 ...  149 / 199

 No. steps =      58   No. f-s =    1406   No. J-s =       2   No. LU-s =      15
  No. nonlinear iterations =      67
  No. nonlinear convergence failures =       0
  No. error test failures =       0
  Last step size used =    0.54609E+07
  Index compenent largest error = ********

 ...  150 / 199

 No. steps =      55   No. f-s =    1401   No. J-s =       2   No. LU-s =      15
  No. nonlinear iterations =      62
  No. nonlinear convergence failures =       0
  No. error test failures =       0
  Last step size used =    0.54713E+07
  Index compenent largest error = ********

 ...  151 / 199

 No. steps =      50   No. f-s =     728   No. J-s =       1   No. LU-s =      13
  No. nonlinear iterations =      57
  No. nonlinear convergence failures =       0
  No. error test failures =       0
  Last step size used =    0.62140E+07
  Index compenent largest error = ********

 ...  152 / 199

 No. steps =      52   No. f-s =     733   No. J-s =       1   No. LU-s =      16
  No. nonlinear iterations =      62
  No. nonlinear convergence failures =       0
  No. error test failures =       0
  Last step size used =    0.78373E+07
  Index compenent largest error = ********

 ...  153 / 199

 No. steps =      55   No. f-s =    1401   No. J-s =       2   No. LU-s =      15
  No. nonlinear iterations =      62
  No. nonlinear convergence failures =       0
  No. error test failures =       0
  Last step size used =    0.56699E+07
  Index compenent largest error = ********

 ...  154 / 199

 No. steps =      55   No. f-s =    1401   No. J-s =       2   No. LU-s =      15
  No. nonlinear iterations =      62
  No. nonlinear convergence failures =       0
  No. error test failures =       0
  Last step size used =    0.57184E+07
  Index compenent largest error = ********

 ...  155 / 199

 No. steps =      53   No. f-s =    1401   No. J-s =       2   No. LU-s =      16
  No. nonlinear iterations =      62
  No. nonlinear convergence failures =       0
  No. error test failures =       0
  Last step size used =    0.83569E+07
  Index compenent largest error = ********

 ...  156 / 199

 No. steps =      52   No. f-s =     733   No. J-s =       1   No. LU-s =      16
  No. nonlinear iterations =      62
  No. nonlinear convergence failures =       0
  No. error test failures =       0
  Last step size used =    0.81135E+07
  Index compenent largest error = ********

 ...  157 / 199

 No. steps =      56   No. f-s =    1401   No. J-s =       2   No. LU-s =      15
  No. nonlinear iterations =      62
  No. nonlinear convergence failures =       0
  No. error test failures =       0
  Last step size used =    0.52403E+07
  Index compenent largest error = ********

 ...  158 / 199

 No. steps =      52   No. f-s =     733   No. J-s =       1   No. LU-s =      16
  No. nonlinear iterations =      62
  No. nonlinear convergence failures =       0
  No. error test failures =       0
  Last step size used =    0.82640E+07
  Index compenent largest error = ********

 ...  159 / 199

 No. steps =      56   No. f-s =    1401   No. J-s =       2   No. LU-s =      15
  No. nonlinear iterations =      62
  No. nonlinear convergence failures =       0
  No. error test failures =       0
  Last step size used =    0.58406E+07
  Index compenent largest error = ********

 ...  160 / 199

 No. steps =      56   No. f-s =    1401   No. J-s =       2   No. LU-s =      16
  No. nonlinear iterations =      62
  No. nonlinear convergence failures =       0
  No. error test failures =       0
  Last step size used =    0.69829E+07
  Index compenent largest error = ********

 ...  161 / 199

 No. steps =      53   No. f-s =    1401   No. J-s =       2   No. LU-s =      16
  No. nonlinear iterations =      62
  No. nonlinear convergence failures =       0
  No. error test failures =       0
  Last step size used =    0.84485E+07
  Index compenent largest error = ********

 ...  162 / 199

 No. steps =      49   No. f-s =     727   No. J-s =       1   No. LU-s =      13
  No. nonlinear iterations =      56
  No. nonlinear convergence failures =       0
  No. error test failures =       0
  Last step size used =    0.71301E+07
  Index compenent largest error = ********

 ...  163 / 199

 No. steps =      52   No. f-s =     732   No. J-s =       1   No. LU-s =      16
  No. nonlinear iterations =      61
  No. nonlinear convergence failures =       0
  No. error test failures =       0
  Last step size used =    0.77531E+07
  Index compenent largest error = ********

 ...  164 / 199

 No. steps =      54   No. f-s =    1401   No. J-s =       2   No. LU-s =      15
  No. nonlinear iterations =      62
  No. nonlinear convergence failures =       0
  No. error test failures =       0
  Last step size used =    0.61616E+07
  Index compenent largest error = ********

 ...  165 / 199

 No. steps =      53   No. f-s =    1400   No. J-s =       2   No. LU-s =      15
  No. nonlinear iterations =      61
  No. nonlinear convergence failures =       0
  No. error test failures =       0
  Last step size used =    0.66003E+07
  Index compenent largest error = ********

 ...  166 / 199

 No. steps =      53   No. f-s =    1400   No. J-s =       2   No. LU-s =      15
  No. nonlinear iterations =      61
  No. nonlinear convergence failures =       0
  No. error test failures =       0
  Last step size used =    0.66351E+07
  Index compenent largest error = ********

 ...  167 / 199

 No. steps =      53   No. f-s =    1400   No. J-s =       2   No. LU-s =      15
  No. nonlinear iterations =      61
  No. nonlinear convergence failures =       0
  No. error test failures =       0
  Last step size used =    0.66389E+07
  Index compenent largest error = ********

 ...  168 / 199

 No. steps =      54   No. f-s =    1402   No. J-s =       2   No. LU-s =      15
  No. nonlinear iterations =      63
  No. nonlinear convergence failures =       0
  No. error test failures =       0
  Last step size used =    0.62797E+07
  Index compenent largest error = ********

 ...  169 / 199

 No. steps =      53   No. f-s =    1400   No. J-s =       2   No. LU-s =      15
  No. nonlinear iterations =      61
  No. nonlinear convergence failures =       0
  No. error test failures =       0
  Last step size used =    0.69143E+07
  Index compenent largest error = ********

 ...  170 / 199

 No. steps =      54   No. f-s =    1402   No. J-s =       2   No. LU-s =      15
  No. nonlinear iterations =      63
  No. nonlinear convergence failures =       0
  No. error test failures =       0
  Last step size used =    0.62871E+07
  Index compenent largest error = ********

 ...  171 / 199

 No. steps =      53   No. f-s =    1400   No. J-s =       2   No. LU-s =      15
  No. nonlinear iterations =      61
  No. nonlinear convergence failures =       0
  No. error test failures =       0
  Last step size used =    0.64943E+07
  Index compenent largest error = ********

 ...  172 / 199

 No. steps =      53   No. f-s =    1400   No. J-s =       2   No. LU-s =      15
  No. nonlinear iterations =      61
  No. nonlinear convergence failures =       0
  No. error test failures =       0
  Last step size used =    0.65672E+07
  Index compenent largest error = ********

 ...  173 / 199

 No. steps =      49   No. f-s =     727   No. J-s =       1   No. LU-s =      12
  No. nonlinear iterations =      56
  No. nonlinear convergence failures =       0
  No. error test failures =       0
  Last step size used =    0.50792E+07
  Index compenent largest error = ********

 ...  174 / 199

 No. steps =      52   No. f-s =     731   No. J-s =       1   No. LU-s =      14
  No. nonlinear iterations =      60
  No. nonlinear convergence failures =       0
  No. error test failures =       0
  Last step size used =    0.48991E+07
  Index compenent largest error = ********

 ...  175 / 199

 No. steps =      52   No. f-s =     731   No. J-s =       1   No. LU-s =      14
  No. nonlinear iterations =      60
  No. nonlinear convergence failures =       0
  No. error test failures =       0
  Last step size used =    0.45420E+07
  Index compenent largest error = ********

 ...  176 / 199

 No. steps =      52   No. f-s =     731   No. J-s =       1   No. LU-s =      14
  No. nonlinear iterations =      60
  No. nonlinear convergence failures =       0
  No. error test failures =       0
  Last step size used =    0.44699E+07
  Index compenent largest error = ********

 ...  177 / 199

 No. steps =      52   No. f-s =     731   No. J-s =       1   No. LU-s =      14
  No. nonlinear iterations =      60
  No. nonlinear convergence failures =       0
  No. error test failures =       0
  Last step size used =    0.45439E+07
  Index compenent largest error = ********

 ...  178 / 199

 No. steps =      52   No. f-s =     731   No. J-s =       1   No. LU-s =      14
  No. nonlinear iterations =      60
  No. nonlinear convergence failures =       0
  No. error test failures =       0
  Last step size used =    0.47712E+07
  Index compenent largest error = ********

 ...  179 / 199

 No. steps =      52   No. f-s =     731   No. J-s =       1   No. LU-s =      14
  No. nonlinear iterations =      60
  No. nonlinear convergence failures =       0
  No. error test failures =       0
  Last step size used =    0.46927E+07
  Index compenent largest error = ********

 ...  180 / 199

 No. steps =      52   No. f-s =     731   No. J-s =       1   No. LU-s =      14
  No. nonlinear iterations =      60
  No. nonlinear convergence failures =       0
  No. error test failures =       0
  Last step size used =    0.45275E+07
  Index compenent largest error = ********

 ...  181 / 199

 No. steps =      52   No. f-s =    1399   No. J-s =       2   No. LU-s =      15
  No. nonlinear iterations =      60
  No. nonlinear convergence failures =       0
  No. error test failures =       0
  Last step size used =    0.67450E+07
  Index compenent largest error = ********

 ...  182 / 199

 No. steps =      52   No. f-s =     731   No. J-s =       1   No. LU-s =      14
  No. nonlinear iterations =      60
  No. nonlinear convergence failures =       0
  No. error test failures =       0
  Last step size used =    0.46735E+07
  Index compenent largest error = ********

 ...  183 / 199

 No. steps =      52   No. f-s =    1399   No. J-s =       2   No. LU-s =      15
  No. nonlinear iterations =      60
  No. nonlinear convergence failures =       0
  No. error test failures =       0
  Last step size used =    0.67289E+07
  Index compenent largest error = ********

 ...  184 / 199

 No. steps =      48   No. f-s =     726   No. J-s =       1   No. LU-s =      12
  No. nonlinear iterations =      55
  No. nonlinear convergence failures =       0
  No. error test failures =       0
  Last step size used =    0.55214E+07
  Index compenent largest error = ********

 ...  185 / 199

 No. steps =      51   No. f-s =     730   No. J-s =       1   No. LU-s =      14
  No. nonlinear iterations =      59
  No. nonlinear convergence failures =       0
  No. error test failures =       0
  Last step size used =    0.52414E+07
  Index compenent largest error = ********

 ...  186 / 199

 No. steps =      51   No. f-s =     730   No. J-s =       1   No. LU-s =      14
  No. nonlinear iterations =      59
  No. nonlinear convergence failures =       0
  No. error test failures =       0
  Last step size used =    0.50068E+07
  Index compenent largest error = ********

 ...  187 / 199

 No. steps =      51   No. f-s =     730   No. J-s =       1   No. LU-s =      14
  No. nonlinear iterations =      59
  No. nonlinear convergence failures =       0
  No. error test failures =       0
  Last step size used =    0.51295E+07
  Index compenent largest error = ********

 ...  188 / 199

 No. steps =      51   No. f-s =     730   No. J-s =       1   No. LU-s =      14
  No. nonlinear iterations =      59
  No. nonlinear convergence failures =       0
  No. error test failures =       0
  Last step size used =    0.52281E+07
  Index compenent largest error = ********

 ...  189 / 199

 No. steps =      51   No. f-s =     730   No. J-s =       1   No. LU-s =      14
  No. nonlinear iterations =      59
  No. nonlinear convergence failures =       0
  No. error test failures =       0
  Last step size used =    0.52759E+07
  Index compenent largest error = ********

 ...  190 / 199

 No. steps =      50   No. f-s =     729   No. J-s =       1   No. LU-s =      14
  No. nonlinear iterations =      58
  No. nonlinear convergence failures =       0
  No. error test failures =       0
  Last step size used =    0.54920E+07
  Index compenent largest error = ********

 ...  191 / 199

 No. steps =      51   No. f-s =     730   No. J-s =       1   No. LU-s =      14
  No. nonlinear iterations =      59
  No. nonlinear convergence failures =       0
  No. error test failures =       0
  Last step size used =    0.53053E+07
  Index compenent largest error = ********

 ...  192 / 199

 No. steps =      50   No. f-s =     729   No. J-s =       1   No. LU-s =      14
  No. nonlinear iterations =      58
  No. nonlinear convergence failures =       0
  No. error test failures =       0
  Last step size used =    0.56383E+07
  Index compenent largest error = ********

 ...  193 / 199

 No. steps =      50   No. f-s =     729   No. J-s =       1   No. LU-s =      14
  No. nonlinear iterations =      58
  No. nonlinear convergence failures =       0
  No. error test failures =       0
  Last step size used =    0.47366E+07
  Index compenent largest error = ********

 ...  194 / 199

 No. steps =      50   No. f-s =     729   No. J-s =       1   No. LU-s =      14
  No. nonlinear iterations =      58
  No. nonlinear convergence failures =       0
  No. error test failures =       0
  Last step size used =    0.48031E+07
  Index compenent largest error = ********

 ...  195 / 199

 No. steps =      50   No. f-s =     729   No. J-s =       1   No. LU-s =      14
  No. nonlinear iterations =      58
  No. nonlinear convergence failures =       0
  No. error test failures =       0
  Last step size used =    0.59962E+07
  Index compenent largest error = ********

 ...  196 / 199

 No. steps =      49   No. f-s =     728   No. J-s =       1   No. LU-s =      14
  No. nonlinear iterations =      57
  No. nonlinear convergence failures =       0
  No. error test failures =       0
  Last step size used =    0.62294E+07
  Index compenent largest error = ********

 ...  197 / 199

 No. steps =      50   No. f-s =     729   No. J-s =       1   No. LU-s =      14
  No. nonlinear iterations =      58
  No. nonlinear convergence failures =       0
  No. error test failures =       0
  Last step size used =    0.56066E+07
  Index compenent largest error = ********

 ...  198 / 199

 No. steps =      50   No. f-s =     729   No. J-s =       1   No. LU-s =      14
  No. nonlinear iterations =      58
  No. nonlinear convergence failures =       0
  No. error test failures =       0
  Last step size used =    0.58194E+07
  Index compenent largest error = ********

 ...  199 / 199

 No. steps =      49   No. f-s =     728   No. J-s =       1   No. LU-s =      14
  No. nonlinear iterations =      57
  No. nonlinear convergence failures =       0
  No. error test failures =       0
  Last step size used =    0.66800E+07
  Index compenent largest error = ********


    ... DONE!
 +++++++++++++++++++++++++++++++++++++++++++++++++++


+------------------ Job Report: 10461718 (COMPLETED) ------------------+
| Memory (RAM)  [                    ]  0.0% (0 B peak / 1 GB)         |
| CPU           [#############       ] 67.6% average                   |
| Time          [>                   ]  1.9% (0-00:01:08 / 0-01:00:00) |
|                                                                      |
| Lustre Filesystem:                                                   |
|   Path    Total Read    Total Write    Total IOPS                    |
|   ------  ------------  -------------  ------------                  |
|   /apps   0 B           0 B            250                           |
|   /fred   416 KB        62 MB          6 K                           |
|                                                                      |
| Warnings:                                                            |
|   - Too much memory requested                                        |
|   - CPU usage is low                                                 |
|   - Too much time requested                                          |
+----------------------------------------------------------------------+
