Starting job 10461264, array task 395 on dave89
Chemistry type: Crich
Analysis mode: false
Found 459 valid particle IDs in /fred/oz304/beckers/Chemistry/traces/wind_v10/trace_output_with_av
Returning 457 particle IDs (after start_index=2 offset)
SLURM task 395: processing particle 3595966
Running Crich evolving_model on 1 phantom particle trace(s) from wind_v10

 +++++++++++++++++++++++++++++++++++++++++++++++++++
 +++++        ENVELOPE CHEMICAL MODEL         ++++++
 +++++++++++++++++++++++++++++++++++++++++++++++++++

 Version 1.0 authored by Catherine Walsh and Maria 
    Drozdovskaya, Leiden Observatory (01/08/2013)

 Version 1.1 amended by Catherine Walsh (18/05/2014)

 Version 1.2 amended by Catherine Walsh (13/08/2015)

 +++++++++++++++++++++++++++++++++++++++++++++++++++

          Input file =  Crich/param/trace_file_param/file_parameters_3595966.txt              

 Physical conditions  = Crich/input/3595966.txt                                               
 Chemical network     = ./rate12_complex.rates                                                
 Species file         = ./rate12_complex_atomic_Crich.specs                                   
 Binding energies     = ./rate12_binding.dat                                                  
 Reaction parameters  = param/reaction_parameters.txt                                         
 Grain parameters     = param/grain_parameters.txt                                            
 Radiation parameters = param/radiation_parameters.txt                                        

 Output file          = Crich/output/model_output_3595966.dat                                 
 Rates file           = Crich/output/model_rates_3595966.dat                                  

 Opening and reading physical conditions file ...

 +++++++++++++++++++++++++++++++++++++++++++++++++++
 Beginning to run model ...
 +++++++++++++++++++++++++++++++++++++++++++++++++++

 Preparing output files ...

 Progress = ...
 ...    1 / 209

 No. steps =     855   No. f-s =   13966   No. J-s =      19   No. LU-s =     149
  No. nonlinear iterations =    1273
  No. nonlinear convergence failures =       0
  No. error test failures =      35
  Last step size used =    0.98214E+09
  Index compenent largest error = ********

 ...    2 / 209

 No. steps =     198   No. f-s =    2899   No. J-s =       4   No. LU-s =      35
  No. nonlinear iterations =     224
  No. nonlinear convergence failures =       0
  No. error test failures =       1
  Last step size used =    0.27357E+07
  Index compenent largest error = ********

 ...    3 / 209

 No. steps =     209   No. f-s =    2915   No. J-s =       4   No. LU-s =      33
  No. nonlinear iterations =     240
  No. nonlinear convergence failures =       0
  No. error test failures =       1
  Last step size used =    0.23486E+07
  Index compenent largest error = ********

 ...    4 / 209

 No. steps =     188   No. f-s =    2889   No. J-s =       4   No. LU-s =      34
  No. nonlinear iterations =     214
  No. nonlinear convergence failures =       0
  No. error test failures =       2
  Last step size used =    0.29670E+07
  Index compenent largest error = ********

 ...    5 / 209

 No. steps =     169   No. f-s =    2863   No. J-s =       4   No. LU-s =      29
  No. nonlinear iterations =     188
  No. nonlinear convergence failures =       0
  No. error test failures =       0
  Last step size used =    0.24730E+07
  Index compenent largest error = ********

 ...    6 / 209

 No. steps =     159   No. f-s =    2187   No. J-s =       3   No. LU-s =      28
  No. nonlinear iterations =     180
  No. nonlinear convergence failures =       0
  No. error test failures =       0
  Last step size used =    0.32182E+07
  Index compenent largest error = ********

 ...    7 / 209

 No. steps =     153   No. f-s =    2179   No. J-s =       3   No. LU-s =      27
  No. nonlinear iterations =     172
  No. nonlinear convergence failures =       0
  No. error test failures =       0
  Last step size used =    0.35450E+07
  Index compenent largest error = ********

 ...    8 / 209

 No. steps =     148   No. f-s =    2170   No. J-s =       3   No. LU-s =      28
  No. nonlinear iterations =     163
  No. nonlinear convergence failures =       0
  No. error test failures =       0
  Last step size used =    0.41889E+07
  Index compenent largest error = ********

 ...    9 / 209

 No. steps =     137   No. f-s =    2162   No. J-s =       3   No. LU-s =      27
  No. nonlinear iterations =     155
  No. nonlinear convergence failures =       0
  No. error test failures =       0
  Last step size used =    0.47105E+07
  Index compenent largest error = ********

 ...   10 / 209

 No. steps =     134   No. f-s =    2158   No. J-s =       3   No. LU-s =      26
  No. nonlinear iterations =     151
  No. nonlinear convergence failures =       0
  No. error test failures =       0
  Last step size used =    0.31810E+07
  Index compenent largest error = ********

 ...   11 / 209

 No. steps =     127   No. f-s =    2152   No. J-s =       3   No. LU-s =      25
  No. nonlinear iterations =     145
  No. nonlinear convergence failures =       0
  No. error test failures =       0
  Last step size used =    0.51048E+07
  Index compenent largest error = ********

 ...   12 / 209

 No. steps =     123   No. f-s =    2146   No. J-s =       3   No. LU-s =      25
  No. nonlinear iterations =     139
  No. nonlinear convergence failures =       0
  No. error test failures =       0
  Last step size used =    0.36822E+07
  Index compenent largest error = ********

 ...   13 / 209

 No. steps =     122   No. f-s =    2145   No. J-s =       3   No. LU-s =      24
  No. nonlinear iterations =     138
  No. nonlinear convergence failures =       0
  No. error test failures =       0
  Last step size used =    0.33903E+07
  Index compenent largest error = ********

 ...   14 / 209

 No. steps =     120   No. f-s =    2143   No. J-s =       3   No. LU-s =      24
  No. nonlinear iterations =     136
  No. nonlinear convergence failures =       0
  No. error test failures =       0
  Last step size used =    0.39729E+07
  Index compenent largest error = ********

 ...   15 / 209

 No. steps =     120   No. f-s =    2142   No. J-s =       3   No. LU-s =      24
  No. nonlinear iterations =     135
  No. nonlinear convergence failures =       0
  No. error test failures =       0
  Last step size used =    0.35682E+07
  Index compenent largest error = ********

 ...   16 / 209

 No. steps =     119   No. f-s =    2141   No. J-s =       3   No. LU-s =      24
  No. nonlinear iterations =     134
  No. nonlinear convergence failures =       0
  No. error test failures =       0
  Last step size used =    0.45659E+07
  Index compenent largest error = ********

 ...   17 / 209

 No. steps =     117   No. f-s =    2138   No. J-s =       3   No. LU-s =      23
  No. nonlinear iterations =     131
  No. nonlinear convergence failures =       0
  No. error test failures =       0
  Last step size used =    0.32584E+07
  Index compenent largest error = ********

 ...   18 / 209

 No. steps =     114   No. f-s =    2135   No. J-s =       3   No. LU-s =      23
  No. nonlinear iterations =     128
  No. nonlinear convergence failures =       0
  No. error test failures =       0
  Last step size used =    0.36955E+07
  Index compenent largest error = ********

 ...   19 / 209

 No. steps =     112   No. f-s =    2134   No. J-s =       3   No. LU-s =      23
  No. nonlinear iterations =     127
  No. nonlinear convergence failures =       0
  No. error test failures =       0
  Last step size used =    0.49331E+07
  Index compenent largest error = ********

 ...   20 / 209

 No. steps =     112   No. f-s =    2130   No. J-s =       3   No. LU-s =      23
  No. nonlinear iterations =     123
  No. nonlinear convergence failures =       0
  No. error test failures =       0
  Last step size used =    0.41850E+07
  Index compenent largest error = ********

 ...   21 / 209

 No. steps =     109   No. f-s =    2125   No. J-s =       3   No. LU-s =      23
  No. nonlinear iterations =     118
  No. nonlinear convergence failures =       0
  No. error test failures =       0
  Last step size used =    0.51242E+07
  Index compenent largest error = ********

 ...   22 / 209

 No. steps =     106   No. f-s =    2121   No. J-s =       3   No. LU-s =      23
  No. nonlinear iterations =     114
  No. nonlinear convergence failures =       0
  No. error test failures =       0
  Last step size used =    0.47664E+07
  Index compenent largest error = ********

 ...   23 / 209

 No. steps =      97   No. f-s =    1453   No. J-s =       2   No. LU-s =      23
  No. nonlinear iterations =     114
  No. nonlinear convergence failures =       0
  No. error test failures =       0
  Last step size used =    0.68376E+07
  Index compenent largest error = ********

 ...   24 / 209

 No. steps =      98   No. f-s =    1449   No. J-s =       2   No. LU-s =      21
  No. nonlinear iterations =     110
  No. nonlinear convergence failures =       0
  No. error test failures =       0
  Last step size used =    0.46216E+07
  Index compenent largest error = ********

 ...   25 / 209

 No. steps =     105   No. f-s =    2123   No. J-s =       3   No. LU-s =      22
  No. nonlinear iterations =     116
  No. nonlinear convergence failures =       0
  No. error test failures =       0
  Last step size used =    0.48876E+07
  Index compenent largest error = ********

 ...   26 / 209

 No. steps =     105   No. f-s =    1458   No. J-s =       2   No. LU-s =      22
  No. nonlinear iterations =     119
  No. nonlinear convergence failures =       0
  No. error test failures =       0
  Last step size used =    0.50752E+07
  Index compenent largest error = ********

 ...   27 / 209

 No. steps =      88   No. f-s =    1441   No. J-s =       2   No. LU-s =      20
  No. nonlinear iterations =     102
  No. nonlinear convergence failures =       0
  No. error test failures =       0
  Last step size used =    0.54198E+07
  Index compenent largest error = ********

 ...   28 / 209

 No. steps =      86   No. f-s =    1436   No. J-s =       2   No. LU-s =      21
  No. nonlinear iterations =      97
  No. nonlinear convergence failures =       0
  No. error test failures =       0
  Last step size used =    0.46735E+07
  Index compenent largest error = ********

 ...   29 / 209

 No. steps =      97   No. f-s =    1450   No. J-s =       2   No. LU-s =      23
  No. nonlinear iterations =     111
  No. nonlinear convergence failures =       0
  No. error test failures =       0
  Last step size used =    0.60026E+07
  Index compenent largest error = ********

 ...   30 / 209

 No. steps =     101   No. f-s =    1454   No. J-s =       2   No. LU-s =      22
  No. nonlinear iterations =     115
  No. nonlinear convergence failures =       0
  No. error test failures =       0
  Last step size used =    0.41040E+07
  Index compenent largest error = ********

 ...   31 / 209

 No. steps =     104   No. f-s =    1454   No. J-s =       2   No. LU-s =      23
  No. nonlinear iterations =     115
  No. nonlinear convergence failures =       0
  No. error test failures =       0
  Last step size used =    0.47648E+07
  Index compenent largest error = ********

 ...   32 / 209

 No. steps =     105   No. f-s =    2121   No. J-s =       3   No. LU-s =      23
  No. nonlinear iterations =     114
  No. nonlinear convergence failures =       0
  No. error test failures =       0
  Last step size used =    0.58642E+07
  Index compenent largest error = ********

 ...   33 / 209

 No. steps =     102   No. f-s =    1452   No. J-s =       2   No. LU-s =      22
  No. nonlinear iterations =     113
  No. nonlinear convergence failures =       0
  No. error test failures =       0
  Last step size used =    0.52513E+07
  Index compenent largest error = ********

 ...   34 / 209

 No. steps =     102   No. f-s =    1450   No. J-s =       2   No. LU-s =      22
  No. nonlinear iterations =     111
  No. nonlinear convergence failures =       0
  No. error test failures =       0
  Last step size used =    0.40008E+07
  Index compenent largest error = ********

 ...   35 / 209

 No. steps =      98   No. f-s =    1451   No. J-s =       2   No. LU-s =      21
  No. nonlinear iterations =     112
  No. nonlinear convergence failures =       0
  No. error test failures =       0
  Last step size used =    0.46235E+07
  Index compenent largest error = ********

 ...   36 / 209

 No. steps =     100   No. f-s =    1447   No. J-s =       2   No. LU-s =      22
  No. nonlinear iterations =     108
  No. nonlinear convergence failures =       0
  No. error test failures =       0
  Last step size used =    0.46730E+07
  Index compenent largest error = ********

 ...   37 / 209

 No. steps =      95   No. f-s =    1446   No. J-s =       2   No. LU-s =      20
  No. nonlinear iterations =     107
  No. nonlinear convergence failures =       0
  No. error test failures =       0
  Last step size used =    0.37994E+07
  Index compenent largest error = ********

 ...   38 / 209

 No. steps =      94   No. f-s =    1445   No. J-s =       2   No. LU-s =      20
  No. nonlinear iterations =     106
  No. nonlinear convergence failures =       0
  No. error test failures =       0
  Last step size used =    0.39529E+07
  Index compenent largest error = ********

 ...   39 / 209

 No. steps =      93   No. f-s =    1444   No. J-s =       2   No. LU-s =      20
  No. nonlinear iterations =     105
  No. nonlinear convergence failures =       0
  No. error test failures =       0
  Last step size used =    0.44177E+07
  Index compenent largest error = ********

 ...   40 / 209

 No. steps =      92   No. f-s =    1443   No. J-s =       2   No. LU-s =      20
  No. nonlinear iterations =     104
  No. nonlinear convergence failures =       0
  No. error test failures =       0
  Last step size used =    0.38294E+07
  Index compenent largest error = ********

 ...   41 / 209

 No. steps =      92   No. f-s =    1442   No. J-s =       2   No. LU-s =      20
  No. nonlinear iterations =     103
  No. nonlinear convergence failures =       0
  No. error test failures =       0
  Last step size used =    0.39816E+07
  Index compenent largest error = ********

 ...   42 / 209

 No. steps =      91   No. f-s =    1441   No. J-s =       2   No. LU-s =      20
  No. nonlinear iterations =     102
  No. nonlinear convergence failures =       0
  No. error test failures =       0
  Last step size used =    0.40286E+07
  Index compenent largest error = ********

 ...   43 / 209

 No. steps =      91   No. f-s =    1442   No. J-s =       2   No. LU-s =      20
  No. nonlinear iterations =     103
  No. nonlinear convergence failures =       0
  No. error test failures =       0
  Last step size used =    0.50198E+07
  Index compenent largest error = ********

 ...   44 / 209

 No. steps =      90   No. f-s =    1440   No. J-s =       2   No. LU-s =      20
  No. nonlinear iterations =     101
  No. nonlinear convergence failures =       0
  No. error test failures =       0
  Last step size used =    0.50990E+07
  Index compenent largest error = ********

 ...   45 / 209

 No. steps =      89   No. f-s =    1439   No. J-s =       2   No. LU-s =      20
  No. nonlinear iterations =     100
  No. nonlinear convergence failures =       0
  No. error test failures =       0
  Last step size used =    0.44624E+07
  Index compenent largest error = ********

 ...   46 / 209

 No. steps =      89   No. f-s =    1439   No. J-s =       2   No. LU-s =      20
  No. nonlinear iterations =     100
  No. nonlinear convergence failures =       0
  No. error test failures =       0
  Last step size used =    0.56980E+07
  Index compenent largest error = ********

 ...   47 / 209

 No. steps =      87   No. f-s =    1438   No. J-s =       2   No. LU-s =      20
  No. nonlinear iterations =      99
  No. nonlinear convergence failures =       0
  No. error test failures =       0
  Last step size used =    0.51599E+07
  Index compenent largest error = ********

 ...   48 / 209

 No. steps =      87   No. f-s =    1438   No. J-s =       2   No. LU-s =      20
  No. nonlinear iterations =      99
  No. nonlinear convergence failures =       0
  No. error test failures =       0
  Last step size used =    0.53793E+07
  Index compenent largest error = ********

 ...   49 / 209

 No. steps =      86   No. f-s =    1436   No. J-s =       2   No. LU-s =      20
  No. nonlinear iterations =      97
  No. nonlinear convergence failures =       0
  No. error test failures =       0
  Last step size used =    0.58054E+07
  Index compenent largest error = ********

 ...   50 / 209

 No. steps =      86   No. f-s =    1435   No. J-s =       2   No. LU-s =      20
  No. nonlinear iterations =      96
  No. nonlinear convergence failures =       0
  No. error test failures =       0
  Last step size used =    0.63685E+07
  Index compenent largest error = ********

 ...   51 / 209

 No. steps =      84   No. f-s =    1437   No. J-s =       2   No. LU-s =      21
  No. nonlinear iterations =      98
  No. nonlinear convergence failures =       0
  No. error test failures =       0
  Last step size used =    0.63504E+07
  Index compenent largest error = ********

 ...   52 / 209

 No. steps =      83   No. f-s =    1435   No. J-s =       2   No. LU-s =      19
  No. nonlinear iterations =      96
  No. nonlinear convergence failures =       0
  No. error test failures =       0
  Last step size used =    0.53872E+07
  Index compenent largest error = ********

 ...   53 / 209

 No. steps =      82   No. f-s =    1434   No. J-s =       2   No. LU-s =      19
  No. nonlinear iterations =      95
  No. nonlinear convergence failures =       0
  No. error test failures =       0
  Last step size used =    0.59528E+07
  Index compenent largest error = ********

 ...   54 / 209

 No. steps =      81   No. f-s =    1433   No. J-s =       2   No. LU-s =      18
  No. nonlinear iterations =      94
  No. nonlinear convergence failures =       0
  No. error test failures =       0
  Last step size used =    0.40773E+07
  Index compenent largest error = ********

 ...   55 / 209

 No. steps =      81   No. f-s =    1433   No. J-s =       2   No. LU-s =      18
  No. nonlinear iterations =      94
  No. nonlinear convergence failures =       0
  No. error test failures =       0
  Last step size used =    0.41654E+07
  Index compenent largest error = ********

 ...   56 / 209

 No. steps =      80   No. f-s =    1429   No. J-s =       2   No. LU-s =      19
  No. nonlinear iterations =      90
  No. nonlinear convergence failures =       0
  No. error test failures =       0
  Last step size used =    0.57205E+07
  Index compenent largest error = ********

 ...   57 / 209

 No. steps =      80   No. f-s =    1430   No. J-s =       2   No. LU-s =      19
  No. nonlinear iterations =      91
  No. nonlinear convergence failures =       0
  No. error test failures =       0
  Last step size used =    0.46267E+07
  Index compenent largest error = ********

 ...   58 / 209

 No. steps =      78   No. f-s =    1428   No. J-s =       2   No. LU-s =      18
  No. nonlinear iterations =      89
  No. nonlinear convergence failures =       0
  No. error test failures =       0
  Last step size used =    0.39768E+07
  Index compenent largest error = ********

 ...   59 / 209

 No. steps =      79   No. f-s =    1429   No. J-s =       2   No. LU-s =      19
  No. nonlinear iterations =      90
  No. nonlinear convergence failures =       0
  No. error test failures =       0
  Last step size used =    0.55850E+07
  Index compenent largest error = ********

 ...   60 / 209

 No. steps =      78   No. f-s =    1427   No. J-s =       2   No. LU-s =      18
  No. nonlinear iterations =      88
  No. nonlinear convergence failures =       0
  No. error test failures =       0
  Last step size used =    0.39862E+07
  Index compenent largest error = ********

 ...   61 / 209

 No. steps =      77   No. f-s =    1427   No. J-s =       2   No. LU-s =      18
  No. nonlinear iterations =      88
  No. nonlinear convergence failures =       0
  No. error test failures =       0
  Last step size used =    0.43523E+07
  Index compenent largest error = ********

 ...   62 / 209

 No. steps =      73   No. f-s =    1424   No. J-s =       2   No. LU-s =      18
  No. nonlinear iterations =      85
  No. nonlinear convergence failures =       0
  No. error test failures =       0
  Last step size used =    0.46536E+07
  Index compenent largest error = ********

 ...   63 / 209

 No. steps =      72   No. f-s =    1424   No. J-s =       2   No. LU-s =      18
  No. nonlinear iterations =      85
  No. nonlinear convergence failures =       0
  No. error test failures =       0
  Last step size used =    0.40857E+07
  Index compenent largest error = ********

 ...   64 / 209

 No. steps =      72   No. f-s =    1424   No. J-s =       2   No. LU-s =      18
  No. nonlinear iterations =      85
  No. nonlinear convergence failures =       0
  No. error test failures =       0
  Last step size used =    0.42645E+07
  Index compenent largest error = ********

 ...   65 / 209

 No. steps =      72   No. f-s =    1424   No. J-s =       2   No. LU-s =      18
  No. nonlinear iterations =      85
  No. nonlinear convergence failures =       0
  No. error test failures =       0
  Last step size used =    0.42939E+07
  Index compenent largest error = ********

 ...   66 / 209

 No. steps =      72   No. f-s =    1423   No. J-s =       2   No. LU-s =      18
  No. nonlinear iterations =      84
  No. nonlinear convergence failures =       0
  No. error test failures =       0
  Last step size used =    0.54392E+07
  Index compenent largest error = ********

 ...   67 / 209

 No. steps =      70   No. f-s =    1420   No. J-s =       2   No. LU-s =      17
  No. nonlinear iterations =      81
  No. nonlinear convergence failures =       0
  No. error test failures =       0
  Last step size used =    0.41665E+07
  Index compenent largest error = ********

 ...   68 / 209

 No. steps =      70   No. f-s =    1418   No. J-s =       2   No. LU-s =      18
  No. nonlinear iterations =      79
  No. nonlinear convergence failures =       0
  No. error test failures =       0
  Last step size used =    0.50971E+07
  Index compenent largest error = ********

 ...   69 / 209

 No. steps =      70   No. f-s =    1417   No. J-s =       2   No. LU-s =      18
  No. nonlinear iterations =      78
  No. nonlinear convergence failures =       0
  No. error test failures =       0
  Last step size used =    0.61373E+07
  Index compenent largest error = ********

 ...   70 / 209

 No. steps =      71   No. f-s =    1417   No. J-s =       2   No. LU-s =      17
  No. nonlinear iterations =      78
  No. nonlinear convergence failures =       0
  No. error test failures =       0
  Last step size used =    0.45260E+07
  Index compenent largest error = ********

 ...   71 / 209

 No. steps =      70   No. f-s =    1417   No. J-s =       2   No. LU-s =      18
  No. nonlinear iterations =      78
  No. nonlinear convergence failures =       0
  No. error test failures =       0
  Last step size used =    0.61233E+07
  Index compenent largest error = ********

 ...   72 / 209

 No. steps =      68   No. f-s =    1415   No. J-s =       2   No. LU-s =      17
  No. nonlinear iterations =      76
  No. nonlinear convergence failures =       0
  No. error test failures =       0
  Last step size used =    0.48399E+07
  Index compenent largest error = ********

 ...   73 / 209

 No. steps =      66   No. f-s =    1413   No. J-s =       2   No. LU-s =      17
  No. nonlinear iterations =      74
  No. nonlinear convergence failures =       0
  No. error test failures =       0
  Last step size used =    0.48884E+07
  Index compenent largest error = ********

 ...   74 / 209

 No. steps =      66   No. f-s =    1413   No. J-s =       2   No. LU-s =      17
  No. nonlinear iterations =      74
  No. nonlinear convergence failures =       0
  No. error test failures =       0
  Last step size used =    0.53513E+07
  Index compenent largest error = ********

 ...   75 / 209

 No. steps =      65   No. f-s =    1412   No. J-s =       2   No. LU-s =      17
  No. nonlinear iterations =      73
  No. nonlinear convergence failures =       0
  No. error test failures =       0
  Last step size used =    0.64727E+07
  Index compenent largest error = ********

 ...   76 / 209

 No. steps =      64   No. f-s =    1411   No. J-s =       2   No. LU-s =      16
  No. nonlinear iterations =      72
  No. nonlinear convergence failures =       0
  No. error test failures =       0
  Last step size used =    0.49306E+07
  Index compenent largest error = ********

 ...   77 / 209

 No. steps =      64   No. f-s =    1411   No. J-s =       2   No. LU-s =      16
  No. nonlinear iterations =      72
  No. nonlinear convergence failures =       0
  No. error test failures =       0
  Last step size used =    0.48071E+07
  Index compenent largest error = ********

 ...   78 / 209

 No. steps =      63   No. f-s =    1410   No. J-s =       2   No. LU-s =      16
  No. nonlinear iterations =      71
  No. nonlinear convergence failures =       0
  No. error test failures =       0
  Last step size used =    0.55455E+07
  Index compenent largest error = ********

 ...   79 / 209

 No. steps =      62   No. f-s =    1409   No. J-s =       2   No. LU-s =      16
  No. nonlinear iterations =      70
  No. nonlinear convergence failures =       0
  No. error test failures =       0
  Last step size used =    0.46312E+07
  Index compenent largest error = ********

 ...   80 / 209

 No. steps =      60   No. f-s =    1408   No. J-s =       2   No. LU-s =      16
  No. nonlinear iterations =      69
  No. nonlinear convergence failures =       0
  No. error test failures =       0
  Last step size used =    0.59143E+07
  Index compenent largest error = ********

 ...   81 / 209

 No. steps =      58   No. f-s =    1404   No. J-s =       2   No. LU-s =      17
  No. nonlinear iterations =      65
  No. nonlinear convergence failures =       0
  No. error test failures =       0
  Last step size used =    0.75819E+07
  Index compenent largest error = ********

 ...   82 / 209

 No. steps =      58   No. f-s =    1404   No. J-s =       2   No. LU-s =      17
  No. nonlinear iterations =      65
  No. nonlinear convergence failures =       0
  No. error test failures =       0
  Last step size used =    0.75724E+07
  Index compenent largest error = ********

 ...   83 / 209

 No. steps =      58   No. f-s =    1403   No. J-s =       2   No. LU-s =      16
  No. nonlinear iterations =      64
  No. nonlinear convergence failures =       0
  No. error test failures =       0
  Last step size used =    0.55609E+07
  Index compenent largest error = ********

 ...   84 / 209

 No. steps =      56   No. f-s =    1403   No. J-s =       2   No. LU-s =      16
  No. nonlinear iterations =      64
  No. nonlinear convergence failures =       0
  No. error test failures =       0
  Last step size used =    0.62733E+07
  Index compenent largest error = ********

 ...   85 / 209

 No. steps =      58   No. f-s =    1403   No. J-s =       2   No. LU-s =      15
  No. nonlinear iterations =      64
  No. nonlinear convergence failures =       0
  No. error test failures =       0
  Last step size used =    0.42710E+07
  Index compenent largest error = ********

 ...   86 / 209

 No. steps =      56   No. f-s =    1403   No. J-s =       2   No. LU-s =      16
  No. nonlinear iterations =      64
  No. nonlinear convergence failures =       0
  No. error test failures =       0
  Last step size used =    0.55545E+07
  Index compenent largest error = ********

 ...   87 / 209

 No. steps =      56   No. f-s =    1403   No. J-s =       2   No. LU-s =      16
  No. nonlinear iterations =      64
  No. nonlinear convergence failures =       0
  No. error test failures =       0
  Last step size used =    0.57302E+07
  Index compenent largest error = ********

 ...   88 / 209

 No. steps =      58   No. f-s =    1404   No. J-s =       2   No. LU-s =      15
  No. nonlinear iterations =      65
  No. nonlinear convergence failures =       0
  No. error test failures =       0
  Last step size used =    0.52905E+07
  Index compenent largest error = ********

 ...   89 / 209

 No. steps =      57   No. f-s =    1404   No. J-s =       2   No. LU-s =      16
  No. nonlinear iterations =      65
  No. nonlinear convergence failures =       0
  No. error test failures =       0
  Last step size used =    0.54210E+07
  Index compenent largest error = ********

 ...   90 / 209

 No. steps =      56   No. f-s =    1403   No. J-s =       2   No. LU-s =      16
  No. nonlinear iterations =      64
  No. nonlinear convergence failures =       0
  No. error test failures =       0
  Last step size used =    0.58290E+07
  Index compenent largest error = ********

 ...   91 / 209

 No. steps =      57   No. f-s =    1403   No. J-s =       2   No. LU-s =      15
  No. nonlinear iterations =      64
  No. nonlinear convergence failures =       0
  No. error test failures =       0
  Last step size used =    0.54540E+07
  Index compenent largest error = ********

 ...   92 / 209

 No. steps =      55   No. f-s =    1402   No. J-s =       2   No. LU-s =      16
  No. nonlinear iterations =      63
  No. nonlinear convergence failures =       0
  No. error test failures =       0
  Last step size used =    0.63528E+07
  Index compenent largest error = ********

 ...   93 / 209

 No. steps =      56   No. f-s =    1403   No. J-s =       2   No. LU-s =      16
  No. nonlinear iterations =      64
  No. nonlinear convergence failures =       0
  No. error test failures =       0
  Last step size used =    0.59718E+07
  Index compenent largest error = ********

 ...   94 / 209

 No. steps =      51   No. f-s =     732   No. J-s =       1   No. LU-s =      15
  No. nonlinear iterations =      61
  No. nonlinear convergence failures =       0
  No. error test failures =       0
  Last step size used =    0.83782E+07
  Index compenent largest error = ********

 ...   95 / 209

 No. steps =      56   No. f-s =    1403   No. J-s =       2   No. LU-s =      16
  No. nonlinear iterations =      64
  No. nonlinear convergence failures =       0
  No. error test failures =       0
  Last step size used =    0.57100E+07
  Index compenent largest error = ********

 ...   96 / 209

 No. steps =      51   No. f-s =     729   No. J-s =       1   No. LU-s =      13
  No. nonlinear iterations =      58
  No. nonlinear convergence failures =       0
  No. error test failures =       0
  Last step size used =    0.54832E+07
  Index compenent largest error = ********

 ...   97 / 209

 No. steps =      57   No. f-s =    1403   No. J-s =       2   No. LU-s =      15
  No. nonlinear iterations =      64
  No. nonlinear convergence failures =       0
  No. error test failures =       0
  Last step size used =    0.57186E+07
  Index compenent largest error = ********

 ...   98 / 209

 No. steps =      57   No. f-s =    1402   No. J-s =       2   No. LU-s =      16
  No. nonlinear iterations =      63
  No. nonlinear convergence failures =       0
  No. error test failures =       0
  Last step size used =    0.69109E+07
  Index compenent largest error = ********

 ...   99 / 209

 No. steps =      57   No. f-s =    1402   No. J-s =       2   No. LU-s =      16
  No. nonlinear iterations =      63
  No. nonlinear convergence failures =       0
  No. error test failures =       0
  Last step size used =    0.70209E+07
  Index compenent largest error = ********

 ...  100 / 209

 No. steps =      57   No. f-s =    1402   No. J-s =       2   No. LU-s =      16
  No. nonlinear iterations =      63
  No. nonlinear convergence failures =       0
  No. error test failures =       0
  Last step size used =    0.68114E+07
  Index compenent largest error = ********

 ...  101 / 209

 No. steps =      58   No. f-s =    1403   No. J-s =       2   No. LU-s =      16
  No. nonlinear iterations =      64
  No. nonlinear convergence failures =       0
  No. error test failures =       0
  Last step size used =    0.65389E+07
  Index compenent largest error = ********

 ...  102 / 209

 No. steps =      58   No. f-s =    1405   No. J-s =       2   No. LU-s =      15
  No. nonlinear iterations =      66
  No. nonlinear convergence failures =       0
  No. error test failures =       0
  Last step size used =    0.52626E+07
  Index compenent largest error = ********

 ...  103 / 209

 No. steps =      59   No. f-s =    1405   No. J-s =       2   No. LU-s =      15
  No. nonlinear iterations =      66
  No. nonlinear convergence failures =       0
  No. error test failures =       0
  Last step size used =    0.48777E+07
  Index compenent largest error = ********

 ...  104 / 209

 No. steps =      58   No. f-s =    1402   No. J-s =       2   No. LU-s =      16
  No. nonlinear iterations =      63
  No. nonlinear convergence failures =       0
  No. error test failures =       0
  Last step size used =    0.64688E+07
  Index compenent largest error = ********

 ...  105 / 209

 No. steps =      58   No. f-s =    1405   No. J-s =       2   No. LU-s =      15
  No. nonlinear iterations =      66
  No. nonlinear convergence failures =       0
  No. error test failures =       0
  Last step size used =    0.53648E+07
  Index compenent largest error = ********

 ...  106 / 209

 No. steps =      58   No. f-s =    1405   No. J-s =       2   No. LU-s =      15
  No. nonlinear iterations =      66
  No. nonlinear convergence failures =       0
  No. error test failures =       0
  Last step size used =    0.54486E+07
  Index compenent largest error = ********

 ...  107 / 209

 No. steps =      54   No. f-s =    1400   No. J-s =       2   No. LU-s =      15
  No. nonlinear iterations =      61
  No. nonlinear convergence failures =       0
  No. error test failures =       0
  Last step size used =    0.62784E+07
  Index compenent largest error = ********

 ...  108 / 209

 No. steps =      58   No. f-s =    1402   No. J-s =       2   No. LU-s =      15
  No. nonlinear iterations =      63
  No. nonlinear convergence failures =       0
  No. error test failures =       0
  Last step size used =    0.42264E+07
  Index compenent largest error = ********

 ...  109 / 209

 No. steps =      58   No. f-s =    1406   No. J-s =       2   No. LU-s =      15
  No. nonlinear iterations =      67
  No. nonlinear convergence failures =       0
  No. error test failures =       0
  Last step size used =    0.53578E+07
  Index compenent largest error = ********

 ...  110 / 209

 No. steps =      60   No. f-s =    1407   No. J-s =       2   No. LU-s =      16
  No. nonlinear iterations =      68
  No. nonlinear convergence failures =       0
  No. error test failures =       0
  Last step size used =    0.54434E+07
  Index compenent largest error = ********

 ...  111 / 209

 No. steps =      60   No. f-s =    1407   No. J-s =       2   No. LU-s =      16
  No. nonlinear iterations =      68
  No. nonlinear convergence failures =       0
  No. error test failures =       0
  Last step size used =    0.52337E+07
  Index compenent largest error = ********

 ...  112 / 209

 No. steps =      55   No. f-s =    1400   No. J-s =       2   No. LU-s =      14
  No. nonlinear iterations =      61
  No. nonlinear convergence failures =       0
  No. error test failures =       0
  Last step size used =    0.53231E+07
  Index compenent largest error = ********

 ...  113 / 209

 No. steps =      59   No. f-s =    1406   No. J-s =       2   No. LU-s =      16
  No. nonlinear iterations =      67
  No. nonlinear convergence failures =       0
  No. error test failures =       0
  Last step size used =    0.55113E+07
  Index compenent largest error = ********

 ...  114 / 209

 No. steps =      59   No. f-s =    1406   No. J-s =       2   No. LU-s =      16
  No. nonlinear iterations =      67
  No. nonlinear convergence failures =       0
  No. error test failures =       0
  Last step size used =    0.57638E+07
  Index compenent largest error = ********

 ...  115 / 209

 No. steps =      61   No. f-s =    1407   No. J-s =       2   No. LU-s =      15
  No. nonlinear iterations =      68
  No. nonlinear convergence failures =       0
  No. error test failures =       0
  Last step size used =    0.58622E+07
  Index compenent largest error = ********

 ...  116 / 209

 No. steps =      58   No. f-s =    1406   No. J-s =       2   No. LU-s =      15
  No. nonlinear iterations =      67
  No. nonlinear convergence failures =       0
  No. error test failures =       0
  Last step size used =    0.48657E+07
  Index compenent largest error = ********

 ...  117 / 209

 No. steps =      59   No. f-s =    1406   No. J-s =       2   No. LU-s =      16
  No. nonlinear iterations =      67
  No. nonlinear convergence failures =       0
  No. error test failures =       0
  Last step size used =    0.59713E+07
  Index compenent largest error = ********

 ...  118 / 209

 No. steps =      57   No. f-s =    1401   No. J-s =       2   No. LU-s =      15
  No. nonlinear iterations =      62
  No. nonlinear convergence failures =       0
  No. error test failures =       0
  Last step size used =    0.48385E+07
  Index compenent largest error = ********

 ...  119 / 209

 No. steps =      58   No. f-s =    1405   No. J-s =       2   No. LU-s =      14
  No. nonlinear iterations =      66
  No. nonlinear convergence failures =       0
  No. error test failures =       0
  Last step size used =    0.41346E+07
  Index compenent largest error = ********

 ...  120 / 209

 No. steps =      58   No. f-s =    1405   No. J-s =       2   No. LU-s =      14
  No. nonlinear iterations =      66
  No. nonlinear convergence failures =       0
  No. error test failures =       0
  Last step size used =    0.42311E+07
  Index compenent largest error = ********

 ...  121 / 209

 No. steps =      58   No. f-s =    1405   No. J-s =       2   No. LU-s =      16
  No. nonlinear iterations =      66
  No. nonlinear convergence failures =       0
  No. error test failures =       0
  Last step size used =    0.62002E+07
  Index compenent largest error = ********

 ...  122 / 209

 No. steps =      59   No. f-s =    1406   No. J-s =       2   No. LU-s =      16
  No. nonlinear iterations =      67
  No. nonlinear convergence failures =       0
  No. error test failures =       0
  Last step size used =    0.60159E+07
  Index compenent largest error = ********

 ...  123 / 209

 No. steps =      58   No. f-s =    1406   No. J-s =       2   No. LU-s =      15
  No. nonlinear iterations =      67
  No. nonlinear convergence failures =       0
  No. error test failures =       0
  Last step size used =    0.67631E+07
  Index compenent largest error = ********

 ...  124 / 209

 No. steps =      57   No. f-s =    1404   No. J-s =       2   No. LU-s =      14
  No. nonlinear iterations =      65
  No. nonlinear convergence failures =       0
  No. error test failures =       0
  Last step size used =    0.43552E+07
  Index compenent largest error = ********

 ...  125 / 209

 No. steps =      57   No. f-s =    1404   No. J-s =       2   No. LU-s =      14
  No. nonlinear iterations =      65
  No. nonlinear convergence failures =       0
  No. error test failures =       0
  Last step size used =    0.44435E+07
  Index compenent largest error = ********

 ...  126 / 209

 No. steps =      59   No. f-s =    1405   No. J-s =       2   No. LU-s =      14
  No. nonlinear iterations =      66
  No. nonlinear convergence failures =       0
  No. error test failures =       0
  Last step size used =    0.42093E+07
  Index compenent largest error = ********

 ...  127 / 209

 No. steps =      58   No. f-s =    1405   No. J-s =       2   No. LU-s =      15
  No. nonlinear iterations =      66
  No. nonlinear convergence failures =       0
  No. error test failures =       0
  Last step size used =    0.52428E+07
  Index compenent largest error = ********

 ...  128 / 209

 No. steps =      59   No. f-s =    1406   No. J-s =       2   No. LU-s =      14
  No. nonlinear iterations =      67
  No. nonlinear convergence failures =       0
  No. error test failures =       0
  Last step size used =    0.43053E+07
  Index compenent largest error = ********

 ...  129 / 209

 No. steps =      54   No. f-s =    1401   No. J-s =       2   No. LU-s =      15
  No. nonlinear iterations =      62
  No. nonlinear convergence failures =       0
  No. error test failures =       0
  Last step size used =    0.66199E+07
  Index compenent largest error = ********

 ...  130 / 209

 No. steps =      56   No. f-s =    1403   No. J-s =       2   No. LU-s =      14
  No. nonlinear iterations =      64
  No. nonlinear convergence failures =       0
  No. error test failures =       0
  Last step size used =    0.50439E+07
  Index compenent largest error = ********

 ...  131 / 209

 No. steps =      57   No. f-s =    1405   No. J-s =       2   No. LU-s =      14
  No. nonlinear iterations =      66
  No. nonlinear convergence failures =       0
  No. error test failures =       0
  Last step size used =    0.43193E+07
  Index compenent largest error = ********

 ...  132 / 209

 No. steps =      58   No. f-s =    1405   No. J-s =       2   No. LU-s =      14
  No. nonlinear iterations =      66
  No. nonlinear convergence failures =       0
  No. error test failures =       0
  Last step size used =    0.44176E+07
  Index compenent largest error = ********

 ...  133 / 209

 No. steps =      54   No. f-s =    1398   No. J-s =       2   No. LU-s =      15
  No. nonlinear iterations =      59
  No. nonlinear convergence failures =       0
  No. error test failures =       0
  Last step size used =    0.54929E+07
  Index compenent largest error = ********

 ...  134 / 209

 No. steps =      56   No. f-s =    1404   No. J-s =       2   No. LU-s =      14
  No. nonlinear iterations =      65
  No. nonlinear convergence failures =       0
  No. error test failures =       0
  Last step size used =    0.47378E+07
  Index compenent largest error = ********

 ...  135 / 209

 No. steps =      56   No. f-s =    1404   No. J-s =       2   No. LU-s =      14
  No. nonlinear iterations =      65
  No. nonlinear convergence failures =       0
  No. error test failures =       0
  Last step size used =    0.46374E+07
  Index compenent largest error = ********

 ...  136 / 209

 No. steps =      56   No. f-s =    1404   No. J-s =       2   No. LU-s =      14
  No. nonlinear iterations =      65
  No. nonlinear convergence failures =       0
  No. error test failures =       0
  Last step size used =    0.47870E+07
  Index compenent largest error = ********

 ...  137 / 209

 No. steps =      56   No. f-s =    1402   No. J-s =       2   No. LU-s =      14
  No. nonlinear iterations =      63
  No. nonlinear convergence failures =       0
  No. error test failures =       0
  Last step size used =    0.42016E+07
  Index compenent largest error = ********

 ...  138 / 209

 No. steps =      56   No. f-s =    1403   No. J-s =       2   No. LU-s =      14
  No. nonlinear iterations =      64
  No. nonlinear convergence failures =       0
  No. error test failures =       0
  Last step size used =    0.44965E+07
  Index compenent largest error = ********

 ...  139 / 209

 No. steps =      56   No. f-s =    1403   No. J-s =       2   No. LU-s =      14
  No. nonlinear iterations =      64
  No. nonlinear convergence failures =       0
  No. error test failures =       0
  Last step size used =    0.46639E+07
  Index compenent largest error = ********

 ...  140 / 209

 No. steps =      53   No. f-s =     733   No. J-s =       1   No. LU-s =      14
  No. nonlinear iterations =      62
  No. nonlinear convergence failures =       0
  No. error test failures =       0
  Last step size used =    0.53193E+07
  Index compenent largest error = ********

 ...  141 / 209

 No. steps =      55   No. f-s =    1402   No. J-s =       2   No. LU-s =      14
  No. nonlinear iterations =      63
  No. nonlinear convergence failures =       0
  No. error test failures =       0
  Last step size used =    0.48864E+07
  Index compenent largest error = ********

 ...  142 / 209

 No. steps =      55   No. f-s =    1402   No. J-s =       2   No. LU-s =      14
  No. nonlinear iterations =      63
  No. nonlinear convergence failures =       0
  No. error test failures =       0
  Last step size used =    0.48902E+07
  Index compenent largest error = ********

 ...  143 / 209

 No. steps =      55   No. f-s =    1401   No. J-s =       2   No. LU-s =      14
  No. nonlinear iterations =      62
  No. nonlinear convergence failures =       0
  No. error test failures =       0
  Last step size used =    0.45437E+07
  Index compenent largest error = ********

 ...  144 / 209

 No. steps =      51   No. f-s =     729   No. J-s =       1   No. LU-s =      14
  No. nonlinear iterations =      58
  No. nonlinear convergence failures =       0
  No. error test failures =       0
  Last step size used =    0.63303E+07
  Index compenent largest error = ********

 ...  145 / 209

 No. steps =      53   No. f-s =     733   No. J-s =       1   No. LU-s =      14
  No. nonlinear iterations =      62
  No. nonlinear convergence failures =       0
  No. error test failures =       0
  Last step size used =    0.69881E+07
  Index compenent largest error = ********

 ...  146 / 209

 No. steps =      53   No. f-s =     733   No. J-s =       1   No. LU-s =      14
  No. nonlinear iterations =      62
  No. nonlinear convergence failures =       0
  No. error test failures =       0
  Last step size used =    0.63588E+07
  Index compenent largest error = ********

 ...  147 / 209

 No. steps =      54   No. f-s =    1401   No. J-s =       2   No. LU-s =      14
  No. nonlinear iterations =      62
  No. nonlinear convergence failures =       0
  No. error test failures =       0
  Last step size used =    0.52597E+07
  Index compenent largest error = ********

 ...  148 / 209

 No. steps =      53   No. f-s =     733   No. J-s =       1   No. LU-s =      14
  No. nonlinear iterations =      62
  No. nonlinear convergence failures =       0
  No. error test failures =       0
  Last step size used =    0.66884E+07
  Index compenent largest error = ********

 ...  149 / 209

 No. steps =      54   No. f-s =     732   No. J-s =       1   No. LU-s =      13
  No. nonlinear iterations =      61
  No. nonlinear convergence failures =       0
  No. error test failures =       0
  Last step size used =    0.41185E+07
  Index compenent largest error = ********

 ...  150 / 209

 No. steps =      51   No. f-s =     729   No. J-s =       1   No. LU-s =      14
  No. nonlinear iterations =      58
  No. nonlinear convergence failures =       0
  No. error test failures =       0
  Last step size used =    0.64848E+07
  Index compenent largest error = ********

 ...  151 / 209

 No. steps =      52   No. f-s =    1396   No. J-s =       2   No. LU-s =      14
  No. nonlinear iterations =      57
  No. nonlinear convergence failures =       0
  No. error test failures =       0
  Last step size used =    0.62119E+07
  Index compenent largest error = ********

 ...  152 / 209

 No. steps =      53   No. f-s =    1400   No. J-s =       2   No. LU-s =      14
  No. nonlinear iterations =      61
  No. nonlinear convergence failures =       0
  No. error test failures =       0
  Last step size used =    0.67138E+07
  Index compenent largest error = ********

 ...  153 / 209

 No. steps =      52   No. f-s =     731   No. J-s =       1   No. LU-s =      13
  No. nonlinear iterations =      60
  No. nonlinear convergence failures =       0
  No. error test failures =       0
  Last step size used =    0.44014E+07
  Index compenent largest error = ********

 ...  154 / 209

 No. steps =      54   No. f-s =     732   No. J-s =       1   No. LU-s =      13
  No. nonlinear iterations =      61
  No. nonlinear convergence failures =       0
  No. error test failures =       0
  Last step size used =    0.44274E+07
  Index compenent largest error = ********

 ...  155 / 209

 No. steps =      48   No. f-s =     727   No. J-s =       1   No. LU-s =      14
  No. nonlinear iterations =      56
  No. nonlinear convergence failures =       0
  No. error test failures =       0
  Last step size used =    0.61065E+07
  Index compenent largest error = ********

 ...  156 / 209

 No. steps =      50   No. f-s =     728   No. J-s =       1   No. LU-s =      14
  No. nonlinear iterations =      57
  No. nonlinear convergence failures =       0
  No. error test failures =       0
  Last step size used =    0.68244E+07
  Index compenent largest error = ********

 ...  157 / 209

 No. steps =      51   No. f-s =     730   No. J-s =       1   No. LU-s =      14
  No. nonlinear iterations =      59
  No. nonlinear convergence failures =       0
  No. error test failures =       0
  Last step size used =    0.63795E+07
  Index compenent largest error = ********

 ...  158 / 209

 No. steps =      50   No. f-s =     729   No. J-s =       1   No. LU-s =      13
  No. nonlinear iterations =      58
  No. nonlinear convergence failures =       0
  No. error test failures =       0
  Last step size used =    0.57794E+07
  Index compenent largest error = ********

 ...  159 / 209

 No. steps =      49   No. f-s =     728   No. J-s =       1   No. LU-s =      13
  No. nonlinear iterations =      57
  No. nonlinear convergence failures =       0
  No. error test failures =       0
  Last step size used =    0.53997E+07
  Index compenent largest error = ********

 ...  160 / 209

 No. steps =      52   No. f-s =     731   No. J-s =       1   No. LU-s =      13
  No. nonlinear iterations =      60
  No. nonlinear convergence failures =       0
  No. error test failures =       0
  Last step size used =    0.41985E+07
  Index compenent largest error = ********

 ...  161 / 209

 No. steps =      49   No. f-s =     727   No. J-s =       1   No. LU-s =      13
  No. nonlinear iterations =      56
  No. nonlinear convergence failures =       0
  No. error test failures =       0
  Last step size used =    0.64283E+07
  Index compenent largest error = ********

 ...  162 / 209

 No. steps =      48   No. f-s =     727   No. J-s =       1   No. LU-s =      14
  No. nonlinear iterations =      56
  No. nonlinear convergence failures =       0
  No. error test failures =       0
  Last step size used =    0.72987E+07
  Index compenent largest error = ********

 ...  163 / 209

 No. steps =      49   No. f-s =     727   No. J-s =       1   No. LU-s =      13
  No. nonlinear iterations =      56
  No. nonlinear convergence failures =       0
  No. error test failures =       0
  Last step size used =    0.64313E+07
  Index compenent largest error = ********

 ...  164 / 209

 No. steps =      49   No. f-s =     727   No. J-s =       1   No. LU-s =      13
  No. nonlinear iterations =      56
  No. nonlinear convergence failures =       0
  No. error test failures =       0
  Last step size used =    0.63807E+07
  Index compenent largest error = ********

 ...  165 / 209

 No. steps =      52   No. f-s =     731   No. J-s =       1   No. LU-s =      13
  No. nonlinear iterations =      60
  No. nonlinear convergence failures =       0
  No. error test failures =       0
  Last step size used =    0.43521E+07
  Index compenent largest error = ********

 ...  166 / 209

 No. steps =      47   No. f-s =     724   No. J-s =       1   No. LU-s =      13
  No. nonlinear iterations =      53
  No. nonlinear convergence failures =       0
  No. error test failures =       0
  Last step size used =    0.10001E+08
  Index compenent largest error = ********

 ...  167 / 209

 No. steps =      48   No. f-s =     727   No. J-s =       1   No. LU-s =      14
  No. nonlinear iterations =      56
  No. nonlinear convergence failures =       0
  No. error test failures =       0
  Last step size used =    0.77699E+07
  Index compenent largest error = ********

 ...  168 / 209

 No. steps =      48   No. f-s =     727   No. J-s =       1   No. LU-s =      14
  No. nonlinear iterations =      56
  No. nonlinear convergence failures =       0
  No. error test failures =       0
  Last step size used =    0.79306E+07
  Index compenent largest error = ********

 ...  169 / 209

 No. steps =      48   No. f-s =     727   No. J-s =       1   No. LU-s =      14
  No. nonlinear iterations =      56
  No. nonlinear convergence failures =       0
  No. error test failures =       0
  Last step size used =    0.79597E+07
  Index compenent largest error = ********

 ...  170 / 209

 No. steps =      48   No. f-s =     727   No. J-s =       1   No. LU-s =      14
  No. nonlinear iterations =      56
  No. nonlinear convergence failures =       0
  No. error test failures =       0
  Last step size used =    0.80203E+07
  Index compenent largest error = ********

 ...  171 / 209

 No. steps =      49   No. f-s =     727   No. J-s =       1   No. LU-s =      12
  No. nonlinear iterations =      56
  No. nonlinear convergence failures =       0
  No. error test failures =       0
  Last step size used =    0.43768E+07
  Index compenent largest error = ********

 ...  172 / 209

 No. steps =      48   No. f-s =     727   No. J-s =       1   No. LU-s =      14
  No. nonlinear iterations =      56
  No. nonlinear convergence failures =       0
  No. error test failures =       0
  Last step size used =    0.79458E+07
  Index compenent largest error = ********

 ...  173 / 209

 No. steps =      46   No. f-s =     722   No. J-s =       1   No. LU-s =      12
  No. nonlinear iterations =      51
  No. nonlinear convergence failures =       0
  No. error test failures =       0
  Last step size used =    0.67969E+07
  Index compenent largest error = ********

 ...  174 / 209

 No. steps =      46   No. f-s =     722   No. J-s =       1   No. LU-s =      12
  No. nonlinear iterations =      51
  No. nonlinear convergence failures =       0
  No. error test failures =       0
  Last step size used =    0.68324E+07
  Index compenent largest error = ********

 ...  175 / 209

 No. steps =      46   No. f-s =     722   No. J-s =       1   No. LU-s =      12
  No. nonlinear iterations =      51
  No. nonlinear convergence failures =       0
  No. error test failures =       0
  Last step size used =    0.69776E+07
  Index compenent largest error = ********

 ...  176 / 209

 No. steps =      47   No. f-s =     727   No. J-s =       1   No. LU-s =      13
  No. nonlinear iterations =      56
  No. nonlinear convergence failures =       0
  No. error test failures =       0
  Last step size used =    0.63879E+07
  Index compenent largest error = ********

 ...  177 / 209

 No. steps =      45   No. f-s =     721   No. J-s =       1   No. LU-s =      12
  No. nonlinear iterations =      50
  No. nonlinear convergence failures =       0
  No. error test failures =       0
  Last step size used =    0.63027E+07
  Index compenent largest error = ********

 ...  178 / 209

 No. steps =      44   No. f-s =     721   No. J-s =       1   No. LU-s =      12
  No. nonlinear iterations =      50
  No. nonlinear convergence failures =       0
  No. error test failures =       0
  Last step size used =    0.81334E+07
  Index compenent largest error = ********

 ...  179 / 209

 No. steps =      46   No. f-s =     722   No. J-s =       1   No. LU-s =      11
  No. nonlinear iterations =      51
  No. nonlinear convergence failures =       0
  No. error test failures =       0
  Last step size used =    0.48050E+07
  Index compenent largest error = ********

 ...  180 / 209

 No. steps =      44   No. f-s =     721   No. J-s =       1   No. LU-s =      12
  No. nonlinear iterations =      50
  No. nonlinear convergence failures =       0
  No. error test failures =       0
  Last step size used =    0.82276E+07
  Index compenent largest error = ********

 ...  181 / 209

 No. steps =      46   No. f-s =     724   No. J-s =       1   No. LU-s =      14
  No. nonlinear iterations =      53
  No. nonlinear convergence failures =       0
  No. error test failures =       0
  Last step size used =    0.78697E+07
  Index compenent largest error = ********

 ...  182 / 209

 No. steps =      46   No. f-s =     724   No. J-s =       1   No. LU-s =      14
  No. nonlinear iterations =      53
  No. nonlinear convergence failures =       0
  No. error test failures =       0
  Last step size used =    0.86062E+07
  Index compenent largest error = ********

 ...  183 / 209

 No. steps =      44   No. f-s =     721   No. J-s =       1   No. LU-s =      12
  No. nonlinear iterations =      50
  No. nonlinear convergence failures =       0
  No. error test failures =       0
  Last step size used =    0.82295E+07
  Index compenent largest error = ********

 ...  184 / 209

 No. steps =      44   No. f-s =     722   No. J-s =       1   No. LU-s =      13
  No. nonlinear iterations =      51
  No. nonlinear convergence failures =       0
  No. error test failures =       0
  Last step size used =    0.72770E+07
  Index compenent largest error = ********

 ...  185 / 209

 No. steps =      45   No. f-s =     721   No. J-s =       1   No. LU-s =      12
  No. nonlinear iterations =      50
  No. nonlinear convergence failures =       0
  No. error test failures =       0
  Last step size used =    0.73510E+07
  Index compenent largest error = ********

 ...  186 / 209

 No. steps =      45   No. f-s =     721   No. J-s =       1   No. LU-s =      12
  No. nonlinear iterations =      50
  No. nonlinear convergence failures =       0
  No. error test failures =       0
  Last step size used =    0.75166E+07
  Index compenent largest error = ********

 ...  187 / 209

 No. steps =      45   No. f-s =     723   No. J-s =       1   No. LU-s =      13
  No. nonlinear iterations =      52
  No. nonlinear convergence failures =       0
  No. error test failures =       0
  Last step size used =    0.54480E+07
  Index compenent largest error = ********

 ...  188 / 209

 No. steps =      44   No. f-s =     722   No. J-s =       1   No. LU-s =      13
  No. nonlinear iterations =      51
  No. nonlinear convergence failures =       0
  No. error test failures =       0
  Last step size used =    0.88325E+07
  Index compenent largest error = ********

 ...  189 / 209

 No. steps =      45   No. f-s =     721   No. J-s =       1   No. LU-s =      12
  No. nonlinear iterations =      50
  No. nonlinear convergence failures =       0
  No. error test failures =       0
  Last step size used =    0.72446E+07
  Index compenent largest error = ********

 ...  190 / 209

 No. steps =      45   No. f-s =     721   No. J-s =       1   No. LU-s =      12
  No. nonlinear iterations =      50
  No. nonlinear convergence failures =       0
  No. error test failures =       0
  Last step size used =    0.76316E+07
  Index compenent largest error = ********

 ...  191 / 209

 No. steps =      43   No. f-s =     721   No. J-s =       1   No. LU-s =      12
  No. nonlinear iterations =      50
  No. nonlinear convergence failures =       0
  No. error test failures =       0
  Last step size used =    0.52626E+07
  Index compenent largest error = ********

 ...  192 / 209

 No. steps =      45   No. f-s =     721   No. J-s =       1   No. LU-s =      12
  No. nonlinear iterations =      50
  No. nonlinear convergence failures =       0
  No. error test failures =       0
  Last step size used =    0.74160E+07
  Index compenent largest error = ********

 ...  193 / 209

 No. steps =      43   No. f-s =     721   No. J-s =       1   No. LU-s =      12
  No. nonlinear iterations =      50
  No. nonlinear convergence failures =       0
  No. error test failures =       0
  Last step size used =    0.54368E+07
  Index compenent largest error = ********

 ...  194 / 209

 No. steps =      45   No. f-s =     721   No. J-s =       1   No. LU-s =      12
  No. nonlinear iterations =      50
  No. nonlinear convergence failures =       0
  No. error test failures =       0
  Last step size used =    0.76455E+07
  Index compenent largest error = ********

 ...  195 / 209

 No. steps =      43   No. f-s =     721   No. J-s =       1   No. LU-s =      12
  No. nonlinear iterations =      50
  No. nonlinear convergence failures =       0
  No. error test failures =       0
  Last step size used =    0.56275E+07
  Index compenent largest error = ********

 ...  196 / 209

 No. steps =      44   No. f-s =     720   No. J-s =       1   No. LU-s =      12
  No. nonlinear iterations =      49
  No. nonlinear convergence failures =       0
  No. error test failures =       0
  Last step size used =    0.74103E+07
  Index compenent largest error = ********

 ...  197 / 209

 No. steps =      42   No. f-s =     718   No. J-s =       1   No. LU-s =      11
  No. nonlinear iterations =      47
  No. nonlinear convergence failures =       0
  No. error test failures =       0
  Last step size used =    0.50874E+07
  Index compenent largest error = ********

 ...  198 / 209

 No. steps =      44   No. f-s =     720   No. J-s =       1   No. LU-s =      12
  No. nonlinear iterations =      49
  No. nonlinear convergence failures =       0
  No. error test failures =       0
  Last step size used =    0.73932E+07
  Index compenent largest error = ********

 ...  199 / 209

 No. steps =      43   No. f-s =     721   No. J-s =       1   No. LU-s =      12
  No. nonlinear iterations =      50
  No. nonlinear convergence failures =       0
  No. error test failures =       0
  Last step size used =    0.56646E+07
  Index compenent largest error = ********

 ...  200 / 209

 No. steps =      44   No. f-s =     720   No. J-s =       1   No. LU-s =      12
  No. nonlinear iterations =      49
  No. nonlinear convergence failures =       0
  No. error test failures =       0
  Last step size used =    0.73911E+07
  Index compenent largest error = ********

 ...  201 / 209

 No. steps =      43   No. f-s =     719   No. J-s =       1   No. LU-s =      12
  No. nonlinear iterations =      48
  No. nonlinear convergence failures =       0
  No. error test failures =       0
  Last step size used =    0.77123E+07
  Index compenent largest error = ********

 ...  202 / 209

 No. steps =      42   No. f-s =     718   No. J-s =       1   No. LU-s =      11
  No. nonlinear iterations =      47
  No. nonlinear convergence failures =       0
  No. error test failures =       0
  Last step size used =    0.49859E+07
  Index compenent largest error = ********

 ...  203 / 209

 No. steps =      42   No. f-s =     718   No. J-s =       1   No. LU-s =      11
  No. nonlinear iterations =      47
  No. nonlinear convergence failures =       0
  No. error test failures =       0
  Last step size used =    0.54712E+07
  Index compenent largest error = ********

 ...  204 / 209

 No. steps =      44   No. f-s =     720   No. J-s =       1   No. LU-s =      12
  No. nonlinear iterations =      49
  No. nonlinear convergence failures =       0
  No. error test failures =       0
  Last step size used =    0.88996E+07
  Index compenent largest error = ********

 ...  205 / 209

 No. steps =      42   No. f-s =     718   No. J-s =       1   No. LU-s =      11
  No. nonlinear iterations =      47
  No. nonlinear convergence failures =       0
  No. error test failures =       0
  Last step size used =    0.50741E+07
  Index compenent largest error = ********

 ...  206 / 209

 No. steps =      44   No. f-s =     720   No. J-s =       1   No. LU-s =      12
  No. nonlinear iterations =      49
  No. nonlinear convergence failures =       0
  No. error test failures =       0
  Last step size used =    0.89987E+07
  Index compenent largest error = ********

 ...  207 / 209

 No. steps =      44   No. f-s =     720   No. J-s =       1   No. LU-s =      12
  No. nonlinear iterations =      49
  No. nonlinear convergence failures =       0
  No. error test failures =       0
  Last step size used =    0.88738E+07
  Index compenent largest error = ********

 ...  208 / 209

 No. steps =      41   No. f-s =     717   No. J-s =       1   No. LU-s =      11
  No. nonlinear iterations =      46
  No. nonlinear convergence failures =       0
  No. error test failures =       0
  Last step size used =    0.56833E+07
  Index compenent largest error = ********

 ...  209 / 209

 No. steps =      41   No. f-s =     717   No. J-s =       1   No. LU-s =      11
  No. nonlinear iterations =      46
  No. nonlinear convergence failures =       0
  No. error test failures =       0
  Last step size used =    0.55708E+07
  Index compenent largest error = ********


    ... DONE!
 +++++++++++++++++++++++++++++++++++++++++++++++++++


+------------------ Job Report: 10461715 (COMPLETED) ------------------+
| Memory (RAM)  [                    ]  0.1% (1 MB peak / 1 GB)        |
| CPU           [#############       ] 67.7% average                   |
| Time          [>                   ]  1.8% (0-00:01:05 / 0-01:00:00) |
|                                                                      |
| Lustre Filesystem:                                                   |
|   Path    Total Read    Total Write    Total IOPS                    |
|   ------  ------------  -------------  ------------                  |
|   /apps   0 B           0 B            18                            |
|   /fred   16 KB         18 MB          1.5 K                         |
|                                                                      |
| Warnings:                                                            |
|   - Too much memory requested                                        |
|   - CPU usage is low                                                 |
|   - Too much time requested                                          |
+----------------------------------------------------------------------+
