Starting job 10461264, array task 435 on dave60
Chemistry type: Crich
Analysis mode: false
Found 459 valid particle IDs in /fred/oz304/beckers/Chemistry/traces/wind_v10/trace_output_with_av
Returning 457 particle IDs (after start_index=2 offset)
SLURM task 435: processing particle 3935205
Running Crich evolving_model on 1 phantom particle trace(s) from wind_v10

 +++++++++++++++++++++++++++++++++++++++++++++++++++
 +++++        ENVELOPE CHEMICAL MODEL         ++++++
 +++++++++++++++++++++++++++++++++++++++++++++++++++

 Version 1.0 authored by Catherine Walsh and Maria 
    Drozdovskaya, Leiden Observatory (01/08/2013)

 Version 1.1 amended by Catherine Walsh (18/05/2014)

 Version 1.2 amended by Catherine Walsh (13/08/2015)

 +++++++++++++++++++++++++++++++++++++++++++++++++++

          Input file =  Crich/param/trace_file_param/file_parameters_3935205.txt              

 Physical conditions  = Crich/input/3935205.txt                                               
 Chemical network     = ./rate12_complex.rates                                                
 Species file         = ./rate12_complex_atomic_Crich.specs                                   
 Binding energies     = ./rate12_binding.dat                                                  
 Reaction parameters  = param/reaction_parameters.txt                                         
 Grain parameters     = param/grain_parameters.txt                                            
 Radiation parameters = param/radiation_parameters.txt                                        

 Output file          = Crich/output/model_output_3935205.dat                                 
 Rates file           = Crich/output/model_rates_3935205.dat                                  

 Opening and reading physical conditions file ...

 +++++++++++++++++++++++++++++++++++++++++++++++++++
 Beginning to run model ...
 +++++++++++++++++++++++++++++++++++++++++++++++++++

 Preparing output files ...

 Progress = ...
 ...    1 /  77

 No. steps =    1159   No. f-s =   19910   No. J-s =      27   No. LU-s =     203
  No. nonlinear iterations =    1873
  No. nonlinear convergence failures =       0
  No. error test failures =      73
  Last step size used =    0.80603E+08
  Index compenent largest error = ********

 ...    2 /  77

 No. steps =     173   No. f-s =    2872   No. J-s =       4   No. LU-s =      31
  No. nonlinear iterations =     197
  No. nonlinear convergence failures =       0
  No. error test failures =       1
  Last step size used =    0.41559E+07
  Index compenent largest error = ********

 ...    3 /  77

 No. steps =     159   No. f-s =    2184   No. J-s =       3   No. LU-s =      29
  No. nonlinear iterations =     177
  No. nonlinear convergence failures =       0
  No. error test failures =       1
  Last step size used =    0.27657E+07
  Index compenent largest error = ********

 ...    4 /  77

 No. steps =     148   No. f-s =    2177   No. J-s =       3   No. LU-s =      29
  No. nonlinear iterations =     170
  No. nonlinear convergence failures =       0
  No. error test failures =       1
  Last step size used =    0.38020E+07
  Index compenent largest error = ********

 ...    5 /  77

 No. steps =    1017   No. f-s =   16082   No. J-s =      22   No. LU-s =     131
  No. nonlinear iterations =    1384
  No. nonlinear convergence failures =       0
  No. error test failures =      38
  Last step size used =    0.45283E+06
  Index compenent largest error = ********

 ...    6 /  77

 No. steps =     234   No. f-s =    3612   No. J-s =       5   No. LU-s =      33
  No. nonlinear iterations =     269
  No. nonlinear convergence failures =       0
  No. error test failures =       1
  Last step size used =    0.78341E+06
  Index compenent largest error = ********

 ...    7 /  77

 No. steps =     199   No. f-s =    2911   No. J-s =       4   No. LU-s =      35
  No. nonlinear iterations =     236
  No. nonlinear convergence failures =       0
  No. error test failures =       4
  Last step size used =    0.90305E+06
  Index compenent largest error = ********

 ...    8 /  77

 No. steps =     166   No. f-s =    2868   No. J-s =       4   No. LU-s =      26
  No. nonlinear iterations =     193
  No. nonlinear convergence failures =       0
  No. error test failures =       0
  Last step size used =    0.99144E+06
  Index compenent largest error = ********

 ...    9 /  77

 No. steps =     160   No. f-s =    2191   No. J-s =       3   No. LU-s =      27
  No. nonlinear iterations =     184
  No. nonlinear convergence failures =       0
  No. error test failures =       2
  Last step size used =    0.67825E+06
  Index compenent largest error = ********

 ...   10 /  77

 No. steps =     184   No. f-s =    2903   No. J-s =       4   No. LU-s =      36
  No. nonlinear iterations =     228
  No. nonlinear convergence failures =       0
  No. error test failures =       4
  Last step size used =    0.11860E+07
  Index compenent largest error = ********

 ...   11 /  77

 No. steps =     197   No. f-s =    2920   No. J-s =       4   No. LU-s =      32
  No. nonlinear iterations =     245
  No. nonlinear convergence failures =       0
  No. error test failures =       5
  Last step size used =    0.17527E+07
  Index compenent largest error = ********

 ...   12 /  77

 No. steps =     288   No. f-s =    4371   No. J-s =       6   No. LU-s =      46
  No. nonlinear iterations =     360
  No. nonlinear convergence failures =       0
  No. error test failures =      10
  Last step size used =    0.29514E+07
  Index compenent largest error = ********

 ...   13 /  77

 No. steps =     184   No. f-s =    2892   No. J-s =       4   No. LU-s =      31
  No. nonlinear iterations =     217
  No. nonlinear convergence failures =       0
  No. error test failures =       3
  Last step size used =    0.24978E+07
  Index compenent largest error = ********

 ...   14 /  77

 No. steps =     173   No. f-s =    2864   No. J-s =       4   No. LU-s =      28
  No. nonlinear iterations =     189
  No. nonlinear convergence failures =       0
  No. error test failures =       0
  Last step size used =    0.50155E+07
  Index compenent largest error = ********

 ...   15 /  77

 No. steps =     180   No. f-s =    2878   No. J-s =       4   No. LU-s =      29
  No. nonlinear iterations =     203
  No. nonlinear convergence failures =       0
  No. error test failures =       1
  Last step size used =    0.31077E+07
  Index compenent largest error = ********

 ...   16 /  77

 No. steps =     186   No. f-s =    2882   No. J-s =       4   No. LU-s =      25
  No. nonlinear iterations =     207
  No. nonlinear convergence failures =       0
  No. error test failures =       0
  Last step size used =    0.13623E+07
  Index compenent largest error = ********

 ...   17 /  77

 No. steps =     169   No. f-s =    2866   No. J-s =       4   No. LU-s =      25
  No. nonlinear iterations =     191
  No. nonlinear convergence failures =       0
  No. error test failures =       0
  Last step size used =    0.31712E+07
  Index compenent largest error = ********

 ...   18 /  77

 No. steps =     163   No. f-s =    2188   No. J-s =       3   No. LU-s =      26
  No. nonlinear iterations =     181
  No. nonlinear convergence failures =       0
  No. error test failures =       0
  Last step size used =    0.39003E+07
  Index compenent largest error = ********

 ...   19 /  77

 No. steps =     151   No. f-s =    2177   No. J-s =       3   No. LU-s =      27
  No. nonlinear iterations =     170
  No. nonlinear convergence failures =       0
  No. error test failures =       0
  Last step size used =    0.41297E+07
  Index compenent largest error = ********

 ...   20 /  77

 No. steps =     148   No. f-s =    2178   No. J-s =       3   No. LU-s =      26
  No. nonlinear iterations =     171
  No. nonlinear convergence failures =       0
  No. error test failures =       1
  Last step size used =    0.29955E+07
  Index compenent largest error = ********

 ...   21 /  77

 No. steps =     136   No. f-s =    2163   No. J-s =       3   No. LU-s =      24
  No. nonlinear iterations =     156
  No. nonlinear convergence failures =       0
  No. error test failures =       0
  Last step size used =    0.33517E+07
  Index compenent largest error = ********

 ...   22 /  77

 No. steps =     129   No. f-s =    2154   No. J-s =       3   No. LU-s =      24
  No. nonlinear iterations =     147
  No. nonlinear convergence failures =       0
  No. error test failures =       0
  Last step size used =    0.41727E+07
  Index compenent largest error = ********

 ...   23 /  77

 No. steps =     130   No. f-s =    2150   No. J-s =       3   No. LU-s =      24
  No. nonlinear iterations =     143
  No. nonlinear convergence failures =       0
  No. error test failures =       0
  Last step size used =    0.33263E+07
  Index compenent largest error = ********

 ...   24 /  77

 No. steps =     125   No. f-s =    2144   No. J-s =       3   No. LU-s =      25
  No. nonlinear iterations =     137
  No. nonlinear convergence failures =       0
  No. error test failures =       0
  Last step size used =    0.42902E+07
  Index compenent largest error = ********

 ...   25 /  77

 No. steps =     122   No. f-s =    2142   No. J-s =       3   No. LU-s =      24
  No. nonlinear iterations =     135
  No. nonlinear convergence failures =       0
  No. error test failures =       0
  Last step size used =    0.40296E+07
  Index compenent largest error = ********

 ...   26 /  77

 No. steps =     119   No. f-s =    2141   No. J-s =       3   No. LU-s =      24
  No. nonlinear iterations =     134
  No. nonlinear convergence failures =       0
  No. error test failures =       0
  Last step size used =    0.42261E+07
  Index compenent largest error = ********

 ...   27 /  77

 No. steps =     116   No. f-s =    2138   No. J-s =       3   No. LU-s =      23
  No. nonlinear iterations =     131
  No. nonlinear convergence failures =       0
  No. error test failures =       0
  Last step size used =    0.30726E+07
  Index compenent largest error = ********

 ...   28 /  77

 No. steps =     115   No. f-s =    2136   No. J-s =       3   No. LU-s =      23
  No. nonlinear iterations =     129
  No. nonlinear convergence failures =       0
  No. error test failures =       0
  Last step size used =    0.43701E+07
  Index compenent largest error = ********

 ...   29 /  77

 No. steps =     114   No. f-s =    2132   No. J-s =       3   No. LU-s =      24
  No. nonlinear iterations =     125
  No. nonlinear convergence failures =       0
  No. error test failures =       0
  Last step size used =    0.49626E+07
  Index compenent largest error = ********

 ...   30 /  77

 No. steps =     112   No. f-s =    2129   No. J-s =       3   No. LU-s =      23
  No. nonlinear iterations =     122
  No. nonlinear convergence failures =       0
  No. error test failures =       0
  Last step size used =    0.46615E+07
  Index compenent largest error = ********

 ...   31 /  77

 No. steps =     109   No. f-s =    2126   No. J-s =       3   No. LU-s =      23
  No. nonlinear iterations =     119
  No. nonlinear convergence failures =       0
  No. error test failures =       0
  Last step size used =    0.47284E+07
  Index compenent largest error = ********

 ...   32 /  77

 No. steps =     107   No. f-s =    1457   No. J-s =       2   No. LU-s =      22
  No. nonlinear iterations =     118
  No. nonlinear convergence failures =       0
  No. error test failures =       0
  Last step size used =    0.33810E+07
  Index compenent largest error = ********

 ...   33 /  77

 No. steps =     103   No. f-s =    1452   No. J-s =       2   No. LU-s =      22
  No. nonlinear iterations =     113
  No. nonlinear convergence failures =       0
  No. error test failures =       0
  Last step size used =    0.48045E+07
  Index compenent largest error = ********

 ...   34 /  77

 No. steps =     101   No. f-s =    1451   No. J-s =       2   No. LU-s =      22
  No. nonlinear iterations =     112
  No. nonlinear convergence failures =       0
  No. error test failures =       0
  Last step size used =    0.47608E+07
  Index compenent largest error = ********

 ...   35 /  77

 No. steps =      98   No. f-s =    1445   No. J-s =       2   No. LU-s =      21
  No. nonlinear iterations =     106
  No. nonlinear convergence failures =       0
  No. error test failures =       0
  Last step size used =    0.35875E+07
  Index compenent largest error = ********

 ...   36 /  77

 No. steps =      93   No. f-s =    1442   No. J-s =       2   No. LU-s =      21
  No. nonlinear iterations =     103
  No. nonlinear convergence failures =       0
  No. error test failures =       0
  Last step size used =    0.39468E+07
  Index compenent largest error = ********

 ...   37 /  77

 No. steps =      90   No. f-s =    1439   No. J-s =       2   No. LU-s =      21
  No. nonlinear iterations =     100
  No. nonlinear convergence failures =       0
  No. error test failures =       0
  Last step size used =    0.45177E+07
  Index compenent largest error = ********

 ...   38 /  77

 No. steps =      82   No. f-s =    1431   No. J-s =       2   No. LU-s =      19
  No. nonlinear iterations =      92
  No. nonlinear convergence failures =       0
  No. error test failures =       0
  Last step size used =    0.42189E+07
  Index compenent largest error = ********

 ...   39 /  77

 No. steps =      80   No. f-s =    1424   No. J-s =       2   No. LU-s =      18
  No. nonlinear iterations =      85
  No. nonlinear convergence failures =       0
  No. error test failures =       0
  Last step size used =    0.43518E+07
  Index compenent largest error = ********

 ...   40 /  77

 No. steps =      86   No. f-s =    1435   No. J-s =       2   No. LU-s =      21
  No. nonlinear iterations =      96
  No. nonlinear convergence failures =       0
  No. error test failures =       0
  Last step size used =    0.43971E+07
  Index compenent largest error = ********

 ...   41 /  77

 No. steps =      89   No. f-s =    1438   No. J-s =       2   No. LU-s =      20
  No. nonlinear iterations =      99
  No. nonlinear convergence failures =       0
  No. error test failures =       0
  Last step size used =    0.36022E+07
  Index compenent largest error = ********

 ...   42 /  77

 No. steps =      89   No. f-s =    1438   No. J-s =       2   No. LU-s =      20
  No. nonlinear iterations =      99
  No. nonlinear convergence failures =       0
  No. error test failures =       0
  Last step size used =    0.36008E+07
  Index compenent largest error = ********

 ...   43 /  77

 No. steps =      88   No. f-s =    1436   No. J-s =       2   No. LU-s =      21
  No. nonlinear iterations =      97
  No. nonlinear convergence failures =       0
  No. error test failures =       0
  Last step size used =    0.41551E+07
  Index compenent largest error = ********

 ...   44 /  77

 No. steps =      83   No. f-s =    1431   No. J-s =       2   No. LU-s =      21
  No. nonlinear iterations =      92
  No. nonlinear convergence failures =       0
  No. error test failures =       0
  Last step size used =    0.52791E+07
  Index compenent largest error = ********

 ...   45 /  77

 No. steps =      69   No. f-s =    1413   No. J-s =       2   No. LU-s =      18
  No. nonlinear iterations =      74
  No. nonlinear convergence failures =       0
  No. error test failures =       0
  Last step size used =    0.44608E+07
  Index compenent largest error = ********

 ...   46 /  77

 No. steps =      74   No. f-s =    1421   No. J-s =       2   No. LU-s =      18
  No. nonlinear iterations =      82
  No. nonlinear convergence failures =       0
  No. error test failures =       0
  Last step size used =    0.38919E+07
  Index compenent largest error = ********

 ...   47 /  77

 No. steps =      85   No. f-s =    1430   No. J-s =       2   No. LU-s =      20
  No. nonlinear iterations =      91
  No. nonlinear convergence failures =       0
  No. error test failures =       0
  Last step size used =    0.45094E+07
  Index compenent largest error = ********

 ...   48 /  77

 No. steps =      87   No. f-s =    1436   No. J-s =       2   No. LU-s =      21
  No. nonlinear iterations =      97
  No. nonlinear convergence failures =       0
  No. error test failures =       0
  Last step size used =    0.43621E+07
  Index compenent largest error = ********

 ...   49 /  77

 No. steps =      89   No. f-s =    1438   No. J-s =       2   No. LU-s =      21
  No. nonlinear iterations =      99
  No. nonlinear convergence failures =       0
  No. error test failures =       0
  Last step size used =    0.45989E+07
  Index compenent largest error = ********

 ...   50 /  77

 No. steps =      92   No. f-s =    1439   No. J-s =       2   No. LU-s =      21
  No. nonlinear iterations =     100
  No. nonlinear convergence failures =       0
  No. error test failures =       0
  Last step size used =    0.36096E+07
  Index compenent largest error = ********

 ...   51 /  77

 No. steps =      93   No. f-s =    1439   No. J-s =       2   No. LU-s =      21
  No. nonlinear iterations =     100
  No. nonlinear convergence failures =       0
  No. error test failures =       0
  Last step size used =    0.43593E+07
  Index compenent largest error = ********

 ...   52 /  77

 No. steps =      92   No. f-s =    1440   No. J-s =       2   No. LU-s =      21
  No. nonlinear iterations =     101
  No. nonlinear convergence failures =       0
  No. error test failures =       0
  Last step size used =    0.36152E+07
  Index compenent largest error = ********

 ...   53 /  77

 No. steps =      92   No. f-s =    1439   No. J-s =       2   No. LU-s =      21
  No. nonlinear iterations =     100
  No. nonlinear convergence failures =       0
  No. error test failures =       0
  Last step size used =    0.37765E+07
  Index compenent largest error = ********

 ...   54 /  77

 No. steps =      91   No. f-s =    1438   No. J-s =       2   No. LU-s =      21
  No. nonlinear iterations =      99
  No. nonlinear convergence failures =       0
  No. error test failures =       0
  Last step size used =    0.39766E+07
  Index compenent largest error = ********

 ...   55 /  77

 No. steps =      90   No. f-s =    1437   No. J-s =       2   No. LU-s =      21
  No. nonlinear iterations =      98
  No. nonlinear convergence failures =       0
  No. error test failures =       0
  Last step size used =    0.42958E+07
  Index compenent largest error = ********

 ...   56 /  77

 No. steps =      89   No. f-s =    1435   No. J-s =       2   No. LU-s =      21
  No. nonlinear iterations =      96
  No. nonlinear convergence failures =       0
  No. error test failures =       0
  Last step size used =    0.45173E+07
  Index compenent largest error = ********

 ...   57 /  77

 No. steps =      89   No. f-s =    1435   No. J-s =       2   No. LU-s =      21
  No. nonlinear iterations =      96
  No. nonlinear convergence failures =       0
  No. error test failures =       0
  Last step size used =    0.52891E+07
  Index compenent largest error = ********

 ...   58 /  77

 No. steps =      88   No. f-s =    1434   No. J-s =       2   No. LU-s =      20
  No. nonlinear iterations =      95
  No. nonlinear convergence failures =       0
  No. error test failures =       0
  Last step size used =    0.35260E+07
  Index compenent largest error = ********

 ...   59 /  77

 No. steps =      87   No. f-s =    1433   No. J-s =       2   No. LU-s =      20
  No. nonlinear iterations =      94
  No. nonlinear convergence failures =       0
  No. error test failures =       0
  Last step size used =    0.37520E+07
  Index compenent largest error = ********

 ...   60 /  77

 No. steps =      87   No. f-s =    1433   No. J-s =       2   No. LU-s =      20
  No. nonlinear iterations =      94
  No. nonlinear convergence failures =       0
  No. error test failures =       0
  Last step size used =    0.39147E+07
  Index compenent largest error = ********

 ...   61 /  77

 No. steps =      87   No. f-s =    1433   No. J-s =       2   No. LU-s =      20
  No. nonlinear iterations =      94
  No. nonlinear convergence failures =       0
  No. error test failures =       0
  Last step size used =    0.40324E+07
  Index compenent largest error = ********

 ...   62 /  77

 No. steps =      86   No. f-s =    1432   No. J-s =       2   No. LU-s =      20
  No. nonlinear iterations =      93
  No. nonlinear convergence failures =       0
  No. error test failures =       0
  Last step size used =    0.42310E+07
  Index compenent largest error = ********

 ...   63 /  77

 No. steps =      86   No. f-s =    1432   No. J-s =       2   No. LU-s =      21
  No. nonlinear iterations =      93
  No. nonlinear convergence failures =       0
  No. error test failures =       0
  Last step size used =    0.60245E+07
  Index compenent largest error = ********

 ...   64 /  77

 No. steps =      85   No. f-s =    1431   No. J-s =       2   No. LU-s =      20
  No. nonlinear iterations =      92
  No. nonlinear convergence failures =       0
  No. error test failures =       0
  Last step size used =    0.40690E+07
  Index compenent largest error = ********

 ...   65 /  77

 No. steps =      85   No. f-s =    1431   No. J-s =       2   No. LU-s =      20
  No. nonlinear iterations =      92
  No. nonlinear convergence failures =       0
  No. error test failures =       0
  Last step size used =    0.42288E+07
  Index compenent largest error = ********

 ...   66 /  77

 No. steps =      84   No. f-s =    1430   No. J-s =       2   No. LU-s =      20
  No. nonlinear iterations =      91
  No. nonlinear convergence failures =       0
  No. error test failures =       0
  Last step size used =    0.44349E+07
  Index compenent largest error = ********

 ...   67 /  77

 No. steps =      84   No. f-s =    1430   No. J-s =       2   No. LU-s =      20
  No. nonlinear iterations =      91
  No. nonlinear convergence failures =       0
  No. error test failures =       0
  Last step size used =    0.47118E+07
  Index compenent largest error = ********

 ...   68 /  77

 No. steps =      83   No. f-s =    1429   No. J-s =       2   No. LU-s =      20
  No. nonlinear iterations =      90
  No. nonlinear convergence failures =       0
  No. error test failures =       0
  Last step size used =    0.49568E+07
  Index compenent largest error = ********

 ...   69 /  77

 No. steps =      80   No. f-s =    1428   No. J-s =       2   No. LU-s =      19
  No. nonlinear iterations =      89
  No. nonlinear convergence failures =       0
  No. error test failures =       0
  Last step size used =    0.39249E+07
  Index compenent largest error = ********

 ...   70 /  77

 No. steps =      81   No. f-s =    1431   No. J-s =       2   No. LU-s =      19
  No. nonlinear iterations =      92
  No. nonlinear convergence failures =       0
  No. error test failures =       0
  Last step size used =    0.42226E+07
  Index compenent largest error = ********

 ...   71 /  77

 No. steps =      81   No. f-s =    1430   No. J-s =       2   No. LU-s =      19
  No. nonlinear iterations =      91
  No. nonlinear convergence failures =       0
  No. error test failures =       0
  Last step size used =    0.43219E+07
  Index compenent largest error = ********

 ...   72 /  77

 No. steps =      80   No. f-s =    1429   No. J-s =       2   No. LU-s =      19
  No. nonlinear iterations =      90
  No. nonlinear convergence failures =       0
  No. error test failures =       0
  Last step size used =    0.46185E+07
  Index compenent largest error = ********

 ...   73 /  77

 No. steps =      78   No. f-s =    1429   No. J-s =       2   No. LU-s =      19
  No. nonlinear iterations =      90
  No. nonlinear convergence failures =       0
  No. error test failures =       0
  Last step size used =    0.51732E+07
  Index compenent largest error = ********

 ...   74 /  77

 No. steps =      79   No. f-s =    1427   No. J-s =       2   No. LU-s =      19
  No. nonlinear iterations =      88
  No. nonlinear convergence failures =       0
  No. error test failures =       0
  Last step size used =    0.44613E+07
  Index compenent largest error = ********

 ...   75 /  77

 No. steps =      78   No. f-s =    1426   No. J-s =       2   No. LU-s =      19
  No. nonlinear iterations =      87
  No. nonlinear convergence failures =       0
  No. error test failures =       0
  Last step size used =    0.47937E+07
  Index compenent largest error = ********

 ...   76 /  77

 No. steps =      77   No. f-s =    1425   No. J-s =       2   No. LU-s =      19
  No. nonlinear iterations =      86
  No. nonlinear convergence failures =       0
  No. error test failures =       0
  Last step size used =    0.52726E+07
  Index compenent largest error = ********

 ...   77 /  77

 No. steps =      74   No. f-s =    1422   No. J-s =       2   No. LU-s =      18
  No. nonlinear iterations =      83
  No. nonlinear convergence failures =       0
  No. error test failures =       0
  Last step size used =    0.42105E+07
  Index compenent largest error = ********


    ... DONE!
 +++++++++++++++++++++++++++++++++++++++++++++++++++


+------------------ Job Report: 10461838 (COMPLETED) ------------------+
| Memory (RAM)  No data available                                      |
| CPU           [############        ] 63.6% average                   |
| Time          [>                   ]  0.9% (0-00:00:33 / 0-01:00:00) |
|                                                                      |
| Lustre Filesystem:                                                   |
|   No data available                                                  |
+----------------------------------------------------------------------+
