Starting job 10461264, array task 396 on dave89
Chemistry type: Crich
Analysis mode: false
Found 459 valid particle IDs in /fred/oz304/beckers/Chemistry/traces/wind_v10/trace_output_with_av
Returning 457 particle IDs (after start_index=2 offset)
SLURM task 396: processing particle 3604240
Running Crich evolving_model on 1 phantom particle trace(s) from wind_v10

 +++++++++++++++++++++++++++++++++++++++++++++++++++
 +++++        ENVELOPE CHEMICAL MODEL         ++++++
 +++++++++++++++++++++++++++++++++++++++++++++++++++

 Version 1.0 authored by Catherine Walsh and Maria 
    Drozdovskaya, Leiden Observatory (01/08/2013)

 Version 1.1 amended by Catherine Walsh (18/05/2014)

 Version 1.2 amended by Catherine Walsh (13/08/2015)

 +++++++++++++++++++++++++++++++++++++++++++++++++++

          Input file =  Crich/param/trace_file_param/file_parameters_3604240.txt              

 Physical conditions  = Crich/input/3604240.txt                                               
 Chemical network     = ./rate12_complex.rates                                                
 Species file         = ./rate12_complex_atomic_Crich.specs                                   
 Binding energies     = ./rate12_binding.dat                                                  
 Reaction parameters  = param/reaction_parameters.txt                                         
 Grain parameters     = param/grain_parameters.txt                                            
 Radiation parameters = param/radiation_parameters.txt                                        

 Output file          = Crich/output/model_output_3604240.dat                                 
 Rates file           = Crich/output/model_rates_3604240.dat                                  

 Opening and reading physical conditions file ...

 +++++++++++++++++++++++++++++++++++++++++++++++++++
 Beginning to run model ...
 +++++++++++++++++++++++++++++++++++++++++++++++++++

 Preparing output files ...

 Progress = ...
 ...    1 / 206

 No. steps =    1052   No. f-s =   16995   No. J-s =      23   No. LU-s =     170
  No. nonlinear iterations =    1630
  No. nonlinear convergence failures =       0
  No. error test failures =      49
  Last step size used =    0.13963E+09
  Index compenent largest error = ********

 ...    2 / 206

 No. steps =     386   No. f-s =    5814   No. J-s =       8   No. LU-s =      57
  No. nonlinear iterations =     467
  No. nonlinear convergence failures =       0
  No. error test failures =      12
  Last step size used =    0.19617E+07
  Index compenent largest error = ********

 ...    3 / 206

 No. steps =     201   No. f-s =    2902   No. J-s =       4   No. LU-s =      35
  No. nonlinear iterations =     227
  No. nonlinear convergence failures =       0
  No. error test failures =       1
  Last step size used =    0.35150E+07
  Index compenent largest error = ********

 ...    4 / 206

 No. steps =     196   No. f-s =    2895   No. J-s =       4   No. LU-s =      33
  No. nonlinear iterations =     220
  No. nonlinear convergence failures =       0
  No. error test failures =       1
  Last step size used =    0.28802E+07
  Index compenent largest error = ********

 ...    5 / 206

 No. steps =     185   No. f-s =    2882   No. J-s =       4   No. LU-s =      32
  No. nonlinear iterations =     207
  No. nonlinear convergence failures =       0
  No. error test failures =       1
  Last step size used =    0.30979E+07
  Index compenent largest error = ********

 ...    6 / 206

 No. steps =     167   No. f-s =    2198   No. J-s =       3   No. LU-s =      29
  No. nonlinear iterations =     191
  No. nonlinear convergence failures =       0
  No. error test failures =       0
  Last step size used =    0.31526E+07
  Index compenent largest error = ********

 ...    7 / 206

 No. steps =     159   No. f-s =    2183   No. J-s =       3   No. LU-s =      28
  No. nonlinear iterations =     176
  No. nonlinear convergence failures =       0
  No. error test failures =       0
  Last step size used =    0.31433E+07
  Index compenent largest error = ********

 ...    8 / 206

 No. steps =     155   No. f-s =    2184   No. J-s =       3   No. LU-s =      28
  No. nonlinear iterations =     177
  No. nonlinear convergence failures =       0
  No. error test failures =       0
  Last step size used =    0.34239E+07
  Index compenent largest error = ********

 ...    9 / 206

 No. steps =     150   No. f-s =    2174   No. J-s =       3   No. LU-s =      27
  No. nonlinear iterations =     167
  No. nonlinear convergence failures =       0
  No. error test failures =       0
  Last step size used =    0.30553E+07
  Index compenent largest error = ********

 ...   10 / 206

 No. steps =     144   No. f-s =    2167   No. J-s =       3   No. LU-s =      26
  No. nonlinear iterations =     160
  No. nonlinear convergence failures =       0
  No. error test failures =       0
  Last step size used =    0.31276E+07
  Index compenent largest error = ********

 ...   11 / 206

 No. steps =     139   No. f-s =    2161   No. J-s =       3   No. LU-s =      26
  No. nonlinear iterations =     154
  No. nonlinear convergence failures =       0
  No. error test failures =       0
  Last step size used =    0.33723E+07
  Index compenent largest error = ********

 ...   12 / 206

 No. steps =     136   No. f-s =    2159   No. J-s =       3   No. LU-s =      26
  No. nonlinear iterations =     152
  No. nonlinear convergence failures =       0
  No. error test failures =       0
  Last step size used =    0.36288E+07
  Index compenent largest error = ********

 ...   13 / 206

 No. steps =     130   No. f-s =    2156   No. J-s =       3   No. LU-s =      25
  No. nonlinear iterations =     149
  No. nonlinear convergence failures =       0
  No. error test failures =       0
  Last step size used =    0.29266E+07
  Index compenent largest error = ********

 ...   14 / 206

 No. steps =     124   No. f-s =    2147   No. J-s =       3   No. LU-s =      25
  No. nonlinear iterations =     140
  No. nonlinear convergence failures =       0
  No. error test failures =       0
  Last step size used =    0.47156E+07
  Index compenent largest error = ********

 ...   15 / 206

 No. steps =     120   No. f-s =    2141   No. J-s =       3   No. LU-s =      24
  No. nonlinear iterations =     134
  No. nonlinear convergence failures =       0
  No. error test failures =       0
  Last step size used =    0.40824E+07
  Index compenent largest error = ********

 ...   16 / 206

 No. steps =     124   No. f-s =    2152   No. J-s =       3   No. LU-s =      26
  No. nonlinear iterations =     145
  No. nonlinear convergence failures =       0
  No. error test failures =       1
  Last step size used =    0.56957E+07
  Index compenent largest error = ********

 ...   17 / 206

 No. steps =     161   No. f-s =    2190   No. J-s =       3   No. LU-s =      27
  No. nonlinear iterations =     183
  No. nonlinear convergence failures =       0
  No. error test failures =       1
  Last step size used =    0.30467E+07
  Index compenent largest error = ********

 ...   18 / 206

 No. steps =     147   No. f-s =    2176   No. J-s =       3   No. LU-s =      27
  No. nonlinear iterations =     169
  No. nonlinear convergence failures =       0
  No. error test failures =       1
  Last step size used =    0.27503E+07
  Index compenent largest error = ********

 ...   19 / 206

 No. steps =     113   No. f-s =    2133   No. J-s =       3   No. LU-s =      22
  No. nonlinear iterations =     126
  No. nonlinear convergence failures =       0
  No. error test failures =       0
  Last step size used =    0.30352E+07
  Index compenent largest error = ********

 ...   20 / 206

 No. steps =     118   No. f-s =    2135   No. J-s =       3   No. LU-s =      24
  No. nonlinear iterations =     128
  No. nonlinear convergence failures =       0
  No. error test failures =       0
  Last step size used =    0.38947E+07
  Index compenent largest error = ********

 ...   21 / 206

 No. steps =     120   No. f-s =    2139   No. J-s =       3   No. LU-s =      24
  No. nonlinear iterations =     132
  No. nonlinear convergence failures =       0
  No. error test failures =       0
  Last step size used =    0.41104E+07
  Index compenent largest error = ********

 ...   22 / 206

 No. steps =     121   No. f-s =    2141   No. J-s =       3   No. LU-s =      23
  No. nonlinear iterations =     134
  No. nonlinear convergence failures =       0
  No. error test failures =       0
  Last step size used =    0.50262E+07
  Index compenent largest error = ********

 ...   23 / 206

 No. steps =     120   No. f-s =    2143   No. J-s =       3   No. LU-s =      24
  No. nonlinear iterations =     136
  No. nonlinear convergence failures =       0
  No. error test failures =       0
  Last step size used =    0.55361E+07
  Index compenent largest error = ********

 ...   24 / 206

 No. steps =     117   No. f-s =    2138   No. J-s =       3   No. LU-s =      23
  No. nonlinear iterations =     131
  No. nonlinear convergence failures =       0
  No. error test failures =       0
  Last step size used =    0.41182E+07
  Index compenent largest error = ********

 ...   25 / 206

 No. steps =     114   No. f-s =    2136   No. J-s =       3   No. LU-s =      23
  No. nonlinear iterations =     129
  No. nonlinear convergence failures =       0
  No. error test failures =       0
  Last step size used =    0.41902E+07
  Index compenent largest error = ********

 ...   26 / 206

 No. steps =     110   No. f-s =    1459   No. J-s =       2   No. LU-s =      22
  No. nonlinear iterations =     120
  No. nonlinear convergence failures =       0
  No. error test failures =       0
  Last step size used =    0.43042E+07
  Index compenent largest error = ********

 ...   27 / 206

 No. steps =     108   No. f-s =    2126   No. J-s =       3   No. LU-s =      22
  No. nonlinear iterations =     119
  No. nonlinear convergence failures =       0
  No. error test failures =       0
  Last step size used =    0.53457E+07
  Index compenent largest error = ********

 ...   28 / 206

 No. steps =     105   No. f-s =    1454   No. J-s =       2   No. LU-s =      21
  No. nonlinear iterations =     115
  No. nonlinear convergence failures =       0
  No. error test failures =       0
  Last step size used =    0.43317E+07
  Index compenent largest error = ********

 ...   29 / 206

 No. steps =     102   No. f-s =    1454   No. J-s =       2   No. LU-s =      22
  No. nonlinear iterations =     115
  No. nonlinear convergence failures =       0
  No. error test failures =       0
  Last step size used =    0.37847E+07
  Index compenent largest error = ********

 ...   30 / 206

 No. steps =     102   No. f-s =    1454   No. J-s =       2   No. LU-s =      22
  No. nonlinear iterations =     115
  No. nonlinear convergence failures =       0
  No. error test failures =       0
  Last step size used =    0.44820E+07
  Index compenent largest error = ********

 ...   31 / 206

 No. steps =     100   No. f-s =    1453   No. J-s =       2   No. LU-s =      22
  No. nonlinear iterations =     114
  No. nonlinear convergence failures =       0
  No. error test failures =       0
  Last step size used =    0.47032E+07
  Index compenent largest error = ********

 ...   32 / 206

 No. steps =      99   No. f-s =    1452   No. J-s =       2   No. LU-s =      21
  No. nonlinear iterations =     113
  No. nonlinear convergence failures =       0
  No. error test failures =       0
  Last step size used =    0.41121E+07
  Index compenent largest error = ********

 ...   33 / 206

 No. steps =      99   No. f-s =    1451   No. J-s =       2   No. LU-s =      22
  No. nonlinear iterations =     112
  No. nonlinear convergence failures =       0
  No. error test failures =       0
  Last step size used =    0.56121E+07
  Index compenent largest error = ********

 ...   34 / 206

 No. steps =      97   No. f-s =    1450   No. J-s =       2   No. LU-s =      21
  No. nonlinear iterations =     111
  No. nonlinear convergence failures =       0
  No. error test failures =       0
  Last step size used =    0.45562E+07
  Index compenent largest error = ********

 ...   35 / 206

 No. steps =      97   No. f-s =    1449   No. J-s =       2   No. LU-s =      21
  No. nonlinear iterations =     110
  No. nonlinear convergence failures =       0
  No. error test failures =       0
  Last step size used =    0.45584E+07
  Index compenent largest error = ********

 ...   36 / 206

 No. steps =      94   No. f-s =    1445   No. J-s =       2   No. LU-s =      21
  No. nonlinear iterations =     106
  No. nonlinear convergence failures =       0
  No. error test failures =       0
  Last step size used =    0.45628E+07
  Index compenent largest error = ********

 ...   37 / 206

 No. steps =      96   No. f-s =    1446   No. J-s =       2   No. LU-s =      21
  No. nonlinear iterations =     107
  No. nonlinear convergence failures =       0
  No. error test failures =       0
  Last step size used =    0.54900E+07
  Index compenent largest error = ********

 ...   38 / 206

 No. steps =      94   No. f-s =    1444   No. J-s =       2   No. LU-s =      21
  No. nonlinear iterations =     105
  No. nonlinear convergence failures =       0
  No. error test failures =       0
  Last step size used =    0.55567E+07
  Index compenent largest error = ********

 ...   39 / 206

 No. steps =      94   No. f-s =    1443   No. J-s =       2   No. LU-s =      20
  No. nonlinear iterations =     104
  No. nonlinear convergence failures =       0
  No. error test failures =       0
  Last step size used =    0.37979E+07
  Index compenent largest error = ********

 ...   40 / 206

 No. steps =      92   No. f-s =    1442   No. J-s =       2   No. LU-s =      20
  No. nonlinear iterations =     103
  No. nonlinear convergence failures =       0
  No. error test failures =       0
  Last step size used =    0.38425E+07
  Index compenent largest error = ********

 ...   41 / 206

 No. steps =      91   No. f-s =    1442   No. J-s =       2   No. LU-s =      20
  No. nonlinear iterations =     103
  No. nonlinear convergence failures =       0
  No. error test failures =       0
  Last step size used =    0.50177E+07
  Index compenent largest error = ********

 ...   42 / 206

 No. steps =      88   No. f-s =    1437   No. J-s =       2   No. LU-s =      20
  No. nonlinear iterations =      98
  No. nonlinear convergence failures =       0
  No. error test failures =       0
  Last step size used =    0.50816E+07
  Index compenent largest error = ********

 ...   43 / 206

 No. steps =      85   No. f-s =    1438   No. J-s =       2   No. LU-s =      19
  No. nonlinear iterations =      99
  No. nonlinear convergence failures =       0
  No. error test failures =       0
  Last step size used =    0.44818E+07
  Index compenent largest error = ********

 ...   44 / 206

 No. steps =      81   No. f-s =    1431   No. J-s =       2   No. LU-s =      20
  No. nonlinear iterations =      92
  No. nonlinear convergence failures =       0
  No. error test failures =       0
  Last step size used =    0.50581E+07
  Index compenent largest error = ********

 ...   45 / 206

 No. steps =      77   No. f-s =    1428   No. J-s =       2   No. LU-s =      18
  No. nonlinear iterations =      89
  No. nonlinear convergence failures =       0
  No. error test failures =       0
  Last step size used =    0.47674E+07
  Index compenent largest error = ********

 ...   46 / 206

 No. steps =      72   No. f-s =    1421   No. J-s =       2   No. LU-s =      19
  No. nonlinear iterations =      82
  No. nonlinear convergence failures =       0
  No. error test failures =       0
  Last step size used =    0.70348E+07
  Index compenent largest error = ********

 ...   47 / 206

 No. steps =      71   No. f-s =    1422   No. J-s =       2   No. LU-s =      18
  No. nonlinear iterations =      83
  No. nonlinear convergence failures =       0
  No. error test failures =       0
  Last step size used =    0.79716E+07
  Index compenent largest error = ********

 ...   48 / 206

 No. steps =      68   No. f-s =    1421   No. J-s =       2   No. LU-s =      17
  No. nonlinear iterations =      82
  No. nonlinear convergence failures =       0
  No. error test failures =       0
  Last step size used =    0.61657E+07
  Index compenent largest error = ********

 ...   49 / 206

 No. steps =      69   No. f-s =    1415   No. J-s =       2   No. LU-s =      18
  No. nonlinear iterations =      76
  No. nonlinear convergence failures =       0
  No. error test failures =       0
  Last step size used =    0.70319E+07
  Index compenent largest error = ********

 ...   50 / 206

 No. steps =      68   No. f-s =    1414   No. J-s =       2   No. LU-s =      17
  No. nonlinear iterations =      75
  No. nonlinear convergence failures =       0
  No. error test failures =       0
  Last step size used =    0.51496E+07
  Index compenent largest error = ********

 ...   51 / 206

 No. steps =      68   No. f-s =    1416   No. J-s =       2   No. LU-s =      19
  No. nonlinear iterations =      77
  No. nonlinear convergence failures =       0
  No. error test failures =       0
  Last step size used =    0.56400E+07
  Index compenent largest error = ********

 ...   52 / 206

 No. steps =      71   No. f-s =    1424   No. J-s =       2   No. LU-s =      19
  No. nonlinear iterations =      85
  No. nonlinear convergence failures =       0
  No. error test failures =       0
  Last step size used =    0.93430E+07
  Index compenent largest error = ********

 ...   53 / 206

 No. steps =      74   No. f-s =    1422   No. J-s =       2   No. LU-s =      19
  No. nonlinear iterations =      83
  No. nonlinear convergence failures =       0
  No. error test failures =       0
  Last step size used =    0.48769E+07
  Index compenent largest error = ********

 ...   54 / 206

 No. steps =      74   No. f-s =    1423   No. J-s =       2   No. LU-s =      18
  No. nonlinear iterations =      84
  No. nonlinear convergence failures =       0
  No. error test failures =       0
  Last step size used =    0.45814E+07
  Index compenent largest error = ********

 ...   55 / 206

 No. steps =      74   No. f-s =    1423   No. J-s =       2   No. LU-s =      19
  No. nonlinear iterations =      84
  No. nonlinear convergence failures =       0
  No. error test failures =       0
  Last step size used =    0.71553E+07
  Index compenent largest error = ********

 ...   56 / 206

 No. steps =      74   No. f-s =    1423   No. J-s =       2   No. LU-s =      18
  No. nonlinear iterations =      84
  No. nonlinear convergence failures =       0
  No. error test failures =       0
  Last step size used =    0.43776E+07
  Index compenent largest error = ********

 ...   57 / 206

 No. steps =      75   No. f-s =    1424   No. J-s =       2   No. LU-s =      18
  No. nonlinear iterations =      85
  No. nonlinear convergence failures =       0
  No. error test failures =       0
  Last step size used =    0.39596E+07
  Index compenent largest error = ********

 ...   58 / 206

 No. steps =      78   No. f-s =    1427   No. J-s =       2   No. LU-s =      19
  No. nonlinear iterations =      88
  No. nonlinear convergence failures =       0
  No. error test failures =       0
  Last step size used =    0.53613E+07
  Index compenent largest error = ********

 ...   59 / 206

 No. steps =      77   No. f-s =    1426   No. J-s =       2   No. LU-s =      19
  No. nonlinear iterations =      87
  No. nonlinear convergence failures =       0
  No. error test failures =       0
  Last step size used =    0.56971E+07
  Index compenent largest error = ********

 ...   60 / 206

 No. steps =      77   No. f-s =    1426   No. J-s =       2   No. LU-s =      19
  No. nonlinear iterations =      87
  No. nonlinear convergence failures =       0
  No. error test failures =       0
  Last step size used =    0.58710E+07
  Index compenent largest error = ********

 ...   61 / 206

 No. steps =      77   No. f-s =    1428   No. J-s =       2   No. LU-s =      18
  No. nonlinear iterations =      89
  No. nonlinear convergence failures =       0
  No. error test failures =       0
  Last step size used =    0.48365E+07
  Index compenent largest error = ********

 ...   62 / 206

 No. steps =      78   No. f-s =    1427   No. J-s =       2   No. LU-s =      18
  No. nonlinear iterations =      88
  No. nonlinear convergence failures =       0
  No. error test failures =       0
  Last step size used =    0.57421E+07
  Index compenent largest error = ********

 ...   63 / 206

 No. steps =      77   No. f-s =    1428   No. J-s =       2   No. LU-s =      18
  No. nonlinear iterations =      89
  No. nonlinear convergence failures =       0
  No. error test failures =       0
  Last step size used =    0.53000E+07
  Index compenent largest error = ********

 ...   64 / 206

 No. steps =      79   No. f-s =    1430   No. J-s =       2   No. LU-s =      19
  No. nonlinear iterations =      91
  No. nonlinear convergence failures =       0
  No. error test failures =       0
  Last step size used =    0.61814E+07
  Index compenent largest error = ********

 ...   65 / 206

 No. steps =      78   No. f-s =    1430   No. J-s =       2   No. LU-s =      18
  No. nonlinear iterations =      91
  No. nonlinear convergence failures =       0
  No. error test failures =       0
  Last step size used =    0.51281E+07
  Index compenent largest error = ********

 ...   66 / 206

 No. steps =      77   No. f-s =    1429   No. J-s =       2   No. LU-s =      19
  No. nonlinear iterations =      90
  No. nonlinear convergence failures =       0
  No. error test failures =       0
  Last step size used =    0.63165E+07
  Index compenent largest error = ********

 ...   67 / 206

 No. steps =      78   No. f-s =    1430   No. J-s =       2   No. LU-s =      19
  No. nonlinear iterations =      91
  No. nonlinear convergence failures =       0
  No. error test failures =       0
  Last step size used =    0.61399E+07
  Index compenent largest error = ********

 ...   68 / 206

 No. steps =      76   No. f-s =    1429   No. J-s =       2   No. LU-s =      19
  No. nonlinear iterations =      90
  No. nonlinear convergence failures =       0
  No. error test failures =       0
  Last step size used =    0.64281E+07
  Index compenent largest error = ********

 ...   69 / 206

 No. steps =      77   No. f-s =    1429   No. J-s =       2   No. LU-s =      18
  No. nonlinear iterations =      90
  No. nonlinear convergence failures =       0
  No. error test failures =       0
  Last step size used =    0.59698E+07
  Index compenent largest error = ********

 ...   70 / 206

 No. steps =      76   No. f-s =    1428   No. J-s =       2   No. LU-s =      18
  No. nonlinear iterations =      89
  No. nonlinear convergence failures =       0
  No. error test failures =       0
  Last step size used =    0.62214E+07
  Index compenent largest error = ********

 ...   71 / 206

 No. steps =      75   No. f-s =    1425   No. J-s =       2   No. LU-s =      18
  No. nonlinear iterations =      86
  No. nonlinear convergence failures =       0
  No. error test failures =       0
  Last step size used =    0.44942E+07
  Index compenent largest error = ********

 ...   72 / 206

 No. steps =      72   No. f-s =    1422   No. J-s =       2   No. LU-s =      18
  No. nonlinear iterations =      83
  No. nonlinear convergence failures =       0
  No. error test failures =       0
  Last step size used =    0.37722E+07
  Index compenent largest error = ********

 ...   73 / 206

 No. steps =      71   No. f-s =    1421   No. J-s =       2   No. LU-s =      18
  No. nonlinear iterations =      82
  No. nonlinear convergence failures =       0
  No. error test failures =       0
  Last step size used =    0.40333E+07
  Index compenent largest error = ********

 ...   74 / 206

 No. steps =      70   No. f-s =    1422   No. J-s =       2   No. LU-s =      18
  No. nonlinear iterations =      83
  No. nonlinear convergence failures =       0
  No. error test failures =       0
  Last step size used =    0.50517E+07
  Index compenent largest error = ********

 ...   75 / 206

 No. steps =      70   No. f-s =    1420   No. J-s =       2   No. LU-s =      18
  No. nonlinear iterations =      81
  No. nonlinear convergence failures =       0
  No. error test failures =       0
  Last step size used =    0.44201E+07
  Index compenent largest error = ********

 ...   76 / 206

 No. steps =      70   No. f-s =    1420   No. J-s =       2   No. LU-s =      18
  No. nonlinear iterations =      81
  No. nonlinear convergence failures =       0
  No. error test failures =       0
  Last step size used =    0.45474E+07
  Index compenent largest error = ********

 ...   77 / 206

 No. steps =      70   No. f-s =    1421   No. J-s =       2   No. LU-s =      18
  No. nonlinear iterations =      82
  No. nonlinear convergence failures =       0
  No. error test failures =       0
  Last step size used =    0.61891E+07
  Index compenent largest error = ********

 ...   78 / 206

 No. steps =      67   No. f-s =    1419   No. J-s =       2   No. LU-s =      17
  No. nonlinear iterations =      80
  No. nonlinear convergence failures =       0
  No. error test failures =       0
  Last step size used =    0.41357E+07
  Index compenent largest error = ********

 ...   79 / 206

 No. steps =      70   No. f-s =    1419   No. J-s =       2   No. LU-s =      16
  No. nonlinear iterations =      80
  No. nonlinear convergence failures =       0
  No. error test failures =       0
  Last step size used =    0.51165E+07
  Index compenent largest error = ********

 ...   80 / 206

 No. steps =      67   No. f-s =    1416   No. J-s =       2   No. LU-s =      17
  No. nonlinear iterations =      77
  No. nonlinear convergence failures =       0
  No. error test failures =       0
  Last step size used =    0.56471E+07
  Index compenent largest error = ********

 ...   81 / 206

 No. steps =      65   No. f-s =    1416   No. J-s =       2   No. LU-s =      17
  No. nonlinear iterations =      77
  No. nonlinear convergence failures =       0
  No. error test failures =       0
  Last step size used =    0.54477E+07
  Index compenent largest error = ********

 ...   82 / 206

 No. steps =      64   No. f-s =    1411   No. J-s =       2   No. LU-s =      16
  No. nonlinear iterations =      72
  No. nonlinear convergence failures =       0
  No. error test failures =       0
  Last step size used =    0.44213E+07
  Index compenent largest error = ********

 ...   83 / 206

 No. steps =      60   No. f-s =    1409   No. J-s =       2   No. LU-s =      16
  No. nonlinear iterations =      70
  No. nonlinear convergence failures =       0
  No. error test failures =       0
  Last step size used =    0.48378E+07
  Index compenent largest error = ********

 ...   84 / 206

 No. steps =      63   No. f-s =    1410   No. J-s =       2   No. LU-s =      16
  No. nonlinear iterations =      71
  No. nonlinear convergence failures =       0
  No. error test failures =       0
  Last step size used =    0.51529E+07
  Index compenent largest error = ********

 ...   85 / 206

 No. steps =      62   No. f-s =    1409   No. J-s =       2   No. LU-s =      16
  No. nonlinear iterations =      70
  No. nonlinear convergence failures =       0
  No. error test failures =       0
  Last step size used =    0.52588E+07
  Index compenent largest error = ********

 ...   86 / 206

 No. steps =      62   No. f-s =    1409   No. J-s =       2   No. LU-s =      16
  No. nonlinear iterations =      70
  No. nonlinear convergence failures =       0
  No. error test failures =       0
  Last step size used =    0.56943E+07
  Index compenent largest error = ********

 ...   87 / 206

 No. steps =      58   No. f-s =    1407   No. J-s =       2   No. LU-s =      16
  No. nonlinear iterations =      68
  No. nonlinear convergence failures =       0
  No. error test failures =       0
  Last step size used =    0.58306E+07
  Index compenent largest error = ********

 ...   88 / 206

 No. steps =      59   No. f-s =    1408   No. J-s =       2   No. LU-s =      16
  No. nonlinear iterations =      69
  No. nonlinear convergence failures =       0
  No. error test failures =       0
  Last step size used =    0.66485E+07
  Index compenent largest error = ********

 ...   89 / 206

 No. steps =      59   No. f-s =    1407   No. J-s =       2   No. LU-s =      16
  No. nonlinear iterations =      68
  No. nonlinear convergence failures =       0
  No. error test failures =       0
  Last step size used =    0.61981E+07
  Index compenent largest error = ********

 ...   90 / 206

 No. steps =      61   No. f-s =    1408   No. J-s =       2   No. LU-s =      16
  No. nonlinear iterations =      69
  No. nonlinear convergence failures =       0
  No. error test failures =       0
  Last step size used =    0.58205E+07
  Index compenent largest error = ********

 ...   91 / 206

 No. steps =      59   No. f-s =    1408   No. J-s =       2   No. LU-s =      16
  No. nonlinear iterations =      69
  No. nonlinear convergence failures =       0
  No. error test failures =       0
  Last step size used =    0.65997E+07
  Index compenent largest error = ********

 ...   92 / 206

 No. steps =      57   No. f-s =    1403   No. J-s =       2   No. LU-s =      16
  No. nonlinear iterations =      64
  No. nonlinear convergence failures =       0
  No. error test failures =       0
  Last step size used =    0.59785E+07
  Index compenent largest error = ********

 ...   93 / 206

 No. steps =      55   No. f-s =     736   No. J-s =       1   No. LU-s =      16
  No. nonlinear iterations =      65
  No. nonlinear convergence failures =       0
  No. error test failures =       0
  Last step size used =    0.48793E+07
  Index compenent largest error = ********

 ...   94 / 206

 No. steps =      55   No. f-s =    1401   No. J-s =       2   No. LU-s =      16
  No. nonlinear iterations =      62
  No. nonlinear convergence failures =       0
  No. error test failures =       0
  Last step size used =    0.60305E+07
  Index compenent largest error = ********

 ...   95 / 206

 No. steps =      57   No. f-s =    1404   No. J-s =       2   No. LU-s =      16
  No. nonlinear iterations =      65
  No. nonlinear convergence failures =       0
  No. error test failures =       0
  Last step size used =    0.54470E+07
  Index compenent largest error = ********

 ...   96 / 206

 No. steps =      59   No. f-s =    1404   No. J-s =       2   No. LU-s =      16
  No. nonlinear iterations =      65
  No. nonlinear convergence failures =       0
  No. error test failures =       0
  Last step size used =    0.71814E+07
  Index compenent largest error = ********

 ...   97 / 206

 No. steps =      55   No. f-s =    1402   No. J-s =       2   No. LU-s =      16
  No. nonlinear iterations =      63
  No. nonlinear convergence failures =       0
  No. error test failures =       0
  Last step size used =    0.61079E+07
  Index compenent largest error = ********

 ...   98 / 206

 No. steps =      60   No. f-s =    1409   No. J-s =       2   No. LU-s =      15
  No. nonlinear iterations =      70
  No. nonlinear convergence failures =       0
  No. error test failures =       0
  Last step size used =    0.46930E+07
  Index compenent largest error = ********

 ...   99 / 206

 No. steps =      59   No. f-s =    1407   No. J-s =       2   No. LU-s =      15
  No. nonlinear iterations =      68
  No. nonlinear convergence failures =       0
  No. error test failures =       0
  Last step size used =    0.44048E+07
  Index compenent largest error = ********

 ...  100 / 206

 No. steps =      58   No. f-s =    1406   No. J-s =       2   No. LU-s =      16
  No. nonlinear iterations =      67
  No. nonlinear convergence failures =       0
  No. error test failures =       0
  Last step size used =    0.63014E+07
  Index compenent largest error = ********

 ...  101 / 206

 No. steps =      61   No. f-s =    1410   No. J-s =       2   No. LU-s =      15
  No. nonlinear iterations =      71
  No. nonlinear convergence failures =       0
  No. error test failures =       0
  Last step size used =    0.43895E+07
  Index compenent largest error = ********

 ...  102 / 206

 No. steps =      60   No. f-s =    1409   No. J-s =       2   No. LU-s =      15
  No. nonlinear iterations =      70
  No. nonlinear convergence failures =       0
  No. error test failures =       0
  Last step size used =    0.48511E+07
  Index compenent largest error = ********

 ...  103 / 206

 No. steps =      60   No. f-s =    1409   No. J-s =       2   No. LU-s =      15
  No. nonlinear iterations =      70
  No. nonlinear convergence failures =       0
  No. error test failures =       0
  Last step size used =    0.46238E+07
  Index compenent largest error = ********

 ...  104 / 206

 No. steps =      59   No. f-s =    1408   No. J-s =       2   No. LU-s =      15
  No. nonlinear iterations =      69
  No. nonlinear convergence failures =       0
  No. error test failures =       0
  Last step size used =    0.53951E+07
  Index compenent largest error = ********

 ...  105 / 206

 No. steps =      59   No. f-s =    1408   No. J-s =       2   No. LU-s =      15
  No. nonlinear iterations =      69
  No. nonlinear convergence failures =       0
  No. error test failures =       0
  Last step size used =    0.51347E+07
  Index compenent largest error = ********

 ...  106 / 206

 No. steps =      57   No. f-s =    1401   No. J-s =       2   No. LU-s =      15
  No. nonlinear iterations =      62
  No. nonlinear convergence failures =       0
  No. error test failures =       0
  Last step size used =    0.51162E+07
  Index compenent largest error = ********

 ...  107 / 206

 No. steps =      58   No. f-s =    1407   No. J-s =       2   No. LU-s =      15
  No. nonlinear iterations =      68
  No. nonlinear convergence failures =       0
  No. error test failures =       0
  Last step size used =    0.56291E+07
  Index compenent largest error = ********

 ...  108 / 206

 No. steps =      60   No. f-s =    1409   No. J-s =       2   No. LU-s =      15
  No. nonlinear iterations =      70
  No. nonlinear convergence failures =       0
  No. error test failures =       0
  Last step size used =    0.49161E+07
  Index compenent largest error = ********

 ...  109 / 206

 No. steps =      60   No. f-s =    1409   No. J-s =       2   No. LU-s =      15
  No. nonlinear iterations =      70
  No. nonlinear convergence failures =       0
  No. error test failures =       0
  Last step size used =    0.48082E+07
  Index compenent largest error = ********

 ...  110 / 206

 No. steps =      60   No. f-s =    1409   No. J-s =       2   No. LU-s =      15
  No. nonlinear iterations =      70
  No. nonlinear convergence failures =       0
  No. error test failures =       0
  Last step size used =    0.48151E+07
  Index compenent largest error = ********

 ...  111 / 206

 No. steps =      58   No. f-s =    1407   No. J-s =       2   No. LU-s =      15
  No. nonlinear iterations =      68
  No. nonlinear convergence failures =       0
  No. error test failures =       0
  Last step size used =    0.57470E+07
  Index compenent largest error = ********

 ...  112 / 206

 No. steps =      58   No. f-s =    1407   No. J-s =       2   No. LU-s =      15
  No. nonlinear iterations =      68
  No. nonlinear convergence failures =       0
  No. error test failures =       0
  Last step size used =    0.55854E+07
  Index compenent largest error = ********

 ...  113 / 206

 No. steps =      57   No. f-s =    1405   No. J-s =       2   No. LU-s =      15
  No. nonlinear iterations =      66
  No. nonlinear convergence failures =       0
  No. error test failures =       0
  Last step size used =    0.47604E+07
  Index compenent largest error = ********

 ...  114 / 206

 No. steps =      59   No. f-s =    1408   No. J-s =       2   No. LU-s =      15
  No. nonlinear iterations =      69
  No. nonlinear convergence failures =       0
  No. error test failures =       0
  Last step size used =    0.51347E+07
  Index compenent largest error = ********

 ...  115 / 206

 No. steps =      55   No. f-s =    1400   No. J-s =       2   No. LU-s =      15
  No. nonlinear iterations =      61
  No. nonlinear convergence failures =       0
  No. error test failures =       0
  Last step size used =    0.54537E+07
  Index compenent largest error = ********

 ...  116 / 206

 No. steps =      57   No. f-s =    1405   No. J-s =       2   No. LU-s =      15
  No. nonlinear iterations =      66
  No. nonlinear convergence failures =       0
  No. error test failures =       0
  Last step size used =    0.67904E+07
  Index compenent largest error = ********

 ...  117 / 206

 No. steps =      57   No. f-s =    1405   No. J-s =       2   No. LU-s =      15
  No. nonlinear iterations =      66
  No. nonlinear convergence failures =       0
  No. error test failures =       0
  Last step size used =    0.65720E+07
  Index compenent largest error = ********

 ...  118 / 206

 No. steps =      57   No. f-s =    1405   No. J-s =       2   No. LU-s =      15
  No. nonlinear iterations =      66
  No. nonlinear convergence failures =       0
  No. error test failures =       0
  Last step size used =    0.66072E+07
  Index compenent largest error = ********

 ...  119 / 206

 No. steps =      57   No. f-s =    1405   No. J-s =       2   No. LU-s =      15
  No. nonlinear iterations =      66
  No. nonlinear convergence failures =       0
  No. error test failures =       0
  Last step size used =    0.66280E+07
  Index compenent largest error = ********

 ...  120 / 206

 No. steps =      57   No. f-s =    1405   No. J-s =       2   No. LU-s =      15
  No. nonlinear iterations =      66
  No. nonlinear convergence failures =       0
  No. error test failures =       0
  Last step size used =    0.64163E+07
  Index compenent largest error = ********

 ...  121 / 206

 No. steps =      56   No. f-s =    1402   No. J-s =       2   No. LU-s =      14
  No. nonlinear iterations =      63
  No. nonlinear convergence failures =       0
  No. error test failures =       0
  Last step size used =    0.43598E+07
  Index compenent largest error = ********

 ...  122 / 206

 No. steps =      54   No. f-s =    1399   No. J-s =       2   No. LU-s =      15
  No. nonlinear iterations =      60
  No. nonlinear convergence failures =       0
  No. error test failures =       0
  Last step size used =    0.59349E+07
  Index compenent largest error = ********

 ...  123 / 206

 No. steps =      58   No. f-s =    1404   No. J-s =       2   No. LU-s =      15
  No. nonlinear iterations =      65
  No. nonlinear convergence failures =       0
  No. error test failures =       0
  Last step size used =    0.63538E+07
  Index compenent largest error = ********

 ...  124 / 206

 No. steps =      55   No. f-s =     735   No. J-s =       1   No. LU-s =      14
  No. nonlinear iterations =      64
  No. nonlinear convergence failures =       0
  No. error test failures =       0
  Last step size used =    0.49195E+07
  Index compenent largest error = ********

 ...  125 / 206

 No. steps =      55   No. f-s =     734   No. J-s =       1   No. LU-s =      14
  No. nonlinear iterations =      63
  No. nonlinear convergence failures =       0
  No. error test failures =       0
  Last step size used =    0.47796E+07
  Index compenent largest error = ********

 ...  126 / 206

 No. steps =      54   No. f-s =    1399   No. J-s =       2   No. LU-s =      15
  No. nonlinear iterations =      60
  No. nonlinear convergence failures =       0
  No. error test failures =       0
  Last step size used =    0.60516E+07
  Index compenent largest error = ********

 ...  127 / 206

 No. steps =      54   No. f-s =     734   No. J-s =       1   No. LU-s =      14
  No. nonlinear iterations =      63
  No. nonlinear convergence failures =       0
  No. error test failures =       0
  Last step size used =    0.52491E+07
  Index compenent largest error = ********

 ...  128 / 206

 No. steps =      52   No. f-s =    1398   No. J-s =       2   No. LU-s =      15
  No. nonlinear iterations =      59
  No. nonlinear convergence failures =       0
  No. error test failures =       0
  Last step size used =    0.71123E+07
  Index compenent largest error = ********

 ...  129 / 206

 No. steps =      56   No. f-s =    1403   No. J-s =       2   No. LU-s =      15
  No. nonlinear iterations =      64
  No. nonlinear convergence failures =       0
  No. error test failures =       0
  Last step size used =    0.65020E+07
  Index compenent largest error = ********

 ...  130 / 206

 No. steps =      55   No. f-s =    1401   No. J-s =       2   No. LU-s =      14
  No. nonlinear iterations =      62
  No. nonlinear convergence failures =       0
  No. error test failures =       0
  Last step size used =    0.47722E+07
  Index compenent largest error = ********

 ...  131 / 206

 No. steps =      54   No. f-s =     733   No. J-s =       1   No. LU-s =      14
  No. nonlinear iterations =      62
  No. nonlinear convergence failures =       0
  No. error test failures =       0
  Last step size used =    0.52111E+07
  Index compenent largest error = ********

 ...  132 / 206

 No. steps =      53   No. f-s =     733   No. J-s =       1   No. LU-s =      14
  No. nonlinear iterations =      62
  No. nonlinear convergence failures =       0
  No. error test failures =       0
  Last step size used =    0.56918E+07
  Index compenent largest error = ********

 ...  133 / 206

 No. steps =      53   No. f-s =     733   No. J-s =       1   No. LU-s =      13
  No. nonlinear iterations =      62
  No. nonlinear convergence failures =       0
  No. error test failures =       0
  Last step size used =    0.48292E+07
  Index compenent largest error = ********

 ...  134 / 206

 No. steps =      53   No. f-s =     729   No. J-s =       1   No. LU-s =      14
  No. nonlinear iterations =      58
  No. nonlinear convergence failures =       0
  No. error test failures =       0
  Last step size used =    0.51899E+07
  Index compenent largest error = ********

 ...  135 / 206

 No. steps =      52   No. f-s =     728   No. J-s =       1   No. LU-s =      14
  No. nonlinear iterations =      57
  No. nonlinear convergence failures =       0
  No. error test failures =       0
  Last step size used =    0.54523E+07
  Index compenent largest error = ********

 ...  136 / 206

 No. steps =      50   No. f-s =     729   No. J-s =       1   No. LU-s =      14
  No. nonlinear iterations =      58
  No. nonlinear convergence failures =       0
  No. error test failures =       0
  Last step size used =    0.48288E+07
  Index compenent largest error = ********

 ...  137 / 206

 No. steps =      52   No. f-s =     728   No. J-s =       1   No. LU-s =      14
  No. nonlinear iterations =      57
  No. nonlinear convergence failures =       0
  No. error test failures =       0
  Last step size used =    0.55256E+07
  Index compenent largest error = ********

 ...  138 / 206

 No. steps =      51   No. f-s =     730   No. J-s =       1   No. LU-s =      14
  No. nonlinear iterations =      59
  No. nonlinear convergence failures =       0
  No. error test failures =       0
  Last step size used =    0.51459E+07
  Index compenent largest error = ********

 ...  139 / 206

 No. steps =      49   No. f-s =     728   No. J-s =       1   No. LU-s =      14
  No. nonlinear iterations =      57
  No. nonlinear convergence failures =       0
  No. error test failures =       0
  Last step size used =    0.63081E+07
  Index compenent largest error = ********

 ...  140 / 206

 No. steps =      53   No. f-s =     733   No. J-s =       1   No. LU-s =      13
  No. nonlinear iterations =      62
  No. nonlinear convergence failures =       0
  No. error test failures =       0
  Last step size used =    0.49809E+07
  Index compenent largest error = ********

 ...  141 / 206

 No. steps =      52   No. f-s =     728   No. J-s =       1   No. LU-s =      14
  No. nonlinear iterations =      57
  No. nonlinear convergence failures =       0
  No. error test failures =       0
  Last step size used =    0.55391E+07
  Index compenent largest error = ********

 ...  142 / 206

 No. steps =      53   No. f-s =     730   No. J-s =       1   No. LU-s =      14
  No. nonlinear iterations =      59
  No. nonlinear convergence failures =       0
  No. error test failures =       0
  Last step size used =    0.51981E+07
  Index compenent largest error = ********

 ...  143 / 206

 No. steps =      52   No. f-s =     728   No. J-s =       1   No. LU-s =      14
  No. nonlinear iterations =      57
  No. nonlinear convergence failures =       0
  No. error test failures =       0
  Last step size used =    0.55090E+07
  Index compenent largest error = ********

 ...  144 / 206

 No. steps =      52   No. f-s =     728   No. J-s =       1   No. LU-s =      14
  No. nonlinear iterations =      57
  No. nonlinear convergence failures =       0
  No. error test failures =       0
  Last step size used =    0.55697E+07
  Index compenent largest error = ********

 ...  145 / 206

 No. steps =      47   No. f-s =     725   No. J-s =       1   No. LU-s =      12
  No. nonlinear iterations =      54
  No. nonlinear convergence failures =       0
  No. error test failures =       0
  Last step size used =    0.59658E+07
  Index compenent largest error = ********

 ...  146 / 206

 No. steps =      52   No. f-s =     732   No. J-s =       1   No. LU-s =      14
  No. nonlinear iterations =      61
  No. nonlinear convergence failures =       0
  No. error test failures =       0
  Last step size used =    0.63408E+07
  Index compenent largest error = ********

 ...  147 / 206

 No. steps =      49   No. f-s =     728   No. J-s =       1   No. LU-s =      14
  No. nonlinear iterations =      57
  No. nonlinear convergence failures =       0
  No. error test failures =       0
  Last step size used =    0.56275E+07
  Index compenent largest error = ********

 ...  148 / 206

 No. steps =      47   No. f-s =     724   No. J-s =       1   No. LU-s =      13
  No. nonlinear iterations =      53
  No. nonlinear convergence failures =       0
  No. error test failures =       0
  Last step size used =    0.71043E+07
  Index compenent largest error = ********

 ...  149 / 206

 No. steps =      51   No. f-s =     731   No. J-s =       1   No. LU-s =      13
  No. nonlinear iterations =      60
  No. nonlinear convergence failures =       0
  No. error test failures =       0
  Last step size used =    0.57607E+07
  Index compenent largest error = ********

 ...  150 / 206

 No. steps =      52   No. f-s =     728   No. J-s =       1   No. LU-s =      14
  No. nonlinear iterations =      57
  No. nonlinear convergence failures =       0
  No. error test failures =       0
  Last step size used =    0.54845E+07
  Index compenent largest error = ********

 ...  151 / 206

 No. steps =      52   No. f-s =     728   No. J-s =       1   No. LU-s =      14
  No. nonlinear iterations =      57
  No. nonlinear convergence failures =       0
  No. error test failures =       0
  Last step size used =    0.56189E+07
  Index compenent largest error = ********

 ...  152 / 206

 No. steps =      45   No. f-s =     723   No. J-s =       1   No. LU-s =      12
  No. nonlinear iterations =      52
  No. nonlinear convergence failures =       0
  No. error test failures =       0
  Last step size used =    0.73388E+07
  Index compenent largest error = ********

 ...  153 / 206

 No. steps =      48   No. f-s =     727   No. J-s =       1   No. LU-s =      14
  No. nonlinear iterations =      56
  No. nonlinear convergence failures =       0
  No. error test failures =       0
  Last step size used =    0.61613E+07
  Index compenent largest error = ********

 ...  154 / 206

 No. steps =      51   No. f-s =     731   No. J-s =       1   No. LU-s =      13
  No. nonlinear iterations =      60
  No. nonlinear convergence failures =       0
  No. error test failures =       0
  Last step size used =    0.60075E+07
  Index compenent largest error = ********

 ...  155 / 206

 No. steps =      51   No. f-s =     731   No. J-s =       1   No. LU-s =      14
  No. nonlinear iterations =      60
  No. nonlinear convergence failures =       0
  No. error test failures =       0
  Last step size used =    0.70495E+07
  Index compenent largest error = ********

 ...  156 / 206

 No. steps =      48   No. f-s =     727   No. J-s =       1   No. LU-s =      14
  No. nonlinear iterations =      56
  No. nonlinear convergence failures =       0
  No. error test failures =       0
  Last step size used =    0.86157E+07
  Index compenent largest error = ********

 ...  157 / 206

 No. steps =      51   No. f-s =     731   No. J-s =       1   No. LU-s =      13
  No. nonlinear iterations =      60
  No. nonlinear convergence failures =       0
  No. error test failures =       0
  Last step size used =    0.63043E+07
  Index compenent largest error = ********

 ...  158 / 206

 No. steps =      51   No. f-s =     731   No. J-s =       1   No. LU-s =      13
  No. nonlinear iterations =      60
  No. nonlinear convergence failures =       0
  No. error test failures =       0
  Last step size used =    0.63169E+07
  Index compenent largest error = ********

 ...  159 / 206

 No. steps =      49   No. f-s =     727   No. J-s =       1   No. LU-s =      13
  No. nonlinear iterations =      56
  No. nonlinear convergence failures =       0
  No. error test failures =       0
  Last step size used =    0.51862E+07
  Index compenent largest error = ********

 ...  160 / 206

 No. steps =      49   No. f-s =     727   No. J-s =       1   No. LU-s =      13
  No. nonlinear iterations =      56
  No. nonlinear convergence failures =       0
  No. error test failures =       0
  Last step size used =    0.52010E+07
  Index compenent largest error = ********

 ...  161 / 206

 No. steps =      51   No. f-s =     727   No. J-s =       1   No. LU-s =      13
  No. nonlinear iterations =      56
  No. nonlinear convergence failures =       0
  No. error test failures =       0
  Last step size used =    0.49379E+07
  Index compenent largest error = ********

 ...  162 / 206

 No. steps =      49   No. f-s =     727   No. J-s =       1   No. LU-s =      13
  No. nonlinear iterations =      56
  No. nonlinear convergence failures =       0
  No. error test failures =       0
  Last step size used =    0.52153E+07
  Index compenent largest error = ********

 ...  163 / 206

 No. steps =      49   No. f-s =     727   No. J-s =       1   No. LU-s =      13
  No. nonlinear iterations =      56
  No. nonlinear convergence failures =       0
  No. error test failures =       0
  Last step size used =    0.52662E+07
  Index compenent largest error = ********

 ...  164 / 206

 No. steps =      49   No. f-s =     727   No. J-s =       1   No. LU-s =      13
  No. nonlinear iterations =      56
  No. nonlinear convergence failures =       0
  No. error test failures =       0
  Last step size used =    0.72989E+07
  Index compenent largest error = ********

 ...  165 / 206

 No. steps =      48   No. f-s =     726   No. J-s =       1   No. LU-s =      13
  No. nonlinear iterations =      55
  No. nonlinear convergence failures =       0
  No. error test failures =       0
  Last step size used =    0.65910E+07
  Index compenent largest error = ********

 ...  166 / 206

 No. steps =      48   No. f-s =     726   No. J-s =       1   No. LU-s =      13
  No. nonlinear iterations =      55
  No. nonlinear convergence failures =       0
  No. error test failures =       0
  Last step size used =    0.68008E+07
  Index compenent largest error = ********

 ...  167 / 206

 No. steps =      48   No. f-s =     726   No. J-s =       1   No. LU-s =      13
  No. nonlinear iterations =      55
  No. nonlinear convergence failures =       0
  No. error test failures =       0
  Last step size used =    0.65954E+07
  Index compenent largest error = ********

 ...  168 / 206

 No. steps =      48   No. f-s =     726   No. J-s =       1   No. LU-s =      12
  No. nonlinear iterations =      55
  No. nonlinear convergence failures =       0
  No. error test failures =       0
  Last step size used =    0.45023E+07
  Index compenent largest error = ********

 ...  169 / 206

 No. steps =      48   No. f-s =     726   No. J-s =       1   No. LU-s =      12
  No. nonlinear iterations =      55
  No. nonlinear convergence failures =       0
  No. error test failures =       0
  Last step size used =    0.45184E+07
  Index compenent largest error = ********

 ...  170 / 206

 No. steps =      48   No. f-s =     726   No. J-s =       1   No. LU-s =      12
  No. nonlinear iterations =      55
  No. nonlinear convergence failures =       0
  No. error test failures =       0
  Last step size used =    0.45765E+07
  Index compenent largest error = ********

 ...  171 / 206

 No. steps =      48   No. f-s =     726   No. J-s =       1   No. LU-s =      12
  No. nonlinear iterations =      55
  No. nonlinear convergence failures =       0
  No. error test failures =       0
  Last step size used =    0.47920E+07
  Index compenent largest error = ********

 ...  172 / 206

 No. steps =      47   No. f-s =     725   No. J-s =       1   No. LU-s =      12
  No. nonlinear iterations =      54
  No. nonlinear convergence failures =       0
  No. error test failures =       0
  Last step size used =    0.49074E+07
  Index compenent largest error = ********

 ...  173 / 206

 No. steps =      48   No. f-s =     726   No. J-s =       1   No. LU-s =      12
  No. nonlinear iterations =      55
  No. nonlinear convergence failures =       0
  No. error test failures =       0
  Last step size used =    0.47338E+07
  Index compenent largest error = ********

 ...  174 / 206

 No. steps =      48   No. f-s =     726   No. J-s =       1   No. LU-s =      12
  No. nonlinear iterations =      55
  No. nonlinear convergence failures =       0
  No. error test failures =       0
  Last step size used =    0.46388E+07
  Index compenent largest error = ********

 ...  175 / 206

 No. steps =      47   No. f-s =     725   No. J-s =       1   No. LU-s =      12
  No. nonlinear iterations =      54
  No. nonlinear convergence failures =       0
  No. error test failures =       0
  Last step size used =    0.51797E+07
  Index compenent largest error = ********

 ...  176 / 206

 No. steps =      47   No. f-s =     725   No. J-s =       1   No. LU-s =      12
  No. nonlinear iterations =      54
  No. nonlinear convergence failures =       0
  No. error test failures =       0
  Last step size used =    0.53278E+07
  Index compenent largest error = ********

 ...  177 / 206

 No. steps =      46   No. f-s =     724   No. J-s =       1   No. LU-s =      14
  No. nonlinear iterations =      53
  No. nonlinear convergence failures =       0
  No. error test failures =       0
  Last step size used =    0.81604E+07
  Index compenent largest error = ********

 ...  178 / 206

 No. steps =      46   No. f-s =     724   No. J-s =       1   No. LU-s =      14
  No. nonlinear iterations =      53
  No. nonlinear convergence failures =       0
  No. error test failures =       0
  Last step size used =    0.79994E+07
  Index compenent largest error = ********

 ...  179 / 206

 No. steps =      46   No. f-s =     724   No. J-s =       1   No. LU-s =      14
  No. nonlinear iterations =      53
  No. nonlinear convergence failures =       0
  No. error test failures =       0
  Last step size used =    0.81695E+07
  Index compenent largest error = ********

 ...  180 / 206

 No. steps =      47   No. f-s =     726   No. J-s =       1   No. LU-s =      14
  No. nonlinear iterations =      55
  No. nonlinear convergence failures =       0
  No. error test failures =       0
  Last step size used =    0.97670E+07
  Index compenent largest error = ********

 ...  181 / 206

 No. steps =      47   No. f-s =     726   No. J-s =       1   No. LU-s =      14
  No. nonlinear iterations =      55
  No. nonlinear convergence failures =       0
  No. error test failures =       0
  Last step size used =    0.96343E+07
  Index compenent largest error = ********

 ...  182 / 206

 No. steps =      47   No. f-s =     726   No. J-s =       1   No. LU-s =      14
  No. nonlinear iterations =      55
  No. nonlinear convergence failures =       0
  No. error test failures =       0
  Last step size used =    0.97718E+07
  Index compenent largest error = ********

 ...  183 / 206

 No. steps =      46   No. f-s =     724   No. J-s =       1   No. LU-s =      13
  No. nonlinear iterations =      53
  No. nonlinear convergence failures =       0
  No. error test failures =       0
  Last step size used =    0.58191E+07
  Index compenent largest error = ********

 ...  184 / 206

 No. steps =      46   No. f-s =     724   No. J-s =       1   No. LU-s =      13
  No. nonlinear iterations =      53
  No. nonlinear convergence failures =       0
  No. error test failures =       0
  Last step size used =    0.58743E+07
  Index compenent largest error = ********

 ...  185 / 206

 No. steps =      46   No. f-s =     724   No. J-s =       1   No. LU-s =      13
  No. nonlinear iterations =      53
  No. nonlinear convergence failures =       0
  No. error test failures =       0
  Last step size used =    0.60039E+07
  Index compenent largest error = ********

 ...  186 / 206

 No. steps =      46   No. f-s =     724   No. J-s =       1   No. LU-s =      13
  No. nonlinear iterations =      53
  No. nonlinear convergence failures =       0
  No. error test failures =       0
  Last step size used =    0.55120E+07
  Index compenent largest error = ********

 ...  187 / 206

 No. steps =      45   No. f-s =     723   No. J-s =       1   No. LU-s =      13
  No. nonlinear iterations =      52
  No. nonlinear convergence failures =       0
  No. error test failures =       0
  Last step size used =    0.55777E+07
  Index compenent largest error = ********

 ...  188 / 206

 No. steps =      45   No. f-s =     723   No. J-s =       1   No. LU-s =      13
  No. nonlinear iterations =      52
  No. nonlinear convergence failures =       0
  No. error test failures =       0
  Last step size used =    0.57559E+07
  Index compenent largest error = ********

 ...  189 / 206

 No. steps =      45   No. f-s =     723   No. J-s =       1   No. LU-s =      13
  No. nonlinear iterations =      52
  No. nonlinear convergence failures =       0
  No. error test failures =       0
  Last step size used =    0.57306E+07
  Index compenent largest error = ********

 ...  190 / 206

 No. steps =      45   No. f-s =     723   No. J-s =       1   No. LU-s =      13
  No. nonlinear iterations =      52
  No. nonlinear convergence failures =       0
  No. error test failures =       0
  Last step size used =    0.60021E+07
  Index compenent largest error = ********

 ...  191 / 206

 No. steps =      45   No. f-s =     723   No. J-s =       1   No. LU-s =      13
  No. nonlinear iterations =      52
  No. nonlinear convergence failures =       0
  No. error test failures =       0
  Last step size used =    0.61254E+07
  Index compenent largest error = ********

 ...  192 / 206

 No. steps =      44   No. f-s =     722   No. J-s =       1   No. LU-s =      13
  No. nonlinear iterations =      51
  No. nonlinear convergence failures =       0
  No. error test failures =       0
  Last step size used =    0.61121E+07
  Index compenent largest error = ********

 ...  193 / 206

 No. steps =      44   No. f-s =     720   No. J-s =       1   No. LU-s =      11
  No. nonlinear iterations =      49
  No. nonlinear convergence failures =       0
  No. error test failures =       0
  Last step size used =    0.58276E+07
  Index compenent largest error = ********

 ...  194 / 206

 No. steps =      44   No. f-s =     722   No. J-s =       1   No. LU-s =      13
  No. nonlinear iterations =      51
  No. nonlinear convergence failures =       0
  No. error test failures =       0
  Last step size used =    0.62093E+07
  Index compenent largest error = ********

 ...  195 / 206

 No. steps =      44   No. f-s =     722   No. J-s =       1   No. LU-s =      13
  No. nonlinear iterations =      51
  No. nonlinear convergence failures =       0
  No. error test failures =       0
  Last step size used =    0.62403E+07
  Index compenent largest error = ********

 ...  196 / 206

 No. steps =      44   No. f-s =     722   No. J-s =       1   No. LU-s =      13
  No. nonlinear iterations =      51
  No. nonlinear convergence failures =       0
  No. error test failures =       0
  Last step size used =    0.64492E+07
  Index compenent largest error = ********

 ...  197 / 206

 No. steps =      43   No. f-s =     720   No. J-s =       1   No. LU-s =      12
  No. nonlinear iterations =      49
  No. nonlinear convergence failures =       0
  No. error test failures =       0
  Last step size used =    0.10419E+08
  Index compenent largest error = ********

 ...  198 / 206

 No. steps =      43   No. f-s =     720   No. J-s =       1   No. LU-s =      12
  No. nonlinear iterations =      49
  No. nonlinear convergence failures =       0
  No. error test failures =       0
  Last step size used =    0.10898E+08
  Index compenent largest error = ********

 ...  199 / 206

 No. steps =      43   No. f-s =     720   No. J-s =       1   No. LU-s =      12
  No. nonlinear iterations =      49
  No. nonlinear convergence failures =       0
  No. error test failures =       0
  Last step size used =    0.10844E+08
  Index compenent largest error = ********

 ...  200 / 206

 No. steps =      43   No. f-s =     720   No. J-s =       1   No. LU-s =      12
  No. nonlinear iterations =      49
  No. nonlinear convergence failures =       0
  No. error test failures =       0
  Last step size used =    0.10509E+08
  Index compenent largest error = ********

 ...  201 / 206

 No. steps =      43   No. f-s =     720   No. J-s =       1   No. LU-s =      12
  No. nonlinear iterations =      49
  No. nonlinear convergence failures =       0
  No. error test failures =       0
  Last step size used =    0.11258E+08
  Index compenent largest error = ********

 ...  202 / 206

 No. steps =      42   No. f-s =     720   No. J-s =       1   No. LU-s =      12
  No. nonlinear iterations =      49
  No. nonlinear convergence failures =       0
  No. error test failures =       0
  Last step size used =    0.63519E+07
  Index compenent largest error = ********

 ...  203 / 206

 No. steps =      42   No. f-s =     720   No. J-s =       1   No. LU-s =      12
  No. nonlinear iterations =      49
  No. nonlinear convergence failures =       0
  No. error test failures =       0
  Last step size used =    0.60475E+07
  Index compenent largest error = ********

 ...  204 / 206

 No. steps =      43   No. f-s =     719   No. J-s =       1   No. LU-s =      12
  No. nonlinear iterations =      48
  No. nonlinear convergence failures =       0
  No. error test failures =       0
  Last step size used =    0.85837E+07
  Index compenent largest error = ********

 ...  205 / 206

 No. steps =      42   No. f-s =     720   No. J-s =       1   No. LU-s =      12
  No. nonlinear iterations =      49
  No. nonlinear convergence failures =       0
  No. error test failures =       0
  Last step size used =    0.64727E+07
  Index compenent largest error = ********

 ...  206 / 206

 No. steps =      42   No. f-s =     720   No. J-s =       1   No. LU-s =      12
  No. nonlinear iterations =      49
  No. nonlinear convergence failures =       0
  No. error test failures =       0
  Last step size used =    0.63538E+07
  Index compenent largest error = ********


    ... DONE!
 +++++++++++++++++++++++++++++++++++++++++++++++++++


+------------------ Job Report: 10461716 (COMPLETED) ------------------+
| Memory (RAM)  [                    ]  0.1% (1 MB peak / 1 GB)        |
| CPU           [#############       ] 68.3% average                   |
| Time          [>                   ]  1.8% (0-00:01:03 / 0-01:00:00) |
|                                                                      |
| Lustre Filesystem:                                                   |
|   Path    Total Read    Total Write    Total IOPS                    |
|   ------  ------------  -------------  ------------                  |
|   /apps   0 B           0 B            18                            |
|   /fred   16 KB         20 MB          1.6 K                         |
|                                                                      |
| Warnings:                                                            |
|   - Too much memory requested                                        |
|   - CPU usage is low                                                 |
|   - Too much time requested                                          |
+----------------------------------------------------------------------+
