Starting job 10461264, array task 382 on gina16
Chemistry type: Crich
Analysis mode: false
Found 459 valid particle IDs in /fred/oz304/beckers/Chemistry/traces/wind_v10/trace_output_with_av
Returning 457 particle IDs (after start_index=2 offset)
SLURM task 382: processing particle 3480128
Running Crich evolving_model on 1 phantom particle trace(s) from wind_v10

 +++++++++++++++++++++++++++++++++++++++++++++++++++
 +++++        ENVELOPE CHEMICAL MODEL         ++++++
 +++++++++++++++++++++++++++++++++++++++++++++++++++

 Version 1.0 authored by Catherine Walsh and Maria 
    Drozdovskaya, Leiden Observatory (01/08/2013)

 Version 1.1 amended by Catherine Walsh (18/05/2014)

 Version 1.2 amended by Catherine Walsh (13/08/2015)

 +++++++++++++++++++++++++++++++++++++++++++++++++++

          Input file =  Crich/param/trace_file_param/file_parameters_3480128.txt              

 Physical conditions  = Crich/input/3480128.txt                                               
 Chemical network     = ./rate12_complex.rates                                                
 Species file         = ./rate12_complex_atomic_Crich.specs                                   
 Binding energies     = ./rate12_binding.dat                                                  
 Reaction parameters  = param/reaction_parameters.txt                                         
 Grain parameters     = param/grain_parameters.txt                                            
 Radiation parameters = param/radiation_parameters.txt                                        

 Output file          = Crich/output/model_output_3480128.dat                                 
 Rates file           = Crich/output/model_rates_3480128.dat                                  

 Opening and reading physical conditions file ...

 +++++++++++++++++++++++++++++++++++++++++++++++++++
 Beginning to run model ...
 +++++++++++++++++++++++++++++++++++++++++++++++++++

 Preparing output files ...

 Progress = ...
 ...    1 / 254

 No. steps =    1012   No. f-s =   16885   No. J-s =      23   No. LU-s =     158
  No. nonlinear iterations =    1520
  No. nonlinear convergence failures =       0
  No. error test failures =      46
  Last step size used =    0.59694E+09
  Index compenent largest error = ********

 ...    2 / 254

 No. steps =     196   No. f-s =    2898   No. J-s =       4   No. LU-s =      35
  No. nonlinear iterations =     223
  No. nonlinear convergence failures =       0
  No. error test failures =       2
  Last step size used =    0.35783E+07
  Index compenent largest error = ********

 ...    3 / 254

 No. steps =     338   No. f-s =    4397   No. J-s =       6   No. LU-s =      44
  No. nonlinear iterations =     386
  No. nonlinear convergence failures =       0
  No. error test failures =       5
  Last step size used =    0.19726E+07
  Index compenent largest error = ********

 ...    4 / 254

 No. steps =     160   No. f-s =    2187   No. J-s =       3   No. LU-s =      29
  No. nonlinear iterations =     180
  No. nonlinear convergence failures =       0
  No. error test failures =       1
  Last step size used =    0.20999E+07
  Index compenent largest error = ********

 ...    5 / 254

 No. steps =     168   No. f-s =    2866   No. J-s =       4   No. LU-s =      32
  No. nonlinear iterations =     191
  No. nonlinear convergence failures =       0
  No. error test failures =       0
  Last step size used =    0.42377E+07
  Index compenent largest error = ********

 ...    6 / 254

 No. steps =     171   No. f-s =    2866   No. J-s =       4   No. LU-s =      31
  No. nonlinear iterations =     191
  No. nonlinear convergence failures =       0
  No. error test failures =       0
  Last step size used =    0.51797E+07
  Index compenent largest error = ********

 ...    7 / 254

 No. steps =     173   No. f-s =    2869   No. J-s =       4   No. LU-s =      31
  No. nonlinear iterations =     194
  No. nonlinear convergence failures =       0
  No. error test failures =       0
  Last step size used =    0.46432E+07
  Index compenent largest error = ********

 ...    8 / 254

 No. steps =     169   No. f-s =    2196   No. J-s =       3   No. LU-s =      29
  No. nonlinear iterations =     189
  No. nonlinear convergence failures =       0
  No. error test failures =       0
  Last step size used =    0.29714E+07
  Index compenent largest error = ********

 ...    9 / 254

 No. steps =     165   No. f-s =    2860   No. J-s =       4   No. LU-s =      29
  No. nonlinear iterations =     185
  No. nonlinear convergence failures =       0
  No. error test failures =       0
  Last step size used =    0.45329E+07
  Index compenent largest error = ********

 ...   10 / 254

 No. steps =     159   No. f-s =    2180   No. J-s =       3   No. LU-s =      30
  No. nonlinear iterations =     173
  No. nonlinear convergence failures =       0
  No. error test failures =       0
  Last step size used =    0.39153E+07
  Index compenent largest error = ********

 ...   11 / 254

 No. steps =     160   No. f-s =    2186   No. J-s =       3   No. LU-s =      29
  No. nonlinear iterations =     179
  No. nonlinear convergence failures =       0
  No. error test failures =       0
  Last step size used =    0.39297E+07
  Index compenent largest error = ********

 ...   12 / 254

 No. steps =     153   No. f-s =    2179   No. J-s =       3   No. LU-s =      28
  No. nonlinear iterations =     172
  No. nonlinear convergence failures =       0
  No. error test failures =       0
  Last step size used =    0.30595E+07
  Index compenent largest error = ********

 ...   13 / 254

 No. steps =     144   No. f-s =    2166   No. J-s =       3   No. LU-s =      29
  No. nonlinear iterations =     159
  No. nonlinear convergence failures =       0
  No. error test failures =       0
  Last step size used =    0.59180E+07
  Index compenent largest error = ********

 ...   14 / 254

 No. steps =     133   No. f-s =    2155   No. J-s =       3   No. LU-s =      27
  No. nonlinear iterations =     148
  No. nonlinear convergence failures =       0
  No. error test failures =       0
  Last step size used =    0.38114E+07
  Index compenent largest error = ********

 ...   15 / 254

 No. steps =     115   No. f-s =    2140   No. J-s =       3   No. LU-s =      25
  No. nonlinear iterations =     133
  No. nonlinear convergence failures =       0
  No. error test failures =       0
  Last step size used =    0.44521E+07
  Index compenent largest error = ********

 ...   16 / 254

 No. steps =     157   No. f-s =    2185   No. J-s =       3   No. LU-s =      27
  No. nonlinear iterations =     178
  No. nonlinear convergence failures =       0
  No. error test failures =       0
  Last step size used =    0.33779E+07
  Index compenent largest error = ********

 ...   17 / 254

 No. steps =     214   No. f-s =    2921   No. J-s =       4   No. LU-s =      31
  No. nonlinear iterations =     246
  No. nonlinear convergence failures =       0
  No. error test failures =       2
  Last step size used =    0.22765E+07
  Index compenent largest error = ********

 ...   18 / 254

 No. steps =     156   No. f-s =    2179   No. J-s =       3   No. LU-s =      26
  No. nonlinear iterations =     172
  No. nonlinear convergence failures =       0
  No. error test failures =       0
  Last step size used =    0.25237E+07
  Index compenent largest error = ********

 ...   19 / 254

 No. steps =     151   No. f-s =    2173   No. J-s =       3   No. LU-s =      27
  No. nonlinear iterations =     166
  No. nonlinear convergence failures =       0
  No. error test failures =       0
  Last step size used =    0.32453E+07
  Index compenent largest error = ********

 ...   20 / 254

 No. steps =     156   No. f-s =    2183   No. J-s =       3   No. LU-s =      27
  No. nonlinear iterations =     176
  No. nonlinear convergence failures =       0
  No. error test failures =       0
  Last step size used =    0.27983E+07
  Index compenent largest error = ********

 ...   21 / 254

 No. steps =     156   No. f-s =    2183   No. J-s =       3   No. LU-s =      27
  No. nonlinear iterations =     176
  No. nonlinear convergence failures =       0
  No. error test failures =       0
  Last step size used =    0.23816E+07
  Index compenent largest error = ********

 ...   22 / 254

 No. steps =     153   No. f-s =    2177   No. J-s =       3   No. LU-s =      27
  No. nonlinear iterations =     170
  No. nonlinear convergence failures =       0
  No. error test failures =       0
  Last step size used =    0.31642E+07
  Index compenent largest error = ********

 ...   23 / 254

 No. steps =     138   No. f-s =    2161   No. J-s =       3   No. LU-s =      27
  No. nonlinear iterations =     154
  No. nonlinear convergence failures =       0
  No. error test failures =       0
  Last step size used =    0.39871E+07
  Index compenent largest error = ********

 ...   24 / 254

 No. steps =     137   No. f-s =    2160   No. J-s =       3   No. LU-s =      26
  No. nonlinear iterations =     153
  No. nonlinear convergence failures =       0
  No. error test failures =       0
  Last step size used =    0.34574E+07
  Index compenent largest error = ********

 ...   25 / 254

 No. steps =     134   No. f-s =    2154   No. J-s =       3   No. LU-s =      26
  No. nonlinear iterations =     147
  No. nonlinear convergence failures =       0
  No. error test failures =       0
  Last step size used =    0.41883E+07
  Index compenent largest error = ********

 ...   26 / 254

 No. steps =     128   No. f-s =    2147   No. J-s =       3   No. LU-s =      24
  No. nonlinear iterations =     140
  No. nonlinear convergence failures =       0
  No. error test failures =       0
  Last step size used =    0.35063E+07
  Index compenent largest error = ********

 ...   27 / 254

 No. steps =     124   No. f-s =    2145   No. J-s =       3   No. LU-s =      25
  No. nonlinear iterations =     138
  No. nonlinear convergence failures =       0
  No. error test failures =       0
  Last step size used =    0.38098E+07
  Index compenent largest error = ********

 ...   28 / 254

 No. steps =     126   No. f-s =    2147   No. J-s =       3   No. LU-s =      25
  No. nonlinear iterations =     140
  No. nonlinear convergence failures =       0
  No. error test failures =       0
  Last step size used =    0.39842E+07
  Index compenent largest error = ********

 ...   29 / 254

 No. steps =     145   No. f-s =    2173   No. J-s =       3   No. LU-s =      27
  No. nonlinear iterations =     166
  No. nonlinear convergence failures =       0
  No. error test failures =       1
  Last step size used =    0.36141E+07
  Index compenent largest error = ********

 ...   30 / 254

 No. steps =     196   No. f-s =    2910   No. J-s =       4   No. LU-s =      31
  No. nonlinear iterations =     235
  No. nonlinear convergence failures =       0
  No. error test failures =       4
  Last step size used =    0.15210E+07
  Index compenent largest error = ********

 ...   31 / 254

 No. steps =     140   No. f-s =    2163   No. J-s =       3   No. LU-s =      25
  No. nonlinear iterations =     156
  No. nonlinear convergence failures =       0
  No. error test failures =       0
  Last step size used =    0.25146E+07
  Index compenent largest error = ********

 ...   32 / 254

 No. steps =     135   No. f-s =    2156   No. J-s =       3   No. LU-s =      25
  No. nonlinear iterations =     149
  No. nonlinear convergence failures =       0
  No. error test failures =       0
  Last step size used =    0.34898E+07
  Index compenent largest error = ********

 ...   33 / 254

 No. steps =     138   No. f-s =    2162   No. J-s =       3   No. LU-s =      25
  No. nonlinear iterations =     155
  No. nonlinear convergence failures =       0
  No. error test failures =       0
  Last step size used =    0.36736E+07
  Index compenent largest error = ********

 ...   34 / 254

 No. steps =     135   No. f-s =    2159   No. J-s =       3   No. LU-s =      24
  No. nonlinear iterations =     152
  No. nonlinear convergence failures =       0
  No. error test failures =       0
  Last step size used =    0.29515E+07
  Index compenent largest error = ********

 ...   35 / 254

 No. steps =     132   No. f-s =    2152   No. J-s =       3   No. LU-s =      25
  No. nonlinear iterations =     145
  No. nonlinear convergence failures =       0
  No. error test failures =       0
  Last step size used =    0.41632E+07
  Index compenent largest error = ********

 ...   36 / 254

 No. steps =     128   No. f-s =    2146   No. J-s =       3   No. LU-s =      24
  No. nonlinear iterations =     139
  No. nonlinear convergence failures =       0
  No. error test failures =       0
  Last step size used =    0.37254E+07
  Index compenent largest error = ********

 ...   37 / 254

 No. steps =     119   No. f-s =    2141   No. J-s =       3   No. LU-s =      26
  No. nonlinear iterations =     134
  No. nonlinear convergence failures =       0
  No. error test failures =       0
  Last step size used =    0.43904E+07
  Index compenent largest error = ********

 ...   38 / 254

 No. steps =     122   No. f-s =    2141   No. J-s =       3   No. LU-s =      25
  No. nonlinear iterations =     134
  No. nonlinear convergence failures =       0
  No. error test failures =       0
  Last step size used =    0.37325E+07
  Index compenent largest error = ********

 ...   39 / 254

 No. steps =     122   No. f-s =    2141   No. J-s =       3   No. LU-s =      23
  No. nonlinear iterations =     134
  No. nonlinear convergence failures =       0
  No. error test failures =       0
  Last step size used =    0.33364E+07
  Index compenent largest error = ********

 ...   40 / 254

 No. steps =     125   No. f-s =    2142   No. J-s =       3   No. LU-s =      23
  No. nonlinear iterations =     135
  No. nonlinear convergence failures =       0
  No. error test failures =       0
  Last step size used =    0.44029E+07
  Index compenent largest error = ********

 ...   41 / 254

 No. steps =     121   No. f-s =    2138   No. J-s =       3   No. LU-s =      23
  No. nonlinear iterations =     131
  No. nonlinear convergence failures =       0
  No. error test failures =       0
  Last step size used =    0.35355E+07
  Index compenent largest error = ********

 ...   42 / 254

 No. steps =     117   No. f-s =    2140   No. J-s =       3   No. LU-s =      22
  No. nonlinear iterations =     133
  No. nonlinear convergence failures =       0
  No. error test failures =       0
  Last step size used =    0.38697E+07
  Index compenent largest error = ********

 ...   43 / 254

 No. steps =     103   No. f-s =    1456   No. J-s =       2   No. LU-s =      23
  No. nonlinear iterations =     117
  No. nonlinear convergence failures =       0
  No. error test failures =       0
  Last step size used =    0.36837E+07
  Index compenent largest error = ********

 ...   44 / 254

 No. steps =     131   No. f-s =    2159   No. J-s =       3   No. LU-s =      26
  No. nonlinear iterations =     152
  No. nonlinear convergence failures =       0
  No. error test failures =       1
  Last step size used =    0.33521E+07
  Index compenent largest error = ********

 ...   45 / 254

 No. steps =     141   No. f-s =    2170   No. J-s =       3   No. LU-s =      24
  No. nonlinear iterations =     163
  No. nonlinear convergence failures =       0
  No. error test failures =       0
  Last step size used =    0.24419E+07
  Index compenent largest error = ********

 ...   46 / 254

 No. steps =     131   No. f-s =    2154   No. J-s =       3   No. LU-s =      24
  No. nonlinear iterations =     147
  No. nonlinear convergence failures =       0
  No. error test failures =       0
  Last step size used =    0.27756E+07
  Index compenent largest error = ********

 ...   47 / 254

 No. steps =      96   No. f-s =    1447   No. J-s =       2   No. LU-s =      23
  No. nonlinear iterations =     108
  No. nonlinear convergence failures =       0
  No. error test failures =       0
  Last step size used =    0.39764E+07
  Index compenent largest error = ********

 ...   48 / 254

 No. steps =     109   No. f-s =    2129   No. J-s =       3   No. LU-s =      24
  No. nonlinear iterations =     122
  No. nonlinear convergence failures =       0
  No. error test failures =       0
  Last step size used =    0.37466E+07
  Index compenent largest error = ********

 ...   49 / 254

 No. steps =     118   No. f-s =    2141   No. J-s =       3   No. LU-s =      25
  No. nonlinear iterations =     134
  No. nonlinear convergence failures =       0
  No. error test failures =       0
  Last step size used =    0.43671E+07
  Index compenent largest error = ********

 ...   50 / 254

 No. steps =     121   No. f-s =    2140   No. J-s =       3   No. LU-s =      24
  No. nonlinear iterations =     133
  No. nonlinear convergence failures =       0
  No. error test failures =       0
  Last step size used =    0.47937E+07
  Index compenent largest error = ********

 ...   51 / 254

 No. steps =     119   No. f-s =    2138   No. J-s =       3   No. LU-s =      24
  No. nonlinear iterations =     131
  No. nonlinear convergence failures =       0
  No. error test failures =       0
  Last step size used =    0.46511E+07
  Index compenent largest error = ********

 ...   52 / 254

 No. steps =     118   No. f-s =    2140   No. J-s =       3   No. LU-s =      22
  No. nonlinear iterations =     133
  No. nonlinear convergence failures =       0
  No. error test failures =       0
  Last step size used =    0.34024E+07
  Index compenent largest error = ********

 ...   53 / 254

 No. steps =     115   No. f-s =    2132   No. J-s =       3   No. LU-s =      23
  No. nonlinear iterations =     125
  No. nonlinear convergence failures =       0
  No. error test failures =       0
  Last step size used =    0.46888E+07
  Index compenent largest error = ********

 ...   54 / 254

 No. steps =     110   No. f-s =    2131   No. J-s =       3   No. LU-s =      24
  No. nonlinear iterations =     124
  No. nonlinear convergence failures =       0
  No. error test failures =       0
  Last step size used =    0.47290E+07
  Index compenent largest error = ********

 ...   55 / 254

 No. steps =     104   No. f-s =    1459   No. J-s =       2   No. LU-s =      23
  No. nonlinear iterations =     120
  No. nonlinear convergence failures =       0
  No. error test failures =       0
  Last step size used =    0.35355E+07
  Index compenent largest error = ********

 ...   56 / 254

 No. steps =      98   No. f-s =    1449   No. J-s =       2   No. LU-s =      22
  No. nonlinear iterations =     110
  No. nonlinear convergence failures =       0
  No. error test failures =       0
  Last step size used =    0.43433E+07
  Index compenent largest error = ********

 ...   57 / 254

 No. steps =      84   No. f-s =    1434   No. J-s =       2   No. LU-s =      23
  No. nonlinear iterations =      95
  No. nonlinear convergence failures =       0
  No. error test failures =       0
  Last step size used =    0.60310E+07
  Index compenent largest error = ********

 ...   58 / 254

 No. steps =     112   No. f-s =    2131   No. J-s =       3   No. LU-s =      22
  No. nonlinear iterations =     124
  No. nonlinear convergence failures =       0
  No. error test failures =       0
  Last step size used =    0.43092E+07
  Index compenent largest error = ********

 ...   59 / 254

 No. steps =     117   No. f-s =    2140   No. J-s =       3   No. LU-s =      23
  No. nonlinear iterations =     133
  No. nonlinear convergence failures =       0
  No. error test failures =       0
  Last step size used =    0.39332E+07
  Index compenent largest error = ********

 ...   60 / 254

 No. steps =     113   No. f-s =    2135   No. J-s =       3   No. LU-s =      24
  No. nonlinear iterations =     128
  No. nonlinear convergence failures =       0
  No. error test failures =       0
  Last step size used =    0.41408E+07
  Index compenent largest error = ********

 ...   61 / 254

 No. steps =      97   No. f-s =    1443   No. J-s =       2   No. LU-s =      23
  No. nonlinear iterations =     104
  No. nonlinear convergence failures =       0
  No. error test failures =       0
  Last step size used =    0.46776E+07
  Index compenent largest error = ********

 ...   62 / 254

 No. steps =      75   No. f-s =    1422   No. J-s =       2   No. LU-s =      21
  No. nonlinear iterations =      83
  No. nonlinear convergence failures =       0
  No. error test failures =       0
  Last step size used =    0.57012E+07
  Index compenent largest error = ********

 ...   63 / 254

 No. steps =      97   No. f-s =    1450   No. J-s =       2   No. LU-s =      23
  No. nonlinear iterations =     111
  No. nonlinear convergence failures =       0
  No. error test failures =       0
  Last step size used =    0.63938E+07
  Index compenent largest error = ********

 ...   64 / 254

 No. steps =     104   No. f-s =    1458   No. J-s =       2   No. LU-s =      23
  No. nonlinear iterations =     119
  No. nonlinear convergence failures =       0
  No. error test failures =       0
  Last step size used =    0.34539E+07
  Index compenent largest error = ********

 ...   65 / 254

 No. steps =     106   No. f-s =    1461   No. J-s =       2   No. LU-s =      24
  No. nonlinear iterations =     122
  No. nonlinear convergence failures =       0
  No. error test failures =       0
  Last step size used =    0.46098E+07
  Index compenent largest error = ********

 ...   66 / 254

 No. steps =     110   No. f-s =    2131   No. J-s =       3   No. LU-s =      23
  No. nonlinear iterations =     124
  No. nonlinear convergence failures =       0
  No. error test failures =       0
  Last step size used =    0.44272E+07
  Index compenent largest error = ********

 ...   67 / 254

 No. steps =     107   No. f-s =    1460   No. J-s =       2   No. LU-s =      23
  No. nonlinear iterations =     121
  No. nonlinear convergence failures =       0
  No. error test failures =       0
  Last step size used =    0.46580E+07
  Index compenent largest error = ********

 ...   68 / 254

 No. steps =     108   No. f-s =    2128   No. J-s =       3   No. LU-s =      23
  No. nonlinear iterations =     121
  No. nonlinear convergence failures =       0
  No. error test failures =       0
  Last step size used =    0.44447E+07
  Index compenent largest error = ********

 ...   69 / 254

 No. steps =     106   No. f-s =    1457   No. J-s =       2   No. LU-s =      23
  No. nonlinear iterations =     118
  No. nonlinear convergence failures =       0
  No. error test failures =       0
  Last step size used =    0.43798E+07
  Index compenent largest error = ********

 ...   70 / 254

 No. steps =      98   No. f-s =    1448   No. J-s =       2   No. LU-s =      23
  No. nonlinear iterations =     109
  No. nonlinear convergence failures =       0
  No. error test failures =       0
  Last step size used =    0.39247E+07
  Index compenent largest error = ********

 ...   71 / 254

 No. steps =      87   No. f-s =    1434   No. J-s =       2   No. LU-s =      22
  No. nonlinear iterations =      95
  No. nonlinear convergence failures =       0
  No. error test failures =       0
  Last step size used =    0.56885E+07
  Index compenent largest error = ********

 ...   72 / 254

 No. steps =      87   No. f-s =    1433   No. J-s =       2   No. LU-s =      21
  No. nonlinear iterations =      94
  No. nonlinear convergence failures =       0
  No. error test failures =       0
  Last step size used =    0.54881E+07
  Index compenent largest error = ********

 ...   73 / 254

 No. steps =      98   No. f-s =    1448   No. J-s =       2   No. LU-s =      21
  No. nonlinear iterations =     109
  No. nonlinear convergence failures =       0
  No. error test failures =       0
  Last step size used =    0.36990E+07
  Index compenent largest error = ********

 ...   74 / 254

 No. steps =     100   No. f-s =    1451   No. J-s =       2   No. LU-s =      21
  No. nonlinear iterations =     112
  No. nonlinear convergence failures =       0
  No. error test failures =       0
  Last step size used =    0.40723E+07
  Index compenent largest error = ********

 ...   75 / 254

 No. steps =      97   No. f-s =    1451   No. J-s =       2   No. LU-s =      21
  No. nonlinear iterations =     112
  No. nonlinear convergence failures =       0
  No. error test failures =       0
  Last step size used =    0.52169E+07
  Index compenent largest error = ********

 ...   76 / 254

 No. steps =      82   No. f-s =    1429   No. J-s =       2   No. LU-s =      20
  No. nonlinear iterations =      90
  No. nonlinear convergence failures =       0
  No. error test failures =       0
  Last step size used =    0.44730E+07
  Index compenent largest error = ********

 ...   77 / 254

 No. steps =      65   No. f-s =    1413   No. J-s =       2   No. LU-s =      17
  No. nonlinear iterations =      74
  No. nonlinear convergence failures =       0
  No. error test failures =       0
  Last step size used =    0.60812E+07
  Index compenent largest error = ********

 ...   78 / 254

 No. steps =      81   No. f-s =    1431   No. J-s =       2   No. LU-s =      19
  No. nonlinear iterations =      92
  No. nonlinear convergence failures =       0
  No. error test failures =       0
  Last step size used =    0.50193E+07
  Index compenent largest error = ********

 ...   79 / 254

 No. steps =      95   No. f-s =    1443   No. J-s =       2   No. LU-s =      22
  No. nonlinear iterations =     104
  No. nonlinear convergence failures =       0
  No. error test failures =       0
  Last step size used =    0.39400E+07
  Index compenent largest error = ********

 ...   80 / 254

 No. steps =      93   No. f-s =    1444   No. J-s =       2   No. LU-s =      23
  No. nonlinear iterations =     105
  No. nonlinear convergence failures =       0
  No. error test failures =       0
  Last step size used =    0.49282E+07
  Index compenent largest error = ********

 ...   81 / 254

 No. steps =      97   No. f-s =    1449   No. J-s =       2   No. LU-s =      22
  No. nonlinear iterations =     110
  No. nonlinear convergence failures =       0
  No. error test failures =       0
  Last step size used =    0.47675E+07
  Index compenent largest error = ********

 ...   82 / 254

 No. steps =     101   No. f-s =    1453   No. J-s =       2   No. LU-s =      23
  No. nonlinear iterations =     114
  No. nonlinear convergence failures =       0
  No. error test failures =       0
  Last step size used =    0.49202E+07
  Index compenent largest error = ********

 ...   83 / 254

 No. steps =     102   No. f-s =    1455   No. J-s =       2   No. LU-s =      22
  No. nonlinear iterations =     116
  No. nonlinear convergence failures =       0
  No. error test failures =       0
  Last step size used =    0.42655E+07
  Index compenent largest error = ********

 ...   84 / 254

 No. steps =     100   No. f-s =    1450   No. J-s =       2   No. LU-s =      22
  No. nonlinear iterations =     111
  No. nonlinear convergence failures =       0
  No. error test failures =       0
  Last step size used =    0.35072E+07
  Index compenent largest error = ********

 ...   85 / 254

 No. steps =      98   No. f-s =    1448   No. J-s =       2   No. LU-s =      22
  No. nonlinear iterations =     109
  No. nonlinear convergence failures =       0
  No. error test failures =       0
  Last step size used =    0.45050E+07
  Index compenent largest error = ********

 ...   86 / 254

 No. steps =      88   No. f-s =    1440   No. J-s =       2   No. LU-s =      21
  No. nonlinear iterations =     101
  No. nonlinear convergence failures =       0
  No. error test failures =       0
  Last step size used =    0.51878E+07
  Index compenent largest error = ********

 ...   87 / 254

 No. steps =      80   No. f-s =    1426   No. J-s =       2   No. LU-s =      20
  No. nonlinear iterations =      87
  No. nonlinear convergence failures =       0
  No. error test failures =       0
  Last step size used =    0.58625E+07
  Index compenent largest error = ********

 ...   88 / 254

 No. steps =      89   No. f-s =    1437   No. J-s =       2   No. LU-s =      21
  No. nonlinear iterations =      98
  No. nonlinear convergence failures =       0
  No. error test failures =       0
  Last step size used =    0.45395E+07
  Index compenent largest error = ********

 ...   89 / 254

 No. steps =      88   No. f-s =    1438   No. J-s =       2   No. LU-s =      20
  No. nonlinear iterations =      99
  No. nonlinear convergence failures =       0
  No. error test failures =       0
  Last step size used =    0.32188E+07
  Index compenent largest error = ********

 ...   90 / 254

 No. steps =      91   No. f-s =    1441   No. J-s =       2   No. LU-s =      20
  No. nonlinear iterations =     102
  No. nonlinear convergence failures =       0
  No. error test failures =       0
  Last step size used =    0.36735E+07
  Index compenent largest error = ********

 ...   91 / 254

 No. steps =      85   No. f-s =    1436   No. J-s =       2   No. LU-s =      21
  No. nonlinear iterations =      97
  No. nonlinear convergence failures =       0
  No. error test failures =       0
  Last step size used =    0.57145E+07
  Index compenent largest error = ********

 ...   92 / 254

 No. steps =      78   No. f-s =    1425   No. J-s =       2   No. LU-s =      19
  No. nonlinear iterations =      86
  No. nonlinear convergence failures =       0
  No. error test failures =       0
  Last step size used =    0.54717E+07
  Index compenent largest error = ********

 ...   93 / 254

 No. steps =      63   No. f-s =    1412   No. J-s =       2   No. LU-s =      20
  No. nonlinear iterations =      73
  No. nonlinear convergence failures =       0
  No. error test failures =       0
  Last step size used =    0.50411E+07
  Index compenent largest error = ********

 ...   94 / 254

 No. steps =      80   No. f-s =    1427   No. J-s =       2   No. LU-s =      19
  No. nonlinear iterations =      88
  No. nonlinear convergence failures =       0
  No. error test failures =       0
  Last step size used =    0.51137E+07
  Index compenent largest error = ********

 ...   95 / 254

 No. steps =      89   No. f-s =    1439   No. J-s =       2   No. LU-s =      22
  No. nonlinear iterations =     100
  No. nonlinear convergence failures =       0
  No. error test failures =       0
  Last step size used =    0.51022E+07
  Index compenent largest error = ********

 ...   96 / 254

 No. steps =      92   No. f-s =    1442   No. J-s =       2   No. LU-s =      21
  No. nonlinear iterations =     103
  No. nonlinear convergence failures =       0
  No. error test failures =       0
  Last step size used =    0.34316E+07
  Index compenent largest error = ********

 ...   97 / 254

 No. steps =      94   No. f-s =    1445   No. J-s =       2   No. LU-s =      22
  No. nonlinear iterations =     106
  No. nonlinear convergence failures =       0
  No. error test failures =       0
  Last step size used =    0.58359E+07
  Index compenent largest error = ********

 ...   98 / 254

 No. steps =      94   No. f-s =    1445   No. J-s =       2   No. LU-s =      22
  No. nonlinear iterations =     106
  No. nonlinear convergence failures =       0
  No. error test failures =       0
  Last step size used =    0.60885E+07
  Index compenent largest error = ********

 ...   99 / 254

 No. steps =      92   No. f-s =    1441   No. J-s =       2   No. LU-s =      21
  No. nonlinear iterations =     102
  No. nonlinear convergence failures =       0
  No. error test failures =       0
  Last step size used =    0.48514E+07
  Index compenent largest error = ********

 ...  100 / 254

 No. steps =      90   No. f-s =    1441   No. J-s =       2   No. LU-s =      20
  No. nonlinear iterations =     102
  No. nonlinear convergence failures =       0
  No. error test failures =       0
  Last step size used =    0.38061E+07
  Index compenent largest error = ********

 ...  101 / 254

 No. steps =      85   No. f-s =    1433   No. J-s =       2   No. LU-s =      21
  No. nonlinear iterations =      94
  No. nonlinear convergence failures =       0
  No. error test failures =       0
  Last step size used =    0.51158E+07
  Index compenent largest error = ********

 ...  102 / 254

 No. steps =      77   No. f-s =    1426   No. J-s =       2   No. LU-s =      20
  No. nonlinear iterations =      87
  No. nonlinear convergence failures =       0
  No. error test failures =       0
  Last step size used =    0.54039E+07
  Index compenent largest error = ********

 ...  103 / 254

 No. steps =      66   No. f-s =    1416   No. J-s =       2   No. LU-s =      18
  No. nonlinear iterations =      77
  No. nonlinear convergence failures =       0
  No. error test failures =       0
  Last step size used =    0.63677E+07
  Index compenent largest error = ********

 ...  104 / 254

 No. steps =      78   No. f-s =    1429   No. J-s =       2   No. LU-s =      19
  No. nonlinear iterations =      90
  No. nonlinear convergence failures =       0
  No. error test failures =       0
  Last step size used =    0.47751E+07
  Index compenent largest error = ********

 ...  105 / 254

 No. steps =      78   No. f-s =    1429   No. J-s =       2   No. LU-s =      19
  No. nonlinear iterations =      90
  No. nonlinear convergence failures =       0
  No. error test failures =       0
  Last step size used =    0.47794E+07
  Index compenent largest error = ********

 ...  106 / 254

 No. steps =      76   No. f-s =    1425   No. J-s =       2   No. LU-s =      19
  No. nonlinear iterations =      86
  No. nonlinear convergence failures =       0
  No. error test failures =       0
  Last step size used =    0.57684E+07
  Index compenent largest error = ********

 ...  107 / 254

 No. steps =      64   No. f-s =    1409   No. J-s =       2   No. LU-s =      19
  No. nonlinear iterations =      70
  No. nonlinear convergence failures =       0
  No. error test failures =       0
  Last step size used =    0.64158E+07
  Index compenent largest error = ********

 ...  108 / 254

 No. steps =      65   No. f-s =    1414   No. J-s =       2   No. LU-s =      19
  No. nonlinear iterations =      75
  No. nonlinear convergence failures =       0
  No. error test failures =       0
  Last step size used =    0.70685E+07
  Index compenent largest error = ********

 ...  109 / 254

 No. steps =      61   No. f-s =    1408   No. J-s =       2   No. LU-s =      18
  No. nonlinear iterations =      69
  No. nonlinear convergence failures =       0
  No. error test failures =       0
  Last step size used =    0.47030E+07
  Index compenent largest error = ********

 ...  110 / 254

 No. steps =      77   No. f-s =    1424   No. J-s =       2   No. LU-s =      19
  No. nonlinear iterations =      85
  No. nonlinear convergence failures =       0
  No. error test failures =       0
  Last step size used =    0.54584E+07
  Index compenent largest error = ********

 ...  111 / 254

 No. steps =      80   No. f-s =    1429   No. J-s =       2   No. LU-s =      20
  No. nonlinear iterations =      90
  No. nonlinear convergence failures =       0
  No. error test failures =       0
  Last step size used =    0.57174E+07
  Index compenent largest error = ********

 ...  112 / 254

 No. steps =      81   No. f-s =    1431   No. J-s =       2   No. LU-s =      20
  No. nonlinear iterations =      92
  No. nonlinear convergence failures =       0
  No. error test failures =       0
  Last step size used =    0.48160E+07
  Index compenent largest error = ********

 ...  113 / 254

 No. steps =      83   No. f-s =    1431   No. J-s =       2   No. LU-s =      21
  No. nonlinear iterations =      92
  No. nonlinear convergence failures =       0
  No. error test failures =       0
  Last step size used =    0.39593E+07
  Index compenent largest error = ********

 ...  114 / 254

 No. steps =      88   No. f-s =    1437   No. J-s =       2   No. LU-s =      21
  No. nonlinear iterations =      98
  No. nonlinear convergence failures =       0
  No. error test failures =       0
  Last step size used =    0.44875E+07
  Index compenent largest error = ********

 ...  115 / 254

 No. steps =      81   No. f-s =    1433   No. J-s =       2   No. LU-s =      21
  No. nonlinear iterations =      94
  No. nonlinear convergence failures =       0
  No. error test failures =       0
  Last step size used =    0.47833E+07
  Index compenent largest error = ********

 ...  116 / 254

 No. steps =      79   No. f-s =    1431   No. J-s =       2   No. LU-s =      21
  No. nonlinear iterations =      92
  No. nonlinear convergence failures =       0
  No. error test failures =       0
  Last step size used =    0.49006E+07
  Index compenent largest error = ********

 ...  117 / 254

 No. steps =      78   No. f-s =    1429   No. J-s =       2   No. LU-s =      20
  No. nonlinear iterations =      90
  No. nonlinear convergence failures =       0
  No. error test failures =       0
  Last step size used =    0.43006E+07
  Index compenent largest error = ********

 ...  118 / 254

 No. steps =      75   No. f-s =    1426   No. J-s =       2   No. LU-s =      20
  No. nonlinear iterations =      87
  No. nonlinear convergence failures =       0
  No. error test failures =       0
  Last step size used =    0.69732E+07
  Index compenent largest error = ********

 ...  119 / 254

 No. steps =      60   No. f-s =    1405   No. J-s =       2   No. LU-s =      17
  No. nonlinear iterations =      66
  No. nonlinear convergence failures =       0
  No. error test failures =       0
  Last step size used =    0.56973E+07
  Index compenent largest error = ********

 ...  120 / 254

 No. steps =      65   No. f-s =    1412   No. J-s =       2   No. LU-s =      16
  No. nonlinear iterations =      73
  No. nonlinear convergence failures =       0
  No. error test failures =       0
  Last step size used =    0.49400E+07
  Index compenent largest error = ********

 ...  121 / 254

 No. steps =      56   No. f-s =    1404   No. J-s =       2   No. LU-s =      18
  No. nonlinear iterations =      65
  No. nonlinear convergence failures =       0
  No. error test failures =       0
  Last step size used =    0.62413E+07
  Index compenent largest error = ********

 ...  122 / 254

 No. steps =      60   No. f-s =    1406   No. J-s =       2   No. LU-s =      17
  No. nonlinear iterations =      67
  No. nonlinear convergence failures =       0
  No. error test failures =       0
  Last step size used =    0.50781E+07
  Index compenent largest error = ********

 ...  123 / 254

 No. steps =      62   No. f-s =    1406   No. J-s =       2   No. LU-s =      16
  No. nonlinear iterations =      67
  No. nonlinear convergence failures =       0
  No. error test failures =       0
  Last step size used =    0.56683E+07
  Index compenent largest error = ********

 ...  124 / 254

 No. steps =      57   No. f-s =    1404   No. J-s =       2   No. LU-s =      17
  No. nonlinear iterations =      65
  No. nonlinear convergence failures =       0
  No. error test failures =       0
  Last step size used =    0.88135E+07
  Index compenent largest error = ********

 ...  125 / 254

 No. steps =      65   No. f-s =    1412   No. J-s =       2   No. LU-s =      18
  No. nonlinear iterations =      73
  No. nonlinear convergence failures =       0
  No. error test failures =       0
  Last step size used =    0.42873E+07
  Index compenent largest error = ********

 ...  126 / 254

 No. steps =      77   No. f-s =    1425   No. J-s =       2   No. LU-s =      19
  No. nonlinear iterations =      86
  No. nonlinear convergence failures =       0
  No. error test failures =       0
  Last step size used =    0.62290E+07
  Index compenent largest error = ********

 ...  127 / 254

 No. steps =      73   No. f-s =    1422   No. J-s =       2   No. LU-s =      18
  No. nonlinear iterations =      83
  No. nonlinear convergence failures =       0
  No. error test failures =       0
  Last step size used =    0.48876E+07
  Index compenent largest error = ********

 ...  128 / 254

 No. steps =      78   No. f-s =    1424   No. J-s =       2   No. LU-s =      19
  No. nonlinear iterations =      85
  No. nonlinear convergence failures =       0
  No. error test failures =       0
  Last step size used =    0.47398E+07
  Index compenent largest error = ********

 ...  129 / 254

 No. steps =      78   No. f-s =    1427   No. J-s =       2   No. LU-s =      20
  No. nonlinear iterations =      88
  No. nonlinear convergence failures =       0
  No. error test failures =       0
  Last step size used =    0.45513E+07
  Index compenent largest error = ********

 ...  130 / 254

 No. steps =      81   No. f-s =    1428   No. J-s =       2   No. LU-s =      20
  No. nonlinear iterations =      89
  No. nonlinear convergence failures =       0
  No. error test failures =       0
  Last step size used =    0.42829E+07
  Index compenent largest error = ********

 ...  131 / 254

 No. steps =      76   No. f-s =    1423   No. J-s =       2   No. LU-s =      19
  No. nonlinear iterations =      84
  No. nonlinear convergence failures =       0
  No. error test failures =       0
  Last step size used =    0.56655E+07
  Index compenent largest error = ********

 ...  132 / 254

 No. steps =      77   No. f-s =    1425   No. J-s =       2   No. LU-s =      20
  No. nonlinear iterations =      86
  No. nonlinear convergence failures =       0
  No. error test failures =       0
  Last step size used =    0.47881E+07
  Index compenent largest error = ********

 ...  133 / 254

 No. steps =      68   No. f-s =    1418   No. J-s =       2   No. LU-s =      18
  No. nonlinear iterations =      79
  No. nonlinear convergence failures =       0
  No. error test failures =       0
  Last step size used =    0.68633E+07
  Index compenent largest error = ********

 ...  134 / 254

 No. steps =      75   No. f-s =    1426   No. J-s =       2   No. LU-s =      19
  No. nonlinear iterations =      87
  No. nonlinear convergence failures =       0
  No. error test failures =       0
  Last step size used =    0.44050E+07
  Index compenent largest error = ********

 ...  135 / 254

 No. steps =      65   No. f-s =    1413   No. J-s =       2   No. LU-s =      18
  No. nonlinear iterations =      74
  No. nonlinear convergence failures =       0
  No. error test failures =       0
  Last step size used =    0.44335E+07
  Index compenent largest error = ********

 ...  136 / 254

 No. steps =      52   No. f-s =     727   No. J-s =       1   No. LU-s =      16
  No. nonlinear iterations =      56
  No. nonlinear convergence failures =       0
  No. error test failures =       0
  Last step size used =    0.70153E+07
  Index compenent largest error = ********

 ...  137 / 254

 No. steps =      61   No. f-s =    1406   No. J-s =       2   No. LU-s =      18
  No. nonlinear iterations =      67
  No. nonlinear convergence failures =       0
  No. error test failures =       0
  Last step size used =    0.80706E+07
  Index compenent largest error = ********

 ...  138 / 254

 No. steps =      67   No. f-s =    1415   No. J-s =       2   No. LU-s =      19
  No. nonlinear iterations =      76
  No. nonlinear convergence failures =       0
  No. error test failures =       0
  Last step size used =    0.61799E+07
  Index compenent largest error = ********

 ...  139 / 254

 No. steps =      64   No. f-s =    1410   No. J-s =       2   No. LU-s =      19
  No. nonlinear iterations =      71
  No. nonlinear convergence failures =       0
  No. error test failures =       0
  Last step size used =    0.76156E+07
  Index compenent largest error = ********

 ...  140 / 254

 No. steps =      64   No. f-s =    1409   No. J-s =       2   No. LU-s =      19
  No. nonlinear iterations =      70
  No. nonlinear convergence failures =       0
  No. error test failures =       0
  Last step size used =    0.62352E+07
  Index compenent largest error = ********

 ...  141 / 254

 No. steps =      66   No. f-s =    1415   No. J-s =       2   No. LU-s =      18
  No. nonlinear iterations =      76
  No. nonlinear convergence failures =       0
  No. error test failures =       0
  Last step size used =    0.45034E+07
  Index compenent largest error = ********

 ...  142 / 254

 No. steps =      71   No. f-s =    1419   No. J-s =       2   No. LU-s =      18
  No. nonlinear iterations =      80
  No. nonlinear convergence failures =       0
  No. error test failures =       0
  Last step size used =    0.58740E+07
  Index compenent largest error = ********

 ...  143 / 254

 No. steps =      66   No. f-s =    1416   No. J-s =       2   No. LU-s =      18
  No. nonlinear iterations =      77
  No. nonlinear convergence failures =       0
  No. error test failures =       0
  Last step size used =    0.50546E+07
  Index compenent largest error = ********

 ...  144 / 254

 No. steps =      71   No. f-s =    1420   No. J-s =       2   No. LU-s =      19
  No. nonlinear iterations =      81
  No. nonlinear convergence failures =       0
  No. error test failures =       0
  Last step size used =    0.74640E+07
  Index compenent largest error = ********

 ...  145 / 254

 No. steps =      70   No. f-s =    1418   No. J-s =       2   No. LU-s =      17
  No. nonlinear iterations =      79
  No. nonlinear convergence failures =       0
  No. error test failures =       0
  Last step size used =    0.42429E+07
  Index compenent largest error = ********

 ...  146 / 254

 No. steps =      75   No. f-s =    1424   No. J-s =       2   No. LU-s =      20
  No. nonlinear iterations =      85
  No. nonlinear convergence failures =       0
  No. error test failures =       0
  Last step size used =    0.62059E+07
  Index compenent largest error = ********

 ...  147 / 254

 No. steps =      70   No. f-s =    1418   No. J-s =       2   No. LU-s =      17
  No. nonlinear iterations =      79
  No. nonlinear convergence failures =       0
  No. error test failures =       0
  Last step size used =    0.43656E+07
  Index compenent largest error = ********

 ...  148 / 254

 No. steps =      73   No. f-s =    1421   No. J-s =       2   No. LU-s =      19
  No. nonlinear iterations =      82
  No. nonlinear convergence failures =       0
  No. error test failures =       0
  Last step size used =    0.74014E+07
  Index compenent largest error = ********

 ...  149 / 254

 No. steps =      70   No. f-s =    1419   No. J-s =       2   No. LU-s =      18
  No. nonlinear iterations =      80
  No. nonlinear convergence failures =       0
  No. error test failures =       0
  Last step size used =    0.65417E+07
  Index compenent largest error = ********

 ...  150 / 254

 No. steps =      74   No. f-s =    1422   No. J-s =       2   No. LU-s =      20
  No. nonlinear iterations =      83
  No. nonlinear convergence failures =       0
  No. error test failures =       0
  Last step size used =    0.58064E+07
  Index compenent largest error = ********

 ...  151 / 254

 No. steps =      62   No. f-s =    1408   No. J-s =       2   No. LU-s =      18
  No. nonlinear iterations =      69
  No. nonlinear convergence failures =       0
  No. error test failures =       0
  Last step size used =    0.68675E+07
  Index compenent largest error = ********

 ...  152 / 254

 No. steps =      64   No. f-s =    1413   No. J-s =       2   No. LU-s =      18
  No. nonlinear iterations =      74
  No. nonlinear convergence failures =       0
  No. error test failures =       0
  Last step size used =    0.62835E+07
  Index compenent largest error = ********

 ...  153 / 254

 No. steps =      58   No. f-s =    1404   No. J-s =       2   No. LU-s =      16
  No. nonlinear iterations =      65
  No. nonlinear convergence failures =       0
  No. error test failures =       0
  Last step size used =    0.67011E+07
  Index compenent largest error = ********

 ...  154 / 254

 No. steps =      70   No. f-s =    1418   No. J-s =       2   No. LU-s =      19
  No. nonlinear iterations =      79
  No. nonlinear convergence failures =       0
  No. error test failures =       0
  Last step size used =    0.84707E+07
  Index compenent largest error = ********

 ...  155 / 254

 No. steps =      56   No. f-s =    1404   No. J-s =       2   No. LU-s =      18
  No. nonlinear iterations =      65
  No. nonlinear convergence failures =       0
  No. error test failures =       0
  Last step size used =    0.78069E+07
  Index compenent largest error = ********

 ...  156 / 254

 No. steps =      60   No. f-s =    1408   No. J-s =       2   No. LU-s =      19
  No. nonlinear iterations =      69
  No. nonlinear convergence failures =       0
  No. error test failures =       0
  Last step size used =    0.76189E+07
  Index compenent largest error = ********

 ...  157 / 254

 No. steps =      65   No. f-s =    1414   No. J-s =       2   No. LU-s =      18
  No. nonlinear iterations =      75
  No. nonlinear convergence failures =       0
  No. error test failures =       0
  Last step size used =    0.61517E+07
  Index compenent largest error = ********

 ...  158 / 254

 No. steps =      72   No. f-s =    1419   No. J-s =       2   No. LU-s =      17
  No. nonlinear iterations =      80
  No. nonlinear convergence failures =       0
  No. error test failures =       0
  Last step size used =    0.40347E+07
  Index compenent largest error = ********

 ...  159 / 254

 No. steps =      65   No. f-s =    1416   No. J-s =       2   No. LU-s =      18
  No. nonlinear iterations =      77
  No. nonlinear convergence failures =       0
  No. error test failures =       0
  Last step size used =    0.70160E+07
  Index compenent largest error = ********

 ...  160 / 254

 No. steps =      64   No. f-s =    1413   No. J-s =       2   No. LU-s =      17
  No. nonlinear iterations =      74
  No. nonlinear convergence failures =       0
  No. error test failures =       0
  Last step size used =    0.53304E+07
  Index compenent largest error = ********

 ...  161 / 254

 No. steps =      72   No. f-s =    1419   No. J-s =       2   No. LU-s =      18
  No. nonlinear iterations =      80
  No. nonlinear convergence failures =       0
  No. error test failures =       0
  Last step size used =    0.47779E+07
  Index compenent largest error = ********

 ...  162 / 254

 No. steps =      72   No. f-s =    1423   No. J-s =       2   No. LU-s =      19
  No. nonlinear iterations =      84
  No. nonlinear convergence failures =       0
  No. error test failures =       0
  Last step size used =    0.49524E+07
  Index compenent largest error = ********

 ...  163 / 254

 No. steps =      64   No. f-s =    1413   No. J-s =       2   No. LU-s =      18
  No. nonlinear iterations =      74
  No. nonlinear convergence failures =       0
  No. error test failures =       0
  Last step size used =    0.58030E+07
  Index compenent largest error = ********

 ...  164 / 254

 No. steps =      72   No. f-s =    1419   No. J-s =       2   No. LU-s =      18
  No. nonlinear iterations =      80
  No. nonlinear convergence failures =       0
  No. error test failures =       0
  Last step size used =    0.67561E+07
  Index compenent largest error = ********

 ...  165 / 254

 No. steps =      70   No. f-s =    1417   No. J-s =       2   No. LU-s =      17
  No. nonlinear iterations =      78
  No. nonlinear convergence failures =       0
  No. error test failures =       0
  Last step size used =    0.42312E+07
  Index compenent largest error = ********

 ...  166 / 254

 No. steps =      71   No. f-s =    1418   No. J-s =       2   No. LU-s =      17
  No. nonlinear iterations =      79
  No. nonlinear convergence failures =       0
  No. error test failures =       0
  Last step size used =    0.45614E+07
  Index compenent largest error = ********

 ...  167 / 254

 No. steps =      61   No. f-s =    1408   No. J-s =       2   No. LU-s =      18
  No. nonlinear iterations =      69
  No. nonlinear convergence failures =       0
  No. error test failures =       0
  Last step size used =    0.69045E+07
  Index compenent largest error = ********

 ...  168 / 254

 No. steps =      68   No. f-s =    1415   No. J-s =       2   No. LU-s =      17
  No. nonlinear iterations =      76
  No. nonlinear convergence failures =       0
  No. error test failures =       0
  Last step size used =    0.48108E+07
  Index compenent largest error = ********

 ...  169 / 254

 No. steps =      65   No. f-s =    1412   No. J-s =       2   No. LU-s =      18
  No. nonlinear iterations =      73
  No. nonlinear convergence failures =       0
  No. error test failures =       0
  Last step size used =    0.70631E+07
  Index compenent largest error = ********

 ...  170 / 254

 No. steps =      73   No. f-s =    1423   No. J-s =       2   No. LU-s =      19
  No. nonlinear iterations =      84
  No. nonlinear convergence failures =       0
  No. error test failures =       0
  Last step size used =    0.51134E+07
  Index compenent largest error = ********

 ...  171 / 254

 No. steps =      56   No. f-s =    1406   No. J-s =       2   No. LU-s =      17
  No. nonlinear iterations =      67
  No. nonlinear convergence failures =       0
  No. error test failures =       0
  Last step size used =    0.70646E+07
  Index compenent largest error = ********

 ...  172 / 254

 No. steps =      68   No. f-s =    1414   No. J-s =       2   No. LU-s =      17
  No. nonlinear iterations =      75
  No. nonlinear convergence failures =       0
  No. error test failures =       0
  Last step size used =    0.46376E+07
  Index compenent largest error = ********

 ...  173 / 254

 No. steps =      67   No. f-s =    1414   No. J-s =       2   No. LU-s =      17
  No. nonlinear iterations =      75
  No. nonlinear convergence failures =       0
  No. error test failures =       0
  Last step size used =    0.66076E+07
  Index compenent largest error = ********

 ...  174 / 254

 No. steps =      68   No. f-s =    1414   No. J-s =       2   No. LU-s =      17
  No. nonlinear iterations =      75
  No. nonlinear convergence failures =       0
  No. error test failures =       0
  Last step size used =    0.60046E+07
  Index compenent largest error = ********

 ...  175 / 254

 No. steps =      67   No. f-s =    1414   No. J-s =       2   No. LU-s =      17
  No. nonlinear iterations =      75
  No. nonlinear convergence failures =       0
  No. error test failures =       0
  Last step size used =    0.66269E+07
  Index compenent largest error = ********

 ...  176 / 254

 No. steps =      62   No. f-s =    1408   No. J-s =       2   No. LU-s =      18
  No. nonlinear iterations =      69
  No. nonlinear convergence failures =       0
  No. error test failures =       0
  Last step size used =    0.79293E+07
  Index compenent largest error = ********

 ...  177 / 254

 No. steps =      61   No. f-s =    1407   No. J-s =       2   No. LU-s =      18
  No. nonlinear iterations =      68
  No. nonlinear convergence failures =       0
  No. error test failures =       0
  Last step size used =    0.86898E+07
  Index compenent largest error = ********

 ...  178 / 254

 No. steps =      70   No. f-s =    1418   No. J-s =       2   No. LU-s =      17
  No. nonlinear iterations =      79
  No. nonlinear convergence failures =       0
  No. error test failures =       0
  Last step size used =    0.48559E+07
  Index compenent largest error = ********

 ...  179 / 254

 No. steps =      61   No. f-s =    1407   No. J-s =       2   No. LU-s =      17
  No. nonlinear iterations =      68
  No. nonlinear convergence failures =       0
  No. error test failures =       0
  Last step size used =    0.88484E+07
  Index compenent largest error = ********

 ...  180 / 254

 No. steps =      62   No. f-s =    1412   No. J-s =       2   No. LU-s =      18
  No. nonlinear iterations =      73
  No. nonlinear convergence failures =       0
  No. error test failures =       0
  Last step size used =    0.57157E+07
  Index compenent largest error = ********

 ...  181 / 254

 No. steps =      67   No. f-s =    1413   No. J-s =       2   No. LU-s =      17
  No. nonlinear iterations =      74
  No. nonlinear convergence failures =       0
  No. error test failures =       0
  Last step size used =    0.65035E+07
  Index compenent largest error = ********

 ...  182 / 254

 No. steps =      69   No. f-s =    1417   No. J-s =       2   No. LU-s =      17
  No. nonlinear iterations =      78
  No. nonlinear convergence failures =       0
  No. error test failures =       0
  Last step size used =    0.50532E+07
  Index compenent largest error = ********

 ...  183 / 254

 No. steps =      61   No. f-s =    1408   No. J-s =       2   No. LU-s =      17
  No. nonlinear iterations =      69
  No. nonlinear convergence failures =       0
  No. error test failures =       0
  Last step size used =    0.74833E+07
  Index compenent largest error = ********

 ...  184 / 254

 No. steps =      62   No. f-s =    1412   No. J-s =       2   No. LU-s =      18
  No. nonlinear iterations =      73
  No. nonlinear convergence failures =       0
  No. error test failures =       0
  Last step size used =    0.60976E+07
  Index compenent largest error = ********

 ...  185 / 254

 No. steps =      67   No. f-s =    1414   No. J-s =       2   No. LU-s =      17
  No. nonlinear iterations =      75
  No. nonlinear convergence failures =       0
  No. error test failures =       0
  Last step size used =    0.64917E+07
  Index compenent largest error = ********

 ...  186 / 254

 No. steps =      69   No. f-s =    1416   No. J-s =       2   No. LU-s =      17
  No. nonlinear iterations =      77
  No. nonlinear convergence failures =       0
  No. error test failures =       0
  Last step size used =    0.53384E+07
  Index compenent largest error = ********

 ...  187 / 254

 No. steps =      56   No. f-s =    1404   No. J-s =       2   No. LU-s =      15
  No. nonlinear iterations =      65
  No. nonlinear convergence failures =       0
  No. error test failures =       0
  Last step size used =    0.63602E+07
  Index compenent largest error = ********

 ...  188 / 254

 No. steps =      62   No. f-s =    1412   No. J-s =       2   No. LU-s =      19
  No. nonlinear iterations =      73
  No. nonlinear convergence failures =       0
  No. error test failures =       0
  Last step size used =    0.10033E+08
  Index compenent largest error = ********

 ...  189 / 254

 No. steps =      62   No. f-s =    1412   No. J-s =       2   No. LU-s =      18
  No. nonlinear iterations =      73
  No. nonlinear convergence failures =       0
  No. error test failures =       0
  Last step size used =    0.61211E+07
  Index compenent largest error = ********

 ...  190 / 254

 No. steps =      69   No. f-s =    1417   No. J-s =       2   No. LU-s =      17
  No. nonlinear iterations =      78
  No. nonlinear convergence failures =       0
  No. error test failures =       0
  Last step size used =    0.49816E+07
  Index compenent largest error = ********

 ...  191 / 254

 No. steps =      62   No. f-s =    1409   No. J-s =       2   No. LU-s =      18
  No. nonlinear iterations =      70
  No. nonlinear convergence failures =       0
  No. error test failures =       0
  Last step size used =    0.57017E+07
  Index compenent largest error = ********

 ...  192 / 254

 No. steps =      62   No. f-s =    1411   No. J-s =       2   No. LU-s =      17
  No. nonlinear iterations =      72
  No. nonlinear convergence failures =       0
  No. error test failures =       0
  Last step size used =    0.77417E+07
  Index compenent largest error = ********

 ...  193 / 254

 No. steps =      66   No. f-s =    1413   No. J-s =       2   No. LU-s =      16
  No. nonlinear iterations =      74
  No. nonlinear convergence failures =       0
  No. error test failures =       0
  Last step size used =    0.45590E+07
  Index compenent largest error = ********

 ...  194 / 254

 No. steps =      70   No. f-s =    1418   No. J-s =       2   No. LU-s =      18
  No. nonlinear iterations =      79
  No. nonlinear convergence failures =       0
  No. error test failures =       0
  Last step size used =    0.50954E+07
  Index compenent largest error = ********

 ...  195 / 254

 No. steps =      60   No. f-s =    1408   No. J-s =       2   No. LU-s =      17
  No. nonlinear iterations =      69
  No. nonlinear convergence failures =       0
  No. error test failures =       0
  Last step size used =    0.71002E+07
  Index compenent largest error = ********

 ...  196 / 254

 No. steps =      67   No. f-s =    1413   No. J-s =       2   No. LU-s =      17
  No. nonlinear iterations =      74
  No. nonlinear convergence failures =       0
  No. error test failures =       0
  Last step size used =    0.67461E+07
  Index compenent largest error = ********

 ...  197 / 254

 No. steps =      61   No. f-s =    1411   No. J-s =       2   No. LU-s =      18
  No. nonlinear iterations =      72
  No. nonlinear convergence failures =       0
  No. error test failures =       0
  Last step size used =    0.64389E+07
  Index compenent largest error = ********

 ...  198 / 254

 No. steps =      68   No. f-s =    1417   No. J-s =       2   No. LU-s =      18
  No. nonlinear iterations =      78
  No. nonlinear convergence failures =       0
  No. error test failures =       0
  Last step size used =    0.84001E+07
  Index compenent largest error = ********

 ...  199 / 254

 No. steps =      58   No. f-s =    1405   No. J-s =       2   No. LU-s =      16
  No. nonlinear iterations =      66
  No. nonlinear convergence failures =       0
  No. error test failures =       0
  Last step size used =    0.60964E+07
  Index compenent largest error = ********

 ...  200 / 254

 No. steps =      61   No. f-s =    1410   No. J-s =       2   No. LU-s =      18
  No. nonlinear iterations =      71
  No. nonlinear convergence failures =       0
  No. error test failures =       0
  Last step size used =    0.62207E+07
  Index compenent largest error = ********

 ...  201 / 254

 No. steps =      62   No. f-s =    1410   No. J-s =       2   No. LU-s =      16
  No. nonlinear iterations =      71
  No. nonlinear convergence failures =       0
  No. error test failures =       0
  Last step size used =    0.51378E+07
  Index compenent largest error = ********

 ...  202 / 254

 No. steps =      67   No. f-s =    1414   No. J-s =       2   No. LU-s =      17
  No. nonlinear iterations =      75
  No. nonlinear convergence failures =       0
  No. error test failures =       0
  Last step size used =    0.63427E+07
  Index compenent largest error = ********

 ...  203 / 254

 No. steps =      62   No. f-s =    1410   No. J-s =       2   No. LU-s =      17
  No. nonlinear iterations =      71
  No. nonlinear convergence failures =       0
  No. error test failures =       0
  Last step size used =    0.66217E+07
  Index compenent largest error = ********

 ...  204 / 254

 No. steps =      61   No. f-s =    1411   No. J-s =       2   No. LU-s =      18
  No. nonlinear iterations =      72
  No. nonlinear convergence failures =       0
  No. error test failures =       0
  Last step size used =    0.67009E+07
  Index compenent largest error = ********

 ...  205 / 254

 No. steps =      65   No. f-s =    1411   No. J-s =       2   No. LU-s =      16
  No. nonlinear iterations =      72
  No. nonlinear convergence failures =       0
  No. error test failures =       0
  Last step size used =    0.51012E+07
  Index compenent largest error = ********

 ...  206 / 254

 No. steps =      66   No. f-s =    1412   No. J-s =       2   No. LU-s =      16
  No. nonlinear iterations =      73
  No. nonlinear convergence failures =       0
  No. error test failures =       0
  Last step size used =    0.44645E+07
  Index compenent largest error = ********

 ...  207 / 254

 No. steps =      66   No. f-s =    1412   No. J-s =       2   No. LU-s =      16
  No. nonlinear iterations =      73
  No. nonlinear convergence failures =       0
  No. error test failures =       0
  Last step size used =    0.46158E+07
  Index compenent largest error = ********

 ...  208 / 254

 No. steps =      57   No. f-s =    1406   No. J-s =       2   No. LU-s =      17
  No. nonlinear iterations =      67
  No. nonlinear convergence failures =       0
  No. error test failures =       0
  Last step size used =    0.73671E+07
  Index compenent largest error = ********

 ...  209 / 254

 No. steps =      62   No. f-s =    1412   No. J-s =       2   No. LU-s =      18
  No. nonlinear iterations =      73
  No. nonlinear convergence failures =       0
  No. error test failures =       0
  Last step size used =    0.82664E+07
  Index compenent largest error = ********

 ...  210 / 254

 No. steps =      65   No. f-s =    1411   No. J-s =       2   No. LU-s =      16
  No. nonlinear iterations =      72
  No. nonlinear convergence failures =       0
  No. error test failures =       0
  Last step size used =    0.50148E+07
  Index compenent largest error = ********

 ...  211 / 254

 No. steps =      62   No. f-s =    1410   No. J-s =       2   No. LU-s =      17
  No. nonlinear iterations =      71
  No. nonlinear convergence failures =       0
  No. error test failures =       0
  Last step size used =    0.67397E+07
  Index compenent largest error = ********

 ...  212 / 254

 No. steps =      57   No. f-s =    1405   No. J-s =       2   No. LU-s =      17
  No. nonlinear iterations =      66
  No. nonlinear convergence failures =       0
  No. error test failures =       0
  Last step size used =    0.77804E+07
  Index compenent largest error = ********

 ...  213 / 254

 No. steps =      64   No. f-s =    1412   No. J-s =       2   No. LU-s =      17
  No. nonlinear iterations =      73
  No. nonlinear convergence failures =       0
  No. error test failures =       0
  Last step size used =    0.57100E+07
  Index compenent largest error = ********

 ...  214 / 254

 No. steps =      68   No. f-s =    1420   No. J-s =       2   No. LU-s =      18
  No. nonlinear iterations =      81
  No. nonlinear convergence failures =       0
  No. error test failures =       0
  Last step size used =    0.53189E+07
  Index compenent largest error = ********

 ...  215 / 254

 No. steps =      59   No. f-s =    1405   No. J-s =       2   No. LU-s =      15
  No. nonlinear iterations =      66
  No. nonlinear convergence failures =       0
  No. error test failures =       0
  Last step size used =    0.64041E+07
  Index compenent largest error = ********

 ...  216 / 254

 No. steps =      60   No. f-s =    1408   No. J-s =       2   No. LU-s =      17
  No. nonlinear iterations =      69
  No. nonlinear convergence failures =       0
  No. error test failures =       0
  Last step size used =    0.67449E+07
  Index compenent largest error = ********

 ...  217 / 254

 No. steps =      60   No. f-s =    1408   No. J-s =       2   No. LU-s =      17
  No. nonlinear iterations =      69
  No. nonlinear convergence failures =       0
  No. error test failures =       0
  Last step size used =    0.65734E+07
  Index compenent largest error = ********

 ...  218 / 254

 No. steps =      69   No. f-s =    1418   No. J-s =       2   No. LU-s =      18
  No. nonlinear iterations =      79
  No. nonlinear convergence failures =       0
  No. error test failures =       0
  Last step size used =    0.45822E+07
  Index compenent largest error = ********

 ...  219 / 254

 No. steps =      55   No. f-s =    1402   No. J-s =       2   No. LU-s =      17
  No. nonlinear iterations =      63
  No. nonlinear convergence failures =       0
  No. error test failures =       0
  Last step size used =    0.62992E+07
  Index compenent largest error = ********

 ...  220 / 254

 No. steps =      58   No. f-s =    1403   No. J-s =       2   No. LU-s =      15
  No. nonlinear iterations =      64
  No. nonlinear convergence failures =       0
  No. error test failures =       0
  Last step size used =    0.52135E+07
  Index compenent largest error = ********

 ...  221 / 254

 No. steps =      61   No. f-s =    1409   No. J-s =       2   No. LU-s =      17
  No. nonlinear iterations =      70
  No. nonlinear convergence failures =       0
  No. error test failures =       0
  Last step size used =    0.73409E+07
  Index compenent largest error = ********

 ...  222 / 254

 No. steps =      63   No. f-s =    1411   No. J-s =       2   No. LU-s =      16
  No. nonlinear iterations =      72
  No. nonlinear convergence failures =       0
  No. error test failures =       0
  Last step size used =    0.46569E+07
  Index compenent largest error = ********

 ...  223 / 254

 No. steps =      52   No. f-s =     729   No. J-s =       1   No. LU-s =      17
  No. nonlinear iterations =      58
  No. nonlinear convergence failures =       0
  No. error test failures =       0
  Last step size used =    0.77352E+07
  Index compenent largest error = ********

 ...  224 / 254

 No. steps =      59   No. f-s =    1405   No. J-s =       2   No. LU-s =      16
  No. nonlinear iterations =      66
  No. nonlinear convergence failures =       0
  No. error test failures =       0
  Last step size used =    0.58882E+07
  Index compenent largest error = ********

 ...  225 / 254

 No. steps =      61   No. f-s =    1409   No. J-s =       2   No. LU-s =      16
  No. nonlinear iterations =      70
  No. nonlinear convergence failures =       0
  No. error test failures =       0
  Last step size used =    0.59994E+07
  Index compenent largest error = ********

 ...  226 / 254

 No. steps =      60   No. f-s =    1408   No. J-s =       2   No. LU-s =      17
  No. nonlinear iterations =      69
  No. nonlinear convergence failures =       0
  No. error test failures =       0
  Last step size used =    0.63697E+07
  Index compenent largest error = ********

 ...  227 / 254

 No. steps =      53   No. f-s =    1399   No. J-s =       2   No. LU-s =      16
  No. nonlinear iterations =      60
  No. nonlinear convergence failures =       0
  No. error test failures =       0
  Last step size used =    0.90451E+07
  Index compenent largest error = ********

 ...  228 / 254

 No. steps =      61   No. f-s =    1409   No. J-s =       2   No. LU-s =      16
  No. nonlinear iterations =      70
  No. nonlinear convergence failures =       0
  No. error test failures =       0
  Last step size used =    0.60290E+07
  Index compenent largest error = ********

 ...  229 / 254

 No. steps =      60   No. f-s =    1408   No. J-s =       2   No. LU-s =      17
  No. nonlinear iterations =      69
  No. nonlinear convergence failures =       0
  No. error test failures =       0
  Last step size used =    0.66638E+07
  Index compenent largest error = ********

 ...  230 / 254

 No. steps =      59   No. f-s =    1403   No. J-s =       2   No. LU-s =      17
  No. nonlinear iterations =      64
  No. nonlinear convergence failures =       0
  No. error test failures =       0
  Last step size used =    0.62528E+07
  Index compenent largest error = ********

 ...  231 / 254

 No. steps =      56   No. f-s =    1403   No. J-s =       2   No. LU-s =      16
  No. nonlinear iterations =      64
  No. nonlinear convergence failures =       0
  No. error test failures =       0
  Last step size used =    0.69606E+07
  Index compenent largest error = ********

 ...  232 / 254

 No. steps =      53   No. f-s =    1399   No. J-s =       2   No. LU-s =      16
  No. nonlinear iterations =      60
  No. nonlinear convergence failures =       0
  No. error test failures =       0
  Last step size used =    0.90155E+07
  Index compenent largest error = ********

 ...  233 / 254

 No. steps =      53   No. f-s =    1399   No. J-s =       2   No. LU-s =      16
  No. nonlinear iterations =      60
  No. nonlinear convergence failures =       0
  No. error test failures =       0
  Last step size used =    0.86191E+07
  Index compenent largest error = ********

 ...  234 / 254

 No. steps =      59   No. f-s =    1404   No. J-s =       2   No. LU-s =      16
  No. nonlinear iterations =      65
  No. nonlinear convergence failures =       0
  No. error test failures =       0
  Last step size used =    0.54148E+07
  Index compenent largest error = ********

 ...  235 / 254

 No. steps =      59   No. f-s =    1407   No. J-s =       2   No. LU-s =      17
  No. nonlinear iterations =      68
  No. nonlinear convergence failures =       0
  No. error test failures =       0
  Last step size used =    0.83390E+07
  Index compenent largest error = ********

 ...  236 / 254

 No. steps =      59   No. f-s =    1405   No. J-s =       2   No. LU-s =      16
  No. nonlinear iterations =      66
  No. nonlinear convergence failures =       0
  No. error test failures =       0
  Last step size used =    0.54234E+07
  Index compenent largest error = ********

 ...  237 / 254

 No. steps =      55   No. f-s =    1403   No. J-s =       2   No. LU-s =      17
  No. nonlinear iterations =      64
  No. nonlinear convergence failures =       0
  No. error test failures =       0
  Last step size used =    0.87113E+07
  Index compenent largest error = ********

 ...  238 / 254

 No. steps =      68   No. f-s =    1416   No. J-s =       2   No. LU-s =      18
  No. nonlinear iterations =      77
  No. nonlinear convergence failures =       0
  No. error test failures =       0
  Last step size used =    0.56804E+07
  Index compenent largest error = ********

 ...  239 / 254

 No. steps =      57   No. f-s =    1406   No. J-s =       2   No. LU-s =      17
  No. nonlinear iterations =      67
  No. nonlinear convergence failures =       0
  No. error test failures =       0
  Last step size used =    0.70474E+07
  Index compenent largest error = ********

 ...  240 / 254

 No. steps =      55   No. f-s =    1402   No. J-s =       2   No. LU-s =      16
  No. nonlinear iterations =      63
  No. nonlinear convergence failures =       0
  No. error test failures =       0
  Last step size used =    0.78853E+07
  Index compenent largest error = ********

 ...  241 / 254

 No. steps =      58   No. f-s =    1404   No. J-s =       2   No. LU-s =      17
  No. nonlinear iterations =      65
  No. nonlinear convergence failures =       0
  No. error test failures =       0
  Last step size used =    0.66489E+07
  Index compenent largest error = ********

 ...  242 / 254

 No. steps =      59   No. f-s =    1407   No. J-s =       2   No. LU-s =      17
  No. nonlinear iterations =      68
  No. nonlinear convergence failures =       0
  No. error test failures =       0
  Last step size used =    0.85257E+07
  Index compenent largest error = ********

 ...  243 / 254

 No. steps =      57   No. f-s =    1406   No. J-s =       2   No. LU-s =      17
  No. nonlinear iterations =      67
  No. nonlinear convergence failures =       0
  No. error test failures =       0
  Last step size used =    0.69658E+07
  Index compenent largest error = ********

 ...  244 / 254

 No. steps =      56   No. f-s =    1403   No. J-s =       2   No. LU-s =      15
  No. nonlinear iterations =      64
  No. nonlinear convergence failures =       0
  No. error test failures =       0
  Last step size used =    0.76100E+07
  Index compenent largest error = ********

 ...  245 / 254

 No. steps =      55   No. f-s =    1402   No. J-s =       2   No. LU-s =      16
  No. nonlinear iterations =      63
  No. nonlinear convergence failures =       0
  No. error test failures =       0
  Last step size used =    0.67954E+07
  Index compenent largest error = ********

 ...  246 / 254

 No. steps =      63   No. f-s =    1409   No. J-s =       2   No. LU-s =      15
  No. nonlinear iterations =      70
  No. nonlinear convergence failures =       0
  No. error test failures =       0
  Last step size used =    0.72691E+07
  Index compenent largest error = ********

 ...  247 / 254

 No. steps =      63   No. f-s =    1409   No. J-s =       2   No. LU-s =      15
  No. nonlinear iterations =      70
  No. nonlinear convergence failures =       0
  No. error test failures =       0
  Last step size used =    0.69374E+07
  Index compenent largest error = ********

 ...  248 / 254

 No. steps =      62   No. f-s =    1408   No. J-s =       2   No. LU-s =      16
  No. nonlinear iterations =      69
  No. nonlinear convergence failures =       0
  No. error test failures =       0
  Last step size used =    0.69454E+07
  Index compenent largest error = ********

 ...  249 / 254

 No. steps =      57   No. f-s =    1406   No. J-s =       2   No. LU-s =      17
  No. nonlinear iterations =      67
  No. nonlinear convergence failures =       0
  No. error test failures =       0
  Last step size used =    0.72977E+07
  Index compenent largest error = ********

 ...  250 / 254

 No. steps =      60   No. f-s =    1408   No. J-s =       2   No. LU-s =      16
  No. nonlinear iterations =      69
  No. nonlinear convergence failures =       0
  No. error test failures =       0
  Last step size used =    0.66771E+07
  Index compenent largest error = ********

 ...  251 / 254

 No. steps =      58   No. f-s =    1403   No. J-s =       2   No. LU-s =      17
  No. nonlinear iterations =      64
  No. nonlinear convergence failures =       0
  No. error test failures =       0
  Last step size used =    0.69466E+07
  Index compenent largest error = ********

 ...  252 / 254

 No. steps =      59   No. f-s =    1409   No. J-s =       2   No. LU-s =      17
  No. nonlinear iterations =      70
  No. nonlinear convergence failures =       0
  No. error test failures =       0
  Last step size used =    0.85836E+07
  Index compenent largest error = ********

 ...  253 / 254

 No. steps =      54   No. f-s =    1399   No. J-s =       2   No. LU-s =      17
  No. nonlinear iterations =      60
  No. nonlinear convergence failures =       0
  No. error test failures =       0
  Last step size used =    0.89476E+07
  Index compenent largest error = ********

 ...  254 / 254

 No. steps =      61   No. f-s =    1408   No. J-s =       2   No. LU-s =      16
  No. nonlinear iterations =      69
  No. nonlinear convergence failures =       0
  No. error test failures =       0
  Last step size used =    0.66987E+07
  Index compenent largest error = ********


    ... DONE!
 +++++++++++++++++++++++++++++++++++++++++++++++++++


+------------------ Job Report: 10461701 (COMPLETED) ------------------+
| Memory (RAM)  [                    ]  0.1% (1 MB peak / 1 GB)        |
| CPU           [#############       ] 69.4% average                   |
| Time          [>                   ]  2.4% (0-00:01:25 / 0-01:00:00) |
|                                                                      |
| Lustre Filesystem:                                                   |
|   Path    Total Read    Total Write    Total IOPS                    |
|   ------  ------------  -------------  ------------                  |
|   /apps   0 B           0 B            216                           |
|   /fred   24 KB         72.1 MB        6.5 K                         |
|                                                                      |
| Warnings:                                                            |
|   - Too much memory requested                                        |
|   - CPU usage is low                                                 |
|   - Too much time requested                                          |
+----------------------------------------------------------------------+
