Starting job 10461264, array task 439 on dave70
Chemistry type: Crich
Analysis mode: false
Found 459 valid particle IDs in /fred/oz304/beckers/Chemistry/traces/wind_v10/trace_output_with_av
Returning 457 particle IDs (after start_index=2 offset)
SLURM task 439: processing particle 3976575
Running Crich evolving_model on 1 phantom particle trace(s) from wind_v10

 +++++++++++++++++++++++++++++++++++++++++++++++++++
 +++++        ENVELOPE CHEMICAL MODEL         ++++++
 +++++++++++++++++++++++++++++++++++++++++++++++++++

 Version 1.0 authored by Catherine Walsh and Maria 
    Drozdovskaya, Leiden Observatory (01/08/2013)

 Version 1.1 amended by Catherine Walsh (18/05/2014)

 Version 1.2 amended by Catherine Walsh (13/08/2015)

 +++++++++++++++++++++++++++++++++++++++++++++++++++

          Input file =  Crich/param/trace_file_param/file_parameters_3976575.txt              

 Physical conditions  = Crich/input/3976575.txt                                               
 Chemical network     = ./rate12_complex.rates                                                
 Species file         = ./rate12_complex_atomic_Crich.specs                                   
 Binding energies     = ./rate12_binding.dat                                                  
 Reaction parameters  = param/reaction_parameters.txt                                         
 Grain parameters     = param/grain_parameters.txt                                            
 Radiation parameters = param/radiation_parameters.txt                                        

 Output file          = Crich/output/model_output_3976575.dat                                 
 Rates file           = Crich/output/model_rates_3976575.dat                                  

 Opening and reading physical conditions file ...

 +++++++++++++++++++++++++++++++++++++++++++++++++++
 Beginning to run model ...
 +++++++++++++++++++++++++++++++++++++++++++++++++++

 Preparing output files ...

 Progress = ...
 ...    1 /  61

 No. steps =    1123   No. f-s =   19051   No. J-s =      26   No. LU-s =     174
  No. nonlinear iterations =    1682
  No. nonlinear convergence failures =       0
  No. error test failures =      47
  Last step size used =    0.40190E+09
  Index compenent largest error = ********

 ...    2 /  61

 No. steps =     184   No. f-s =    2888   No. J-s =       4   No. LU-s =      31
  No. nonlinear iterations =     213
  No. nonlinear convergence failures =       0
  No. error test failures =       1
  Last step size used =    0.23544E+07
  Index compenent largest error = ********

 ...    3 /  61

 No. steps =     167   No. f-s =    2192   No. J-s =       3   No. LU-s =      30
  No. nonlinear iterations =     185
  No. nonlinear convergence failures =       0
  No. error test failures =       0
  Last step size used =    0.28248E+07
  Index compenent largest error = ********

 ...    4 /  61

 No. steps =     162   No. f-s =    2190   No. J-s =       3   No. LU-s =      28
  No. nonlinear iterations =     183
  No. nonlinear convergence failures =       0
  No. error test failures =       0
  Last step size used =    0.30043E+07
  Index compenent largest error = ********

 ...    5 /  61

 No. steps =     157   No. f-s =    2183   No. J-s =       3   No. LU-s =      28
  No. nonlinear iterations =     176
  No. nonlinear convergence failures =       0
  No. error test failures =       0
  Last step size used =    0.34584E+07
  Index compenent largest error = ********

 ...    6 /  61

 No. steps =     154   No. f-s =    2181   No. J-s =       3   No. LU-s =      27
  No. nonlinear iterations =     174
  No. nonlinear convergence failures =       0
  No. error test failures =       0
  Last step size used =    0.36472E+07
  Index compenent largest error = ********

 ...    7 /  61

 No. steps =     143   No. f-s =    2169   No. J-s =       3   No. LU-s =      26
  No. nonlinear iterations =     162
  No. nonlinear convergence failures =       0
  No. error test failures =       0
  Last step size used =    0.31227E+07
  Index compenent largest error = ********

 ...    8 /  61

 No. steps =     139   No. f-s =    2162   No. J-s =       3   No. LU-s =      26
  No. nonlinear iterations =     155
  No. nonlinear convergence failures =       0
  No. error test failures =       0
  Last step size used =    0.36587E+07
  Index compenent largest error = ********

 ...    9 /  61

 No. steps =     134   No. f-s =    2160   No. J-s =       3   No. LU-s =      25
  No. nonlinear iterations =     153
  No. nonlinear convergence failures =       0
  No. error test failures =       0
  Last step size used =    0.34711E+07
  Index compenent largest error = ********

 ...   10 /  61

 No. steps =     125   No. f-s =    2147   No. J-s =       3   No. LU-s =      25
  No. nonlinear iterations =     140
  No. nonlinear convergence failures =       0
  No. error test failures =       0
  Last step size used =    0.35814E+07
  Index compenent largest error = ********

 ...   11 /  61

 No. steps =     142   No. f-s =    2175   No. J-s =       3   No. LU-s =      28
  No. nonlinear iterations =     168
  No. nonlinear convergence failures =       0
  No. error test failures =       2
  Last step size used =    0.27649E+07
  Index compenent largest error = ********

 ...   12 /  61

 No. steps =     179   No. f-s =    2887   No. J-s =       4   No. LU-s =      31
  No. nonlinear iterations =     212
  No. nonlinear convergence failures =       0
  No. error test failures =       2
  Last step size used =    0.30706E+07
  Index compenent largest error = ********

 ...   13 /  61

 No. steps =     169   No. f-s =    2871   No. J-s =       4   No. LU-s =      25
  No. nonlinear iterations =     196
  No. nonlinear convergence failures =       0
  No. error test failures =       1
  Last step size used =    0.20052E+07
  Index compenent largest error = ********

 ...   14 /  61

 No. steps =     132   No. f-s =    2154   No. J-s =       3   No. LU-s =      22
  No. nonlinear iterations =     147
  No. nonlinear convergence failures =       0
  No. error test failures =       0
  Last step size used =    0.23847E+07
  Index compenent largest error = ********

 ...   15 /  61

 No. steps =     121   No. f-s =    2145   No. J-s =       3   No. LU-s =      24
  No. nonlinear iterations =     138
  No. nonlinear convergence failures =       0
  No. error test failures =       0
  Last step size used =    0.27817E+07
  Index compenent largest error = ********

 ...   16 /  61

 No. steps =     131   No. f-s =    2151   No. J-s =       3   No. LU-s =      24
  No. nonlinear iterations =     144
  No. nonlinear convergence failures =       0
  No. error test failures =       0
  Last step size used =    0.34204E+07
  Index compenent largest error = ********

 ...   17 /  61

 No. steps =     136   No. f-s =    2160   No. J-s =       3   No. LU-s =      23
  No. nonlinear iterations =     153
  No. nonlinear convergence failures =       0
  No. error test failures =       0
  Last step size used =    0.27515E+07
  Index compenent largest error = ********

 ...   18 /  61

 No. steps =     125   No. f-s =    2147   No. J-s =       3   No. LU-s =      25
  No. nonlinear iterations =     140
  No. nonlinear convergence failures =       0
  No. error test failures =       0
  Last step size used =    0.48431E+07
  Index compenent largest error = ********

 ...   19 /  61

 No. steps =     122   No. f-s =    2144   No. J-s =       3   No. LU-s =      23
  No. nonlinear iterations =     137
  No. nonlinear convergence failures =       0
  No. error test failures =       0
  Last step size used =    0.30618E+07
  Index compenent largest error = ********

 ...   20 /  61

 No. steps =     122   No. f-s =    2143   No. J-s =       3   No. LU-s =      23
  No. nonlinear iterations =     136
  No. nonlinear convergence failures =       0
  No. error test failures =       0
  Last step size used =    0.36467E+07
  Index compenent largest error = ********

 ...   21 /  61

 No. steps =     118   No. f-s =    2140   No. J-s =       3   No. LU-s =      23
  No. nonlinear iterations =     133
  No. nonlinear convergence failures =       0
  No. error test failures =       0
  Last step size used =    0.30805E+07
  Index compenent largest error = ********

 ...   22 /  61

 No. steps =     118   No. f-s =    2135   No. J-s =       3   No. LU-s =      23
  No. nonlinear iterations =     128
  No. nonlinear convergence failures =       0
  No. error test failures =       0
  Last step size used =    0.46859E+07
  Index compenent largest error = ********

 ...   23 /  61

 No. steps =     113   No. f-s =    2132   No. J-s =       3   No. LU-s =      23
  No. nonlinear iterations =     125
  No. nonlinear convergence failures =       0
  No. error test failures =       0
  Last step size used =    0.52290E+07
  Index compenent largest error = ********

 ...   24 /  61

 No. steps =     113   No. f-s =    2132   No. J-s =       3   No. LU-s =      23
  No. nonlinear iterations =     125
  No. nonlinear convergence failures =       0
  No. error test failures =       0
  Last step size used =    0.42380E+07
  Index compenent largest error = ********

 ...   25 /  61

 No. steps =     111   No. f-s =    2133   No. J-s =       3   No. LU-s =      21
  No. nonlinear iterations =     126
  No. nonlinear convergence failures =       0
  No. error test failures =       0
  Last step size used =    0.36819E+07
  Index compenent largest error = ********

 ...   26 /  61

 No. steps =     107   No. f-s =    2126   No. J-s =       3   No. LU-s =      21
  No. nonlinear iterations =     119
  No. nonlinear convergence failures =       0
  No. error test failures =       0
  Last step size used =    0.36714E+07
  Index compenent largest error = ********

 ...   27 /  61

 No. steps =     104   No. f-s =    1456   No. J-s =       2   No. LU-s =      21
  No. nonlinear iterations =     117
  No. nonlinear convergence failures =       0
  No. error test failures =       0
  Last step size used =    0.44413E+07
  Index compenent largest error = ********

 ...   28 /  61

 No. steps =     104   No. f-s =    1454   No. J-s =       2   No. LU-s =      20
  No. nonlinear iterations =     115
  No. nonlinear convergence failures =       0
  No. error test failures =       0
  Last step size used =    0.37618E+07
  Index compenent largest error = ********

 ...   29 /  61

 No. steps =     100   No. f-s =    1452   No. J-s =       2   No. LU-s =      21
  No. nonlinear iterations =     113
  No. nonlinear convergence failures =       0
  No. error test failures =       0
  Last step size used =    0.51174E+07
  Index compenent largest error = ********

 ...   30 /  61

 No. steps =      96   No. f-s =    1448   No. J-s =       2   No. LU-s =      22
  No. nonlinear iterations =     109
  No. nonlinear convergence failures =       0
  No. error test failures =       0
  Last step size used =    0.52730E+07
  Index compenent largest error = ********

 ...   31 /  61

 No. steps =      98   No. f-s =    1449   No. J-s =       2   No. LU-s =      21
  No. nonlinear iterations =     110
  No. nonlinear convergence failures =       0
  No. error test failures =       0
  Last step size used =    0.38230E+07
  Index compenent largest error = ********

 ...   32 /  61

 No. steps =      95   No. f-s =    1446   No. J-s =       2   No. LU-s =      21
  No. nonlinear iterations =     107
  No. nonlinear convergence failures =       0
  No. error test failures =       0
  Last step size used =    0.45162E+07
  Index compenent largest error = ********

 ...   33 /  61

 No. steps =      95   No. f-s =    1447   No. J-s =       2   No. LU-s =      20
  No. nonlinear iterations =     108
  No. nonlinear convergence failures =       0
  No. error test failures =       0
  Last step size used =    0.50344E+07
  Index compenent largest error = ********

 ...   34 /  61

 No. steps =      94   No. f-s =    1444   No. J-s =       2   No. LU-s =      21
  No. nonlinear iterations =     105
  No. nonlinear convergence failures =       0
  No. error test failures =       0
  Last step size used =    0.49255E+07
  Index compenent largest error = ********

 ...   35 /  61

 No. steps =      91   No. f-s =    1441   No. J-s =       2   No. LU-s =      20
  No. nonlinear iterations =     102
  No. nonlinear convergence failures =       0
  No. error test failures =       0
  Last step size used =    0.44514E+07
  Index compenent largest error = ********

 ...   36 /  61

 No. steps =      85   No. f-s =    1437   No. J-s =       2   No. LU-s =      22
  No. nonlinear iterations =      98
  No. nonlinear convergence failures =       0
  No. error test failures =       0
  Last step size used =    0.61294E+07
  Index compenent largest error = ********

 ...   37 /  61

 No. steps =      82   No. f-s =    1432   No. J-s =       2   No. LU-s =      20
  No. nonlinear iterations =      93
  No. nonlinear convergence failures =       0
  No. error test failures =       0
  Last step size used =    0.57719E+07
  Index compenent largest error = ********

 ...   38 /  61

 No. steps =      85   No. f-s =    1438   No. J-s =       2   No. LU-s =      18
  No. nonlinear iterations =      99
  No. nonlinear convergence failures =       0
  No. error test failures =       0
  Last step size used =    0.37290E+07
  Index compenent largest error = ********

 ...   39 /  61

 No. steps =      90   No. f-s =    1439   No. J-s =       2   No. LU-s =      18
  No. nonlinear iterations =     100
  No. nonlinear convergence failures =       0
  No. error test failures =       0
  Last step size used =    0.40289E+07
  Index compenent largest error = ********

 ...   40 /  61

 No. steps =      87   No. f-s =    1436   No. J-s =       2   No. LU-s =      19
  No. nonlinear iterations =      97
  No. nonlinear convergence failures =       0
  No. error test failures =       0
  Last step size used =    0.49315E+07
  Index compenent largest error = ********

 ...   41 /  61

 No. steps =      79   No. f-s =    1430   No. J-s =       2   No. LU-s =      19
  No. nonlinear iterations =      91
  No. nonlinear convergence failures =       0
  No. error test failures =       0
  Last step size used =    0.51871E+07
  Index compenent largest error = ********

 ...   42 /  61

 No. steps =      73   No. f-s =    1420   No. J-s =       2   No. LU-s =      18
  No. nonlinear iterations =      81
  No. nonlinear convergence failures =       0
  No. error test failures =       0
  Last step size used =    0.68548E+07
  Index compenent largest error = ********

 ...   43 /  61

 No. steps =      60   No. f-s =    1408   No. J-s =       2   No. LU-s =      17
  No. nonlinear iterations =      69
  No. nonlinear convergence failures =       0
  No. error test failures =       0
  Last step size used =    0.71467E+07
  Index compenent largest error = ********

 ...   44 /  61

 No. steps =      79   No. f-s =    1426   No. J-s =       2   No. LU-s =      19
  No. nonlinear iterations =      87
  No. nonlinear convergence failures =       0
  No. error test failures =       0
  Last step size used =    0.44538E+07
  Index compenent largest error = ********

 ...   45 /  61

 No. steps =      81   No. f-s =    1428   No. J-s =       2   No. LU-s =      18
  No. nonlinear iterations =      89
  No. nonlinear convergence failures =       0
  No. error test failures =       0
  Last step size used =    0.49112E+07
  Index compenent largest error = ********

 ...   46 /  61

 No. steps =      85   No. f-s =    1436   No. J-s =       2   No. LU-s =      20
  No. nonlinear iterations =      97
  No. nonlinear convergence failures =       0
  No. error test failures =       0
  Last step size used =    0.59767E+07
  Index compenent largest error = ********

 ...   47 /  61

 No. steps =      85   No. f-s =    1436   No. J-s =       2   No. LU-s =      20
  No. nonlinear iterations =      97
  No. nonlinear convergence failures =       0
  No. error test failures =       0
  Last step size used =    0.55535E+07
  Index compenent largest error = ********

 ...   48 /  61

 No. steps =      87   No. f-s =    1440   No. J-s =       2   No. LU-s =      21
  No. nonlinear iterations =     101
  No. nonlinear convergence failures =       0
  No. error test failures =       0
  Last step size used =    0.67928E+07
  Index compenent largest error = ********

 ...   49 /  61

 No. steps =      87   No. f-s =    1442   No. J-s =       2   No. LU-s =      21
  No. nonlinear iterations =     103
  No. nonlinear convergence failures =       0
  No. error test failures =       0
  Last step size used =    0.47658E+07
  Index compenent largest error = ********

 ...   50 /  61

 No. steps =      88   No. f-s =    1437   No. J-s =       2   No. LU-s =      20
  No. nonlinear iterations =      98
  No. nonlinear convergence failures =       0
  No. error test failures =       0
  Last step size used =    0.55820E+07
  Index compenent largest error = ********

 ...   51 /  61

 No. steps =      88   No. f-s =    1438   No. J-s =       2   No. LU-s =      20
  No. nonlinear iterations =      99
  No. nonlinear convergence failures =       0
  No. error test failures =       0
  Last step size used =    0.58175E+07
  Index compenent largest error = ********

 ...   52 /  61

 No. steps =      88   No. f-s =    1439   No. J-s =       2   No. LU-s =      19
  No. nonlinear iterations =     100
  No. nonlinear convergence failures =       0
  No. error test failures =       0
  Last step size used =    0.38715E+07
  Index compenent largest error = ********

 ...   53 /  61

 No. steps =      85   No. f-s =    1438   No. J-s =       2   No. LU-s =      20
  No. nonlinear iterations =      99
  No. nonlinear convergence failures =       0
  No. error test failures =       0
  Last step size used =    0.50787E+07
  Index compenent largest error = ********

 ...   54 /  61

 No. steps =      86   No. f-s =    1436   No. J-s =       2   No. LU-s =      19
  No. nonlinear iterations =      97
  No. nonlinear convergence failures =       0
  No. error test failures =       0
  Last step size used =    0.39908E+07
  Index compenent largest error = ********

 ...   55 /  61

 No. steps =      85   No. f-s =    1435   No. J-s =       2   No. LU-s =      19
  No. nonlinear iterations =      96
  No. nonlinear convergence failures =       0
  No. error test failures =       0
  Last step size used =    0.45156E+07
  Index compenent largest error = ********

 ...   56 /  61

 No. steps =      82   No. f-s =    1434   No. J-s =       2   No. LU-s =      19
  No. nonlinear iterations =      95
  No. nonlinear convergence failures =       0
  No. error test failures =       0
  Last step size used =    0.58566E+07
  Index compenent largest error = ********

 ...   57 /  61

 No. steps =      81   No. f-s =    1434   No. J-s =       2   No. LU-s =      19
  No. nonlinear iterations =      95
  No. nonlinear convergence failures =       0
  No. error test failures =       0
  Last step size used =    0.56063E+07
  Index compenent largest error = ********

 ...   58 /  61

 No. steps =      80   No. f-s =    1433   No. J-s =       2   No. LU-s =      18
  No. nonlinear iterations =      94
  No. nonlinear convergence failures =       0
  No. error test failures =       0
  Last step size used =    0.35412E+07
  Index compenent largest error = ********

 ...   59 /  61

 No. steps =      79   No. f-s =    1432   No. J-s =       2   No. LU-s =      18
  No. nonlinear iterations =      93
  No. nonlinear convergence failures =       0
  No. error test failures =       0
  Last step size used =    0.37442E+07
  Index compenent largest error = ********

 ...   60 /  61

 No. steps =      79   No. f-s =    1432   No. J-s =       2   No. LU-s =      18
  No. nonlinear iterations =      93
  No. nonlinear convergence failures =       0
  No. error test failures =       0
  Last step size used =    0.38879E+07
  Index compenent largest error = ********

 ...   61 /  61

 No. steps =      78   No. f-s =    1431   No. J-s =       2   No. LU-s =      18
  No. nonlinear iterations =      92
  No. nonlinear convergence failures =       0
  No. error test failures =       0
  Last step size used =    0.42296E+07
  Index compenent largest error = ********


    ... DONE!
 +++++++++++++++++++++++++++++++++++++++++++++++++++


+------------------ Job Report: 10461856 (COMPLETED) ------------------+
| Memory (RAM)  No data available                                      |
| CPU           [###########         ] 58.6% average                   |
| Time          [>                   ]  0.8% (0-00:00:29 / 0-01:00:00) |
|                                                                      |
| Lustre Filesystem:                                                   |
|   No data available                                                  |
+----------------------------------------------------------------------+
