Starting job 10461264, array task 366 on gina15
Chemistry type: Crich
Analysis mode: false
Found 459 valid particle IDs in /fred/oz304/beckers/Chemistry/traces/wind_v10/trace_output_with_av
Returning 457 particle IDs (after start_index=2 offset)
SLURM task 366: processing particle 3322920
Running Crich evolving_model on 1 phantom particle trace(s) from wind_v10

 +++++++++++++++++++++++++++++++++++++++++++++++++++
 +++++        ENVELOPE CHEMICAL MODEL         ++++++
 +++++++++++++++++++++++++++++++++++++++++++++++++++

 Version 1.0 authored by Catherine Walsh and Maria 
    Drozdovskaya, Leiden Observatory (01/08/2013)

 Version 1.1 amended by Catherine Walsh (18/05/2014)

 Version 1.2 amended by Catherine Walsh (13/08/2015)

 +++++++++++++++++++++++++++++++++++++++++++++++++++

          Input file =  Crich/param/trace_file_param/file_parameters_3322920.txt              

 Physical conditions  = Crich/input/3322920.txt                                               
 Chemical network     = ./rate12_complex.rates                                                
 Species file         = ./rate12_complex_atomic_Crich.specs                                   
 Binding energies     = ./rate12_binding.dat                                                  
 Reaction parameters  = param/reaction_parameters.txt                                         
 Grain parameters     = param/grain_parameters.txt                                            
 Radiation parameters = param/radiation_parameters.txt                                        

 Output file          = Crich/output/model_output_3322920.dat                                 
 Rates file           = Crich/output/model_rates_3322920.dat                                  

 Opening and reading physical conditions file ...

 +++++++++++++++++++++++++++++++++++++++++++++++++++
 Beginning to run model ...
 +++++++++++++++++++++++++++++++++++++++++++++++++++

 Preparing output files ...

 Progress = ...
 ...    1 / 315

 No. steps =    1063   No. f-s =   19694   No. J-s =      27   No. LU-s =     156
  No. nonlinear iterations =    1657
  No. nonlinear convergence failures =       0
  No. error test failures =      39
  Last step size used =    0.29583E+09
  Index compenent largest error = ********

 ...    2 / 315

 No. steps =     285   No. f-s =    4340   No. J-s =       6   No. LU-s =      40
  No. nonlinear iterations =     329
  No. nonlinear convergence failures =       0
  No. error test failures =       4
  Last step size used =    0.16906E+07
  Index compenent largest error = ********

 ...    3 / 315

 No. steps =     190   No. f-s =    2897   No. J-s =       4   No. LU-s =      35
  No. nonlinear iterations =     222
  No. nonlinear convergence failures =       0
  No. error test failures =       3
  Last step size used =    0.19037E+07
  Index compenent largest error = ********

 ...    4 / 315

 No. steps =     180   No. f-s =    2876   No. J-s =       4   No. LU-s =      31
  No. nonlinear iterations =     201
  No. nonlinear convergence failures =       0
  No. error test failures =       1
  Last step size used =    0.25221E+07
  Index compenent largest error = ********

 ...    5 / 315

 No. steps =     168   No. f-s =    2864   No. J-s =       4   No. LU-s =      29
  No. nonlinear iterations =     189
  No. nonlinear convergence failures =       0
  No. error test failures =       0
  Last step size used =    0.37870E+07
  Index compenent largest error = ********

 ...    6 / 315

 No. steps =     161   No. f-s =    2858   No. J-s =       4   No. LU-s =      28
  No. nonlinear iterations =     183
  No. nonlinear convergence failures =       0
  No. error test failures =       0
  Last step size used =    0.39428E+07
  Index compenent largest error = ********

 ...    7 / 315

 No. steps =     153   No. f-s =    2176   No. J-s =       3   No. LU-s =      27
  No. nonlinear iterations =     169
  No. nonlinear convergence failures =       0
  No. error test failures =       0
  Last step size used =    0.29941E+07
  Index compenent largest error = ********

 ...    8 / 315

 No. steps =     147   No. f-s =    2175   No. J-s =       3   No. LU-s =      27
  No. nonlinear iterations =     168
  No. nonlinear convergence failures =       0
  No. error test failures =       0
  Last step size used =    0.31713E+07
  Index compenent largest error = ********

 ...    9 / 315

 No. steps =     140   No. f-s =    2161   No. J-s =       3   No. LU-s =      27
  No. nonlinear iterations =     154
  No. nonlinear convergence failures =       0
  No. error test failures =       0
  Last step size used =    0.36871E+07
  Index compenent largest error = ********

 ...   10 / 315

 No. steps =     135   No. f-s =    2164   No. J-s =       3   No. LU-s =      26
  No. nonlinear iterations =     157
  No. nonlinear convergence failures =       0
  No. error test failures =       0
  Last step size used =    0.28688E+07
  Index compenent largest error = ********

 ...   11 / 315

 No. steps =     128   No. f-s =    2152   No. J-s =       3   No. LU-s =      25
  No. nonlinear iterations =     145
  No. nonlinear convergence failures =       0
  No. error test failures =       0
  Last step size used =    0.35894E+07
  Index compenent largest error = ********

 ...   12 / 315

 No. steps =     149   No. f-s =    2184   No. J-s =       3   No. LU-s =      27
  No. nonlinear iterations =     177
  No. nonlinear convergence failures =       0
  No. error test failures =       1
  Last step size used =    0.30952E+07
  Index compenent largest error = ********

 ...   13 / 315

 No. steps =     182   No. f-s =    2895   No. J-s =       4   No. LU-s =      32
  No. nonlinear iterations =     220
  No. nonlinear convergence failures =       0
  No. error test failures =       3
  Last step size used =    0.40543E+07
  Index compenent largest error = ********

 ...   14 / 315

 No. steps =     152   No. f-s =    2182   No. J-s =       3   No. LU-s =      26
  No. nonlinear iterations =     175
  No. nonlinear convergence failures =       0
  No. error test failures =       1
  Last step size used =    0.20387E+07
  Index compenent largest error = ********

 ...   15 / 315

 No. steps =     125   No. f-s =    2148   No. J-s =       3   No. LU-s =      25
  No. nonlinear iterations =     141
  No. nonlinear convergence failures =       0
  No. error test failures =       1
  Last step size used =    0.28627E+07
  Index compenent largest error = ********

 ...   16 / 315

 No. steps =     123   No. f-s =    2143   No. J-s =       3   No. LU-s =      24
  No. nonlinear iterations =     136
  No. nonlinear convergence failures =       0
  No. error test failures =       0
  Last step size used =    0.35250E+07
  Index compenent largest error = ********

 ...   17 / 315

 No. steps =     129   No. f-s =    2147   No. J-s =       3   No. LU-s =      24
  No. nonlinear iterations =     140
  No. nonlinear convergence failures =       0
  No. error test failures =       0
  Last step size used =    0.34307E+07
  Index compenent largest error = ********

 ...   18 / 315

 No. steps =     131   No. f-s =    2154   No. J-s =       3   No. LU-s =      25
  No. nonlinear iterations =     147
  No. nonlinear convergence failures =       0
  No. error test failures =       0
  Last step size used =    0.43522E+07
  Index compenent largest error = ********

 ...   19 / 315

 No. steps =     131   No. f-s =    2152   No. J-s =       3   No. LU-s =      25
  No. nonlinear iterations =     145
  No. nonlinear convergence failures =       0
  No. error test failures =       0
  Last step size used =    0.35840E+07
  Index compenent largest error = ********

 ...   20 / 315

 No. steps =     130   No. f-s =    2151   No. J-s =       3   No. LU-s =      25
  No. nonlinear iterations =     144
  No. nonlinear convergence failures =       0
  No. error test failures =       0
  Last step size used =    0.41507E+07
  Index compenent largest error = ********

 ...   21 / 315

 No. steps =     127   No. f-s =    2147   No. J-s =       3   No. LU-s =      24
  No. nonlinear iterations =     140
  No. nonlinear convergence failures =       0
  No. error test failures =       0
  Last step size used =    0.30492E+07
  Index compenent largest error = ********

 ...   22 / 315

 No. steps =     119   No. f-s =    2142   No. J-s =       3   No. LU-s =      23
  No. nonlinear iterations =     135
  No. nonlinear convergence failures =       0
  No. error test failures =       0
  Last step size used =    0.31188E+07
  Index compenent largest error = ********

 ...   23 / 315

 No. steps =     116   No. f-s =    2134   No. J-s =       3   No. LU-s =      22
  No. nonlinear iterations =     127
  No. nonlinear convergence failures =       0
  No. error test failures =       0
  Last step size used =    0.39371E+07
  Index compenent largest error = ********

 ...   24 / 315

 No. steps =     111   No. f-s =    2131   No. J-s =       3   No. LU-s =      22
  No. nonlinear iterations =     124
  No. nonlinear convergence failures =       0
  No. error test failures =       0
  Last step size used =    0.42697E+07
  Index compenent largest error = ********

 ...   25 / 315

 No. steps =     113   No. f-s =    2132   No. J-s =       3   No. LU-s =      23
  No. nonlinear iterations =     125
  No. nonlinear convergence failures =       0
  No. error test failures =       0
  Last step size used =    0.43039E+07
  Index compenent largest error = ********

 ...   26 / 315

 No. steps =     107   No. f-s =    2126   No. J-s =       3   No. LU-s =      23
  No. nonlinear iterations =     119
  No. nonlinear convergence failures =       0
  No. error test failures =       0
  Last step size used =    0.49199E+07
  Index compenent largest error = ********

 ...   27 / 315

 No. steps =     105   No. f-s =    1458   No. J-s =       2   No. LU-s =      21
  No. nonlinear iterations =     119
  No. nonlinear convergence failures =       0
  No. error test failures =       0
  Last step size used =    0.35342E+07
  Index compenent largest error = ********

 ...   28 / 315

 No. steps =     105   No. f-s =    1456   No. J-s =       2   No. LU-s =      21
  No. nonlinear iterations =     117
  No. nonlinear convergence failures =       0
  No. error test failures =       0
  Last step size used =    0.37415E+07
  Index compenent largest error = ********

 ...   29 / 315

 No. steps =     106   No. f-s =    2125   No. J-s =       3   No. LU-s =      21
  No. nonlinear iterations =     118
  No. nonlinear convergence failures =       0
  No. error test failures =       0
  Last step size used =    0.48073E+07
  Index compenent largest error = ********

 ...   30 / 315

 No. steps =     102   No. f-s =    1454   No. J-s =       2   No. LU-s =      21
  No. nonlinear iterations =     115
  No. nonlinear convergence failures =       0
  No. error test failures =       0
  Last step size used =    0.42039E+07
  Index compenent largest error = ********

 ...   31 / 315

 No. steps =     100   No. f-s =    1451   No. J-s =       2   No. LU-s =      21
  No. nonlinear iterations =     112
  No. nonlinear convergence failures =       0
  No. error test failures =       0
  Last step size used =    0.45209E+07
  Index compenent largest error = ********

 ...   32 / 315

 No. steps =      96   No. f-s =    1451   No. J-s =       2   No. LU-s =      21
  No. nonlinear iterations =     112
  No. nonlinear convergence failures =       0
  No. error test failures =       0
  Last step size used =    0.46273E+07
  Index compenent largest error = ********

 ...   33 / 315

 No. steps =      94   No. f-s =    1444   No. J-s =       2   No. LU-s =      20
  No. nonlinear iterations =     105
  No. nonlinear convergence failures =       0
  No. error test failures =       0
  Last step size used =    0.49841E+07
  Index compenent largest error = ********

 ...   34 / 315

 No. steps =     105   No. f-s =    1462   No. J-s =       2   No. LU-s =      23
  No. nonlinear iterations =     123
  No. nonlinear convergence failures =       0
  No. error test failures =       1
  Last step size used =    0.42265E+07
  Index compenent largest error = ********

 ...   35 / 315

 No. steps =     108   No. f-s =    2130   No. J-s =       3   No. LU-s =      21
  No. nonlinear iterations =     123
  No. nonlinear convergence failures =       0
  No. error test failures =       0
  Last step size used =    0.35282E+07
  Index compenent largest error = ********

 ...   36 / 315

 No. steps =     103   No. f-s =    1453   No. J-s =       2   No. LU-s =      21
  No. nonlinear iterations =     114
  No. nonlinear convergence failures =       0
  No. error test failures =       0
  Last step size used =    0.45011E+07
  Index compenent largest error = ********

 ...   37 / 315

 No. steps =      88   No. f-s =    1439   No. J-s =       2   No. LU-s =      20
  No. nonlinear iterations =     100
  No. nonlinear convergence failures =       0
  No. error test failures =       0
  Last step size used =    0.35860E+07
  Index compenent largest error = ********

 ...   38 / 315

 No. steps =      73   No. f-s =    1420   No. J-s =       2   No. LU-s =      19
  No. nonlinear iterations =      81
  No. nonlinear convergence failures =       0
  No. error test failures =       0
  Last step size used =    0.63813E+07
  Index compenent largest error = ********

 ...   39 / 315

 No. steps =      82   No. f-s =    1429   No. J-s =       2   No. LU-s =      19
  No. nonlinear iterations =      90
  No. nonlinear convergence failures =       0
  No. error test failures =       0
  Last step size used =    0.50990E+07
  Index compenent largest error = ********

 ...   40 / 315

 No. steps =      89   No. f-s =    1438   No. J-s =       2   No. LU-s =      20
  No. nonlinear iterations =      99
  No. nonlinear convergence failures =       0
  No. error test failures =       0
  Last step size used =    0.37531E+07
  Index compenent largest error = ********

 ...   41 / 315

 No. steps =      94   No. f-s =    1442   No. J-s =       2   No. LU-s =      20
  No. nonlinear iterations =     103
  No. nonlinear convergence failures =       0
  No. error test failures =       0
  Last step size used =    0.39425E+07
  Index compenent largest error = ********

 ...   42 / 315

 No. steps =      95   No. f-s =    1447   No. J-s =       2   No. LU-s =      21
  No. nonlinear iterations =     108
  No. nonlinear convergence failures =       0
  No. error test failures =       0
  Last step size used =    0.44928E+07
  Index compenent largest error = ********

 ...   43 / 315

 No. steps =      97   No. f-s =    1446   No. J-s =       2   No. LU-s =      21
  No. nonlinear iterations =     107
  No. nonlinear convergence failures =       0
  No. error test failures =       0
  Last step size used =    0.45733E+07
  Index compenent largest error = ********

 ...   44 / 315

 No. steps =      96   No. f-s =    1446   No. J-s =       2   No. LU-s =      21
  No. nonlinear iterations =     107
  No. nonlinear convergence failures =       0
  No. error test failures =       0
  Last step size used =    0.46082E+07
  Index compenent largest error = ********

 ...   45 / 315

 No. steps =      97   No. f-s =    1450   No. J-s =       2   No. LU-s =      21
  No. nonlinear iterations =     111
  No. nonlinear convergence failures =       0
  No. error test failures =       0
  Last step size used =    0.46681E+07
  Index compenent largest error = ********

 ...   46 / 315

 No. steps =      95   No. f-s =    1448   No. J-s =       2   No. LU-s =      21
  No. nonlinear iterations =     109
  No. nonlinear convergence failures =       0
  No. error test failures =       0
  Last step size used =    0.47743E+07
  Index compenent largest error = ********

 ...   47 / 315

 No. steps =      94   No. f-s =    1447   No. J-s =       2   No. LU-s =      21
  No. nonlinear iterations =     108
  No. nonlinear convergence failures =       0
  No. error test failures =       0
  Last step size used =    0.50293E+07
  Index compenent largest error = ********

 ...   48 / 315

 No. steps =      94   No. f-s =    1447   No. J-s =       2   No. LU-s =      21
  No. nonlinear iterations =     108
  No. nonlinear convergence failures =       0
  No. error test failures =       0
  Last step size used =    0.57194E+07
  Index compenent largest error = ********

 ...   49 / 315

 No. steps =      94   No. f-s =    1445   No. J-s =       2   No. LU-s =      21
  No. nonlinear iterations =     106
  No. nonlinear convergence failures =       0
  No. error test failures =       0
  Last step size used =    0.52631E+07
  Index compenent largest error = ********

 ...   50 / 315

 No. steps =      94   No. f-s =    1445   No. J-s =       2   No. LU-s =      21
  No. nonlinear iterations =     106
  No. nonlinear convergence failures =       0
  No. error test failures =       0
  Last step size used =    0.56963E+07
  Index compenent largest error = ********

 ...   51 / 315

 No. steps =      90   No. f-s =    1440   No. J-s =       2   No. LU-s =      20
  No. nonlinear iterations =     101
  No. nonlinear convergence failures =       0
  No. error test failures =       0
  Last step size used =    0.55722E+07
  Index compenent largest error = ********

 ...   52 / 315

 No. steps =      90   No. f-s =    1440   No. J-s =       2   No. LU-s =      20
  No. nonlinear iterations =     101
  No. nonlinear convergence failures =       0
  No. error test failures =       0
  Last step size used =    0.59560E+07
  Index compenent largest error = ********

 ...   53 / 315

 No. steps =      89   No. f-s =    1438   No. J-s =       2   No. LU-s =      20
  No. nonlinear iterations =      99
  No. nonlinear convergence failures =       0
  No. error test failures =       0
  Last step size used =    0.54874E+07
  Index compenent largest error = ********

 ...   54 / 315

 No. steps =      88   No. f-s =    1437   No. J-s =       2   No. LU-s =      20
  No. nonlinear iterations =      98
  No. nonlinear convergence failures =       0
  No. error test failures =       0
  Last step size used =    0.61070E+07
  Index compenent largest error = ********

 ...   55 / 315

 No. steps =      85   No. f-s =    1439   No. J-s =       2   No. LU-s =      21
  No. nonlinear iterations =     100
  No. nonlinear convergence failures =       0
  No. error test failures =       0
  Last step size used =    0.58564E+07
  Index compenent largest error = ********

 ...   56 / 315

 No. steps =      84   No. f-s =    1437   No. J-s =       2   No. LU-s =      19
  No. nonlinear iterations =      98
  No. nonlinear convergence failures =       0
  No. error test failures =       0
  Last step size used =    0.51733E+07
  Index compenent largest error = ********

 ...   57 / 315

 No. steps =      82   No. f-s =    1434   No. J-s =       2   No. LU-s =      19
  No. nonlinear iterations =      95
  No. nonlinear convergence failures =       0
  No. error test failures =       0
  Last step size used =    0.60142E+07
  Index compenent largest error = ********

 ...   58 / 315

 No. steps =      82   No. f-s =    1433   No. J-s =       2   No. LU-s =      19
  No. nonlinear iterations =      94
  No. nonlinear convergence failures =       0
  No. error test failures =       0
  Last step size used =    0.43993E+07
  Index compenent largest error = ********

 ...   59 / 315

 No. steps =      79   No. f-s =    1428   No. J-s =       2   No. LU-s =      20
  No. nonlinear iterations =      89
  No. nonlinear convergence failures =       0
  No. error test failures =       0
  Last step size used =    0.66748E+07
  Index compenent largest error = ********

 ...   60 / 315

 No. steps =      79   No. f-s =    1431   No. J-s =       2   No. LU-s =      19
  No. nonlinear iterations =      92
  No. nonlinear convergence failures =       0
  No. error test failures =       0
  Last step size used =    0.57848E+07
  Index compenent largest error = ********

 ...   61 / 315

 No. steps =      73   No. f-s =    1422   No. J-s =       2   No. LU-s =      18
  No. nonlinear iterations =      83
  No. nonlinear convergence failures =       0
  No. error test failures =       0
  Last step size used =    0.48568E+07
  Index compenent largest error = ********

 ...   62 / 315

 No. steps =      72   No. f-s =    1419   No. J-s =       2   No. LU-s =      18
  No. nonlinear iterations =      80
  No. nonlinear convergence failures =       0
  No. error test failures =       0
  Last step size used =    0.45582E+07
  Index compenent largest error = ********

 ...   63 / 315

 No. steps =      67   No. f-s =    1417   No. J-s =       2   No. LU-s =      19
  No. nonlinear iterations =      78
  No. nonlinear convergence failures =       0
  No. error test failures =       0
  Last step size used =    0.87525E+07
  Index compenent largest error = ********

 ...   64 / 315

 No. steps =      67   No. f-s =    1417   No. J-s =       2   No. LU-s =      19
  No. nonlinear iterations =      78
  No. nonlinear convergence failures =       0
  No. error test failures =       0
  Last step size used =    0.72186E+07
  Index compenent largest error = ********

 ...   65 / 315

 No. steps =      66   No. f-s =    1415   No. J-s =       2   No. LU-s =      18
  No. nonlinear iterations =      76
  No. nonlinear convergence failures =       0
  No. error test failures =       0
  Last step size used =    0.59120E+07
  Index compenent largest error = ********

 ...   66 / 315

 No. steps =      65   No. f-s =    1413   No. J-s =       2   No. LU-s =      18
  No. nonlinear iterations =      74
  No. nonlinear convergence failures =       0
  No. error test failures =       0
  Last step size used =    0.50760E+07
  Index compenent largest error = ********

 ...   67 / 315

 No. steps =      67   No. f-s =    1414   No. J-s =       2   No. LU-s =      18
  No. nonlinear iterations =      75
  No. nonlinear convergence failures =       0
  No. error test failures =       0
  Last step size used =    0.50790E+07
  Index compenent largest error = ********

 ...   68 / 315

 No. steps =      65   No. f-s =    1414   No. J-s =       2   No. LU-s =      18
  No. nonlinear iterations =      75
  No. nonlinear convergence failures =       0
  No. error test failures =       0
  Last step size used =    0.62653E+07
  Index compenent largest error = ********

 ...   69 / 315

 No. steps =      66   No. f-s =    1415   No. J-s =       2   No. LU-s =      18
  No. nonlinear iterations =      76
  No. nonlinear convergence failures =       0
  No. error test failures =       0
  Last step size used =    0.60483E+07
  Index compenent largest error = ********

 ...   70 / 315

 No. steps =      68   No. f-s =    1415   No. J-s =       2   No. LU-s =      18
  No. nonlinear iterations =      76
  No. nonlinear convergence failures =       0
  No. error test failures =       0
  Last step size used =    0.63937E+07
  Index compenent largest error = ********

 ...   71 / 315

 No. steps =      67   No. f-s =    1414   No. J-s =       2   No. LU-s =      18
  No. nonlinear iterations =      75
  No. nonlinear convergence failures =       0
  No. error test failures =       0
  Last step size used =    0.67875E+07
  Index compenent largest error = ********

 ...   72 / 315

 No. steps =      68   No. f-s =    1417   No. J-s =       2   No. LU-s =      17
  No. nonlinear iterations =      78
  No. nonlinear convergence failures =       0
  No. error test failures =       0
  Last step size used =    0.44557E+07
  Index compenent largest error = ********

 ...   73 / 315

 No. steps =      69   No. f-s =    1417   No. J-s =       2   No. LU-s =      18
  No. nonlinear iterations =      78
  No. nonlinear convergence failures =       0
  No. error test failures =       0
  Last step size used =    0.61694E+07
  Index compenent largest error = ********

 ...   74 / 315

 No. steps =      73   No. f-s =    1422   No. J-s =       2   No. LU-s =      18
  No. nonlinear iterations =      83
  No. nonlinear convergence failures =       0
  No. error test failures =       0
  Last step size used =    0.54717E+07
  Index compenent largest error = ********

 ...   75 / 315

 No. steps =      72   No. f-s =    1420   No. J-s =       2   No. LU-s =      18
  No. nonlinear iterations =      81
  No. nonlinear convergence failures =       0
  No. error test failures =       0
  Last step size used =    0.66900E+07
  Index compenent largest error = ********

 ...   76 / 315

 No. steps =      72   No. f-s =    1420   No. J-s =       2   No. LU-s =      18
  No. nonlinear iterations =      81
  No. nonlinear convergence failures =       0
  No. error test failures =       0
  Last step size used =    0.62147E+07
  Index compenent largest error = ********

 ...   77 / 315

 No. steps =      69   No. f-s =    1415   No. J-s =       2   No. LU-s =      17
  No. nonlinear iterations =      76
  No. nonlinear convergence failures =       0
  No. error test failures =       0
  Last step size used =    0.63929E+07
  Index compenent largest error = ********

 ...   78 / 315

 No. steps =      73   No. f-s =    1423   No. J-s =       2   No. LU-s =      19
  No. nonlinear iterations =      84
  No. nonlinear convergence failures =       0
  No. error test failures =       0
  Last step size used =    0.84746E+07
  Index compenent largest error = ********

 ...   79 / 315

 No. steps =      72   No. f-s =    1421   No. J-s =       2   No. LU-s =      18
  No. nonlinear iterations =      82
  No. nonlinear convergence failures =       0
  No. error test failures =       0
  Last step size used =    0.59618E+07
  Index compenent largest error = ********

 ...   80 / 315

 No. steps =      72   No. f-s =    1421   No. J-s =       2   No. LU-s =      17
  No. nonlinear iterations =      82
  No. nonlinear convergence failures =       0
  No. error test failures =       0
  Last step size used =    0.41193E+07
  Index compenent largest error = ********

 ...   81 / 315

 No. steps =      72   No. f-s =    1421   No. J-s =       2   No. LU-s =      18
  No. nonlinear iterations =      82
  No. nonlinear convergence failures =       0
  No. error test failures =       0
  Last step size used =    0.58850E+07
  Index compenent largest error = ********

 ...   82 / 315

 No. steps =      72   No. f-s =    1421   No. J-s =       2   No. LU-s =      18
  No. nonlinear iterations =      82
  No. nonlinear convergence failures =       0
  No. error test failures =       0
  Last step size used =    0.59152E+07
  Index compenent largest error = ********

 ...   83 / 315

 No. steps =      73   No. f-s =    1420   No. J-s =       2   No. LU-s =      19
  No. nonlinear iterations =      81
  No. nonlinear convergence failures =       0
  No. error test failures =       0
  Last step size used =    0.84941E+07
  Index compenent largest error = ********

 ...   84 / 315

 No. steps =      72   No. f-s =    1418   No. J-s =       2   No. LU-s =      18
  No. nonlinear iterations =      79
  No. nonlinear convergence failures =       0
  No. error test failures =       0
  Last step size used =    0.58134E+07
  Index compenent largest error = ********

 ...   85 / 315

 No. steps =      69   No. f-s =    1419   No. J-s =       2   No. LU-s =      18
  No. nonlinear iterations =      80
  No. nonlinear convergence failures =       0
  No. error test failures =       0
  Last step size used =    0.56895E+07
  Index compenent largest error = ********

 ...   86 / 315

 No. steps =      72   No. f-s =    1418   No. J-s =       2   No. LU-s =      18
  No. nonlinear iterations =      79
  No. nonlinear convergence failures =       0
  No. error test failures =       0
  Last step size used =    0.63248E+07
  Index compenent largest error = ********

 ...   87 / 315

 No. steps =      68   No. f-s =    1418   No. J-s =       2   No. LU-s =      18
  No. nonlinear iterations =      79
  No. nonlinear convergence failures =       0
  No. error test failures =       0
  Last step size used =    0.63727E+07
  Index compenent largest error = ********

 ...   88 / 315

 No. steps =      69   No. f-s =    1418   No. J-s =       2   No. LU-s =      17
  No. nonlinear iterations =      79
  No. nonlinear convergence failures =       0
  No. error test failures =       0
  Last step size used =    0.46830E+07
  Index compenent largest error = ********

 ...   89 / 315

 No. steps =      69   No. f-s =    1418   No. J-s =       2   No. LU-s =      17
  No. nonlinear iterations =      79
  No. nonlinear convergence failures =       0
  No. error test failures =       0
  Last step size used =    0.53034E+07
  Index compenent largest error = ********

 ...   90 / 315

 No. steps =      69   No. f-s =    1418   No. J-s =       2   No. LU-s =      17
  No. nonlinear iterations =      79
  No. nonlinear convergence failures =       0
  No. error test failures =       0
  Last step size used =    0.57245E+07
  Index compenent largest error = ********

 ...   91 / 315

 No. steps =      67   No. f-s =    1417   No. J-s =       2   No. LU-s =      17
  No. nonlinear iterations =      78
  No. nonlinear convergence failures =       0
  No. error test failures =       0
  Last step size used =    0.40598E+07
  Index compenent largest error = ********

 ...   92 / 315

 No. steps =      68   No. f-s =    1417   No. J-s =       2   No. LU-s =      17
  No. nonlinear iterations =      78
  No. nonlinear convergence failures =       0
  No. error test failures =       0
  Last step size used =    0.63268E+07
  Index compenent largest error = ********

 ...   93 / 315

 No. steps =      66   No. f-s =    1416   No. J-s =       2   No. LU-s =      17
  No. nonlinear iterations =      77
  No. nonlinear convergence failures =       0
  No. error test failures =       0
  Last step size used =    0.43859E+07
  Index compenent largest error = ********

 ...   94 / 315

 No. steps =      65   No. f-s =    1412   No. J-s =       2   No. LU-s =      17
  No. nonlinear iterations =      73
  No. nonlinear convergence failures =       0
  No. error test failures =       0
  Last step size used =    0.61185E+07
  Index compenent largest error = ********

 ...   95 / 315

 No. steps =      64   No. f-s =    1411   No. J-s =       2   No. LU-s =      16
  No. nonlinear iterations =      72
  No. nonlinear convergence failures =       0
  No. error test failures =       0
  Last step size used =    0.44825E+07
  Index compenent largest error = ********

 ...   96 / 315

 No. steps =      61   No. f-s =    1409   No. J-s =       2   No. LU-s =      16
  No. nonlinear iterations =      70
  No. nonlinear convergence failures =       0
  No. error test failures =       0
  Last step size used =    0.52801E+07
  Index compenent largest error = ********

 ...   97 / 315

 No. steps =      61   No. f-s =    1410   No. J-s =       2   No. LU-s =      17
  No. nonlinear iterations =      71
  No. nonlinear convergence failures =       0
  No. error test failures =       0
  Last step size used =    0.70360E+07
  Index compenent largest error = ********

 ...   98 / 315

 No. steps =      63   No. f-s =    1410   No. J-s =       2   No. LU-s =      16
  No. nonlinear iterations =      71
  No. nonlinear convergence failures =       0
  No. error test failures =       0
  Last step size used =    0.49922E+07
  Index compenent largest error = ********

 ...   99 / 315

 No. steps =      63   No. f-s =    1410   No. J-s =       2   No. LU-s =      16
  No. nonlinear iterations =      71
  No. nonlinear convergence failures =       0
  No. error test failures =       0
  Last step size used =    0.50706E+07
  Index compenent largest error = ********

 ...  100 / 315

 No. steps =      60   No. f-s =    1408   No. J-s =       2   No. LU-s =      16
  No. nonlinear iterations =      69
  No. nonlinear convergence failures =       0
  No. error test failures =       0
  Last step size used =    0.46275E+07
  Index compenent largest error = ********

 ...  101 / 315

 No. steps =      60   No. f-s =    1407   No. J-s =       2   No. LU-s =      16
  No. nonlinear iterations =      68
  No. nonlinear convergence failures =       0
  No. error test failures =       0
  Last step size used =    0.52302E+07
  Index compenent largest error = ********

 ...  102 / 315

 No. steps =      61   No. f-s =    1409   No. J-s =       2   No. LU-s =      16
  No. nonlinear iterations =      70
  No. nonlinear convergence failures =       0
  No. error test failures =       0
  Last step size used =    0.59123E+07
  Index compenent largest error = ********

 ...  103 / 315

 No. steps =      62   No. f-s =    1411   No. J-s =       2   No. LU-s =      16
  No. nonlinear iterations =      72
  No. nonlinear convergence failures =       0
  No. error test failures =       0
  Last step size used =    0.58471E+07
  Index compenent largest error = ********

 ...  104 / 315

 No. steps =      60   No. f-s =    1407   No. J-s =       2   No. LU-s =      16
  No. nonlinear iterations =      68
  No. nonlinear convergence failures =       0
  No. error test failures =       0
  Last step size used =    0.42798E+07
  Index compenent largest error = ********

 ...  105 / 315

 No. steps =      59   No. f-s =    1404   No. J-s =       2   No. LU-s =      16
  No. nonlinear iterations =      65
  No. nonlinear convergence failures =       0
  No. error test failures =       0
  Last step size used =    0.65022E+07
  Index compenent largest error = ********

 ...  106 / 315

 No. steps =      58   No. f-s =    1403   No. J-s =       2   No. LU-s =      16
  No. nonlinear iterations =      64
  No. nonlinear convergence failures =       0
  No. error test failures =       0
  Last step size used =    0.63760E+07
  Index compenent largest error = ********

 ...  107 / 315

 No. steps =      59   No. f-s =    1404   No. J-s =       2   No. LU-s =      16
  No. nonlinear iterations =      65
  No. nonlinear convergence failures =       0
  No. error test failures =       0
  Last step size used =    0.72339E+07
  Index compenent largest error = ********

 ...  108 / 315

 No. steps =      59   No. f-s =    1404   No. J-s =       2   No. LU-s =      16
  No. nonlinear iterations =      65
  No. nonlinear convergence failures =       0
  No. error test failures =       0
  Last step size used =    0.70034E+07
  Index compenent largest error = ********

 ...  109 / 315

 No. steps =      59   No. f-s =    1404   No. J-s =       2   No. LU-s =      16
  No. nonlinear iterations =      65
  No. nonlinear convergence failures =       0
  No. error test failures =       0
  Last step size used =    0.66774E+07
  Index compenent largest error = ********

 ...  110 / 315

 No. steps =      59   No. f-s =    1407   No. J-s =       2   No. LU-s =      16
  No. nonlinear iterations =      68
  No. nonlinear convergence failures =       0
  No. error test failures =       0
  Last step size used =    0.58149E+07
  Index compenent largest error = ********

 ...  111 / 315

 No. steps =      59   No. f-s =    1406   No. J-s =       2   No. LU-s =      16
  No. nonlinear iterations =      67
  No. nonlinear convergence failures =       0
  No. error test failures =       0
  Last step size used =    0.57995E+07
  Index compenent largest error = ********

 ...  112 / 315

 No. steps =      59   No. f-s =    1404   No. J-s =       2   No. LU-s =      16
  No. nonlinear iterations =      65
  No. nonlinear convergence failures =       0
  No. error test failures =       0
  Last step size used =    0.71275E+07
  Index compenent largest error = ********

 ...  113 / 315

 No. steps =      59   No. f-s =    1406   No. J-s =       2   No. LU-s =      16
  No. nonlinear iterations =      67
  No. nonlinear convergence failures =       0
  No. error test failures =       0
  Last step size used =    0.57979E+07
  Index compenent largest error = ********

 ...  114 / 315

 No. steps =      60   No. f-s =    1409   No. J-s =       2   No. LU-s =      15
  No. nonlinear iterations =      70
  No. nonlinear convergence failures =       0
  No. error test failures =       0
  Last step size used =    0.49172E+07
  Index compenent largest error = ********

 ...  115 / 315

 No. steps =      59   No. f-s =    1407   No. J-s =       2   No. LU-s =      15
  No. nonlinear iterations =      68
  No. nonlinear convergence failures =       0
  No. error test failures =       0
  Last step size used =    0.52860E+07
  Index compenent largest error = ********

 ...  116 / 315

 No. steps =      58   No. f-s =    1406   No. J-s =       2   No. LU-s =      15
  No. nonlinear iterations =      67
  No. nonlinear convergence failures =       0
  No. error test failures =       0
  Last step size used =    0.53356E+07
  Index compenent largest error = ********

 ...  117 / 315

 No. steps =      59   No. f-s =    1407   No. J-s =       2   No. LU-s =      15
  No. nonlinear iterations =      68
  No. nonlinear convergence failures =       0
  No. error test failures =       0
  Last step size used =    0.50947E+07
  Index compenent largest error = ********

 ...  118 / 315

 No. steps =      58   No. f-s =    1403   No. J-s =       2   No. LU-s =      15
  No. nonlinear iterations =      64
  No. nonlinear convergence failures =       0
  No. error test failures =       0
  Last step size used =    0.46143E+07
  Index compenent largest error = ********

 ...  119 / 315

 No. steps =      58   No. f-s =    1403   No. J-s =       2   No. LU-s =      15
  No. nonlinear iterations =      64
  No. nonlinear convergence failures =       0
  No. error test failures =       0
  Last step size used =    0.46169E+07
  Index compenent largest error = ********

 ...  120 / 315

 No. steps =      58   No. f-s =    1406   No. J-s =       2   No. LU-s =      15
  No. nonlinear iterations =      67
  No. nonlinear convergence failures =       0
  No. error test failures =       0
  Last step size used =    0.55142E+07
  Index compenent largest error = ********

 ...  121 / 315

 No. steps =      57   No. f-s =    1402   No. J-s =       2   No. LU-s =      15
  No. nonlinear iterations =      63
  No. nonlinear convergence failures =       0
  No. error test failures =       0
  Last step size used =    0.48262E+07
  Index compenent largest error = ********

 ...  122 / 315

 No. steps =      58   No. f-s =    1405   No. J-s =       2   No. LU-s =      16
  No. nonlinear iterations =      66
  No. nonlinear convergence failures =       0
  No. error test failures =       0
  Last step size used =    0.64721E+07
  Index compenent largest error = ********

 ...  123 / 315

 No. steps =      58   No. f-s =    1405   No. J-s =       2   No. LU-s =      16
  No. nonlinear iterations =      66
  No. nonlinear convergence failures =       0
  No. error test failures =       0
  Last step size used =    0.65997E+07
  Index compenent largest error = ********

 ...  124 / 315

 No. steps =      57   No. f-s =    1405   No. J-s =       2   No. LU-s =      15
  No. nonlinear iterations =      66
  No. nonlinear convergence failures =       0
  No. error test failures =       0
  Last step size used =    0.58622E+07
  Index compenent largest error = ********

 ...  125 / 315

 No. steps =      59   No. f-s =    1408   No. J-s =       2   No. LU-s =      15
  No. nonlinear iterations =      69
  No. nonlinear convergence failures =       0
  No. error test failures =       0
  Last step size used =    0.55755E+07
  Index compenent largest error = ********

 ...  126 / 315

 No. steps =      56   No. f-s =    1405   No. J-s =       2   No. LU-s =      15
  No. nonlinear iterations =      66
  No. nonlinear convergence failures =       0
  No. error test failures =       0
  Last step size used =    0.47302E+07
  Index compenent largest error = ********

 ...  127 / 315

 No. steps =      57   No. f-s =    1402   No. J-s =       2   No. LU-s =      15
  No. nonlinear iterations =      63
  No. nonlinear convergence failures =       0
  No. error test failures =       0
  Last step size used =    0.48525E+07
  Index compenent largest error = ********

 ...  128 / 315

 No. steps =      55   No. f-s =    1400   No. J-s =       2   No. LU-s =      15
  No. nonlinear iterations =      61
  No. nonlinear convergence failures =       0
  No. error test failures =       0
  Last step size used =    0.51012E+07
  Index compenent largest error = ********

 ...  129 / 315

 No. steps =      56   No. f-s =    1401   No. J-s =       2   No. LU-s =      15
  No. nonlinear iterations =      62
  No. nonlinear convergence failures =       0
  No. error test failures =       0
  Last step size used =    0.49521E+07
  Index compenent largest error = ********

 ...  130 / 315

 No. steps =      55   No. f-s =    1400   No. J-s =       2   No. LU-s =      15
  No. nonlinear iterations =      61
  No. nonlinear convergence failures =       0
  No. error test failures =       0
  Last step size used =    0.51760E+07
  Index compenent largest error = ********

 ...  131 / 315

 No. steps =      56   No. f-s =    1401   No. J-s =       2   No. LU-s =      15
  No. nonlinear iterations =      62
  No. nonlinear convergence failures =       0
  No. error test failures =       0
  Last step size used =    0.52088E+07
  Index compenent largest error = ********

 ...  132 / 315

 No. steps =      55   No. f-s =    1400   No. J-s =       2   No. LU-s =      15
  No. nonlinear iterations =      61
  No. nonlinear convergence failures =       0
  No. error test failures =       0
  Last step size used =    0.53723E+07
  Index compenent largest error = ********

 ...  133 / 315

 No. steps =      57   No. f-s =    1404   No. J-s =       2   No. LU-s =      15
  No. nonlinear iterations =      65
  No. nonlinear convergence failures =       0
  No. error test failures =       0
  Last step size used =    0.61663E+07
  Index compenent largest error = ********

 ...  134 / 315

 No. steps =      56   No. f-s =    1402   No. J-s =       2   No. LU-s =      16
  No. nonlinear iterations =      63
  No. nonlinear convergence failures =       0
  No. error test failures =       0
  Last step size used =    0.81758E+07
  Index compenent largest error = ********

 ...  135 / 315

 No. steps =      56   No. f-s =    1401   No. J-s =       2   No. LU-s =      15
  No. nonlinear iterations =      62
  No. nonlinear convergence failures =       0
  No. error test failures =       0
  Last step size used =    0.52474E+07
  Index compenent largest error = ********

 ...  136 / 315

 No. steps =      56   No. f-s =    1404   No. J-s =       2   No. LU-s =      15
  No. nonlinear iterations =      65
  No. nonlinear convergence failures =       0
  No. error test failures =       0
  Last step size used =    0.69546E+07
  Index compenent largest error = ********

 ...  137 / 315

 No. steps =      56   No. f-s =    1402   No. J-s =       2   No. LU-s =      16
  No. nonlinear iterations =      63
  No. nonlinear convergence failures =       0
  No. error test failures =       0
  Last step size used =    0.81416E+07
  Index compenent largest error = ********

 ...  138 / 315

 No. steps =      55   No. f-s =    1399   No. J-s =       2   No. LU-s =      15
  No. nonlinear iterations =      60
  No. nonlinear convergence failures =       0
  No. error test failures =       0
  Last step size used =    0.59467E+07
  Index compenent largest error = ********

 ...  139 / 315

 No. steps =      56   No. f-s =    1404   No. J-s =       2   No. LU-s =      15
  No. nonlinear iterations =      65
  No. nonlinear convergence failures =       0
  No. error test failures =       0
  Last step size used =    0.67740E+07
  Index compenent largest error = ********

 ...  140 / 315

 No. steps =      55   No. f-s =    1399   No. J-s =       2   No. LU-s =      15
  No. nonlinear iterations =      60
  No. nonlinear convergence failures =       0
  No. error test failures =       0
  Last step size used =    0.69430E+07
  Index compenent largest error = ********

 ...  141 / 315

 No. steps =      53   No. f-s =    1399   No. J-s =       2   No. LU-s =      15
  No. nonlinear iterations =      60
  No. nonlinear convergence failures =       0
  No. error test failures =       0
  Last step size used =    0.71574E+07
  Index compenent largest error = ********

 ...  142 / 315

 No. steps =      52   No. f-s =    1399   No. J-s =       2   No. LU-s =      15
  No. nonlinear iterations =      60
  No. nonlinear convergence failures =       0
  No. error test failures =       0
  Last step size used =    0.73355E+07
  Index compenent largest error = ********

 ...  143 / 315

 No. steps =      55   No. f-s =    1399   No. J-s =       2   No. LU-s =      15
  No. nonlinear iterations =      60
  No. nonlinear convergence failures =       0
  No. error test failures =       0
  Last step size used =    0.73385E+07
  Index compenent largest error = ********

 ...  144 / 315

 No. steps =      55   No. f-s =     735   No. J-s =       1   No. LU-s =      14
  No. nonlinear iterations =      64
  No. nonlinear convergence failures =       0
  No. error test failures =       0
  Last step size used =    0.48420E+07
  Index compenent largest error = ********

 ...  145 / 315

 No. steps =      52   No. f-s =     730   No. J-s =       1   No. LU-s =      14
  No. nonlinear iterations =      59
  No. nonlinear convergence failures =       0
  No. error test failures =       0
  Last step size used =    0.44712E+07
  Index compenent largest error = ********

 ...  146 / 315

 No. steps =      55   No. f-s =    1399   No. J-s =       2   No. LU-s =      15
  No. nonlinear iterations =      60
  No. nonlinear convergence failures =       0
  No. error test failures =       0
  Last step size used =    0.71373E+07
  Index compenent largest error = ********

 ...  147 / 315

 No. steps =      55   No. f-s =    1400   No. J-s =       2   No. LU-s =      15
  No. nonlinear iterations =      61
  No. nonlinear convergence failures =       0
  No. error test failures =       0
  Last step size used =    0.69399E+07
  Index compenent largest error = ********

 ...  148 / 315

 No. steps =      55   No. f-s =    1400   No. J-s =       2   No. LU-s =      15
  No. nonlinear iterations =      61
  No. nonlinear convergence failures =       0
  No. error test failures =       0
  Last step size used =    0.71181E+07
  Index compenent largest error = ********

 ...  149 / 315

 No. steps =      55   No. f-s =    1400   No. J-s =       2   No. LU-s =      15
  No. nonlinear iterations =      61
  No. nonlinear convergence failures =       0
  No. error test failures =       0
  Last step size used =    0.69692E+07
  Index compenent largest error = ********

 ...  150 / 315

 No. steps =      54   No. f-s =     730   No. J-s =       1   No. LU-s =      14
  No. nonlinear iterations =      59
  No. nonlinear convergence failures =       0
  No. error test failures =       0
  Last step size used =    0.46306E+07
  Index compenent largest error = ********

 ...  151 / 315

 No. steps =      54   No. f-s =     730   No. J-s =       1   No. LU-s =      14
  No. nonlinear iterations =      59
  No. nonlinear convergence failures =       0
  No. error test failures =       0
  Last step size used =    0.47524E+07
  Index compenent largest error = ********

 ...  152 / 315

 No. steps =      51   No. f-s =     730   No. J-s =       1   No. LU-s =      14
  No. nonlinear iterations =      59
  No. nonlinear convergence failures =       0
  No. error test failures =       0
  Last step size used =    0.42681E+07
  Index compenent largest error = ********

 ...  153 / 315

 No. steps =      49   No. f-s =     726   No. J-s =       1   No. LU-s =      13
  No. nonlinear iterations =      55
  No. nonlinear convergence failures =       0
  No. error test failures =       0
  Last step size used =    0.55076E+07
  Index compenent largest error = ********

 ...  154 / 315

 No. steps =      51   No. f-s =     730   No. J-s =       1   No. LU-s =      14
  No. nonlinear iterations =      59
  No. nonlinear convergence failures =       0
  No. error test failures =       0
  Last step size used =    0.43703E+07
  Index compenent largest error = ********

 ...  155 / 315

 No. steps =      52   No. f-s =     731   No. J-s =       1   No. LU-s =      14
  No. nonlinear iterations =      60
  No. nonlinear convergence failures =       0
  No. error test failures =       0
  Last step size used =    0.46421E+07
  Index compenent largest error = ********

 ...  156 / 315

 No. steps =      51   No. f-s =     730   No. J-s =       1   No. LU-s =      14
  No. nonlinear iterations =      59
  No. nonlinear convergence failures =       0
  No. error test failures =       0
  Last step size used =    0.45805E+07
  Index compenent largest error = ********

 ...  157 / 315

 No. steps =      52   No. f-s =     729   No. J-s =       1   No. LU-s =      14
  No. nonlinear iterations =      58
  No. nonlinear convergence failures =       0
  No. error test failures =       0
  Last step size used =    0.48198E+07
  Index compenent largest error = ********

 ...  158 / 315

 No. steps =      52   No. f-s =     729   No. J-s =       1   No. LU-s =      14
  No. nonlinear iterations =      58
  No. nonlinear convergence failures =       0
  No. error test failures =       0
  Last step size used =    0.48660E+07
  Index compenent largest error = ********

 ...  159 / 315

 No. steps =      54   No. f-s =     731   No. J-s =       1   No. LU-s =      14
  No. nonlinear iterations =      60
  No. nonlinear convergence failures =       0
  No. error test failures =       0
  Last step size used =    0.47118E+07
  Index compenent largest error = ********

 ...  160 / 315

 No. steps =      50   No. f-s =     729   No. J-s =       1   No. LU-s =      14
  No. nonlinear iterations =      58
  No. nonlinear convergence failures =       0
  No. error test failures =       0
  Last step size used =    0.56671E+07
  Index compenent largest error = ********

 ...  161 / 315

 No. steps =      50   No. f-s =     729   No. J-s =       1   No. LU-s =      14
  No. nonlinear iterations =      58
  No. nonlinear convergence failures =       0
  No. error test failures =       0
  Last step size used =    0.58253E+07
  Index compenent largest error = ********

 ...  162 / 315

 No. steps =      50   No. f-s =     729   No. J-s =       1   No. LU-s =      14
  No. nonlinear iterations =      58
  No. nonlinear convergence failures =       0
  No. error test failures =       0
  Last step size used =    0.57745E+07
  Index compenent largest error = ********

 ...  163 / 315

 No. steps =      49   No. f-s =     728   No. J-s =       1   No. LU-s =      14
  No. nonlinear iterations =      57
  No. nonlinear convergence failures =       0
  No. error test failures =       0
  Last step size used =    0.63274E+07
  Index compenent largest error = ********

 ...  164 / 315

 No. steps =      46   No. f-s =     724   No. J-s =       1   No. LU-s =      12
  No. nonlinear iterations =      53
  No. nonlinear convergence failures =       0
  No. error test failures =       0
  Last step size used =    0.71706E+07
  Index compenent largest error = ********

 ...  165 / 315

 No. steps =      49   No. f-s =     728   No. J-s =       1   No. LU-s =      14
  No. nonlinear iterations =      57
  No. nonlinear convergence failures =       0
  No. error test failures =       0
  Last step size used =    0.66543E+07
  Index compenent largest error = ********

 ...  166 / 315

 No. steps =      50   No. f-s =     729   No. J-s =       1   No. LU-s =      14
  No. nonlinear iterations =      58
  No. nonlinear convergence failures =       0
  No. error test failures =       0
  Last step size used =    0.59641E+07
  Index compenent largest error = ********

 ...  167 / 315

 No. steps =      49   No. f-s =     728   No. J-s =       1   No. LU-s =      14
  No. nonlinear iterations =      57
  No. nonlinear convergence failures =       0
  No. error test failures =       0
  Last step size used =    0.65427E+07
  Index compenent largest error = ********

 ...  168 / 315

 No. steps =      49   No. f-s =     728   No. J-s =       1   No. LU-s =      14
  No. nonlinear iterations =      57
  No. nonlinear convergence failures =       0
  No. error test failures =       0
  Last step size used =    0.65684E+07
  Index compenent largest error = ********

 ...  169 / 315

 No. steps =      49   No. f-s =     728   No. J-s =       1   No. LU-s =      14
  No. nonlinear iterations =      57
  No. nonlinear convergence failures =       0
  No. error test failures =       0
  Last step size used =    0.60361E+07
  Index compenent largest error = ********

 ...  170 / 315

 No. steps =      49   No. f-s =     728   No. J-s =       1   No. LU-s =      14
  No. nonlinear iterations =      57
  No. nonlinear convergence failures =       0
  No. error test failures =       0
  Last step size used =    0.61643E+07
  Index compenent largest error = ********

 ...  171 / 315

 No. steps =      49   No. f-s =     728   No. J-s =       1   No. LU-s =      14
  No. nonlinear iterations =      57
  No. nonlinear convergence failures =       0
  No. error test failures =       0
  Last step size used =    0.67124E+07
  Index compenent largest error = ********

 ...  172 / 315

 No. steps =      49   No. f-s =     728   No. J-s =       1   No. LU-s =      14
  No. nonlinear iterations =      57
  No. nonlinear convergence failures =       0
  No. error test failures =       0
  Last step size used =    0.67340E+07
  Index compenent largest error = ********

 ...  173 / 315

 No. steps =      46   No. f-s =     723   No. J-s =       1   No. LU-s =      12
  No. nonlinear iterations =      52
  No. nonlinear convergence failures =       0
  No. error test failures =       0
  Last step size used =    0.79358E+07
  Index compenent largest error = ********

 ...  174 / 315

 No. steps =      46   No. f-s =     724   No. J-s =       1   No. LU-s =      12
  No. nonlinear iterations =      53
  No. nonlinear convergence failures =       0
  No. error test failures =       0
  Last step size used =    0.64988E+07
  Index compenent largest error = ********

 ...  175 / 315

 No. steps =      46   No. f-s =     723   No. J-s =       1   No. LU-s =      12
  No. nonlinear iterations =      52
  No. nonlinear convergence failures =       0
  No. error test failures =       0
  Last step size used =    0.79167E+07
  Index compenent largest error = ********

 ...  176 / 315

 No. steps =      45   No. f-s =     723   No. J-s =       1   No. LU-s =      11
  No. nonlinear iterations =      52
  No. nonlinear convergence failures =       0
  No. error test failures =       0
  Last step size used =    0.53413E+07
  Index compenent largest error = ********

 ...  177 / 315

 No. steps =      45   No. f-s =     723   No. J-s =       1   No. LU-s =      11
  No. nonlinear iterations =      52
  No. nonlinear convergence failures =       0
  No. error test failures =       0
  Last step size used =    0.52575E+07
  Index compenent largest error = ********

 ...  178 / 315

 No. steps =      46   No. f-s =     724   No. J-s =       1   No. LU-s =      12
  No. nonlinear iterations =      53
  No. nonlinear convergence failures =       0
  No. error test failures =       0
  Last step size used =    0.65784E+07
  Index compenent largest error = ********

 ...  179 / 315

 No. steps =      48   No. f-s =     727   No. J-s =       1   No. LU-s =      14
  No. nonlinear iterations =      56
  No. nonlinear convergence failures =       0
  No. error test failures =       0
  Last step size used =    0.69393E+07
  Index compenent largest error = ********

 ...  180 / 315

 No. steps =      48   No. f-s =     726   No. J-s =       1   No. LU-s =      14
  No. nonlinear iterations =      55
  No. nonlinear convergence failures =       0
  No. error test failures =       0
  Last step size used =    0.66874E+07
  Index compenent largest error = ********

 ...  181 / 315

 No. steps =      48   No. f-s =     727   No. J-s =       1   No. LU-s =      14
  No. nonlinear iterations =      56
  No. nonlinear convergence failures =       0
  No. error test failures =       0
  Last step size used =    0.71243E+07
  Index compenent largest error = ********

 ...  182 / 315

 No. steps =      48   No. f-s =     727   No. J-s =       1   No. LU-s =      14
  No. nonlinear iterations =      56
  No. nonlinear convergence failures =       0
  No. error test failures =       0
  Last step size used =    0.73397E+07
  Index compenent largest error = ********

 ...  183 / 315

 No. steps =      48   No. f-s =     726   No. J-s =       1   No. LU-s =      14
  No. nonlinear iterations =      55
  No. nonlinear convergence failures =       0
  No. error test failures =       0
  Last step size used =    0.68197E+07
  Index compenent largest error = ********

 ...  184 / 315

 No. steps =      46   No. f-s =     724   No. J-s =       1   No. LU-s =      12
  No. nonlinear iterations =      53
  No. nonlinear convergence failures =       0
  No. error test failures =       0
  Last step size used =    0.70765E+07
  Index compenent largest error = ********

 ...  185 / 315

 No. steps =      45   No. f-s =     723   No. J-s =       1   No. LU-s =      12
  No. nonlinear iterations =      52
  No. nonlinear convergence failures =       0
  No. error test failures =       0
  Last step size used =    0.56625E+07
  Index compenent largest error = ********

 ...  186 / 315

 No. steps =      47   No. f-s =     724   No. J-s =       1   No. LU-s =      12
  No. nonlinear iterations =      53
  No. nonlinear convergence failures =       0
  No. error test failures =       0
  Last step size used =    0.64788E+07
  Index compenent largest error = ********

 ...  187 / 315

 No. steps =      46   No. f-s =     723   No. J-s =       1   No. LU-s =      12
  No. nonlinear iterations =      52
  No. nonlinear convergence failures =       0
  No. error test failures =       0
  Last step size used =    0.66253E+07
  Index compenent largest error = ********

 ...  188 / 315

 No. steps =      46   No. f-s =     724   No. J-s =       1   No. LU-s =      12
  No. nonlinear iterations =      53
  No. nonlinear convergence failures =       0
  No. error test failures =       0
  Last step size used =    0.55034E+07
  Index compenent largest error = ********

 ...  189 / 315

 No. steps =      45   No. f-s =     723   No. J-s =       1   No. LU-s =      12
  No. nonlinear iterations =      52
  No. nonlinear convergence failures =       0
  No. error test failures =       0
  Last step size used =    0.58017E+07
  Index compenent largest error = ********

 ...  190 / 315

 No. steps =      45   No. f-s =     723   No. J-s =       1   No. LU-s =      12
  No. nonlinear iterations =      52
  No. nonlinear convergence failures =       0
  No. error test failures =       0
  Last step size used =    0.55815E+07
  Index compenent largest error = ********

 ...  191 / 315

 No. steps =      45   No. f-s =     723   No. J-s =       1   No. LU-s =      12
  No. nonlinear iterations =      52
  No. nonlinear convergence failures =       0
  No. error test failures =       0
  Last step size used =    0.57320E+07
  Index compenent largest error = ********

 ...  192 / 315

 No. steps =      47   No. f-s =     726   No. J-s =       1   No. LU-s =      14
  No. nonlinear iterations =      55
  No. nonlinear convergence failures =       0
  No. error test failures =       0
  Last step size used =    0.62549E+07
  Index compenent largest error = ********

 ...  193 / 315

 No. steps =      47   No. f-s =     726   No. J-s =       1   No. LU-s =      13
  No. nonlinear iterations =      55
  No. nonlinear convergence failures =       0
  No. error test failures =       0
  Last step size used =    0.44422E+07
  Index compenent largest error = ********

 ...  194 / 315

 No. steps =      47   No. f-s =     726   No. J-s =       1   No. LU-s =      13
  No. nonlinear iterations =      55
  No. nonlinear convergence failures =       0
  No. error test failures =       0
  Last step size used =    0.45371E+07
  Index compenent largest error = ********

 ...  195 / 315

 No. steps =      45   No. f-s =     723   No. J-s =       1   No. LU-s =      12
  No. nonlinear iterations =      52
  No. nonlinear convergence failures =       0
  No. error test failures =       0
  Last step size used =    0.57021E+07
  Index compenent largest error = ********

 ...  196 / 315

 No. steps =      45   No. f-s =     723   No. J-s =       1   No. LU-s =      12
  No. nonlinear iterations =      52
  No. nonlinear convergence failures =       0
  No. error test failures =       0
  Last step size used =    0.58788E+07
  Index compenent largest error = ********

 ...  197 / 315

 No. steps =      45   No. f-s =     723   No. J-s =       1   No. LU-s =      12
  No. nonlinear iterations =      52
  No. nonlinear convergence failures =       0
  No. error test failures =       0
  Last step size used =    0.63360E+07
  Index compenent largest error = ********

 ...  198 / 315

 No. steps =      46   No. f-s =     723   No. J-s =       1   No. LU-s =      12
  No. nonlinear iterations =      52
  No. nonlinear convergence failures =       0
  No. error test failures =       0
  Last step size used =    0.71568E+07
  Index compenent largest error = ********

 ...  199 / 315

 No. steps =      45   No. f-s =     722   No. J-s =       1   No. LU-s =      12
  No. nonlinear iterations =      51
  No. nonlinear convergence failures =       0
  No. error test failures =       0
  Last step size used =    0.60019E+07
  Index compenent largest error = ********

 ...  200 / 315

 No. steps =      45   No. f-s =     723   No. J-s =       1   No. LU-s =      12
  No. nonlinear iterations =      52
  No. nonlinear convergence failures =       0
  No. error test failures =       0
  Last step size used =    0.59963E+07
  Index compenent largest error = ********

 ...  201 / 315

 No. steps =      46   No. f-s =     725   No. J-s =       1   No. LU-s =      13
  No. nonlinear iterations =      54
  No. nonlinear convergence failures =       0
  No. error test failures =       0
  Last step size used =    0.48336E+07
  Index compenent largest error = ********

 ...  202 / 315

 No. steps =      45   No. f-s =     723   No. J-s =       1   No. LU-s =      12
  No. nonlinear iterations =      52
  No. nonlinear convergence failures =       0
  No. error test failures =       0
  Last step size used =    0.61286E+07
  Index compenent largest error = ********

 ...  203 / 315

 No. steps =      47   No. f-s =     726   No. J-s =       1   No. LU-s =      14
  No. nonlinear iterations =      55
  No. nonlinear convergence failures =       0
  No. error test failures =       0
  Last step size used =    0.87815E+07
  Index compenent largest error = ********

 ...  204 / 315

 No. steps =      47   No. f-s =     726   No. J-s =       1   No. LU-s =      14
  No. nonlinear iterations =      55
  No. nonlinear convergence failures =       0
  No. error test failures =       0
  Last step size used =    0.90766E+07
  Index compenent largest error = ********

 ...  205 / 315

 No. steps =      46   No. f-s =     725   No. J-s =       1   No. LU-s =      13
  No. nonlinear iterations =      54
  No. nonlinear convergence failures =       0
  No. error test failures =       0
  Last step size used =    0.48752E+07
  Index compenent largest error = ********

 ...  206 / 315

 No. steps =      46   No. f-s =     725   No. J-s =       1   No. LU-s =      13
  No. nonlinear iterations =      54
  No. nonlinear convergence failures =       0
  No. error test failures =       0
  Last step size used =    0.49281E+07
  Index compenent largest error = ********

 ...  207 / 315

 No. steps =      44   No. f-s =     722   No. J-s =       1   No. LU-s =      12
  No. nonlinear iterations =      51
  No. nonlinear convergence failures =       0
  No. error test failures =       0
  Last step size used =    0.60145E+07
  Index compenent largest error = ********

 ...  208 / 315

 No. steps =      46   No. f-s =     722   No. J-s =       1   No. LU-s =      12
  No. nonlinear iterations =      51
  No. nonlinear convergence failures =       0
  No. error test failures =       0
  Last step size used =    0.72549E+07
  Index compenent largest error = ********

 ...  209 / 315

 No. steps =      45   No. f-s =     722   No. J-s =       1   No. LU-s =      12
  No. nonlinear iterations =      51
  No. nonlinear convergence failures =       0
  No. error test failures =       0
  Last step size used =    0.77012E+07
  Index compenent largest error = ********

 ...  210 / 315

 No. steps =      46   No. f-s =     722   No. J-s =       1   No. LU-s =      12
  No. nonlinear iterations =      51
  No. nonlinear convergence failures =       0
  No. error test failures =       0
  Last step size used =    0.75840E+07
  Index compenent largest error = ********

 ...  211 / 315

 No. steps =      46   No. f-s =     722   No. J-s =       1   No. LU-s =      12
  No. nonlinear iterations =      51
  No. nonlinear convergence failures =       0
  No. error test failures =       0
  Last step size used =    0.75129E+07
  Index compenent largest error = ********

 ...  212 / 315

 No. steps =      46   No. f-s =     724   No. J-s =       1   No. LU-s =      13
  No. nonlinear iterations =      53
  No. nonlinear convergence failures =       0
  No. error test failures =       0
  Last step size used =    0.51128E+07
  Index compenent largest error = ********

 ...  213 / 315

 No. steps =      46   No. f-s =     722   No. J-s =       1   No. LU-s =      12
  No. nonlinear iterations =      51
  No. nonlinear convergence failures =       0
  No. error test failures =       0
  Last step size used =    0.74845E+07
  Index compenent largest error = ********

 ...  214 / 315

 No. steps =      47   No. f-s =     725   No. J-s =       1   No. LU-s =      14
  No. nonlinear iterations =      54
  No. nonlinear convergence failures =       0
  No. error test failures =       0
  Last step size used =    0.74938E+07
  Index compenent largest error = ********

 ...  215 / 315

 No. steps =      46   No. f-s =     724   No. J-s =       1   No. LU-s =      13
  No. nonlinear iterations =      53
  No. nonlinear convergence failures =       0
  No. error test failures =       0
  Last step size used =    0.51707E+07
  Index compenent largest error = ********

 ...  216 / 315

 No. steps =      45   No. f-s =     721   No. J-s =       1   No. LU-s =      11
  No. nonlinear iterations =      50
  No. nonlinear convergence failures =       0
  No. error test failures =       0
  Last step size used =    0.49303E+07
  Index compenent largest error = ********

 ...  217 / 315

 No. steps =      44   No. f-s =     721   No. J-s =       1   No. LU-s =      12
  No. nonlinear iterations =      50
  No. nonlinear convergence failures =       0
  No. error test failures =       0
  Last step size used =    0.85467E+07
  Index compenent largest error = ********

 ...  218 / 315

 No. steps =      45   No. f-s =     721   No. J-s =       1   No. LU-s =      11
  No. nonlinear iterations =      50
  No. nonlinear convergence failures =       0
  No. error test failures =       0
  Last step size used =    0.50603E+07
  Index compenent largest error = ********

 ...  219 / 315

 No. steps =      44   No. f-s =     721   No. J-s =       1   No. LU-s =      12
  No. nonlinear iterations =      50
  No. nonlinear convergence failures =       0
  No. error test failures =       0
  Last step size used =    0.88519E+07
  Index compenent largest error = ********

 ...  220 / 315

 No. steps =      44   No. f-s =     720   No. J-s =       1   No. LU-s =      12
  No. nonlinear iterations =      49
  No. nonlinear convergence failures =       0
  No. error test failures =       0
  Last step size used =    0.71112E+07
  Index compenent largest error = ********

 ...  221 / 315

 No. steps =      43   No. f-s =     721   No. J-s =       1   No. LU-s =      13
  No. nonlinear iterations =      50
  No. nonlinear convergence failures =       0
  No. error test failures =       0
  Last step size used =    0.78231E+07
  Index compenent largest error = ********

 ...  222 / 315

 No. steps =      44   No. f-s =     722   No. J-s =       1   No. LU-s =      13
  No. nonlinear iterations =      51
  No. nonlinear convergence failures =       0
  No. error test failures =       0
  Last step size used =    0.74551E+07
  Index compenent largest error = ********

 ...  223 / 315

 No. steps =      44   No. f-s =     721   No. J-s =       1   No. LU-s =      12
  No. nonlinear iterations =      50
  No. nonlinear convergence failures =       0
  No. error test failures =       0
  Last step size used =    0.90876E+07
  Index compenent largest error = ********

 ...  224 / 315

 No. steps =      44   No. f-s =     722   No. J-s =       1   No. LU-s =      13
  No. nonlinear iterations =      51
  No. nonlinear convergence failures =       0
  No. error test failures =       0
  Last step size used =    0.76324E+07
  Index compenent largest error = ********

 ...  225 / 315

 No. steps =      44   No. f-s =     722   No. J-s =       1   No. LU-s =      13
  No. nonlinear iterations =      51
  No. nonlinear convergence failures =       0
  No. error test failures =       0
  Last step size used =    0.76518E+07
  Index compenent largest error = ********

 ...  226 / 315

 No. steps =      43   No. f-s =     721   No. J-s =       1   No. LU-s =      13
  No. nonlinear iterations =      50
  No. nonlinear convergence failures =       0
  No. error test failures =       0
  Last step size used =    0.77037E+07
  Index compenent largest error = ********

 ...  227 / 315

 No. steps =      44   No. f-s =     720   No. J-s =       1   No. LU-s =      12
  No. nonlinear iterations =      49
  No. nonlinear convergence failures =       0
  No. error test failures =       0
  Last step size used =    0.70622E+07
  Index compenent largest error = ********

 ...  228 / 315

 No. steps =      44   No. f-s =     720   No. J-s =       1   No. LU-s =      12
  No. nonlinear iterations =      49
  No. nonlinear convergence failures =       0
  No. error test failures =       0
  Last step size used =    0.73079E+07
  Index compenent largest error = ********

 ...  229 / 315

 No. steps =      44   No. f-s =     720   No. J-s =       1   No. LU-s =      12
  No. nonlinear iterations =      49
  No. nonlinear convergence failures =       0
  No. error test failures =       0
  Last step size used =    0.72320E+07
  Index compenent largest error = ********

 ...  230 / 315

 No. steps =      44   No. f-s =     720   No. J-s =       1   No. LU-s =      12
  No. nonlinear iterations =      49
  No. nonlinear convergence failures =       0
  No. error test failures =       0
  Last step size used =    0.74546E+07
  Index compenent largest error = ********

 ...  231 / 315

 No. steps =      42   No. f-s =     718   No. J-s =       1   No. LU-s =      11
  No. nonlinear iterations =      47
  No. nonlinear convergence failures =       0
  No. error test failures =       0
  Last step size used =    0.51281E+07
  Index compenent largest error = ********

 ...  232 / 315

 No. steps =      44   No. f-s =     720   No. J-s =       1   No. LU-s =      12
  No. nonlinear iterations =      49
  No. nonlinear convergence failures =       0
  No. error test failures =       0
  Last step size used =    0.73783E+07
  Index compenent largest error = ********

 ...  233 / 315

 No. steps =      44   No. f-s =     720   No. J-s =       1   No. LU-s =      12
  No. nonlinear iterations =      49
  No. nonlinear convergence failures =       0
  No. error test failures =       0
  Last step size used =    0.77696E+07
  Index compenent largest error = ********

 ...  234 / 315

 No. steps =      44   No. f-s =     720   No. J-s =       1   No. LU-s =      12
  No. nonlinear iterations =      49
  No. nonlinear convergence failures =       0
  No. error test failures =       0
  Last step size used =    0.78955E+07
  Index compenent largest error = ********

 ...  235 / 315

 No. steps =      44   No. f-s =     720   No. J-s =       1   No. LU-s =      12
  No. nonlinear iterations =      49
  No. nonlinear convergence failures =       0
  No. error test failures =       0
  Last step size used =    0.76065E+07
  Index compenent largest error = ********

 ...  236 / 315

 No. steps =      42   No. f-s =     718   No. J-s =       1   No. LU-s =      11
  No. nonlinear iterations =      47
  No. nonlinear convergence failures =       0
  No. error test failures =       0
  Last step size used =    0.50284E+07
  Index compenent largest error = ********

 ...  237 / 315

 No. steps =      43   No. f-s =     719   No. J-s =       1   No. LU-s =      12
  No. nonlinear iterations =      48
  No. nonlinear convergence failures =       0
  No. error test failures =       0
  Last step size used =    0.76086E+07
  Index compenent largest error = ********

 ...  238 / 315

 No. steps =      42   No. f-s =     718   No. J-s =       1   No. LU-s =      11
  No. nonlinear iterations =      47
  No. nonlinear convergence failures =       0
  No. error test failures =       0
  Last step size used =    0.51721E+07
  Index compenent largest error = ********

 ...  239 / 315

 No. steps =      42   No. f-s =     718   No. J-s =       1   No. LU-s =      11
  No. nonlinear iterations =      47
  No. nonlinear convergence failures =       0
  No. error test failures =       0
  Last step size used =    0.51537E+07
  Index compenent largest error = ********

 ...  240 / 315

 No. steps =      42   No. f-s =     718   No. J-s =       1   No. LU-s =      11
  No. nonlinear iterations =      47
  No. nonlinear convergence failures =       0
  No. error test failures =       0
  Last step size used =    0.53047E+07
  Index compenent largest error = ********

 ...  241 / 315

 No. steps =      41   No. f-s =     717   No. J-s =       1   No. LU-s =      11
  No. nonlinear iterations =      46
  No. nonlinear convergence failures =       0
  No. error test failures =       0
  Last step size used =    0.58469E+07
  Index compenent largest error = ********

 ...  242 / 315

 No. steps =      41   No. f-s =     717   No. J-s =       1   No. LU-s =      11
  No. nonlinear iterations =      46
  No. nonlinear convergence failures =       0
  No. error test failures =       0
  Last step size used =    0.63098E+07
  Index compenent largest error = ********

 ...  243 / 315

 No. steps =      42   No. f-s =     718   No. J-s =       1   No. LU-s =      11
  No. nonlinear iterations =      47
  No. nonlinear convergence failures =       0
  No. error test failures =       0
  Last step size used =    0.54688E+07
  Index compenent largest error = ********

 ...  244 / 315

 No. steps =      41   No. f-s =     717   No. J-s =       1   No. LU-s =      11
  No. nonlinear iterations =      46
  No. nonlinear convergence failures =       0
  No. error test failures =       0
  Last step size used =    0.56790E+07
  Index compenent largest error = ********

 ...  245 / 315

 No. steps =      42   No. f-s =     718   No. J-s =       1   No. LU-s =      11
  No. nonlinear iterations =      47
  No. nonlinear convergence failures =       0
  No. error test failures =       0
  Last step size used =    0.55100E+07
  Index compenent largest error = ********

 ...  246 / 315

 No. steps =      41   No. f-s =     717   No. J-s =       1   No. LU-s =      11
  No. nonlinear iterations =      46
  No. nonlinear convergence failures =       0
  No. error test failures =       0
  Last step size used =    0.56899E+07
  Index compenent largest error = ********

 ...  247 / 315

 No. steps =      41   No. f-s =     715   No. J-s =       1   No. LU-s =      11
  No. nonlinear iterations =      44
  No. nonlinear convergence failures =       0
  No. error test failures =       0
  Last step size used =    0.88805E+07
  Index compenent largest error = ********

 ...  248 / 315

 No. steps =      41   No. f-s =     717   No. J-s =       1   No. LU-s =      11
  No. nonlinear iterations =      46
  No. nonlinear convergence failures =       0
  No. error test failures =       0
  Last step size used =    0.86582E+07
  Index compenent largest error = ********

 ...  249 / 315

 No. steps =      40   No. f-s =     714   No. J-s =       1   No. LU-s =      10
  No. nonlinear iterations =      43
  No. nonlinear convergence failures =       0
  No. error test failures =       0
  Last step size used =    0.65905E+07
  Index compenent largest error = ********

 ...  250 / 315

 No. steps =      41   No. f-s =     716   No. J-s =       1   No. LU-s =      10
  No. nonlinear iterations =      45
  No. nonlinear convergence failures =       0
  No. error test failures =       0
  Last step size used =    0.59539E+07
  Index compenent largest error = ********

 ...  251 / 315

 No. steps =      41   No. f-s =     715   No. J-s =       1   No. LU-s =      10
  No. nonlinear iterations =      44
  No. nonlinear convergence failures =       0
  No. error test failures =       0
  Last step size used =    0.62651E+07
  Index compenent largest error = ********

 ...  252 / 315

 No. steps =      40   No. f-s =     714   No. J-s =       1   No. LU-s =      11
  No. nonlinear iterations =      43
  No. nonlinear convergence failures =       0
  No. error test failures =       0
  Last step size used =    0.97227E+07
  Index compenent largest error = ********

 ...  253 / 315

 No. steps =      40   No. f-s =     715   No. J-s =       1   No. LU-s =      10
  No. nonlinear iterations =      44
  No. nonlinear convergence failures =       0
  No. error test failures =       0
  Last step size used =    0.71859E+07
  Index compenent largest error = ********

 ...  254 / 315

 No. steps =      40   No. f-s =     714   No. J-s =       1   No. LU-s =      10
  No. nonlinear iterations =      43
  No. nonlinear convergence failures =       0
  No. error test failures =       0
  Last step size used =    0.65166E+07
  Index compenent largest error = ********

 ...  255 / 315

 No. steps =      41   No. f-s =     716   No. J-s =       1   No. LU-s =      10
  No. nonlinear iterations =      45
  No. nonlinear convergence failures =       0
  No. error test failures =       0
  Last step size used =    0.63695E+07
  Index compenent largest error = ********

 ...  256 / 315

 No. steps =      40   No. f-s =     715   No. J-s =       1   No. LU-s =      10
  No. nonlinear iterations =      44
  No. nonlinear convergence failures =       0
  No. error test failures =       0
  Last step size used =    0.64418E+07
  Index compenent largest error = ********

 ...  257 / 315

 No. steps =      40   No. f-s =     715   No. J-s =       1   No. LU-s =      10
  No. nonlinear iterations =      44
  No. nonlinear convergence failures =       0
  No. error test failures =       0
  Last step size used =    0.65599E+07
  Index compenent largest error = ********

 ...  258 / 315

 No. steps =      40   No. f-s =     715   No. J-s =       1   No. LU-s =      10
  No. nonlinear iterations =      44
  No. nonlinear convergence failures =       0
  No. error test failures =       0
  Last step size used =    0.70039E+07
  Index compenent largest error = ********

 ...  259 / 315

 No. steps =      40   No. f-s =     714   No. J-s =       1   No. LU-s =      10
  No. nonlinear iterations =      43
  No. nonlinear convergence failures =       0
  No. error test failures =       0
  Last step size used =    0.66139E+07
  Index compenent largest error = ********

 ...  260 / 315

 No. steps =      40   No. f-s =     715   No. J-s =       1   No. LU-s =      10
  No. nonlinear iterations =      44
  No. nonlinear convergence failures =       0
  No. error test failures =       0
  Last step size used =    0.71513E+07
  Index compenent largest error = ********

 ...  261 / 315

 No. steps =      40   No. f-s =     715   No. J-s =       1   No. LU-s =      10
  No. nonlinear iterations =      44
  No. nonlinear convergence failures =       0
  No. error test failures =       0
  Last step size used =    0.73328E+07
  Index compenent largest error = ********

 ...  262 / 315

 No. steps =      40   No. f-s =     715   No. J-s =       1   No. LU-s =      10
  No. nonlinear iterations =      44
  No. nonlinear convergence failures =       0
  No. error test failures =       0
  Last step size used =    0.74803E+07
  Index compenent largest error = ********

 ...  263 / 315

 No. steps =      40   No. f-s =     715   No. J-s =       1   No. LU-s =      10
  No. nonlinear iterations =      44
  No. nonlinear convergence failures =       0
  No. error test failures =       0
  Last step size used =    0.73119E+07
  Index compenent largest error = ********

 ...  264 / 315

 No. steps =      40   No. f-s =     714   No. J-s =       1   No. LU-s =      11
  No. nonlinear iterations =      43
  No. nonlinear convergence failures =       0
  No. error test failures =       0
  Last step size used =    0.10351E+08
  Index compenent largest error = ********

 ...  265 / 315

 No. steps =      40   No. f-s =     715   No. J-s =       1   No. LU-s =      10
  No. nonlinear iterations =      44
  No. nonlinear convergence failures =       0
  No. error test failures =       0
  Last step size used =    0.73990E+07
  Index compenent largest error = ********

 ...  266 / 315

 No. steps =      40   No. f-s =     715   No. J-s =       1   No. LU-s =      10
  No. nonlinear iterations =      44
  No. nonlinear convergence failures =       0
  No. error test failures =       0
  Last step size used =    0.73808E+07
  Index compenent largest error = ********

 ...  267 / 315

 No. steps =      40   No. f-s =     715   No. J-s =       1   No. LU-s =      10
  No. nonlinear iterations =      44
  No. nonlinear convergence failures =       0
  No. error test failures =       0
  Last step size used =    0.73533E+07
  Index compenent largest error = ********

 ...  268 / 315

 No. steps =      40   No. f-s =     715   No. J-s =       1   No. LU-s =      10
  No. nonlinear iterations =      44
  No. nonlinear convergence failures =       0
  No. error test failures =       0
  Last step size used =    0.74175E+07
  Index compenent largest error = ********

 ...  269 / 315

 No. steps =      39   No. f-s =     714   No. J-s =       1   No. LU-s =      10
  No. nonlinear iterations =      43
  No. nonlinear convergence failures =       0
  No. error test failures =       0
  Last step size used =    0.78191E+07
  Index compenent largest error = ********

 ...  270 / 315

 No. steps =      40   No. f-s =     715   No. J-s =       1   No. LU-s =      10
  No. nonlinear iterations =      44
  No. nonlinear convergence failures =       0
  No. error test failures =       0
  Last step size used =    0.72163E+07
  Index compenent largest error = ********

 ...  271 / 315

 No. steps =      39   No. f-s =     714   No. J-s =       1   No. LU-s =      10
  No. nonlinear iterations =      43
  No. nonlinear convergence failures =       0
  No. error test failures =       0
  Last step size used =    0.74852E+07
  Index compenent largest error = ********

 ...  272 / 315

 No. steps =      39   No. f-s =     714   No. J-s =       1   No. LU-s =      10
  No. nonlinear iterations =      43
  No. nonlinear convergence failures =       0
  No. error test failures =       0
  Last step size used =    0.80780E+07
  Index compenent largest error = ********

 ...  273 / 315

 No. steps =      39   No. f-s =     712   No. J-s =       1   No. LU-s =      10
  No. nonlinear iterations =      41
  No. nonlinear convergence failures =       0
  No. error test failures =       0
  Last step size used =    0.65309E+07
  Index compenent largest error = ********

 ...  274 / 315

 No. steps =      39   No. f-s =     714   No. J-s =       1   No. LU-s =      10
  No. nonlinear iterations =      43
  No. nonlinear convergence failures =       0
  No. error test failures =       0
  Last step size used =    0.79750E+07
  Index compenent largest error = ********

 ...  275 / 315

 No. steps =      39   No. f-s =     714   No. J-s =       1   No. LU-s =      10
  No. nonlinear iterations =      43
  No. nonlinear convergence failures =       0
  No. error test failures =       0
  Last step size used =    0.77779E+07
  Index compenent largest error = ********

 ...  276 / 315

 No. steps =      39   No. f-s =     714   No. J-s =       1   No. LU-s =      10
  No. nonlinear iterations =      43
  No. nonlinear convergence failures =       0
  No. error test failures =       0
  Last step size used =    0.82108E+07
  Index compenent largest error = ********

 ...  277 / 315

 No. steps =      39   No. f-s =     714   No. J-s =       1   No. LU-s =      10
  No. nonlinear iterations =      43
  No. nonlinear convergence failures =       0
  No. error test failures =       0
  Last step size used =    0.78672E+07
  Index compenent largest error = ********

 ...  278 / 315

 No. steps =      39   No. f-s =     713   No. J-s =       1   No. LU-s =      10
  No. nonlinear iterations =      42
  No. nonlinear convergence failures =       0
  No. error test failures =       0
  Last step size used =    0.76410E+07
  Index compenent largest error = ********

 ...  279 / 315

 No. steps =      39   No. f-s =     714   No. J-s =       1   No. LU-s =      10
  No. nonlinear iterations =      43
  No. nonlinear convergence failures =       0
  No. error test failures =       0
  Last step size used =    0.79306E+07
  Index compenent largest error = ********

 ...  280 / 315

 No. steps =      39   No. f-s =     714   No. J-s =       1   No. LU-s =      10
  No. nonlinear iterations =      43
  No. nonlinear convergence failures =       0
  No. error test failures =       0
  Last step size used =    0.81757E+07
  Index compenent largest error = ********

 ...  281 / 315

 No. steps =      39   No. f-s =     714   No. J-s =       1   No. LU-s =      10
  No. nonlinear iterations =      43
  No. nonlinear convergence failures =       0
  No. error test failures =       0
  Last step size used =    0.81342E+07
  Index compenent largest error = ********

 ...  282 / 315

 No. steps =      39   No. f-s =     714   No. J-s =       1   No. LU-s =      10
  No. nonlinear iterations =      43
  No. nonlinear convergence failures =       0
  No. error test failures =       0
  Last step size used =    0.80122E+07
  Index compenent largest error = ********

 ...  283 / 315

 No. steps =      39   No. f-s =     713   No. J-s =       1   No. LU-s =      10
  No. nonlinear iterations =      42
  No. nonlinear convergence failures =       0
  No. error test failures =       0
  Last step size used =    0.79598E+07
  Index compenent largest error = ********

 ...  284 / 315

 No. steps =      38   No. f-s =     712   No. J-s =       1   No. LU-s =      10
  No. nonlinear iterations =      41
  No. nonlinear convergence failures =       0
  No. error test failures =       0
  Last step size used =    0.70471E+07
  Index compenent largest error = ********

 ...  285 / 315

 No. steps =      38   No. f-s =     713   No. J-s =       1   No. LU-s =      10
  No. nonlinear iterations =      42
  No. nonlinear convergence failures =       0
  No. error test failures =       0
  Last step size used =    0.74542E+07
  Index compenent largest error = ********

 ...  286 / 315

 No. steps =      39   No. f-s =     714   No. J-s =       1   No. LU-s =      10
  No. nonlinear iterations =      43
  No. nonlinear convergence failures =       0
  No. error test failures =       0
  Last step size used =    0.81399E+07
  Index compenent largest error = ********

 ...  287 / 315

 No. steps =      38   No. f-s =     713   No. J-s =       1   No. LU-s =      10
  No. nonlinear iterations =      42
  No. nonlinear convergence failures =       0
  No. error test failures =       0
  Last step size used =    0.73596E+07
  Index compenent largest error = ********

 ...  288 / 315

 No. steps =      39   No. f-s =     713   No. J-s =       1   No. LU-s =      10
  No. nonlinear iterations =      42
  No. nonlinear convergence failures =       0
  No. error test failures =       0
  Last step size used =    0.80220E+07
  Index compenent largest error = ********

 ...  289 / 315

 No. steps =      39   No. f-s =     713   No. J-s =       1   No. LU-s =      10
  No. nonlinear iterations =      42
  No. nonlinear convergence failures =       0
  No. error test failures =       0
  Last step size used =    0.80556E+07
  Index compenent largest error = ********

 ...  290 / 315

 No. steps =      39   No. f-s =     714   No. J-s =       1   No. LU-s =      10
  No. nonlinear iterations =      43
  No. nonlinear convergence failures =       0
  No. error test failures =       0
  Last step size used =    0.82771E+07
  Index compenent largest error = ********

 ...  291 / 315

 No. steps =      38   No. f-s =     714   No. J-s =       1   No. LU-s =      10
  No. nonlinear iterations =      43
  No. nonlinear convergence failures =       0
  No. error test failures =       0
  Last step size used =    0.84964E+07
  Index compenent largest error = ********

 ...  292 / 315

 No. steps =      39   No. f-s =     713   No. J-s =       1   No. LU-s =      10
  No. nonlinear iterations =      42
  No. nonlinear convergence failures =       0
  No. error test failures =       0
  Last step size used =    0.79974E+07
  Index compenent largest error = ********

 ...  293 / 315

 No. steps =      39   No. f-s =     713   No. J-s =       1   No. LU-s =      10
  No. nonlinear iterations =      42
  No. nonlinear convergence failures =       0
  No. error test failures =       0
  Last step size used =    0.83094E+07
  Index compenent largest error = ********

 ...  294 / 315

 No. steps =      38   No. f-s =     714   No. J-s =       1   No. LU-s =      10
  No. nonlinear iterations =      43
  No. nonlinear convergence failures =       0
  No. error test failures =       0
  Last step size used =    0.83191E+07
  Index compenent largest error = ********

 ...  295 / 315

 No. steps =      38   No. f-s =     713   No. J-s =       1   No. LU-s =      10
  No. nonlinear iterations =      42
  No. nonlinear convergence failures =       0
  No. error test failures =       0
  Last step size used =    0.70299E+07
  Index compenent largest error = ********

 ...  296 / 315

 No. steps =      37   No. f-s =     713   No. J-s =       1   No. LU-s =      10
  No. nonlinear iterations =      42
  No. nonlinear convergence failures =       0
  No. error test failures =       0
  Last step size used =    0.86414E+07
  Index compenent largest error = ********

 ...  297 / 315

 No. steps =      38   No. f-s =     713   No. J-s =       1   No. LU-s =      10
  No. nonlinear iterations =      42
  No. nonlinear convergence failures =       0
  No. error test failures =       0
  Last step size used =    0.70054E+07
  Index compenent largest error = ********

 ...  298 / 315

 No. steps =      37   No. f-s =     713   No. J-s =       1   No. LU-s =      10
  No. nonlinear iterations =      42
  No. nonlinear convergence failures =       0
  No. error test failures =       0
  Last step size used =    0.87155E+07
  Index compenent largest error = ********

 ...  299 / 315

 No. steps =      39   No. f-s =     713   No. J-s =       1   No. LU-s =      10
  No. nonlinear iterations =      42
  No. nonlinear convergence failures =       0
  No. error test failures =       0
  Last step size used =    0.83153E+07
  Index compenent largest error = ********

 ...  300 / 315

 No. steps =      38   No. f-s =     714   No. J-s =       1   No. LU-s =      10
  No. nonlinear iterations =      43
  No. nonlinear convergence failures =       0
  No. error test failures =       0
  Last step size used =    0.81091E+07
  Index compenent largest error = ********

 ...  301 / 315

 No. steps =      38   No. f-s =     714   No. J-s =       1   No. LU-s =      10
  No. nonlinear iterations =      43
  No. nonlinear convergence failures =       0
  No. error test failures =       0
  Last step size used =    0.81455E+07
  Index compenent largest error = ********

 ...  302 / 315

 No. steps =      38   No. f-s =     712   No. J-s =       1   No. LU-s =      10
  No. nonlinear iterations =      41
  No. nonlinear convergence failures =       0
  No. error test failures =       0
  Last step size used =    0.73072E+07
  Index compenent largest error = ********

 ...  303 / 315

 No. steps =      38   No. f-s =     714   No. J-s =       1   No. LU-s =      10
  No. nonlinear iterations =      43
  No. nonlinear convergence failures =       0
  No. error test failures =       0
  Last step size used =    0.80534E+07
  Index compenent largest error = ********

 ...  304 / 315

 No. steps =      38   No. f-s =     714   No. J-s =       1   No. LU-s =      10
  No. nonlinear iterations =      43
  No. nonlinear convergence failures =       0
  No. error test failures =       0
  Last step size used =    0.83388E+07
  Index compenent largest error = ********

 ...  305 / 315

 No. steps =      38   No. f-s =     712   No. J-s =       1   No. LU-s =      10
  No. nonlinear iterations =      41
  No. nonlinear convergence failures =       0
  No. error test failures =       0
  Last step size used =    0.74415E+07
  Index compenent largest error = ********

 ...  306 / 315

 No. steps =      37   No. f-s =     712   No. J-s =       1   No. LU-s =      10
  No. nonlinear iterations =      41
  No. nonlinear convergence failures =       0
  No. error test failures =       0
  Last step size used =    0.72945E+07
  Index compenent largest error = ********

 ...  307 / 315

 No. steps =      38   No. f-s =     713   No. J-s =       1   No. LU-s =      10
  No. nonlinear iterations =      42
  No. nonlinear convergence failures =       0
  No. error test failures =       0
  Last step size used =    0.76277E+07
  Index compenent largest error = ********

 ...  308 / 315

 No. steps =      37   No. f-s =     712   No. J-s =       1   No. LU-s =      10
  No. nonlinear iterations =      41
  No. nonlinear convergence failures =       0
  No. error test failures =       0
  Last step size used =    0.75992E+07
  Index compenent largest error = ********

 ...  309 / 315

 No. steps =      38   No. f-s =     713   No. J-s =       1   No. LU-s =      10
  No. nonlinear iterations =      42
  No. nonlinear convergence failures =       0
  No. error test failures =       0
  Last step size used =    0.77670E+07
  Index compenent largest error = ********

 ...  310 / 315

 No. steps =      37   No. f-s =     713   No. J-s =       1   No. LU-s =      10
  No. nonlinear iterations =      42
  No. nonlinear convergence failures =       0
  No. error test failures =       0
  Last step size used =    0.87350E+07
  Index compenent largest error = ********

 ...  311 / 315

 No. steps =      37   No. f-s =     713   No. J-s =       1   No. LU-s =      10
  No. nonlinear iterations =      42
  No. nonlinear convergence failures =       0
  No. error test failures =       0
  Last step size used =    0.84374E+07
  Index compenent largest error = ********

 ...  312 / 315

 No. steps =      37   No. f-s =     713   No. J-s =       1   No. LU-s =      10
  No. nonlinear iterations =      42
  No. nonlinear convergence failures =       0
  No. error test failures =       0
  Last step size used =    0.86530E+07
  Index compenent largest error = ********

 ...  313 / 315

 No. steps =      38   No. f-s =     713   No. J-s =       1   No. LU-s =      10
  No. nonlinear iterations =      42
  No. nonlinear convergence failures =       0
  No. error test failures =       0
  Last step size used =    0.78354E+07
  Index compenent largest error = ********

 ...  314 / 315

 No. steps =      37   No. f-s =     713   No. J-s =       1   No. LU-s =      10
  No. nonlinear iterations =      42
  No. nonlinear convergence failures =       0
  No. error test failures =       0
  Last step size used =    0.87027E+07
  Index compenent largest error = ********

 ...  315 / 315

 No. steps =      37   No. f-s =     713   No. J-s =       1   No. LU-s =      10
  No. nonlinear iterations =      42
  No. nonlinear convergence failures =       0
  No. error test failures =       0
  Last step size used =    0.88431E+07
  Index compenent largest error = ********


    ... DONE!
 +++++++++++++++++++++++++++++++++++++++++++++++++++


+------------------ Job Report: 10461685 (COMPLETED) ------------------+
| Memory (RAM)  [#                   ]  5.3% (54 MB peak / 1 GB)       |
| CPU           [###########         ] 58.8% average                   |
| Time          [>                   ]  2.7% (0-00:01:37 / 0-01:00:00) |
|                                                                      |
| Lustre Filesystem:                                                   |
|   Path    Total Read    Total Write    Total IOPS                    |
|   ------  ------------  -------------  ------------                  |
|   /apps   0 B           0 B            18                            |
|   /fred   28 KB         123.4 MB       6.7 K                         |
|                                                                      |
| Warnings:                                                            |
|   - Too much memory requested                                        |
|   - CPU usage is low                                                 |
|   - Too much time requested                                          |
+----------------------------------------------------------------------+
