Starting job 10461264, array task 392 on dave78
Chemistry type: Crich
Analysis mode: false
Found 459 valid particle IDs in /fred/oz304/beckers/Chemistry/traces/wind_v10/trace_output_with_av
Returning 457 particle IDs (after start_index=2 offset)
SLURM task 392: processing particle 3571144
Running Crich evolving_model on 1 phantom particle trace(s) from wind_v10

 +++++++++++++++++++++++++++++++++++++++++++++++++++
 +++++        ENVELOPE CHEMICAL MODEL         ++++++
 +++++++++++++++++++++++++++++++++++++++++++++++++++

 Version 1.0 authored by Catherine Walsh and Maria 
    Drozdovskaya, Leiden Observatory (01/08/2013)

 Version 1.1 amended by Catherine Walsh (18/05/2014)

 Version 1.2 amended by Catherine Walsh (13/08/2015)

 +++++++++++++++++++++++++++++++++++++++++++++++++++

          Input file =  Crich/param/trace_file_param/file_parameters_3571144.txt              

 Physical conditions  = Crich/input/3571144.txt                                               
 Chemical network     = ./rate12_complex.rates                                                
 Species file         = ./rate12_complex_atomic_Crich.specs                                   
 Binding energies     = ./rate12_binding.dat                                                  
 Reaction parameters  = param/reaction_parameters.txt                                         
 Grain parameters     = param/grain_parameters.txt                                            
 Radiation parameters = param/radiation_parameters.txt                                        

 Output file          = Crich/output/model_output_3571144.dat                                 
 Rates file           = Crich/output/model_rates_3571144.dat                                  

 Opening and reading physical conditions file ...

 +++++++++++++++++++++++++++++++++++++++++++++++++++
 Beginning to run model ...
 +++++++++++++++++++++++++++++++++++++++++++++++++++

 Preparing output files ...

 Progress = ...
 ...    1 / 218

 No. steps =    2659   No. f-s =   42749   No. J-s =      58   No. LU-s =     346
  No. nonlinear iterations =    4004
  No. nonlinear convergence failures =       0
  No. error test failures =     121
  Last step size used =    0.81074E+09
  Index compenent largest error = ********

 ...    2 / 218

 No. steps =     497   No. f-s =    7352   No. J-s =      10   No. LU-s =      62
  No. nonlinear iterations =     669
  No. nonlinear convergence failures =       0
  No. error test failures =      15
  Last step size used =    0.83154E+06
  Index compenent largest error = ********

 ...    3 / 218

 No. steps =     257   No. f-s =    3659   No. J-s =       5   No. LU-s =      38
  No. nonlinear iterations =     316
  No. nonlinear convergence failures =       0
  No. error test failures =       5
  Last step size used =    0.12534E+07
  Index compenent largest error = ********

 ...    4 / 218

 No. steps =     233   No. f-s =    3612   No. J-s =       5   No. LU-s =      33
  No. nonlinear iterations =     269
  No. nonlinear convergence failures =       0
  No. error test failures =       2
  Last step size used =    0.24209E+07
  Index compenent largest error = ********

 ...    5 / 218

 No. steps =     219   No. f-s =    3598   No. J-s =       5   No. LU-s =      30
  No. nonlinear iterations =     255
  No. nonlinear convergence failures =       0
  No. error test failures =       1
  Last step size used =    0.83347E+06
  Index compenent largest error = ********

 ...    6 / 218

 No. steps =     200   No. f-s =    2906   No. J-s =       4   No. LU-s =      29
  No. nonlinear iterations =     231
  No. nonlinear convergence failures =       0
  No. error test failures =       0
  Last step size used =    0.18363E+07
  Index compenent largest error = ********

 ...    7 / 218

 No. steps =     180   No. f-s =    2884   No. J-s =       4   No. LU-s =      29
  No. nonlinear iterations =     209
  No. nonlinear convergence failures =       0
  No. error test failures =       1
  Last step size used =    0.29903E+07
  Index compenent largest error = ********

 ...    8 / 218

 No. steps =     156   No. f-s =    2183   No. J-s =       3   No. LU-s =      30
  No. nonlinear iterations =     176
  No. nonlinear convergence failures =       0
  No. error test failures =       1
  Last step size used =    0.36394E+07
  Index compenent largest error = ********

 ...    9 / 218

 No. steps =     149   No. f-s =    2170   No. J-s =       3   No. LU-s =      27
  No. nonlinear iterations =     163
  No. nonlinear convergence failures =       0
  No. error test failures =       0
  Last step size used =    0.29847E+07
  Index compenent largest error = ********

 ...   10 / 218

 No. steps =     149   No. f-s =    2176   No. J-s =       3   No. LU-s =      27
  No. nonlinear iterations =     169
  No. nonlinear convergence failures =       0
  No. error test failures =       0
  Last step size used =    0.32928E+07
  Index compenent largest error = ********

 ...   11 / 218

 No. steps =     144   No. f-s =    2167   No. J-s =       3   No. LU-s =      27
  No. nonlinear iterations =     160
  No. nonlinear convergence failures =       0
  No. error test failures =       0
  Last step size used =    0.36534E+07
  Index compenent largest error = ********

 ...   12 / 218

 No. steps =     137   No. f-s =    2164   No. J-s =       3   No. LU-s =      26
  No. nonlinear iterations =     157
  No. nonlinear convergence failures =       0
  No. error test failures =       0
  Last step size used =    0.32682E+07
  Index compenent largest error = ********

 ...   13 / 218

 No. steps =     136   No. f-s =    2160   No. J-s =       3   No. LU-s =      27
  No. nonlinear iterations =     153
  No. nonlinear convergence failures =       0
  No. error test failures =       0
  Last step size used =    0.39939E+07
  Index compenent largest error = ********

 ...   14 / 218

 No. steps =     141   No. f-s =    2167   No. J-s =       3   No. LU-s =      25
  No. nonlinear iterations =     160
  No. nonlinear convergence failures =       0
  No. error test failures =       0
  Last step size used =    0.33390E+07
  Index compenent largest error = ********

 ...   15 / 218

 No. steps =     141   No. f-s =    2168   No. J-s =       3   No. LU-s =      25
  No. nonlinear iterations =     161
  No. nonlinear convergence failures =       0
  No. error test failures =       0
  Last step size used =    0.36025E+07
  Index compenent largest error = ********

 ...   16 / 218

 No. steps =     140   No. f-s =    2163   No. J-s =       3   No. LU-s =      25
  No. nonlinear iterations =     156
  No. nonlinear convergence failures =       0
  No. error test failures =       0
  Last step size used =    0.31714E+07
  Index compenent largest error = ********

 ...   17 / 218

 No. steps =     134   No. f-s =    2163   No. J-s =       3   No. LU-s =      24
  No. nonlinear iterations =     156
  No. nonlinear convergence failures =       0
  No. error test failures =       0
  Last step size used =    0.27057E+07
  Index compenent largest error = ********

 ...   18 / 218

 No. steps =     133   No. f-s =    2157   No. J-s =       3   No. LU-s =      24
  No. nonlinear iterations =     150
  No. nonlinear convergence failures =       0
  No. error test failures =       0
  Last step size used =    0.31246E+07
  Index compenent largest error = ********

 ...   19 / 218

 No. steps =     129   No. f-s =    2153   No. J-s =       3   No. LU-s =      23
  No. nonlinear iterations =     146
  No. nonlinear convergence failures =       0
  No. error test failures =       0
  Last step size used =    0.26281E+07
  Index compenent largest error = ********

 ...   20 / 218

 No. steps =     123   No. f-s =    2148   No. J-s =       3   No. LU-s =      25
  No. nonlinear iterations =     141
  No. nonlinear convergence failures =       0
  No. error test failures =       0
  Last step size used =    0.37285E+07
  Index compenent largest error = ********

 ...   21 / 218

 No. steps =     119   No. f-s =    2143   No. J-s =       3   No. LU-s =      23
  No. nonlinear iterations =     136
  No. nonlinear convergence failures =       0
  No. error test failures =       0
  Last step size used =    0.36280E+07
  Index compenent largest error = ********

 ...   22 / 218

 No. steps =     115   No. f-s =    2133   No. J-s =       3   No. LU-s =      23
  No. nonlinear iterations =     126
  No. nonlinear convergence failures =       0
  No. error test failures =       0
  Last step size used =    0.43884E+07
  Index compenent largest error = ********

 ...   23 / 218

 No. steps =     111   No. f-s =    2130   No. J-s =       3   No. LU-s =      24
  No. nonlinear iterations =     123
  No. nonlinear convergence failures =       0
  No. error test failures =       0
  Last step size used =    0.46690E+07
  Index compenent largest error = ********

 ...   24 / 218

 No. steps =     112   No. f-s =    2130   No. J-s =       3   No. LU-s =      22
  No. nonlinear iterations =     123
  No. nonlinear convergence failures =       0
  No. error test failures =       0
  Last step size used =    0.34829E+07
  Index compenent largest error = ********

 ...   25 / 218

 No. steps =     105   No. f-s =    1453   No. J-s =       2   No. LU-s =      23
  No. nonlinear iterations =     114
  No. nonlinear convergence failures =       0
  No. error test failures =       0
  Last step size used =    0.37533E+07
  Index compenent largest error = ********

 ...   26 / 218

 No. steps =     103   No. f-s =    1453   No. J-s =       2   No. LU-s =      23
  No. nonlinear iterations =     114
  No. nonlinear convergence failures =       0
  No. error test failures =       0
  Last step size used =    0.60499E+07
  Index compenent largest error = ********

 ...   27 / 218

 No. steps =     101   No. f-s =    1448   No. J-s =       2   No. LU-s =      22
  No. nonlinear iterations =     109
  No. nonlinear convergence failures =       0
  No. error test failures =       0
  Last step size used =    0.46038E+07
  Index compenent largest error = ********

 ...   28 / 218

 No. steps =     100   No. f-s =    1445   No. J-s =       2   No. LU-s =      21
  No. nonlinear iterations =     106
  No. nonlinear convergence failures =       0
  No. error test failures =       0
  Last step size used =    0.39862E+07
  Index compenent largest error = ********

 ...   29 / 218

 No. steps =      97   No. f-s =    1449   No. J-s =       2   No. LU-s =      23
  No. nonlinear iterations =     110
  No. nonlinear convergence failures =       0
  No. error test failures =       0
  Last step size used =    0.50854E+07
  Index compenent largest error = ********

 ...   30 / 218

 No. steps =      92   No. f-s =    1442   No. J-s =       2   No. LU-s =      21
  No. nonlinear iterations =     103
  No. nonlinear convergence failures =       0
  No. error test failures =       0
  Last step size used =    0.38600E+07
  Index compenent largest error = ********

 ...   31 / 218

 No. steps =      88   No. f-s =    1436   No. J-s =       2   No. LU-s =      21
  No. nonlinear iterations =      97
  No. nonlinear convergence failures =       0
  No. error test failures =       0
  Last step size used =    0.52626E+07
  Index compenent largest error = ********

 ...   32 / 218

 No. steps =      80   No. f-s =    1426   No. J-s =       2   No. LU-s =      18
  No. nonlinear iterations =      87
  No. nonlinear convergence failures =       0
  No. error test failures =       0
  Last step size used =    0.38017E+07
  Index compenent largest error = ********

 ...   33 / 218

 No. steps =      87   No. f-s =    1432   No. J-s =       2   No. LU-s =      21
  No. nonlinear iterations =      93
  No. nonlinear convergence failures =       0
  No. error test failures =       0
  Last step size used =    0.42324E+07
  Index compenent largest error = ********

 ...   34 / 218

 No. steps =      90   No. f-s =    1437   No. J-s =       2   No. LU-s =      21
  No. nonlinear iterations =      98
  No. nonlinear convergence failures =       0
  No. error test failures =       0
  Last step size used =    0.58970E+07
  Index compenent largest error = ********

 ...   35 / 218

 No. steps =      90   No. f-s =    1441   No. J-s =       2   No. LU-s =      21
  No. nonlinear iterations =     102
  No. nonlinear convergence failures =       0
  No. error test failures =       0
  Last step size used =    0.43642E+07
  Index compenent largest error = ********

 ...   36 / 218

 No. steps =      92   No. f-s =    1443   No. J-s =       2   No. LU-s =      22
  No. nonlinear iterations =     104
  No. nonlinear convergence failures =       0
  No. error test failures =       0
  Last step size used =    0.51402E+07
  Index compenent largest error = ********

 ...   37 / 218

 No. steps =      90   No. f-s =    1441   No. J-s =       2   No. LU-s =      22
  No. nonlinear iterations =     102
  No. nonlinear convergence failures =       0
  No. error test failures =       0
  Last step size used =    0.57502E+07
  Index compenent largest error = ********

 ...   38 / 218

 No. steps =      91   No. f-s =    1437   No. J-s =       2   No. LU-s =      21
  No. nonlinear iterations =      98
  No. nonlinear convergence failures =       0
  No. error test failures =       0
  Last step size used =    0.55771E+07
  Index compenent largest error = ********

 ...   39 / 218

 No. steps =      83   No. f-s =    1432   No. J-s =       2   No. LU-s =      21
  No. nonlinear iterations =      93
  No. nonlinear convergence failures =       0
  No. error test failures =       0
  Last step size used =    0.40249E+07
  Index compenent largest error = ********

 ...   40 / 218

 No. steps =      76   No. f-s =    1422   No. J-s =       2   No. LU-s =      18
  No. nonlinear iterations =      83
  No. nonlinear convergence failures =       0
  No. error test failures =       0
  Last step size used =    0.43100E+07
  Index compenent largest error = ********

 ...   41 / 218

 No. steps =      62   No. f-s =    1408   No. J-s =       2   No. LU-s =      17
  No. nonlinear iterations =      69
  No. nonlinear convergence failures =       0
  No. error test failures =       0
  Last step size used =    0.42296E+07
  Index compenent largest error = ********

 ...   42 / 218

 No. steps =      76   No. f-s =    1423   No. J-s =       2   No. LU-s =      19
  No. nonlinear iterations =      84
  No. nonlinear convergence failures =       0
  No. error test failures =       0
  Last step size used =    0.45812E+07
  Index compenent largest error = ********

 ...   43 / 218

 No. steps =      82   No. f-s =    1430   No. J-s =       2   No. LU-s =      20
  No. nonlinear iterations =      91
  No. nonlinear convergence failures =       0
  No. error test failures =       0
  Last step size used =    0.46239E+07
  Index compenent largest error = ********

 ...   44 / 218

 No. steps =      89   No. f-s =    1435   No. J-s =       2   No. LU-s =      21
  No. nonlinear iterations =      96
  No. nonlinear convergence failures =       0
  No. error test failures =       0
  Last step size used =    0.44499E+07
  Index compenent largest error = ********

 ...   45 / 218

 No. steps =      90   No. f-s =    1439   No. J-s =       2   No. LU-s =      21
  No. nonlinear iterations =     100
  No. nonlinear convergence failures =       0
  No. error test failures =       0
  Last step size used =    0.46817E+07
  Index compenent largest error = ********

 ...   46 / 218

 No. steps =      91   No. f-s =    1442   No. J-s =       2   No. LU-s =      22
  No. nonlinear iterations =     103
  No. nonlinear convergence failures =       0
  No. error test failures =       0
  Last step size used =    0.56335E+07
  Index compenent largest error = ********

 ...   47 / 218

 No. steps =      91   No. f-s =    1439   No. J-s =       2   No. LU-s =      22
  No. nonlinear iterations =     100
  No. nonlinear convergence failures =       0
  No. error test failures =       0
  Last step size used =    0.59321E+07
  Index compenent largest error = ********

 ...   48 / 218

 No. steps =      92   No. f-s =    1440   No. J-s =       2   No. LU-s =      21
  No. nonlinear iterations =     101
  No. nonlinear convergence failures =       0
  No. error test failures =       0
  Last step size used =    0.40570E+07
  Index compenent largest error = ********

 ...   49 / 218

 No. steps =      95   No. f-s =    1443   No. J-s =       2   No. LU-s =      20
  No. nonlinear iterations =     104
  No. nonlinear convergence failures =       0
  No. error test failures =       0
  Last step size used =    0.36027E+07
  Index compenent largest error = ********

 ...   50 / 218

 No. steps =      95   No. f-s =    1442   No. J-s =       2   No. LU-s =      22
  No. nonlinear iterations =     103
  No. nonlinear convergence failures =       0
  No. error test failures =       0
  Last step size used =    0.57153E+07
  Index compenent largest error = ********

 ...   51 / 218

 No. steps =      95   No. f-s =    1440   No. J-s =       2   No. LU-s =      20
  No. nonlinear iterations =     101
  No. nonlinear convergence failures =       0
  No. error test failures =       0
  Last step size used =    0.34336E+07
  Index compenent largest error = ********

 ...   52 / 218

 No. steps =      93   No. f-s =    1440   No. J-s =       2   No. LU-s =      21
  No. nonlinear iterations =     101
  No. nonlinear convergence failures =       0
  No. error test failures =       0
  Last step size used =    0.40469E+07
  Index compenent largest error = ********

 ...   53 / 218

 No. steps =      95   No. f-s =    1441   No. J-s =       2   No. LU-s =      20
  No. nonlinear iterations =     102
  No. nonlinear convergence failures =       0
  No. error test failures =       0
  Last step size used =    0.36431E+07
  Index compenent largest error = ********

 ...   54 / 218

 No. steps =      92   No. f-s =    1439   No. J-s =       2   No. LU-s =      20
  No. nonlinear iterations =     100
  No. nonlinear convergence failures =       0
  No. error test failures =       0
  Last step size used =    0.38005E+07
  Index compenent largest error = ********

 ...   55 / 218

 No. steps =      90   No. f-s =    1440   No. J-s =       2   No. LU-s =      20
  No. nonlinear iterations =     101
  No. nonlinear convergence failures =       0
  No. error test failures =       0
  Last step size used =    0.39440E+07
  Index compenent largest error = ********

 ...   56 / 218

 No. steps =      89   No. f-s =    1439   No. J-s =       2   No. LU-s =      20
  No. nonlinear iterations =     100
  No. nonlinear convergence failures =       0
  No. error test failures =       0
  Last step size used =    0.43031E+07
  Index compenent largest error = ********

 ...   57 / 218

 No. steps =      88   No. f-s =    1438   No. J-s =       2   No. LU-s =      20
  No. nonlinear iterations =      99
  No. nonlinear convergence failures =       0
  No. error test failures =       0
  Last step size used =    0.46206E+07
  Index compenent largest error = ********

 ...   58 / 218

 No. steps =      87   No. f-s =    1435   No. J-s =       2   No. LU-s =      20
  No. nonlinear iterations =      96
  No. nonlinear convergence failures =       0
  No. error test failures =       0
  Last step size used =    0.52344E+07
  Index compenent largest error = ********

 ...   59 / 218

 No. steps =      85   No. f-s =    1432   No. J-s =       2   No. LU-s =      20
  No. nonlinear iterations =      93
  No. nonlinear convergence failures =       0
  No. error test failures =       0
  Last step size used =    0.47764E+07
  Index compenent largest error = ********

 ...   60 / 218

 No. steps =      85   No. f-s =    1432   No. J-s =       2   No. LU-s =      20
  No. nonlinear iterations =      93
  No. nonlinear convergence failures =       0
  No. error test failures =       0
  Last step size used =    0.51069E+07
  Index compenent largest error = ********

 ...   61 / 218

 No. steps =      86   No. f-s =    1432   No. J-s =       2   No. LU-s =      19
  No. nonlinear iterations =      93
  No. nonlinear convergence failures =       0
  No. error test failures =       0
  Last step size used =    0.43394E+07
  Index compenent largest error = ********

 ...   62 / 218

 No. steps =      84   No. f-s =    1433   No. J-s =       2   No. LU-s =      19
  No. nonlinear iterations =      94
  No. nonlinear convergence failures =       0
  No. error test failures =       0
  Last step size used =    0.39255E+07
  Index compenent largest error = ********

 ...   63 / 218

 No. steps =      83   No. f-s =    1433   No. J-s =       2   No. LU-s =      19
  No. nonlinear iterations =      94
  No. nonlinear convergence failures =       0
  No. error test failures =       0
  Last step size used =    0.42594E+07
  Index compenent largest error = ********

 ...   64 / 218

 No. steps =      82   No. f-s =    1433   No. J-s =       2   No. LU-s =      19
  No. nonlinear iterations =      94
  No. nonlinear convergence failures =       0
  No. error test failures =       0
  Last step size used =    0.46117E+07
  Index compenent largest error = ********

 ...   65 / 218

 No. steps =      81   No. f-s =    1432   No. J-s =       2   No. LU-s =      19
  No. nonlinear iterations =      93
  No. nonlinear convergence failures =       0
  No. error test failures =       0
  Last step size used =    0.50811E+07
  Index compenent largest error = ********

 ...   66 / 218

 No. steps =      80   No. f-s =    1429   No. J-s =       2   No. LU-s =      19
  No. nonlinear iterations =      90
  No. nonlinear convergence failures =       0
  No. error test failures =       0
  Last step size used =    0.45565E+07
  Index compenent largest error = ********

 ...   67 / 218

 No. steps =      80   No. f-s =    1429   No. J-s =       2   No. LU-s =      19
  No. nonlinear iterations =      90
  No. nonlinear convergence failures =       0
  No. error test failures =       0
  Last step size used =    0.47285E+07
  Index compenent largest error = ********

 ...   68 / 218

 No. steps =      77   No. f-s =    1427   No. J-s =       2   No. LU-s =      19
  No. nonlinear iterations =      88
  No. nonlinear convergence failures =       0
  No. error test failures =       0
  Last step size used =    0.45843E+07
  Index compenent largest error = ********

 ...   69 / 218

 No. steps =      77   No. f-s =    1424   No. J-s =       2   No. LU-s =      19
  No. nonlinear iterations =      85
  No. nonlinear convergence failures =       0
  No. error test failures =       0
  Last step size used =    0.50969E+07
  Index compenent largest error = ********

 ...   70 / 218

 No. steps =      76   No. f-s =    1423   No. J-s =       2   No. LU-s =      19
  No. nonlinear iterations =      84
  No. nonlinear convergence failures =       0
  No. error test failures =       0
  Last step size used =    0.55441E+07
  Index compenent largest error = ********

 ...   71 / 218

 No. steps =      75   No. f-s =    1422   No. J-s =       2   No. LU-s =      18
  No. nonlinear iterations =      83
  No. nonlinear convergence failures =       0
  No. error test failures =       0
  Last step size used =    0.40648E+07
  Index compenent largest error = ********

 ...   72 / 218

 No. steps =      75   No. f-s =    1422   No. J-s =       2   No. LU-s =      18
  No. nonlinear iterations =      83
  No. nonlinear convergence failures =       0
  No. error test failures =       0
  Last step size used =    0.40996E+07
  Index compenent largest error = ********

 ...   73 / 218

 No. steps =      73   No. f-s =    1422   No. J-s =       2   No. LU-s =      19
  No. nonlinear iterations =      83
  No. nonlinear convergence failures =       0
  No. error test failures =       0
  Last step size used =    0.47359E+07
  Index compenent largest error = ********

 ...   74 / 218

 No. steps =      74   No. f-s =    1420   No. J-s =       2   No. LU-s =      18
  No. nonlinear iterations =      81
  No. nonlinear convergence failures =       0
  No. error test failures =       0
  Last step size used =    0.44712E+07
  Index compenent largest error = ********

 ...   75 / 218

 No. steps =      74   No. f-s =    1420   No. J-s =       2   No. LU-s =      18
  No. nonlinear iterations =      81
  No. nonlinear convergence failures =       0
  No. error test failures =       0
  Last step size used =    0.45974E+07
  Index compenent largest error = ********

 ...   76 / 218

 No. steps =      74   No. f-s =    1421   No. J-s =       2   No. LU-s =      19
  No. nonlinear iterations =      82
  No. nonlinear convergence failures =       0
  No. error test failures =       0
  Last step size used =    0.66318E+07
  Index compenent largest error = ********

 ...   77 / 218

 No. steps =      73   No. f-s =    1419   No. J-s =       2   No. LU-s =      18
  No. nonlinear iterations =      80
  No. nonlinear convergence failures =       0
  No. error test failures =       0
  Last step size used =    0.47661E+07
  Index compenent largest error = ********

 ...   78 / 218

 No. steps =      73   No. f-s =    1419   No. J-s =       2   No. LU-s =      18
  No. nonlinear iterations =      80
  No. nonlinear convergence failures =       0
  No. error test failures =       0
  Last step size used =    0.46118E+07
  Index compenent largest error = ********

 ...   79 / 218

 No. steps =      71   No. f-s =    1420   No. J-s =       2   No. LU-s =      18
  No. nonlinear iterations =      81
  No. nonlinear convergence failures =       0
  No. error test failures =       0
  Last step size used =    0.44852E+07
  Index compenent largest error = ********

 ...   80 / 218

 No. steps =      70   No. f-s =    1419   No. J-s =       2   No. LU-s =      18
  No. nonlinear iterations =      80
  No. nonlinear convergence failures =       0
  No. error test failures =       0
  Last step size used =    0.38508E+07
  Index compenent largest error = ********

 ...   81 / 218

 No. steps =      69   No. f-s =    1417   No. J-s =       2   No. LU-s =      17
  No. nonlinear iterations =      78
  No. nonlinear convergence failures =       0
  No. error test failures =       0
  Last step size used =    0.58130E+07
  Index compenent largest error = ********

 ...   82 / 218

 No. steps =      68   No. f-s =    1416   No. J-s =       2   No. LU-s =      17
  No. nonlinear iterations =      77
  No. nonlinear convergence failures =       0
  No. error test failures =       0
  Last step size used =    0.63674E+07
  Index compenent largest error = ********

 ...   83 / 218

 No. steps =      67   No. f-s =    1413   No. J-s =       2   No. LU-s =      16
  No. nonlinear iterations =      74
  No. nonlinear convergence failures =       0
  No. error test failures =       0
  Last step size used =    0.46125E+07
  Index compenent largest error = ********

 ...   84 / 218

 No. steps =      66   No. f-s =    1412   No. J-s =       2   No. LU-s =      16
  No. nonlinear iterations =      73
  No. nonlinear convergence failures =       0
  No. error test failures =       0
  Last step size used =    0.49233E+07
  Index compenent largest error = ********

 ...   85 / 218

 No. steps =      68   No. f-s =    1412   No. J-s =       2   No. LU-s =      17
  No. nonlinear iterations =      73
  No. nonlinear convergence failures =       0
  No. error test failures =       0
  Last step size used =    0.57708E+07
  Index compenent largest error = ********

 ...   86 / 218

 No. steps =      67   No. f-s =    1413   No. J-s =       2   No. LU-s =      17
  No. nonlinear iterations =      74
  No. nonlinear convergence failures =       0
  No. error test failures =       0
  Last step size used =    0.65656E+07
  Index compenent largest error = ********

 ...   87 / 218

 No. steps =      67   No. f-s =    1411   No. J-s =       2   No. LU-s =      16
  No. nonlinear iterations =      72
  No. nonlinear convergence failures =       0
  No. error test failures =       0
  Last step size used =    0.46365E+07
  Index compenent largest error = ********

 ...   88 / 218

 No. steps =      66   No. f-s =    1410   No. J-s =       2   No. LU-s =      16
  No. nonlinear iterations =      71
  No. nonlinear convergence failures =       0
  No. error test failures =       0
  Last step size used =    0.49660E+07
  Index compenent largest error = ********

 ...   89 / 218

 No. steps =      65   No. f-s =    1409   No. J-s =       2   No. LU-s =      16
  No. nonlinear iterations =      70
  No. nonlinear convergence failures =       0
  No. error test failures =       0
  Last step size used =    0.55297E+07
  Index compenent largest error = ********

 ...   90 / 218

 No. steps =      65   No. f-s =    1408   No. J-s =       2   No. LU-s =      16
  No. nonlinear iterations =      69
  No. nonlinear convergence failures =       0
  No. error test failures =       0
  Last step size used =    0.59495E+07
  Index compenent largest error = ********

 ...   91 / 218

 No. steps =      61   No. f-s =    1407   No. J-s =       2   No. LU-s =      16
  No. nonlinear iterations =      68
  No. nonlinear convergence failures =       0
  No. error test failures =       0
  Last step size used =    0.60484E+07
  Index compenent largest error = ********

 ...   92 / 218

 No. steps =      64   No. f-s =    1409   No. J-s =       2   No. LU-s =      14
  No. nonlinear iterations =      70
  No. nonlinear convergence failures =       0
  No. error test failures =       0
  Last step size used =    0.52602E+07
  Index compenent largest error = ********

 ...   93 / 218

 No. steps =      59   No. f-s =    1404   No. J-s =       2   No. LU-s =      16
  No. nonlinear iterations =      65
  No. nonlinear convergence failures =       0
  No. error test failures =       0
  Last step size used =    0.64223E+07
  Index compenent largest error = ********

 ...   94 / 218

 No. steps =      58   No. f-s =    1404   No. J-s =       2   No. LU-s =      15
  No. nonlinear iterations =      65
  No. nonlinear convergence failures =       0
  No. error test failures =       0
  Last step size used =    0.51402E+07
  Index compenent largest error = ********

 ...   95 / 218

 No. steps =      58   No. f-s =    1403   No. J-s =       2   No. LU-s =      15
  No. nonlinear iterations =      64
  No. nonlinear convergence failures =       0
  No. error test failures =       0
  Last step size used =    0.49026E+07
  Index compenent largest error = ********

 ...   96 / 218

 No. steps =      55   No. f-s =    1400   No. J-s =       2   No. LU-s =      15
  No. nonlinear iterations =      61
  No. nonlinear convergence failures =       0
  No. error test failures =       0
  Last step size used =    0.56428E+07
  Index compenent largest error = ********

 ...   97 / 218

 No. steps =      56   No. f-s =    1401   No. J-s =       2   No. LU-s =      14
  No. nonlinear iterations =      62
  No. nonlinear convergence failures =       0
  No. error test failures =       0
  Last step size used =    0.84798E+07
  Index compenent largest error = ********

 ...   98 / 218

 No. steps =      55   No. f-s =    1398   No. J-s =       2   No. LU-s =      15
  No. nonlinear iterations =      59
  No. nonlinear convergence failures =       0
  No. error test failures =       0
  Last step size used =    0.75603E+07
  Index compenent largest error = ********

 ...   99 / 218

 No. steps =      56   No. f-s =    1399   No. J-s =       2   No. LU-s =      14
  No. nonlinear iterations =      60
  No. nonlinear convergence failures =       0
  No. error test failures =       0
  Last step size used =    0.65287E+07
  Index compenent largest error = ********

 ...  100 / 218

 No. steps =      56   No. f-s =    1399   No. J-s =       2   No. LU-s =      14
  No. nonlinear iterations =      60
  No. nonlinear convergence failures =       0
  No. error test failures =       0
  Last step size used =    0.64517E+07
  Index compenent largest error = ********

 ...  101 / 218

 No. steps =      56   No. f-s =    1399   No. J-s =       2   No. LU-s =      14
  No. nonlinear iterations =      60
  No. nonlinear convergence failures =       0
  No. error test failures =       0
  Last step size used =    0.63965E+07
  Index compenent largest error = ********

 ...  102 / 218

 No. steps =      54   No. f-s =    1397   No. J-s =       2   No. LU-s =      14
  No. nonlinear iterations =      58
  No. nonlinear convergence failures =       0
  No. error test failures =       0
  Last step size used =    0.66074E+07
  Index compenent largest error = ********

 ...  103 / 218

 No. steps =      54   No. f-s =    1397   No. J-s =       2   No. LU-s =      14
  No. nonlinear iterations =      58
  No. nonlinear convergence failures =       0
  No. error test failures =       0
  Last step size used =    0.70055E+07
  Index compenent largest error = ********

 ...  104 / 218

 No. steps =      54   No. f-s =    1397   No. J-s =       2   No. LU-s =      14
  No. nonlinear iterations =      58
  No. nonlinear convergence failures =       0
  No. error test failures =       0
  Last step size used =    0.69319E+07
  Index compenent largest error = ********

 ...  105 / 218

 No. steps =      53   No. f-s =    1396   No. J-s =       2   No. LU-s =      15
  No. nonlinear iterations =      57
  No. nonlinear convergence failures =       0
  No. error test failures =       0
  Last step size used =    0.63823E+07
  Index compenent largest error = ********

 ...  106 / 218

 No. steps =      55   No. f-s =    1399   No. J-s =       2   No. LU-s =      15
  No. nonlinear iterations =      60
  No. nonlinear convergence failures =       0
  No. error test failures =       0
  Last step size used =    0.68519E+07
  Index compenent largest error = ********

 ...  107 / 218

 No. steps =      54   No. f-s =    1398   No. J-s =       2   No. LU-s =      15
  No. nonlinear iterations =      59
  No. nonlinear convergence failures =       0
  No. error test failures =       0
  Last step size used =    0.70186E+07
  Index compenent largest error = ********

 ...  108 / 218

 No. steps =      54   No. f-s =    1399   No. J-s =       2   No. LU-s =      15
  No. nonlinear iterations =      60
  No. nonlinear convergence failures =       0
  No. error test failures =       0
  Last step size used =    0.63589E+07
  Index compenent largest error = ********

 ...  109 / 218

 No. steps =      54   No. f-s =    1400   No. J-s =       2   No. LU-s =      15
  No. nonlinear iterations =      61
  No. nonlinear convergence failures =       0
  No. error test failures =       0
  Last step size used =    0.63010E+07
  Index compenent largest error = ********

 ...  110 / 218

 No. steps =      54   No. f-s =    1400   No. J-s =       2   No. LU-s =      15
  No. nonlinear iterations =      61
  No. nonlinear convergence failures =       0
  No. error test failures =       0
  Last step size used =    0.61234E+07
  Index compenent largest error = ********

 ...  111 / 218

 No. steps =      57   No. f-s =    1402   No. J-s =       2   No. LU-s =      15
  No. nonlinear iterations =      63
  No. nonlinear convergence failures =       0
  No. error test failures =       0
  Last step size used =    0.70195E+07
  Index compenent largest error = ********

 ...  112 / 218

 No. steps =      57   No. f-s =    1402   No. J-s =       2   No. LU-s =      15
  No. nonlinear iterations =      63
  No. nonlinear convergence failures =       0
  No. error test failures =       0
  Last step size used =    0.68621E+07
  Index compenent largest error = ********

 ...  113 / 218

 No. steps =      57   No. f-s =    1402   No. J-s =       2   No. LU-s =      15
  No. nonlinear iterations =      63
  No. nonlinear convergence failures =       0
  No. error test failures =       0
  Last step size used =    0.66878E+07
  Index compenent largest error = ********

 ...  114 / 218

 No. steps =      57   No. f-s =    1402   No. J-s =       2   No. LU-s =      15
  No. nonlinear iterations =      63
  No. nonlinear convergence failures =       0
  No. error test failures =       0
  Last step size used =    0.67425E+07
  Index compenent largest error = ********

 ...  115 / 218

 No. steps =      57   No. f-s =    1402   No. J-s =       2   No. LU-s =      15
  No. nonlinear iterations =      63
  No. nonlinear convergence failures =       0
  No. error test failures =       0
  Last step size used =    0.67024E+07
  Index compenent largest error = ********

 ...  116 / 218

 No. steps =      57   No. f-s =    1401   No. J-s =       2   No. LU-s =      14
  No. nonlinear iterations =      62
  No. nonlinear convergence failures =       0
  No. error test failures =       0
  Last step size used =    0.44993E+07
  Index compenent largest error = ********

 ...  117 / 218

 No. steps =      54   No. f-s =     732   No. J-s =       1   No. LU-s =      14
  No. nonlinear iterations =      61
  No. nonlinear convergence failures =       0
  No. error test failures =       0
  Last step size used =    0.51920E+07
  Index compenent largest error = ********

 ...  118 / 218

 No. steps =      55   No. f-s =     733   No. J-s =       1   No. LU-s =      14
  No. nonlinear iterations =      62
  No. nonlinear convergence failures =       0
  No. error test failures =       0
  Last step size used =    0.45641E+07
  Index compenent largest error = ********

 ...  119 / 218

 No. steps =      55   No. f-s =     733   No. J-s =       1   No. LU-s =      14
  No. nonlinear iterations =      62
  No. nonlinear convergence failures =       0
  No. error test failures =       0
  Last step size used =    0.44541E+07
  Index compenent largest error = ********

 ...  120 / 218

 No. steps =      55   No. f-s =     733   No. J-s =       1   No. LU-s =      14
  No. nonlinear iterations =      62
  No. nonlinear convergence failures =       0
  No. error test failures =       0
  Last step size used =    0.44706E+07
  Index compenent largest error = ********

 ...  121 / 218

 No. steps =      55   No. f-s =     733   No. J-s =       1   No. LU-s =      14
  No. nonlinear iterations =      62
  No. nonlinear convergence failures =       0
  No. error test failures =       0
  Last step size used =    0.44407E+07
  Index compenent largest error = ********

 ...  122 / 218

 No. steps =      55   No. f-s =     733   No. J-s =       1   No. LU-s =      14
  No. nonlinear iterations =      62
  No. nonlinear convergence failures =       0
  No. error test failures =       0
  Last step size used =    0.44638E+07
  Index compenent largest error = ********

 ...  123 / 218

 No. steps =      56   No. f-s =     734   No. J-s =       1   No. LU-s =      14
  No. nonlinear iterations =      63
  No. nonlinear convergence failures =       0
  No. error test failures =       0
  Last step size used =    0.42297E+07
  Index compenent largest error = ********

 ...  124 / 218

 No. steps =      56   No. f-s =     734   No. J-s =       1   No. LU-s =      14
  No. nonlinear iterations =      63
  No. nonlinear convergence failures =       0
  No. error test failures =       0
  Last step size used =    0.42736E+07
  Index compenent largest error = ********

 ...  125 / 218

 No. steps =      57   No. f-s =    1403   No. J-s =       2   No. LU-s =      15
  No. nonlinear iterations =      64
  No. nonlinear convergence failures =       0
  No. error test failures =       0
  Last step size used =    0.62051E+07
  Index compenent largest error = ********

 ...  126 / 218

 No. steps =      56   No. f-s =    1402   No. J-s =       2   No. LU-s =      15
  No. nonlinear iterations =      63
  No. nonlinear convergence failures =       0
  No. error test failures =       0
  Last step size used =    0.44338E+07
  Index compenent largest error = ********

 ...  127 / 218

 No. steps =      56   No. f-s =    1401   No. J-s =       2   No. LU-s =      16
  No. nonlinear iterations =      62
  No. nonlinear convergence failures =       0
  No. error test failures =       0
  Last step size used =    0.70039E+07
  Index compenent largest error = ********

 ...  128 / 218

 No. steps =      56   No. f-s =    1402   No. J-s =       2   No. LU-s =      15
  No. nonlinear iterations =      63
  No. nonlinear convergence failures =       0
  No. error test failures =       0
  Last step size used =    0.44690E+07
  Index compenent largest error = ********

 ...  129 / 218

 No. steps =      56   No. f-s =    1402   No. J-s =       2   No. LU-s =      15
  No. nonlinear iterations =      63
  No. nonlinear convergence failures =       0
  No. error test failures =       0
  Last step size used =    0.45062E+07
  Index compenent largest error = ********

 ...  130 / 218

 No. steps =      56   No. f-s =    1402   No. J-s =       2   No. LU-s =      15
  No. nonlinear iterations =      63
  No. nonlinear convergence failures =       0
  No. error test failures =       0
  Last step size used =    0.44597E+07
  Index compenent largest error = ********

 ...  131 / 218

 No. steps =      57   No. f-s =    1402   No. J-s =       2   No. LU-s =      15
  No. nonlinear iterations =      63
  No. nonlinear convergence failures =       0
  No. error test failures =       0
  Last step size used =    0.55615E+07
  Index compenent largest error = ********

 ...  132 / 218

 No. steps =      57   No. f-s =    1402   No. J-s =       2   No. LU-s =      15
  No. nonlinear iterations =      63
  No. nonlinear convergence failures =       0
  No. error test failures =       0
  Last step size used =    0.55863E+07
  Index compenent largest error = ********

 ...  133 / 218

 No. steps =      56   No. f-s =    1401   No. J-s =       2   No. LU-s =      15
  No. nonlinear iterations =      62
  No. nonlinear convergence failures =       0
  No. error test failures =       0
  Last step size used =    0.57483E+07
  Index compenent largest error = ********

 ...  134 / 218

 No. steps =      57   No. f-s =    1402   No. J-s =       2   No. LU-s =      15
  No. nonlinear iterations =      63
  No. nonlinear convergence failures =       0
  No. error test failures =       0
  Last step size used =    0.56323E+07
  Index compenent largest error = ********

 ...  135 / 218

 No. steps =      57   No. f-s =    1402   No. J-s =       2   No. LU-s =      15
  No. nonlinear iterations =      63
  No. nonlinear convergence failures =       0
  No. error test failures =       0
  Last step size used =    0.56891E+07
  Index compenent largest error = ********

 ...  136 / 218

 No. steps =      56   No. f-s =    1401   No. J-s =       2   No. LU-s =      15
  No. nonlinear iterations =      62
  No. nonlinear convergence failures =       0
  No. error test failures =       0
  Last step size used =    0.56960E+07
  Index compenent largest error = ********

 ...  137 / 218

 No. steps =      56   No. f-s =    1401   No. J-s =       2   No. LU-s =      15
  No. nonlinear iterations =      62
  No. nonlinear convergence failures =       0
  No. error test failures =       0
  Last step size used =    0.59053E+07
  Index compenent largest error = ********

 ...  138 / 218

 No. steps =      56   No. f-s =    1401   No. J-s =       2   No. LU-s =      15
  No. nonlinear iterations =      62
  No. nonlinear convergence failures =       0
  No. error test failures =       0
  Last step size used =    0.60887E+07
  Index compenent largest error = ********

 ...  139 / 218

 No. steps =      56   No. f-s =    1401   No. J-s =       2   No. LU-s =      15
  No. nonlinear iterations =      62
  No. nonlinear convergence failures =       0
  No. error test failures =       0
  Last step size used =    0.59875E+07
  Index compenent largest error = ********

 ...  140 / 218

 No. steps =      56   No. f-s =    1401   No. J-s =       2   No. LU-s =      15
  No. nonlinear iterations =      62
  No. nonlinear convergence failures =       0
  No. error test failures =       0
  Last step size used =    0.61107E+07
  Index compenent largest error = ********

 ...  141 / 218

 No. steps =      56   No. f-s =    1401   No. J-s =       2   No. LU-s =      15
  No. nonlinear iterations =      62
  No. nonlinear convergence failures =       0
  No. error test failures =       0
  Last step size used =    0.61542E+07
  Index compenent largest error = ********

 ...  142 / 218

 No. steps =      56   No. f-s =    1401   No. J-s =       2   No. LU-s =      15
  No. nonlinear iterations =      62
  No. nonlinear convergence failures =       0
  No. error test failures =       0
  Last step size used =    0.61386E+07
  Index compenent largest error = ********

 ...  143 / 218

 No. steps =      56   No. f-s =    1401   No. J-s =       2   No. LU-s =      15
  No. nonlinear iterations =      62
  No. nonlinear convergence failures =       0
  No. error test failures =       0
  Last step size used =    0.62605E+07
  Index compenent largest error = ********

 ...  144 / 218

 No. steps =      55   No. f-s =     732   No. J-s =       1   No. LU-s =      14
  No. nonlinear iterations =      61
  No. nonlinear convergence failures =       0
  No. error test failures =       0
  Last step size used =    0.40330E+07
  Index compenent largest error = ********

 ...  145 / 218

 No. steps =      55   No. f-s =     732   No. J-s =       1   No. LU-s =      14
  No. nonlinear iterations =      61
  No. nonlinear convergence failures =       0
  No. error test failures =       0
  Last step size used =    0.40085E+07
  Index compenent largest error = ********

 ...  146 / 218

 No. steps =      55   No. f-s =     732   No. J-s =       1   No. LU-s =      14
  No. nonlinear iterations =      61
  No. nonlinear convergence failures =       0
  No. error test failures =       0
  Last step size used =    0.39600E+07
  Index compenent largest error = ********

 ...  147 / 218

 No. steps =      55   No. f-s =     732   No. J-s =       1   No. LU-s =      14
  No. nonlinear iterations =      61
  No. nonlinear convergence failures =       0
  No. error test failures =       0
  Last step size used =    0.40704E+07
  Index compenent largest error = ********

 ...  148 / 218

 No. steps =      55   No. f-s =     732   No. J-s =       1   No. LU-s =      14
  No. nonlinear iterations =      61
  No. nonlinear convergence failures =       0
  No. error test failures =       0
  Last step size used =    0.41238E+07
  Index compenent largest error = ********

 ...  149 / 218

 No. steps =      53   No. f-s =     731   No. J-s =       1   No. LU-s =      14
  No. nonlinear iterations =      60
  No. nonlinear convergence failures =       0
  No. error test failures =       0
  Last step size used =    0.49269E+07
  Index compenent largest error = ********

 ...  150 / 218

 No. steps =      55   No. f-s =     731   No. J-s =       1   No. LU-s =      15
  No. nonlinear iterations =      60
  No. nonlinear convergence failures =       0
  No. error test failures =       0
  Last step size used =    0.50799E+07
  Index compenent largest error = ********

 ...  151 / 218

 No. steps =      53   No. f-s =     731   No. J-s =       1   No. LU-s =      14
  No. nonlinear iterations =      60
  No. nonlinear convergence failures =       0
  No. error test failures =       0
  Last step size used =    0.49023E+07
  Index compenent largest error = ********

 ...  152 / 218

 No. steps =      53   No. f-s =     731   No. J-s =       1   No. LU-s =      14
  No. nonlinear iterations =      60
  No. nonlinear convergence failures =       0
  No. error test failures =       0
  Last step size used =    0.49781E+07
  Index compenent largest error = ********

 ...  153 / 218

 No. steps =      53   No. f-s =     731   No. J-s =       1   No. LU-s =      14
  No. nonlinear iterations =      60
  No. nonlinear convergence failures =       0
  No. error test failures =       0
  Last step size used =    0.50531E+07
  Index compenent largest error = ********

 ...  154 / 218

 No. steps =      53   No. f-s =     731   No. J-s =       1   No. LU-s =      14
  No. nonlinear iterations =      60
  No. nonlinear convergence failures =       0
  No. error test failures =       0
  Last step size used =    0.50759E+07
  Index compenent largest error = ********

 ...  155 / 218

 No. steps =      53   No. f-s =     731   No. J-s =       1   No. LU-s =      14
  No. nonlinear iterations =      60
  No. nonlinear convergence failures =       0
  No. error test failures =       0
  Last step size used =    0.52144E+07
  Index compenent largest error = ********

 ...  156 / 218

 No. steps =      52   No. f-s =     730   No. J-s =       1   No. LU-s =      14
  No. nonlinear iterations =      59
  No. nonlinear convergence failures =       0
  No. error test failures =       0
  Last step size used =    0.53215E+07
  Index compenent largest error = ********

 ...  157 / 218

 No. steps =      53   No. f-s =     731   No. J-s =       1   No. LU-s =      14
  No. nonlinear iterations =      60
  No. nonlinear convergence failures =       0
  No. error test failures =       0
  Last step size used =    0.52549E+07
  Index compenent largest error = ********

 ...  158 / 218

 No. steps =      52   No. f-s =     730   No. J-s =       1   No. LU-s =      14
  No. nonlinear iterations =      59
  No. nonlinear convergence failures =       0
  No. error test failures =       0
  Last step size used =    0.53383E+07
  Index compenent largest error = ********

 ...  159 / 218

 No. steps =      52   No. f-s =     730   No. J-s =       1   No. LU-s =      14
  No. nonlinear iterations =      59
  No. nonlinear convergence failures =       0
  No. error test failures =       0
  Last step size used =    0.53726E+07
  Index compenent largest error = ********

 ...  160 / 218

 No. steps =      52   No. f-s =     730   No. J-s =       1   No. LU-s =      15
  No. nonlinear iterations =      59
  No. nonlinear convergence failures =       0
  No. error test failures =       0
  Last step size used =    0.71753E+07
  Index compenent largest error = ********

 ...  161 / 218

 No. steps =      52   No. f-s =     730   No. J-s =       1   No. LU-s =      15
  No. nonlinear iterations =      59
  No. nonlinear convergence failures =       0
  No. error test failures =       0
  Last step size used =    0.72042E+07
  Index compenent largest error = ********

 ...  162 / 218

 No. steps =      51   No. f-s =     729   No. J-s =       1   No. LU-s =      14
  No. nonlinear iterations =      58
  No. nonlinear convergence failures =       0
  No. error test failures =       0
  Last step size used =    0.69835E+07
  Index compenent largest error = ********

 ...  163 / 218

 No. steps =      51   No. f-s =     729   No. J-s =       1   No. LU-s =      14
  No. nonlinear iterations =      58
  No. nonlinear convergence failures =       0
  No. error test failures =       0
  Last step size used =    0.58166E+07
  Index compenent largest error = ********

 ...  164 / 218

 No. steps =      51   No. f-s =     730   No. J-s =       1   No. LU-s =      13
  No. nonlinear iterations =      59
  No. nonlinear convergence failures =       0
  No. error test failures =       0
  Last step size used =    0.49438E+07
  Index compenent largest error = ********

 ...  165 / 218

 No. steps =      52   No. f-s =     730   No. J-s =       1   No. LU-s =      13
  No. nonlinear iterations =      59
  No. nonlinear convergence failures =       0
  No. error test failures =       0
  Last step size used =    0.52401E+07
  Index compenent largest error = ********

 ...  166 / 218

 No. steps =      51   No. f-s =     731   No. J-s =       1   No. LU-s =      14
  No. nonlinear iterations =      60
  No. nonlinear convergence failures =       0
  No. error test failures =       0
  Last step size used =    0.93744E+07
  Index compenent largest error = ********

 ...  167 / 218

 No. steps =      50   No. f-s =     729   No. J-s =       1   No. LU-s =      13
  No. nonlinear iterations =      58
  No. nonlinear convergence failures =       0
  No. error test failures =       0
  Last step size used =    0.51857E+07
  Index compenent largest error = ********

 ...  168 / 218

 No. steps =      50   No. f-s =     729   No. J-s =       1   No. LU-s =      13
  No. nonlinear iterations =      58
  No. nonlinear convergence failures =       0
  No. error test failures =       0
  Last step size used =    0.54826E+07
  Index compenent largest error = ********

 ...  169 / 218

 No. steps =      50   No. f-s =     729   No. J-s =       1   No. LU-s =      13
  No. nonlinear iterations =      58
  No. nonlinear convergence failures =       0
  No. error test failures =       0
  Last step size used =    0.54226E+07
  Index compenent largest error = ********

 ...  170 / 218

 No. steps =      50   No. f-s =     729   No. J-s =       1   No. LU-s =      13
  No. nonlinear iterations =      58
  No. nonlinear convergence failures =       0
  No. error test failures =       0
  Last step size used =    0.56213E+07
  Index compenent largest error = ********

 ...  171 / 218

 No. steps =      49   No. f-s =     728   No. J-s =       1   No. LU-s =      13
  No. nonlinear iterations =      57
  No. nonlinear convergence failures =       0
  No. error test failures =       0
  Last step size used =    0.57197E+07
  Index compenent largest error = ********

 ...  172 / 218

 No. steps =      50   No. f-s =     726   No. J-s =       1   No. LU-s =      12
  No. nonlinear iterations =      55
  No. nonlinear convergence failures =       0
  No. error test failures =       0
  Last step size used =    0.53933E+07
  Index compenent largest error = ********

 ...  173 / 218

 No. steps =      50   No. f-s =     726   No. J-s =       1   No. LU-s =      12
  No. nonlinear iterations =      55
  No. nonlinear convergence failures =       0
  No. error test failures =       0
  Last step size used =    0.54324E+07
  Index compenent largest error = ********

 ...  174 / 218

 No. steps =      50   No. f-s =     726   No. J-s =       1   No. LU-s =      12
  No. nonlinear iterations =      55
  No. nonlinear convergence failures =       0
  No. error test failures =       0
  Last step size used =    0.54902E+07
  Index compenent largest error = ********

 ...  175 / 218

 No. steps =      50   No. f-s =     726   No. J-s =       1   No. LU-s =      12
  No. nonlinear iterations =      55
  No. nonlinear convergence failures =       0
  No. error test failures =       0
  Last step size used =    0.55889E+07
  Index compenent largest error = ********

 ...  176 / 218

 No. steps =      51   No. f-s =     729   No. J-s =       1   No. LU-s =      13
  No. nonlinear iterations =      58
  No. nonlinear convergence failures =       0
  No. error test failures =       0
  Last step size used =    0.74669E+07
  Index compenent largest error = ********

 ...  177 / 218

 No. steps =      50   No. f-s =     726   No. J-s =       1   No. LU-s =      12
  No. nonlinear iterations =      55
  No. nonlinear convergence failures =       0
  No. error test failures =       0
  Last step size used =    0.54971E+07
  Index compenent largest error = ********

 ...  178 / 218

 No. steps =      49   No. f-s =     727   No. J-s =       1   No. LU-s =      13
  No. nonlinear iterations =      56
  No. nonlinear convergence failures =       0
  No. error test failures =       0
  Last step size used =    0.66148E+07
  Index compenent largest error = ********

 ...  179 / 218

 No. steps =      49   No. f-s =     727   No. J-s =       1   No. LU-s =      13
  No. nonlinear iterations =      56
  No. nonlinear convergence failures =       0
  No. error test failures =       0
  Last step size used =    0.66519E+07
  Index compenent largest error = ********

 ...  180 / 218

 No. steps =      49   No. f-s =     727   No. J-s =       1   No. LU-s =      13
  No. nonlinear iterations =      56
  No. nonlinear convergence failures =       0
  No. error test failures =       0
  Last step size used =    0.68904E+07
  Index compenent largest error = ********

 ...  181 / 218

 No. steps =      49   No. f-s =     727   No. J-s =       1   No. LU-s =      13
  No. nonlinear iterations =      56
  No. nonlinear convergence failures =       0
  No. error test failures =       0
  Last step size used =    0.68349E+07
  Index compenent largest error = ********

 ...  182 / 218

 No. steps =      48   No. f-s =     726   No. J-s =       1   No. LU-s =      12
  No. nonlinear iterations =      55
  No. nonlinear convergence failures =       0
  No. error test failures =       0
  Last step size used =    0.43964E+07
  Index compenent largest error = ********

 ...  183 / 218

 No. steps =      48   No. f-s =     725   No. J-s =       1   No. LU-s =      13
  No. nonlinear iterations =      54
  No. nonlinear convergence failures =       0
  No. error test failures =       0
  Last step size used =    0.67846E+07
  Index compenent largest error = ********

 ...  184 / 218

 No. steps =      48   No. f-s =     725   No. J-s =       1   No. LU-s =      13
  No. nonlinear iterations =      54
  No. nonlinear convergence failures =       0
  No. error test failures =       0
  Last step size used =    0.68495E+07
  Index compenent largest error = ********

 ...  185 / 218

 No. steps =      48   No. f-s =     725   No. J-s =       1   No. LU-s =      13
  No. nonlinear iterations =      54
  No. nonlinear convergence failures =       0
  No. error test failures =       0
  Last step size used =    0.68154E+07
  Index compenent largest error = ********

 ...  186 / 218

 No. steps =      48   No. f-s =     725   No. J-s =       1   No. LU-s =      13
  No. nonlinear iterations =      54
  No. nonlinear convergence failures =       0
  No. error test failures =       0
  Last step size used =    0.70421E+07
  Index compenent largest error = ********

 ...  187 / 218

 No. steps =      48   No. f-s =     724   No. J-s =       1   No. LU-s =      13
  No. nonlinear iterations =      53
  No. nonlinear convergence failures =       0
  No. error test failures =       0
  Last step size used =    0.71317E+07
  Index compenent largest error = ********

 ...  188 / 218

 No. steps =      48   No. f-s =     724   No. J-s =       1   No. LU-s =      13
  No. nonlinear iterations =      53
  No. nonlinear convergence failures =       0
  No. error test failures =       0
  Last step size used =    0.69118E+07
  Index compenent largest error = ********

 ...  189 / 218

 No. steps =      48   No. f-s =     724   No. J-s =       1   No. LU-s =      13
  No. nonlinear iterations =      53
  No. nonlinear convergence failures =       0
  No. error test failures =       0
  Last step size used =    0.73677E+07
  Index compenent largest error = ********

 ...  190 / 218

 No. steps =      48   No. f-s =     724   No. J-s =       1   No. LU-s =      12
  No. nonlinear iterations =      53
  No. nonlinear convergence failures =       0
  No. error test failures =       0
  Last step size used =    0.51060E+07
  Index compenent largest error = ********

 ...  191 / 218

 No. steps =      47   No. f-s =     723   No. J-s =       1   No. LU-s =      12
  No. nonlinear iterations =      52
  No. nonlinear convergence failures =       0
  No. error test failures =       0
  Last step size used =    0.51714E+07
  Index compenent largest error = ********

 ...  192 / 218

 No. steps =      47   No. f-s =     723   No. J-s =       1   No. LU-s =      12
  No. nonlinear iterations =      52
  No. nonlinear convergence failures =       0
  No. error test failures =       0
  Last step size used =    0.52664E+07
  Index compenent largest error = ********

 ...  193 / 218

 No. steps =      47   No. f-s =     723   No. J-s =       1   No. LU-s =      12
  No. nonlinear iterations =      52
  No. nonlinear convergence failures =       0
  No. error test failures =       0
  Last step size used =    0.48530E+07
  Index compenent largest error = ********

 ...  194 / 218

 No. steps =      46   No. f-s =     722   No. J-s =       1   No. LU-s =      12
  No. nonlinear iterations =      51
  No. nonlinear convergence failures =       0
  No. error test failures =       0
  Last step size used =    0.52219E+07
  Index compenent largest error = ********

 ...  195 / 218

 No. steps =      45   No. f-s =     722   No. J-s =       1   No. LU-s =      12
  No. nonlinear iterations =      51
  No. nonlinear convergence failures =       0
  No. error test failures =       0
  Last step size used =    0.52370E+07
  Index compenent largest error = ********

 ...  196 / 218

 No. steps =      45   No. f-s =     722   No. J-s =       1   No. LU-s =      12
  No. nonlinear iterations =      51
  No. nonlinear convergence failures =       0
  No. error test failures =       0
  Last step size used =    0.52006E+07
  Index compenent largest error = ********

 ...  197 / 218

 No. steps =      45   No. f-s =     722   No. J-s =       1   No. LU-s =      12
  No. nonlinear iterations =      51
  No. nonlinear convergence failures =       0
  No. error test failures =       0
  Last step size used =    0.53831E+07
  Index compenent largest error = ********

 ...  198 / 218

 No. steps =      48   No. f-s =     722   No. J-s =       1   No. LU-s =      12
  No. nonlinear iterations =      51
  No. nonlinear convergence failures =       0
  No. error test failures =       0
  Last step size used =    0.58379E+07
  Index compenent largest error = ********

 ...  199 / 218

 No. steps =      48   No. f-s =     722   No. J-s =       1   No. LU-s =      12
  No. nonlinear iterations =      51
  No. nonlinear convergence failures =       0
  No. error test failures =       0
  Last step size used =    0.58985E+07
  Index compenent largest error = ********

 ...  200 / 218

 No. steps =      47   No. f-s =     725   No. J-s =       1   No. LU-s =      12
  No. nonlinear iterations =      54
  No. nonlinear convergence failures =       0
  No. error test failures =       0
  Last step size used =    0.52363E+07
  Index compenent largest error = ********

 ...  201 / 218

 No. steps =      45   No. f-s =     719   No. J-s =       1   No. LU-s =      12
  No. nonlinear iterations =      48
  No. nonlinear convergence failures =       0
  No. error test failures =       0
  Last step size used =    0.60080E+07
  Index compenent largest error = ********

 ...  202 / 218

 No. steps =      45   No. f-s =     719   No. J-s =       1   No. LU-s =      12
  No. nonlinear iterations =      48
  No. nonlinear convergence failures =       0
  No. error test failures =       0
  Last step size used =    0.60174E+07
  Index compenent largest error = ********

 ...  203 / 218

 No. steps =      45   No. f-s =     720   No. J-s =       1   No. LU-s =      12
  No. nonlinear iterations =      49
  No. nonlinear convergence failures =       0
  No. error test failures =       0
  Last step size used =    0.63182E+07
  Index compenent largest error = ********

 ...  204 / 218

 No. steps =      45   No. f-s =     720   No. J-s =       1   No. LU-s =      12
  No. nonlinear iterations =      49
  No. nonlinear convergence failures =       0
  No. error test failures =       0
  Last step size used =    0.64437E+07
  Index compenent largest error = ********

 ...  205 / 218

 No. steps =      44   No. f-s =     719   No. J-s =       1   No. LU-s =      12
  No. nonlinear iterations =      48
  No. nonlinear convergence failures =       0
  No. error test failures =       0
  Last step size used =    0.71978E+07
  Index compenent largest error = ********

 ...  206 / 218

 No. steps =      44   No. f-s =     719   No. J-s =       1   No. LU-s =      12
  No. nonlinear iterations =      48
  No. nonlinear convergence failures =       0
  No. error test failures =       0
  Last step size used =    0.68631E+07
  Index compenent largest error = ********

 ...  207 / 218

 No. steps =      45   No. f-s =     719   No. J-s =       1   No. LU-s =      12
  No. nonlinear iterations =      48
  No. nonlinear convergence failures =       0
  No. error test failures =       0
  Last step size used =    0.77066E+07
  Index compenent largest error = ********

 ...  208 / 218

 No. steps =      44   No. f-s =     719   No. J-s =       1   No. LU-s =      12
  No. nonlinear iterations =      48
  No. nonlinear convergence failures =       0
  No. error test failures =       0
  Last step size used =    0.69336E+07
  Index compenent largest error = ********

 ...  209 / 218

 No. steps =      44   No. f-s =     720   No. J-s =       1   No. LU-s =      13
  No. nonlinear iterations =      49
  No. nonlinear convergence failures =       0
  No. error test failures =       0
  Last step size used =    0.72956E+07
  Index compenent largest error = ********

 ...  210 / 218

 No. steps =      44   No. f-s =     720   No. J-s =       1   No. LU-s =      13
  No. nonlinear iterations =      49
  No. nonlinear convergence failures =       0
  No. error test failures =       0
  Last step size used =    0.61209E+07
  Index compenent largest error = ********

 ...  211 / 218

 No. steps =      44   No. f-s =     719   No. J-s =       1   No. LU-s =      12
  No. nonlinear iterations =      48
  No. nonlinear convergence failures =       0
  No. error test failures =       0
  Last step size used =    0.73740E+07
  Index compenent largest error = ********

 ...  212 / 218

 No. steps =      43   No. f-s =     719   No. J-s =       1   No. LU-s =      13
  No. nonlinear iterations =      48
  No. nonlinear convergence failures =       0
  No. error test failures =       0
  Last step size used =    0.78252E+07
  Index compenent largest error = ********

 ...  213 / 218

 No. steps =      43   No. f-s =     719   No. J-s =       1   No. LU-s =      13
  No. nonlinear iterations =      48
  No. nonlinear convergence failures =       0
  No. error test failures =       0
  Last step size used =    0.78401E+07
  Index compenent largest error = ********

 ...  214 / 218

 No. steps =      43   No. f-s =     719   No. J-s =       1   No. LU-s =      13
  No. nonlinear iterations =      48
  No. nonlinear convergence failures =       0
  No. error test failures =       0
  Last step size used =    0.81654E+07
  Index compenent largest error = ********

 ...  215 / 218

 No. steps =      43   No. f-s =     719   No. J-s =       1   No. LU-s =      13
  No. nonlinear iterations =      48
  No. nonlinear convergence failures =       0
  No. error test failures =       0
  Last step size used =    0.84575E+07
  Index compenent largest error = ********

 ...  216 / 218

 No. steps =      43   No. f-s =     719   No. J-s =       1   No. LU-s =      13
  No. nonlinear iterations =      48
  No. nonlinear convergence failures =       0
  No. error test failures =       0
  Last step size used =    0.84922E+07
  Index compenent largest error = ********

 ...  217 / 218

 No. steps =      43   No. f-s =     719   No. J-s =       1   No. LU-s =      13
  No. nonlinear iterations =      48
  No. nonlinear convergence failures =       0
  No. error test failures =       0
  Last step size used =    0.89029E+07
  Index compenent largest error = ********

 ...  218 / 218

 No. steps =      43   No. f-s =     719   No. J-s =       1   No. LU-s =      13
  No. nonlinear iterations =      48
  No. nonlinear convergence failures =       0
  No. error test failures =       0
  Last step size used =    0.84943E+07
  Index compenent largest error = ********


    ... DONE!
 +++++++++++++++++++++++++++++++++++++++++++++++++++


+------------------ Job Report: 10461711 (COMPLETED) ------------------+
| Memory (RAM)  [                    ]  0.0% (0 B peak / 1 GB)         |
| CPU           [############        ] 60.6% average                   |
| Time          [>                   ]  2.0% (0-00:01:11 / 0-01:00:00) |
|                                                                      |
| Lustre Filesystem:                                                   |
|   Path    Total Read    Total Write    Total IOPS                    |
|   ------  ------------  -------------  ------------                  |
|   /apps   0 B           0 B            18                            |
|   /fred   20 KB         56 MB          4.1 K                         |
|                                                                      |
| Warnings:                                                            |
|   - Too much memory requested                                        |
|   - CPU usage is low                                                 |
|   - Too much time requested                                          |
+----------------------------------------------------------------------+
