Starting job 10461264, array task 381 on gina16
Chemistry type: Crich
Analysis mode: false
Found 459 valid particle IDs in /fred/oz304/beckers/Chemistry/traces/wind_v10/trace_output_with_av
Returning 457 particle IDs (after start_index=2 offset)
SLURM task 381: processing particle 3471854
Running Crich evolving_model on 1 phantom particle trace(s) from wind_v10

 +++++++++++++++++++++++++++++++++++++++++++++++++++
 +++++        ENVELOPE CHEMICAL MODEL         ++++++
 +++++++++++++++++++++++++++++++++++++++++++++++++++

 Version 1.0 authored by Catherine Walsh and Maria 
    Drozdovskaya, Leiden Observatory (01/08/2013)

 Version 1.1 amended by Catherine Walsh (18/05/2014)

 Version 1.2 amended by Catherine Walsh (13/08/2015)

 +++++++++++++++++++++++++++++++++++++++++++++++++++

          Input file =  Crich/param/trace_file_param/file_parameters_3471854.txt              

 Physical conditions  = Crich/input/3471854.txt                                               
 Chemical network     = ./rate12_complex.rates                                                
 Species file         = ./rate12_complex_atomic_Crich.specs                                   
 Binding energies     = ./rate12_binding.dat                                                  
 Reaction parameters  = param/reaction_parameters.txt                                         
 Grain parameters     = param/grain_parameters.txt                                            
 Radiation parameters = param/radiation_parameters.txt                                        

 Output file          = Crich/output/model_output_3471854.dat                                 
 Rates file           = Crich/output/model_rates_3471854.dat                                  

 Opening and reading physical conditions file ...

 +++++++++++++++++++++++++++++++++++++++++++++++++++
 Beginning to run model ...
 +++++++++++++++++++++++++++++++++++++++++++++++++++

 Preparing output files ...

 Progress = ...
 ...    1 / 257

 No. steps =    1014   No. f-s =   16905   No. J-s =      23   No. LU-s =     162
  No. nonlinear iterations =    1540
  No. nonlinear convergence failures =       0
  No. error test failures =      46
  Last step size used =    0.22683E+09
  Index compenent largest error = ********

 ...    2 / 257

 No. steps =     265   No. f-s =    3660   No. J-s =       5   No. LU-s =      39
  No. nonlinear iterations =     317
  No. nonlinear convergence failures =       0
  No. error test failures =       4
  Last step size used =    0.20516E+07
  Index compenent largest error = ********

 ...    3 / 257

 No. steps =     314   No. f-s =    4383   No. J-s =       6   No. LU-s =      42
  No. nonlinear iterations =     372
  No. nonlinear convergence failures =       0
  No. error test failures =       7
  Last step size used =    0.20314E+07
  Index compenent largest error = ********

 ...    4 / 257

 No. steps =     168   No. f-s =    2863   No. J-s =       4   No. LU-s =      31
  No. nonlinear iterations =     188
  No. nonlinear convergence failures =       0
  No. error test failures =       0
  Last step size used =    0.35114E+07
  Index compenent largest error = ********

 ...    5 / 257

 No. steps =     174   No. f-s =    2866   No. J-s =       4   No. LU-s =      31
  No. nonlinear iterations =     191
  No. nonlinear convergence failures =       0
  No. error test failures =       0
  Last step size used =    0.39469E+07
  Index compenent largest error = ********

 ...    6 / 257

 No. steps =     179   No. f-s =    2872   No. J-s =       4   No. LU-s =      30
  No. nonlinear iterations =     197
  No. nonlinear convergence failures =       0
  No. error test failures =       0
  Last step size used =    0.32397E+07
  Index compenent largest error = ********

 ...    7 / 257

 No. steps =     179   No. f-s =    2875   No. J-s =       4   No. LU-s =      30
  No. nonlinear iterations =     200
  No. nonlinear convergence failures =       0
  No. error test failures =       0
  Last step size used =    0.46338E+07
  Index compenent largest error = ********

 ...    8 / 257

 No. steps =     172   No. f-s =    2868   No. J-s =       4   No. LU-s =      29
  No. nonlinear iterations =     193
  No. nonlinear convergence failures =       0
  No. error test failures =       0
  Last step size used =    0.34134E+07
  Index compenent largest error = ********

 ...    9 / 257

 No. steps =     163   No. f-s =    2859   No. J-s =       4   No. LU-s =      28
  No. nonlinear iterations =     184
  No. nonlinear convergence failures =       0
  No. error test failures =       0
  Last step size used =    0.38457E+07
  Index compenent largest error = ********

 ...   10 / 257

 No. steps =     160   No. f-s =    2188   No. J-s =       3   No. LU-s =      28
  No. nonlinear iterations =     181
  No. nonlinear convergence failures =       0
  No. error test failures =       0
  Last step size used =    0.29877E+07
  Index compenent largest error = ********

 ...   11 / 257

 No. steps =     159   No. f-s =    2188   No. J-s =       3   No. LU-s =      27
  No. nonlinear iterations =     181
  No. nonlinear convergence failures =       0
  No. error test failures =       0
  Last step size used =    0.25317E+07
  Index compenent largest error = ********

 ...   12 / 257

 No. steps =     148   No. f-s =    2169   No. J-s =       3   No. LU-s =      29
  No. nonlinear iterations =     162
  No. nonlinear convergence failures =       0
  No. error test failures =       0
  Last step size used =    0.43982E+07
  Index compenent largest error = ********

 ...   13 / 257

 No. steps =     138   No. f-s =    2158   No. J-s =       3   No. LU-s =      27
  No. nonlinear iterations =     151
  No. nonlinear convergence failures =       0
  No. error test failures =       0
  Last step size used =    0.40075E+07
  Index compenent largest error = ********

 ...   14 / 257

 No. steps =     130   No. f-s =    2154   No. J-s =       3   No. LU-s =      27
  No. nonlinear iterations =     147
  No. nonlinear convergence failures =       0
  No. error test failures =       0
  Last step size used =    0.57538E+07
  Index compenent largest error = ********

 ...   15 / 257

 No. steps =     130   No. f-s =    2150   No. J-s =       3   No. LU-s =      26
  No. nonlinear iterations =     143
  No. nonlinear convergence failures =       0
  No. error test failures =       0
  Last step size used =    0.35572E+07
  Index compenent largest error = ********

 ...   16 / 257

 No. steps =     206   No. f-s =    2933   No. J-s =       4   No. LU-s =      38
  No. nonlinear iterations =     258
  No. nonlinear convergence failures =       0
  No. error test failures =       7
  Last step size used =    0.22347E+07
  Index compenent largest error = ********

 ...   17 / 257

 No. steps =     218   No. f-s =    2916   No. J-s =       4   No. LU-s =      30
  No. nonlinear iterations =     241
  No. nonlinear convergence failures =       0
  No. error test failures =       1
  Last step size used =    0.23109E+07
  Index compenent largest error = ********

 ...   18 / 257

 No. steps =     134   No. f-s =    2155   No. J-s =       3   No. LU-s =      27
  No. nonlinear iterations =     148
  No. nonlinear convergence failures =       0
  No. error test failures =       0
  Last step size used =    0.43663E+07
  Index compenent largest error = ********

 ...   19 / 257

 No. steps =     153   No. f-s =    2175   No. J-s =       3   No. LU-s =      28
  No. nonlinear iterations =     168
  No. nonlinear convergence failures =       0
  No. error test failures =       0
  Last step size used =    0.39583E+07
  Index compenent largest error = ********

 ...   20 / 257

 No. steps =     153   No. f-s =    2178   No. J-s =       3   No. LU-s =      27
  No. nonlinear iterations =     171
  No. nonlinear convergence failures =       0
  No. error test failures =       0
  Last step size used =    0.30269E+07
  Index compenent largest error = ********

 ...   21 / 257

 No. steps =     143   No. f-s =    2164   No. J-s =       3   No. LU-s =      27
  No. nonlinear iterations =     157
  No. nonlinear convergence failures =       0
  No. error test failures =       0
  Last step size used =    0.30143E+07
  Index compenent largest error = ********

 ...   22 / 257

 No. steps =     141   No. f-s =    2167   No. J-s =       3   No. LU-s =      25
  No. nonlinear iterations =     160
  No. nonlinear convergence failures =       0
  No. error test failures =       0
  Last step size used =    0.38633E+07
  Index compenent largest error = ********

 ...   23 / 257

 No. steps =     137   No. f-s =    2162   No. J-s =       3   No. LU-s =      26
  No. nonlinear iterations =     155
  No. nonlinear convergence failures =       0
  No. error test failures =       0
  Last step size used =    0.33077E+07
  Index compenent largest error = ********

 ...   24 / 257

 No. steps =     133   No. f-s =    2156   No. J-s =       3   No. LU-s =      25
  No. nonlinear iterations =     149
  No. nonlinear convergence failures =       0
  No. error test failures =       0
  Last step size used =    0.30897E+07
  Index compenent largest error = ********

 ...   25 / 257

 No. steps =     133   No. f-s =    2155   No. J-s =       3   No. LU-s =      25
  No. nonlinear iterations =     148
  No. nonlinear convergence failures =       0
  No. error test failures =       0
  Last step size used =    0.41484E+07
  Index compenent largest error = ********

 ...   26 / 257

 No. steps =     127   No. f-s =    2145   No. J-s =       3   No. LU-s =      24
  No. nonlinear iterations =     138
  No. nonlinear convergence failures =       0
  No. error test failures =       0
  Last step size used =    0.30753E+07
  Index compenent largest error = ********

 ...   27 / 257

 No. steps =     122   No. f-s =    2143   No. J-s =       3   No. LU-s =      23
  No. nonlinear iterations =     136
  No. nonlinear convergence failures =       0
  No. error test failures =       0
  Last step size used =    0.41779E+07
  Index compenent largest error = ********

 ...   28 / 257

 No. steps =     121   No. f-s =    2143   No. J-s =       3   No. LU-s =      23
  No. nonlinear iterations =     136
  No. nonlinear convergence failures =       0
  No. error test failures =       0
  Last step size used =    0.47399E+07
  Index compenent largest error = ********

 ...   29 / 257

 No. steps =     119   No. f-s =    2140   No. J-s =       3   No. LU-s =      23
  No. nonlinear iterations =     133
  No. nonlinear convergence failures =       0
  No. error test failures =       0
  Last step size used =    0.33662E+07
  Index compenent largest error = ********

 ...   30 / 257

 No. steps =     116   No. f-s =    2136   No. J-s =       3   No. LU-s =      25
  No. nonlinear iterations =     129
  No. nonlinear convergence failures =       0
  No. error test failures =       0
  Last step size used =    0.53610E+07
  Index compenent largest error = ********

 ...   31 / 257

 No. steps =     145   No. f-s =    2174   No. J-s =       3   No. LU-s =      26
  No. nonlinear iterations =     167
  No. nonlinear convergence failures =       0
  No. error test failures =       1
  Last step size used =    0.34800E+07
  Index compenent largest error = ********

 ...   32 / 257

 No. steps =     158   No. f-s =    2184   No. J-s =       3   No. LU-s =      27
  No. nonlinear iterations =     177
  No. nonlinear convergence failures =       0
  No. error test failures =       1
  Last step size used =    0.22501E+07
  Index compenent largest error = ********

 ...   33 / 257

 No. steps =     133   No. f-s =    2153   No. J-s =       3   No. LU-s =      26
  No. nonlinear iterations =     146
  No. nonlinear convergence failures =       0
  No. error test failures =       0
  Last step size used =    0.37284E+07
  Index compenent largest error = ********

 ...   34 / 257

 No. steps =     113   No. f-s =    2132   No. J-s =       3   No. LU-s =      24
  No. nonlinear iterations =     125
  No. nonlinear convergence failures =       0
  No. error test failures =       0
  Last step size used =    0.38368E+07
  Index compenent largest error = ********

 ...   35 / 257

 No. steps =     124   No. f-s =    2147   No. J-s =       3   No. LU-s =      24
  No. nonlinear iterations =     140
  No. nonlinear convergence failures =       0
  No. error test failures =       0
  Last step size used =    0.28491E+07
  Index compenent largest error = ********

 ...   36 / 257

 No. steps =     127   No. f-s =    2146   No. J-s =       3   No. LU-s =      24
  No. nonlinear iterations =     139
  No. nonlinear convergence failures =       0
  No. error test failures =       0
  Last step size used =    0.40532E+07
  Index compenent largest error = ********

 ...   37 / 257

 No. steps =     126   No. f-s =    2146   No. J-s =       3   No. LU-s =      23
  No. nonlinear iterations =     139
  No. nonlinear convergence failures =       0
  No. error test failures =       0
  Last step size used =    0.34526E+07
  Index compenent largest error = ********

 ...   38 / 257

 No. steps =     124   No. f-s =    2143   No. J-s =       3   No. LU-s =      24
  No. nonlinear iterations =     136
  No. nonlinear convergence failures =       0
  No. error test failures =       0
  Last step size used =    0.49679E+07
  Index compenent largest error = ********

 ...   39 / 257

 No. steps =     117   No. f-s =    2137   No. J-s =       3   No. LU-s =      24
  No. nonlinear iterations =     130
  No. nonlinear convergence failures =       0
  No. error test failures =       0
  Last step size used =    0.37878E+07
  Index compenent largest error = ********

 ...   40 / 257

 No. steps =     118   No. f-s =    2136   No. J-s =       3   No. LU-s =      23
  No. nonlinear iterations =     129
  No. nonlinear convergence failures =       0
  No. error test failures =       0
  Last step size used =    0.38378E+07
  Index compenent largest error = ********

 ...   41 / 257

 No. steps =     110   No. f-s =    2133   No. J-s =       3   No. LU-s =      24
  No. nonlinear iterations =     126
  No. nonlinear convergence failures =       0
  No. error test failures =       0
  Last step size used =    0.40781E+07
  Index compenent largest error = ********

 ...   42 / 257

 No. steps =     113   No. f-s =    2131   No. J-s =       3   No. LU-s =      24
  No. nonlinear iterations =     124
  No. nonlinear convergence failures =       0
  No. error test failures =       0
  Last step size used =    0.38231E+07
  Index compenent largest error = ********

 ...   43 / 257

 No. steps =     113   No. f-s =    2133   No. J-s =       3   No. LU-s =      23
  No. nonlinear iterations =     126
  No. nonlinear convergence failures =       0
  No. error test failures =       0
  Last step size used =    0.33059E+07
  Index compenent largest error = ********

 ...   44 / 257

 No. steps =     112   No. f-s =    2132   No. J-s =       3   No. LU-s =      24
  No. nonlinear iterations =     125
  No. nonlinear convergence failures =       0
  No. error test failures =       0
  Last step size used =    0.46887E+07
  Index compenent largest error = ********

 ...   45 / 257

 No. steps =     100   No. f-s =    1450   No. J-s =       2   No. LU-s =      23
  No. nonlinear iterations =     111
  No. nonlinear convergence failures =       0
  No. error test failures =       0
  Last step size used =    0.42299E+07
  Index compenent largest error = ********

 ...   46 / 257

 No. steps =      93   No. f-s =    1442   No. J-s =       2   No. LU-s =      22
  No. nonlinear iterations =     103
  No. nonlinear convergence failures =       0
  No. error test failures =       0
  Last step size used =    0.45716E+07
  Index compenent largest error = ********

 ...   47 / 257

 No. steps =     115   No. f-s =    2137   No. J-s =       3   No. LU-s =      22
  No. nonlinear iterations =     130
  No. nonlinear convergence failures =       0
  No. error test failures =       0
  Last step size used =    0.28599E+07
  Index compenent largest error = ********

 ...   48 / 257

 No. steps =     119   No. f-s =    2140   No. J-s =       3   No. LU-s =      22
  No. nonlinear iterations =     133
  No. nonlinear convergence failures =       0
  No. error test failures =       0
  Last step size used =    0.30660E+07
  Index compenent largest error = ********

 ...   49 / 257

 No. steps =     116   No. f-s =    2140   No. J-s =       3   No. LU-s =      22
  No. nonlinear iterations =     133
  No. nonlinear convergence failures =       0
  No. error test failures =       0
  Last step size used =    0.35919E+07
  Index compenent largest error = ********

 ...   50 / 257

 No. steps =      97   No. f-s =    1452   No. J-s =       2   No. LU-s =      22
  No. nonlinear iterations =     113
  No. nonlinear convergence failures =       0
  No. error test failures =       0
  Last step size used =    0.58448E+07
  Index compenent largest error = ********

 ...   51 / 257

 No. steps =      95   No. f-s =    1441   No. J-s =       2   No. LU-s =      20
  No. nonlinear iterations =     102
  No. nonlinear convergence failures =       0
  No. error test failures =       0
  Last step size used =    0.36172E+07
  Index compenent largest error = ********

 ...   52 / 257

 No. steps =     103   No. f-s =    1456   No. J-s =       2   No. LU-s =      23
  No. nonlinear iterations =     117
  No. nonlinear convergence failures =       0
  No. error test failures =       0
  Last step size used =    0.39416E+07
  Index compenent largest error = ********

 ...   53 / 257

 No. steps =     104   No. f-s =    2130   No. J-s =       3   No. LU-s =      23
  No. nonlinear iterations =     123
  No. nonlinear convergence failures =       0
  No. error test failures =       0
  Last step size used =    0.48762E+07
  Index compenent largest error = ********

 ...   54 / 257

 No. steps =     113   No. f-s =    2133   No. J-s =       3   No. LU-s =      23
  No. nonlinear iterations =     126
  No. nonlinear convergence failures =       0
  No. error test failures =       0
  Last step size used =    0.40451E+07
  Index compenent largest error = ********

 ...   55 / 257

 No. steps =     114   No. f-s =    2135   No. J-s =       3   No. LU-s =      23
  No. nonlinear iterations =     128
  No. nonlinear convergence failures =       0
  No. error test failures =       0
  Last step size used =    0.40241E+07
  Index compenent largest error = ********

 ...   56 / 257

 No. steps =     111   No. f-s =    2129   No. J-s =       3   No. LU-s =      23
  No. nonlinear iterations =     122
  No. nonlinear convergence failures =       0
  No. error test failures =       0
  Last step size used =    0.42874E+07
  Index compenent largest error = ********

 ...   57 / 257

 No. steps =     107   No. f-s =    2128   No. J-s =       3   No. LU-s =      23
  No. nonlinear iterations =     121
  No. nonlinear convergence failures =       0
  No. error test failures =       0
  Last step size used =    0.47503E+07
  Index compenent largest error = ********

 ...   58 / 257

 No. steps =     106   No. f-s =    1457   No. J-s =       2   No. LU-s =      23
  No. nonlinear iterations =     118
  No. nonlinear convergence failures =       0
  No. error test failures =       0
  Last step size used =    0.45854E+07
  Index compenent largest error = ********

 ...   59 / 257

 No. steps =      99   No. f-s =    1453   No. J-s =       2   No. LU-s =      22
  No. nonlinear iterations =     114
  No. nonlinear convergence failures =       0
  No. error test failures =       0
  Last step size used =    0.40666E+07
  Index compenent largest error = ********

 ...   60 / 257

 No. steps =      94   No. f-s =    1443   No. J-s =       2   No. LU-s =      22
  No. nonlinear iterations =     104
  No. nonlinear convergence failures =       0
  No. error test failures =       0
  Last step size used =    0.46086E+07
  Index compenent largest error = ********

 ...   61 / 257

 No. steps =      80   No. f-s =    1429   No. J-s =       2   No. LU-s =      21
  No. nonlinear iterations =      90
  No. nonlinear convergence failures =       0
  No. error test failures =       0
  Last step size used =    0.45266E+07
  Index compenent largest error = ********

 ...   62 / 257

 No. steps =      86   No. f-s =    1439   No. J-s =       2   No. LU-s =      19
  No. nonlinear iterations =     100
  No. nonlinear convergence failures =       0
  No. error test failures =       0
  Last step size used =    0.33967E+07
  Index compenent largest error = ********

 ...   63 / 257

 No. steps =      94   No. f-s =    1447   No. J-s =       2   No. LU-s =      21
  No. nonlinear iterations =     108
  No. nonlinear convergence failures =       0
  No. error test failures =       0
  Last step size used =    0.42421E+07
  Index compenent largest error = ********

 ...   64 / 257

 No. steps =      99   No. f-s =    1450   No. J-s =       2   No. LU-s =      21
  No. nonlinear iterations =     111
  No. nonlinear convergence failures =       0
  No. error test failures =       0
  Last step size used =    0.45766E+07
  Index compenent largest error = ********

 ...   65 / 257

 No. steps =      96   No. f-s =    1446   No. J-s =       2   No. LU-s =      21
  No. nonlinear iterations =     107
  No. nonlinear convergence failures =       0
  No. error test failures =       0
  Last step size used =    0.52104E+07
  Index compenent largest error = ********

 ...   66 / 257

 No. steps =      87   No. f-s =    1438   No. J-s =       2   No. LU-s =      21
  No. nonlinear iterations =      99
  No. nonlinear convergence failures =       0
  No. error test failures =       0
  Last step size used =    0.39134E+07
  Index compenent largest error = ********

 ...   67 / 257

 No. steps =      80   No. f-s =    1428   No. J-s =       2   No. LU-s =      22
  No. nonlinear iterations =      89
  No. nonlinear convergence failures =       0
  No. error test failures =       0
  Last step size used =    0.61891E+07
  Index compenent largest error = ********

 ...   68 / 257

 No. steps =      79   No. f-s =    1431   No. J-s =       2   No. LU-s =      20
  No. nonlinear iterations =      92
  No. nonlinear convergence failures =       0
  No. error test failures =       0
  Last step size used =    0.51820E+07
  Index compenent largest error = ********

 ...   69 / 257

 No. steps =      86   No. f-s =    1435   No. J-s =       2   No. LU-s =      20
  No. nonlinear iterations =      96
  No. nonlinear convergence failures =       0
  No. error test failures =       0
  Last step size used =    0.42852E+07
  Index compenent largest error = ********

 ...   70 / 257

 No. steps =      95   No. f-s =    1445   No. J-s =       2   No. LU-s =      21
  No. nonlinear iterations =     106
  No. nonlinear convergence failures =       0
  No. error test failures =       0
  Last step size used =    0.35139E+07
  Index compenent largest error = ********

 ...   71 / 257

 No. steps =      98   No. f-s =    1451   No. J-s =       2   No. LU-s =      22
  No. nonlinear iterations =     112
  No. nonlinear convergence failures =       0
  No. error test failures =       0
  Last step size used =    0.42883E+07
  Index compenent largest error = ********

 ...   72 / 257

 No. steps =     103   No. f-s =    1455   No. J-s =       2   No. LU-s =      22
  No. nonlinear iterations =     116
  No. nonlinear convergence failures =       0
  No. error test failures =       0
  Last step size used =    0.36876E+07
  Index compenent largest error = ********

 ...   73 / 257

 No. steps =     101   No. f-s =    1453   No. J-s =       2   No. LU-s =      22
  No. nonlinear iterations =     114
  No. nonlinear convergence failures =       0
  No. error test failures =       0
  Last step size used =    0.50271E+07
  Index compenent largest error = ********

 ...   74 / 257

 No. steps =      99   No. f-s =    1449   No. J-s =       2   No. LU-s =      22
  No. nonlinear iterations =     110
  No. nonlinear convergence failures =       0
  No. error test failures =       0
  Last step size used =    0.51978E+07
  Index compenent largest error = ********

 ...   75 / 257

 No. steps =      96   No. f-s =    1447   No. J-s =       2   No. LU-s =      23
  No. nonlinear iterations =     108
  No. nonlinear convergence failures =       0
  No. error test failures =       0
  Last step size used =    0.46523E+07
  Index compenent largest error = ********

 ...   76 / 257

 No. steps =      91   No. f-s =    1442   No. J-s =       2   No. LU-s =      22
  No. nonlinear iterations =     103
  No. nonlinear convergence failures =       0
  No. error test failures =       0
  Last step size used =    0.44675E+07
  Index compenent largest error = ********

 ...   77 / 257

 No. steps =      78   No. f-s =    1430   No. J-s =       2   No. LU-s =      21
  No. nonlinear iterations =      91
  No. nonlinear convergence failures =       0
  No. error test failures =       0
  Last step size used =    0.50280E+07
  Index compenent largest error = ********

 ...   78 / 257

 No. steps =      79   No. f-s =    1429   No. J-s =       2   No. LU-s =      19
  No. nonlinear iterations =      90
  No. nonlinear convergence failures =       0
  No. error test failures =       0
  Last step size used =    0.46076E+07
  Index compenent largest error = ********

 ...   79 / 257

 No. steps =      85   No. f-s =    1433   No. J-s =       2   No. LU-s =      20
  No. nonlinear iterations =      94
  No. nonlinear convergence failures =       0
  No. error test failures =       0
  Last step size used =    0.47532E+07
  Index compenent largest error = ********

 ...   80 / 257

 No. steps =      89   No. f-s =    1436   No. J-s =       2   No. LU-s =      20
  No. nonlinear iterations =      97
  No. nonlinear convergence failures =       0
  No. error test failures =       0
  Last step size used =    0.37607E+07
  Index compenent largest error = ********

 ...   81 / 257

 No. steps =      87   No. f-s =    1434   No. J-s =       2   No. LU-s =      21
  No. nonlinear iterations =      95
  No. nonlinear convergence failures =       0
  No. error test failures =       0
  Last step size used =    0.57298E+07
  Index compenent largest error = ********

 ...   82 / 257

 No. steps =      82   No. f-s =    1433   No. J-s =       2   No. LU-s =      21
  No. nonlinear iterations =      94
  No. nonlinear convergence failures =       0
  No. error test failures =       0
  Last step size used =    0.49561E+07
  Index compenent largest error = ********

 ...   83 / 257

 No. steps =      70   No. f-s =    1417   No. J-s =       2   No. LU-s =      19
  No. nonlinear iterations =      78
  No. nonlinear convergence failures =       0
  No. error test failures =       0
  Last step size used =    0.51517E+07
  Index compenent largest error = ********

 ...   84 / 257

 No. steps =      61   No. f-s =    1411   No. J-s =       2   No. LU-s =      20
  No. nonlinear iterations =      72
  No. nonlinear convergence failures =       0
  No. error test failures =       0
  Last step size used =    0.63317E+07
  Index compenent largest error = ********

 ...   85 / 257

 No. steps =      78   No. f-s =    1428   No. J-s =       2   No. LU-s =      19
  No. nonlinear iterations =      89
  No. nonlinear convergence failures =       0
  No. error test failures =       0
  Last step size used =    0.46482E+07
  Index compenent largest error = ********

 ...   86 / 257

 No. steps =      89   No. f-s =    1437   No. J-s =       2   No. LU-s =      21
  No. nonlinear iterations =      98
  No. nonlinear convergence failures =       0
  No. error test failures =       0
  Last step size used =    0.38221E+07
  Index compenent largest error = ********

 ...   87 / 257

 No. steps =      89   No. f-s =    1440   No. J-s =       2   No. LU-s =      22
  No. nonlinear iterations =     101
  No. nonlinear convergence failures =       0
  No. error test failures =       0
  Last step size used =    0.48378E+07
  Index compenent largest error = ********

 ...   88 / 257

 No. steps =      89   No. f-s =    1438   No. J-s =       2   No. LU-s =      21
  No. nonlinear iterations =      99
  No. nonlinear convergence failures =       0
  No. error test failures =       0
  Last step size used =    0.36451E+07
  Index compenent largest error = ********

 ...   89 / 257

 No. steps =      90   No. f-s =    1441   No. J-s =       2   No. LU-s =      21
  No. nonlinear iterations =     102
  No. nonlinear convergence failures =       0
  No. error test failures =       0
  Last step size used =    0.50033E+07
  Index compenent largest error = ********

 ...   90 / 257

 No. steps =      90   No. f-s =    1440   No. J-s =       2   No. LU-s =      21
  No. nonlinear iterations =     101
  No. nonlinear convergence failures =       0
  No. error test failures =       0
  Last step size used =    0.57476E+07
  Index compenent largest error = ********

 ...   91 / 257

 No. steps =      87   No. f-s =    1440   No. J-s =       2   No. LU-s =      21
  No. nonlinear iterations =     101
  No. nonlinear convergence failures =       0
  No. error test failures =       0
  Last step size used =    0.52299E+07
  Index compenent largest error = ********

 ...   92 / 257

 No. steps =      86   No. f-s =    1437   No. J-s =       2   No. LU-s =      20
  No. nonlinear iterations =      98
  No. nonlinear convergence failures =       0
  No. error test failures =       0
  Last step size used =    0.43722E+07
  Index compenent largest error = ********

 ...   93 / 257

 No. steps =      78   No. f-s =    1426   No. J-s =       2   No. LU-s =      21
  No. nonlinear iterations =      87
  No. nonlinear convergence failures =       0
  No. error test failures =       0
  Last step size used =    0.60811E+07
  Index compenent largest error = ********

 ...   94 / 257

 No. steps =      75   No. f-s =    1424   No. J-s =       2   No. LU-s =      19
  No. nonlinear iterations =      85
  No. nonlinear convergence failures =       0
  No. error test failures =       0
  Last step size used =    0.37395E+07
  Index compenent largest error = ********

 ...   95 / 257

 No. steps =      68   No. f-s =    1417   No. J-s =       2   No. LU-s =      20
  No. nonlinear iterations =      78
  No. nonlinear convergence failures =       0
  No. error test failures =       0
  Last step size used =    0.65533E+07
  Index compenent largest error = ********

 ...   96 / 257

 No. steps =      73   No. f-s =    1419   No. J-s =       2   No. LU-s =      20
  No. nonlinear iterations =      80
  No. nonlinear convergence failures =       0
  No. error test failures =       0
  Last step size used =    0.55162E+07
  Index compenent largest error = ********

 ...   97 / 257

 No. steps =      73   No. f-s =    1421   No. J-s =       2   No. LU-s =      19
  No. nonlinear iterations =      82
  No. nonlinear convergence failures =       0
  No. error test failures =       0
  Last step size used =    0.44172E+07
  Index compenent largest error = ********

 ...   98 / 257

 No. steps =      73   No. f-s =    1423   No. J-s =       2   No. LU-s =      18
  No. nonlinear iterations =      84
  No. nonlinear convergence failures =       0
  No. error test failures =       0
  Last step size used =    0.48349E+07
  Index compenent largest error = ********

 ...   99 / 257

 No. steps =      60   No. f-s =    1403   No. J-s =       2   No. LU-s =      18
  No. nonlinear iterations =      64
  No. nonlinear convergence failures =       0
  No. error test failures =       0
  Last step size used =    0.73589E+07
  Index compenent largest error = ********

 ...  100 / 257

 No. steps =      58   No. f-s =    1405   No. J-s =       2   No. LU-s =      18
  No. nonlinear iterations =      66
  No. nonlinear convergence failures =       0
  No. error test failures =       0
  Last step size used =    0.67826E+07
  Index compenent largest error = ********

 ...  101 / 257

 No. steps =      64   No. f-s =    1408   No. J-s =       2   No. LU-s =      19
  No. nonlinear iterations =      69
  No. nonlinear convergence failures =       0
  No. error test failures =       0
  Last step size used =    0.67011E+07
  Index compenent largest error = ********

 ...  102 / 257

 No. steps =      71   No. f-s =    1421   No. J-s =       2   No. LU-s =      19
  No. nonlinear iterations =      82
  No. nonlinear convergence failures =       0
  No. error test failures =       0
  Last step size used =    0.58380E+07
  Index compenent largest error = ********

 ...  103 / 257

 No. steps =      82   No. f-s =    1429   No. J-s =       2   No. LU-s =      21
  No. nonlinear iterations =      90
  No. nonlinear convergence failures =       0
  No. error test failures =       0
  Last step size used =    0.60149E+07
  Index compenent largest error = ********

 ...  104 / 257

 No. steps =      77   No. f-s =    1425   No. J-s =       2   No. LU-s =      19
  No. nonlinear iterations =      86
  No. nonlinear convergence failures =       0
  No. error test failures =       0
  Last step size used =    0.49833E+07
  Index compenent largest error = ********

 ...  105 / 257

 No. steps =      86   No. f-s =    1436   No. J-s =       2   No. LU-s =      21
  No. nonlinear iterations =      97
  No. nonlinear convergence failures =       0
  No. error test failures =       0
  Last step size used =    0.57464E+07
  Index compenent largest error = ********

 ...  106 / 257

 No. steps =      86   No. f-s =    1435   No. J-s =       2   No. LU-s =      21
  No. nonlinear iterations =      96
  No. nonlinear convergence failures =       0
  No. error test failures =       0
  Last step size used =    0.59480E+07
  Index compenent largest error = ********

 ...  107 / 257

 No. steps =      82   No. f-s =    1429   No. J-s =       2   No. LU-s =      20
  No. nonlinear iterations =      90
  No. nonlinear convergence failures =       0
  No. error test failures =       0
  Last step size used =    0.45876E+07
  Index compenent largest error = ********

 ...  108 / 257

 No. steps =      83   No. f-s =    1434   No. J-s =       2   No. LU-s =      20
  No. nonlinear iterations =      95
  No. nonlinear convergence failures =       0
  No. error test failures =       0
  Last step size used =    0.50198E+07
  Index compenent largest error = ********

 ...  109 / 257

 No. steps =      81   No. f-s =    1428   No. J-s =       2   No. LU-s =      20
  No. nonlinear iterations =      89
  No. nonlinear convergence failures =       0
  No. error test failures =       0
  Last step size used =    0.49063E+07
  Index compenent largest error = ********

 ...  110 / 257

 No. steps =      74   No. f-s =    1422   No. J-s =       2   No. LU-s =      20
  No. nonlinear iterations =      83
  No. nonlinear convergence failures =       0
  No. error test failures =       0
  Last step size used =    0.58457E+07
  Index compenent largest error = ********

 ...  111 / 257

 No. steps =      66   No. f-s =    1412   No. J-s =       2   No. LU-s =      18
  No. nonlinear iterations =      73
  No. nonlinear convergence failures =       0
  No. error test failures =       0
  Last step size used =    0.58166E+07
  Index compenent largest error = ********

 ...  112 / 257

 No. steps =      63   No. f-s =    1411   No. J-s =       2   No. LU-s =      17
  No. nonlinear iterations =      72
  No. nonlinear convergence failures =       0
  No. error test failures =       0
  Last step size used =    0.51174E+07
  Index compenent largest error = ********

 ...  113 / 257

 No. steps =      62   No. f-s =    1411   No. J-s =       2   No. LU-s =      17
  No. nonlinear iterations =      72
  No. nonlinear convergence failures =       0
  No. error test failures =       0
  Last step size used =    0.61617E+07
  Index compenent largest error = ********

 ...  114 / 257

 No. steps =      54   No. f-s =     734   No. J-s =       1   No. LU-s =      16
  No. nonlinear iterations =      63
  No. nonlinear convergence failures =       0
  No. error test failures =       0
  Last step size used =    0.57238E+07
  Index compenent largest error = ********

 ...  115 / 257

 No. steps =      55   No. f-s =    1403   No. J-s =       2   No. LU-s =      17
  No. nonlinear iterations =      64
  No. nonlinear convergence failures =       0
  No. error test failures =       0
  Last step size used =    0.11043E+08
  Index compenent largest error = ********

 ...  116 / 257

 No. steps =      66   No. f-s =    1415   No. J-s =       2   No. LU-s =      18
  No. nonlinear iterations =      76
  No. nonlinear convergence failures =       0
  No. error test failures =       0
  Last step size used =    0.59631E+07
  Index compenent largest error = ********

 ...  117 / 257

 No. steps =      67   No. f-s =    1414   No. J-s =       2   No. LU-s =      17
  No. nonlinear iterations =      75
  No. nonlinear convergence failures =       0
  No. error test failures =       0
  Last step size used =    0.68392E+07
  Index compenent largest error = ********

 ...  118 / 257

 No. steps =      65   No. f-s =    1416   No. J-s =       2   No. LU-s =      18
  No. nonlinear iterations =      77
  No. nonlinear convergence failures =       0
  No. error test failures =       0
  Last step size used =    0.45354E+07
  Index compenent largest error = ********

 ...  119 / 257

 No. steps =      74   No. f-s =    1421   No. J-s =       2   No. LU-s =      19
  No. nonlinear iterations =      82
  No. nonlinear convergence failures =       0
  No. error test failures =       0
  Last step size used =    0.61594E+07
  Index compenent largest error = ********

 ...  120 / 257

 No. steps =      71   No. f-s =    1419   No. J-s =       2   No. LU-s =      18
  No. nonlinear iterations =      80
  No. nonlinear convergence failures =       0
  No. error test failures =       0
  Last step size used =    0.61546E+07
  Index compenent largest error = ********

 ...  121 / 257

 No. steps =      76   No. f-s =    1424   No. J-s =       2   No. LU-s =      20
  No. nonlinear iterations =      85
  No. nonlinear convergence failures =       0
  No. error test failures =       0
  Last step size used =    0.43323E+07
  Index compenent largest error = ********

 ...  122 / 257

 No. steps =      74   No. f-s =    1420   No. J-s =       2   No. LU-s =      18
  No. nonlinear iterations =      81
  No. nonlinear convergence failures =       0
  No. error test failures =       0
  Last step size used =    0.51411E+07
  Index compenent largest error = ********

 ...  123 / 257

 No. steps =      74   No. f-s =    1422   No. J-s =       2   No. LU-s =      18
  No. nonlinear iterations =      83
  No. nonlinear convergence failures =       0
  No. error test failures =       0
  Last step size used =    0.48651E+07
  Index compenent largest error = ********

 ...  124 / 257

 No. steps =      74   No. f-s =    1424   No. J-s =       2   No. LU-s =      20
  No. nonlinear iterations =      85
  No. nonlinear convergence failures =       0
  No. error test failures =       0
  Last step size used =    0.63959E+07
  Index compenent largest error = ********

 ...  125 / 257

 No. steps =      73   No. f-s =    1422   No. J-s =       2   No. LU-s =      18
  No. nonlinear iterations =      83
  No. nonlinear convergence failures =       0
  No. error test failures =       0
  Last step size used =    0.49462E+07
  Index compenent largest error = ********

 ...  126 / 257

 No. steps =      72   No. f-s =    1418   No. J-s =       2   No. LU-s =      18
  No. nonlinear iterations =      79
  No. nonlinear convergence failures =       0
  No. error test failures =       0
  Last step size used =    0.57105E+07
  Index compenent largest error = ********

 ...  127 / 257

 No. steps =      73   No. f-s =    1424   No. J-s =       2   No. LU-s =      19
  No. nonlinear iterations =      85
  No. nonlinear convergence failures =       0
  No. error test failures =       0
  Last step size used =    0.47528E+07
  Index compenent largest error = ********

 ...  128 / 257

 No. steps =      72   No. f-s =    1421   No. J-s =       2   No. LU-s =      20
  No. nonlinear iterations =      82
  No. nonlinear convergence failures =       0
  No. error test failures =       0
  Last step size used =    0.73387E+07
  Index compenent largest error = ********

 ...  129 / 257

 No. steps =      75   No. f-s =    1423   No. J-s =       2   No. LU-s =      20
  No. nonlinear iterations =      84
  No. nonlinear convergence failures =       0
  No. error test failures =       0
  Last step size used =    0.65956E+07
  Index compenent largest error = ********

 ...  130 / 257

 No. steps =      63   No. f-s =    1411   No. J-s =       2   No. LU-s =      19
  No. nonlinear iterations =      72
  No. nonlinear convergence failures =       0
  No. error test failures =       0
  Last step size used =    0.57979E+07
  Index compenent largest error = ********

 ...  131 / 257

 No. steps =      55   No. f-s =    1403   No. J-s =       2   No. LU-s =      17
  No. nonlinear iterations =      64
  No. nonlinear convergence failures =       0
  No. error test failures =       0
  Last step size used =    0.73805E+07
  Index compenent largest error = ********

 ...  132 / 257

 No. steps =      65   No. f-s =    1416   No. J-s =       2   No. LU-s =      17
  No. nonlinear iterations =      77
  No. nonlinear convergence failures =       0
  No. error test failures =       0
  Last step size used =    0.50204E+07
  Index compenent largest error = ********

 ...  133 / 257

 No. steps =      63   No. f-s =    1411   No. J-s =       2   No. LU-s =      18
  No. nonlinear iterations =      72
  No. nonlinear convergence failures =       0
  No. error test failures =       0
  Last step size used =    0.53040E+07
  Index compenent largest error = ********

 ...  134 / 257

 No. steps =      64   No. f-s =    1414   No. J-s =       2   No. LU-s =      18
  No. nonlinear iterations =      75
  No. nonlinear convergence failures =       0
  No. error test failures =       0
  Last step size used =    0.58457E+07
  Index compenent largest error = ********

 ...  135 / 257

 No. steps =      70   No. f-s =    1416   No. J-s =       2   No. LU-s =      17
  No. nonlinear iterations =      77
  No. nonlinear convergence failures =       0
  No. error test failures =       0
  Last step size used =    0.47238E+07
  Index compenent largest error = ********

 ...  136 / 257

 No. steps =      70   No. f-s =    1417   No. J-s =       2   No. LU-s =      17
  No. nonlinear iterations =      78
  No. nonlinear convergence failures =       0
  No. error test failures =       0
  Last step size used =    0.46904E+07
  Index compenent largest error = ********

 ...  137 / 257

 No. steps =      69   No. f-s =    1416   No. J-s =       2   No. LU-s =      17
  No. nonlinear iterations =      77
  No. nonlinear convergence failures =       0
  No. error test failures =       0
  Last step size used =    0.49715E+07
  Index compenent largest error = ********

 ...  138 / 257

 No. steps =      71   No. f-s =    1418   No. J-s =       2   No. LU-s =      18
  No. nonlinear iterations =      79
  No. nonlinear convergence failures =       0
  No. error test failures =       0
  Last step size used =    0.51844E+07
  Index compenent largest error = ********

 ...  139 / 257

 No. steps =      75   No. f-s =    1423   No. J-s =       2   No. LU-s =      19
  No. nonlinear iterations =      84
  No. nonlinear convergence failures =       0
  No. error test failures =       0
  Last step size used =    0.43981E+07
  Index compenent largest error = ********

 ...  140 / 257

 No. steps =      71   No. f-s =    1418   No. J-s =       2   No. LU-s =      18
  No. nonlinear iterations =      79
  No. nonlinear convergence failures =       0
  No. error test failures =       0
  Last step size used =    0.53910E+07
  Index compenent largest error = ********

 ...  141 / 257

 No. steps =      68   No. f-s =    1415   No. J-s =       2   No. LU-s =      17
  No. nonlinear iterations =      76
  No. nonlinear convergence failures =       0
  No. error test failures =       0
  Last step size used =    0.56370E+07
  Index compenent largest error = ********

 ...  142 / 257

 No. steps =      71   No. f-s =    1418   No. J-s =       2   No. LU-s =      18
  No. nonlinear iterations =      79
  No. nonlinear convergence failures =       0
  No. error test failures =       0
  Last step size used =    0.58242E+07
  Index compenent largest error = ********

 ...  143 / 257

 No. steps =      69   No. f-s =    1416   No. J-s =       2   No. LU-s =      17
  No. nonlinear iterations =      77
  No. nonlinear convergence failures =       0
  No. error test failures =       0
  Last step size used =    0.52189E+07
  Index compenent largest error = ********

 ...  144 / 257

 No. steps =      65   No. f-s =    1412   No. J-s =       2   No. LU-s =      18
  No. nonlinear iterations =      73
  No. nonlinear convergence failures =       0
  No. error test failures =       0
  Last step size used =    0.71439E+07
  Index compenent largest error = ********

 ...  145 / 257

 No. steps =      65   No. f-s =    1412   No. J-s =       2   No. LU-s =      18
  No. nonlinear iterations =      73
  No. nonlinear convergence failures =       0
  No. error test failures =       0
  Last step size used =    0.71261E+07
  Index compenent largest error = ********

 ...  146 / 257

 No. steps =      69   No. f-s =    1416   No. J-s =       2   No. LU-s =      17
  No. nonlinear iterations =      77
  No. nonlinear convergence failures =       0
  No. error test failures =       0
  Last step size used =    0.50072E+07
  Index compenent largest error = ********

 ...  147 / 257

 No. steps =      67   No. f-s =    1415   No. J-s =       2   No. LU-s =      17
  No. nonlinear iterations =      76
  No. nonlinear convergence failures =       0
  No. error test failures =       0
  Last step size used =    0.63915E+07
  Index compenent largest error = ********

 ...  148 / 257

 No. steps =      65   No. f-s =    1412   No. J-s =       2   No. LU-s =      18
  No. nonlinear iterations =      73
  No. nonlinear convergence failures =       0
  No. error test failures =       0
  Last step size used =    0.71527E+07
  Index compenent largest error = ********

 ...  149 / 257

 No. steps =      69   No. f-s =    1417   No. J-s =       2   No. LU-s =      17
  No. nonlinear iterations =      78
  No. nonlinear convergence failures =       0
  No. error test failures =       0
  Last step size used =    0.51368E+07
  Index compenent largest error = ********

 ...  150 / 257

 No. steps =      70   No. f-s =    1416   No. J-s =       2   No. LU-s =      18
  No. nonlinear iterations =      77
  No. nonlinear convergence failures =       0
  No. error test failures =       0
  Last step size used =    0.60870E+07
  Index compenent largest error = ********

 ...  151 / 257

 No. steps =      67   No. f-s =    1414   No. J-s =       2   No. LU-s =      17
  No. nonlinear iterations =      75
  No. nonlinear convergence failures =       0
  No. error test failures =       0
  Last step size used =    0.64991E+07
  Index compenent largest error = ********

 ...  152 / 257

 No. steps =      67   No. f-s =    1414   No. J-s =       2   No. LU-s =      17
  No. nonlinear iterations =      75
  No. nonlinear convergence failures =       0
  No. error test failures =       0
  Last step size used =    0.65137E+07
  Index compenent largest error = ********

 ...  153 / 257

 No. steps =      64   No. f-s =    1413   No. J-s =       2   No. LU-s =      17
  No. nonlinear iterations =      74
  No. nonlinear convergence failures =       0
  No. error test failures =       0
  Last step size used =    0.73298E+07
  Index compenent largest error = ********

 ...  154 / 257

 No. steps =      62   No. f-s =    1410   No. J-s =       2   No. LU-s =      17
  No. nonlinear iterations =      71
  No. nonlinear convergence failures =       0
  No. error test failures =       0
  Last step size used =    0.55726E+07
  Index compenent largest error = ********

 ...  155 / 257

 No. steps =      67   No. f-s =    1415   No. J-s =       2   No. LU-s =      17
  No. nonlinear iterations =      76
  No. nonlinear convergence failures =       0
  No. error test failures =       0
  Last step size used =    0.62184E+07
  Index compenent largest error = ********

 ...  156 / 257

 No. steps =      62   No. f-s =    1412   No. J-s =       2   No. LU-s =      19
  No. nonlinear iterations =      73
  No. nonlinear convergence failures =       0
  No. error test failures =       0
  Last step size used =    0.98845E+07
  Index compenent largest error = ********

 ...  157 / 257

 No. steps =      67   No. f-s =    1415   No. J-s =       2   No. LU-s =      17
  No. nonlinear iterations =      76
  No. nonlinear convergence failures =       0
  No. error test failures =       0
  Last step size used =    0.62889E+07
  Index compenent largest error = ********

 ...  158 / 257

 No. steps =      68   No. f-s =    1417   No. J-s =       2   No. LU-s =      18
  No. nonlinear iterations =      78
  No. nonlinear convergence failures =       0
  No. error test failures =       0
  Last step size used =    0.84761E+07
  Index compenent largest error = ********

 ...  159 / 257

 No. steps =      66   No. f-s =    1413   No. J-s =       2   No. LU-s =      16
  No. nonlinear iterations =      74
  No. nonlinear convergence failures =       0
  No. error test failures =       0
  Last step size used =    0.43910E+07
  Index compenent largest error = ********

 ...  160 / 257

 No. steps =      69   No. f-s =    1418   No. J-s =       2   No. LU-s =      17
  No. nonlinear iterations =      79
  No. nonlinear convergence failures =       0
  No. error test failures =       0
  Last step size used =    0.48904E+07
  Index compenent largest error = ********

 ...  161 / 257

 No. steps =      71   No. f-s =    1419   No. J-s =       2   No. LU-s =      18
  No. nonlinear iterations =      80
  No. nonlinear convergence failures =       0
  No. error test failures =       0
  Last step size used =    0.47380E+07
  Index compenent largest error = ********

 ...  162 / 257

 No. steps =      67   No. f-s =    1414   No. J-s =       2   No. LU-s =      17
  No. nonlinear iterations =      75
  No. nonlinear convergence failures =       0
  No. error test failures =       0
  Last step size used =    0.65993E+07
  Index compenent largest error = ********

 ...  163 / 257

 No. steps =      64   No. f-s =    1412   No. J-s =       2   No. LU-s =      18
  No. nonlinear iterations =      73
  No. nonlinear convergence failures =       0
  No. error test failures =       0
  Last step size used =    0.80912E+07
  Index compenent largest error = ********

 ...  164 / 257

 No. steps =      66   No. f-s =    1413   No. J-s =       2   No. LU-s =      16
  No. nonlinear iterations =      74
  No. nonlinear convergence failures =       0
  No. error test failures =       0
  Last step size used =    0.46037E+07
  Index compenent largest error = ********

 ...  165 / 257

 No. steps =      64   No. f-s =    1411   No. J-s =       2   No. LU-s =      17
  No. nonlinear iterations =      72
  No. nonlinear convergence failures =       0
  No. error test failures =       0
  Last step size used =    0.54195E+07
  Index compenent largest error = ********

 ...  166 / 257

 No. steps =      65   No. f-s =    1412   No. J-s =       2   No. LU-s =      16
  No. nonlinear iterations =      73
  No. nonlinear convergence failures =       0
  No. error test failures =       0
  Last step size used =    0.48661E+07
  Index compenent largest error = ********

 ...  167 / 257

 No. steps =      62   No. f-s =    1410   No. J-s =       2   No. LU-s =      16
  No. nonlinear iterations =      71
  No. nonlinear convergence failures =       0
  No. error test failures =       0
  Last step size used =    0.49036E+07
  Index compenent largest error = ********

 ...  168 / 257

 No. steps =      65   No. f-s =    1412   No. J-s =       2   No. LU-s =      16
  No. nonlinear iterations =      73
  No. nonlinear convergence failures =       0
  No. error test failures =       0
  Last step size used =    0.49896E+07
  Index compenent largest error = ********

 ...  169 / 257

 No. steps =      68   No. f-s =    1417   No. J-s =       2   No. LU-s =      18
  No. nonlinear iterations =      78
  No. nonlinear convergence failures =       0
  No. error test failures =       0
  Last step size used =    0.90103E+07
  Index compenent largest error = ********

 ...  170 / 257

 No. steps =      69   No. f-s =    1414   No. J-s =       2   No. LU-s =      16
  No. nonlinear iterations =      75
  No. nonlinear convergence failures =       0
  No. error test failures =       0
  Last step size used =    0.46249E+07
  Index compenent largest error = ********

 ...  171 / 257

 No. steps =      61   No. f-s =    1409   No. J-s =       2   No. LU-s =      17
  No. nonlinear iterations =      70
  No. nonlinear convergence failures =       0
  No. error test failures =       0
  Last step size used =    0.72783E+07
  Index compenent largest error = ********

 ...  172 / 257

 No. steps =      69   No. f-s =    1417   No. J-s =       2   No. LU-s =      18
  No. nonlinear iterations =      78
  No. nonlinear convergence failures =       0
  No. error test failures =       0
  Last step size used =    0.54100E+07
  Index compenent largest error = ********

 ...  173 / 257

 No. steps =      66   No. f-s =    1413   No. J-s =       2   No. LU-s =      16
  No. nonlinear iterations =      74
  No. nonlinear convergence failures =       0
  No. error test failures =       0
  Last step size used =    0.46712E+07
  Index compenent largest error = ********

 ...  174 / 257

 No. steps =      61   No. f-s =    1409   No. J-s =       2   No. LU-s =      17
  No. nonlinear iterations =      70
  No. nonlinear convergence failures =       0
  No. error test failures =       0
  Last step size used =    0.75387E+07
  Index compenent largest error = ********

 ...  175 / 257

 No. steps =      64   No. f-s =    1411   No. J-s =       2   No. LU-s =      16
  No. nonlinear iterations =      72
  No. nonlinear convergence failures =       0
  No. error test failures =       0
  Last step size used =    0.54707E+07
  Index compenent largest error = ********

 ...  176 / 257

 No. steps =      65   No. f-s =    1411   No. J-s =       2   No. LU-s =      16
  No. nonlinear iterations =      72
  No. nonlinear convergence failures =       0
  No. error test failures =       0
  Last step size used =    0.49667E+07
  Index compenent largest error = ********

 ...  177 / 257

 No. steps =      64   No. f-s =    1412   No. J-s =       2   No. LU-s =      16
  No. nonlinear iterations =      73
  No. nonlinear convergence failures =       0
  No. error test failures =       0
  Last step size used =    0.46184E+07
  Index compenent largest error = ********

 ...  178 / 257

 No. steps =      64   No. f-s =    1410   No. J-s =       2   No. LU-s =      16
  No. nonlinear iterations =      71
  No. nonlinear convergence failures =       0
  No. error test failures =       0
  Last step size used =    0.56465E+07
  Index compenent largest error = ********

 ...  179 / 257

 No. steps =      62   No. f-s =    1408   No. J-s =       2   No. LU-s =      16
  No. nonlinear iterations =      69
  No. nonlinear convergence failures =       0
  No. error test failures =       0
  Last step size used =    0.48098E+07
  Index compenent largest error = ********

 ...  180 / 257

 No. steps =      65   No. f-s =    1411   No. J-s =       2   No. LU-s =      16
  No. nonlinear iterations =      72
  No. nonlinear convergence failures =       0
  No. error test failures =       0
  Last step size used =    0.52159E+07
  Index compenent largest error = ********

 ...  181 / 257

 No. steps =      67   No. f-s =    1411   No. J-s =       2   No. LU-s =      17
  No. nonlinear iterations =      72
  No. nonlinear convergence failures =       0
  No. error test failures =       0
  Last step size used =    0.72710E+07
  Index compenent largest error = ********

 ...  182 / 257

 No. steps =      61   No. f-s =    1409   No. J-s =       2   No. LU-s =      16
  No. nonlinear iterations =      70
  No. nonlinear convergence failures =       0
  No. error test failures =       0
  Last step size used =    0.49719E+07
  Index compenent largest error = ********

 ...  183 / 257

 No. steps =      62   No. f-s =    1408   No. J-s =       2   No. LU-s =      16
  No. nonlinear iterations =      69
  No. nonlinear convergence failures =       0
  No. error test failures =       0
  Last step size used =    0.59419E+07
  Index compenent largest error = ********

 ...  184 / 257

 No. steps =      64   No. f-s =    1410   No. J-s =       2   No. LU-s =      16
  No. nonlinear iterations =      71
  No. nonlinear convergence failures =       0
  No. error test failures =       0
  Last step size used =    0.56812E+07
  Index compenent largest error = ********

 ...  185 / 257

 No. steps =      59   No. f-s =    1404   No. J-s =       2   No. LU-s =      17
  No. nonlinear iterations =      65
  No. nonlinear convergence failures =       0
  No. error test failures =       0
  Last step size used =    0.55157E+07
  Index compenent largest error = ********

 ...  186 / 257

 No. steps =      61   No. f-s =    1410   No. J-s =       2   No. LU-s =      16
  No. nonlinear iterations =      71
  No. nonlinear convergence failures =       0
  No. error test failures =       0
  Last step size used =    0.48684E+07
  Index compenent largest error = ********

 ...  187 / 257

 No. steps =      61   No. f-s =    1409   No. J-s =       2   No. LU-s =      16
  No. nonlinear iterations =      70
  No. nonlinear convergence failures =       0
  No. error test failures =       0
  Last step size used =    0.61667E+07
  Index compenent largest error = ********

 ...  188 / 257

 No. steps =      59   No. f-s =    1407   No. J-s =       2   No. LU-s =      18
  No. nonlinear iterations =      68
  No. nonlinear convergence failures =       0
  No. error test failures =       0
  Last step size used =    0.75775E+07
  Index compenent largest error = ********

 ...  189 / 257

 No. steps =      64   No. f-s =    1410   No. J-s =       2   No. LU-s =      16
  No. nonlinear iterations =      71
  No. nonlinear convergence failures =       0
  No. error test failures =       0
  Last step size used =    0.55203E+07
  Index compenent largest error = ********

 ...  190 / 257

 No. steps =      58   No. f-s =    1407   No. J-s =       2   No. LU-s =      17
  No. nonlinear iterations =      68
  No. nonlinear convergence failures =       0
  No. error test failures =       0
  Last step size used =    0.64290E+07
  Index compenent largest error = ********

 ...  191 / 257

 No. steps =      64   No. f-s =    1410   No. J-s =       2   No. LU-s =      16
  No. nonlinear iterations =      71
  No. nonlinear convergence failures =       0
  No. error test failures =       0
  Last step size used =    0.55359E+07
  Index compenent largest error = ********

 ...  192 / 257

 No. steps =      64   No. f-s =    1410   No. J-s =       2   No. LU-s =      16
  No. nonlinear iterations =      71
  No. nonlinear convergence failures =       0
  No. error test failures =       0
  Last step size used =    0.53765E+07
  Index compenent largest error = ********

 ...  193 / 257

 No. steps =      61   No. f-s =    1409   No. J-s =       2   No. LU-s =      16
  No. nonlinear iterations =      70
  No. nonlinear convergence failures =       0
  No. error test failures =       0
  Last step size used =    0.61190E+07
  Index compenent largest error = ********

 ...  194 / 257

 No. steps =      59   No. f-s =    1408   No. J-s =       2   No. LU-s =      17
  No. nonlinear iterations =      69
  No. nonlinear convergence failures =       0
  No. error test failures =       0
  Last step size used =    0.83680E+07
  Index compenent largest error = ********

 ...  195 / 257

 No. steps =      59   No. f-s =    1405   No. J-s =       2   No. LU-s =      17
  No. nonlinear iterations =      66
  No. nonlinear convergence failures =       0
  No. error test failures =       0
  Last step size used =    0.59911E+07
  Index compenent largest error = ********

 ...  196 / 257

 No. steps =      59   No. f-s =    1405   No. J-s =       2   No. LU-s =      17
  No. nonlinear iterations =      66
  No. nonlinear convergence failures =       0
  No. error test failures =       0
  Last step size used =    0.60675E+07
  Index compenent largest error = ********

 ...  197 / 257

 No. steps =      64   No. f-s =    1409   No. J-s =       2   No. LU-s =      17
  No. nonlinear iterations =      70
  No. nonlinear convergence failures =       0
  No. error test failures =       0
  Last step size used =    0.55284E+07
  Index compenent largest error = ********

 ...  198 / 257

 No. steps =      59   No. f-s =    1407   No. J-s =       2   No. LU-s =      17
  No. nonlinear iterations =      68
  No. nonlinear convergence failures =       0
  No. error test failures =       0
  Last step size used =    0.86912E+07
  Index compenent largest error = ********

 ...  199 / 257

 No. steps =      57   No. f-s =    1406   No. J-s =       2   No. LU-s =      17
  No. nonlinear iterations =      67
  No. nonlinear convergence failures =       0
  No. error test failures =       0
  Last step size used =    0.69192E+07
  Index compenent largest error = ********

 ...  200 / 257

 No. steps =      62   No. f-s =    1408   No. J-s =       2   No. LU-s =      16
  No. nonlinear iterations =      69
  No. nonlinear convergence failures =       0
  No. error test failures =       0
  Last step size used =    0.63634E+07
  Index compenent largest error = ********

 ...  201 / 257

 No. steps =      64   No. f-s =    1409   No. J-s =       2   No. LU-s =      16
  No. nonlinear iterations =      70
  No. nonlinear convergence failures =       0
  No. error test failures =       0
  Last step size used =    0.56219E+07
  Index compenent largest error = ********

 ...  202 / 257

 No. steps =      63   No. f-s =    1409   No. J-s =       2   No. LU-s =      17
  No. nonlinear iterations =      70
  No. nonlinear convergence failures =       0
  No. error test failures =       0
  Last step size used =    0.67662E+07
  Index compenent largest error = ********

 ...  203 / 257

 No. steps =      65   No. f-s =    1410   No. J-s =       2   No. LU-s =      16
  No. nonlinear iterations =      71
  No. nonlinear convergence failures =       0
  No. error test failures =       0
  Last step size used =    0.48203E+07
  Index compenent largest error = ********

 ...  204 / 257

 No. steps =      61   No. f-s =    1408   No. J-s =       2   No. LU-s =      16
  No. nonlinear iterations =      69
  No. nonlinear convergence failures =       0
  No. error test failures =       0
  Last step size used =    0.56671E+07
  Index compenent largest error = ********

 ...  205 / 257

 No. steps =      58   No. f-s =    1403   No. J-s =       2   No. LU-s =      17
  No. nonlinear iterations =      64
  No. nonlinear convergence failures =       0
  No. error test failures =       0
  Last step size used =    0.67642E+07
  Index compenent largest error = ********

 ...  206 / 257

 No. steps =      52   No. f-s =     733   No. J-s =       1   No. LU-s =      16
  No. nonlinear iterations =      62
  No. nonlinear convergence failures =       0
  No. error test failures =       0
  Last step size used =    0.65038E+07
  Index compenent largest error = ********

 ...  207 / 257

 No. steps =      60   No. f-s =    1408   No. J-s =       2   No. LU-s =      16
  No. nonlinear iterations =      69
  No. nonlinear convergence failures =       0
  No. error test failures =       0
  Last step size used =    0.66443E+07
  Index compenent largest error = ********

 ...  208 / 257

 No. steps =      58   No. f-s =    1407   No. J-s =       2   No. LU-s =      17
  No. nonlinear iterations =      68
  No. nonlinear convergence failures =       0
  No. error test failures =       0
  Last step size used =    0.89195E+07
  Index compenent largest error = ********

 ...  209 / 257

 No. steps =      58   No. f-s =    1404   No. J-s =       2   No. LU-s =      17
  No. nonlinear iterations =      65
  No. nonlinear convergence failures =       0
  No. error test failures =       0
  Last step size used =    0.63956E+07
  Index compenent largest error = ********

 ...  210 / 257

 No. steps =      58   No. f-s =    1406   No. J-s =       2   No. LU-s =      17
  No. nonlinear iterations =      67
  No. nonlinear convergence failures =       0
  No. error test failures =       0
  Last step size used =    0.90095E+07
  Index compenent largest error = ********

 ...  211 / 257

 No. steps =      59   No. f-s =    1407   No. J-s =       2   No. LU-s =      16
  No. nonlinear iterations =      68
  No. nonlinear convergence failures =       0
  No. error test failures =       0
  Last step size used =    0.68738E+07
  Index compenent largest error = ********

 ...  212 / 257

 No. steps =      61   No. f-s =    1408   No. J-s =       2   No. LU-s =      16
  No. nonlinear iterations =      69
  No. nonlinear convergence failures =       0
  No. error test failures =       0
  Last step size used =    0.58035E+07
  Index compenent largest error = ********

 ...  213 / 257

 No. steps =      60   No. f-s =    1408   No. J-s =       2   No. LU-s =      16
  No. nonlinear iterations =      69
  No. nonlinear convergence failures =       0
  No. error test failures =       0
  Last step size used =    0.66958E+07
  Index compenent largest error = ********

 ...  214 / 257

 No. steps =      62   No. f-s =    1408   No. J-s =       2   No. LU-s =      17
  No. nonlinear iterations =      69
  No. nonlinear convergence failures =       0
  No. error test failures =       0
  Last step size used =    0.86742E+07
  Index compenent largest error = ********

 ...  215 / 257

 No. steps =      51   No. f-s =     728   No. J-s =       1   No. LU-s =      16
  No. nonlinear iterations =      57
  No. nonlinear convergence failures =       0
  No. error test failures =       0
  Last step size used =    0.58534E+07
  Index compenent largest error = ********

 ...  216 / 257

 No. steps =      59   No. f-s =    1407   No. J-s =       2   No. LU-s =      16
  No. nonlinear iterations =      68
  No. nonlinear convergence failures =       0
  No. error test failures =       0
  Last step size used =    0.71541E+07
  Index compenent largest error = ********

 ...  217 / 257

 No. steps =      60   No. f-s =    1408   No. J-s =       2   No. LU-s =      16
  No. nonlinear iterations =      69
  No. nonlinear convergence failures =       0
  No. error test failures =       0
  Last step size used =    0.67699E+07
  Index compenent largest error = ********

 ...  218 / 257

 No. steps =      59   No. f-s =    1407   No. J-s =       2   No. LU-s =      16
  No. nonlinear iterations =      68
  No. nonlinear convergence failures =       0
  No. error test failures =       0
  Last step size used =    0.70394E+07
  Index compenent largest error = ********

 ...  219 / 257

 No. steps =      62   No. f-s =    1408   No. J-s =       2   No. LU-s =      17
  No. nonlinear iterations =      69
  No. nonlinear convergence failures =       0
  No. error test failures =       0
  Last step size used =    0.85877E+07
  Index compenent largest error = ********

 ...  220 / 257

 No. steps =      58   No. f-s =    1405   No. J-s =       2   No. LU-s =      16
  No. nonlinear iterations =      66
  No. nonlinear convergence failures =       0
  No. error test failures =       0
  Last step size used =    0.54253E+07
  Index compenent largest error = ********

 ...  221 / 257

 No. steps =      62   No. f-s =    1408   No. J-s =       2   No. LU-s =      17
  No. nonlinear iterations =      69
  No. nonlinear convergence failures =       0
  No. error test failures =       0
  Last step size used =    0.89330E+07
  Index compenent largest error = ********

 ...  222 / 257

 No. steps =      53   No. f-s =     733   No. J-s =       1   No. LU-s =      16
  No. nonlinear iterations =      62
  No. nonlinear convergence failures =       0
  No. error test failures =       0
  Last step size used =    0.51994E+07
  Index compenent largest error = ********

 ...  223 / 257

 No. steps =      51   No. f-s =     731   No. J-s =       1   No. LU-s =      17
  No. nonlinear iterations =      60
  No. nonlinear convergence failures =       0
  No. error test failures =       0
  Last step size used =    0.98593E+07
  Index compenent largest error = ********

 ...  224 / 257

 No. steps =      48   No. f-s =     728   No. J-s =       1   No. LU-s =      15
  No. nonlinear iterations =      57
  No. nonlinear convergence failures =       0
  No. error test failures =       0
  Last step size used =    0.75577E+07
  Index compenent largest error = ********

 ...  225 / 257

 No. steps =      60   No. f-s =    1407   No. J-s =       2   No. LU-s =      16
  No. nonlinear iterations =      68
  No. nonlinear convergence failures =       0
  No. error test failures =       0
  Last step size used =    0.63214E+07
  Index compenent largest error = ********

 ...  226 / 257

 No. steps =      57   No. f-s =    1404   No. J-s =       2   No. LU-s =      16
  No. nonlinear iterations =      65
  No. nonlinear convergence failures =       0
  No. error test failures =       0
  Last step size used =    0.58163E+07
  Index compenent largest error = ********

 ...  227 / 257

 No. steps =      59   No. f-s =    1407   No. J-s =       2   No. LU-s =      16
  No. nonlinear iterations =      68
  No. nonlinear convergence failures =       0
  No. error test failures =       0
  Last step size used =    0.69146E+07
  Index compenent largest error = ********

 ...  228 / 257

 No. steps =      57   No. f-s =    1404   No. J-s =       2   No. LU-s =      16
  No. nonlinear iterations =      65
  No. nonlinear convergence failures =       0
  No. error test failures =       0
  Last step size used =    0.61137E+07
  Index compenent largest error = ********

 ...  229 / 257

 No. steps =      58   No. f-s =    1406   No. J-s =       2   No. LU-s =      16
  No. nonlinear iterations =      67
  No. nonlinear convergence failures =       0
  No. error test failures =       0
  Last step size used =    0.65110E+07
  Index compenent largest error = ********

 ...  230 / 257

 No. steps =      62   No. f-s =    1408   No. J-s =       2   No. LU-s =      17
  No. nonlinear iterations =      69
  No. nonlinear convergence failures =       0
  No. error test failures =       0
  Last step size used =    0.91609E+07
  Index compenent largest error = ********

 ...  231 / 257

 No. steps =      62   No. f-s =    1408   No. J-s =       2   No. LU-s =      17
  No. nonlinear iterations =      69
  No. nonlinear convergence failures =       0
  No. error test failures =       0
  Last step size used =    0.92120E+07
  Index compenent largest error = ********

 ...  232 / 257

 No. steps =      55   No. f-s =    1400   No. J-s =       2   No. LU-s =      16
  No. nonlinear iterations =      61
  No. nonlinear convergence failures =       0
  No. error test failures =       0
  Last step size used =    0.63836E+07
  Index compenent largest error = ********

 ...  233 / 257

 No. steps =      57   No. f-s =    1404   No. J-s =       2   No. LU-s =      16
  No. nonlinear iterations =      65
  No. nonlinear convergence failures =       0
  No. error test failures =       0
  Last step size used =    0.60058E+07
  Index compenent largest error = ********

 ...  234 / 257

 No. steps =      51   No. f-s =     728   No. J-s =       1   No. LU-s =      15
  No. nonlinear iterations =      57
  No. nonlinear convergence failures =       0
  No. error test failures =       0
  Last step size used =    0.64733E+07
  Index compenent largest error = ********

 ...  235 / 257

 No. steps =      51   No. f-s =     727   No. J-s =       1   No. LU-s =      16
  No. nonlinear iterations =      56
  No. nonlinear convergence failures =       0
  No. error test failures =       0
  Last step size used =    0.10330E+08
  Index compenent largest error = ********

 ...  236 / 257

 No. steps =      58   No. f-s =    1405   No. J-s =       2   No. LU-s =      16
  No. nonlinear iterations =      66
  No. nonlinear convergence failures =       0
  No. error test failures =       0
  Last step size used =    0.57733E+07
  Index compenent largest error = ********

 ...  237 / 257

 No. steps =      58   No. f-s =    1406   No. J-s =       2   No. LU-s =      16
  No. nonlinear iterations =      67
  No. nonlinear convergence failures =       0
  No. error test failures =       0
  Last step size used =    0.69718E+07
  Index compenent largest error = ********

 ...  238 / 257

 No. steps =      55   No. f-s =    1402   No. J-s =       2   No. LU-s =      15
  No. nonlinear iterations =      63
  No. nonlinear convergence failures =       0
  No. error test failures =       0
  Last step size used =    0.82446E+07
  Index compenent largest error = ********

 ...  239 / 257

 No. steps =      53   No. f-s =     730   No. J-s =       1   No. LU-s =      14
  No. nonlinear iterations =      59
  No. nonlinear convergence failures =       0
  No. error test failures =       0
  Last step size used =    0.50273E+07
  Index compenent largest error = ********

 ...  240 / 257

 No. steps =      59   No. f-s =    1407   No. J-s =       2   No. LU-s =      16
  No. nonlinear iterations =      68
  No. nonlinear convergence failures =       0
  No. error test failures =       0
  Last step size used =    0.66424E+07
  Index compenent largest error = ********

 ...  241 / 257

 No. steps =      63   No. f-s =    1409   No. J-s =       2   No. LU-s =      15
  No. nonlinear iterations =      70
  No. nonlinear convergence failures =       0
  No. error test failures =       0
  Last step size used =    0.45807E+07
  Index compenent largest error = ********

 ...  242 / 257

 No. steps =      57   No. f-s =    1405   No. J-s =       2   No. LU-s =      15
  No. nonlinear iterations =      66
  No. nonlinear convergence failures =       0
  No. error test failures =       0
  Last step size used =    0.47928E+07
  Index compenent largest error = ********

 ...  243 / 257

 No. steps =      52   No. f-s =     728   No. J-s =       1   No. LU-s =      15
  No. nonlinear iterations =      57
  No. nonlinear convergence failures =       0
  No. error test failures =       0
  Last step size used =    0.87202E+07
  Index compenent largest error = ********

 ...  244 / 257

 No. steps =      56   No. f-s =     733   No. J-s =       1   No. LU-s =      16
  No. nonlinear iterations =      62
  No. nonlinear convergence failures =       0
  No. error test failures =       0
  Last step size used =    0.50163E+07
  Index compenent largest error = ********

 ...  245 / 257

 No. steps =      52   No. f-s =     728   No. J-s =       1   No. LU-s =      16
  No. nonlinear iterations =      57
  No. nonlinear convergence failures =       0
  No. error test failures =       0
  Last step size used =    0.96137E+07
  Index compenent largest error = ********

 ...  246 / 257

 No. steps =      51   No. f-s =     729   No. J-s =       1   No. LU-s =      15
  No. nonlinear iterations =      58
  No. nonlinear convergence failures =       0
  No. error test failures =       0
  Last step size used =    0.57343E+07
  Index compenent largest error = ********

 ...  247 / 257

 No. steps =      55   No. f-s =    1399   No. J-s =       2   No. LU-s =      14
  No. nonlinear iterations =      60
  No. nonlinear convergence failures =       0
  No. error test failures =       0
  Last step size used =    0.56934E+07
  Index compenent largest error = ********

 ...  248 / 257

 No. steps =      57   No. f-s =    1404   No. J-s =       2   No. LU-s =      16
  No. nonlinear iterations =      65
  No. nonlinear convergence failures =       0
  No. error test failures =       0
  Last step size used =    0.62407E+07
  Index compenent largest error = ********

 ...  249 / 257

 No. steps =      54   No. f-s =    1402   No. J-s =       2   No. LU-s =      15
  No. nonlinear iterations =      63
  No. nonlinear convergence failures =       0
  No. error test failures =       0
  Last step size used =    0.89636E+07
  Index compenent largest error = ********

 ...  250 / 257

 No. steps =      54   No. f-s =    1402   No. J-s =       2   No. LU-s =      15
  No. nonlinear iterations =      63
  No. nonlinear convergence failures =       0
  No. error test failures =       0
  Last step size used =    0.93565E+07
  Index compenent largest error = ********

 ...  251 / 257

 No. steps =      56   No. f-s =    1403   No. J-s =       2   No. LU-s =      16
  No. nonlinear iterations =      64
  No. nonlinear convergence failures =       0
  No. error test failures =       0
  Last step size used =    0.62193E+07
  Index compenent largest error = ********

 ...  252 / 257

 No. steps =      60   No. f-s =    1405   No. J-s =       2   No. LU-s =      16
  No. nonlinear iterations =      66
  No. nonlinear convergence failures =       0
  No. error test failures =       0
  Last step size used =    0.66840E+07
  Index compenent largest error = ********

 ...  253 / 257

 No. steps =      57   No. f-s =    1405   No. J-s =       2   No. LU-s =      15
  No. nonlinear iterations =      66
  No. nonlinear convergence failures =       0
  No. error test failures =       0
  Last step size used =    0.51635E+07
  Index compenent largest error = ********

 ...  254 / 257

 No. steps =      51   No. f-s =     729   No. J-s =       1   No. LU-s =      15
  No. nonlinear iterations =      58
  No. nonlinear convergence failures =       0
  No. error test failures =       0
  Last step size used =    0.61706E+07
  Index compenent largest error = ********

 ...  255 / 257

 No. steps =      54   No. f-s =    1398   No. J-s =       2   No. LU-s =      16
  No. nonlinear iterations =      59
  No. nonlinear convergence failures =       0
  No. error test failures =       0
  Last step size used =    0.87776E+07
  Index compenent largest error = ********

 ...  256 / 257

 No. steps =      54   No. f-s =    1398   No. J-s =       2   No. LU-s =      16
  No. nonlinear iterations =      59
  No. nonlinear convergence failures =       0
  No. error test failures =       0
  Last step size used =    0.87527E+07
  Index compenent largest error = ********

 ...  257 / 257

 No. steps =      52   No. f-s =     729   No. J-s =       1   No. LU-s =      14
  No. nonlinear iterations =      58
  No. nonlinear convergence failures =       0
  No. error test failures =       0
  Last step size used =    0.54151E+07
  Index compenent largest error = ********


    ... DONE!
 +++++++++++++++++++++++++++++++++++++++++++++++++++


+------------------ Job Report: 10461700 (COMPLETED) ------------------+
| Memory (RAM)  [                    ]  0.1% (1 MB peak / 1 GB)        |
| CPU           [#############       ] 68.2% average                   |
| Time          [>                   ]  2.4% (0-00:01:28 / 0-01:00:00) |
|                                                                      |
| Lustre Filesystem:                                                   |
|   Path    Total Read    Total Write    Total IOPS                    |
|   ------  ------------  -------------  ------------                  |
|   /apps   0 B           0 B            199                           |
|   /fred   24 KB         119.7 MB       10 K                          |
|                                                                      |
| Warnings:                                                            |
|   - Too much memory requested                                        |
|   - CPU usage is low                                                 |
|   - Too much time requested                                          |
+----------------------------------------------------------------------+
