Starting job 10175762, array task 451 on dave9
Chemistry type: Orich
Analysis mode: false
Found 462 valid particle IDs in /fred/oz304/beckers/Chemistry/traces/wind_v10/trace_output_with_av
Returning 460 particle IDs (after start_index=2 offset)
SLURM task 451: processing particle 4059316
Running Orich evolving_model on 1 phantom particle trace(s) from wind_v10

 +++++++++++++++++++++++++++++++++++++++++++++++++++
 +++++        ENVELOPE CHEMICAL MODEL         ++++++
 +++++++++++++++++++++++++++++++++++++++++++++++++++

 Version 1.0 authored by Catherine Walsh and Maria 
    Drozdovskaya, Leiden Observatory (01/08/2013)

 Version 1.1 amended by Catherine Walsh (18/05/2014)

 Version 1.2 amended by Catherine Walsh (13/08/2015)

 +++++++++++++++++++++++++++++++++++++++++++++++++++

          Input file =  Orich/param/trace_file_param/file_parameters_4059316.txt              

 Physical conditions  = Orich/input/4059316.txt                                               
 Chemical network     = ./rate12_complex.rates                                                
 Species file         = ./rate12_complex_atomic_Orich.specs                                   
 Binding energies     = ./rate12_binding.dat                                                  
 Reaction parameters  = param/reaction_parameters.txt                                         
 Grain parameters     = param/grain_parameters.txt                                            
 Radiation parameters = param/radiation_parameters.txt                                        

 Output file          = Orich/output/model_output_4059316.dat                                 
 Rates file           = Orich/output/model_rates_4059316.dat                                  

 Opening and reading physical conditions file ...

 +++++++++++++++++++++++++++++++++++++++++++++++++++
 Beginning to run model ...
 +++++++++++++++++++++++++++++++++++++++++++++++++++

 Preparing output files ...

 Progress = ...
 ...    1 /  29

 No. steps =    1149   No. f-s =   17047   No. J-s =      23   No. LU-s =     187
  No. nonlinear iterations =    1682
  No. nonlinear convergence failures =       0
  No. error test failures =      61
  Last step size used =    0.14999E+10
  Index compenent largest error = ********

 ...    2 /  29

 No. steps =      99   No. f-s =    1454   No. J-s =       2   No. LU-s =      17
  No. nonlinear iterations =     115
  No. nonlinear convergence failures =       0
  No. error test failures =       0
  Last step size used =    0.26044E+07
  Index compenent largest error = ********

 ...    3 /  29

 No. steps =      93   No. f-s =    1449   No. J-s =       2   No. LU-s =      17
  No. nonlinear iterations =     110
  No. nonlinear convergence failures =       0
  No. error test failures =       0
  Last step size used =    0.34639E+07
  Index compenent largest error = ********

 ...    4 /  29

 No. steps =      86   No. f-s =    1440   No. J-s =       2   No. LU-s =      15
  No. nonlinear iterations =     101
  No. nonlinear convergence failures =       0
  No. error test failures =       0
  Last step size used =    0.29924E+07
  Index compenent largest error = ********

 ...    5 /  29

 No. steps =      71   No. f-s =    1421   No. J-s =       2   No. LU-s =      14
  No. nonlinear iterations =      82
  No. nonlinear convergence failures =       0
  No. error test failures =       0
  Last step size used =    0.26780E+07
  Index compenent largest error = ********

 ...    6 /  29

 No. steps =      65   No. f-s =    1415   No. J-s =       2   No. LU-s =      15
  No. nonlinear iterations =      76
  No. nonlinear convergence failures =       0
  No. error test failures =       0
  Last step size used =    0.46438E+07
  Index compenent largest error = ********

 ...    7 /  29

 No. steps =      61   No. f-s =    1408   No. J-s =       2   No. LU-s =      13
  No. nonlinear iterations =      69
  No. nonlinear convergence failures =       0
  No. error test failures =       0
  Last step size used =    0.33338E+07
  Index compenent largest error = ********

 ...    8 /  29

 No. steps =      57   No. f-s =    1405   No. J-s =       2   No. LU-s =      12
  No. nonlinear iterations =      66
  No. nonlinear convergence failures =       0
  No. error test failures =       0
  Last step size used =    0.41557E+07
  Index compenent largest error = ********

 ...    9 /  29

 No. steps =      51   No. f-s =     728   No. J-s =       1   No. LU-s =      10
  No. nonlinear iterations =      57
  No. nonlinear convergence failures =       0
  No. error test failures =       0
  Last step size used =    0.35361E+07
  Index compenent largest error = ********

 ...   10 /  29

 No. steps =      49   No. f-s =     725   No. J-s =       1   No. LU-s =       9
  No. nonlinear iterations =      54
  No. nonlinear convergence failures =       0
  No. error test failures =       0
  Last step size used =    0.34939E+07
  Index compenent largest error = ********

 ...   11 /  29

 No. steps =      48   No. f-s =     725   No. J-s =       1   No. LU-s =       9
  No. nonlinear iterations =      54
  No. nonlinear convergence failures =       0
  No. error test failures =       0
  Last step size used =    0.28537E+07
  Index compenent largest error = ********

 ...   12 /  29

 No. steps =      46   No. f-s =     725   No. J-s =       1   No. LU-s =      10
  No. nonlinear iterations =      54
  No. nonlinear convergence failures =       0
  No. error test failures =       0
  Last step size used =    0.35957E+07
  Index compenent largest error = ********

 ...   13 /  29

 No. steps =      46   No. f-s =     724   No. J-s =       1   No. LU-s =      10
  No. nonlinear iterations =      53
  No. nonlinear convergence failures =       0
  No. error test failures =       0
  Last step size used =    0.35594E+07
  Index compenent largest error = ********

 ...   14 /  29

 No. steps =      45   No. f-s =     722   No. J-s =       1   No. LU-s =      10
  No. nonlinear iterations =      51
  No. nonlinear convergence failures =       0
  No. error test failures =       0
  Last step size used =    0.39853E+07
  Index compenent largest error = ********

 ...   15 /  29

 No. steps =      45   No. f-s =     721   No. J-s =       1   No. LU-s =       9
  No. nonlinear iterations =      50
  No. nonlinear convergence failures =       0
  No. error test failures =       0
  Last step size used =    0.39018E+07
  Index compenent largest error = ********

 ...   16 /  29

 No. steps =      43   No. f-s =     719   No. J-s =       1   No. LU-s =       9
  No. nonlinear iterations =      48
  No. nonlinear convergence failures =       0
  No. error test failures =       0
  Last step size used =    0.37710E+07
  Index compenent largest error = ********

 ...   17 /  29

 No. steps =      43   No. f-s =     719   No. J-s =       1   No. LU-s =       9
  No. nonlinear iterations =      48
  No. nonlinear convergence failures =       0
  No. error test failures =       0
  Last step size used =    0.45498E+07
  Index compenent largest error = ********

 ...   18 /  29

 No. steps =      39   No. f-s =     713   No. J-s =       1   No. LU-s =       7
  No. nonlinear iterations =      42
  No. nonlinear convergence failures =       0
  No. error test failures =       0
  Last step size used =    0.33168E+07
  Index compenent largest error = ********

 ...   19 /  29

 No. steps =      44   No. f-s =     726   No. J-s =       1   No. LU-s =      12
  No. nonlinear iterations =      55
  No. nonlinear convergence failures =       0
  No. error test failures =       1
  Last step size used =    0.44678E+07
  Index compenent largest error = ********

 ...   20 /  29

 No. steps =      49   No. f-s =     729   No. J-s =       1   No. LU-s =      11
  No. nonlinear iterations =      58
  No. nonlinear convergence failures =       0
  No. error test failures =       0
  Last step size used =    0.33029E+07
  Index compenent largest error = ********

 ...   21 /  29

 No. steps =      46   No. f-s =     726   No. J-s =       1   No. LU-s =      11
  No. nonlinear iterations =      55
  No. nonlinear convergence failures =       0
  No. error test failures =       0
  Last step size used =    0.42587E+07
  Index compenent largest error = ********

 ...   22 /  29

 No. steps =      43   No. f-s =     721   No. J-s =       1   No. LU-s =      10
  No. nonlinear iterations =      50
  No. nonlinear convergence failures =       0
  No. error test failures =       0
  Last step size used =    0.36715E+07
  Index compenent largest error = ********

 ...   23 /  29

 No. steps =      36   No. f-s =     711   No. J-s =       1   No. LU-s =       7
  No. nonlinear iterations =      40
  No. nonlinear convergence failures =       0
  No. error test failures =       0
  Last step size used =    0.35153E+07
  Index compenent largest error = ********

 ...   24 /  29

 No. steps =      37   No. f-s =     714   No. J-s =       1   No. LU-s =       9
  No. nonlinear iterations =      43
  No. nonlinear convergence failures =       0
  No. error test failures =       0
  Last step size used =    0.41168E+07
  Index compenent largest error = ********

 ...   25 /  29

 No. steps =      43   No. f-s =     719   No. J-s =       1   No. LU-s =       9
  No. nonlinear iterations =      48
  No. nonlinear convergence failures =       0
  No. error test failures =       0
  Last step size used =    0.43721E+07
  Index compenent largest error = ********

 ...   26 /  29

 No. steps =      42   No. f-s =     719   No. J-s =       1   No. LU-s =       9
  No. nonlinear iterations =      48
  No. nonlinear convergence failures =       0
  No. error test failures =       0
  Last step size used =    0.41225E+07
  Index compenent largest error = ********

 ...   27 /  29

 No. steps =      42   No. f-s =     720   No. J-s =       1   No. LU-s =       9
  No. nonlinear iterations =      49
  No. nonlinear convergence failures =       0
  No. error test failures =       0
  Last step size used =    0.42676E+07
  Index compenent largest error = ********

 ...   28 /  29

 No. steps =      41   No. f-s =     718   No. J-s =       1   No. LU-s =       8
  No. nonlinear iterations =      47
  No. nonlinear convergence failures =       0
  No. error test failures =       0
  Last step size used =    0.33251E+07
  Index compenent largest error = ********

 ...   29 /  29

 No. steps =      42   No. f-s =     719   No. J-s =       1   No. LU-s =       8
  No. nonlinear iterations =      48
  No. nonlinear convergence failures =       0
  No. error test failures =       0
  Last step size used =    0.35644E+07
  Index compenent largest error = ********


    ... DONE!
 +++++++++++++++++++++++++++++++++++++++++++++++++++


+------------------ Job Report: 10176656 (COMPLETED) ------------------+
| Memory (RAM)  No data available                                      |
| CPU           [####                ] 23.5% average                   |
| Time          [>                   ]  0.5% (0-00:00:17 / 0-01:00:00) |
|                                                                      |
| Lustre Filesystem:                                                   |
|   No data available                                                  |
+----------------------------------------------------------------------+
