Starting job 10175762, array task 435 on dave28
Chemistry type: Orich
Analysis mode: false
Found 462 valid particle IDs in /fred/oz304/beckers/Chemistry/traces/wind_v10/trace_output_with_av
Returning 460 particle IDs (after start_index=2 offset)
SLURM task 435: processing particle 3918657
Running Orich evolving_model on 1 phantom particle trace(s) from wind_v10

 +++++++++++++++++++++++++++++++++++++++++++++++++++
 +++++        ENVELOPE CHEMICAL MODEL         ++++++
 +++++++++++++++++++++++++++++++++++++++++++++++++++

 Version 1.0 authored by Catherine Walsh and Maria 
    Drozdovskaya, Leiden Observatory (01/08/2013)

 Version 1.1 amended by Catherine Walsh (18/05/2014)

 Version 1.2 amended by Catherine Walsh (13/08/2015)

 +++++++++++++++++++++++++++++++++++++++++++++++++++

          Input file =  Orich/param/trace_file_param/file_parameters_3918657.txt              

 Physical conditions  = Orich/input/3918657.txt                                               
 Chemical network     = ./rate12_complex.rates                                                
 Species file         = ./rate12_complex_atomic_Orich.specs                                   
 Binding energies     = ./rate12_binding.dat                                                  
 Reaction parameters  = param/reaction_parameters.txt                                         
 Grain parameters     = param/grain_parameters.txt                                            
 Radiation parameters = param/radiation_parameters.txt                                        

 Output file          = Orich/output/model_output_3918657.dat                                 
 Rates file           = Orich/output/model_rates_3918657.dat                                  

 Opening and reading physical conditions file ...

 +++++++++++++++++++++++++++++++++++++++++++++++++++
 Beginning to run model ...
 +++++++++++++++++++++++++++++++++++++++++++++++++++

 Preparing output files ...

 Progress = ...
 ...    1 /  84

 No. steps =    1604   No. f-s =   25876   No. J-s =      35   No. LU-s =     227
  No. nonlinear iterations =    2495
  No. nonlinear convergence failures =       0
  No. error test failures =      76
  Last step size used =    0.31520E+09
  Index compenent largest error = ********

 ...    2 /  84

 No. steps =     119   No. f-s =    1472   No. J-s =       2   No. LU-s =      21
  No. nonlinear iterations =     133
  No. nonlinear convergence failures =       0
  No. error test failures =       1
  Last step size used =    0.18126E+07
  Index compenent largest error = ********

 ...    3 /  84

 No. steps =     102   No. f-s =    1453   No. J-s =       2   No. LU-s =      15
  No. nonlinear iterations =     114
  No. nonlinear convergence failures =       0
  No. error test failures =       0
  Last step size used =    0.24904E+07
  Index compenent largest error = ********

 ...    4 /  84

 No. steps =     100   No. f-s =    1453   No. J-s =       2   No. LU-s =      16
  No. nonlinear iterations =     114
  No. nonlinear convergence failures =       0
  No. error test failures =       0
  Last step size used =    0.30962E+07
  Index compenent largest error = ********

 ...    5 /  84

 No. steps =      93   No. f-s =    1446   No. J-s =       2   No. LU-s =      15
  No. nonlinear iterations =     107
  No. nonlinear convergence failures =       0
  No. error test failures =       0
  Last step size used =    0.37664E+07
  Index compenent largest error = ********

 ...    6 /  84

 No. steps =      87   No. f-s =    1439   No. J-s =       2   No. LU-s =      15
  No. nonlinear iterations =     100
  No. nonlinear convergence failures =       0
  No. error test failures =       0
  Last step size used =    0.51729E+07
  Index compenent largest error = ********

 ...    7 /  84

 No. steps =      78   No. f-s =    1428   No. J-s =       2   No. LU-s =      15
  No. nonlinear iterations =      89
  No. nonlinear convergence failures =       0
  No. error test failures =       0
  Last step size used =    0.53031E+07
  Index compenent largest error = ********

 ...    8 /  84

 No. steps =      72   No. f-s =    1422   No. J-s =       2   No. LU-s =      14
  No. nonlinear iterations =      83
  No. nonlinear convergence failures =       0
  No. error test failures =       0
  Last step size used =    0.35443E+07
  Index compenent largest error = ********

 ...    9 /  84

 No. steps =      67   No. f-s =    1416   No. J-s =       2   No. LU-s =      13
  No. nonlinear iterations =      77
  No. nonlinear convergence failures =       0
  No. error test failures =       0
  Last step size used =    0.35144E+07
  Index compenent largest error = ********

 ...   10 /  84

 No. steps =      64   No. f-s =    1412   No. J-s =       2   No. LU-s =      13
  No. nonlinear iterations =      73
  No. nonlinear convergence failures =       0
  No. error test failures =       0
  Last step size used =    0.42703E+07
  Index compenent largest error = ********

 ...   11 /  84

 No. steps =      60   No. f-s =    1407   No. J-s =       2   No. LU-s =      13
  No. nonlinear iterations =      68
  No. nonlinear convergence failures =       0
  No. error test failures =       0
  Last step size used =    0.43147E+07
  Index compenent largest error = ********

 ...   12 /  84

 No. steps =      61   No. f-s =    1408   No. J-s =       2   No. LU-s =      12
  No. nonlinear iterations =      69
  No. nonlinear convergence failures =       0
  No. error test failures =       0
  Last step size used =    0.31628E+07
  Index compenent largest error = ********

 ...   13 /  84

 No. steps =      84   No. f-s =    1432   No. J-s =       2   No. LU-s =      14
  No. nonlinear iterations =      93
  No. nonlinear convergence failures =       0
  No. error test failures =       0
  Last step size used =    0.26741E+07
  Index compenent largest error = ********

 ...   14 /  84

 No. steps =      85   No. f-s =    1436   No. J-s =       2   No. LU-s =      14
  No. nonlinear iterations =      97
  No. nonlinear convergence failures =       0
  No. error test failures =       0
  Last step size used =    0.34321E+07
  Index compenent largest error = ********

 ...   15 /  84

 No. steps =      73   No. f-s =    1423   No. J-s =       2   No. LU-s =      13
  No. nonlinear iterations =      84
  No. nonlinear convergence failures =       0
  No. error test failures =       0
  Last step size used =    0.34545E+07
  Index compenent largest error = ********

 ...   16 /  84

 No. steps =      54   No. f-s =    1401   No. J-s =       2   No. LU-s =      11
  No. nonlinear iterations =      62
  No. nonlinear convergence failures =       0
  No. error test failures =       0
  Last step size used =    0.49504E+07
  Index compenent largest error = ********

 ...   17 /  84

 No. steps =      62   No. f-s =    1410   No. J-s =       2   No. LU-s =      13
  No. nonlinear iterations =      71
  No. nonlinear convergence failures =       0
  No. error test failures =       0
  Last step size used =    0.40064E+07
  Index compenent largest error = ********

 ...   18 /  84

 No. steps =      62   No. f-s =    1410   No. J-s =       2   No. LU-s =      13
  No. nonlinear iterations =      71
  No. nonlinear convergence failures =       0
  No. error test failures =       0
  Last step size used =    0.45109E+07
  Index compenent largest error = ********

 ...   19 /  84

 No. steps =      60   No. f-s =    1405   No. J-s =       2   No. LU-s =      12
  No. nonlinear iterations =      66
  No. nonlinear convergence failures =       0
  No. error test failures =       0
  Last step size used =    0.38064E+07
  Index compenent largest error = ********

 ...   20 /  84

 No. steps =      58   No. f-s =     737   No. J-s =       1   No. LU-s =      11
  No. nonlinear iterations =      66
  No. nonlinear convergence failures =       0
  No. error test failures =       0
  Last step size used =    0.26341E+07
  Index compenent largest error = ********

 ...   21 /  84

 No. steps =      54   No. f-s =    1403   No. J-s =       2   No. LU-s =      12
  No. nonlinear iterations =      64
  No. nonlinear convergence failures =       0
  No. error test failures =       0
  Last step size used =    0.37742E+07
  Index compenent largest error = ********

 ...   22 /  84

 No. steps =      54   No. f-s =     730   No. J-s =       1   No. LU-s =      10
  No. nonlinear iterations =      59
  No. nonlinear convergence failures =       0
  No. error test failures =       0
  Last step size used =    0.29565E+07
  Index compenent largest error = ********

 ...   23 /  84

 No. steps =      53   No. f-s =     732   No. J-s =       1   No. LU-s =      10
  No. nonlinear iterations =      61
  No. nonlinear convergence failures =       0
  No. error test failures =       0
  Last step size used =    0.35162E+07
  Index compenent largest error = ********

 ...   24 /  84

 No. steps =      54   No. f-s =    1400   No. J-s =       2   No. LU-s =      10
  No. nonlinear iterations =      61
  No. nonlinear convergence failures =       0
  No. error test failures =       0
  Last step size used =    0.41465E+07
  Index compenent largest error = ********

 ...   25 /  84

 No. steps =      52   No. f-s =     728   No. J-s =       1   No. LU-s =       9
  No. nonlinear iterations =      57
  No. nonlinear convergence failures =       0
  No. error test failures =       0
  Last step size used =    0.30015E+07
  Index compenent largest error = ********

 ...   26 /  84

 No. steps =      50   No. f-s =     730   No. J-s =       1   No. LU-s =      10
  No. nonlinear iterations =      59
  No. nonlinear convergence failures =       0
  No. error test failures =       0
  Last step size used =    0.35382E+07
  Index compenent largest error = ********

 ...   27 /  84

 No. steps =      50   No. f-s =     729   No. J-s =       1   No. LU-s =       9
  No. nonlinear iterations =      58
  No. nonlinear convergence failures =       0
  No. error test failures =       0
  Last step size used =    0.36902E+07
  Index compenent largest error = ********

 ...   28 /  84

 No. steps =      51   No. f-s =     729   No. J-s =       1   No. LU-s =       9
  No. nonlinear iterations =      58
  No. nonlinear convergence failures =       0
  No. error test failures =       0
  Last step size used =    0.28103E+07
  Index compenent largest error = ********

 ...   29 /  84

 No. steps =      51   No. f-s =     729   No. J-s =       1   No. LU-s =       9
  No. nonlinear iterations =      58
  No. nonlinear convergence failures =       0
  No. error test failures =       0
  Last step size used =    0.28798E+07
  Index compenent largest error = ********

 ...   30 /  84

 No. steps =      49   No. f-s =     727   No. J-s =       1   No. LU-s =       9
  No. nonlinear iterations =      56
  No. nonlinear convergence failures =       0
  No. error test failures =       0
  Last step size used =    0.30957E+07
  Index compenent largest error = ********

 ...   31 /  84

 No. steps =      48   No. f-s =     726   No. J-s =       1   No. LU-s =       9
  No. nonlinear iterations =      55
  No. nonlinear convergence failures =       0
  No. error test failures =       0
  Last step size used =    0.33859E+07
  Index compenent largest error = ********

 ...   32 /  84

 No. steps =      49   No. f-s =     726   No. J-s =       1   No. LU-s =       8
  No. nonlinear iterations =      55
  No. nonlinear convergence failures =       0
  No. error test failures =       0
  Last step size used =    0.33068E+07
  Index compenent largest error = ********

 ...   33 /  84

 No. steps =      48   No. f-s =     725   No. J-s =       1   No. LU-s =       8
  No. nonlinear iterations =      54
  No. nonlinear convergence failures =       0
  No. error test failures =       0
  Last step size used =    0.35524E+07
  Index compenent largest error = ********

 ...   34 /  84

 No. steps =      47   No. f-s =     724   No. J-s =       1   No. LU-s =       8
  No. nonlinear iterations =      53
  No. nonlinear convergence failures =       0
  No. error test failures =       0
  Last step size used =    0.39288E+07
  Index compenent largest error = ********

 ...   35 /  84

 No. steps =      45   No. f-s =     723   No. J-s =       1   No. LU-s =       8
  No. nonlinear iterations =      52
  No. nonlinear convergence failures =       0
  No. error test failures =       0
  Last step size used =    0.41264E+07
  Index compenent largest error = ********

 ...   36 /  84

 No. steps =      44   No. f-s =     721   No. J-s =       1   No. LU-s =       8
  No. nonlinear iterations =      50
  No. nonlinear convergence failures =       0
  No. error test failures =       0
  Last step size used =    0.36887E+07
  Index compenent largest error = ********

 ...   37 /  84

 No. steps =      40   No. f-s =     720   No. J-s =       1   No. LU-s =       9
  No. nonlinear iterations =      49
  No. nonlinear convergence failures =       0
  No. error test failures =       0
  Last step size used =    0.45546E+07
  Index compenent largest error = ********

 ...   38 /  84

 No. steps =      42   No. f-s =     720   No. J-s =       1   No. LU-s =       8
  No. nonlinear iterations =      49
  No. nonlinear convergence failures =       0
  No. error test failures =       0
  Last step size used =    0.35388E+07
  Index compenent largest error = ********

 ...   39 /  84

 No. steps =      44   No. f-s =     721   No. J-s =       1   No. LU-s =       9
  No. nonlinear iterations =      50
  No. nonlinear convergence failures =       0
  No. error test failures =       0
  Last step size used =    0.39070E+07
  Index compenent largest error = ********

 ...   40 /  84

 No. steps =      43   No. f-s =     719   No. J-s =       1   No. LU-s =       8
  No. nonlinear iterations =      48
  No. nonlinear convergence failures =       0
  No. error test failures =       0
  Last step size used =    0.35750E+07
  Index compenent largest error = ********

 ...   41 /  84

 No. steps =      42   No. f-s =     718   No. J-s =       1   No. LU-s =       8
  No. nonlinear iterations =      47
  No. nonlinear convergence failures =       0
  No. error test failures =       0
  Last step size used =    0.40634E+07
  Index compenent largest error = ********

 ...   42 /  84

 No. steps =      39   No. f-s =     715   No. J-s =       1   No. LU-s =       7
  No. nonlinear iterations =      44
  No. nonlinear convergence failures =       0
  No. error test failures =       0
  Last step size used =    0.35257E+07
  Index compenent largest error = ********

 ...   43 /  84

 No. steps =      33   No. f-s =     709   No. J-s =       1   No. LU-s =       8
  No. nonlinear iterations =      38
  No. nonlinear convergence failures =       0
  No. error test failures =       0
  Last step size used =    0.47882E+07
  Index compenent largest error = ********

 ...   44 /  84

 No. steps =      27   No. f-s =     701   No. J-s =       1   No. LU-s =       7
  No. nonlinear iterations =      30
  No. nonlinear convergence failures =       0
  No. error test failures =       0
  Last step size used =    0.71454E+07
  Index compenent largest error = ********

 ...   45 /  84

 No. steps =      31   No. f-s =     708   No. J-s =       1   No. LU-s =       8
  No. nonlinear iterations =      37
  No. nonlinear convergence failures =       0
  No. error test failures =       0
  Last step size used =    0.45090E+07
  Index compenent largest error = ********

 ...   46 /  84

 No. steps =      36   No. f-s =     712   No. J-s =       1   No. LU-s =       9
  No. nonlinear iterations =      41
  No. nonlinear convergence failures =       0
  No. error test failures =       0
  Last step size used =    0.49125E+07
  Index compenent largest error = ********

 ...   47 /  84

 No. steps =      38   No. f-s =     713   No. J-s =       1   No. LU-s =       9
  No. nonlinear iterations =      42
  No. nonlinear convergence failures =       0
  No. error test failures =       0
  Last step size used =    0.47392E+07
  Index compenent largest error = ********

 ...   48 /  84

 No. steps =      40   No. f-s =     716   No. J-s =       1   No. LU-s =       8
  No. nonlinear iterations =      45
  No. nonlinear convergence failures =       0
  No. error test failures =       0
  Last step size used =    0.47810E+07
  Index compenent largest error = ********

 ...   49 /  84

 No. steps =      41   No. f-s =     716   No. J-s =       1   No. LU-s =       7
  No. nonlinear iterations =      45
  No. nonlinear convergence failures =       0
  No. error test failures =       0
  Last step size used =    0.31065E+07
  Index compenent largest error = ********

 ...   50 /  84

 No. steps =      44   No. f-s =     720   No. J-s =       1   No. LU-s =       9
  No. nonlinear iterations =      49
  No. nonlinear convergence failures =       0
  No. error test failures =       0
  Last step size used =    0.47185E+07
  Index compenent largest error = ********

 ...   51 /  84

 No. steps =      44   No. f-s =     720   No. J-s =       1   No. LU-s =       9
  No. nonlinear iterations =      49
  No. nonlinear convergence failures =       0
  No. error test failures =       0
  Last step size used =    0.45863E+07
  Index compenent largest error = ********

 ...   52 /  84

 No. steps =      44   No. f-s =     720   No. J-s =       1   No. LU-s =       9
  No. nonlinear iterations =      49
  No. nonlinear convergence failures =       0
  No. error test failures =       0
  Last step size used =    0.46949E+07
  Index compenent largest error = ********

 ...   53 /  84

 No. steps =      43   No. f-s =     719   No. J-s =       1   No. LU-s =       8
  No. nonlinear iterations =      48
  No. nonlinear convergence failures =       0
  No. error test failures =       0
  Last step size used =    0.29974E+07
  Index compenent largest error = ********

 ...   54 /  84

 No. steps =      43   No. f-s =     719   No. J-s =       1   No. LU-s =       8
  No. nonlinear iterations =      48
  No. nonlinear convergence failures =       0
  No. error test failures =       0
  Last step size used =    0.30633E+07
  Index compenent largest error = ********

 ...   55 /  84

 No. steps =      42   No. f-s =     720   No. J-s =       1   No. LU-s =       9
  No. nonlinear iterations =      49
  No. nonlinear convergence failures =       0
  No. error test failures =       0
  Last step size used =    0.45313E+07
  Index compenent largest error = ********

 ...   56 /  84

 No. steps =      41   No. f-s =     717   No. J-s =       1   No. LU-s =       8
  No. nonlinear iterations =      46
  No. nonlinear convergence failures =       0
  No. error test failures =       0
  Last step size used =    0.34164E+07
  Index compenent largest error = ********

 ...   57 /  84

 No. steps =      42   No. f-s =     718   No. J-s =       1   No. LU-s =       8
  No. nonlinear iterations =      47
  No. nonlinear convergence failures =       0
  No. error test failures =       0
  Last step size used =    0.34229E+07
  Index compenent largest error = ********

 ...   58 /  84

 No. steps =      41   No. f-s =     717   No. J-s =       1   No. LU-s =       8
  No. nonlinear iterations =      46
  No. nonlinear convergence failures =       0
  No. error test failures =       0
  Last step size used =    0.36435E+07
  Index compenent largest error = ********

 ...   59 /  84

 No. steps =      40   No. f-s =     717   No. J-s =       1   No. LU-s =       8
  No. nonlinear iterations =      46
  No. nonlinear convergence failures =       0
  No. error test failures =       0
  Last step size used =    0.33699E+07
  Index compenent largest error = ********

 ...   60 /  84

 No. steps =      38   No. f-s =     716   No. J-s =       1   No. LU-s =       8
  No. nonlinear iterations =      45
  No. nonlinear convergence failures =       0
  No. error test failures =       0
  Last step size used =    0.36925E+07
  Index compenent largest error = ********

 ...   61 /  84

 No. steps =      38   No. f-s =     715   No. J-s =       1   No. LU-s =       8
  No. nonlinear iterations =      44
  No. nonlinear convergence failures =       0
  No. error test failures =       0
  Last step size used =    0.39194E+07
  Index compenent largest error = ********

 ...   62 /  84

 No. steps =      37   No. f-s =     714   No. J-s =       1   No. LU-s =       8
  No. nonlinear iterations =      43
  No. nonlinear convergence failures =       0
  No. error test failures =       0
  Last step size used =    0.41410E+07
  Index compenent largest error = ********

 ...   63 /  84

 No. steps =      36   No. f-s =     713   No. J-s =       1   No. LU-s =       8
  No. nonlinear iterations =      42
  No. nonlinear convergence failures =       0
  No. error test failures =       0
  Last step size used =    0.43760E+07
  Index compenent largest error = ********

 ...   64 /  84

 No. steps =      36   No. f-s =     713   No. J-s =       1   No. LU-s =       8
  No. nonlinear iterations =      42
  No. nonlinear convergence failures =       0
  No. error test failures =       0
  Last step size used =    0.47037E+07
  Index compenent largest error = ********

 ...   65 /  84

 No. steps =      35   No. f-s =     712   No. J-s =       1   No. LU-s =       8
  No. nonlinear iterations =      41
  No. nonlinear convergence failures =       0
  No. error test failures =       0
  Last step size used =    0.48443E+07
  Index compenent largest error = ********

 ...   66 /  84

 No. steps =      35   No. f-s =     712   No. J-s =       1   No. LU-s =       8
  No. nonlinear iterations =      41
  No. nonlinear convergence failures =       0
  No. error test failures =       0
  Last step size used =    0.50777E+07
  Index compenent largest error = ********

 ...   67 /  84

 No. steps =      34   No. f-s =     711   No. J-s =       1   No. LU-s =       8
  No. nonlinear iterations =      40
  No. nonlinear convergence failures =       0
  No. error test failures =       0
  Last step size used =    0.56178E+07
  Index compenent largest error = ********

 ...   68 /  84

 No. steps =      34   No. f-s =     711   No. J-s =       1   No. LU-s =       8
  No. nonlinear iterations =      40
  No. nonlinear convergence failures =       0
  No. error test failures =       0
  Last step size used =    0.55864E+07
  Index compenent largest error = ********

 ...   69 /  84

 No. steps =      33   No. f-s =     710   No. J-s =       1   No. LU-s =       7
  No. nonlinear iterations =      39
  No. nonlinear convergence failures =       0
  No. error test failures =       0
  Last step size used =    0.37814E+07
  Index compenent largest error = ********

 ...   70 /  84

 No. steps =      33   No. f-s =     710   No. J-s =       1   No. LU-s =       7
  No. nonlinear iterations =      39
  No. nonlinear convergence failures =       0
  No. error test failures =       0
  Last step size used =    0.39539E+07
  Index compenent largest error = ********

 ...   71 /  84

 No. steps =      32   No. f-s =     709   No. J-s =       1   No. LU-s =       7
  No. nonlinear iterations =      38
  No. nonlinear convergence failures =       0
  No. error test failures =       0
  Last step size used =    0.41153E+07
  Index compenent largest error = ********

 ...   72 /  84

 No. steps =      32   No. f-s =     709   No. J-s =       1   No. LU-s =       7
  No. nonlinear iterations =      38
  No. nonlinear convergence failures =       0
  No. error test failures =       0
  Last step size used =    0.40921E+07
  Index compenent largest error = ********

 ...   73 /  84

 No. steps =      30   No. f-s =     707   No. J-s =       1   No. LU-s =       7
  No. nonlinear iterations =      36
  No. nonlinear convergence failures =       0
  No. error test failures =       0
  Last step size used =    0.50274E+07
  Index compenent largest error = ********

 ...   74 /  84

 No. steps =      31   No. f-s =     708   No. J-s =       1   No. LU-s =       7
  No. nonlinear iterations =      37
  No. nonlinear convergence failures =       0
  No. error test failures =       0
  Last step size used =    0.47408E+07
  Index compenent largest error = ********

 ...   75 /  84

 No. steps =      29   No. f-s =     706   No. J-s =       1   No. LU-s =       7
  No. nonlinear iterations =      35
  No. nonlinear convergence failures =       0
  No. error test failures =       0
  Last step size used =    0.56527E+07
  Index compenent largest error = ********

 ...   76 /  84

 No. steps =      29   No. f-s =     706   No. J-s =       1   No. LU-s =       7
  No. nonlinear iterations =      35
  No. nonlinear convergence failures =       0
  No. error test failures =       0
  Last step size used =    0.55354E+07
  Index compenent largest error = ********

 ...   77 /  84

 No. steps =      27   No. f-s =     703   No. J-s =       1   No. LU-s =       7
  No. nonlinear iterations =      32
  No. nonlinear convergence failures =       0
  No. error test failures =       0
  Last step size used =    0.81988E+07
  Index compenent largest error = ********

 ...   78 /  84

 No. steps =      26   No. f-s =     701   No. J-s =       1   No. LU-s =       6
  No. nonlinear iterations =      30
  No. nonlinear convergence failures =       0
  No. error test failures =       0
  Last step size used =    0.52596E+07
  Index compenent largest error = ********

 ...   79 /  84

 No. steps =      26   No. f-s =     701   No. J-s =       1   No. LU-s =       6
  No. nonlinear iterations =      30
  No. nonlinear convergence failures =       0
  No. error test failures =       0
  Last step size used =    0.51226E+07
  Index compenent largest error = ********

 ...   80 /  84

 No. steps =      24   No. f-s =     699   No. J-s =       1   No. LU-s =       6
  No. nonlinear iterations =      28
  No. nonlinear convergence failures =       0
  No. error test failures =       0
  Last step size used =    0.57057E+07
  Index compenent largest error = ********

 ...   81 /  84

 No. steps =      26   No. f-s =     701   No. J-s =       1   No. LU-s =       6
  No. nonlinear iterations =      30
  No. nonlinear convergence failures =       0
  No. error test failures =       0
  Last step size used =    0.56075E+07
  Index compenent largest error = ********

 ...   82 /  84

 No. steps =      24   No. f-s =     699   No. J-s =       1   No. LU-s =       6
  No. nonlinear iterations =      28
  No. nonlinear convergence failures =       0
  No. error test failures =       0
  Last step size used =    0.52234E+07
  Index compenent largest error = ********

 ...   83 /  84

 No. steps =      24   No. f-s =     699   No. J-s =       1   No. LU-s =       6
  No. nonlinear iterations =      28
  No. nonlinear convergence failures =       0
  No. error test failures =       0
  Last step size used =    0.51931E+07
  Index compenent largest error = ********

 ...   84 /  84

 No. steps =      24   No. f-s =     699   No. J-s =       1   No. LU-s =       6
  No. nonlinear iterations =      28
  No. nonlinear convergence failures =       0
  No. error test failures =       0
  Last step size used =    0.55775E+07
  Index compenent largest error = ********


    ... DONE!
 +++++++++++++++++++++++++++++++++++++++++++++++++++


+------------------ Job Report: 10176636 (COMPLETED) ------------------+
| Memory (RAM)  No data available                                      |
| CPU           [########            ] 41.7% average                   |
| Time          [>                   ]  0.7% (0-00:00:24 / 0-01:00:00) |
|                                                                      |
| Lustre Filesystem:                                                   |
|   No data available                                                  |
+----------------------------------------------------------------------+
