Starting job 10175762, array task 429 on dave28
Chemistry type: Orich
Analysis mode: false
Found 462 valid particle IDs in /fred/oz304/beckers/Chemistry/traces/wind_v10/trace_output_with_av
Returning 460 particle IDs (after start_index=2 offset)
SLURM task 429: processing particle 3869012
Running Orich evolving_model on 1 phantom particle trace(s) from wind_v10

 +++++++++++++++++++++++++++++++++++++++++++++++++++
 +++++        ENVELOPE CHEMICAL MODEL         ++++++
 +++++++++++++++++++++++++++++++++++++++++++++++++++

 Version 1.0 authored by Catherine Walsh and Maria 
    Drozdovskaya, Leiden Observatory (01/08/2013)

 Version 1.1 amended by Catherine Walsh (18/05/2014)

 Version 1.2 amended by Catherine Walsh (13/08/2015)

 +++++++++++++++++++++++++++++++++++++++++++++++++++

          Input file =  Orich/param/trace_file_param/file_parameters_3869012.txt              

 Physical conditions  = Orich/input/3869012.txt                                               
 Chemical network     = ./rate12_complex.rates                                                
 Species file         = ./rate12_complex_atomic_Orich.specs                                   
 Binding energies     = ./rate12_binding.dat                                                  
 Reaction parameters  = param/reaction_parameters.txt                                         
 Grain parameters     = param/grain_parameters.txt                                            
 Radiation parameters = param/radiation_parameters.txt                                        

 Output file          = Orich/output/model_output_3869012.dat                                 
 Rates file           = Orich/output/model_rates_3869012.dat                                  

 Opening and reading physical conditions file ...

 +++++++++++++++++++++++++++++++++++++++++++++++++++
 Beginning to run model ...
 +++++++++++++++++++++++++++++++++++++++++++++++++++

 Preparing output files ...

 Progress = ...
 ...    1 / 103

 No. steps =    1213   No. f-s =   17890   No. J-s =      24   No. LU-s =     214
  No. nonlinear iterations =    1857
  No. nonlinear convergence failures =       0
  No. error test failures =      87
  Last step size used =    0.11555E+10
  Index compenent largest error = ********

 ...    2 / 103

 No. steps =     210   No. f-s =    2976   No. J-s =       4   No. LU-s =      37
  No. nonlinear iterations =     301
  No. nonlinear convergence failures =       0
  No. error test failures =       9
  Last step size used =    0.19163E+07
  Index compenent largest error = ********

 ...    3 / 103

 No. steps =      91   No. f-s =    1440   No. J-s =       2   No. LU-s =      17
  No. nonlinear iterations =     101
  No. nonlinear convergence failures =       0
  No. error test failures =       0
  Last step size used =    0.32593E+07
  Index compenent largest error = ********

 ...    4 / 103

 No. steps =      84   No. f-s =    1432   No. J-s =       2   No. LU-s =      16
  No. nonlinear iterations =      93
  No. nonlinear convergence failures =       0
  No. error test failures =       0
  Last step size used =    0.39221E+07
  Index compenent largest error = ********

 ...    5 / 103

 No. steps =      90   No. f-s =    1442   No. J-s =       2   No. LU-s =      16
  No. nonlinear iterations =     103
  No. nonlinear convergence failures =       0
  No. error test failures =       0
  Last step size used =    0.26861E+07
  Index compenent largest error = ********

 ...    6 / 103

 No. steps =      82   No. f-s =    1433   No. J-s =       2   No. LU-s =      16
  No. nonlinear iterations =      94
  No. nonlinear convergence failures =       0
  No. error test failures =       0
  Last step size used =    0.28905E+07
  Index compenent largest error = ********

 ...    7 / 103

 No. steps =      81   No. f-s =    1431   No. J-s =       2   No. LU-s =      15
  No. nonlinear iterations =      92
  No. nonlinear convergence failures =       0
  No. error test failures =       0
  Last step size used =    0.28939E+07
  Index compenent largest error = ********

 ...    8 / 103

 No. steps =      73   No. f-s =    1426   No. J-s =       2   No. LU-s =      17
  No. nonlinear iterations =      87
  No. nonlinear convergence failures =       0
  No. error test failures =       1
  Last step size used =    0.35703E+07
  Index compenent largest error = ********

 ...    9 / 103

 No. steps =      69   No. f-s =    1418   No. J-s =       2   No. LU-s =      14
  No. nonlinear iterations =      79
  No. nonlinear convergence failures =       0
  No. error test failures =       0
  Last step size used =    0.32854E+07
  Index compenent largest error = ********

 ...   10 / 103

 No. steps =      65   No. f-s =    1418   No. J-s =       2   No. LU-s =      15
  No. nonlinear iterations =      79
  No. nonlinear convergence failures =       0
  No. error test failures =       1
  Last step size used =    0.38388E+07
  Index compenent largest error = ********

 ...   11 / 103

 No. steps =      61   No. f-s =    1411   No. J-s =       2   No. LU-s =      14
  No. nonlinear iterations =      72
  No. nonlinear convergence failures =       0
  No. error test failures =       0
  Last step size used =    0.40028E+07
  Index compenent largest error = ********

 ...   12 / 103

 No. steps =      54   No. f-s =    1405   No. J-s =       2   No. LU-s =      12
  No. nonlinear iterations =      66
  No. nonlinear convergence failures =       0
  No. error test failures =       0
  Last step size used =    0.42600E+07
  Index compenent largest error = ********

 ...   13 / 103

 No. steps =      52   No. f-s =     732   No. J-s =       1   No. LU-s =      11
  No. nonlinear iterations =      61
  No. nonlinear convergence failures =       0
  No. error test failures =       0
  Last step size used =    0.36677E+07
  Index compenent largest error = ********

 ...   14 / 103

 No. steps =      49   No. f-s =     726   No. J-s =       1   No. LU-s =      11
  No. nonlinear iterations =      55
  No. nonlinear convergence failures =       0
  No. error test failures =       0
  Last step size used =    0.38751E+07
  Index compenent largest error = ********

 ...   15 / 103

 No. steps =      48   No. f-s =     725   No. J-s =       1   No. LU-s =      10
  No. nonlinear iterations =      54
  No. nonlinear convergence failures =       0
  No. error test failures =       0
  Last step size used =    0.29788E+07
  Index compenent largest error = ********

 ...   16 / 103

 No. steps =      42   No. f-s =     724   No. J-s =       1   No. LU-s =      10
  No. nonlinear iterations =      53
  No. nonlinear convergence failures =       0
  No. error test failures =       0
  Last step size used =    0.46676E+07
  Index compenent largest error = ********

 ...   17 / 103

 No. steps =      44   No. f-s =     722   No. J-s =       1   No. LU-s =      11
  No. nonlinear iterations =      51
  No. nonlinear convergence failures =       0
  No. error test failures =       0
  Last step size used =    0.50146E+07
  Index compenent largest error = ********

 ...   18 / 103

 No. steps =      44   No. f-s =     723   No. J-s =       1   No. LU-s =      10
  No. nonlinear iterations =      52
  No. nonlinear convergence failures =       0
  No. error test failures =       0
  Last step size used =    0.34318E+07
  Index compenent largest error = ********

 ...   19 / 103

 No. steps =      47   No. f-s =     728   No. J-s =       1   No. LU-s =      11
  No. nonlinear iterations =      57
  No. nonlinear convergence failures =       0
  No. error test failures =       0
  Last step size used =    0.35762E+07
  Index compenent largest error = ********

 ...   20 / 103

 No. steps =      40   No. f-s =     719   No. J-s =       1   No. LU-s =      10
  No. nonlinear iterations =      48
  No. nonlinear convergence failures =       0
  No. error test failures =       0
  Last step size used =    0.42364E+07
  Index compenent largest error = ********

 ...   21 / 103

 No. steps =      41   No. f-s =     717   No. J-s =       1   No. LU-s =       9
  No. nonlinear iterations =      46
  No. nonlinear convergence failures =       0
  No. error test failures =       0
  Last step size used =    0.53401E+07
  Index compenent largest error = ********

 ...   22 / 103

 No. steps =      35   No. f-s =     712   No. J-s =       1   No. LU-s =       8
  No. nonlinear iterations =      41
  No. nonlinear convergence failures =       0
  No. error test failures =       0
  Last step size used =    0.45781E+07
  Index compenent largest error = ********

 ...   23 / 103

 No. steps =      37   No. f-s =     714   No. J-s =       1   No. LU-s =       7
  No. nonlinear iterations =      43
  No. nonlinear convergence failures =       0
  No. error test failures =       0
  Last step size used =    0.37235E+07
  Index compenent largest error = ********

 ...   24 / 103

 No. steps =      39   No. f-s =     715   No. J-s =       1   No. LU-s =       9
  No. nonlinear iterations =      44
  No. nonlinear convergence failures =       0
  No. error test failures =       0
  Last step size used =    0.34323E+07
  Index compenent largest error = ********

 ...   25 / 103

 No. steps =      39   No. f-s =     716   No. J-s =       1   No. LU-s =       8
  No. nonlinear iterations =      45
  No. nonlinear convergence failures =       0
  No. error test failures =       0
  Last step size used =    0.38813E+07
  Index compenent largest error = ********

 ...   26 / 103

 No. steps =      39   No. f-s =     717   No. J-s =       1   No. LU-s =       8
  No. nonlinear iterations =      46
  No. nonlinear convergence failures =       0
  No. error test failures =       0
  Last step size used =    0.38701E+07
  Index compenent largest error = ********

 ...   27 / 103

 No. steps =      41   No. f-s =     718   No. J-s =       1   No. LU-s =       8
  No. nonlinear iterations =      47
  No. nonlinear convergence failures =       0
  No. error test failures =       0
  Last step size used =    0.41793E+07
  Index compenent largest error = ********

 ...   28 / 103

 No. steps =      38   No. f-s =     716   No. J-s =       1   No. LU-s =       9
  No. nonlinear iterations =      45
  No. nonlinear convergence failures =       0
  No. error test failures =       0
  Last step size used =    0.39928E+07
  Index compenent largest error = ********

 ...   29 / 103

 No. steps =      38   No. f-s =     716   No. J-s =       1   No. LU-s =       9
  No. nonlinear iterations =      45
  No. nonlinear convergence failures =       0
  No. error test failures =       0
  Last step size used =    0.42675E+07
  Index compenent largest error = ********

 ...   30 / 103

 No. steps =      37   No. f-s =     715   No. J-s =       1   No. LU-s =      10
  No. nonlinear iterations =      44
  No. nonlinear convergence failures =       0
  No. error test failures =       0
  Last step size used =    0.42387E+07
  Index compenent largest error = ********

 ...   31 / 103

 No. steps =      37   No. f-s =     713   No. J-s =       1   No. LU-s =       8
  No. nonlinear iterations =      42
  No. nonlinear convergence failures =       0
  No. error test failures =       0
  Last step size used =    0.45792E+07
  Index compenent largest error = ********

 ...   32 / 103

 No. steps =      36   No. f-s =     712   No. J-s =       1   No. LU-s =       8
  No. nonlinear iterations =      41
  No. nonlinear convergence failures =       0
  No. error test failures =       0
  Last step size used =    0.53749E+07
  Index compenent largest error = ********

 ...   33 / 103

 No. steps =      34   No. f-s =     710   No. J-s =       1   No. LU-s =       7
  No. nonlinear iterations =      39
  No. nonlinear convergence failures =       0
  No. error test failures =       0
  Last step size used =    0.38364E+07
  Index compenent largest error = ********

 ...   34 / 103

 No. steps =      34   No. f-s =     711   No. J-s =       1   No. LU-s =       7
  No. nonlinear iterations =      40
  No. nonlinear convergence failures =       0
  No. error test failures =       0
  Last step size used =    0.36903E+07
  Index compenent largest error = ********

 ...   35 / 103

 No. steps =      33   No. f-s =     711   No. J-s =       1   No. LU-s =       8
  No. nonlinear iterations =      40
  No. nonlinear convergence failures =       0
  No. error test failures =       0
  Last step size used =    0.49341E+07
  Index compenent largest error = ********

 ...   36 / 103

 No. steps =      34   No. f-s =     711   No. J-s =       1   No. LU-s =       8
  No. nonlinear iterations =      40
  No. nonlinear convergence failures =       0
  No. error test failures =       0
  Last step size used =    0.45621E+07
  Index compenent largest error = ********

 ...   37 / 103

 No. steps =      33   No. f-s =     710   No. J-s =       1   No. LU-s =       7
  No. nonlinear iterations =      39
  No. nonlinear convergence failures =       0
  No. error test failures =       0
  Last step size used =    0.38161E+07
  Index compenent largest error = ********

 ...   38 / 103

 No. steps =      34   No. f-s =     711   No. J-s =       1   No. LU-s =       8
  No. nonlinear iterations =      40
  No. nonlinear convergence failures =       0
  No. error test failures =       0
  Last step size used =    0.53464E+07
  Index compenent largest error = ********

 ...   39 / 103

 No. steps =      34   No. f-s =     711   No. J-s =       1   No. LU-s =       8
  No. nonlinear iterations =      40
  No. nonlinear convergence failures =       0
  No. error test failures =       0
  Last step size used =    0.49800E+07
  Index compenent largest error = ********

 ...   40 / 103

 No. steps =      33   No. f-s =     711   No. J-s =       1   No. LU-s =       7
  No. nonlinear iterations =      40
  No. nonlinear convergence failures =       0
  No. error test failures =       0
  Last step size used =    0.43618E+07
  Index compenent largest error = ********

 ...   41 / 103

 No. steps =      32   No. f-s =     709   No. J-s =       1   No. LU-s =       7
  No. nonlinear iterations =      38
  No. nonlinear convergence failures =       0
  No. error test failures =       0
  Last step size used =    0.48322E+07
  Index compenent largest error = ********

 ...   42 / 103

 No. steps =      34   No. f-s =     712   No. J-s =       1   No. LU-s =       7
  No. nonlinear iterations =      41
  No. nonlinear convergence failures =       0
  No. error test failures =       0
  Last step size used =    0.41787E+07
  Index compenent largest error = ********

 ...   43 / 103

 No. steps =      31   No. f-s =     708   No. J-s =       1   No. LU-s =       7
  No. nonlinear iterations =      37
  No. nonlinear convergence failures =       0
  No. error test failures =       0
  Last step size used =    0.54993E+07
  Index compenent largest error = ********

 ...   44 / 103

 No. steps =      29   No. f-s =     707   No. J-s =       1   No. LU-s =       7
  No. nonlinear iterations =      36
  No. nonlinear convergence failures =       0
  No. error test failures =       0
  Last step size used =    0.55688E+07
  Index compenent largest error = ********

 ...   45 / 103

 No. steps =      28   No. f-s =     705   No. J-s =       1   No. LU-s =       8
  No. nonlinear iterations =      34
  No. nonlinear convergence failures =       0
  No. error test failures =       0
  Last step size used =    0.57560E+07
  Index compenent largest error = ********

 ...   46 / 103

 No. steps =      27   No. f-s =     703   No. J-s =       1   No. LU-s =       8
  No. nonlinear iterations =      32
  No. nonlinear convergence failures =       0
  No. error test failures =       0
  Last step size used =    0.64348E+07
  Index compenent largest error = ********

 ...   47 / 103

 No. steps =      25   No. f-s =     701   No. J-s =       1   No. LU-s =       8
  No. nonlinear iterations =      30
  No. nonlinear convergence failures =       0
  No. error test failures =       0
  Last step size used =    0.66827E+07
  Index compenent largest error = ********

 ...   48 / 103

 No. steps =      21   No. f-s =     695   No. J-s =       1   No. LU-s =       6
  No. nonlinear iterations =      24
  No. nonlinear convergence failures =       0
  No. error test failures =       0
  Last step size used =    0.98933E+07
  Index compenent largest error = ********

 ...   49 / 103

 No. steps =      25   No. f-s =     702   No. J-s =       1   No. LU-s =       7
  No. nonlinear iterations =      31
  No. nonlinear convergence failures =       0
  No. error test failures =       0
  Last step size used =    0.44258E+07
  Index compenent largest error = ********

 ...   50 / 103

 No. steps =      27   No. f-s =     703   No. J-s =       1   No. LU-s =       7
  No. nonlinear iterations =      32
  No. nonlinear convergence failures =       0
  No. error test failures =       0
  Last step size used =    0.42629E+07
  Index compenent largest error = ********

 ...   51 / 103

 No. steps =      29   No. f-s =     705   No. J-s =       1   No. LU-s =       8
  No. nonlinear iterations =      34
  No. nonlinear convergence failures =       0
  No. error test failures =       0
  Last step size used =    0.56365E+07
  Index compenent largest error = ********

 ...   52 / 103

 No. steps =      30   No. f-s =     706   No. J-s =       1   No. LU-s =       7
  No. nonlinear iterations =      35
  No. nonlinear convergence failures =       0
  No. error test failures =       0
  Last step size used =    0.49038E+07
  Index compenent largest error = ********

 ...   53 / 103

 No. steps =      34   No. f-s =     712   No. J-s =       1   No. LU-s =       8
  No. nonlinear iterations =      41
  No. nonlinear convergence failures =       0
  No. error test failures =       0
  Last step size used =    0.42601E+07
  Index compenent largest error = ********

 ...   54 / 103

 No. steps =      33   No. f-s =     711   No. J-s =       1   No. LU-s =       8
  No. nonlinear iterations =      40
  No. nonlinear convergence failures =       0
  No. error test failures =       0
  Last step size used =    0.45920E+07
  Index compenent largest error = ********

 ...   55 / 103

 No. steps =      34   No. f-s =     711   No. J-s =       1   No. LU-s =       8
  No. nonlinear iterations =      40
  No. nonlinear convergence failures =       0
  No. error test failures =       0
  Last step size used =    0.49977E+07
  Index compenent largest error = ********

 ...   56 / 103

 No. steps =      35   No. f-s =     712   No. J-s =       1   No. LU-s =       8
  No. nonlinear iterations =      41
  No. nonlinear convergence failures =       0
  No. error test failures =       0
  Last step size used =    0.48923E+07
  Index compenent largest error = ********

 ...   57 / 103

 No. steps =      34   No. f-s =     711   No. J-s =       1   No. LU-s =       8
  No. nonlinear iterations =      40
  No. nonlinear convergence failures =       0
  No. error test failures =       0
  Last step size used =    0.50614E+07
  Index compenent largest error = ********

 ...   58 / 103

 No. steps =      34   No. f-s =     711   No. J-s =       1   No. LU-s =       7
  No. nonlinear iterations =      40
  No. nonlinear convergence failures =       0
  No. error test failures =       0
  Last step size used =    0.42595E+07
  Index compenent largest error = ********

 ...   59 / 103

 No. steps =      34   No. f-s =     711   No. J-s =       1   No. LU-s =       7
  No. nonlinear iterations =      40
  No. nonlinear convergence failures =       0
  No. error test failures =       0
  Last step size used =    0.42968E+07
  Index compenent largest error = ********

 ...   60 / 103

 No. steps =      34   No. f-s =     712   No. J-s =       1   No. LU-s =       7
  No. nonlinear iterations =      41
  No. nonlinear convergence failures =       0
  No. error test failures =       0
  Last step size used =    0.41035E+07
  Index compenent largest error = ********

 ...   61 / 103

 No. steps =      34   No. f-s =     712   No. J-s =       1   No. LU-s =       7
  No. nonlinear iterations =      41
  No. nonlinear convergence failures =       0
  No. error test failures =       0
  Last step size used =    0.43153E+07
  Index compenent largest error = ********

 ...   62 / 103

 No. steps =      33   No. f-s =     711   No. J-s =       1   No. LU-s =       7
  No. nonlinear iterations =      40
  No. nonlinear convergence failures =       0
  No. error test failures =       0
  Last step size used =    0.44088E+07
  Index compenent largest error = ********

 ...   63 / 103

 No. steps =      33   No. f-s =     711   No. J-s =       1   No. LU-s =       7
  No. nonlinear iterations =      40
  No. nonlinear convergence failures =       0
  No. error test failures =       0
  Last step size used =    0.45789E+07
  Index compenent largest error = ********

 ...   64 / 103

 No. steps =      33   No. f-s =     711   No. J-s =       1   No. LU-s =       7
  No. nonlinear iterations =      40
  No. nonlinear convergence failures =       0
  No. error test failures =       0
  Last step size used =    0.46965E+07
  Index compenent largest error = ********

 ...   65 / 103

 No. steps =      33   No. f-s =     711   No. J-s =       1   No. LU-s =       7
  No. nonlinear iterations =      40
  No. nonlinear convergence failures =       0
  No. error test failures =       0
  Last step size used =    0.46952E+07
  Index compenent largest error = ********

 ...   66 / 103

 No. steps =      32   No. f-s =     710   No. J-s =       1   No. LU-s =       7
  No. nonlinear iterations =      39
  No. nonlinear convergence failures =       0
  No. error test failures =       0
  Last step size used =    0.51736E+07
  Index compenent largest error = ********

 ...   67 / 103

 No. steps =      31   No. f-s =     709   No. J-s =       1   No. LU-s =       7
  No. nonlinear iterations =      38
  No. nonlinear convergence failures =       0
  No. error test failures =       0
  Last step size used =    0.53176E+07
  Index compenent largest error = ********

 ...   68 / 103

 No. steps =      32   No. f-s =     710   No. J-s =       1   No. LU-s =       7
  No. nonlinear iterations =      39
  No. nonlinear convergence failures =       0
  No. error test failures =       0
  Last step size used =    0.50946E+07
  Index compenent largest error = ********

 ...   69 / 103

 No. steps =      31   No. f-s =     709   No. J-s =       1   No. LU-s =       7
  No. nonlinear iterations =      38
  No. nonlinear convergence failures =       0
  No. error test failures =       0
  Last step size used =    0.55210E+07
  Index compenent largest error = ********

 ...   70 / 103

 No. steps =      31   No. f-s =     709   No. J-s =       1   No. LU-s =       7
  No. nonlinear iterations =      38
  No. nonlinear convergence failures =       0
  No. error test failures =       0
  Last step size used =    0.55719E+07
  Index compenent largest error = ********

 ...   71 / 103

 No. steps =      30   No. f-s =     707   No. J-s =       1   No. LU-s =       7
  No. nonlinear iterations =      36
  No. nonlinear convergence failures =       0
  No. error test failures =       0
  Last step size used =    0.61206E+07
  Index compenent largest error = ********

 ...   72 / 103

 No. steps =      31   No. f-s =     709   No. J-s =       1   No. LU-s =       7
  No. nonlinear iterations =      38
  No. nonlinear convergence failures =       0
  No. error test failures =       0
  Last step size used =    0.58899E+07
  Index compenent largest error = ********

 ...   73 / 103

 No. steps =      31   No. f-s =     709   No. J-s =       1   No. LU-s =       7
  No. nonlinear iterations =      38
  No. nonlinear convergence failures =       0
  No. error test failures =       0
  Last step size used =    0.58053E+07
  Index compenent largest error = ********

 ...   74 / 103

 No. steps =      30   No. f-s =     706   No. J-s =       1   No. LU-s =       6
  No. nonlinear iterations =      35
  No. nonlinear convergence failures =       0
  No. error test failures =       0
  Last step size used =    0.43668E+07
  Index compenent largest error = ********

 ...   75 / 103

 No. steps =      26   No. f-s =     703   No. J-s =       1   No. LU-s =       6
  No. nonlinear iterations =      32
  No. nonlinear convergence failures =       0
  No. error test failures =       0
  Last step size used =    0.48496E+07
  Index compenent largest error = ********

 ...   76 / 103

 No. steps =      28   No. f-s =     704   No. J-s =       1   No. LU-s =       8
  No. nonlinear iterations =      33
  No. nonlinear convergence failures =       0
  No. error test failures =       0
  Last step size used =    0.64706E+07
  Index compenent largest error = ********

 ...   77 / 103

 No. steps =      28   No. f-s =     704   No. J-s =       1   No. LU-s =       8
  No. nonlinear iterations =      33
  No. nonlinear convergence failures =       0
  No. error test failures =       0
  Last step size used =    0.66789E+07
  Index compenent largest error = ********

 ...   78 / 103

 No. steps =      25   No. f-s =     701   No. J-s =       1   No. LU-s =       6
  No. nonlinear iterations =      30
  No. nonlinear convergence failures =       0
  No. error test failures =       0
  Last step size used =    0.48837E+07
  Index compenent largest error = ********

 ...   79 / 103

 No. steps =      25   No. f-s =     701   No. J-s =       1   No. LU-s =       7
  No. nonlinear iterations =      30
  No. nonlinear convergence failures =       0
  No. error test failures =       0
  Last step size used =    0.53164E+07
  Index compenent largest error = ********

 ...   80 / 103

 No. steps =      24   No. f-s =     700   No. J-s =       1   No. LU-s =       7
  No. nonlinear iterations =      29
  No. nonlinear convergence failures =       0
  No. error test failures =       0
  Last step size used =    0.60199E+07
  Index compenent largest error = ********

 ...   81 / 103

 No. steps =      23   No. f-s =     699   No. J-s =       1   No. LU-s =       7
  No. nonlinear iterations =      28
  No. nonlinear convergence failures =       0
  No. error test failures =       0
  Last step size used =    0.62826E+07
  Index compenent largest error = ********

 ...   82 / 103

 No. steps =      23   No. f-s =     699   No. J-s =       1   No. LU-s =       7
  No. nonlinear iterations =      28
  No. nonlinear convergence failures =       0
  No. error test failures =       0
  Last step size used =    0.63391E+07
  Index compenent largest error = ********

 ...   83 / 103

 No. steps =      23   No. f-s =     699   No. J-s =       1   No. LU-s =       7
  No. nonlinear iterations =      28
  No. nonlinear convergence failures =       0
  No. error test failures =       0
  Last step size used =    0.64385E+07
  Index compenent largest error = ********

 ...   84 / 103

 No. steps =      23   No. f-s =     699   No. J-s =       1   No. LU-s =       7
  No. nonlinear iterations =      28
  No. nonlinear convergence failures =       0
  No. error test failures =       0
  Last step size used =    0.68829E+07
  Index compenent largest error = ********

 ...   85 / 103

 No. steps =      22   No. f-s =     698   No. J-s =       1   No. LU-s =       7
  No. nonlinear iterations =      27
  No. nonlinear convergence failures =       0
  No. error test failures =       0
  Last step size used =    0.70744E+07
  Index compenent largest error = ********

 ...   86 / 103

 No. steps =      24   No. f-s =     700   No. J-s =       1   No. LU-s =       7
  No. nonlinear iterations =      29
  No. nonlinear convergence failures =       0
  No. error test failures =       0
  Last step size used =    0.59597E+07
  Index compenent largest error = ********

 ...   87 / 103

 No. steps =      23   No. f-s =     699   No. J-s =       1   No. LU-s =       7
  No. nonlinear iterations =      28
  No. nonlinear convergence failures =       0
  No. error test failures =       0
  Last step size used =    0.66855E+07
  Index compenent largest error = ********

 ...   88 / 103

 No. steps =      23   No. f-s =     699   No. J-s =       1   No. LU-s =       7
  No. nonlinear iterations =      28
  No. nonlinear convergence failures =       0
  No. error test failures =       0
  Last step size used =    0.68056E+07
  Index compenent largest error = ********

 ...   89 / 103

 No. steps =      23   No. f-s =     699   No. J-s =       1   No. LU-s =       7
  No. nonlinear iterations =      28
  No. nonlinear convergence failures =       0
  No. error test failures =       0
  Last step size used =    0.67230E+07
  Index compenent largest error = ********

 ...   90 / 103

 No. steps =      23   No. f-s =     699   No. J-s =       1   No. LU-s =       7
  No. nonlinear iterations =      28
  No. nonlinear convergence failures =       0
  No. error test failures =       0
  Last step size used =    0.64792E+07
  Index compenent largest error = ********

 ...   91 / 103

 No. steps =      23   No. f-s =     699   No. J-s =       1   No. LU-s =       7
  No. nonlinear iterations =      28
  No. nonlinear convergence failures =       0
  No. error test failures =       0
  Last step size used =    0.66918E+07
  Index compenent largest error = ********

 ...   92 / 103

 No. steps =      23   No. f-s =     699   No. J-s =       1   No. LU-s =       7
  No. nonlinear iterations =      28
  No. nonlinear convergence failures =       0
  No. error test failures =       0
  Last step size used =    0.63933E+07
  Index compenent largest error = ********

 ...   93 / 103

 No. steps =      24   No. f-s =     700   No. J-s =       1   No. LU-s =       7
  No. nonlinear iterations =      29
  No. nonlinear convergence failures =       0
  No. error test failures =       0
  Last step size used =    0.59671E+07
  Index compenent largest error = ********

 ...   94 / 103

 No. steps =      24   No. f-s =     700   No. J-s =       1   No. LU-s =       7
  No. nonlinear iterations =      29
  No. nonlinear convergence failures =       0
  No. error test failures =       0
  Last step size used =    0.58049E+07
  Index compenent largest error = ********

 ...   95 / 103

 No. steps =      24   No. f-s =     700   No. J-s =       1   No. LU-s =       7
  No. nonlinear iterations =      29
  No. nonlinear convergence failures =       0
  No. error test failures =       0
  Last step size used =    0.58329E+07
  Index compenent largest error = ********

 ...   96 / 103

 No. steps =      24   No. f-s =     700   No. J-s =       1   No. LU-s =       7
  No. nonlinear iterations =      29
  No. nonlinear convergence failures =       0
  No. error test failures =       0
  Last step size used =    0.58023E+07
  Index compenent largest error = ********

 ...   97 / 103

 No. steps =      24   No. f-s =     700   No. J-s =       1   No. LU-s =       7
  No. nonlinear iterations =      29
  No. nonlinear convergence failures =       0
  No. error test failures =       0
  Last step size used =    0.59963E+07
  Index compenent largest error = ********

 ...   98 / 103

 No. steps =      23   No. f-s =     699   No. J-s =       1   No. LU-s =       7
  No. nonlinear iterations =      28
  No. nonlinear convergence failures =       0
  No. error test failures =       0
  Last step size used =    0.62587E+07
  Index compenent largest error = ********

 ...   99 / 103

 No. steps =      23   No. f-s =     699   No. J-s =       1   No. LU-s =       7
  No. nonlinear iterations =      28
  No. nonlinear convergence failures =       0
  No. error test failures =       0
  Last step size used =    0.61990E+07
  Index compenent largest error = ********

 ...  100 / 103

 No. steps =      25   No. f-s =     700   No. J-s =       1   No. LU-s =       6
  No. nonlinear iterations =      29
  No. nonlinear convergence failures =       0
  No. error test failures =       0
  Last step size used =    0.60928E+07
  Index compenent largest error = ********

 ...  101 / 103

 No. steps =      25   No. f-s =     700   No. J-s =       1   No. LU-s =       6
  No. nonlinear iterations =      29
  No. nonlinear convergence failures =       0
  No. error test failures =       0
  Last step size used =    0.61384E+07
  Index compenent largest error = ********

 ...  102 / 103

 No. steps =      24   No. f-s =     699   No. J-s =       1   No. LU-s =       6
  No. nonlinear iterations =      28
  No. nonlinear convergence failures =       0
  No. error test failures =       0
  Last step size used =    0.64908E+07
  Index compenent largest error = ********

 ...  103 / 103

 No. steps =      24   No. f-s =     699   No. J-s =       1   No. LU-s =       6
  No. nonlinear iterations =      28
  No. nonlinear convergence failures =       0
  No. error test failures =       0
  Last step size used =    0.66360E+07
  Index compenent largest error = ********


    ... DONE!
 +++++++++++++++++++++++++++++++++++++++++++++++++++


+------------------ Job Report: 10176630 (COMPLETED) ------------------+
| Memory (RAM)  No data available                                      |
| CPU           [########            ] 44.4% average                   |
| Time          [>                   ]  0.8% (0-00:00:27 / 0-01:00:00) |
|                                                                      |
| Lustre Filesystem:                                                   |
|   No data available                                                  |
+----------------------------------------------------------------------+
