Starting job 10175762, array task 366 on dave34
Chemistry type: Orich
Analysis mode: false
Found 462 valid particle IDs in /fred/oz304/beckers/Chemistry/traces/wind_v10/trace_output_with_av
Returning 460 particle IDs (after start_index=2 offset)
SLURM task 366: processing particle 3314646
Running Orich evolving_model on 1 phantom particle trace(s) from wind_v10

 +++++++++++++++++++++++++++++++++++++++++++++++++++
 +++++        ENVELOPE CHEMICAL MODEL         ++++++
 +++++++++++++++++++++++++++++++++++++++++++++++++++

 Version 1.0 authored by Catherine Walsh and Maria 
    Drozdovskaya, Leiden Observatory (01/08/2013)

 Version 1.1 amended by Catherine Walsh (18/05/2014)

 Version 1.2 amended by Catherine Walsh (13/08/2015)

 +++++++++++++++++++++++++++++++++++++++++++++++++++

          Input file =  Orich/param/trace_file_param/file_parameters_3314646.txt              

 Physical conditions  = Orich/input/3314646.txt                                               
 Chemical network     = ./rate12_complex.rates                                                
 Species file         = ./rate12_complex_atomic_Orich.specs                                   
 Binding energies     = ./rate12_binding.dat                                                  
 Reaction parameters  = param/reaction_parameters.txt                                         
 Grain parameters     = param/grain_parameters.txt                                            
 Radiation parameters = param/radiation_parameters.txt                                        

 Output file          = Orich/output/model_output_3314646.dat                                 
 Rates file           = Orich/output/model_rates_3314646.dat                                  

 Opening and reading physical conditions file ...

 +++++++++++++++++++++++++++++++++++++++++++++++++++
 Beginning to run model ...
 +++++++++++++++++++++++++++++++++++++++++++++++++++

 Preparing output files ...

 Progress = ...
 ...    1 / 318

 No. steps =    1167   No. f-s =   17797   No. J-s =      24   No. LU-s =     174
  No. nonlinear iterations =    1764
  No. nonlinear convergence failures =       0
  No. error test failures =      56
  Last step size used =    0.32218E+09
  Index compenent largest error = ********

 ...    2 / 318

 No. steps =      88   No. f-s =    1442   No. J-s =       2   No. LU-s =      17
  No. nonlinear iterations =     103
  No. nonlinear convergence failures =       0
  No. error test failures =       1
  Last step size used =    0.24318E+07
  Index compenent largest error = ********

 ...    3 / 318

 No. steps =     655   No. f-s =   11067   No. J-s =      15   No. LU-s =     141
  No. nonlinear iterations =    1044
  No. nonlinear convergence failures =       0
  No. error test failures =      62
  Last step size used =    0.40104E+06
  Index compenent largest error = ********

 ...    4 / 318

 No. steps =     214   No. f-s =    2981   No. J-s =       4   No. LU-s =      45
  No. nonlinear iterations =     306
  No. nonlinear convergence failures =       0
  No. error test failures =      15
  Last step size used =    0.77062E+06
  Index compenent largest error = ********

 ...    5 / 318

 No. steps =     130   No. f-s =    2159   No. J-s =       3   No. LU-s =      22
  No. nonlinear iterations =     152
  No. nonlinear convergence failures =       0
  No. error test failures =       1
  Last step size used =    0.11070E+07
  Index compenent largest error = ********

 ...    6 / 318

 No. steps =     100   No. f-s =    1452   No. J-s =       2   No. LU-s =      17
  No. nonlinear iterations =     113
  No. nonlinear convergence failures =       0
  No. error test failures =       0
  Last step size used =    0.20958E+07
  Index compenent largest error = ********

 ...    7 / 318

 No. steps =      91   No. f-s =    1444   No. J-s =       2   No. LU-s =      14
  No. nonlinear iterations =     105
  No. nonlinear convergence failures =       0
  No. error test failures =       0
  Last step size used =    0.24557E+07
  Index compenent largest error = ********

 ...    8 / 318

 No. steps =      73   No. f-s =    1425   No. J-s =       2   No. LU-s =      14
  No. nonlinear iterations =      86
  No. nonlinear convergence failures =       0
  No. error test failures =       1
  Last step size used =    0.26669E+07
  Index compenent largest error = ********

 ...    9 / 318

 No. steps =      60   No. f-s =    1408   No. J-s =       2   No. LU-s =      13
  No. nonlinear iterations =      69
  No. nonlinear convergence failures =       0
  No. error test failures =       0
  Last step size used =    0.33055E+07
  Index compenent largest error = ********

 ...   10 / 318

 No. steps =      52   No. f-s =     731   No. J-s =       1   No. LU-s =      10
  No. nonlinear iterations =      60
  No. nonlinear convergence failures =       0
  No. error test failures =       0
  Last step size used =    0.29006E+07
  Index compenent largest error = ********

 ...   11 / 318

 No. steps =      58   No. f-s =     740   No. J-s =       1   No. LU-s =       9
  No. nonlinear iterations =      69
  No. nonlinear convergence failures =       0
  No. error test failures =       0
  Last step size used =    0.19174E+07
  Index compenent largest error = ********

 ...   12 / 318

 No. steps =      53   No. f-s =     734   No. J-s =       1   No. LU-s =      12
  No. nonlinear iterations =      63
  No. nonlinear convergence failures =       0
  No. error test failures =       0
  Last step size used =    0.33771E+07
  Index compenent largest error = ********

 ...   13 / 318

 No. steps =      54   No. f-s =     736   No. J-s =       1   No. LU-s =      12
  No. nonlinear iterations =      65
  No. nonlinear convergence failures =       0
  No. error test failures =       0
  Last step size used =    0.31860E+07
  Index compenent largest error = ********

 ...   14 / 318

 No. steps =      56   No. f-s =    1406   No. J-s =       2   No. LU-s =      12
  No. nonlinear iterations =      67
  No. nonlinear convergence failures =       0
  No. error test failures =       0
  Last step size used =    0.35365E+07
  Index compenent largest error = ********

 ...   15 / 318

 No. steps =      55   No. f-s =     736   No. J-s =       1   No. LU-s =      12
  No. nonlinear iterations =      65
  No. nonlinear convergence failures =       0
  No. error test failures =       0
  Last step size used =    0.30788E+07
  Index compenent largest error = ********

 ...   16 / 318

 No. steps =      52   No. f-s =     732   No. J-s =       1   No. LU-s =      12
  No. nonlinear iterations =      61
  No. nonlinear convergence failures =       0
  No. error test failures =       0
  Last step size used =    0.39575E+07
  Index compenent largest error = ********

 ...   17 / 318

 No. steps =      52   No. f-s =    1398   No. J-s =       2   No. LU-s =      12
  No. nonlinear iterations =      59
  No. nonlinear convergence failures =       0
  No. error test failures =       0
  Last step size used =    0.42243E+07
  Index compenent largest error = ********

 ...   18 / 318

 No. steps =      52   No. f-s =     730   No. J-s =       1   No. LU-s =      12
  No. nonlinear iterations =      59
  No. nonlinear convergence failures =       0
  No. error test failures =       0
  Last step size used =    0.35496E+07
  Index compenent largest error = ********

 ...   19 / 318

 No. steps =      52   No. f-s =     731   No. J-s =       1   No. LU-s =      11
  No. nonlinear iterations =      60
  No. nonlinear convergence failures =       0
  No. error test failures =       0
  Last step size used =    0.30261E+07
  Index compenent largest error = ********

 ...   20 / 318

 No. steps =      53   No. f-s =     731   No. J-s =       1   No. LU-s =      10
  No. nonlinear iterations =      60
  No. nonlinear convergence failures =       0
  No. error test failures =       0
  Last step size used =    0.31708E+07
  Index compenent largest error = ********

 ...   21 / 318

 No. steps =      53   No. f-s =     733   No. J-s =       1   No. LU-s =      11
  No. nonlinear iterations =      62
  No. nonlinear convergence failures =       0
  No. error test failures =       0
  Last step size used =    0.37816E+07
  Index compenent largest error = ********

 ...   22 / 318

 No. steps =      52   No. f-s =     732   No. J-s =       1   No. LU-s =      10
  No. nonlinear iterations =      61
  No. nonlinear convergence failures =       0
  No. error test failures =       0
  Last step size used =    0.40713E+07
  Index compenent largest error = ********

 ...   23 / 318

 No. steps =      51   No. f-s =     731   No. J-s =       1   No. LU-s =       9
  No. nonlinear iterations =      60
  No. nonlinear convergence failures =       0
  No. error test failures =       0
  Last step size used =    0.31661E+07
  Index compenent largest error = ********

 ...   24 / 318

 No. steps =      51   No. f-s =     730   No. J-s =       1   No. LU-s =       9
  No. nonlinear iterations =      59
  No. nonlinear convergence failures =       0
  No. error test failures =       0
  Last step size used =    0.31066E+07
  Index compenent largest error = ********

 ...   25 / 318

 No. steps =      51   No. f-s =     730   No. J-s =       1   No. LU-s =       9
  No. nonlinear iterations =      59
  No. nonlinear convergence failures =       0
  No. error test failures =       0
  Last step size used =    0.44925E+07
  Index compenent largest error = ********

 ...   26 / 318

 No. steps =      51   No. f-s =     730   No. J-s =       1   No. LU-s =       9
  No. nonlinear iterations =      59
  No. nonlinear convergence failures =       0
  No. error test failures =       0
  Last step size used =    0.31656E+07
  Index compenent largest error = ********

 ...   27 / 318

 No. steps =      52   No. f-s =     731   No. J-s =       1   No. LU-s =       9
  No. nonlinear iterations =      60
  No. nonlinear convergence failures =       0
  No. error test failures =       0
  Last step size used =    0.34816E+07
  Index compenent largest error = ********

 ...   28 / 318

 No. steps =      50   No. f-s =     729   No. J-s =       1   No. LU-s =      10
  No. nonlinear iterations =      58
  No. nonlinear convergence failures =       0
  No. error test failures =       0
  Last step size used =    0.43777E+07
  Index compenent largest error = ********

 ...   29 / 318

 No. steps =      51   No. f-s =     729   No. J-s =       1   No. LU-s =       9
  No. nonlinear iterations =      58
  No. nonlinear convergence failures =       0
  No. error test failures =       0
  Last step size used =    0.36457E+07
  Index compenent largest error = ********

 ...   30 / 318

 No. steps =      50   No. f-s =     729   No. J-s =       1   No. LU-s =      10
  No. nonlinear iterations =      58
  No. nonlinear convergence failures =       0
  No. error test failures =       0
  Last step size used =    0.46915E+07
  Index compenent largest error = ********

 ...   31 / 318

 No. steps =      51   No. f-s =     728   No. J-s =       1   No. LU-s =       9
  No. nonlinear iterations =      57
  No. nonlinear convergence failures =       0
  No. error test failures =       0
  Last step size used =    0.36051E+07
  Index compenent largest error = ********

 ...   32 / 318

 No. steps =      50   No. f-s =     727   No. J-s =       1   No. LU-s =       9
  No. nonlinear iterations =      56
  No. nonlinear convergence failures =       0
  No. error test failures =       0
  Last step size used =    0.37253E+07
  Index compenent largest error = ********

 ...   33 / 318

 No. steps =      48   No. f-s =     727   No. J-s =       1   No. LU-s =      10
  No. nonlinear iterations =      56
  No. nonlinear convergence failures =       0
  No. error test failures =       0
  Last step size used =    0.50281E+07
  Index compenent largest error = ********

 ...   34 / 318

 No. steps =      48   No. f-s =     727   No. J-s =       1   No. LU-s =      10
  No. nonlinear iterations =      56
  No. nonlinear convergence failures =       0
  No. error test failures =       0
  Last step size used =    0.52549E+07
  Index compenent largest error = ********

 ...   35 / 318

 No. steps =      48   No. f-s =     727   No. J-s =       1   No. LU-s =      10
  No. nonlinear iterations =      56
  No. nonlinear convergence failures =       0
  No. error test failures =       0
  Last step size used =    0.54278E+07
  Index compenent largest error = ********

 ...   36 / 318

 No. steps =      48   No. f-s =     726   No. J-s =       1   No. LU-s =       9
  No. nonlinear iterations =      55
  No. nonlinear convergence failures =       0
  No. error test failures =       0
  Last step size used =    0.35187E+07
  Index compenent largest error = ********

 ...   37 / 318

 No. steps =      47   No. f-s =     726   No. J-s =       1   No. LU-s =      10
  No. nonlinear iterations =      55
  No. nonlinear convergence failures =       0
  No. error test failures =       0
  Last step size used =    0.46479E+07
  Index compenent largest error = ********

 ...   38 / 318

 No. steps =      46   No. f-s =     725   No. J-s =       1   No. LU-s =      10
  No. nonlinear iterations =      54
  No. nonlinear convergence failures =       0
  No. error test failures =       0
  Last step size used =    0.49452E+07
  Index compenent largest error = ********

 ...   39 / 318

 No. steps =      46   No. f-s =     725   No. J-s =       1   No. LU-s =      10
  No. nonlinear iterations =      54
  No. nonlinear convergence failures =       0
  No. error test failures =       0
  Last step size used =    0.50409E+07
  Index compenent largest error = ********

 ...   40 / 318

 No. steps =      45   No. f-s =     724   No. J-s =       1   No. LU-s =       9
  No. nonlinear iterations =      53
  No. nonlinear convergence failures =       0
  No. error test failures =       0
  Last step size used =    0.35849E+07
  Index compenent largest error = ********

 ...   41 / 318

 No. steps =      45   No. f-s =     724   No. J-s =       1   No. LU-s =       9
  No. nonlinear iterations =      53
  No. nonlinear convergence failures =       0
  No. error test failures =       0
  Last step size used =    0.37737E+07
  Index compenent largest error = ********

 ...   42 / 318

 No. steps =      43   No. f-s =     722   No. J-s =       1   No. LU-s =       9
  No. nonlinear iterations =      51
  No. nonlinear convergence failures =       0
  No. error test failures =       0
  Last step size used =    0.41510E+07
  Index compenent largest error = ********

 ...   43 / 318

 No. steps =      43   No. f-s =     722   No. J-s =       1   No. LU-s =       9
  No. nonlinear iterations =      51
  No. nonlinear convergence failures =       0
  No. error test failures =       0
  Last step size used =    0.42896E+07
  Index compenent largest error = ********

 ...   44 / 318

 No. steps =      43   No. f-s =     722   No. J-s =       1   No. LU-s =       9
  No. nonlinear iterations =      51
  No. nonlinear convergence failures =       0
  No. error test failures =       0
  Last step size used =    0.43116E+07
  Index compenent largest error = ********

 ...   45 / 318

 No. steps =      42   No. f-s =     719   No. J-s =       1   No. LU-s =       8
  No. nonlinear iterations =      48
  No. nonlinear convergence failures =       0
  No. error test failures =       0
  Last step size used =    0.42838E+07
  Index compenent largest error = ********

 ...   46 / 318

 No. steps =      41   No. f-s =     718   No. J-s =       1   No. LU-s =       9
  No. nonlinear iterations =      47
  No. nonlinear convergence failures =       0
  No. error test failures =       0
  Last step size used =    0.64597E+07
  Index compenent largest error = ********

 ...   47 / 318

 No. steps =      41   No. f-s =     718   No. J-s =       1   No. LU-s =       8
  No. nonlinear iterations =      47
  No. nonlinear convergence failures =       0
  No. error test failures =       0
  Last step size used =    0.46098E+07
  Index compenent largest error = ********

 ...   48 / 318

 No. steps =      40   No. f-s =     717   No. J-s =       1   No. LU-s =       9
  No. nonlinear iterations =      46
  No. nonlinear convergence failures =       0
  No. error test failures =       0
  Last step size used =    0.38815E+07
  Index compenent largest error = ********

 ...   49 / 318

 No. steps =      40   No. f-s =     717   No. J-s =       1   No. LU-s =       9
  No. nonlinear iterations =      46
  No. nonlinear convergence failures =       0
  No. error test failures =       0
  Last step size used =    0.38933E+07
  Index compenent largest error = ********

 ...   50 / 318

 No. steps =      39   No. f-s =     716   No. J-s =       1   No. LU-s =       9
  No. nonlinear iterations =      45
  No. nonlinear convergence failures =       0
  No. error test failures =       0
  Last step size used =    0.40559E+07
  Index compenent largest error = ********

 ...   51 / 318

 No. steps =      39   No. f-s =     716   No. J-s =       1   No. LU-s =       9
  No. nonlinear iterations =      45
  No. nonlinear convergence failures =       0
  No. error test failures =       0
  Last step size used =    0.41984E+07
  Index compenent largest error = ********

 ...   52 / 318

 No. steps =      36   No. f-s =     714   No. J-s =       1   No. LU-s =       8
  No. nonlinear iterations =      43
  No. nonlinear convergence failures =       0
  No. error test failures =       0
  Last step size used =    0.48738E+07
  Index compenent largest error = ********

 ...   53 / 318

 No. steps =      37   No. f-s =     715   No. J-s =       1   No. LU-s =       8
  No. nonlinear iterations =      44
  No. nonlinear convergence failures =       0
  No. error test failures =       0
  Last step size used =    0.46407E+07
  Index compenent largest error = ********

 ...   54 / 318

 No. steps =      36   No. f-s =     714   No. J-s =       1   No. LU-s =       8
  No. nonlinear iterations =      43
  No. nonlinear convergence failures =       0
  No. error test failures =       0
  Last step size used =    0.49446E+07
  Index compenent largest error = ********

 ...   55 / 318

 No. steps =      36   No. f-s =     714   No. J-s =       1   No. LU-s =       8
  No. nonlinear iterations =      43
  No. nonlinear convergence failures =       0
  No. error test failures =       0
  Last step size used =    0.49364E+07
  Index compenent largest error = ********

 ...   56 / 318

 No. steps =      37   No. f-s =     715   No. J-s =       1   No. LU-s =       8
  No. nonlinear iterations =      44
  No. nonlinear convergence failures =       0
  No. error test failures =       0
  Last step size used =    0.44354E+07
  Index compenent largest error = ********

 ...   57 / 318

 No. steps =      36   No. f-s =     714   No. J-s =       1   No. LU-s =       8
  No. nonlinear iterations =      43
  No. nonlinear convergence failures =       0
  No. error test failures =       0
  Last step size used =    0.48926E+07
  Index compenent largest error = ********

 ...   58 / 318

 No. steps =      40   No. f-s =     717   No. J-s =       1   No. LU-s =      10
  No. nonlinear iterations =      46
  No. nonlinear convergence failures =       0
  No. error test failures =       0
  Last step size used =    0.58175E+07
  Index compenent largest error = ********

 ...   59 / 318

 No. steps =      37   No. f-s =     714   No. J-s =       1   No. LU-s =       8
  No. nonlinear iterations =      43
  No. nonlinear convergence failures =       0
  No. error test failures =       0
  Last step size used =    0.53944E+07
  Index compenent largest error = ********

 ...   60 / 318

 No. steps =      37   No. f-s =     715   No. J-s =       1   No. LU-s =       8
  No. nonlinear iterations =      44
  No. nonlinear convergence failures =       0
  No. error test failures =       0
  Last step size used =    0.46667E+07
  Index compenent largest error = ********

 ...   61 / 318

 No. steps =      37   No. f-s =     715   No. J-s =       1   No. LU-s =       8
  No. nonlinear iterations =      44
  No. nonlinear convergence failures =       0
  No. error test failures =       0
  Last step size used =    0.45681E+07
  Index compenent largest error = ********

 ...   62 / 318

 No. steps =      37   No. f-s =     714   No. J-s =       1   No. LU-s =       8
  No. nonlinear iterations =      43
  No. nonlinear convergence failures =       0
  No. error test failures =       0
  Last step size used =    0.53327E+07
  Index compenent largest error = ********

 ...   63 / 318

 No. steps =      37   No. f-s =     714   No. J-s =       1   No. LU-s =       8
  No. nonlinear iterations =      43
  No. nonlinear convergence failures =       0
  No. error test failures =       0
  Last step size used =    0.55370E+07
  Index compenent largest error = ********

 ...   64 / 318

 No. steps =      40   No. f-s =     717   No. J-s =       1   No. LU-s =      10
  No. nonlinear iterations =      46
  No. nonlinear convergence failures =       0
  No. error test failures =       0
  Last step size used =    0.59291E+07
  Index compenent largest error = ********

 ...   65 / 318

 No. steps =      40   No. f-s =     717   No. J-s =       1   No. LU-s =      10
  No. nonlinear iterations =      46
  No. nonlinear convergence failures =       0
  No. error test failures =       0
  Last step size used =    0.60789E+07
  Index compenent largest error = ********

 ...   66 / 318

 No. steps =      37   No. f-s =     715   No. J-s =       1   No. LU-s =       8
  No. nonlinear iterations =      44
  No. nonlinear convergence failures =       0
  No. error test failures =       0
  Last step size used =    0.44614E+07
  Index compenent largest error = ********

 ...   67 / 318

 No. steps =      37   No. f-s =     715   No. J-s =       1   No. LU-s =       8
  No. nonlinear iterations =      44
  No. nonlinear convergence failures =       0
  No. error test failures =       0
  Last step size used =    0.46837E+07
  Index compenent largest error = ********

 ...   68 / 318

 No. steps =      38   No. f-s =     715   No. J-s =       1   No. LU-s =       8
  No. nonlinear iterations =      44
  No. nonlinear convergence failures =       0
  No. error test failures =       0
  Last step size used =    0.52168E+07
  Index compenent largest error = ********

 ...   69 / 318

 No. steps =      41   No. f-s =     718   No. J-s =       1   No. LU-s =      10
  No. nonlinear iterations =      47
  No. nonlinear convergence failures =       0
  No. error test failures =       0
  Last step size used =    0.63527E+07
  Index compenent largest error = ********

 ...   70 / 318

 No. steps =      37   No. f-s =     715   No. J-s =       1   No. LU-s =       8
  No. nonlinear iterations =      44
  No. nonlinear convergence failures =       0
  No. error test failures =       0
  Last step size used =    0.46915E+07
  Index compenent largest error = ********

 ...   71 / 318

 No. steps =      40   No. f-s =     717   No. J-s =       1   No. LU-s =      10
  No. nonlinear iterations =      46
  No. nonlinear convergence failures =       0
  No. error test failures =       0
  Last step size used =    0.58074E+07
  Index compenent largest error = ********

 ...   72 / 318

 No. steps =      38   No. f-s =     715   No. J-s =       1   No. LU-s =       8
  No. nonlinear iterations =      44
  No. nonlinear convergence failures =       0
  No. error test failures =       0
  Last step size used =    0.52693E+07
  Index compenent largest error = ********

 ...   73 / 318

 No. steps =      37   No. f-s =     715   No. J-s =       1   No. LU-s =       8
  No. nonlinear iterations =      44
  No. nonlinear convergence failures =       0
  No. error test failures =       0
  Last step size used =    0.45292E+07
  Index compenent largest error = ********

 ...   74 / 318

 No. steps =      37   No. f-s =     715   No. J-s =       1   No. LU-s =       8
  No. nonlinear iterations =      44
  No. nonlinear convergence failures =       0
  No. error test failures =       0
  Last step size used =    0.44837E+07
  Index compenent largest error = ********

 ...   75 / 318

 No. steps =      40   No. f-s =     717   No. J-s =       1   No. LU-s =       9
  No. nonlinear iterations =      46
  No. nonlinear convergence failures =       0
  No. error test failures =       0
  Last step size used =    0.39190E+07
  Index compenent largest error = ********

 ...   76 / 318

 No. steps =      40   No. f-s =     717   No. J-s =       1   No. LU-s =       9
  No. nonlinear iterations =      46
  No. nonlinear convergence failures =       0
  No. error test failures =       0
  Last step size used =    0.39435E+07
  Index compenent largest error = ********

 ...   77 / 318

 No. steps =      40   No. f-s =     717   No. J-s =       1   No. LU-s =       9
  No. nonlinear iterations =      46
  No. nonlinear convergence failures =       0
  No. error test failures =       0
  Last step size used =    0.39698E+07
  Index compenent largest error = ********

 ...   78 / 318

 No. steps =      39   No. f-s =     716   No. J-s =       1   No. LU-s =       9
  No. nonlinear iterations =      45
  No. nonlinear convergence failures =       0
  No. error test failures =       0
  Last step size used =    0.41128E+07
  Index compenent largest error = ********

 ...   79 / 318

 No. steps =      38   No. f-s =     715   No. J-s =       1   No. LU-s =       8
  No. nonlinear iterations =      44
  No. nonlinear convergence failures =       0
  No. error test failures =       0
  Last step size used =    0.47750E+07
  Index compenent largest error = ********

 ...   80 / 318

 No. steps =      39   No. f-s =     716   No. J-s =       1   No. LU-s =       9
  No. nonlinear iterations =      45
  No. nonlinear convergence failures =       0
  No. error test failures =       0
  Last step size used =    0.41280E+07
  Index compenent largest error = ********

 ...   81 / 318

 No. steps =      39   No. f-s =     716   No. J-s =       1   No. LU-s =       9
  No. nonlinear iterations =      45
  No. nonlinear convergence failures =       0
  No. error test failures =       0
  Last step size used =    0.42601E+07
  Index compenent largest error = ********

 ...   82 / 318

 No. steps =      39   No. f-s =     716   No. J-s =       1   No. LU-s =       9
  No. nonlinear iterations =      45
  No. nonlinear convergence failures =       0
  No. error test failures =       0
  Last step size used =    0.42425E+07
  Index compenent largest error = ********

 ...   83 / 318

 No. steps =      38   No. f-s =     715   No. J-s =       1   No. LU-s =       9
  No. nonlinear iterations =      44
  No. nonlinear convergence failures =       0
  No. error test failures =       0
  Last step size used =    0.53541E+07
  Index compenent largest error = ********

 ...   84 / 318

 No. steps =      38   No. f-s =     715   No. J-s =       1   No. LU-s =       8
  No. nonlinear iterations =      44
  No. nonlinear convergence failures =       0
  No. error test failures =       0
  Last step size used =    0.49425E+07
  Index compenent largest error = ********

 ...   85 / 318

 No. steps =      38   No. f-s =     715   No. J-s =       1   No. LU-s =       8
  No. nonlinear iterations =      44
  No. nonlinear convergence failures =       0
  No. error test failures =       0
  Last step size used =    0.49409E+07
  Index compenent largest error = ********

 ...   86 / 318

 No. steps =      38   No. f-s =     715   No. J-s =       1   No. LU-s =       9
  No. nonlinear iterations =      44
  No. nonlinear convergence failures =       0
  No. error test failures =       0
  Last step size used =    0.61890E+07
  Index compenent largest error = ********

 ...   87 / 318

 No. steps =      38   No. f-s =     715   No. J-s =       1   No. LU-s =       9
  No. nonlinear iterations =      44
  No. nonlinear convergence failures =       0
  No. error test failures =       0
  Last step size used =    0.64762E+07
  Index compenent largest error = ********

 ...   88 / 318

 No. steps =      38   No. f-s =     715   No. J-s =       1   No. LU-s =       9
  No. nonlinear iterations =      44
  No. nonlinear convergence failures =       0
  No. error test failures =       0
  Last step size used =    0.64631E+07
  Index compenent largest error = ********

 ...   89 / 318

 No. steps =      37   No. f-s =     714   No. J-s =       1   No. LU-s =       8
  No. nonlinear iterations =      43
  No. nonlinear convergence failures =       0
  No. error test failures =       0
  Last step size used =    0.52148E+07
  Index compenent largest error = ********

 ...   90 / 318

 No. steps =      38   No. f-s =     715   No. J-s =       1   No. LU-s =       8
  No. nonlinear iterations =      44
  No. nonlinear convergence failures =       0
  No. error test failures =       0
  Last step size used =    0.51315E+07
  Index compenent largest error = ********

 ...   91 / 318

 No. steps =      37   No. f-s =     714   No. J-s =       1   No. LU-s =       8
  No. nonlinear iterations =      43
  No. nonlinear convergence failures =       0
  No. error test failures =       0
  Last step size used =    0.57347E+07
  Index compenent largest error = ********

 ...   92 / 318

 No. steps =      36   No. f-s =     713   No. J-s =       1   No. LU-s =       8
  No. nonlinear iterations =      42
  No. nonlinear convergence failures =       0
  No. error test failures =       0
  Last step size used =    0.58508E+07
  Index compenent largest error = ********

 ...   93 / 318

 No. steps =      36   No. f-s =     713   No. J-s =       1   No. LU-s =       8
  No. nonlinear iterations =      42
  No. nonlinear convergence failures =       0
  No. error test failures =       0
  Last step size used =    0.58717E+07
  Index compenent largest error = ********

 ...   94 / 318

 No. steps =      36   No. f-s =     713   No. J-s =       1   No. LU-s =       8
  No. nonlinear iterations =      42
  No. nonlinear convergence failures =       0
  No. error test failures =       0
  Last step size used =    0.60543E+07
  Index compenent largest error = ********

 ...   95 / 318

 No. steps =      36   No. f-s =     713   No. J-s =       1   No. LU-s =       8
  No. nonlinear iterations =      42
  No. nonlinear convergence failures =       0
  No. error test failures =       0
  Last step size used =    0.61244E+07
  Index compenent largest error = ********

 ...   96 / 318

 No. steps =      36   No. f-s =     713   No. J-s =       1   No. LU-s =       8
  No. nonlinear iterations =      42
  No. nonlinear convergence failures =       0
  No. error test failures =       0
  Last step size used =    0.61384E+07
  Index compenent largest error = ********

 ...   97 / 318

 No. steps =      36   No. f-s =     713   No. J-s =       1   No. LU-s =       8
  No. nonlinear iterations =      42
  No. nonlinear convergence failures =       0
  No. error test failures =       0
  Last step size used =    0.63094E+07
  Index compenent largest error = ********

 ...   98 / 318

 No. steps =      36   No. f-s =     713   No. J-s =       1   No. LU-s =       8
  No. nonlinear iterations =      42
  No. nonlinear convergence failures =       0
  No. error test failures =       0
  Last step size used =    0.65422E+07
  Index compenent largest error = ********

 ...   99 / 318

 No. steps =      35   No. f-s =     711   No. J-s =       1   No. LU-s =       7
  No. nonlinear iterations =      40
  No. nonlinear convergence failures =       0
  No. error test failures =       0
  Last step size used =    0.45047E+07
  Index compenent largest error = ********

 ...  100 / 318

 No. steps =      34   No. f-s =     710   No. J-s =       1   No. LU-s =       9
  No. nonlinear iterations =      39
  No. nonlinear convergence failures =       0
  No. error test failures =       0
  Last step size used =    0.55327E+07
  Index compenent largest error = ********

 ...  101 / 318

 No. steps =      34   No. f-s =     710   No. J-s =       1   No. LU-s =       9
  No. nonlinear iterations =      39
  No. nonlinear convergence failures =       0
  No. error test failures =       0
  Last step size used =    0.56021E+07
  Index compenent largest error = ********

 ...  102 / 318

 No. steps =      31   No. f-s =     708   No. J-s =       1   No. LU-s =       8
  No. nonlinear iterations =      37
  No. nonlinear convergence failures =       0
  No. error test failures =       0
  Last step size used =    0.59115E+07
  Index compenent largest error = ********

 ...  103 / 318

 No. steps =      31   No. f-s =     708   No. J-s =       1   No. LU-s =       8
  No. nonlinear iterations =      37
  No. nonlinear convergence failures =       0
  No. error test failures =       0
  Last step size used =    0.61558E+07
  Index compenent largest error = ********

 ...  104 / 318

 No. steps =      31   No. f-s =     708   No. J-s =       1   No. LU-s =       8
  No. nonlinear iterations =      37
  No. nonlinear convergence failures =       0
  No. error test failures =       0
  Last step size used =    0.63775E+07
  Index compenent largest error = ********

 ...  105 / 318

 No. steps =      31   No. f-s =     707   No. J-s =       1   No. LU-s =       8
  No. nonlinear iterations =      36
  No. nonlinear convergence failures =       0
  No. error test failures =       0
  Last step size used =    0.45426E+07
  Index compenent largest error = ********

 ...  106 / 318

 No. steps =      31   No. f-s =     707   No. J-s =       1   No. LU-s =       8
  No. nonlinear iterations =      36
  No. nonlinear convergence failures =       0
  No. error test failures =       0
  Last step size used =    0.46306E+07
  Index compenent largest error = ********

 ...  107 / 318

 No. steps =      31   No. f-s =     708   No. J-s =       1   No. LU-s =       8
  No. nonlinear iterations =      37
  No. nonlinear convergence failures =       0
  No. error test failures =       0
  Last step size used =    0.63000E+07
  Index compenent largest error = ********

 ...  108 / 318

 No. steps =      31   No. f-s =     707   No. J-s =       1   No. LU-s =       8
  No. nonlinear iterations =      36
  No. nonlinear convergence failures =       0
  No. error test failures =       0
  Last step size used =    0.45809E+07
  Index compenent largest error = ********

 ...  109 / 318

 No. steps =      30   No. f-s =     706   No. J-s =       1   No. LU-s =       8
  No. nonlinear iterations =      35
  No. nonlinear convergence failures =       0
  No. error test failures =       0
  Last step size used =    0.48231E+07
  Index compenent largest error = ********

 ...  110 / 318

 No. steps =      30   No. f-s =     706   No. J-s =       1   No. LU-s =       8
  No. nonlinear iterations =      35
  No. nonlinear convergence failures =       0
  No. error test failures =       0
  Last step size used =    0.50137E+07
  Index compenent largest error = ********

 ...  111 / 318

 No. steps =      29   No. f-s =     705   No. J-s =       1   No. LU-s =       8
  No. nonlinear iterations =      34
  No. nonlinear convergence failures =       0
  No. error test failures =       0
  Last step size used =    0.57443E+07
  Index compenent largest error = ********

 ...  112 / 318

 No. steps =      29   No. f-s =     705   No. J-s =       1   No. LU-s =       8
  No. nonlinear iterations =      34
  No. nonlinear convergence failures =       0
  No. error test failures =       0
  Last step size used =    0.53445E+07
  Index compenent largest error = ********

 ...  113 / 318

 No. steps =      29   No. f-s =     705   No. J-s =       1   No. LU-s =       8
  No. nonlinear iterations =      34
  No. nonlinear convergence failures =       0
  No. error test failures =       0
  Last step size used =    0.58387E+07
  Index compenent largest error = ********

 ...  114 / 318

 No. steps =      28   No. f-s =     704   No. J-s =       1   No. LU-s =       8
  No. nonlinear iterations =      33
  No. nonlinear convergence failures =       0
  No. error test failures =       0
  Last step size used =    0.60290E+07
  Index compenent largest error = ********

 ...  115 / 318

 No. steps =      29   No. f-s =     705   No. J-s =       1   No. LU-s =       8
  No. nonlinear iterations =      34
  No. nonlinear convergence failures =       0
  No. error test failures =       0
  Last step size used =    0.59129E+07
  Index compenent largest error = ********

 ...  116 / 318

 No. steps =      27   No. f-s =     703   No. J-s =       1   No. LU-s =       8
  No. nonlinear iterations =      32
  No. nonlinear convergence failures =       0
  No. error test failures =       0
  Last step size used =    0.69575E+07
  Index compenent largest error = ********

 ...  117 / 318

 No. steps =      28   No. f-s =     704   No. J-s =       1   No. LU-s =       8
  No. nonlinear iterations =      33
  No. nonlinear convergence failures =       0
  No. error test failures =       0
  Last step size used =    0.54420E+07
  Index compenent largest error = ********

 ...  118 / 318

 No. steps =      28   No. f-s =     704   No. J-s =       1   No. LU-s =       8
  No. nonlinear iterations =      33
  No. nonlinear convergence failures =       0
  No. error test failures =       0
  Last step size used =    0.56144E+07
  Index compenent largest error = ********

 ...  119 / 318

 No. steps =      28   No. f-s =     704   No. J-s =       1   No. LU-s =       8
  No. nonlinear iterations =      33
  No. nonlinear convergence failures =       0
  No. error test failures =       0
  Last step size used =    0.57788E+07
  Index compenent largest error = ********

 ...  120 / 318

 No. steps =      28   No. f-s =     704   No. J-s =       1   No. LU-s =       8
  No. nonlinear iterations =      33
  No. nonlinear convergence failures =       0
  No. error test failures =       0
  Last step size used =    0.60176E+07
  Index compenent largest error = ********

 ...  121 / 318

 No. steps =      27   No. f-s =     703   No. J-s =       1   No. LU-s =       8
  No. nonlinear iterations =      32
  No. nonlinear convergence failures =       0
  No. error test failures =       0
  Last step size used =    0.62146E+07
  Index compenent largest error = ********

 ...  122 / 318

 No. steps =      27   No. f-s =     706   No. J-s =       1   No. LU-s =       9
  No. nonlinear iterations =      35
  No. nonlinear convergence failures =       0
  No. error test failures =       0
  Last step size used =    0.94687E+07
  Index compenent largest error = ********

 ...  123 / 318

 No. steps =      27   No. f-s =     703   No. J-s =       1   No. LU-s =       8
  No. nonlinear iterations =      32
  No. nonlinear convergence failures =       0
  No. error test failures =       0
  Last step size used =    0.65043E+07
  Index compenent largest error = ********

 ...  124 / 318

 No. steps =      27   No. f-s =     703   No. J-s =       1   No. LU-s =       8
  No. nonlinear iterations =      32
  No. nonlinear convergence failures =       0
  No. error test failures =       0
  Last step size used =    0.69461E+07
  Index compenent largest error = ********

 ...  125 / 318

 No. steps =      26   No. f-s =     702   No. J-s =       1   No. LU-s =       8
  No. nonlinear iterations =      31
  No. nonlinear convergence failures =       0
  No. error test failures =       0
  Last step size used =    0.71265E+07
  Index compenent largest error = ********

 ...  126 / 318

 No. steps =      27   No. f-s =     703   No. J-s =       1   No. LU-s =       8
  No. nonlinear iterations =      32
  No. nonlinear convergence failures =       0
  No. error test failures =       0
  Last step size used =    0.64916E+07
  Index compenent largest error = ********

 ...  127 / 318

 No. steps =      26   No. f-s =     704   No. J-s =       1   No. LU-s =       9
  No. nonlinear iterations =      33
  No. nonlinear convergence failures =       0
  No. error test failures =       0
  Last step size used =    0.97516E+07
  Index compenent largest error = ********

 ...  128 / 318

 No. steps =      27   No. f-s =     703   No. J-s =       1   No. LU-s =       8
  No. nonlinear iterations =      32
  No. nonlinear convergence failures =       0
  No. error test failures =       0
  Last step size used =    0.67738E+07
  Index compenent largest error = ********

 ...  129 / 318

 No. steps =      27   No. f-s =     703   No. J-s =       1   No. LU-s =       8
  No. nonlinear iterations =      32
  No. nonlinear convergence failures =       0
  No. error test failures =       0
  Last step size used =    0.62799E+07
  Index compenent largest error = ********

 ...  130 / 318

 No. steps =      27   No. f-s =     703   No. J-s =       1   No. LU-s =       8
  No. nonlinear iterations =      32
  No. nonlinear convergence failures =       0
  No. error test failures =       0
  Last step size used =    0.69961E+07
  Index compenent largest error = ********

 ...  131 / 318

 No. steps =      27   No. f-s =     703   No. J-s =       1   No. LU-s =       8
  No. nonlinear iterations =      32
  No. nonlinear convergence failures =       0
  No. error test failures =       0
  Last step size used =    0.68711E+07
  Index compenent largest error = ********

 ...  132 / 318

 No. steps =      26   No. f-s =     703   No. J-s =       1   No. LU-s =       8
  No. nonlinear iterations =      32
  No. nonlinear convergence failures =       0
  No. error test failures =       0
  Last step size used =    0.66602E+07
  Index compenent largest error = ********

 ...  133 / 318

 No. steps =      26   No. f-s =     702   No. J-s =       1   No. LU-s =       8
  No. nonlinear iterations =      31
  No. nonlinear convergence failures =       0
  No. error test failures =       0
  Last step size used =    0.72016E+07
  Index compenent largest error = ********

 ...  134 / 318

 No. steps =      27   No. f-s =     703   No. J-s =       1   No. LU-s =       8
  No. nonlinear iterations =      32
  No. nonlinear convergence failures =       0
  No. error test failures =       0
  Last step size used =    0.69878E+07
  Index compenent largest error = ********

 ...  135 / 318

 No. steps =      27   No. f-s =     703   No. J-s =       1   No. LU-s =       8
  No. nonlinear iterations =      32
  No. nonlinear convergence failures =       0
  No. error test failures =       0
  Last step size used =    0.66303E+07
  Index compenent largest error = ********

 ...  136 / 318

 No. steps =      26   No. f-s =     703   No. J-s =       1   No. LU-s =       8
  No. nonlinear iterations =      32
  No. nonlinear convergence failures =       0
  No. error test failures =       0
  Last step size used =    0.68282E+07
  Index compenent largest error = ********

 ...  137 / 318

 No. steps =      26   No. f-s =     702   No. J-s =       1   No. LU-s =       8
  No. nonlinear iterations =      31
  No. nonlinear convergence failures =       0
  No. error test failures =       0
  Last step size used =    0.71557E+07
  Index compenent largest error = ********

 ...  138 / 318

 No. steps =      26   No. f-s =     704   No. J-s =       1   No. LU-s =       9
  No. nonlinear iterations =      33
  No. nonlinear convergence failures =       0
  No. error test failures =       0
  Last step size used =    0.99197E+07
  Index compenent largest error = ********

 ...  139 / 318

 No. steps =      26   No. f-s =     702   No. J-s =       1   No. LU-s =       8
  No. nonlinear iterations =      31
  No. nonlinear convergence failures =       0
  No. error test failures =       0
  Last step size used =    0.73502E+07
  Index compenent largest error = ********

 ...  140 / 318

 No. steps =      27   No. f-s =     703   No. J-s =       1   No. LU-s =       8
  No. nonlinear iterations =      32
  No. nonlinear convergence failures =       0
  No. error test failures =       0
  Last step size used =    0.63689E+07
  Index compenent largest error = ********

 ...  141 / 318

 No. steps =      26   No. f-s =     702   No. J-s =       1   No. LU-s =       8
  No. nonlinear iterations =      31
  No. nonlinear convergence failures =       0
  No. error test failures =       0
  Last step size used =    0.73478E+07
  Index compenent largest error = ********

 ...  142 / 318

 No. steps =      26   No. f-s =     702   No. J-s =       1   No. LU-s =       8
  No. nonlinear iterations =      31
  No. nonlinear convergence failures =       0
  No. error test failures =       0
  Last step size used =    0.75033E+07
  Index compenent largest error = ********

 ...  143 / 318

 No. steps =      26   No. f-s =     702   No. J-s =       1   No. LU-s =       8
  No. nonlinear iterations =      31
  No. nonlinear convergence failures =       0
  No. error test failures =       0
  Last step size used =    0.77526E+07
  Index compenent largest error = ********

 ...  144 / 318

 No. steps =      26   No. f-s =     702   No. J-s =       1   No. LU-s =       8
  No. nonlinear iterations =      31
  No. nonlinear convergence failures =       0
  No. error test failures =       0
  Last step size used =    0.75967E+07
  Index compenent largest error = ********

 ...  145 / 318

 No. steps =      27   No. f-s =     703   No. J-s =       1   No. LU-s =       8
  No. nonlinear iterations =      32
  No. nonlinear convergence failures =       0
  No. error test failures =       0
  Last step size used =    0.67541E+07
  Index compenent largest error = ********

 ...  146 / 318

 No. steps =      26   No. f-s =     702   No. J-s =       1   No. LU-s =       8
  No. nonlinear iterations =      31
  No. nonlinear convergence failures =       0
  No. error test failures =       0
  Last step size used =    0.72743E+07
  Index compenent largest error = ********

 ...  147 / 318

 No. steps =      26   No. f-s =     702   No. J-s =       1   No. LU-s =       8
  No. nonlinear iterations =      31
  No. nonlinear convergence failures =       0
  No. error test failures =       0
  Last step size used =    0.74781E+07
  Index compenent largest error = ********

 ...  148 / 318

 No. steps =      25   No. f-s =     701   No. J-s =       1   No. LU-s =       7
  No. nonlinear iterations =      30
  No. nonlinear convergence failures =       0
  No. error test failures =       0
  Last step size used =    0.55672E+07
  Index compenent largest error = ********

 ...  149 / 318

 No. steps =      26   No. f-s =     702   No. J-s =       1   No. LU-s =       8
  No. nonlinear iterations =      31
  No. nonlinear convergence failures =       0
  No. error test failures =       0
  Last step size used =    0.78818E+07
  Index compenent largest error = ********

 ...  150 / 318

 No. steps =      26   No. f-s =     702   No. J-s =       1   No. LU-s =       8
  No. nonlinear iterations =      31
  No. nonlinear convergence failures =       0
  No. error test failures =       0
  Last step size used =    0.76531E+07
  Index compenent largest error = ********

 ...  151 / 318

 No. steps =      27   No. f-s =     703   No. J-s =       1   No. LU-s =       8
  No. nonlinear iterations =      32
  No. nonlinear convergence failures =       0
  No. error test failures =       0
  Last step size used =    0.67018E+07
  Index compenent largest error = ********

 ...  152 / 318

 No. steps =      26   No. f-s =     702   No. J-s =       1   No. LU-s =       8
  No. nonlinear iterations =      31
  No. nonlinear convergence failures =       0
  No. error test failures =       0
  Last step size used =    0.78130E+07
  Index compenent largest error = ********

 ...  153 / 318

 No. steps =      25   No. f-s =     701   No. J-s =       1   No. LU-s =       7
  No. nonlinear iterations =      30
  No. nonlinear convergence failures =       0
  No. error test failures =       0
  Last step size used =    0.57453E+07
  Index compenent largest error = ********

 ...  154 / 318

 No. steps =      26   No. f-s =     702   No. J-s =       1   No. LU-s =       8
  No. nonlinear iterations =      31
  No. nonlinear convergence failures =       0
  No. error test failures =       0
  Last step size used =    0.77312E+07
  Index compenent largest error = ********

 ...  155 / 318

 No. steps =      26   No. f-s =     702   No. J-s =       1   No. LU-s =       8
  No. nonlinear iterations =      31
  No. nonlinear convergence failures =       0
  No. error test failures =       0
  Last step size used =    0.76403E+07
  Index compenent largest error = ********

 ...  156 / 318

 No. steps =      26   No. f-s =     702   No. J-s =       1   No. LU-s =       8
  No. nonlinear iterations =      31
  No. nonlinear convergence failures =       0
  No. error test failures =       0
  Last step size used =    0.78124E+07
  Index compenent largest error = ********

 ...  157 / 318

 No. steps =      26   No. f-s =     702   No. J-s =       1   No. LU-s =       8
  No. nonlinear iterations =      31
  No. nonlinear convergence failures =       0
  No. error test failures =       0
  Last step size used =    0.77927E+07
  Index compenent largest error = ********

 ...  158 / 318

 No. steps =      25   No. f-s =     701   No. J-s =       1   No. LU-s =       7
  No. nonlinear iterations =      30
  No. nonlinear convergence failures =       0
  No. error test failures =       0
  Last step size used =    0.55477E+07
  Index compenent largest error = ********

 ...  159 / 318

 No. steps =      25   No. f-s =     701   No. J-s =       1   No. LU-s =       7
  No. nonlinear iterations =      30
  No. nonlinear convergence failures =       0
  No. error test failures =       0
  Last step size used =    0.55989E+07
  Index compenent largest error = ********

 ...  160 / 318

 No. steps =      25   No. f-s =     701   No. J-s =       1   No. LU-s =       7
  No. nonlinear iterations =      30
  No. nonlinear convergence failures =       0
  No. error test failures =       0
  Last step size used =    0.58807E+07
  Index compenent largest error = ********

 ...  161 / 318

 No. steps =      25   No. f-s =     701   No. J-s =       1   No. LU-s =       7
  No. nonlinear iterations =      30
  No. nonlinear convergence failures =       0
  No. error test failures =       0
  Last step size used =    0.58280E+07
  Index compenent largest error = ********

 ...  162 / 318

 No. steps =      26   No. f-s =     702   No. J-s =       1   No. LU-s =       8
  No. nonlinear iterations =      31
  No. nonlinear convergence failures =       0
  No. error test failures =       0
  Last step size used =    0.75196E+07
  Index compenent largest error = ********

 ...  163 / 318

 No. steps =      25   No. f-s =     701   No. J-s =       1   No. LU-s =       7
  No. nonlinear iterations =      30
  No. nonlinear convergence failures =       0
  No. error test failures =       0
  Last step size used =    0.57841E+07
  Index compenent largest error = ********

 ...  164 / 318

 No. steps =      24   No. f-s =     700   No. J-s =       1   No. LU-s =       7
  No. nonlinear iterations =      29
  No. nonlinear convergence failures =       0
  No. error test failures =       0
  Last step size used =    0.63648E+07
  Index compenent largest error = ********

 ...  165 / 318

 No. steps =      25   No. f-s =     701   No. J-s =       1   No. LU-s =       7
  No. nonlinear iterations =      30
  No. nonlinear convergence failures =       0
  No. error test failures =       0
  Last step size used =    0.58531E+07
  Index compenent largest error = ********

 ...  166 / 318

 No. steps =      24   No. f-s =     700   No. J-s =       1   No. LU-s =       7
  No. nonlinear iterations =      29
  No. nonlinear convergence failures =       0
  No. error test failures =       0
  Last step size used =    0.60632E+07
  Index compenent largest error = ********

 ...  167 / 318

 No. steps =      25   No. f-s =     701   No. J-s =       1   No. LU-s =       7
  No. nonlinear iterations =      30
  No. nonlinear convergence failures =       0
  No. error test failures =       0
  Last step size used =    0.58252E+07
  Index compenent largest error = ********

 ...  168 / 318

 No. steps =      24   No. f-s =     700   No. J-s =       1   No. LU-s =       7
  No. nonlinear iterations =      29
  No. nonlinear convergence failures =       0
  No. error test failures =       0
  Last step size used =    0.60507E+07
  Index compenent largest error = ********

 ...  169 / 318

 No. steps =      24   No. f-s =     700   No. J-s =       1   No. LU-s =       7
  No. nonlinear iterations =      29
  No. nonlinear convergence failures =       0
  No. error test failures =       0
  Last step size used =    0.64071E+07
  Index compenent largest error = ********

 ...  170 / 318

 No. steps =      24   No. f-s =     700   No. J-s =       1   No. LU-s =       7
  No. nonlinear iterations =      29
  No. nonlinear convergence failures =       0
  No. error test failures =       0
  Last step size used =    0.64587E+07
  Index compenent largest error = ********

 ...  171 / 318

 No. steps =      23   No. f-s =     699   No. J-s =       1   No. LU-s =       7
  No. nonlinear iterations =      28
  No. nonlinear convergence failures =       0
  No. error test failures =       0
  Last step size used =    0.70086E+07
  Index compenent largest error = ********

 ...  172 / 318

 No. steps =      24   No. f-s =     700   No. J-s =       1   No. LU-s =       7
  No. nonlinear iterations =      29
  No. nonlinear convergence failures =       0
  No. error test failures =       0
  Last step size used =    0.65594E+07
  Index compenent largest error = ********

 ...  173 / 318

 No. steps =      24   No. f-s =     700   No. J-s =       1   No. LU-s =       7
  No. nonlinear iterations =      29
  No. nonlinear convergence failures =       0
  No. error test failures =       0
  Last step size used =    0.62706E+07
  Index compenent largest error = ********

 ...  174 / 318

 No. steps =      23   No. f-s =     699   No. J-s =       1   No. LU-s =       7
  No. nonlinear iterations =      28
  No. nonlinear convergence failures =       0
  No. error test failures =       0
  Last step size used =    0.76319E+07
  Index compenent largest error = ********

 ...  175 / 318

 No. steps =      23   No. f-s =     699   No. J-s =       1   No. LU-s =       7
  No. nonlinear iterations =      28
  No. nonlinear convergence failures =       0
  No. error test failures =       0
  Last step size used =    0.67100E+07
  Index compenent largest error = ********

 ...  176 / 318

 No. steps =      23   No. f-s =     699   No. J-s =       1   No. LU-s =       7
  No. nonlinear iterations =      28
  No. nonlinear convergence failures =       0
  No. error test failures =       0
  Last step size used =    0.70330E+07
  Index compenent largest error = ********

 ...  177 / 318

 No. steps =      23   No. f-s =     699   No. J-s =       1   No. LU-s =       7
  No. nonlinear iterations =      28
  No. nonlinear convergence failures =       0
  No. error test failures =       0
  Last step size used =    0.71685E+07
  Index compenent largest error = ********

 ...  178 / 318

 No. steps =      23   No. f-s =     699   No. J-s =       1   No. LU-s =       7
  No. nonlinear iterations =      28
  No. nonlinear convergence failures =       0
  No. error test failures =       0
  Last step size used =    0.71981E+07
  Index compenent largest error = ********

 ...  179 / 318

 No. steps =      23   No. f-s =     699   No. J-s =       1   No. LU-s =       7
  No. nonlinear iterations =      28
  No. nonlinear convergence failures =       0
  No. error test failures =       0
  Last step size used =    0.73172E+07
  Index compenent largest error = ********

 ...  180 / 318

 No. steps =      23   No. f-s =     699   No. J-s =       1   No. LU-s =       7
  No. nonlinear iterations =      28
  No. nonlinear convergence failures =       0
  No. error test failures =       0
  Last step size used =    0.73957E+07
  Index compenent largest error = ********

 ...  181 / 318

 No. steps =      22   No. f-s =     698   No. J-s =       1   No. LU-s =       7
  No. nonlinear iterations =      27
  No. nonlinear convergence failures =       0
  No. error test failures =       0
  Last step size used =    0.77018E+07
  Index compenent largest error = ********

 ...  182 / 318

 No. steps =      22   No. f-s =     698   No. J-s =       1   No. LU-s =       7
  No. nonlinear iterations =      27
  No. nonlinear convergence failures =       0
  No. error test failures =       0
  Last step size used =    0.86083E+07
  Index compenent largest error = ********

 ...  183 / 318

 No. steps =      22   No. f-s =     698   No. J-s =       1   No. LU-s =       7
  No. nonlinear iterations =      27
  No. nonlinear convergence failures =       0
  No. error test failures =       0
  Last step size used =    0.82431E+07
  Index compenent largest error = ********

 ...  184 / 318

 No. steps =      22   No. f-s =     698   No. J-s =       1   No. LU-s =       7
  No. nonlinear iterations =      27
  No. nonlinear convergence failures =       0
  No. error test failures =       0
  Last step size used =    0.77401E+07
  Index compenent largest error = ********

 ...  185 / 318

 No. steps =      22   No. f-s =     698   No. J-s =       1   No. LU-s =       7
  No. nonlinear iterations =      27
  No. nonlinear convergence failures =       0
  No. error test failures =       0
  Last step size used =    0.80663E+07
  Index compenent largest error = ********

 ...  186 / 318

 No. steps =      22   No. f-s =     698   No. J-s =       1   No. LU-s =       7
  No. nonlinear iterations =      27
  No. nonlinear convergence failures =       0
  No. error test failures =       0
  Last step size used =    0.81165E+07
  Index compenent largest error = ********

 ...  187 / 318

 No. steps =      22   No. f-s =     698   No. J-s =       1   No. LU-s =       7
  No. nonlinear iterations =      27
  No. nonlinear convergence failures =       0
  No. error test failures =       0
  Last step size used =    0.89398E+07
  Index compenent largest error = ********

 ...  188 / 318

 No. steps =      22   No. f-s =     698   No. J-s =       1   No. LU-s =       7
  No. nonlinear iterations =      27
  No. nonlinear convergence failures =       0
  No. error test failures =       0
  Last step size used =    0.86059E+07
  Index compenent largest error = ********

 ...  189 / 318

 No. steps =      22   No. f-s =     698   No. J-s =       1   No. LU-s =       7
  No. nonlinear iterations =      27
  No. nonlinear convergence failures =       0
  No. error test failures =       0
  Last step size used =    0.85469E+07
  Index compenent largest error = ********

 ...  190 / 318

 No. steps =      22   No. f-s =     698   No. J-s =       1   No. LU-s =       7
  No. nonlinear iterations =      27
  No. nonlinear convergence failures =       0
  No. error test failures =       0
  Last step size used =    0.87133E+07
  Index compenent largest error = ********

 ...  191 / 318

 No. steps =      22   No. f-s =     698   No. J-s =       1   No. LU-s =       7
  No. nonlinear iterations =      27
  No. nonlinear convergence failures =       0
  No. error test failures =       0
  Last step size used =    0.88221E+07
  Index compenent largest error = ********

 ...  192 / 318

 No. steps =      22   No. f-s =     698   No. J-s =       1   No. LU-s =       7
  No. nonlinear iterations =      27
  No. nonlinear convergence failures =       0
  No. error test failures =       0
  Last step size used =    0.90669E+07
  Index compenent largest error = ********

 ...  193 / 318

 No. steps =      21   No. f-s =     696   No. J-s =       1   No. LU-s =       7
  No. nonlinear iterations =      25
  No. nonlinear convergence failures =       0
  No. error test failures =       0
  Last step size used =    0.99014E+07
  Index compenent largest error = ********

 ...  194 / 318

 No. steps =      21   No. f-s =     696   No. J-s =       1   No. LU-s =       7
  No. nonlinear iterations =      25
  No. nonlinear convergence failures =       0
  No. error test failures =       0
  Last step size used =    0.97504E+07
  Index compenent largest error = ********

 ...  195 / 318

 No. steps =      21   No. f-s =     696   No. J-s =       1   No. LU-s =       7
  No. nonlinear iterations =      25
  No. nonlinear convergence failures =       0
  No. error test failures =       0
  Last step size used =    0.97217E+07
  Index compenent largest error = ********

 ...  196 / 318

 No. steps =      21   No. f-s =     696   No. J-s =       1   No. LU-s =       7
  No. nonlinear iterations =      25
  No. nonlinear convergence failures =       0
  No. error test failures =       0
  Last step size used =    0.95701E+07
  Index compenent largest error = ********

 ...  197 / 318

 No. steps =      21   No. f-s =     696   No. J-s =       1   No. LU-s =       7
  No. nonlinear iterations =      25
  No. nonlinear convergence failures =       0
  No. error test failures =       0
  Last step size used =    0.91750E+07
  Index compenent largest error = ********

 ...  198 / 318

 No. steps =      21   No. f-s =     696   No. J-s =       1   No. LU-s =       7
  No. nonlinear iterations =      25
  No. nonlinear convergence failures =       0
  No. error test failures =       0
  Last step size used =    0.99594E+07
  Index compenent largest error = ********

 ...  199 / 318

 No. steps =      21   No. f-s =     696   No. J-s =       1   No. LU-s =       7
  No. nonlinear iterations =      25
  No. nonlinear convergence failures =       0
  No. error test failures =       0
  Last step size used =    0.10151E+08
  Index compenent largest error = ********

 ...  200 / 318

 No. steps =      21   No. f-s =     696   No. J-s =       1   No. LU-s =       7
  No. nonlinear iterations =      25
  No. nonlinear convergence failures =       0
  No. error test failures =       0
  Last step size used =    0.99115E+07
  Index compenent largest error = ********

 ...  201 / 318

 No. steps =      21   No. f-s =     696   No. J-s =       1   No. LU-s =       7
  No. nonlinear iterations =      25
  No. nonlinear convergence failures =       0
  No. error test failures =       0
  Last step size used =    0.10104E+08
  Index compenent largest error = ********

 ...  202 / 318

 No. steps =      21   No. f-s =     696   No. J-s =       1   No. LU-s =       7
  No. nonlinear iterations =      25
  No. nonlinear convergence failures =       0
  No. error test failures =       0
  Last step size used =    0.10035E+08
  Index compenent largest error = ********

 ...  203 / 318

 No. steps =      21   No. f-s =     696   No. J-s =       1   No. LU-s =       7
  No. nonlinear iterations =      25
  No. nonlinear convergence failures =       0
  No. error test failures =       0
  Last step size used =    0.10280E+08
  Index compenent largest error = ********

 ...  204 / 318

 No. steps =      21   No. f-s =     696   No. J-s =       1   No. LU-s =       7
  No. nonlinear iterations =      25
  No. nonlinear convergence failures =       0
  No. error test failures =       0
  Last step size used =    0.10979E+08
  Index compenent largest error = ********

 ...  205 / 318

 No. steps =      21   No. f-s =     696   No. J-s =       1   No. LU-s =       7
  No. nonlinear iterations =      25
  No. nonlinear convergence failures =       0
  No. error test failures =       0
  Last step size used =    0.10741E+08
  Index compenent largest error = ********

 ...  206 / 318

 No. steps =      21   No. f-s =     696   No. J-s =       1   No. LU-s =       7
  No. nonlinear iterations =      25
  No. nonlinear convergence failures =       0
  No. error test failures =       0
  Last step size used =    0.11009E+08
  Index compenent largest error = ********

 ...  207 / 318

 No. steps =      21   No. f-s =     696   No. J-s =       1   No. LU-s =       7
  No. nonlinear iterations =      25
  No. nonlinear convergence failures =       0
  No. error test failures =       0
  Last step size used =    0.10589E+08
  Index compenent largest error = ********

 ...  208 / 318

 No. steps =      21   No. f-s =     696   No. J-s =       1   No. LU-s =       7
  No. nonlinear iterations =      25
  No. nonlinear convergence failures =       0
  No. error test failures =       0
  Last step size used =    0.10957E+08
  Index compenent largest error = ********

 ...  209 / 318

 No. steps =      21   No. f-s =     696   No. J-s =       1   No. LU-s =       7
  No. nonlinear iterations =      25
  No. nonlinear convergence failures =       0
  No. error test failures =       0
  Last step size used =    0.11102E+08
  Index compenent largest error = ********

 ...  210 / 318

 No. steps =      21   No. f-s =     696   No. J-s =       1   No. LU-s =       7
  No. nonlinear iterations =      25
  No. nonlinear convergence failures =       0
  No. error test failures =       0
  Last step size used =    0.11079E+08
  Index compenent largest error = ********

 ...  211 / 318

 No. steps =      21   No. f-s =     696   No. J-s =       1   No. LU-s =       7
  No. nonlinear iterations =      25
  No. nonlinear convergence failures =       0
  No. error test failures =       0
  Last step size used =    0.11174E+08
  Index compenent largest error = ********

 ...  212 / 318

 No. steps =      20   No. f-s =     695   No. J-s =       1   No. LU-s =       6
  No. nonlinear iterations =      24
  No. nonlinear convergence failures =       0
  No. error test failures =       0
  Last step size used =    0.61623E+07
  Index compenent largest error = ********

 ...  213 / 318

 No. steps =      20   No. f-s =     695   No. J-s =       1   No. LU-s =       6
  No. nonlinear iterations =      24
  No. nonlinear convergence failures =       0
  No. error test failures =       0
  Last step size used =    0.61830E+07
  Index compenent largest error = ********

 ...  214 / 318

 No. steps =      20   No. f-s =     695   No. J-s =       1   No. LU-s =       6
  No. nonlinear iterations =      24
  No. nonlinear convergence failures =       0
  No. error test failures =       0
  Last step size used =    0.62637E+07
  Index compenent largest error = ********

 ...  215 / 318

 No. steps =      20   No. f-s =     695   No. J-s =       1   No. LU-s =       6
  No. nonlinear iterations =      24
  No. nonlinear convergence failures =       0
  No. error test failures =       0
  Last step size used =    0.64122E+07
  Index compenent largest error = ********

 ...  216 / 318

 No. steps =      20   No. f-s =     695   No. J-s =       1   No. LU-s =       6
  No. nonlinear iterations =      24
  No. nonlinear convergence failures =       0
  No. error test failures =       0
  Last step size used =    0.64677E+07
  Index compenent largest error = ********

 ...  217 / 318

 No. steps =      20   No. f-s =     695   No. J-s =       1   No. LU-s =       6
  No. nonlinear iterations =      24
  No. nonlinear convergence failures =       0
  No. error test failures =       0
  Last step size used =    0.67075E+07
  Index compenent largest error = ********

 ...  218 / 318

 No. steps =      20   No. f-s =     695   No. J-s =       1   No. LU-s =       6
  No. nonlinear iterations =      24
  No. nonlinear convergence failures =       0
  No. error test failures =       0
  Last step size used =    0.62664E+07
  Index compenent largest error = ********

 ...  219 / 318

 No. steps =      20   No. f-s =     695   No. J-s =       1   No. LU-s =       6
  No. nonlinear iterations =      24
  No. nonlinear convergence failures =       0
  No. error test failures =       0
  Last step size used =    0.67234E+07
  Index compenent largest error = ********

 ...  220 / 318

 No. steps =      20   No. f-s =     695   No. J-s =       1   No. LU-s =       6
  No. nonlinear iterations =      24
  No. nonlinear convergence failures =       0
  No. error test failures =       0
  Last step size used =    0.67315E+07
  Index compenent largest error = ********

 ...  221 / 318

 No. steps =      20   No. f-s =     695   No. J-s =       1   No. LU-s =       6
  No. nonlinear iterations =      24
  No. nonlinear convergence failures =       0
  No. error test failures =       0
  Last step size used =    0.66662E+07
  Index compenent largest error = ********

 ...  222 / 318

 No. steps =      20   No. f-s =     695   No. J-s =       1   No. LU-s =       6
  No. nonlinear iterations =      24
  No. nonlinear convergence failures =       0
  No. error test failures =       0
  Last step size used =    0.67116E+07
  Index compenent largest error = ********

 ...  223 / 318

 No. steps =      20   No. f-s =     695   No. J-s =       1   No. LU-s =       6
  No. nonlinear iterations =      24
  No. nonlinear convergence failures =       0
  No. error test failures =       0
  Last step size used =    0.67165E+07
  Index compenent largest error = ********

 ...  224 / 318

 No. steps =      20   No. f-s =     695   No. J-s =       1   No. LU-s =       6
  No. nonlinear iterations =      24
  No. nonlinear convergence failures =       0
  No. error test failures =       0
  Last step size used =    0.67321E+07
  Index compenent largest error = ********

 ...  225 / 318

 No. steps =      20   No. f-s =     695   No. J-s =       1   No. LU-s =       6
  No. nonlinear iterations =      24
  No. nonlinear convergence failures =       0
  No. error test failures =       0
  Last step size used =    0.67806E+07
  Index compenent largest error = ********

 ...  226 / 318

 No. steps =      19   No. f-s =     694   No. J-s =       1   No. LU-s =       6
  No. nonlinear iterations =      23
  No. nonlinear convergence failures =       0
  No. error test failures =       0
  Last step size used =    0.70922E+07
  Index compenent largest error = ********

 ...  227 / 318

 No. steps =      20   No. f-s =     695   No. J-s =       1   No. LU-s =       6
  No. nonlinear iterations =      24
  No. nonlinear convergence failures =       0
  No. error test failures =       0
  Last step size used =    0.69834E+07
  Index compenent largest error = ********

 ...  228 / 318

 No. steps =      19   No. f-s =     694   No. J-s =       1   No. LU-s =       6
  No. nonlinear iterations =      23
  No. nonlinear convergence failures =       0
  No. error test failures =       0
  Last step size used =    0.70510E+07
  Index compenent largest error = ********

 ...  229 / 318

 No. steps =      20   No. f-s =     695   No. J-s =       1   No. LU-s =       6
  No. nonlinear iterations =      24
  No. nonlinear convergence failures =       0
  No. error test failures =       0
  Last step size used =    0.68222E+07
  Index compenent largest error = ********

 ...  230 / 318

 No. steps =      19   No. f-s =     694   No. J-s =       1   No. LU-s =       6
  No. nonlinear iterations =      23
  No. nonlinear convergence failures =       0
  No. error test failures =       0
  Last step size used =    0.72289E+07
  Index compenent largest error = ********

 ...  231 / 318

 No. steps =      19   No. f-s =     694   No. J-s =       1   No. LU-s =       6
  No. nonlinear iterations =      23
  No. nonlinear convergence failures =       0
  No. error test failures =       0
  Last step size used =    0.72244E+07
  Index compenent largest error = ********

 ...  232 / 318

 No. steps =      19   No. f-s =     694   No. J-s =       1   No. LU-s =       6
  No. nonlinear iterations =      23
  No. nonlinear convergence failures =       0
  No. error test failures =       0
  Last step size used =    0.72587E+07
  Index compenent largest error = ********

 ...  233 / 318

 No. steps =      19   No. f-s =     694   No. J-s =       1   No. LU-s =       6
  No. nonlinear iterations =      23
  No. nonlinear convergence failures =       0
  No. error test failures =       0
  Last step size used =    0.72640E+07
  Index compenent largest error = ********

 ...  234 / 318

 No. steps =      19   No. f-s =     694   No. J-s =       1   No. LU-s =       6
  No. nonlinear iterations =      23
  No. nonlinear convergence failures =       0
  No. error test failures =       0
  Last step size used =    0.73017E+07
  Index compenent largest error = ********

 ...  235 / 318

 No. steps =      19   No. f-s =     694   No. J-s =       1   No. LU-s =       6
  No. nonlinear iterations =      23
  No. nonlinear convergence failures =       0
  No. error test failures =       0
  Last step size used =    0.72844E+07
  Index compenent largest error = ********

 ...  236 / 318

 No. steps =      19   No. f-s =     694   No. J-s =       1   No. LU-s =       6
  No. nonlinear iterations =      23
  No. nonlinear convergence failures =       0
  No. error test failures =       0
  Last step size used =    0.73348E+07
  Index compenent largest error = ********

 ...  237 / 318

 No. steps =      19   No. f-s =     694   No. J-s =       1   No. LU-s =       6
  No. nonlinear iterations =      23
  No. nonlinear convergence failures =       0
  No. error test failures =       0
  Last step size used =    0.73473E+07
  Index compenent largest error = ********

 ...  238 / 318

 No. steps =      19   No. f-s =     694   No. J-s =       1   No. LU-s =       6
  No. nonlinear iterations =      23
  No. nonlinear convergence failures =       0
  No. error test failures =       0
  Last step size used =    0.74617E+07
  Index compenent largest error = ********

 ...  239 / 318

 No. steps =      19   No. f-s =     694   No. J-s =       1   No. LU-s =       6
  No. nonlinear iterations =      23
  No. nonlinear convergence failures =       0
  No. error test failures =       0
  Last step size used =    0.74525E+07
  Index compenent largest error = ********

 ...  240 / 318

 No. steps =      19   No. f-s =     694   No. J-s =       1   No. LU-s =       6
  No. nonlinear iterations =      23
  No. nonlinear convergence failures =       0
  No. error test failures =       0
  Last step size used =    0.76133E+07
  Index compenent largest error = ********

 ...  241 / 318

 No. steps =      19   No. f-s =     694   No. J-s =       1   No. LU-s =       6
  No. nonlinear iterations =      23
  No. nonlinear convergence failures =       0
  No. error test failures =       0
  Last step size used =    0.77118E+07
  Index compenent largest error = ********

 ...  242 / 318

 No. steps =      19   No. f-s =     694   No. J-s =       1   No. LU-s =       6
  No. nonlinear iterations =      23
  No. nonlinear convergence failures =       0
  No. error test failures =       0
  Last step size used =    0.76722E+07
  Index compenent largest error = ********

 ...  243 / 318

 No. steps =      19   No. f-s =     694   No. J-s =       1   No. LU-s =       6
  No. nonlinear iterations =      23
  No. nonlinear convergence failures =       0
  No. error test failures =       0
  Last step size used =    0.77879E+07
  Index compenent largest error = ********

 ...  244 / 318

 No. steps =      19   No. f-s =     694   No. J-s =       1   No. LU-s =       6
  No. nonlinear iterations =      23
  No. nonlinear convergence failures =       0
  No. error test failures =       0
  Last step size used =    0.78801E+07
  Index compenent largest error = ********

 ...  245 / 318

 No. steps =      19   No. f-s =     694   No. J-s =       1   No. LU-s =       6
  No. nonlinear iterations =      23
  No. nonlinear convergence failures =       0
  No. error test failures =       0
  Last step size used =    0.78227E+07
  Index compenent largest error = ********

 ...  246 / 318

 No. steps =      19   No. f-s =     694   No. J-s =       1   No. LU-s =       6
  No. nonlinear iterations =      23
  No. nonlinear convergence failures =       0
  No. error test failures =       0
  Last step size used =    0.78396E+07
  Index compenent largest error = ********

 ...  247 / 318

 No. steps =      19   No. f-s =     694   No. J-s =       1   No. LU-s =       6
  No. nonlinear iterations =      23
  No. nonlinear convergence failures =       0
  No. error test failures =       0
  Last step size used =    0.78094E+07
  Index compenent largest error = ********

 ...  248 / 318

 No. steps =      19   No. f-s =     694   No. J-s =       1   No. LU-s =       6
  No. nonlinear iterations =      23
  No. nonlinear convergence failures =       0
  No. error test failures =       0
  Last step size used =    0.78709E+07
  Index compenent largest error = ********

 ...  249 / 318

 No. steps =      19   No. f-s =     694   No. J-s =       1   No. LU-s =       6
  No. nonlinear iterations =      23
  No. nonlinear convergence failures =       0
  No. error test failures =       0
  Last step size used =    0.79923E+07
  Index compenent largest error = ********

 ...  250 / 318

 No. steps =      19   No. f-s =     694   No. J-s =       1   No. LU-s =       6
  No. nonlinear iterations =      23
  No. nonlinear convergence failures =       0
  No. error test failures =       0
  Last step size used =    0.79021E+07
  Index compenent largest error = ********

 ...  251 / 318

 No. steps =      19   No. f-s =     694   No. J-s =       1   No. LU-s =       6
  No. nonlinear iterations =      23
  No. nonlinear convergence failures =       0
  No. error test failures =       0
  Last step size used =    0.73136E+07
  Index compenent largest error = ********

 ...  252 / 318

 No. steps =      19   No. f-s =     694   No. J-s =       1   No. LU-s =       7
  No. nonlinear iterations =      23
  No. nonlinear convergence failures =       0
  No. error test failures =       0
  Last step size used =    0.95870E+07
  Index compenent largest error = ********

 ...  253 / 318

 No. steps =      19   No. f-s =     694   No. J-s =       1   No. LU-s =       6
  No. nonlinear iterations =      23
  No. nonlinear convergence failures =       0
  No. error test failures =       0
  Last step size used =    0.73682E+07
  Index compenent largest error = ********

 ...  254 / 318

 No. steps =      19   No. f-s =     694   No. J-s =       1   No. LU-s =       7
  No. nonlinear iterations =      23
  No. nonlinear convergence failures =       0
  No. error test failures =       0
  Last step size used =    0.96380E+07
  Index compenent largest error = ********

 ...  255 / 318

 No. steps =      19   No. f-s =     694   No. J-s =       1   No. LU-s =       7
  No. nonlinear iterations =      23
  No. nonlinear convergence failures =       0
  No. error test failures =       0
  Last step size used =    0.96854E+07
  Index compenent largest error = ********

 ...  256 / 318

 No. steps =      19   No. f-s =     694   No. J-s =       1   No. LU-s =       7
  No. nonlinear iterations =      23
  No. nonlinear convergence failures =       0
  No. error test failures =       0
  Last step size used =    0.96987E+07
  Index compenent largest error = ********

 ...  257 / 318

 No. steps =      19   No. f-s =     694   No. J-s =       1   No. LU-s =       7
  No. nonlinear iterations =      23
  No. nonlinear convergence failures =       0
  No. error test failures =       0
  Last step size used =    0.97251E+07
  Index compenent largest error = ********

 ...  258 / 318

 No. steps =      19   No. f-s =     694   No. J-s =       1   No. LU-s =       7
  No. nonlinear iterations =      23
  No. nonlinear convergence failures =       0
  No. error test failures =       0
  Last step size used =    0.97479E+07
  Index compenent largest error = ********

 ...  259 / 318

 No. steps =      19   No. f-s =     694   No. J-s =       1   No. LU-s =       7
  No. nonlinear iterations =      23
  No. nonlinear convergence failures =       0
  No. error test failures =       0
  Last step size used =    0.98716E+07
  Index compenent largest error = ********

 ...  260 / 318

 No. steps =      19   No. f-s =     694   No. J-s =       1   No. LU-s =       7
  No. nonlinear iterations =      23
  No. nonlinear convergence failures =       0
  No. error test failures =       0
  Last step size used =    0.98138E+07
  Index compenent largest error = ********

 ...  261 / 318

 No. steps =      18   No. f-s =     693   No. J-s =       1   No. LU-s =       6
  No. nonlinear iterations =      22
  No. nonlinear convergence failures =       0
  No. error test failures =       0
  Last step size used =    0.81307E+07
  Index compenent largest error = ********

 ...  262 / 318

 No. steps =      19   No. f-s =     694   No. J-s =       1   No. LU-s =       7
  No. nonlinear iterations =      23
  No. nonlinear convergence failures =       0
  No. error test failures =       0
  Last step size used =    0.98822E+07
  Index compenent largest error = ********

 ...  263 / 318

 No. steps =      19   No. f-s =     694   No. J-s =       1   No. LU-s =       7
  No. nonlinear iterations =      23
  No. nonlinear convergence failures =       0
  No. error test failures =       0
  Last step size used =    0.99170E+07
  Index compenent largest error = ********

 ...  264 / 318

 No. steps =      19   No. f-s =     694   No. J-s =       1   No. LU-s =       7
  No. nonlinear iterations =      23
  No. nonlinear convergence failures =       0
  No. error test failures =       0
  Last step size used =    0.99199E+07
  Index compenent largest error = ********

 ...  265 / 318

 No. steps =      19   No. f-s =     694   No. J-s =       1   No. LU-s =       7
  No. nonlinear iterations =      23
  No. nonlinear convergence failures =       0
  No. error test failures =       0
  Last step size used =    0.99609E+07
  Index compenent largest error = ********

 ...  266 / 318

 No. steps =      19   No. f-s =     694   No. J-s =       1   No. LU-s =       7
  No. nonlinear iterations =      23
  No. nonlinear convergence failures =       0
  No. error test failures =       0
  Last step size used =    0.10003E+08
  Index compenent largest error = ********

 ...  267 / 318

 No. steps =      19   No. f-s =     694   No. J-s =       1   No. LU-s =       7
  No. nonlinear iterations =      23
  No. nonlinear convergence failures =       0
  No. error test failures =       0
  Last step size used =    0.10025E+08
  Index compenent largest error = ********

 ...  268 / 318

 No. steps =      18   No. f-s =     693   No. J-s =       1   No. LU-s =       6
  No. nonlinear iterations =      22
  No. nonlinear convergence failures =       0
  No. error test failures =       0
  Last step size used =    0.69029E+07
  Index compenent largest error = ********

 ...  269 / 318

 No. steps =      19   No. f-s =     694   No. J-s =       1   No. LU-s =       7
  No. nonlinear iterations =      23
  No. nonlinear convergence failures =       0
  No. error test failures =       0
  Last step size used =    0.10085E+08
  Index compenent largest error = ********

 ...  270 / 318

 No. steps =      19   No. f-s =     694   No. J-s =       1   No. LU-s =       7
  No. nonlinear iterations =      23
  No. nonlinear convergence failures =       0
  No. error test failures =       0
  Last step size used =    0.10099E+08
  Index compenent largest error = ********

 ...  271 / 318

 No. steps =      19   No. f-s =     694   No. J-s =       1   No. LU-s =       7
  No. nonlinear iterations =      23
  No. nonlinear convergence failures =       0
  No. error test failures =       0
  Last step size used =    0.10036E+08
  Index compenent largest error = ********

 ...  272 / 318

 No. steps =      19   No. f-s =     694   No. J-s =       1   No. LU-s =       7
  No. nonlinear iterations =      23
  No. nonlinear convergence failures =       0
  No. error test failures =       0
  Last step size used =    0.10127E+08
  Index compenent largest error = ********

 ...  273 / 318

 No. steps =      19   No. f-s =     694   No. J-s =       1   No. LU-s =       7
  No. nonlinear iterations =      23
  No. nonlinear convergence failures =       0
  No. error test failures =       0
  Last step size used =    0.10217E+08
  Index compenent largest error = ********

 ...  274 / 318

 No. steps =      19   No. f-s =     694   No. J-s =       1   No. LU-s =       7
  No. nonlinear iterations =      23
  No. nonlinear convergence failures =       0
  No. error test failures =       0
  Last step size used =    0.10241E+08
  Index compenent largest error = ********

 ...  275 / 318

 No. steps =      19   No. f-s =     694   No. J-s =       1   No. LU-s =       7
  No. nonlinear iterations =      23
  No. nonlinear convergence failures =       0
  No. error test failures =       0
  Last step size used =    0.10246E+08
  Index compenent largest error = ********

 ...  276 / 318

 No. steps =      18   No. f-s =     693   No. J-s =       1   No. LU-s =       6
  No. nonlinear iterations =      22
  No. nonlinear convergence failures =       0
  No. error test failures =       0
  Last step size used =    0.67926E+07
  Index compenent largest error = ********

 ...  277 / 318

 No. steps =      18   No. f-s =     693   No. J-s =       1   No. LU-s =       6
  No. nonlinear iterations =      22
  No. nonlinear convergence failures =       0
  No. error test failures =       0
  Last step size used =    0.69083E+07
  Index compenent largest error = ********

 ...  278 / 318

 No. steps =      18   No. f-s =     693   No. J-s =       1   No. LU-s =       6
  No. nonlinear iterations =      22
  No. nonlinear convergence failures =       0
  No. error test failures =       0
  Last step size used =    0.68662E+07
  Index compenent largest error = ********

 ...  279 / 318

 No. steps =      18   No. f-s =     693   No. J-s =       1   No. LU-s =       6
  No. nonlinear iterations =      22
  No. nonlinear convergence failures =       0
  No. error test failures =       0
  Last step size used =    0.70340E+07
  Index compenent largest error = ********

 ...  280 / 318

 No. steps =      18   No. f-s =     694   No. J-s =       1   No. LU-s =       6
  No. nonlinear iterations =      23
  No. nonlinear convergence failures =       0
  No. error test failures =       0
  Last step size used =    0.64195E+07
  Index compenent largest error = ********

 ...  281 / 318

 No. steps =      18   No. f-s =     693   No. J-s =       1   No. LU-s =       6
  No. nonlinear iterations =      22
  No. nonlinear convergence failures =       0
  No. error test failures =       0
  Last step size used =    0.70881E+07
  Index compenent largest error = ********

 ...  282 / 318

 No. steps =      19   No. f-s =     694   No. J-s =       1   No. LU-s =       7
  No. nonlinear iterations =      23
  No. nonlinear convergence failures =       0
  No. error test failures =       0
  Last step size used =    0.10304E+08
  Index compenent largest error = ********

 ...  283 / 318

 No. steps =      18   No. f-s =     693   No. J-s =       1   No. LU-s =       6
  No. nonlinear iterations =      22
  No. nonlinear convergence failures =       0
  No. error test failures =       0
  Last step size used =    0.71256E+07
  Index compenent largest error = ********

 ...  284 / 318

 No. steps =      18   No. f-s =     694   No. J-s =       1   No. LU-s =       6
  No. nonlinear iterations =      23
  No. nonlinear convergence failures =       0
  No. error test failures =       0
  Last step size used =    0.63542E+07
  Index compenent largest error = ********

 ...  285 / 318

 No. steps =      18   No. f-s =     694   No. J-s =       1   No. LU-s =       6
  No. nonlinear iterations =      23
  No. nonlinear convergence failures =       0
  No. error test failures =       0
  Last step size used =    0.63676E+07
  Index compenent largest error = ********

 ...  286 / 318

 No. steps =      18   No. f-s =     694   No. J-s =       1   No. LU-s =       6
  No. nonlinear iterations =      23
  No. nonlinear convergence failures =       0
  No. error test failures =       0
  Last step size used =    0.63981E+07
  Index compenent largest error = ********

 ...  287 / 318

 No. steps =      18   No. f-s =     694   No. J-s =       1   No. LU-s =       6
  No. nonlinear iterations =      23
  No. nonlinear convergence failures =       0
  No. error test failures =       0
  Last step size used =    0.63710E+07
  Index compenent largest error = ********

 ...  288 / 318

 No. steps =      18   No. f-s =     694   No. J-s =       1   No. LU-s =       6
  No. nonlinear iterations =      23
  No. nonlinear convergence failures =       0
  No. error test failures =       0
  Last step size used =    0.64264E+07
  Index compenent largest error = ********

 ...  289 / 318

 No. steps =      18   No. f-s =     694   No. J-s =       1   No. LU-s =       6
  No. nonlinear iterations =      23
  No. nonlinear convergence failures =       0
  No. error test failures =       0
  Last step size used =    0.63874E+07
  Index compenent largest error = ********

 ...  290 / 318

 No. steps =      18   No. f-s =     694   No. J-s =       1   No. LU-s =       6
  No. nonlinear iterations =      23
  No. nonlinear convergence failures =       0
  No. error test failures =       0
  Last step size used =    0.66000E+07
  Index compenent largest error = ********

 ...  291 / 318

 No. steps =      18   No. f-s =     694   No. J-s =       1   No. LU-s =       6
  No. nonlinear iterations =      23
  No. nonlinear convergence failures =       0
  No. error test failures =       0
  Last step size used =    0.67852E+07
  Index compenent largest error = ********

 ...  292 / 318

 No. steps =      18   No. f-s =     694   No. J-s =       1   No. LU-s =       6
  No. nonlinear iterations =      23
  No. nonlinear convergence failures =       0
  No. error test failures =       0
  Last step size used =    0.64037E+07
  Index compenent largest error = ********

 ...  293 / 318

 No. steps =      18   No. f-s =     694   No. J-s =       1   No. LU-s =       6
  No. nonlinear iterations =      23
  No. nonlinear convergence failures =       0
  No. error test failures =       0
  Last step size used =    0.65568E+07
  Index compenent largest error = ********

 ...  294 / 318

 No. steps =      18   No. f-s =     694   No. J-s =       1   No. LU-s =       6
  No. nonlinear iterations =      23
  No. nonlinear convergence failures =       0
  No. error test failures =       0
  Last step size used =    0.66493E+07
  Index compenent largest error = ********

 ...  295 / 318

 No. steps =      18   No. f-s =     694   No. J-s =       1   No. LU-s =       6
  No. nonlinear iterations =      23
  No. nonlinear convergence failures =       0
  No. error test failures =       0
  Last step size used =    0.67749E+07
  Index compenent largest error = ********

 ...  296 / 318

 No. steps =      18   No. f-s =     694   No. J-s =       1   No. LU-s =       6
  No. nonlinear iterations =      23
  No. nonlinear convergence failures =       0
  No. error test failures =       0
  Last step size used =    0.67676E+07
  Index compenent largest error = ********

 ...  297 / 318

 No. steps =      18   No. f-s =     694   No. J-s =       1   No. LU-s =       6
  No. nonlinear iterations =      23
  No. nonlinear convergence failures =       0
  No. error test failures =       0
  Last step size used =    0.68220E+07
  Index compenent largest error = ********

 ...  298 / 318

 No. steps =      18   No. f-s =     694   No. J-s =       1   No. LU-s =       6
  No. nonlinear iterations =      23
  No. nonlinear convergence failures =       0
  No. error test failures =       0
  Last step size used =    0.67739E+07
  Index compenent largest error = ********

 ...  299 / 318

 No. steps =      18   No. f-s =     694   No. J-s =       1   No. LU-s =       6
  No. nonlinear iterations =      23
  No. nonlinear convergence failures =       0
  No. error test failures =       0
  Last step size used =    0.68365E+07
  Index compenent largest error = ********

 ...  300 / 318

 No. steps =      18   No. f-s =     694   No. J-s =       1   No. LU-s =       6
  No. nonlinear iterations =      23
  No. nonlinear convergence failures =       0
  No. error test failures =       0
  Last step size used =    0.68744E+07
  Index compenent largest error = ********

 ...  301 / 318

 No. steps =      18   No. f-s =     694   No. J-s =       1   No. LU-s =       6
  No. nonlinear iterations =      23
  No. nonlinear convergence failures =       0
  No. error test failures =       0
  Last step size used =    0.68577E+07
  Index compenent largest error = ********

 ...  302 / 318

 No. steps =      18   No. f-s =     694   No. J-s =       1   No. LU-s =       6
  No. nonlinear iterations =      23
  No. nonlinear convergence failures =       0
  No. error test failures =       0
  Last step size used =    0.68917E+07
  Index compenent largest error = ********

 ...  303 / 318

 No. steps =      18   No. f-s =     694   No. J-s =       1   No. LU-s =       6
  No. nonlinear iterations =      23
  No. nonlinear convergence failures =       0
  No. error test failures =       0
  Last step size used =    0.69892E+07
  Index compenent largest error = ********

 ...  304 / 318

 No. steps =      18   No. f-s =     694   No. J-s =       1   No. LU-s =       6
  No. nonlinear iterations =      23
  No. nonlinear convergence failures =       0
  No. error test failures =       0
  Last step size used =    0.70584E+07
  Index compenent largest error = ********

 ...  305 / 318

 No. steps =      18   No. f-s =     694   No. J-s =       1   No. LU-s =       6
  No. nonlinear iterations =      23
  No. nonlinear convergence failures =       0
  No. error test failures =       0
  Last step size used =    0.71014E+07
  Index compenent largest error = ********

 ...  306 / 318

 No. steps =      17   No. f-s =     693   No. J-s =       1   No. LU-s =       6
  No. nonlinear iterations =      22
  No. nonlinear convergence failures =       0
  No. error test failures =       0
  Last step size used =    0.63350E+07
  Index compenent largest error = ********

 ...  307 / 318

 No. steps =      17   No. f-s =     693   No. J-s =       1   No. LU-s =       6
  No. nonlinear iterations =      22
  No. nonlinear convergence failures =       0
  No. error test failures =       0
  Last step size used =    0.63470E+07
  Index compenent largest error = ********

 ...  308 / 318

 No. steps =      17   No. f-s =     693   No. J-s =       1   No. LU-s =       6
  No. nonlinear iterations =      22
  No. nonlinear convergence failures =       0
  No. error test failures =       0
  Last step size used =    0.63485E+07
  Index compenent largest error = ********

 ...  309 / 318

 No. steps =      17   No. f-s =     693   No. J-s =       1   No. LU-s =       6
  No. nonlinear iterations =      22
  No. nonlinear convergence failures =       0
  No. error test failures =       0
  Last step size used =    0.63407E+07
  Index compenent largest error = ********

 ...  310 / 318

 No. steps =      17   No. f-s =     693   No. J-s =       1   No. LU-s =       6
  No. nonlinear iterations =      22
  No. nonlinear convergence failures =       0
  No. error test failures =       0
  Last step size used =    0.63526E+07
  Index compenent largest error = ********

 ...  311 / 318

 No. steps =      17   No. f-s =     693   No. J-s =       1   No. LU-s =       6
  No. nonlinear iterations =      22
  No. nonlinear convergence failures =       0
  No. error test failures =       0
  Last step size used =    0.63745E+07
  Index compenent largest error = ********

 ...  312 / 318

 No. steps =      17   No. f-s =     693   No. J-s =       1   No. LU-s =       6
  No. nonlinear iterations =      22
  No. nonlinear convergence failures =       0
  No. error test failures =       0
  Last step size used =    0.63732E+07
  Index compenent largest error = ********

 ...  313 / 318

 No. steps =      17   No. f-s =     693   No. J-s =       1   No. LU-s =       6
  No. nonlinear iterations =      22
  No. nonlinear convergence failures =       0
  No. error test failures =       0
  Last step size used =    0.63868E+07
  Index compenent largest error = ********

 ...  314 / 318

 No. steps =      17   No. f-s =     692   No. J-s =       1   No. LU-s =       6
  No. nonlinear iterations =      21
  No. nonlinear convergence failures =       0
  No. error test failures =       0
  Last step size used =    0.68931E+07
  Index compenent largest error = ********

 ...  315 / 318

 No. steps =      17   No. f-s =     693   No. J-s =       1   No. LU-s =       6
  No. nonlinear iterations =      22
  No. nonlinear convergence failures =       0
  No. error test failures =       0
  Last step size used =    0.71862E+07
  Index compenent largest error = ********

 ...  316 / 318

 No. steps =      17   No. f-s =     693   No. J-s =       1   No. LU-s =       6
  No. nonlinear iterations =      22
  No. nonlinear convergence failures =       0
  No. error test failures =       0
  Last step size used =    0.73269E+07
  Index compenent largest error = ********

 ...  317 / 318

 No. steps =      17   No. f-s =     693   No. J-s =       1   No. LU-s =       6
  No. nonlinear iterations =      22
  No. nonlinear convergence failures =       0
  No. error test failures =       0
  Last step size used =    0.73945E+07
  Index compenent largest error = ********

 ...  318 / 318

 No. steps =      17   No. f-s =     693   No. J-s =       1   No. LU-s =       6
  No. nonlinear iterations =      22
  No. nonlinear convergence failures =       0
  No. error test failures =       0
  Last step size used =    0.74168E+07
  Index compenent largest error = ********


    ... DONE!
 +++++++++++++++++++++++++++++++++++++++++++++++++++


+------------------ Job Report: 10176566 (COMPLETED) ------------------+
| Memory (RAM)  [                    ]  0.1% (1 MB peak / 1 GB)        |
| CPU           [###########         ] 55.1% average                   |
| Time          [>                   ]  1.4% (0-00:00:49 / 0-01:00:00) |
|                                                                      |
| Lustre Filesystem:                                                   |
|   Path    Total Read    Total Write    Total IOPS                    |
|   ------  ------------  -------------  ------------                  |
|   /apps   0 B           0 B            18                            |
|   /fred   28 KB         90 MB          5.1 K                         |
+----------------------------------------------------------------------+
