Starting job 10175762, array task 425 on dave28
Chemistry type: Orich
Analysis mode: false
Found 462 valid particle IDs in /fred/oz304/beckers/Chemistry/traces/wind_v10/trace_output_with_av
Returning 460 particle IDs (after start_index=2 offset)
SLURM task 425: processing particle 3835915
Running Orich evolving_model on 1 phantom particle trace(s) from wind_v10

 +++++++++++++++++++++++++++++++++++++++++++++++++++
 +++++        ENVELOPE CHEMICAL MODEL         ++++++
 +++++++++++++++++++++++++++++++++++++++++++++++++++

 Version 1.0 authored by Catherine Walsh and Maria 
    Drozdovskaya, Leiden Observatory (01/08/2013)

 Version 1.1 amended by Catherine Walsh (18/05/2014)

 Version 1.2 amended by Catherine Walsh (13/08/2015)

 +++++++++++++++++++++++++++++++++++++++++++++++++++

          Input file =  Orich/param/trace_file_param/file_parameters_3835915.txt              

 Physical conditions  = Orich/input/3835915.txt                                               
 Chemical network     = ./rate12_complex.rates                                                
 Species file         = ./rate12_complex_atomic_Orich.specs                                   
 Binding energies     = ./rate12_binding.dat                                                  
 Reaction parameters  = param/reaction_parameters.txt                                         
 Grain parameters     = param/grain_parameters.txt                                            
 Radiation parameters = param/radiation_parameters.txt                                        

 Output file          = Orich/output/model_output_3835915.dat                                 
 Rates file           = Orich/output/model_rates_3835915.dat                                  

 Opening and reading physical conditions file ...

 +++++++++++++++++++++++++++++++++++++++++++++++++++
 Beginning to run model ...
 +++++++++++++++++++++++++++++++++++++++++++++++++++

 Preparing output files ...

 Progress = ...
 ...    1 / 116

 No. steps =    1270   No. f-s =   18631   No. J-s =      25   No. LU-s =     181
  No. nonlinear iterations =    1930
  No. nonlinear convergence failures =       0
  No. error test failures =      61
  Last step size used =    0.31963E+09
  Index compenent largest error = ********

 ...    2 / 116

 No. steps =     101   No. f-s =    1458   No. J-s =       2   No. LU-s =      19
  No. nonlinear iterations =     119
  No. nonlinear convergence failures =       0
  No. error test failures =       1
  Last step size used =    0.30660E+07
  Index compenent largest error = ********

 ...    3 / 116

 No. steps =      99   No. f-s =    1453   No. J-s =       2   No. LU-s =      16
  No. nonlinear iterations =     114
  No. nonlinear convergence failures =       0
  No. error test failures =       0
  Last step size used =    0.27115E+07
  Index compenent largest error = ********

 ...    4 / 116

 No. steps =      89   No. f-s =    1444   No. J-s =       2   No. LU-s =      17
  No. nonlinear iterations =     105
  No. nonlinear convergence failures =       0
  No. error test failures =       1
  Last step size used =    0.29214E+07
  Index compenent largest error = ********

 ...    5 / 116

 No. steps =      79   No. f-s =    1431   No. J-s =       2   No. LU-s =      15
  No. nonlinear iterations =      92
  No. nonlinear convergence failures =       0
  No. error test failures =       0
  Last step size used =    0.35203E+07
  Index compenent largest error = ********

 ...    6 / 116

 No. steps =      70   No. f-s =    1419   No. J-s =       2   No. LU-s =      15
  No. nonlinear iterations =      80
  No. nonlinear convergence failures =       0
  No. error test failures =       0
  Last step size used =    0.36385E+07
  Index compenent largest error = ********

 ...    7 / 116

 No. steps =      65   No. f-s =    1413   No. J-s =       2   No. LU-s =      13
  No. nonlinear iterations =      74
  No. nonlinear convergence failures =       0
  No. error test failures =       0
  Last step size used =    0.32689E+07
  Index compenent largest error = ********

 ...    8 / 116

 No. steps =      61   No. f-s =    1408   No. J-s =       2   No. LU-s =      12
  No. nonlinear iterations =      69
  No. nonlinear convergence failures =       0
  No. error test failures =       0
  Last step size used =    0.28818E+07
  Index compenent largest error = ********

 ...    9 / 116

 No. steps =      58   No. f-s =     739   No. J-s =       1   No. LU-s =      11
  No. nonlinear iterations =      68
  No. nonlinear convergence failures =       0
  No. error test failures =       0
  Last step size used =    0.26153E+07
  Index compenent largest error = ********

 ...   10 / 116

 No. steps =      59   No. f-s =    1411   No. J-s =       2   No. LU-s =      14
  No. nonlinear iterations =      72
  No. nonlinear convergence failures =       0
  No. error test failures =       1
  Last step size used =    0.32616E+07
  Index compenent largest error = ********

 ...   11 / 116

 No. steps =      54   No. f-s =    1402   No. J-s =       2   No. LU-s =      13
  No. nonlinear iterations =      63
  No. nonlinear convergence failures =       0
  No. error test failures =       0
  Last step size used =    0.42954E+07
  Index compenent largest error = ********

 ...   12 / 116

 No. steps =      53   No. f-s =     732   No. J-s =       1   No. LU-s =      11
  No. nonlinear iterations =      61
  No. nonlinear convergence failures =       0
  No. error test failures =       0
  Last step size used =    0.29103E+07
  Index compenent largest error = ********

 ...   13 / 116

 No. steps =      49   No. f-s =     726   No. J-s =       1   No. LU-s =      10
  No. nonlinear iterations =      55
  No. nonlinear convergence failures =       0
  No. error test failures =       0
  Last step size used =    0.41411E+07
  Index compenent largest error = ********

 ...   14 / 116

 No. steps =      47   No. f-s =     725   No. J-s =       1   No. LU-s =       9
  No. nonlinear iterations =      54
  No. nonlinear convergence failures =       0
  No. error test failures =       0
  Last step size used =    0.30117E+07
  Index compenent largest error = ********

 ...   15 / 116

 No. steps =      47   No. f-s =     725   No. J-s =       1   No. LU-s =       9
  No. nonlinear iterations =      54
  No. nonlinear convergence failures =       0
  No. error test failures =       0
  Last step size used =    0.30702E+07
  Index compenent largest error = ********

 ...   16 / 116

 No. steps =      44   No. f-s =     723   No. J-s =       1   No. LU-s =       9
  No. nonlinear iterations =      52
  No. nonlinear convergence failures =       0
  No. error test failures =       0
  Last step size used =    0.35640E+07
  Index compenent largest error = ********

 ...   17 / 116

 No. steps =      51   No. f-s =     731   No. J-s =       1   No. LU-s =      12
  No. nonlinear iterations =      60
  No. nonlinear convergence failures =       0
  No. error test failures =       0
  Last step size used =    0.38179E+07
  Index compenent largest error = ********

 ...   18 / 116

 No. steps =      64   No. f-s =    1414   No. J-s =       2   No. LU-s =      12
  No. nonlinear iterations =      75
  No. nonlinear convergence failures =       0
  No. error test failures =       0
  Last step size used =    0.34720E+07
  Index compenent largest error = ********

 ...   19 / 116

 No. steps =      66   No. f-s =    1416   No. J-s =       2   No. LU-s =      12
  No. nonlinear iterations =      77
  No. nonlinear convergence failures =       0
  No. error test failures =       0
  Last step size used =    0.29190E+07
  Index compenent largest error = ********

 ...   20 / 116

 No. steps =      55   No. f-s =    1403   No. J-s =       2   No. LU-s =      12
  No. nonlinear iterations =      64
  No. nonlinear convergence failures =       0
  No. error test failures =       0
  Last step size used =    0.32559E+07
  Index compenent largest error = ********

 ...   21 / 116

 No. steps =      43   No. f-s =     720   No. J-s =       1   No. LU-s =       8
  No. nonlinear iterations =      49
  No. nonlinear convergence failures =       0
  No. error test failures =       0
  Last step size used =    0.38057E+07
  Index compenent largest error = ********

 ...   22 / 116

 No. steps =      54   No. f-s =    1399   No. J-s =       2   No. LU-s =      11
  No. nonlinear iterations =      60
  No. nonlinear convergence failures =       0
  No. error test failures =       0
  Last step size used =    0.35014E+07
  Index compenent largest error = ********

 ...   23 / 116

 No. steps =      56   No. f-s =    1405   No. J-s =       2   No. LU-s =      12
  No. nonlinear iterations =      66
  No. nonlinear convergence failures =       0
  No. error test failures =       0
  Last step size used =    0.29645E+07
  Index compenent largest error = ********

 ...   24 / 116

 No. steps =      56   No. f-s =    1403   No. J-s =       2   No. LU-s =      12
  No. nonlinear iterations =      64
  No. nonlinear convergence failures =       0
  No. error test failures =       0
  Last step size used =    0.31531E+07
  Index compenent largest error = ********

 ...   25 / 116

 No. steps =      52   No. f-s =     730   No. J-s =       1   No. LU-s =      11
  No. nonlinear iterations =      59
  No. nonlinear convergence failures =       0
  No. error test failures =       0
  Last step size used =    0.32799E+07
  Index compenent largest error = ********

 ...   26 / 116

 No. steps =      52   No. f-s =     731   No. J-s =       1   No. LU-s =      10
  No. nonlinear iterations =      60
  No. nonlinear convergence failures =       0
  No. error test failures =       0
  Last step size used =    0.30072E+07
  Index compenent largest error = ********

 ...   27 / 116

 No. steps =      52   No. f-s =     731   No. J-s =       1   No. LU-s =      10
  No. nonlinear iterations =      60
  No. nonlinear convergence failures =       0
  No. error test failures =       0
  Last step size used =    0.30903E+07
  Index compenent largest error = ********

 ...   28 / 116

 No. steps =      49   No. f-s =     729   No. J-s =       1   No. LU-s =      10
  No. nonlinear iterations =      58
  No. nonlinear convergence failures =       0
  No. error test failures =       0
  Last step size used =    0.36197E+07
  Index compenent largest error = ********

 ...   29 / 116

 No. steps =      51   No. f-s =     728   No. J-s =       1   No. LU-s =       9
  No. nonlinear iterations =      57
  No. nonlinear convergence failures =       0
  No. error test failures =       0
  Last step size used =    0.38631E+07
  Index compenent largest error = ********

 ...   30 / 116

 No. steps =      51   No. f-s =     728   No. J-s =       1   No. LU-s =      10
  No. nonlinear iterations =      57
  No. nonlinear convergence failures =       0
  No. error test failures =       0
  Last step size used =    0.43640E+07
  Index compenent largest error = ********

 ...   31 / 116

 No. steps =      48   No. f-s =     728   No. J-s =       1   No. LU-s =       9
  No. nonlinear iterations =      57
  No. nonlinear convergence failures =       0
  No. error test failures =       0
  Last step size used =    0.41486E+07
  Index compenent largest error = ********

 ...   32 / 116

 No. steps =      48   No. f-s =     727   No. J-s =       1   No. LU-s =       9
  No. nonlinear iterations =      56
  No. nonlinear convergence failures =       0
  No. error test failures =       0
  Last step size used =    0.32145E+07
  Index compenent largest error = ********

 ...   33 / 116

 No. steps =      47   No. f-s =     725   No. J-s =       1   No. LU-s =       8
  No. nonlinear iterations =      54
  No. nonlinear convergence failures =       0
  No. error test failures =       0
  Last step size used =    0.36127E+07
  Index compenent largest error = ********

 ...   34 / 116

 No. steps =      47   No. f-s =     724   No. J-s =       1   No. LU-s =       8
  No. nonlinear iterations =      53
  No. nonlinear convergence failures =       0
  No. error test failures =       0
  Last step size used =    0.32024E+07
  Index compenent largest error = ********

 ...   35 / 116

 No. steps =      47   No. f-s =     724   No. J-s =       1   No. LU-s =       8
  No. nonlinear iterations =      53
  No. nonlinear convergence failures =       0
  No. error test failures =       0
  Last step size used =    0.32713E+07
  Index compenent largest error = ********

 ...   36 / 116

 No. steps =      46   No. f-s =     723   No. J-s =       1   No. LU-s =       8
  No. nonlinear iterations =      52
  No. nonlinear convergence failures =       0
  No. error test failures =       0
  Last step size used =    0.35934E+07
  Index compenent largest error = ********

 ...   37 / 116

 No. steps =      45   No. f-s =     722   No. J-s =       1   No. LU-s =       8
  No. nonlinear iterations =      51
  No. nonlinear convergence failures =       0
  No. error test failures =       0
  Last step size used =    0.36872E+07
  Index compenent largest error = ********

 ...   38 / 116

 No. steps =      45   No. f-s =     722   No. J-s =       1   No. LU-s =       8
  No. nonlinear iterations =      51
  No. nonlinear convergence failures =       0
  No. error test failures =       0
  Last step size used =    0.38026E+07
  Index compenent largest error = ********

 ...   39 / 116

 No. steps =      44   No. f-s =     721   No. J-s =       1   No. LU-s =       8
  No. nonlinear iterations =      50
  No. nonlinear convergence failures =       0
  No. error test failures =       0
  Last step size used =    0.39818E+07
  Index compenent largest error = ********

 ...   40 / 116

 No. steps =      44   No. f-s =     721   No. J-s =       1   No. LU-s =       8
  No. nonlinear iterations =      50
  No. nonlinear convergence failures =       0
  No. error test failures =       0
  Last step size used =    0.40605E+07
  Index compenent largest error = ********

 ...   41 / 116

 No. steps =      44   No. f-s =     721   No. J-s =       1   No. LU-s =       8
  No. nonlinear iterations =      50
  No. nonlinear convergence failures =       0
  No. error test failures =       0
  Last step size used =    0.39283E+07
  Index compenent largest error = ********

 ...   42 / 116

 No. steps =      43   No. f-s =     721   No. J-s =       1   No. LU-s =       9
  No. nonlinear iterations =      50
  No. nonlinear convergence failures =       0
  No. error test failures =       0
  Last step size used =    0.49340E+07
  Index compenent largest error = ********

 ...   43 / 116

 No. steps =      43   No. f-s =     720   No. J-s =       1   No. LU-s =       8
  No. nonlinear iterations =      49
  No. nonlinear convergence failures =       0
  No. error test failures =       0
  Last step size used =    0.41476E+07
  Index compenent largest error = ********

 ...   44 / 116

 No. steps =      43   No. f-s =     721   No. J-s =       1   No. LU-s =       9
  No. nonlinear iterations =      50
  No. nonlinear convergence failures =       0
  No. error test failures =       0
  Last step size used =    0.51485E+07
  Index compenent largest error = ********

 ...   45 / 116

 No. steps =      42   No. f-s =     720   No. J-s =       1   No. LU-s =       9
  No. nonlinear iterations =      49
  No. nonlinear convergence failures =       0
  No. error test failures =       0
  Last step size used =    0.44869E+07
  Index compenent largest error = ********

 ...   46 / 116

 No. steps =      42   No. f-s =     720   No. J-s =       1   No. LU-s =       8
  No. nonlinear iterations =      49
  No. nonlinear convergence failures =       0
  No. error test failures =       0
  Last step size used =    0.34297E+07
  Index compenent largest error = ********

 ...   47 / 116

 No. steps =      41   No. f-s =     720   No. J-s =       1   No. LU-s =       8
  No. nonlinear iterations =      49
  No. nonlinear convergence failures =       0
  No. error test failures =       0
  Last step size used =    0.37381E+07
  Index compenent largest error = ********

 ...   48 / 116

 No. steps =      41   No. f-s =     720   No. J-s =       1   No. LU-s =       8
  No. nonlinear iterations =      49
  No. nonlinear convergence failures =       0
  No. error test failures =       0
  Last step size used =    0.39453E+07
  Index compenent largest error = ********

 ...   49 / 116

 No. steps =      40   No. f-s =     719   No. J-s =       1   No. LU-s =       8
  No. nonlinear iterations =      48
  No. nonlinear convergence failures =       0
  No. error test failures =       0
  Last step size used =    0.40695E+07
  Index compenent largest error = ********

 ...   50 / 116

 No. steps =      40   No. f-s =     718   No. J-s =       1   No. LU-s =       8
  No. nonlinear iterations =      47
  No. nonlinear convergence failures =       0
  No. error test failures =       0
  Last step size used =    0.42340E+07
  Index compenent largest error = ********

 ...   51 / 116

 No. steps =      38   No. f-s =     716   No. J-s =       1   No. LU-s =       8
  No. nonlinear iterations =      45
  No. nonlinear convergence failures =       0
  No. error test failures =       0
  Last step size used =    0.47539E+07
  Index compenent largest error = ********

 ...   52 / 116

 No. steps =      38   No. f-s =     716   No. J-s =       1   No. LU-s =       8
  No. nonlinear iterations =      45
  No. nonlinear convergence failures =       0
  No. error test failures =       0
  Last step size used =    0.49036E+07
  Index compenent largest error = ********

 ...   53 / 116

 No. steps =      39   No. f-s =     716   No. J-s =       1   No. LU-s =       7
  No. nonlinear iterations =      45
  No. nonlinear convergence failures =       0
  No. error test failures =       0
  Last step size used =    0.40006E+07
  Index compenent largest error = ********

 ...   54 / 116

 No. steps =      36   No. f-s =     713   No. J-s =       1   No. LU-s =       9
  No. nonlinear iterations =      42
  No. nonlinear convergence failures =       0
  No. error test failures =       0
  Last step size used =    0.59779E+07
  Index compenent largest error = ********

 ...   55 / 116

 No. steps =      31   No. f-s =     708   No. J-s =       1   No. LU-s =       8
  No. nonlinear iterations =      37
  No. nonlinear convergence failures =       0
  No. error test failures =       0
  Last step size used =    0.45259E+07
  Index compenent largest error = ********

 ...   56 / 116

 No. steps =      32   No. f-s =     709   No. J-s =       1   No. LU-s =       8
  No. nonlinear iterations =      38
  No. nonlinear convergence failures =       0
  No. error test failures =       0
  Last step size used =    0.40184E+07
  Index compenent largest error = ********

 ...   57 / 116

 No. steps =      31   No. f-s =     708   No. J-s =       1   No. LU-s =       8
  No. nonlinear iterations =      37
  No. nonlinear convergence failures =       0
  No. error test failures =       0
  Last step size used =    0.47206E+07
  Index compenent largest error = ********

 ...   58 / 116

 No. steps =      31   No. f-s =     708   No. J-s =       1   No. LU-s =       8
  No. nonlinear iterations =      37
  No. nonlinear convergence failures =       0
  No. error test failures =       0
  Last step size used =    0.44299E+07
  Index compenent largest error = ********

 ...   59 / 116

 No. steps =      30   No. f-s =     707   No. J-s =       1   No. LU-s =       8
  No. nonlinear iterations =      36
  No. nonlinear convergence failures =       0
  No. error test failures =       0
  Last step size used =    0.50692E+07
  Index compenent largest error = ********

 ...   60 / 116

 No. steps =      29   No. f-s =     706   No. J-s =       1   No. LU-s =       8
  No. nonlinear iterations =      35
  No. nonlinear convergence failures =       0
  No. error test failures =       0
  Last step size used =    0.57072E+07
  Index compenent largest error = ********

 ...   61 / 116

 No. steps =      29   No. f-s =     706   No. J-s =       1   No. LU-s =       8
  No. nonlinear iterations =      35
  No. nonlinear convergence failures =       0
  No. error test failures =       0
  Last step size used =    0.61125E+07
  Index compenent largest error = ********

 ...   62 / 116

 No. steps =      28   No. f-s =     704   No. J-s =       1   No. LU-s =       8
  No. nonlinear iterations =      33
  No. nonlinear convergence failures =       0
  No. error test failures =       0
  Last step size used =    0.53769E+07
  Index compenent largest error = ********

 ...   63 / 116

 No. steps =      28   No. f-s =     704   No. J-s =       1   No. LU-s =       8
  No. nonlinear iterations =      33
  No. nonlinear convergence failures =       0
  No. error test failures =       0
  Last step size used =    0.64110E+07
  Index compenent largest error = ********

 ...   64 / 116

 No. steps =      27   No. f-s =     703   No. J-s =       1   No. LU-s =       7
  No. nonlinear iterations =      32
  No. nonlinear convergence failures =       0
  No. error test failures =       0
  Last step size used =    0.42945E+07
  Index compenent largest error = ********

 ...   65 / 116

 No. steps =      27   No. f-s =     703   No. J-s =       1   No. LU-s =       7
  No. nonlinear iterations =      32
  No. nonlinear convergence failures =       0
  No. error test failures =       0
  Last step size used =    0.44250E+07
  Index compenent largest error = ********

 ...   66 / 116

 No. steps =      26   No. f-s =     702   No. J-s =       1   No. LU-s =       7
  No. nonlinear iterations =      31
  No. nonlinear convergence failures =       0
  No. error test failures =       0
  Last step size used =    0.48452E+07
  Index compenent largest error = ********

 ...   67 / 116

 No. steps =      25   No. f-s =     701   No. J-s =       1   No. LU-s =       7
  No. nonlinear iterations =      30
  No. nonlinear convergence failures =       0
  No. error test failures =       0
  Last step size used =    0.82220E+07
  Index compenent largest error = ********

 ...   68 / 116

 No. steps =      21   No. f-s =     697   No. J-s =       1   No. LU-s =       6
  No. nonlinear iterations =      26
  No. nonlinear convergence failures =       0
  No. error test failures =       0
  Last step size used =    0.67993E+07
  Index compenent largest error = ********

 ...   69 / 116

 No. steps =      28   No. f-s =     703   No. J-s =       1   No. LU-s =       7
  No. nonlinear iterations =      32
  No. nonlinear convergence failures =       0
  No. error test failures =       0
  Last step size used =    0.63208E+07
  Index compenent largest error = ********

 ...   70 / 116

 No. steps =      25   No. f-s =     702   No. J-s =       1   No. LU-s =       8
  No. nonlinear iterations =      31
  No. nonlinear convergence failures =       0
  No. error test failures =       0
  Last step size used =    0.82337E+07
  Index compenent largest error = ********

 ...   71 / 116

 No. steps =      24   No. f-s =     701   No. J-s =       1   No. LU-s =       8
  No. nonlinear iterations =      30
  No. nonlinear convergence failures =       0
  No. error test failures =       0
  Last step size used =    0.88031E+07
  Index compenent largest error = ********

 ...   72 / 116

 No. steps =      27   No. f-s =     703   No. J-s =       1   No. LU-s =       8
  No. nonlinear iterations =      32
  No. nonlinear convergence failures =       0
  No. error test failures =       0
  Last step size used =    0.65700E+07
  Index compenent largest error = ********

 ...   73 / 116

 No. steps =      27   No. f-s =     703   No. J-s =       1   No. LU-s =       8
  No. nonlinear iterations =      32
  No. nonlinear convergence failures =       0
  No. error test failures =       0
  Last step size used =    0.67909E+07
  Index compenent largest error = ********

 ...   74 / 116

 No. steps =      26   No. f-s =     702   No. J-s =       1   No. LU-s =       7
  No. nonlinear iterations =      31
  No. nonlinear convergence failures =       0
  No. error test failures =       0
  Last step size used =    0.44915E+07
  Index compenent largest error = ********

 ...   75 / 116

 No. steps =      26   No. f-s =     702   No. J-s =       1   No. LU-s =       7
  No. nonlinear iterations =      31
  No. nonlinear convergence failures =       0
  No. error test failures =       0
  Last step size used =    0.45930E+07
  Index compenent largest error = ********

 ...   76 / 116

 No. steps =      26   No. f-s =     702   No. J-s =       1   No. LU-s =       7
  No. nonlinear iterations =      31
  No. nonlinear convergence failures =       0
  No. error test failures =       0
  Last step size used =    0.43715E+07
  Index compenent largest error = ********

 ...   77 / 116

 No. steps =      27   No. f-s =     703   No. J-s =       1   No. LU-s =       8
  No. nonlinear iterations =      32
  No. nonlinear convergence failures =       0
  No. error test failures =       0
  Last step size used =    0.67234E+07
  Index compenent largest error = ********

 ...   78 / 116

 No. steps =      26   No. f-s =     702   No. J-s =       1   No. LU-s =       7
  No. nonlinear iterations =      31
  No. nonlinear convergence failures =       0
  No. error test failures =       0
  Last step size used =    0.44694E+07
  Index compenent largest error = ********

 ...   79 / 116

 No. steps =      26   No. f-s =     702   No. J-s =       1   No. LU-s =       7
  No. nonlinear iterations =      31
  No. nonlinear convergence failures =       0
  No. error test failures =       0
  Last step size used =    0.44441E+07
  Index compenent largest error = ********

 ...   80 / 116

 No. steps =      27   No. f-s =     703   No. J-s =       1   No. LU-s =       8
  No. nonlinear iterations =      32
  No. nonlinear convergence failures =       0
  No. error test failures =       0
  Last step size used =    0.65290E+07
  Index compenent largest error = ********

 ...   81 / 116

 No. steps =      27   No. f-s =     703   No. J-s =       1   No. LU-s =       8
  No. nonlinear iterations =      32
  No. nonlinear convergence failures =       0
  No. error test failures =       0
  Last step size used =    0.64443E+07
  Index compenent largest error = ********

 ...   82 / 116

 No. steps =      27   No. f-s =     703   No. J-s =       1   No. LU-s =       8
  No. nonlinear iterations =      32
  No. nonlinear convergence failures =       0
  No. error test failures =       0
  Last step size used =    0.64780E+07
  Index compenent largest error = ********

 ...   83 / 116

 No. steps =      27   No. f-s =     703   No. J-s =       1   No. LU-s =       8
  No. nonlinear iterations =      32
  No. nonlinear convergence failures =       0
  No. error test failures =       0
  Last step size used =    0.62365E+07
  Index compenent largest error = ********

 ...   84 / 116

 No. steps =      27   No. f-s =     703   No. J-s =       1   No. LU-s =       8
  No. nonlinear iterations =      32
  No. nonlinear convergence failures =       0
  No. error test failures =       0
  Last step size used =    0.62570E+07
  Index compenent largest error = ********

 ...   85 / 116

 No. steps =      27   No. f-s =     703   No. J-s =       1   No. LU-s =       8
  No. nonlinear iterations =      32
  No. nonlinear convergence failures =       0
  No. error test failures =       0
  Last step size used =    0.64662E+07
  Index compenent largest error = ********

 ...   86 / 116

 No. steps =      27   No. f-s =     703   No. J-s =       1   No. LU-s =       8
  No. nonlinear iterations =      32
  No. nonlinear convergence failures =       0
  No. error test failures =       0
  Last step size used =    0.64724E+07
  Index compenent largest error = ********

 ...   87 / 116

 No. steps =      27   No. f-s =     703   No. J-s =       1   No. LU-s =       8
  No. nonlinear iterations =      32
  No. nonlinear convergence failures =       0
  No. error test failures =       0
  Last step size used =    0.62818E+07
  Index compenent largest error = ********

 ...   88 / 116

 No. steps =      27   No. f-s =     703   No. J-s =       1   No. LU-s =       8
  No. nonlinear iterations =      32
  No. nonlinear convergence failures =       0
  No. error test failures =       0
  Last step size used =    0.64264E+07
  Index compenent largest error = ********

 ...   89 / 116

 No. steps =      27   No. f-s =     703   No. J-s =       1   No. LU-s =       8
  No. nonlinear iterations =      32
  No. nonlinear convergence failures =       0
  No. error test failures =       0
  Last step size used =    0.64432E+07
  Index compenent largest error = ********

 ...   90 / 116

 No. steps =      26   No. f-s =     702   No. J-s =       1   No. LU-s =       7
  No. nonlinear iterations =      31
  No. nonlinear convergence failures =       0
  No. error test failures =       0
  Last step size used =    0.43835E+07
  Index compenent largest error = ********

 ...   91 / 116

 No. steps =      26   No. f-s =     702   No. J-s =       1   No. LU-s =       7
  No. nonlinear iterations =      31
  No. nonlinear convergence failures =       0
  No. error test failures =       0
  Last step size used =    0.44364E+07
  Index compenent largest error = ********

 ...   92 / 116

 No. steps =      26   No. f-s =     702   No. J-s =       1   No. LU-s =       7
  No. nonlinear iterations =      31
  No. nonlinear convergence failures =       0
  No. error test failures =       0
  Last step size used =    0.43798E+07
  Index compenent largest error = ********

 ...   93 / 116

 No. steps =      26   No. f-s =     702   No. J-s =       1   No. LU-s =       7
  No. nonlinear iterations =      31
  No. nonlinear convergence failures =       0
  No. error test failures =       0
  Last step size used =    0.44273E+07
  Index compenent largest error = ********

 ...   94 / 116

 No. steps =      26   No. f-s =     702   No. J-s =       1   No. LU-s =       7
  No. nonlinear iterations =      31
  No. nonlinear convergence failures =       0
  No. error test failures =       0
  Last step size used =    0.45562E+07
  Index compenent largest error = ********

 ...   95 / 116

 No. steps =      26   No. f-s =     702   No. J-s =       1   No. LU-s =       7
  No. nonlinear iterations =      31
  No. nonlinear convergence failures =       0
  No. error test failures =       0
  Last step size used =    0.44457E+07
  Index compenent largest error = ********

 ...   96 / 116

 No. steps =      26   No. f-s =     702   No. J-s =       1   No. LU-s =       7
  No. nonlinear iterations =      31
  No. nonlinear convergence failures =       0
  No. error test failures =       0
  Last step size used =    0.45602E+07
  Index compenent largest error = ********

 ...   97 / 116

 No. steps =      26   No. f-s =     702   No. J-s =       1   No. LU-s =       7
  No. nonlinear iterations =      31
  No. nonlinear convergence failures =       0
  No. error test failures =       0
  Last step size used =    0.46521E+07
  Index compenent largest error = ********

 ...   98 / 116

 No. steps =      26   No. f-s =     702   No. J-s =       1   No. LU-s =       7
  No. nonlinear iterations =      31
  No. nonlinear convergence failures =       0
  No. error test failures =       0
  Last step size used =    0.46704E+07
  Index compenent largest error = ********

 ...   99 / 116

 No. steps =      26   No. f-s =     702   No. J-s =       1   No. LU-s =       7
  No. nonlinear iterations =      31
  No. nonlinear convergence failures =       0
  No. error test failures =       0
  Last step size used =    0.47062E+07
  Index compenent largest error = ********

 ...  100 / 116

 No. steps =      26   No. f-s =     702   No. J-s =       1   No. LU-s =       7
  No. nonlinear iterations =      31
  No. nonlinear convergence failures =       0
  No. error test failures =       0
  Last step size used =    0.47617E+07
  Index compenent largest error = ********

 ...  101 / 116

 No. steps =      25   No. f-s =     701   No. J-s =       1   No. LU-s =       7
  No. nonlinear iterations =      30
  No. nonlinear convergence failures =       0
  No. error test failures =       0
  Last step size used =    0.48762E+07
  Index compenent largest error = ********

 ...  102 / 116

 No. steps =      25   No. f-s =     701   No. J-s =       1   No. LU-s =       7
  No. nonlinear iterations =      30
  No. nonlinear convergence failures =       0
  No. error test failures =       0
  Last step size used =    0.50419E+07
  Index compenent largest error = ********

 ...  103 / 116

 No. steps =      25   No. f-s =     701   No. J-s =       1   No. LU-s =       7
  No. nonlinear iterations =      30
  No. nonlinear convergence failures =       0
  No. error test failures =       0
  Last step size used =    0.51216E+07
  Index compenent largest error = ********

 ...  104 / 116

 No. steps =      25   No. f-s =     701   No. J-s =       1   No. LU-s =       7
  No. nonlinear iterations =      30
  No. nonlinear convergence failures =       0
  No. error test failures =       0
  Last step size used =    0.52700E+07
  Index compenent largest error = ********

 ...  105 / 116

 No. steps =      25   No. f-s =     701   No. J-s =       1   No. LU-s =       7
  No. nonlinear iterations =      30
  No. nonlinear convergence failures =       0
  No. error test failures =       0
  Last step size used =    0.52708E+07
  Index compenent largest error = ********

 ...  106 / 116

 No. steps =      26   No. f-s =     701   No. J-s =       1   No. LU-s =       6
  No. nonlinear iterations =      30
  No. nonlinear convergence failures =       0
  No. error test failures =       0
  Last step size used =    0.56682E+07
  Index compenent largest error = ********

 ...  107 / 116

 No. steps =      26   No. f-s =     701   No. J-s =       1   No. LU-s =       6
  No. nonlinear iterations =      30
  No. nonlinear convergence failures =       0
  No. error test failures =       0
  Last step size used =    0.56947E+07
  Index compenent largest error = ********

 ...  108 / 116

 No. steps =      25   No. f-s =     700   No. J-s =       1   No. LU-s =       6
  No. nonlinear iterations =      29
  No. nonlinear convergence failures =       0
  No. error test failures =       0
  Last step size used =    0.58382E+07
  Index compenent largest error = ********

 ...  109 / 116

 No. steps =      25   No. f-s =     700   No. J-s =       1   No. LU-s =       6
  No. nonlinear iterations =      29
  No. nonlinear convergence failures =       0
  No. error test failures =       0
  Last step size used =    0.59073E+07
  Index compenent largest error = ********

 ...  110 / 116

 No. steps =      25   No. f-s =     700   No. J-s =       1   No. LU-s =       6
  No. nonlinear iterations =      29
  No. nonlinear convergence failures =       0
  No. error test failures =       0
  Last step size used =    0.59886E+07
  Index compenent largest error = ********

 ...  111 / 116

 No. steps =      25   No. f-s =     700   No. J-s =       1   No. LU-s =       6
  No. nonlinear iterations =      29
  No. nonlinear convergence failures =       0
  No. error test failures =       0
  Last step size used =    0.61178E+07
  Index compenent largest error = ********

 ...  112 / 116

 No. steps =      25   No. f-s =     700   No. J-s =       1   No. LU-s =       6
  No. nonlinear iterations =      29
  No. nonlinear convergence failures =       0
  No. error test failures =       0
  Last step size used =    0.61702E+07
  Index compenent largest error = ********

 ...  113 / 116

 No. steps =      25   No. f-s =     700   No. J-s =       1   No. LU-s =       6
  No. nonlinear iterations =      29
  No. nonlinear convergence failures =       0
  No. error test failures =       0
  Last step size used =    0.62959E+07
  Index compenent largest error = ********

 ...  114 / 116

 No. steps =      25   No. f-s =     700   No. J-s =       1   No. LU-s =       6
  No. nonlinear iterations =      29
  No. nonlinear convergence failures =       0
  No. error test failures =       0
  Last step size used =    0.64996E+07
  Index compenent largest error = ********

 ...  115 / 116

 No. steps =      24   No. f-s =     699   No. J-s =       1   No. LU-s =       6
  No. nonlinear iterations =      28
  No. nonlinear convergence failures =       0
  No. error test failures =       0
  Last step size used =    0.67231E+07
  Index compenent largest error = ********

 ...  116 / 116

 No. steps =      24   No. f-s =     699   No. J-s =       1   No. LU-s =       6
  No. nonlinear iterations =      28
  No. nonlinear convergence failures =       0
  No. error test failures =       0
  Last step size used =    0.67359E+07
  Index compenent largest error = ********


    ... DONE!
 +++++++++++++++++++++++++++++++++++++++++++++++++++


+------------------ Job Report: 10176626 (COMPLETED) ------------------+
| Memory (RAM)  No data available                                      |
| CPU           [########            ] 44.8% average                   |
| Time          [>                   ]  0.8% (0-00:00:29 / 0-01:00:00) |
|                                                                      |
| Lustre Filesystem:                                                   |
|   No data available                                                  |
+----------------------------------------------------------------------+
