Starting job 10175762, array task 455 on dave21
Chemistry type: Orich
Analysis mode: false
Found 462 valid particle IDs in /fred/oz304/beckers/Chemistry/traces/wind_v10/trace_output_with_av
Returning 460 particle IDs (after start_index=2 offset)
SLURM task 455: processing particle 4092413
Running Orich evolving_model on 1 phantom particle trace(s) from wind_v10

 +++++++++++++++++++++++++++++++++++++++++++++++++++
 +++++        ENVELOPE CHEMICAL MODEL         ++++++
 +++++++++++++++++++++++++++++++++++++++++++++++++++

 Version 1.0 authored by Catherine Walsh and Maria 
    Drozdovskaya, Leiden Observatory (01/08/2013)

 Version 1.1 amended by Catherine Walsh (18/05/2014)

 Version 1.2 amended by Catherine Walsh (13/08/2015)

 +++++++++++++++++++++++++++++++++++++++++++++++++++

          Input file =  Orich/param/trace_file_param/file_parameters_4092413.txt              

 Physical conditions  = Orich/input/4092413.txt                                               
 Chemical network     = ./rate12_complex.rates                                                
 Species file         = ./rate12_complex_atomic_Orich.specs                                   
 Binding energies     = ./rate12_binding.dat                                                  
 Reaction parameters  = param/reaction_parameters.txt                                         
 Grain parameters     = param/grain_parameters.txt                                            
 Radiation parameters = param/radiation_parameters.txt                                        

 Output file          = Orich/output/model_output_4092413.dat                                 
 Rates file           = Orich/output/model_rates_4092413.dat                                  

 Opening and reading physical conditions file ...

 +++++++++++++++++++++++++++++++++++++++++++++++++++
 Beginning to run model ...
 +++++++++++++++++++++++++++++++++++++++++++++++++++

 Preparing output files ...

 Progress = ...
 ...    1 /  17

 No. steps =    1177   No. f-s =   18591   No. J-s =      25   No. LU-s =     189
  No. nonlinear iterations =    1890
  No. nonlinear convergence failures =       0
  No. error test failures =      66
  Last step size used =    0.15136E+09
  Index compenent largest error = ********

 ...    2 /  17

 No. steps =      82   No. f-s =    1434   No. J-s =       2   No. LU-s =      17
  No. nonlinear iterations =      95
  No. nonlinear convergence failures =       0
  No. error test failures =       1
  Last step size used =    0.34399E+07
  Index compenent largest error = ********

 ...    3 /  17

 No. steps =      70   No. f-s =    1424   No. J-s =       2   No. LU-s =      14
  No. nonlinear iterations =      85
  No. nonlinear convergence failures =       0
  No. error test failures =       1
  Last step size used =    0.28348E+07
  Index compenent largest error = ********

 ...    4 /  17

 No. steps =      70   No. f-s =    1422   No. J-s =       2   No. LU-s =      14
  No. nonlinear iterations =      83
  No. nonlinear convergence failures =       0
  No. error test failures =       0
  Last step size used =    0.40378E+07
  Index compenent largest error = ********

 ...    5 /  17

 No. steps =     455   No. f-s =    8032   No. J-s =      11   No. LU-s =      85
  No. nonlinear iterations =     681
  No. nonlinear convergence failures =       0
  No. error test failures =      27
  Last step size used =    0.10056E+07
  Index compenent largest error = ********

 ...    6 /  17

 No. steps =     115   No. f-s =    2143   No. J-s =       3   No. LU-s =      25
  No. nonlinear iterations =     136
  No. nonlinear convergence failures =       0
  No. error test failures =       2
  Last step size used =    0.30433E+07
  Index compenent largest error = ********

 ...    7 /  17

 No. steps =     103   No. f-s =    1466   No. J-s =       2   No. LU-s =      19
  No. nonlinear iterations =     127
  No. nonlinear convergence failures =       0
  No. error test failures =       2
  Last step size used =    0.23294E+07
  Index compenent largest error = ********

 ...    8 /  17

 No. steps =      79   No. f-s =    1437   No. J-s =       2   No. LU-s =      18
  No. nonlinear iterations =      98
  No. nonlinear convergence failures =       0
  No. error test failures =       2
  Last step size used =    0.31705E+07
  Index compenent largest error = ********

 ...    9 /  17

 No. steps =      73   No. f-s =    1429   No. J-s =       2   No. LU-s =      16
  No. nonlinear iterations =      90
  No. nonlinear convergence failures =       0
  No. error test failures =       1
  Last step size used =    0.29751E+07
  Index compenent largest error = ********

 ...   10 /  17

 No. steps =      68   No. f-s =    1423   No. J-s =       2   No. LU-s =      15
  No. nonlinear iterations =      84
  No. nonlinear convergence failures =       0
  No. error test failures =       1
  Last step size used =    0.38868E+07
  Index compenent largest error = ********

 ...   11 /  17

 No. steps =      60   No. f-s =    1408   No. J-s =       2   No. LU-s =      11
  No. nonlinear iterations =      69
  No. nonlinear convergence failures =       0
  No. error test failures =       0
  Last step size used =    0.32809E+07
  Index compenent largest error = ********

 ...   12 /  17

 No. steps =      56   No. f-s =     736   No. J-s =       1   No. LU-s =      12
  No. nonlinear iterations =      65
  No. nonlinear convergence failures =       0
  No. error test failures =       0
  Last step size used =    0.27267E+07
  Index compenent largest error = ********

 ...   13 /  17

 No. steps =      53   No. f-s =     735   No. J-s =       1   No. LU-s =      11
  No. nonlinear iterations =      64
  No. nonlinear convergence failures =       0
  No. error test failures =       0
  Last step size used =    0.35142E+07
  Index compenent largest error = ********

 ...   14 /  17

 No. steps =      50   No. f-s =     732   No. J-s =       1   No. LU-s =      13
  No. nonlinear iterations =      61
  No. nonlinear convergence failures =       0
  No. error test failures =       0
  Last step size used =    0.44383E+07
  Index compenent largest error = ********

 ...   15 /  17

 No. steps =      53   No. f-s =    1403   No. J-s =       2   No. LU-s =      13
  No. nonlinear iterations =      64
  No. nonlinear convergence failures =       0
  No. error test failures =       0
  Last step size used =    0.42218E+07
  Index compenent largest error = ********

 ...   16 /  17

 No. steps =      51   No. f-s =     731   No. J-s =       1   No. LU-s =      11
  No. nonlinear iterations =      60
  No. nonlinear convergence failures =       0
  No. error test failures =       0
  Last step size used =    0.45544E+07
  Index compenent largest error = ********

 ...   17 /  17

 No. steps =      49   No. f-s =     729   No. J-s =       1   No. LU-s =      11
  No. nonlinear iterations =      58
  No. nonlinear convergence failures =       0
  No. error test failures =       0
  Last step size used =    0.41427E+07
  Index compenent largest error = ********


    ... DONE!
 +++++++++++++++++++++++++++++++++++++++++++++++++++


+------------------ Job Report: 10176660 (COMPLETED) ------------------+
| Memory (RAM)  No data available                                      |
| CPU           [#####               ] 25.0% average                   |
| Time          [>                   ]  0.4% (0-00:00:16 / 0-01:00:00) |
|                                                                      |
| Lustre Filesystem:                                                   |
|   No data available                                                  |
+----------------------------------------------------------------------+
