Starting job 10175762, array task 454 on dave21
Chemistry type: Orich
Analysis mode: false
Found 462 valid particle IDs in /fred/oz304/beckers/Chemistry/traces/wind_v10/trace_output_with_av
Returning 460 particle IDs (after start_index=2 offset)
SLURM task 454: processing particle 4084139
Running Orich evolving_model on 1 phantom particle trace(s) from wind_v10

 +++++++++++++++++++++++++++++++++++++++++++++++++++
 +++++        ENVELOPE CHEMICAL MODEL         ++++++
 +++++++++++++++++++++++++++++++++++++++++++++++++++

 Version 1.0 authored by Catherine Walsh and Maria 
    Drozdovskaya, Leiden Observatory (01/08/2013)

 Version 1.1 amended by Catherine Walsh (18/05/2014)

 Version 1.2 amended by Catherine Walsh (13/08/2015)

 +++++++++++++++++++++++++++++++++++++++++++++++++++

          Input file =  Orich/param/trace_file_param/file_parameters_4084139.txt              

 Physical conditions  = Orich/input/4084139.txt                                               
 Chemical network     = ./rate12_complex.rates                                                
 Species file         = ./rate12_complex_atomic_Orich.specs                                   
 Binding energies     = ./rate12_binding.dat                                                  
 Reaction parameters  = param/reaction_parameters.txt                                         
 Grain parameters     = param/grain_parameters.txt                                            
 Radiation parameters = param/radiation_parameters.txt                                        

 Output file          = Orich/output/model_output_4084139.dat                                 
 Rates file           = Orich/output/model_rates_4084139.dat                                  

 Opening and reading physical conditions file ...

 +++++++++++++++++++++++++++++++++++++++++++++++++++
 Beginning to run model ...
 +++++++++++++++++++++++++++++++++++++++++++++++++++

 Preparing output files ...

 Progress = ...
 ...    1 /  20

 No. steps =    1172   No. f-s =   18536   No. J-s =      25   No. LU-s =     193
  No. nonlinear iterations =    1835
  No. nonlinear convergence failures =       0
  No. error test failures =      67
  Last step size used =    0.30643E+09
  Index compenent largest error = ********

 ...    2 /  20

 No. steps =      86   No. f-s =    1438   No. J-s =       2   No. LU-s =      17
  No. nonlinear iterations =      99
  No. nonlinear convergence failures =       0
  No. error test failures =       1
  Last step size used =    0.30856E+07
  Index compenent largest error = ********

 ...    3 /  20

 No. steps =    1016   No. f-s =   16918   No. J-s =      23   No. LU-s =     167
  No. nonlinear iterations =    1552
  No. nonlinear convergence failures =       0
  No. error test failures =      63
  Last step size used =    0.53230E+06
  Index compenent largest error = ********

 ...    4 /  20

 No. steps =     235   No. f-s =    3649   No. J-s =       5   No. LU-s =      42
  No. nonlinear iterations =     306
  No. nonlinear convergence failures =       0
  No. error test failures =      11
  Last step size used =    0.57118E+06
  Index compenent largest error = ********

 ...    5 /  20

 No. steps =     132   No. f-s =    2159   No. J-s =       3   No. LU-s =      22
  No. nonlinear iterations =     152
  No. nonlinear convergence failures =       0
  No. error test failures =       1
  Last step size used =    0.13151E+07
  Index compenent largest error = ********

 ...    6 /  20

 No. steps =      88   No. f-s =    1445   No. J-s =       2   No. LU-s =      17
  No. nonlinear iterations =     106
  No. nonlinear convergence failures =       0
  No. error test failures =       2
  Last step size used =    0.13070E+07
  Index compenent largest error = ********

 ...    7 /  20

 No. steps =      73   No. f-s =    1427   No. J-s =       2   No. LU-s =      14
  No. nonlinear iterations =      88
  No. nonlinear convergence failures =       0
  No. error test failures =       1
  Last step size used =    0.22833E+07
  Index compenent largest error = ********

 ...    8 /  20

 No. steps =      70   No. f-s =    1427   No. J-s =       2   No. LU-s =      14
  No. nonlinear iterations =      88
  No. nonlinear convergence failures =       0
  No. error test failures =       2
  Last step size used =    0.90441E+06
  Index compenent largest error = ********

 ...    9 /  20

 No. steps =      63   No. f-s =     747   No. J-s =       1   No. LU-s =      12
  No. nonlinear iterations =      76
  No. nonlinear convergence failures =       0
  No. error test failures =       0
  Last step size used =    0.23394E+07
  Index compenent largest error = ********

 ...   10 /  20

 No. steps =      60   No. f-s =     742   No. J-s =       1   No. LU-s =      12
  No. nonlinear iterations =      71
  No. nonlinear convergence failures =       0
  No. error test failures =       0
  Last step size used =    0.21090E+07
  Index compenent largest error = ********

 ...   11 /  20

 No. steps =      70   No. f-s =    1421   No. J-s =       2   No. LU-s =      14
  No. nonlinear iterations =      82
  No. nonlinear convergence failures =       0
  No. error test failures =       0
  Last step size used =    0.34992E+07
  Index compenent largest error = ********

 ...   12 /  20

 No. steps =      69   No. f-s =    1416   No. J-s =       2   No. LU-s =      13
  No. nonlinear iterations =      77
  No. nonlinear convergence failures =       0
  No. error test failures =       0
  Last step size used =    0.31744E+07
  Index compenent largest error = ********

 ...   13 /  20

 No. steps =      68   No. f-s =    1418   No. J-s =       2   No. LU-s =      12
  No. nonlinear iterations =      79
  No. nonlinear convergence failures =       0
  No. error test failures =       0
  Last step size used =    0.28316E+07
  Index compenent largest error = ********

 ...   14 /  20

 No. steps =      70   No. f-s =    1421   No. J-s =       2   No. LU-s =      12
  No. nonlinear iterations =      82
  No. nonlinear convergence failures =       0
  No. error test failures =       0
  Last step size used =    0.37984E+07
  Index compenent largest error = ********

 ...   15 /  20

 No. steps =      72   No. f-s =    1424   No. J-s =       2   No. LU-s =      13
  No. nonlinear iterations =      85
  No. nonlinear convergence failures =       0
  No. error test failures =       0
  Last step size used =    0.40155E+07
  Index compenent largest error = ********

 ...   16 /  20

 No. steps =      71   No. f-s =    1422   No. J-s =       2   No. LU-s =      12
  No. nonlinear iterations =      83
  No. nonlinear convergence failures =       0
  No. error test failures =       0
  Last step size used =    0.27516E+07
  Index compenent largest error = ********

 ...   17 /  20

 No. steps =      70   No. f-s =    1421   No. J-s =       2   No. LU-s =      12
  No. nonlinear iterations =      82
  No. nonlinear convergence failures =       0
  No. error test failures =       0
  Last step size used =    0.38252E+07
  Index compenent largest error = ********

 ...   18 /  20

 No. steps =      68   No. f-s =    1416   No. J-s =       2   No. LU-s =      13
  No. nonlinear iterations =      77
  No. nonlinear convergence failures =       0
  No. error test failures =       0
  Last step size used =    0.43977E+07
  Index compenent largest error = ********

 ...   19 /  20

 No. steps =      71   No. f-s =    1422   No. J-s =       2   No. LU-s =      12
  No. nonlinear iterations =      83
  No. nonlinear convergence failures =       0
  No. error test failures =       0
  Last step size used =    0.38916E+07
  Index compenent largest error = ********

 ...   20 /  20

 No. steps =      70   No. f-s =    1420   No. J-s =       2   No. LU-s =      12
  No. nonlinear iterations =      81
  No. nonlinear convergence failures =       0
  No. error test failures =       0
  Last step size used =    0.41265E+07
  Index compenent largest error = ********


    ... DONE!
 +++++++++++++++++++++++++++++++++++++++++++++++++++


+------------------ Job Report: 10176659 (COMPLETED) ------------------+
| Memory (RAM)  No data available                                      |
| CPU           [#####               ] 27.8% average                   |
| Time          [>                   ]  0.5% (0-00:00:18 / 0-01:00:00) |
|                                                                      |
| Lustre Filesystem:                                                   |
|   No data available                                                  |
+----------------------------------------------------------------------+
