Starting job 10175762, array task 428 on dave28
Chemistry type: Orich
Analysis mode: false
Found 462 valid particle IDs in /fred/oz304/beckers/Chemistry/traces/wind_v10/trace_output_with_av
Returning 460 particle IDs (after start_index=2 offset)
SLURM task 428: processing particle 3860738
Running Orich evolving_model on 1 phantom particle trace(s) from wind_v10

 +++++++++++++++++++++++++++++++++++++++++++++++++++
 +++++        ENVELOPE CHEMICAL MODEL         ++++++
 +++++++++++++++++++++++++++++++++++++++++++++++++++

 Version 1.0 authored by Catherine Walsh and Maria 
    Drozdovskaya, Leiden Observatory (01/08/2013)

 Version 1.1 amended by Catherine Walsh (18/05/2014)

 Version 1.2 amended by Catherine Walsh (13/08/2015)

 +++++++++++++++++++++++++++++++++++++++++++++++++++

          Input file =  Orich/param/trace_file_param/file_parameters_3860738.txt              

 Physical conditions  = Orich/input/3860738.txt                                               
 Chemical network     = ./rate12_complex.rates                                                
 Species file         = ./rate12_complex_atomic_Orich.specs                                   
 Binding energies     = ./rate12_binding.dat                                                  
 Reaction parameters  = param/reaction_parameters.txt                                         
 Grain parameters     = param/grain_parameters.txt                                            
 Radiation parameters = param/radiation_parameters.txt                                        

 Output file          = Orich/output/model_output_3860738.dat                                 
 Rates file           = Orich/output/model_rates_3860738.dat                                  

 Opening and reading physical conditions file ...

 +++++++++++++++++++++++++++++++++++++++++++++++++++
 Beginning to run model ...
 +++++++++++++++++++++++++++++++++++++++++++++++++++

 Preparing output files ...

 Progress = ...
 ...    1 / 106

 No. steps =    1219   No. f-s =   18519   No. J-s =      25   No. LU-s =     192
  No. nonlinear iterations =    1818
  No. nonlinear convergence failures =       0
  No. error test failures =      66
  Last step size used =    0.82148E+09
  Index compenent largest error = ********

 ...    2 / 106

 No. steps =      97   No. f-s =    1450   No. J-s =       2   No. LU-s =      16
  No. nonlinear iterations =     111
  No. nonlinear convergence failures =       0
  No. error test failures =       0
  Last step size used =    0.25021E+07
  Index compenent largest error = ********

 ...    3 / 106

 No. steps =      95   No. f-s =    1450   No. J-s =       2   No. LU-s =      16
  No. nonlinear iterations =     111
  No. nonlinear convergence failures =       0
  No. error test failures =       0
  Last step size used =    0.24118E+07
  Index compenent largest error = ********

 ...    4 / 106

 No. steps =      84   No. f-s =    1437   No. J-s =       2   No. LU-s =      15
  No. nonlinear iterations =      98
  No. nonlinear convergence failures =       0
  No. error test failures =       0
  Last step size used =    0.25660E+07
  Index compenent largest error = ********

 ...    5 / 106

 No. steps =      82   No. f-s =    1443   No. J-s =       2   No. LU-s =      19
  No. nonlinear iterations =     104
  No. nonlinear convergence failures =       0
  No. error test failures =       3
  Last step size used =    0.40461E+07
  Index compenent largest error = ********

 ...    6 / 106

 No. steps =      65   No. f-s =    1417   No. J-s =       2   No. LU-s =      13
  No. nonlinear iterations =      78
  No. nonlinear convergence failures =       0
  No. error test failures =       0
  Last step size used =    0.34630E+07
  Index compenent largest error = ********

 ...    7 / 106

 No. steps =      61   No. f-s =    1409   No. J-s =       2   No. LU-s =      14
  No. nonlinear iterations =      70
  No. nonlinear convergence failures =       0
  No. error test failures =       0
  Last step size used =    0.42210E+07
  Index compenent largest error = ********

 ...    8 / 106

 No. steps =      56   No. f-s =     735   No. J-s =       1   No. LU-s =      11
  No. nonlinear iterations =      64
  No. nonlinear convergence failures =       0
  No. error test failures =       0
  Last step size used =    0.28172E+07
  Index compenent largest error = ********

 ...    9 / 106

 No. steps =      53   No. f-s =    1397   No. J-s =       2   No. LU-s =      11
  No. nonlinear iterations =      58
  No. nonlinear convergence failures =       0
  No. error test failures =       0
  Last step size used =    0.45793E+07
  Index compenent largest error = ********

 ...   10 / 106

 No. steps =      49   No. f-s =     727   No. J-s =       1   No. LU-s =      10
  No. nonlinear iterations =      56
  No. nonlinear convergence failures =       0
  No. error test failures =       0
  Last step size used =    0.34781E+07
  Index compenent largest error = ********

 ...   11 / 106

 No. steps =      46   No. f-s =     722   No. J-s =       1   No. LU-s =       8
  No. nonlinear iterations =      51
  No. nonlinear convergence failures =       0
  No. error test failures =       0
  Last step size used =    0.32043E+07
  Index compenent largest error = ********

 ...   12 / 106

 No. steps =      43   No. f-s =     720   No. J-s =       1   No. LU-s =       9
  No. nonlinear iterations =      49
  No. nonlinear convergence failures =       0
  No. error test failures =       0
  Last step size used =    0.34767E+07
  Index compenent largest error = ********

 ...   13 / 106

 No. steps =      44   No. f-s =     718   No. J-s =       1   No. LU-s =       8
  No. nonlinear iterations =      47
  No. nonlinear convergence failures =       0
  No. error test failures =       0
  Last step size used =    0.41170E+07
  Index compenent largest error = ********

 ...   14 / 106

 No. steps =      43   No. f-s =     718   No. J-s =       1   No. LU-s =       8
  No. nonlinear iterations =      47
  No. nonlinear convergence failures =       0
  No. error test failures =       0
  Last step size used =    0.32220E+07
  Index compenent largest error = ********

 ...   15 / 106

 No. steps =      45   No. f-s =     720   No. J-s =       1   No. LU-s =       9
  No. nonlinear iterations =      49
  No. nonlinear convergence failures =       0
  No. error test failures =       0
  Last step size used =    0.35986E+07
  Index compenent largest error = ********

 ...   16 / 106

 No. steps =      45   No. f-s =     723   No. J-s =       1   No. LU-s =       9
  No. nonlinear iterations =      52
  No. nonlinear convergence failures =       0
  No. error test failures =       0
  Last step size used =    0.30332E+07
  Index compenent largest error = ********

 ...   17 / 106

 No. steps =      43   No. f-s =     719   No. J-s =       1   No. LU-s =       9
  No. nonlinear iterations =      48
  No. nonlinear convergence failures =       0
  No. error test failures =       0
  Last step size used =    0.34234E+07
  Index compenent largest error = ********

 ...   18 / 106

 No. steps =      44   No. f-s =     720   No. J-s =       1   No. LU-s =       9
  No. nonlinear iterations =      49
  No. nonlinear convergence failures =       0
  No. error test failures =       0
  Last step size used =    0.41959E+07
  Index compenent largest error = ********

 ...   19 / 106

 No. steps =      41   No. f-s =     717   No. J-s =       1   No. LU-s =       8
  No. nonlinear iterations =      46
  No. nonlinear convergence failures =       0
  No. error test failures =       0
  Last step size used =    0.32798E+07
  Index compenent largest error = ********

 ...   20 / 106

 No. steps =      44   No. f-s =     725   No. J-s =       1   No. LU-s =      11
  No. nonlinear iterations =      54
  No. nonlinear convergence failures =       0
  No. error test failures =       0
  Last step size used =    0.42525E+07
  Index compenent largest error = ********

 ...   21 / 106

 No. steps =      47   No. f-s =     726   No. J-s =       1   No. LU-s =      11
  No. nonlinear iterations =      55
  No. nonlinear convergence failures =       0
  No. error test failures =       0
  Last step size used =    0.31595E+07
  Index compenent largest error = ********

 ...   22 / 106

 No. steps =      45   No. f-s =     725   No. J-s =       1   No. LU-s =       9
  No. nonlinear iterations =      54
  No. nonlinear convergence failures =       0
  No. error test failures =       0
  Last step size used =    0.39978E+07
  Index compenent largest error = ********

 ...   23 / 106

 No. steps =      39   No. f-s =     716   No. J-s =       1   No. LU-s =       9
  No. nonlinear iterations =      45
  No. nonlinear convergence failures =       0
  No. error test failures =       0
  Last step size used =    0.47152E+07
  Index compenent largest error = ********

 ...   24 / 106

 No. steps =      36   No. f-s =     710   No. J-s =       1   No. LU-s =       6
  No. nonlinear iterations =      39
  No. nonlinear convergence failures =       0
  No. error test failures =       0
  Last step size used =    0.33173E+07
  Index compenent largest error = ********

 ...   25 / 106

 No. steps =      40   No. f-s =     717   No. J-s =       1   No. LU-s =       9
  No. nonlinear iterations =      46
  No. nonlinear convergence failures =       0
  No. error test failures =       0
  Last step size used =    0.37359E+07
  Index compenent largest error = ********

 ...   26 / 106

 No. steps =      43   No. f-s =     722   No. J-s =       1   No. LU-s =      10
  No. nonlinear iterations =      51
  No. nonlinear convergence failures =       0
  No. error test failures =       0
  Last step size used =    0.44001E+07
  Index compenent largest error = ********

 ...   27 / 106

 No. steps =      43   No. f-s =     720   No. J-s =       1   No. LU-s =       8
  No. nonlinear iterations =      49
  No. nonlinear convergence failures =       0
  No. error test failures =       0
  Last step size used =    0.29976E+07
  Index compenent largest error = ********

 ...   28 / 106

 No. steps =      45   No. f-s =     723   No. J-s =       1   No. LU-s =       9
  No. nonlinear iterations =      52
  No. nonlinear convergence failures =       0
  No. error test failures =       0
  Last step size used =    0.38236E+07
  Index compenent largest error = ********

 ...   29 / 106

 No. steps =      45   No. f-s =     722   No. J-s =       1   No. LU-s =       8
  No. nonlinear iterations =      51
  No. nonlinear convergence failures =       0
  No. error test failures =       0
  Last step size used =    0.39414E+07
  Index compenent largest error = ********

 ...   30 / 106

 No. steps =      44   No. f-s =     721   No. J-s =       1   No. LU-s =       9
  No. nonlinear iterations =      50
  No. nonlinear convergence failures =       0
  No. error test failures =       0
  Last step size used =    0.37145E+07
  Index compenent largest error = ********

 ...   31 / 106

 No. steps =      44   No. f-s =     722   No. J-s =       1   No. LU-s =      10
  No. nonlinear iterations =      51
  No. nonlinear convergence failures =       0
  No. error test failures =       0
  Last step size used =    0.60318E+07
  Index compenent largest error = ********

 ...   32 / 106

 No. steps =      44   No. f-s =     722   No. J-s =       1   No. LU-s =      10
  No. nonlinear iterations =      51
  No. nonlinear convergence failures =       0
  No. error test failures =       0
  Last step size used =    0.62323E+07
  Index compenent largest error = ********

 ...   33 / 106

 No. steps =      43   No. f-s =     720   No. J-s =       1   No. LU-s =       9
  No. nonlinear iterations =      49
  No. nonlinear convergence failures =       0
  No. error test failures =       0
  Last step size used =    0.43379E+07
  Index compenent largest error = ********

 ...   34 / 106

 No. steps =      42   No. f-s =     719   No. J-s =       1   No. LU-s =       8
  No. nonlinear iterations =      48
  No. nonlinear convergence failures =       0
  No. error test failures =       0
  Last step size used =    0.30319E+07
  Index compenent largest error = ********

 ...   35 / 106

 No. steps =      42   No. f-s =     719   No. J-s =       1   No. LU-s =       8
  No. nonlinear iterations =      48
  No. nonlinear convergence failures =       0
  No. error test failures =       0
  Last step size used =    0.30278E+07
  Index compenent largest error = ********

 ...   36 / 106

 No. steps =      40   No. f-s =     717   No. J-s =       1   No. LU-s =       8
  No. nonlinear iterations =      46
  No. nonlinear convergence failures =       0
  No. error test failures =       0
  Last step size used =    0.34250E+07
  Index compenent largest error = ********

 ...   37 / 106

 No. steps =      40   No. f-s =     717   No. J-s =       1   No. LU-s =       7
  No. nonlinear iterations =      46
  No. nonlinear convergence failures =       0
  No. error test failures =       0
  Last step size used =    0.32188E+07
  Index compenent largest error = ********

 ...   38 / 106

 No. steps =      40   No. f-s =     718   No. J-s =       1   No. LU-s =       7
  No. nonlinear iterations =      47
  No. nonlinear convergence failures =       0
  No. error test failures =       0
  Last step size used =    0.36370E+07
  Index compenent largest error = ********

 ...   39 / 106

 No. steps =      39   No. f-s =     717   No. J-s =       1   No. LU-s =       7
  No. nonlinear iterations =      46
  No. nonlinear convergence failures =       0
  No. error test failures =       0
  Last step size used =    0.32485E+07
  Index compenent largest error = ********

 ...   40 / 106

 No. steps =      38   No. f-s =     716   No. J-s =       1   No. LU-s =       7
  No. nonlinear iterations =      45
  No. nonlinear convergence failures =       0
  No. error test failures =       0
  Last step size used =    0.35804E+07
  Index compenent largest error = ********

 ...   41 / 106

 No. steps =      39   No. f-s =     717   No. J-s =       1   No. LU-s =       8
  No. nonlinear iterations =      46
  No. nonlinear convergence failures =       0
  No. error test failures =       0
  Last step size used =    0.46372E+07
  Index compenent largest error = ********

 ...   42 / 106

 No. steps =      38   No. f-s =     716   No. J-s =       1   No. LU-s =       8
  No. nonlinear iterations =      45
  No. nonlinear convergence failures =       0
  No. error test failures =       0
  Last step size used =    0.46633E+07
  Index compenent largest error = ********

 ...   43 / 106

 No. steps =      38   No. f-s =     716   No. J-s =       1   No. LU-s =       8
  No. nonlinear iterations =      45
  No. nonlinear convergence failures =       0
  No. error test failures =       0
  Last step size used =    0.48391E+07
  Index compenent largest error = ********

 ...   44 / 106

 No. steps =      38   No. f-s =     716   No. J-s =       1   No. LU-s =       8
  No. nonlinear iterations =      45
  No. nonlinear convergence failures =       0
  No. error test failures =       0
  Last step size used =    0.50098E+07
  Index compenent largest error = ********

 ...   45 / 106

 No. steps =      38   No. f-s =     716   No. J-s =       1   No. LU-s =       8
  No. nonlinear iterations =      45
  No. nonlinear convergence failures =       0
  No. error test failures =       0
  Last step size used =    0.47055E+07
  Index compenent largest error = ********

 ...   46 / 106

 No. steps =      38   No. f-s =     716   No. J-s =       1   No. LU-s =       8
  No. nonlinear iterations =      45
  No. nonlinear convergence failures =       0
  No. error test failures =       0
  Last step size used =    0.46292E+07
  Index compenent largest error = ********

 ...   47 / 106

 No. steps =      38   No. f-s =     716   No. J-s =       1   No. LU-s =       8
  No. nonlinear iterations =      45
  No. nonlinear convergence failures =       0
  No. error test failures =       0
  Last step size used =    0.47593E+07
  Index compenent largest error = ********

 ...   48 / 106

 No. steps =      37   No. f-s =     715   No. J-s =       1   No. LU-s =       8
  No. nonlinear iterations =      44
  No. nonlinear convergence failures =       0
  No. error test failures =       0
  Last step size used =    0.49094E+07
  Index compenent largest error = ********

 ...   49 / 106

 No. steps =      38   No. f-s =     716   No. J-s =       1   No. LU-s =       8
  No. nonlinear iterations =      45
  No. nonlinear convergence failures =       0
  No. error test failures =       0
  Last step size used =    0.47254E+07
  Index compenent largest error = ********

 ...   50 / 106

 No. steps =      38   No. f-s =     716   No. J-s =       1   No. LU-s =       8
  No. nonlinear iterations =      45
  No. nonlinear convergence failures =       0
  No. error test failures =       0
  Last step size used =    0.45854E+07
  Index compenent largest error = ********

 ...   51 / 106

 No. steps =      38   No. f-s =     716   No. J-s =       1   No. LU-s =       8
  No. nonlinear iterations =      45
  No. nonlinear convergence failures =       0
  No. error test failures =       0
  Last step size used =    0.48838E+07
  Index compenent largest error = ********

 ...   52 / 106

 No. steps =      37   No. f-s =     714   No. J-s =       1   No. LU-s =       8
  No. nonlinear iterations =      43
  No. nonlinear convergence failures =       0
  No. error test failures =       0
  Last step size used =    0.51012E+07
  Index compenent largest error = ********

 ...   53 / 106

 No. steps =      38   No. f-s =     715   No. J-s =       1   No. LU-s =       8
  No. nonlinear iterations =      44
  No. nonlinear convergence failures =       0
  No. error test failures =       0
  Last step size used =    0.49818E+07
  Index compenent largest error = ********

 ...   54 / 106

 No. steps =      38   No. f-s =     715   No. J-s =       1   No. LU-s =       8
  No. nonlinear iterations =      44
  No. nonlinear convergence failures =       0
  No. error test failures =       0
  Last step size used =    0.49940E+07
  Index compenent largest error = ********

 ...   55 / 106

 No. steps =      37   No. f-s =     714   No. J-s =       1   No. LU-s =       8
  No. nonlinear iterations =      43
  No. nonlinear convergence failures =       0
  No. error test failures =       0
  Last step size used =    0.53283E+07
  Index compenent largest error = ********

 ...   56 / 106

 No. steps =      37   No. f-s =     714   No. J-s =       1   No. LU-s =       8
  No. nonlinear iterations =      43
  No. nonlinear convergence failures =       0
  No. error test failures =       0
  Last step size used =    0.51090E+07
  Index compenent largest error = ********

 ...   57 / 106

 No. steps =      37   No. f-s =     714   No. J-s =       1   No. LU-s =       8
  No. nonlinear iterations =      43
  No. nonlinear convergence failures =       0
  No. error test failures =       0
  Last step size used =    0.52343E+07
  Index compenent largest error = ********

 ...   58 / 106

 No. steps =      37   No. f-s =     714   No. J-s =       1   No. LU-s =       8
  No. nonlinear iterations =      43
  No. nonlinear convergence failures =       0
  No. error test failures =       0
  Last step size used =    0.53257E+07
  Index compenent largest error = ********

 ...   59 / 106

 No. steps =      37   No. f-s =     714   No. J-s =       1   No. LU-s =       8
  No. nonlinear iterations =      43
  No. nonlinear convergence failures =       0
  No. error test failures =       0
  Last step size used =    0.55983E+07
  Index compenent largest error = ********

 ...   60 / 106

 No. steps =      37   No. f-s =     714   No. J-s =       1   No. LU-s =       8
  No. nonlinear iterations =      43
  No. nonlinear convergence failures =       0
  No. error test failures =       0
  Last step size used =    0.57332E+07
  Index compenent largest error = ********

 ...   61 / 106

 No. steps =      38   No. f-s =     714   No. J-s =       1   No. LU-s =       8
  No. nonlinear iterations =      43
  No. nonlinear convergence failures =       0
  No. error test failures =       0
  Last step size used =    0.47868E+07
  Index compenent largest error = ********

 ...   62 / 106

 No. steps =      36   No. f-s =     713   No. J-s =       1   No. LU-s =       9
  No. nonlinear iterations =      42
  No. nonlinear convergence failures =       0
  No. error test failures =       0
  Last step size used =    0.58789E+07
  Index compenent largest error = ********

 ...   63 / 106

 No. steps =      34   No. f-s =     711   No. J-s =       1   No. LU-s =       7
  No. nonlinear iterations =      40
  No. nonlinear convergence failures =       0
  No. error test failures =       0
  Last step size used =    0.46014E+07
  Index compenent largest error = ********

 ...   64 / 106

 No. steps =      34   No. f-s =     711   No. J-s =       1   No. LU-s =       7
  No. nonlinear iterations =      40
  No. nonlinear convergence failures =       0
  No. error test failures =       0
  Last step size used =    0.47767E+07
  Index compenent largest error = ********

 ...   65 / 106

 No. steps =      34   No. f-s =     711   No. J-s =       1   No. LU-s =       7
  No. nonlinear iterations =      40
  No. nonlinear convergence failures =       0
  No. error test failures =       0
  Last step size used =    0.48672E+07
  Index compenent largest error = ********

 ...   66 / 106

 No. steps =      33   No. f-s =     710   No. J-s =       1   No. LU-s =       7
  No. nonlinear iterations =      39
  No. nonlinear convergence failures =       0
  No. error test failures =       0
  Last step size used =    0.49078E+07
  Index compenent largest error = ********

 ...   67 / 106

 No. steps =      31   No. f-s =     707   No. J-s =       1   No. LU-s =       7
  No. nonlinear iterations =      36
  No. nonlinear convergence failures =       0
  No. error test failures =       0
  Last step size used =    0.52546E+07
  Index compenent largest error = ********

 ...   68 / 106

 No. steps =      30   No. f-s =     706   No. J-s =       1   No. LU-s =       7
  No. nonlinear iterations =      35
  No. nonlinear convergence failures =       0
  No. error test failures =       0
  Last step size used =    0.55491E+07
  Index compenent largest error = ********

 ...   69 / 106

 No. steps =      33   No. f-s =     709   No. J-s =       1   No. LU-s =       7
  No. nonlinear iterations =      38
  No. nonlinear convergence failures =       0
  No. error test failures =       0
  Last step size used =    0.55315E+07
  Index compenent largest error = ********

 ...   70 / 106

 No. steps =      30   No. f-s =     706   No. J-s =       1   No. LU-s =       8
  No. nonlinear iterations =      35
  No. nonlinear convergence failures =       0
  No. error test failures =       0
  Last step size used =    0.48350E+07
  Index compenent largest error = ********

 ...   71 / 106

 No. steps =      29   No. f-s =     705   No. J-s =       1   No. LU-s =       8
  No. nonlinear iterations =      34
  No. nonlinear convergence failures =       0
  No. error test failures =       0
  Last step size used =    0.52169E+07
  Index compenent largest error = ********

 ...   72 / 106

 No. steps =      28   No. f-s =     704   No. J-s =       1   No. LU-s =       8
  No. nonlinear iterations =      33
  No. nonlinear convergence failures =       0
  No. error test failures =       0
  Last step size used =    0.63414E+07
  Index compenent largest error = ********

 ...   73 / 106

 No. steps =      28   No. f-s =     704   No. J-s =       1   No. LU-s =       8
  No. nonlinear iterations =      33
  No. nonlinear convergence failures =       0
  No. error test failures =       0
  Last step size used =    0.64259E+07
  Index compenent largest error = ********

 ...   74 / 106

 No. steps =      28   No. f-s =     704   No. J-s =       1   No. LU-s =       8
  No. nonlinear iterations =      33
  No. nonlinear convergence failures =       0
  No. error test failures =       0
  Last step size used =    0.69371E+07
  Index compenent largest error = ********

 ...   75 / 106

 No. steps =      26   No. f-s =     702   No. J-s =       1   No. LU-s =       7
  No. nonlinear iterations =      31
  No. nonlinear convergence failures =       0
  No. error test failures =       0
  Last step size used =    0.48026E+07
  Index compenent largest error = ********

 ...   76 / 106

 No. steps =      27   No. f-s =     703   No. J-s =       1   No. LU-s =       8
  No. nonlinear iterations =      32
  No. nonlinear convergence failures =       0
  No. error test failures =       0
  Last step size used =    0.52198E+07
  Index compenent largest error = ********

 ...   77 / 106

 No. steps =      26   No. f-s =     702   No. J-s =       1   No. LU-s =       8
  No. nonlinear iterations =      31
  No. nonlinear convergence failures =       0
  No. error test failures =       0
  Last step size used =    0.57442E+07
  Index compenent largest error = ********

 ...   78 / 106

 No. steps =      27   No. f-s =     703   No. J-s =       1   No. LU-s =       8
  No. nonlinear iterations =      32
  No. nonlinear convergence failures =       0
  No. error test failures =       0
  Last step size used =    0.56316E+07
  Index compenent largest error = ********

 ...   79 / 106

 No. steps =      24   No. f-s =     701   No. J-s =       1   No. LU-s =       8
  No. nonlinear iterations =      30
  No. nonlinear convergence failures =       0
  No. error test failures =       0
  Last step size used =    0.68776E+07
  Index compenent largest error = ********

 ...   80 / 106

 No. steps =      24   No. f-s =     701   No. J-s =       1   No. LU-s =       8
  No. nonlinear iterations =      30
  No. nonlinear convergence failures =       0
  No. error test failures =       0
  Last step size used =    0.66668E+07
  Index compenent largest error = ********

 ...   81 / 106

 No. steps =      23   No. f-s =     699   No. J-s =       1   No. LU-s =       7
  No. nonlinear iterations =      28
  No. nonlinear convergence failures =       0
  No. error test failures =       0
  Last step size used =    0.62077E+07
  Index compenent largest error = ********

 ...   82 / 106

 No. steps =      23   No. f-s =     699   No. J-s =       1   No. LU-s =       7
  No. nonlinear iterations =      28
  No. nonlinear convergence failures =       0
  No. error test failures =       0
  Last step size used =    0.65749E+07
  Index compenent largest error = ********

 ...   83 / 106

 No. steps =      22   No. f-s =     698   No. J-s =       1   No. LU-s =       7
  No. nonlinear iterations =      27
  No. nonlinear convergence failures =       0
  No. error test failures =       0
  Last step size used =    0.67074E+07
  Index compenent largest error = ********

 ...   84 / 106

 No. steps =      22   No. f-s =     698   No. J-s =       1   No. LU-s =       6
  No. nonlinear iterations =      27
  No. nonlinear convergence failures =       0
  No. error test failures =       0
  Last step size used =    0.45832E+07
  Index compenent largest error = ********

 ...   85 / 106

 No. steps =      24   No. f-s =     699   No. J-s =       1   No. LU-s =       7
  No. nonlinear iterations =      28
  No. nonlinear convergence failures =       0
  No. error test failures =       0
  Last step size used =    0.80813E+07
  Index compenent largest error = ********

 ...   86 / 106

 No. steps =      25   No. f-s =     699   No. J-s =       1   No. LU-s =       6
  No. nonlinear iterations =      28
  No. nonlinear convergence failures =       0
  No. error test failures =       0
  Last step size used =    0.52142E+07
  Index compenent largest error = ********

 ...   87 / 106

 No. steps =      23   No. f-s =     698   No. J-s =       1   No. LU-s =       6
  No. nonlinear iterations =      27
  No. nonlinear convergence failures =       0
  No. error test failures =       0
  Last step size used =    0.52197E+07
  Index compenent largest error = ********

 ...   88 / 106

 No. steps =      24   No. f-s =     700   No. J-s =       1   No. LU-s =       7
  No. nonlinear iterations =      29
  No. nonlinear convergence failures =       0
  No. error test failures =       0
  Last step size used =    0.51904E+07
  Index compenent largest error = ********

 ...   89 / 106

 No. steps =      24   No. f-s =     700   No. J-s =       1   No. LU-s =       7
  No. nonlinear iterations =      29
  No. nonlinear convergence failures =       0
  No. error test failures =       0
  Last step size used =    0.46565E+07
  Index compenent largest error = ********

 ...   90 / 106

 No. steps =      24   No. f-s =     700   No. J-s =       1   No. LU-s =       7
  No. nonlinear iterations =      29
  No. nonlinear convergence failures =       0
  No. error test failures =       0
  Last step size used =    0.57541E+07
  Index compenent largest error = ********

 ...   91 / 106

 No. steps =      24   No. f-s =     700   No. J-s =       1   No. LU-s =       7
  No. nonlinear iterations =      29
  No. nonlinear convergence failures =       0
  No. error test failures =       0
  Last step size used =    0.62339E+07
  Index compenent largest error = ********

 ...   92 / 106

 No. steps =      24   No. f-s =     700   No. J-s =       1   No. LU-s =       7
  No. nonlinear iterations =      29
  No. nonlinear convergence failures =       0
  No. error test failures =       0
  Last step size used =    0.59511E+07
  Index compenent largest error = ********

 ...   93 / 106

 No. steps =      24   No. f-s =     701   No. J-s =       1   No. LU-s =       8
  No. nonlinear iterations =      30
  No. nonlinear convergence failures =       0
  No. error test failures =       0
  Last step size used =    0.94639E+07
  Index compenent largest error = ********

 ...   94 / 106

 No. steps =      24   No. f-s =     700   No. J-s =       1   No. LU-s =       7
  No. nonlinear iterations =      29
  No. nonlinear convergence failures =       0
  No. error test failures =       0
  Last step size used =    0.53492E+07
  Index compenent largest error = ********

 ...   95 / 106

 No. steps =      24   No. f-s =     700   No. J-s =       1   No. LU-s =       7
  No. nonlinear iterations =      29
  No. nonlinear convergence failures =       0
  No. error test failures =       0
  Last step size used =    0.55751E+07
  Index compenent largest error = ********

 ...   96 / 106

 No. steps =      24   No. f-s =     700   No. J-s =       1   No. LU-s =       7
  No. nonlinear iterations =      29
  No. nonlinear convergence failures =       0
  No. error test failures =       0
  Last step size used =    0.54288E+07
  Index compenent largest error = ********

 ...   97 / 106

 No. steps =      24   No. f-s =     700   No. J-s =       1   No. LU-s =       7
  No. nonlinear iterations =      29
  No. nonlinear convergence failures =       0
  No. error test failures =       0
  Last step size used =    0.53425E+07
  Index compenent largest error = ********

 ...   98 / 106

 No. steps =      25   No. f-s =     701   No. J-s =       1   No. LU-s =       7
  No. nonlinear iterations =      30
  No. nonlinear convergence failures =       0
  No. error test failures =       0
  Last step size used =    0.51185E+07
  Index compenent largest error = ********

 ...   99 / 106

 No. steps =      25   No. f-s =     701   No. J-s =       1   No. LU-s =       7
  No. nonlinear iterations =      30
  No. nonlinear convergence failures =       0
  No. error test failures =       0
  Last step size used =    0.53053E+07
  Index compenent largest error = ********

 ...  100 / 106

 No. steps =      25   No. f-s =     701   No. J-s =       1   No. LU-s =       7
  No. nonlinear iterations =      30
  No. nonlinear convergence failures =       0
  No. error test failures =       0
  Last step size used =    0.52361E+07
  Index compenent largest error = ********

 ...  101 / 106

 No. steps =      25   No. f-s =     701   No. J-s =       1   No. LU-s =       7
  No. nonlinear iterations =      30
  No. nonlinear convergence failures =       0
  No. error test failures =       0
  Last step size used =    0.51346E+07
  Index compenent largest error = ********

 ...  102 / 106

 No. steps =      25   No. f-s =     701   No. J-s =       1   No. LU-s =       7
  No. nonlinear iterations =      30
  No. nonlinear convergence failures =       0
  No. error test failures =       0
  Last step size used =    0.48432E+07
  Index compenent largest error = ********

 ...  103 / 106

 No. steps =      25   No. f-s =     701   No. J-s =       1   No. LU-s =       7
  No. nonlinear iterations =      30
  No. nonlinear convergence failures =       0
  No. error test failures =       0
  Last step size used =    0.50929E+07
  Index compenent largest error = ********

 ...  104 / 106

 No. steps =      25   No. f-s =     701   No. J-s =       1   No. LU-s =       7
  No. nonlinear iterations =      30
  No. nonlinear convergence failures =       0
  No. error test failures =       0
  Last step size used =    0.52762E+07
  Index compenent largest error = ********

 ...  105 / 106

 No. steps =      26   No. f-s =     702   No. J-s =       1   No. LU-s =       7
  No. nonlinear iterations =      31
  No. nonlinear convergence failures =       0
  No. error test failures =       0
  Last step size used =    0.47557E+07
  Index compenent largest error = ********

 ...  106 / 106

 No. steps =      25   No. f-s =     701   No. J-s =       1   No. LU-s =       7
  No. nonlinear iterations =      30
  No. nonlinear convergence failures =       0
  No. error test failures =       0
  Last step size used =    0.51204E+07
  Index compenent largest error = ********


    ... DONE!
 +++++++++++++++++++++++++++++++++++++++++++++++++++


+------------------ Job Report: 10176629 (COMPLETED) ------------------+
| Memory (RAM)  No data available                                      |
| CPU           [########            ] 44.4% average                   |
| Time          [>                   ]  0.8% (0-00:00:27 / 0-01:00:00) |
|                                                                      |
| Lustre Filesystem:                                                   |
|   No data available                                                  |
+----------------------------------------------------------------------+
