Starting job 10175762, array task 416 on dave28
Chemistry type: Orich
Analysis mode: false
Found 462 valid particle IDs in /fred/oz304/beckers/Chemistry/traces/wind_v10/trace_output_with_av
Returning 460 particle IDs (after start_index=2 offset)
SLURM task 416: processing particle 3753174
Running Orich evolving_model on 1 phantom particle trace(s) from wind_v10

 +++++++++++++++++++++++++++++++++++++++++++++++++++
 +++++        ENVELOPE CHEMICAL MODEL         ++++++
 +++++++++++++++++++++++++++++++++++++++++++++++++++

 Version 1.0 authored by Catherine Walsh and Maria 
    Drozdovskaya, Leiden Observatory (01/08/2013)

 Version 1.1 amended by Catherine Walsh (18/05/2014)

 Version 1.2 amended by Catherine Walsh (13/08/2015)

 +++++++++++++++++++++++++++++++++++++++++++++++++++

          Input file =  Orich/param/trace_file_param/file_parameters_3753174.txt              

 Physical conditions  = Orich/input/3753174.txt                                               
 Chemical network     = ./rate12_complex.rates                                                
 Species file         = ./rate12_complex_atomic_Orich.specs                                   
 Binding energies     = ./rate12_binding.dat                                                  
 Reaction parameters  = param/reaction_parameters.txt                                         
 Grain parameters     = param/grain_parameters.txt                                            
 Radiation parameters = param/radiation_parameters.txt                                        

 Output file          = Orich/output/model_output_3753174.dat                                 
 Rates file           = Orich/output/model_rates_3753174.dat                                  

 Opening and reading physical conditions file ...

 +++++++++++++++++++++++++++++++++++++++++++++++++++
 Beginning to run model ...
 +++++++++++++++++++++++++++++++++++++++++++++++++++

 Preparing output files ...

 Progress = ...
 ...    1 / 148

 No. steps =    1176   No. f-s =   17825   No. J-s =      24   No. LU-s =     195
  No. nonlinear iterations =    1792
  No. nonlinear convergence failures =       0
  No. error test failures =      73
  Last step size used =    0.50149E+09
  Index compenent largest error = ********

 ...    2 / 148

 No. steps =     116   No. f-s =    2146   No. J-s =       3   No. LU-s =      22
  No. nonlinear iterations =     139
  No. nonlinear convergence failures =       0
  No. error test failures =       2
  Last step size used =    0.10924E+07
  Index compenent largest error = ********

 ...    3 / 148

 No. steps =      96   No. f-s =    1451   No. J-s =       2   No. LU-s =      16
  No. nonlinear iterations =     112
  No. nonlinear convergence failures =       0
  No. error test failures =       0
  Last step size used =    0.18529E+07
  Index compenent largest error = ********

 ...    4 / 148

 No. steps =      94   No. f-s =    1452   No. J-s =       2   No. LU-s =      19
  No. nonlinear iterations =     113
  No. nonlinear convergence failures =       0
  No. error test failures =       2
  Last step size used =    0.20366E+07
  Index compenent largest error = ********

 ...    5 / 148

 No. steps =      85   No. f-s =    1439   No. J-s =       2   No. LU-s =      15
  No. nonlinear iterations =     100
  No. nonlinear convergence failures =       0
  No. error test failures =       0
  Last step size used =    0.25323E+07
  Index compenent largest error = ********

 ...    6 / 148

 No. steps =      82   No. f-s =    1440   No. J-s =       2   No. LU-s =      17
  No. nonlinear iterations =     101
  No. nonlinear convergence failures =       0
  No. error test failures =       2
  Last step size used =    0.27412E+07
  Index compenent largest error = ********

 ...    7 / 148

 No. steps =      75   No. f-s =    1425   No. J-s =       2   No. LU-s =      15
  No. nonlinear iterations =      86
  No. nonlinear convergence failures =       0
  No. error test failures =       0
  Last step size used =    0.25792E+07
  Index compenent largest error = ********

 ...    8 / 148

 No. steps =      69   No. f-s =    1421   No. J-s =       2   No. LU-s =      16
  No. nonlinear iterations =      82
  No. nonlinear convergence failures =       0
  No. error test failures =       1
  Last step size used =    0.35370E+07
  Index compenent largest error = ********

 ...    9 / 148

 No. steps =      61   No. f-s =    1407   No. J-s =       2   No. LU-s =      15
  No. nonlinear iterations =      68
  No. nonlinear convergence failures =       0
  No. error test failures =       0
  Last step size used =    0.35867E+07
  Index compenent largest error = ********

 ...   10 / 148

 No. steps =      74   No. f-s =    1426   No. J-s =       2   No. LU-s =      18
  No. nonlinear iterations =      87
  No. nonlinear convergence failures =       0
  No. error test failures =       1
  Last step size used =    0.38625E+07
  Index compenent largest error = ********

 ...   11 / 148

 No. steps =     112   No. f-s =    2154   No. J-s =       3   No. LU-s =      24
  No. nonlinear iterations =     147
  No. nonlinear convergence failures =       0
  No. error test failures =       2
  Last step size used =    0.22876E+07
  Index compenent largest error = ********

 ...   12 / 148

 No. steps =      55   No. f-s =    1401   No. J-s =       2   No. LU-s =      12
  No. nonlinear iterations =      62
  No. nonlinear convergence failures =       0
  No. error test failures =       0
  Last step size used =    0.45920E+07
  Index compenent largest error = ********

 ...   13 / 148

 No. steps =      60   No. f-s =    1405   No. J-s =       2   No. LU-s =      12
  No. nonlinear iterations =      66
  No. nonlinear convergence failures =       0
  No. error test failures =       0
  Last step size used =    0.39719E+07
  Index compenent largest error = ********

 ...   14 / 148

 No. steps =      68   No. f-s =    1417   No. J-s =       2   No. LU-s =      15
  No. nonlinear iterations =      78
  No. nonlinear convergence failures =       0
  No. error test failures =       0
  Last step size used =    0.40554E+07
  Index compenent largest error = ********

 ...   15 / 148

 No. steps =      71   No. f-s =    1420   No. J-s =       2   No. LU-s =      14
  No. nonlinear iterations =      81
  No. nonlinear convergence failures =       0
  No. error test failures =       0
  Last step size used =    0.31603E+07
  Index compenent largest error = ********

 ...   16 / 148

 No. steps =      72   No. f-s =    1424   No. J-s =       2   No. LU-s =      15
  No. nonlinear iterations =      85
  No. nonlinear convergence failures =       0
  No. error test failures =       0
  Last step size used =    0.27092E+07
  Index compenent largest error = ********

 ...   17 / 148

 No. steps =      67   No. f-s =    1421   No. J-s =       2   No. LU-s =      16
  No. nonlinear iterations =      82
  No. nonlinear convergence failures =       0
  No. error test failures =       1
  Last step size used =    0.32344E+07
  Index compenent largest error = ********

 ...   18 / 148

 No. steps =      62   No. f-s =    1412   No. J-s =       2   No. LU-s =      15
  No. nonlinear iterations =      73
  No. nonlinear convergence failures =       0
  No. error test failures =       0
  Last step size used =    0.48002E+07
  Index compenent largest error = ********

 ...   19 / 148

 No. steps =      58   No. f-s =    1406   No. J-s =       2   No. LU-s =      12
  No. nonlinear iterations =      67
  No. nonlinear convergence failures =       0
  No. error test failures =       0
  Last step size used =    0.33908E+07
  Index compenent largest error = ********

 ...   20 / 148

 No. steps =      56   No. f-s =    1405   No. J-s =       2   No. LU-s =      12
  No. nonlinear iterations =      66
  No. nonlinear convergence failures =       0
  No. error test failures =       0
  Last step size used =    0.39924E+07
  Index compenent largest error = ********

 ...   21 / 148

 No. steps =      53   No. f-s =     733   No. J-s =       1   No. LU-s =      12
  No. nonlinear iterations =      62
  No. nonlinear convergence failures =       0
  No. error test failures =       0
  Last step size used =    0.35901E+07
  Index compenent largest error = ********

 ...   22 / 148

 No. steps =      53   No. f-s =    1402   No. J-s =       2   No. LU-s =      12
  No. nonlinear iterations =      63
  No. nonlinear convergence failures =       0
  No. error test failures =       0
  Last step size used =    0.38324E+07
  Index compenent largest error = ********

 ...   23 / 148

 No. steps =      52   No. f-s =     732   No. J-s =       1   No. LU-s =      12
  No. nonlinear iterations =      61
  No. nonlinear convergence failures =       0
  No. error test failures =       0
  Last step size used =    0.39330E+07
  Index compenent largest error = ********

 ...   24 / 148

 No. steps =      51   No. f-s =     730   No. J-s =       1   No. LU-s =      12
  No. nonlinear iterations =      59
  No. nonlinear convergence failures =       0
  No. error test failures =       0
  Last step size used =    0.34470E+07
  Index compenent largest error = ********

 ...   25 / 148

 No. steps =      49   No. f-s =     726   No. J-s =       1   No. LU-s =      11
  No. nonlinear iterations =      55
  No. nonlinear convergence failures =       0
  No. error test failures =       0
  Last step size used =    0.33251E+07
  Index compenent largest error = ********

 ...   26 / 148

 No. steps =      51   No. f-s =     732   No. J-s =       1   No. LU-s =      12
  No. nonlinear iterations =      61
  No. nonlinear convergence failures =       0
  No. error test failures =       0
  Last step size used =    0.34180E+07
  Index compenent largest error = ********

 ...   27 / 148

 No. steps =      63   No. f-s =    1417   No. J-s =       2   No. LU-s =      15
  No. nonlinear iterations =      78
  No. nonlinear convergence failures =       0
  No. error test failures =       1
  Last step size used =    0.33286E+07
  Index compenent largest error = ********

 ...   28 / 148

 No. steps =      63   No. f-s =    1413   No. J-s =       2   No. LU-s =      12
  No. nonlinear iterations =      74
  No. nonlinear convergence failures =       0
  No. error test failures =       0
  Last step size used =    0.27835E+07
  Index compenent largest error = ********

 ...   29 / 148

 No. steps =      36   No. f-s =     712   No. J-s =       1   No. LU-s =       9
  No. nonlinear iterations =      41
  No. nonlinear convergence failures =       0
  No. error test failures =       0
  Last step size used =    0.54728E+07
  Index compenent largest error = ********

 ...   30 / 148

 No. steps =      52   No. f-s =     730   No. J-s =       1   No. LU-s =      11
  No. nonlinear iterations =      59
  No. nonlinear convergence failures =       0
  No. error test failures =       0
  Last step size used =    0.33145E+07
  Index compenent largest error = ********

 ...   31 / 148

 No. steps =      54   No. f-s =    1404   No. J-s =       2   No. LU-s =      13
  No. nonlinear iterations =      65
  No. nonlinear convergence failures =       0
  No. error test failures =       0
  Last step size used =    0.42600E+07
  Index compenent largest error = ********

 ...   32 / 148

 No. steps =      54   No. f-s =     735   No. J-s =       1   No. LU-s =      12
  No. nonlinear iterations =      64
  No. nonlinear convergence failures =       0
  No. error test failures =       0
  Last step size used =    0.29159E+07
  Index compenent largest error = ********

 ...   33 / 148

 No. steps =      50   No. f-s =     730   No. J-s =       1   No. LU-s =      13
  No. nonlinear iterations =      59
  No. nonlinear convergence failures =       0
  No. error test failures =       0
  Last step size used =    0.43319E+07
  Index compenent largest error = ********

 ...   34 / 148

 No. steps =      49   No. f-s =     729   No. J-s =       1   No. LU-s =      12
  No. nonlinear iterations =      58
  No. nonlinear convergence failures =       0
  No. error test failures =       0
  Last step size used =    0.41212E+07
  Index compenent largest error = ********

 ...   35 / 148

 No. steps =      48   No. f-s =     728   No. J-s =       1   No. LU-s =      12
  No. nonlinear iterations =      57
  No. nonlinear convergence failures =       0
  No. error test failures =       0
  Last step size used =    0.41265E+07
  Index compenent largest error = ********

 ...   36 / 148

 No. steps =      46   No. f-s =     726   No. J-s =       1   No. LU-s =      12
  No. nonlinear iterations =      55
  No. nonlinear convergence failures =       0
  No. error test failures =       0
  Last step size used =    0.45968E+07
  Index compenent largest error = ********

 ...   37 / 148

 No. steps =      45   No. f-s =     723   No. J-s =       1   No. LU-s =      11
  No. nonlinear iterations =      52
  No. nonlinear convergence failures =       0
  No. error test failures =       0
  Last step size used =    0.40146E+07
  Index compenent largest error = ********

 ...   38 / 148

 No. steps =      44   No. f-s =     721   No. J-s =       1   No. LU-s =      11
  No. nonlinear iterations =      50
  No. nonlinear convergence failures =       0
  No. error test failures =       0
  Last step size used =    0.41850E+07
  Index compenent largest error = ********

 ...   39 / 148

 No. steps =      44   No. f-s =     723   No. J-s =       1   No. LU-s =      11
  No. nonlinear iterations =      52
  No. nonlinear convergence failures =       0
  No. error test failures =       0
  Last step size used =    0.40954E+07
  Index compenent largest error = ********

 ...   40 / 148

 No. steps =      44   No. f-s =     723   No. J-s =       1   No. LU-s =      11
  No. nonlinear iterations =      52
  No. nonlinear convergence failures =       0
  No. error test failures =       0
  Last step size used =    0.42524E+07
  Index compenent largest error = ********

 ...   41 / 148

 No. steps =      43   No. f-s =     720   No. J-s =       1   No. LU-s =      11
  No. nonlinear iterations =      49
  No. nonlinear convergence failures =       0
  No. error test failures =       0
  Last step size used =    0.46017E+07
  Index compenent largest error = ********

 ...   42 / 148

 No. steps =      40   No. f-s =     716   No. J-s =       1   No. LU-s =      10
  No. nonlinear iterations =      45
  No. nonlinear convergence failures =       0
  No. error test failures =       0
  Last step size used =    0.41670E+07
  Index compenent largest error = ********

 ...   43 / 148

 No. steps =      38   No. f-s =     717   No. J-s =       1   No. LU-s =      10
  No. nonlinear iterations =      46
  No. nonlinear convergence failures =       0
  No. error test failures =       0
  Last step size used =    0.41175E+07
  Index compenent largest error = ********

 ...   44 / 148

 No. steps =      45   No. f-s =     724   No. J-s =       1   No. LU-s =      10
  No. nonlinear iterations =      53
  No. nonlinear convergence failures =       0
  No. error test failures =       0
  Last step size used =    0.33316E+07
  Index compenent largest error = ********

 ...   45 / 148

 No. steps =      45   No. f-s =     725   No. J-s =       1   No. LU-s =      11
  No. nonlinear iterations =      54
  No. nonlinear convergence failures =       0
  No. error test failures =       0
  Last step size used =    0.46299E+07
  Index compenent largest error = ********

 ...   46 / 148

 No. steps =      45   No. f-s =     722   No. J-s =       1   No. LU-s =      11
  No. nonlinear iterations =      51
  No. nonlinear convergence failures =       0
  No. error test failures =       0
  Last step size used =    0.51092E+07
  Index compenent largest error = ********

 ...   47 / 148

 No. steps =      42   No. f-s =     718   No. J-s =       1   No. LU-s =      10
  No. nonlinear iterations =      47
  No. nonlinear convergence failures =       0
  No. error test failures =       0
  Last step size used =    0.42219E+07
  Index compenent largest error = ********

 ...   48 / 148

 No. steps =      29   No. f-s =     705   No. J-s =       1   No. LU-s =       8
  No. nonlinear iterations =      34
  No. nonlinear convergence failures =       0
  No. error test failures =       0
  Last step size used =    0.46759E+07
  Index compenent largest error = ********

 ...   49 / 148

 No. steps =      38   No. f-s =     712   No. J-s =       1   No. LU-s =       9
  No. nonlinear iterations =      41
  No. nonlinear convergence failures =       0
  No. error test failures =       0
  Last step size used =    0.51346E+07
  Index compenent largest error = ********

 ...   50 / 148

 No. steps =      41   No. f-s =     717   No. J-s =       1   No. LU-s =      10
  No. nonlinear iterations =      46
  No. nonlinear convergence failures =       0
  No. error test failures =       0
  Last step size used =    0.45745E+07
  Index compenent largest error = ********

 ...   51 / 148

 No. steps =      43   No. f-s =     720   No. J-s =       1   No. LU-s =      11
  No. nonlinear iterations =      49
  No. nonlinear convergence failures =       0
  No. error test failures =       0
  Last step size used =    0.48559E+07
  Index compenent largest error = ********

 ...   52 / 148

 No. steps =      45   No. f-s =     721   No. J-s =       1   No. LU-s =      10
  No. nonlinear iterations =      50
  No. nonlinear convergence failures =       0
  No. error test failures =       0
  Last step size used =    0.38024E+07
  Index compenent largest error = ********

 ...   53 / 148

 No. steps =      45   No. f-s =     721   No. J-s =       1   No. LU-s =      10
  No. nonlinear iterations =      50
  No. nonlinear convergence failures =       0
  No. error test failures =       0
  Last step size used =    0.38261E+07
  Index compenent largest error = ********

 ...   54 / 148

 No. steps =      45   No. f-s =     722   No. J-s =       1   No. LU-s =      10
  No. nonlinear iterations =      51
  No. nonlinear convergence failures =       0
  No. error test failures =       0
  Last step size used =    0.37620E+07
  Index compenent largest error = ********

 ...   55 / 148

 No. steps =      43   No. f-s =     721   No. J-s =       1   No. LU-s =      10
  No. nonlinear iterations =      50
  No. nonlinear convergence failures =       0
  No. error test failures =       0
  Last step size used =    0.52320E+07
  Index compenent largest error = ********

 ...   56 / 148

 No. steps =      46   No. f-s =     722   No. J-s =       1   No. LU-s =       9
  No. nonlinear iterations =      51
  No. nonlinear convergence failures =       0
  No. error test failures =       0
  Last step size used =    0.43708E+07
  Index compenent largest error = ********

 ...   57 / 148

 No. steps =      45   No. f-s =     721   No. J-s =       1   No. LU-s =       9
  No. nonlinear iterations =      50
  No. nonlinear convergence failures =       0
  No. error test failures =       0
  Last step size used =    0.46321E+07
  Index compenent largest error = ********

 ...   58 / 148

 No. steps =      45   No. f-s =     723   No. J-s =       1   No. LU-s =       9
  No. nonlinear iterations =      52
  No. nonlinear convergence failures =       0
  No. error test failures =       0
  Last step size used =    0.35411E+07
  Index compenent largest error = ********

 ...   59 / 148

 No. steps =      44   No. f-s =     721   No. J-s =       1   No. LU-s =       8
  No. nonlinear iterations =      50
  No. nonlinear convergence failures =       0
  No. error test failures =       0
  Last step size used =    0.35708E+07
  Index compenent largest error = ********

 ...   60 / 148

 No. steps =      40   No. f-s =     718   No. J-s =       1   No. LU-s =       8
  No. nonlinear iterations =      47
  No. nonlinear convergence failures =       0
  No. error test failures =       0
  Last step size used =    0.38824E+07
  Index compenent largest error = ********

 ...   61 / 148

 No. steps =      41   No. f-s =     719   No. J-s =       1   No. LU-s =       8
  No. nonlinear iterations =      48
  No. nonlinear convergence failures =       0
  No. error test failures =       0
  Last step size used =    0.37064E+07
  Index compenent largest error = ********

 ...   62 / 148

 No. steps =      33   No. f-s =     709   No. J-s =       1   No. LU-s =       8
  No. nonlinear iterations =      38
  No. nonlinear convergence failures =       0
  No. error test failures =       0
  Last step size used =    0.38369E+07
  Index compenent largest error = ********

 ...   63 / 148

 No. steps =      35   No. f-s =     711   No. J-s =       1   No. LU-s =       8
  No. nonlinear iterations =      40
  No. nonlinear convergence failures =       0
  No. error test failures =       0
  Last step size used =    0.36775E+07
  Index compenent largest error = ********

 ...   64 / 148

 No. steps =      34   No. f-s =     710   No. J-s =       1   No. LU-s =       9
  No. nonlinear iterations =      39
  No. nonlinear convergence failures =       0
  No. error test failures =       0
  Last step size used =    0.43610E+07
  Index compenent largest error = ********

 ...   65 / 148

 No. steps =      35   No. f-s =     711   No. J-s =       1   No. LU-s =       9
  No. nonlinear iterations =      40
  No. nonlinear convergence failures =       0
  No. error test failures =       0
  Last step size used =    0.51225E+07
  Index compenent largest error = ********

 ...   66 / 148

 No. steps =      35   No. f-s =     711   No. J-s =       1   No. LU-s =       9
  No. nonlinear iterations =      40
  No. nonlinear convergence failures =       0
  No. error test failures =       0
  Last step size used =    0.47998E+07
  Index compenent largest error = ********

 ...   67 / 148

 No. steps =      28   No. f-s =     702   No. J-s =       1   No. LU-s =       6
  No. nonlinear iterations =      31
  No. nonlinear convergence failures =       0
  No. error test failures =       0
  Last step size used =    0.42947E+07
  Index compenent largest error = ********

 ...   68 / 148

 No. steps =      28   No. f-s =     705   No. J-s =       1   No. LU-s =       9
  No. nonlinear iterations =      34
  No. nonlinear convergence failures =       0
  No. error test failures =       0
  Last step size used =    0.76883E+07
  Index compenent largest error = ********

 ...   69 / 148

 No. steps =      31   No. f-s =     707   No. J-s =       1   No. LU-s =       8
  No. nonlinear iterations =      36
  No. nonlinear convergence failures =       0
  No. error test failures =       0
  Last step size used =    0.52643E+07
  Index compenent largest error = ********

 ...   70 / 148

 No. steps =      36   No. f-s =     712   No. J-s =       1   No. LU-s =       9
  No. nonlinear iterations =      41
  No. nonlinear convergence failures =       0
  No. error test failures =       0
  Last step size used =    0.40606E+07
  Index compenent largest error = ********

 ...   71 / 148

 No. steps =      37   No. f-s =     714   No. J-s =       1   No. LU-s =       8
  No. nonlinear iterations =      43
  No. nonlinear convergence failures =       0
  No. error test failures =       0
  Last step size used =    0.36761E+07
  Index compenent largest error = ********

 ...   72 / 148

 No. steps =      43   No. f-s =     720   No. J-s =       1   No. LU-s =       8
  No. nonlinear iterations =      49
  No. nonlinear convergence failures =       0
  No. error test failures =       0
  Last step size used =    0.39770E+07
  Index compenent largest error = ********

 ...   73 / 148

 No. steps =      40   No. f-s =     716   No. J-s =       1   No. LU-s =       8
  No. nonlinear iterations =      45
  No. nonlinear convergence failures =       0
  No. error test failures =       0
  Last step size used =    0.46100E+07
  Index compenent largest error = ********

 ...   74 / 148

 No. steps =      42   No. f-s =     720   No. J-s =       1   No. LU-s =       9
  No. nonlinear iterations =      49
  No. nonlinear convergence failures =       0
  No. error test failures =       0
  Last step size used =    0.53649E+07
  Index compenent largest error = ********

 ...   75 / 148

 No. steps =      42   No. f-s =     720   No. J-s =       1   No. LU-s =       9
  No. nonlinear iterations =      49
  No. nonlinear convergence failures =       0
  No. error test failures =       0
  Last step size used =    0.51102E+07
  Index compenent largest error = ********

 ...   76 / 148

 No. steps =      43   No. f-s =     722   No. J-s =       1   No. LU-s =       9
  No. nonlinear iterations =      51
  No. nonlinear convergence failures =       0
  No. error test failures =       0
  Last step size used =    0.52207E+07
  Index compenent largest error = ********

 ...   77 / 148

 No. steps =      41   No. f-s =     719   No. J-s =       1   No. LU-s =       8
  No. nonlinear iterations =      48
  No. nonlinear convergence failures =       0
  No. error test failures =       0
  Last step size used =    0.36944E+07
  Index compenent largest error = ********

 ...   78 / 148

 No. steps =      43   No. f-s =     721   No. J-s =       1   No. LU-s =       9
  No. nonlinear iterations =      50
  No. nonlinear convergence failures =       0
  No. error test failures =       0
  Last step size used =    0.45894E+07
  Index compenent largest error = ********

 ...   79 / 148

 No. steps =      42   No. f-s =     720   No. J-s =       1   No. LU-s =       9
  No. nonlinear iterations =      49
  No. nonlinear convergence failures =       0
  No. error test failures =       0
  Last step size used =    0.48304E+07
  Index compenent largest error = ********

 ...   80 / 148

 No. steps =      39   No. f-s =     717   No. J-s =       1   No. LU-s =       8
  No. nonlinear iterations =      46
  No. nonlinear convergence failures =       0
  No. error test failures =       0
  Last step size used =    0.43681E+07
  Index compenent largest error = ********

 ...   81 / 148

 No. steps =      39   No. f-s =     717   No. J-s =       1   No. LU-s =       8
  No. nonlinear iterations =      46
  No. nonlinear convergence failures =       0
  No. error test failures =       0
  Last step size used =    0.44157E+07
  Index compenent largest error = ********

 ...   82 / 148

 No. steps =      39   No. f-s =     717   No. J-s =       1   No. LU-s =       8
  No. nonlinear iterations =      46
  No. nonlinear convergence failures =       0
  No. error test failures =       0
  Last step size used =    0.42021E+07
  Index compenent largest error = ********

 ...   83 / 148

 No. steps =      36   No. f-s =     712   No. J-s =       1   No. LU-s =       8
  No. nonlinear iterations =      41
  No. nonlinear convergence failures =       0
  No. error test failures =       0
  Last step size used =    0.43666E+07
  Index compenent largest error = ********

 ...   84 / 148

 No. steps =      31   No. f-s =     707   No. J-s =       1   No. LU-s =       9
  No. nonlinear iterations =      36
  No. nonlinear convergence failures =       0
  No. error test failures =       0
  Last step size used =    0.61097E+07
  Index compenent largest error = ********

 ...   85 / 148

 No. steps =      32   No. f-s =     708   No. J-s =       1   No. LU-s =       9
  No. nonlinear iterations =      37
  No. nonlinear convergence failures =       0
  No. error test failures =       0
  Last step size used =    0.63604E+07
  Index compenent largest error = ********

 ...   86 / 148

 No. steps =      31   No. f-s =     707   No. J-s =       1   No. LU-s =       8
  No. nonlinear iterations =      36
  No. nonlinear convergence failures =       0
  No. error test failures =       0
  Last step size used =    0.44139E+07
  Index compenent largest error = ********

 ...   87 / 148

 No. steps =      27   No. f-s =     703   No. J-s =       1   No. LU-s =       8
  No. nonlinear iterations =      32
  No. nonlinear convergence failures =       0
  No. error test failures =       0
  Last step size used =    0.66614E+07
  Index compenent largest error = ********

 ...   88 / 148

 No. steps =      27   No. f-s =     703   No. J-s =       1   No. LU-s =       8
  No. nonlinear iterations =      32
  No. nonlinear convergence failures =       0
  No. error test failures =       0
  Last step size used =    0.63218E+07
  Index compenent largest error = ********

 ...   89 / 148

 No. steps =      22   No. f-s =     696   No. J-s =       1   No. LU-s =       6
  No. nonlinear iterations =      25
  No. nonlinear convergence failures =       0
  No. error test failures =       0
  Last step size used =    0.54247E+07
  Index compenent largest error = ********

 ...   90 / 148

 No. steps =      31   No. f-s =     707   No. J-s =       1   No. LU-s =       8
  No. nonlinear iterations =      36
  No. nonlinear convergence failures =       0
  No. error test failures =       0
  Last step size used =    0.46745E+07
  Index compenent largest error = ********

 ...   91 / 148

 No. steps =      27   No. f-s =     703   No. J-s =       1   No. LU-s =       8
  No. nonlinear iterations =      32
  No. nonlinear convergence failures =       0
  No. error test failures =       0
  Last step size used =    0.63196E+07
  Index compenent largest error = ********

 ...   92 / 148

 No. steps =      31   No. f-s =     707   No. J-s =       1   No. LU-s =       8
  No. nonlinear iterations =      36
  No. nonlinear convergence failures =       0
  No. error test failures =       0
  Last step size used =    0.46903E+07
  Index compenent largest error = ********

 ...   93 / 148

 No. steps =      33   No. f-s =     710   No. J-s =       1   No. LU-s =       9
  No. nonlinear iterations =      39
  No. nonlinear convergence failures =       0
  No. error test failures =       0
  Last step size used =    0.64513E+07
  Index compenent largest error = ********

 ...   94 / 148

 No. steps =      32   No. f-s =     709   No. J-s =       1   No. LU-s =       8
  No. nonlinear iterations =      38
  No. nonlinear convergence failures =       0
  No. error test failures =       0
  Last step size used =    0.44463E+07
  Index compenent largest error = ********

 ...   95 / 148

 No. steps =      32   No. f-s =     709   No. J-s =       1   No. LU-s =       8
  No. nonlinear iterations =      38
  No. nonlinear convergence failures =       0
  No. error test failures =       0
  Last step size used =    0.42963E+07
  Index compenent largest error = ********

 ...   96 / 148

 No. steps =      33   No. f-s =     710   No. J-s =       1   No. LU-s =       8
  No. nonlinear iterations =      39
  No. nonlinear convergence failures =       0
  No. error test failures =       0
  Last step size used =    0.39666E+07
  Index compenent largest error = ********

 ...   97 / 148

 No. steps =      33   No. f-s =     710   No. J-s =       1   No. LU-s =       8
  No. nonlinear iterations =      39
  No. nonlinear convergence failures =       0
  No. error test failures =       0
  Last step size used =    0.40468E+07
  Index compenent largest error = ********

 ...   98 / 148

 No. steps =      34   No. f-s =     711   No. J-s =       1   No. LU-s =       9
  No. nonlinear iterations =      40
  No. nonlinear convergence failures =       0
  No. error test failures =       0
  Last step size used =    0.64358E+07
  Index compenent largest error = ********

 ...   99 / 148

 No. steps =      33   No. f-s =     710   No. J-s =       1   No. LU-s =       8
  No. nonlinear iterations =      39
  No. nonlinear convergence failures =       0
  No. error test failures =       0
  Last step size used =    0.40209E+07
  Index compenent largest error = ********

 ...  100 / 148

 No. steps =      33   No. f-s =     710   No. J-s =       1   No. LU-s =       8
  No. nonlinear iterations =      39
  No. nonlinear convergence failures =       0
  No. error test failures =       0
  Last step size used =    0.40890E+07
  Index compenent largest error = ********

 ...  101 / 148

 No. steps =      35   No. f-s =     710   No. J-s =       1   No. LU-s =       8
  No. nonlinear iterations =      39
  No. nonlinear convergence failures =       0
  No. error test failures =       0
  Last step size used =    0.53690E+07
  Index compenent largest error = ********

 ...  102 / 148

 No. steps =      33   No. f-s =     710   No. J-s =       1   No. LU-s =       9
  No. nonlinear iterations =      39
  No. nonlinear convergence failures =       0
  No. error test failures =       0
  Last step size used =    0.58522E+07
  Index compenent largest error = ********

 ...  103 / 148

 No. steps =      33   No. f-s =     710   No. J-s =       1   No. LU-s =       9
  No. nonlinear iterations =      39
  No. nonlinear convergence failures =       0
  No. error test failures =       0
  Last step size used =    0.62598E+07
  Index compenent largest error = ********

 ...  104 / 148

 No. steps =      33   No. f-s =     708   No. J-s =       1   No. LU-s =       8
  No. nonlinear iterations =      37
  No. nonlinear convergence failures =       0
  No. error test failures =       0
  Last step size used =    0.58054E+07
  Index compenent largest error = ********

 ...  105 / 148

 No. steps =      32   No. f-s =     708   No. J-s =       1   No. LU-s =       9
  No. nonlinear iterations =      37
  No. nonlinear convergence failures =       0
  No. error test failures =       0
  Last step size used =    0.57029E+07
  Index compenent largest error = ********

 ...  106 / 148

 No. steps =      31   No. f-s =     707   No. J-s =       1   No. LU-s =       8
  No. nonlinear iterations =      36
  No. nonlinear convergence failures =       0
  No. error test failures =       0
  Last step size used =    0.40581E+07
  Index compenent largest error = ********

 ...  107 / 148

 No. steps =      31   No. f-s =     707   No. J-s =       1   No. LU-s =       8
  No. nonlinear iterations =      36
  No. nonlinear convergence failures =       0
  No. error test failures =       0
  Last step size used =    0.41503E+07
  Index compenent largest error = ********

 ...  108 / 148

 No. steps =      31   No. f-s =     707   No. J-s =       1   No. LU-s =       9
  No. nonlinear iterations =      36
  No. nonlinear convergence failures =       0
  No. error test failures =       0
  Last step size used =    0.60333E+07
  Index compenent largest error = ********

 ...  109 / 148

 No. steps =      31   No. f-s =     707   No. J-s =       1   No. LU-s =       9
  No. nonlinear iterations =      36
  No. nonlinear convergence failures =       0
  No. error test failures =       0
  Last step size used =    0.68257E+07
  Index compenent largest error = ********

 ...  110 / 148

 No. steps =      30   No. f-s =     706   No. J-s =       1   No. LU-s =       8
  No. nonlinear iterations =      35
  No. nonlinear convergence failures =       0
  No. error test failures =       0
  Last step size used =    0.45637E+07
  Index compenent largest error = ********

 ...  111 / 148

 No. steps =      29   No. f-s =     706   No. J-s =       1   No. LU-s =       9
  No. nonlinear iterations =      35
  No. nonlinear convergence failures =       0
  No. error test failures =       0
  Last step size used =    0.87232E+07
  Index compenent largest error = ********

 ...  112 / 148

 No. steps =      29   No. f-s =     705   No. J-s =       1   No. LU-s =       8
  No. nonlinear iterations =      34
  No. nonlinear convergence failures =       0
  No. error test failures =       0
  Last step size used =    0.50398E+07
  Index compenent largest error = ********

 ...  113 / 148

 No. steps =      29   No. f-s =     705   No. J-s =       1   No. LU-s =       8
  No. nonlinear iterations =      34
  No. nonlinear convergence failures =       0
  No. error test failures =       0
  Last step size used =    0.50345E+07
  Index compenent largest error = ********

 ...  114 / 148

 No. steps =      29   No. f-s =     705   No. J-s =       1   No. LU-s =       8
  No. nonlinear iterations =      34
  No. nonlinear convergence failures =       0
  No. error test failures =       0
  Last step size used =    0.55933E+07
  Index compenent largest error = ********

 ...  115 / 148

 No. steps =      29   No. f-s =     705   No. J-s =       1   No. LU-s =       8
  No. nonlinear iterations =      34
  No. nonlinear convergence failures =       0
  No. error test failures =       0
  Last step size used =    0.50965E+07
  Index compenent largest error = ********

 ...  116 / 148

 No. steps =      28   No. f-s =     704   No. J-s =       1   No. LU-s =       9
  No. nonlinear iterations =      33
  No. nonlinear convergence failures =       0
  No. error test failures =       0
  Last step size used =    0.87829E+07
  Index compenent largest error = ********

 ...  117 / 148

 No. steps =      29   No. f-s =     706   No. J-s =       1   No. LU-s =       9
  No. nonlinear iterations =      35
  No. nonlinear convergence failures =       0
  No. error test failures =       0
  Last step size used =    0.86214E+07
  Index compenent largest error = ********

 ...  118 / 148

 No. steps =      27   No. f-s =     704   No. J-s =       1   No. LU-s =       8
  No. nonlinear iterations =      33
  No. nonlinear convergence failures =       0
  No. error test failures =       0
  Last step size used =    0.58978E+07
  Index compenent largest error = ********

 ...  119 / 148

 No. steps =      29   No. f-s =     706   No. J-s =       1   No. LU-s =       9
  No. nonlinear iterations =      35
  No. nonlinear convergence failures =       0
  No. error test failures =       0
  Last step size used =    0.92466E+07
  Index compenent largest error = ********

 ...  120 / 148

 No. steps =      29   No. f-s =     705   No. J-s =       1   No. LU-s =       8
  No. nonlinear iterations =      34
  No. nonlinear convergence failures =       0
  No. error test failures =       0
  Last step size used =    0.53531E+07
  Index compenent largest error = ********

 ...  121 / 148

 No. steps =      28   No. f-s =     704   No. J-s =       1   No. LU-s =       8
  No. nonlinear iterations =      33
  No. nonlinear convergence failures =       0
  No. error test failures =       0
  Last step size used =    0.55538E+07
  Index compenent largest error = ********

 ...  122 / 148

 No. steps =      28   No. f-s =     704   No. J-s =       1   No. LU-s =       8
  No. nonlinear iterations =      33
  No. nonlinear convergence failures =       0
  No. error test failures =       0
  Last step size used =    0.62169E+07
  Index compenent largest error = ********

 ...  123 / 148

 No. steps =      28   No. f-s =     704   No. J-s =       1   No. LU-s =       8
  No. nonlinear iterations =      33
  No. nonlinear convergence failures =       0
  No. error test failures =       0
  Last step size used =    0.55114E+07
  Index compenent largest error = ********

 ...  124 / 148

 No. steps =      28   No. f-s =     704   No. J-s =       1   No. LU-s =       8
  No. nonlinear iterations =      33
  No. nonlinear convergence failures =       0
  No. error test failures =       0
  Last step size used =    0.55328E+07
  Index compenent largest error = ********

 ...  125 / 148

 No. steps =      29   No. f-s =     705   No. J-s =       1   No. LU-s =       8
  No. nonlinear iterations =      34
  No. nonlinear convergence failures =       0
  No. error test failures =       0
  Last step size used =    0.53207E+07
  Index compenent largest error = ********

 ...  126 / 148

 No. steps =      29   No. f-s =     705   No. J-s =       1   No. LU-s =       8
  No. nonlinear iterations =      34
  No. nonlinear convergence failures =       0
  No. error test failures =       0
  Last step size used =    0.50688E+07
  Index compenent largest error = ********

 ...  127 / 148

 No. steps =      28   No. f-s =     704   No. J-s =       1   No. LU-s =       8
  No. nonlinear iterations =      33
  No. nonlinear convergence failures =       0
  No. error test failures =       0
  Last step size used =    0.55215E+07
  Index compenent largest error = ********

 ...  128 / 148

 No. steps =      29   No. f-s =     705   No. J-s =       1   No. LU-s =       8
  No. nonlinear iterations =      34
  No. nonlinear convergence failures =       0
  No. error test failures =       0
  Last step size used =    0.54115E+07
  Index compenent largest error = ********

 ...  129 / 148

 No. steps =      27   No. f-s =     704   No. J-s =       1   No. LU-s =       8
  No. nonlinear iterations =      33
  No. nonlinear convergence failures =       0
  No. error test failures =       0
  Last step size used =    0.61345E+07
  Index compenent largest error = ********

 ...  130 / 148

 No. steps =      28   No. f-s =     704   No. J-s =       1   No. LU-s =       8
  No. nonlinear iterations =      33
  No. nonlinear convergence failures =       0
  No. error test failures =       0
  Last step size used =    0.62477E+07
  Index compenent largest error = ********

 ...  131 / 148

 No. steps =      29   No. f-s =     705   No. J-s =       1   No. LU-s =       8
  No. nonlinear iterations =      34
  No. nonlinear convergence failures =       0
  No. error test failures =       0
  Last step size used =    0.52808E+07
  Index compenent largest error = ********

 ...  132 / 148

 No. steps =      28   No. f-s =     704   No. J-s =       1   No. LU-s =       8
  No. nonlinear iterations =      33
  No. nonlinear convergence failures =       0
  No. error test failures =       0
  Last step size used =    0.58559E+07
  Index compenent largest error = ********

 ...  133 / 148

 No. steps =      28   No. f-s =     704   No. J-s =       1   No. LU-s =       9
  No. nonlinear iterations =      33
  No. nonlinear convergence failures =       0
  No. error test failures =       0
  Last step size used =    0.94330E+07
  Index compenent largest error = ********

 ...  134 / 148

 No. steps =      28   No. f-s =     704   No. J-s =       1   No. LU-s =       8
  No. nonlinear iterations =      33
  No. nonlinear convergence failures =       0
  No. error test failures =       0
  Last step size used =    0.58853E+07
  Index compenent largest error = ********

 ...  135 / 148

 No. steps =      28   No. f-s =     704   No. J-s =       1   No. LU-s =       8
  No. nonlinear iterations =      33
  No. nonlinear convergence failures =       0
  No. error test failures =       0
  Last step size used =    0.63273E+07
  Index compenent largest error = ********

 ...  136 / 148

 No. steps =      28   No. f-s =     704   No. J-s =       1   No. LU-s =       8
  No. nonlinear iterations =      33
  No. nonlinear convergence failures =       0
  No. error test failures =       0
  Last step size used =    0.58509E+07
  Index compenent largest error = ********

 ...  137 / 148

 No. steps =      28   No. f-s =     704   No. J-s =       1   No. LU-s =       8
  No. nonlinear iterations =      33
  No. nonlinear convergence failures =       0
  No. error test failures =       0
  Last step size used =    0.58130E+07
  Index compenent largest error = ********

 ...  138 / 148

 No. steps =      28   No. f-s =     704   No. J-s =       1   No. LU-s =       9
  No. nonlinear iterations =      33
  No. nonlinear convergence failures =       0
  No. error test failures =       0
  Last step size used =    0.96770E+07
  Index compenent largest error = ********

 ...  139 / 148

 No. steps =      28   No. f-s =     704   No. J-s =       1   No. LU-s =       9
  No. nonlinear iterations =      33
  No. nonlinear convergence failures =       0
  No. error test failures =       0
  Last step size used =    0.97234E+07
  Index compenent largest error = ********

 ...  140 / 148

 No. steps =      27   No. f-s =     703   No. J-s =       1   No. LU-s =       8
  No. nonlinear iterations =      32
  No. nonlinear convergence failures =       0
  No. error test failures =       0
  Last step size used =    0.68652E+07
  Index compenent largest error = ********

 ...  141 / 148

 No. steps =      27   No. f-s =     703   No. J-s =       1   No. LU-s =       8
  No. nonlinear iterations =      32
  No. nonlinear convergence failures =       0
  No. error test failures =       0
  Last step size used =    0.64684E+07
  Index compenent largest error = ********

 ...  142 / 148

 No. steps =      28   No. f-s =     704   No. J-s =       1   No. LU-s =       9
  No. nonlinear iterations =      33
  No. nonlinear convergence failures =       0
  No. error test failures =       0
  Last step size used =    0.97884E+07
  Index compenent largest error = ********

 ...  143 / 148

 No. steps =      28   No. f-s =     704   No. J-s =       1   No. LU-s =       9
  No. nonlinear iterations =      33
  No. nonlinear convergence failures =       0
  No. error test failures =       0
  Last step size used =    0.95652E+07
  Index compenent largest error = ********

 ...  144 / 148

 No. steps =      27   No. f-s =     703   No. J-s =       1   No. LU-s =       8
  No. nonlinear iterations =      32
  No. nonlinear convergence failures =       0
  No. error test failures =       0
  Last step size used =    0.71018E+07
  Index compenent largest error = ********

 ...  145 / 148

 No. steps =      27   No. f-s =     703   No. J-s =       1   No. LU-s =       8
  No. nonlinear iterations =      32
  No. nonlinear convergence failures =       0
  No. error test failures =       0
  Last step size used =    0.62916E+07
  Index compenent largest error = ********

 ...  146 / 148

 No. steps =      27   No. f-s =     703   No. J-s =       1   No. LU-s =       8
  No. nonlinear iterations =      32
  No. nonlinear convergence failures =       0
  No. error test failures =       0
  Last step size used =    0.67570E+07
  Index compenent largest error = ********

 ...  147 / 148

 No. steps =      27   No. f-s =     703   No. J-s =       1   No. LU-s =       8
  No. nonlinear iterations =      32
  No. nonlinear convergence failures =       0
  No. error test failures =       0
  Last step size used =    0.64868E+07
  Index compenent largest error = ********

 ...  148 / 148

 No. steps =      27   No. f-s =     703   No. J-s =       1   No. LU-s =       8
  No. nonlinear iterations =      32
  No. nonlinear convergence failures =       0
  No. error test failures =       0
  Last step size used =    0.63329E+07
  Index compenent largest error = ********


    ... DONE!
 +++++++++++++++++++++++++++++++++++++++++++++++++++


+------------------ Job Report: 10176617 (COMPLETED) ------------------+
| Memory (RAM)  No data available                                      |
| CPU           [#########           ] 47.4% average                   |
| Time          [>                   ]  1.1% (0-00:00:38 / 0-01:00:00) |
|                                                                      |
| Lustre Filesystem:                                                   |
|   No data available                                                  |
+----------------------------------------------------------------------+
