Starting job 10175762, array task 443 on dave34
Chemistry type: Orich
Analysis mode: false
Found 462 valid particle IDs in /fred/oz304/beckers/Chemistry/traces/wind_v10/trace_output_with_av
Returning 460 particle IDs (after start_index=2 offset)
SLURM task 443: processing particle 3984849
Running Orich evolving_model on 1 phantom particle trace(s) from wind_v10

 +++++++++++++++++++++++++++++++++++++++++++++++++++
 +++++        ENVELOPE CHEMICAL MODEL         ++++++
 +++++++++++++++++++++++++++++++++++++++++++++++++++

 Version 1.0 authored by Catherine Walsh and Maria 
    Drozdovskaya, Leiden Observatory (01/08/2013)

 Version 1.1 amended by Catherine Walsh (18/05/2014)

 Version 1.2 amended by Catherine Walsh (13/08/2015)

 +++++++++++++++++++++++++++++++++++++++++++++++++++

          Input file =  Orich/param/trace_file_param/file_parameters_3984849.txt              

 Physical conditions  = Orich/input/3984849.txt                                               
 Chemical network     = ./rate12_complex.rates                                                
 Species file         = ./rate12_complex_atomic_Orich.specs                                   
 Binding energies     = ./rate12_binding.dat                                                  
 Reaction parameters  = param/reaction_parameters.txt                                         
 Grain parameters     = param/grain_parameters.txt                                            
 Radiation parameters = param/radiation_parameters.txt                                        

 Output file          = Orich/output/model_output_3984849.dat                                 
 Rates file           = Orich/output/model_rates_3984849.dat                                  

 Opening and reading physical conditions file ...

 +++++++++++++++++++++++++++++++++++++++++++++++++++
 Beginning to run model ...
 +++++++++++++++++++++++++++++++++++++++++++++++++++

 Preparing output files ...

 Progress = ...
 ...    1 /  58

 No. steps =    1698   No. f-s =   28759   No. J-s =      39   No. LU-s =     237
  No. nonlinear iterations =    2706
  No. nonlinear convergence failures =       0
  No. error test failures =      74
  Last step size used =    0.71209E+09
  Index compenent largest error = ********

 ...    2 /  58

 No. steps =     118   No. f-s =    2143   No. J-s =       3   No. LU-s =      24
  No. nonlinear iterations =     136
  No. nonlinear convergence failures =       0
  No. error test failures =       2
  Last step size used =    0.36902E+07
  Index compenent largest error = ********

 ...    3 /  58

 No. steps =      88   No. f-s =    1441   No. J-s =       2   No. LU-s =      18
  No. nonlinear iterations =     102
  No. nonlinear convergence failures =       0
  No. error test failures =       1
  Last step size used =    0.36552E+07
  Index compenent largest error = ********

 ...    4 /  58

 No. steps =      90   No. f-s =    1444   No. J-s =       2   No. LU-s =      16
  No. nonlinear iterations =     105
  No. nonlinear convergence failures =       0
  No. error test failures =       0
  Last step size used =    0.40857E+07
  Index compenent largest error = ********

 ...    5 /  58

 No. steps =      93   No. f-s =    1443   No. J-s =       2   No. LU-s =      16
  No. nonlinear iterations =     104
  No. nonlinear convergence failures =       0
  No. error test failures =       0
  Last step size used =    0.29981E+07
  Index compenent largest error = ********

 ...    6 /  58

 No. steps =      89   No. f-s =    1442   No. J-s =       2   No. LU-s =      18
  No. nonlinear iterations =     103
  No. nonlinear convergence failures =       0
  No. error test failures =       1
  Last step size used =    0.38248E+07
  Index compenent largest error = ********

 ...    7 /  58

 No. steps =      85   No. f-s =    1439   No. J-s =       2   No. LU-s =      17
  No. nonlinear iterations =     100
  No. nonlinear convergence failures =       0
  No. error test failures =       1
  Last step size used =    0.45319E+07
  Index compenent largest error = ********

 ...    8 /  58

 No. steps =      82   No. f-s =    1433   No. J-s =       2   No. LU-s =      17
  No. nonlinear iterations =      94
  No. nonlinear convergence failures =       0
  No. error test failures =       1
  Last step size used =    0.58997E+07
  Index compenent largest error = ********

 ...    9 /  58

 No. steps =      77   No. f-s =    1426   No. J-s =       2   No. LU-s =      15
  No. nonlinear iterations =      87
  No. nonlinear convergence failures =       0
  No. error test failures =       0
  Last step size used =    0.59342E+07
  Index compenent largest error = ********

 ...   10 /  58

 No. steps =      70   No. f-s =    1419   No. J-s =       2   No. LU-s =      15
  No. nonlinear iterations =      80
  No. nonlinear convergence failures =       0
  No. error test failures =       0
  Last step size used =    0.61635E+07
  Index compenent largest error = ********

 ...   11 /  58

 No. steps =      64   No. f-s =    1409   No. J-s =       2   No. LU-s =      14
  No. nonlinear iterations =      70
  No. nonlinear convergence failures =       0
  No. error test failures =       0
  Last step size used =    0.64915E+07
  Index compenent largest error = ********

 ...   12 /  58

 No. steps =      63   No. f-s =    1410   No. J-s =       2   No. LU-s =      13
  No. nonlinear iterations =      71
  No. nonlinear convergence failures =       0
  No. error test failures =       0
  Last step size used =    0.80647E+07
  Index compenent largest error = ********

 ...   13 /  58

 No. steps =      64   No. f-s =    1410   No. J-s =       2   No. LU-s =      14
  No. nonlinear iterations =      71
  No. nonlinear convergence failures =       0
  No. error test failures =       0
  Last step size used =    0.62930E+07
  Index compenent largest error = ********

 ...   14 /  58

 No. steps =      63   No. f-s =    1409   No. J-s =       2   No. LU-s =      13
  No. nonlinear iterations =      70
  No. nonlinear convergence failures =       0
  No. error test failures =       0
  Last step size used =    0.50075E+07
  Index compenent largest error = ********

 ...   15 /  58

 No. steps =      58   No. f-s =    1405   No. J-s =       2   No. LU-s =      13
  No. nonlinear iterations =      66
  No. nonlinear convergence failures =       0
  No. error test failures =       0
  Last step size used =    0.83786E+07
  Index compenent largest error = ********

 ...   16 /  58

 No. steps =      78   No. f-s =    1428   No. J-s =       2   No. LU-s =      17
  No. nonlinear iterations =      89
  No. nonlinear convergence failures =       0
  No. error test failures =       1
  Last step size used =    0.53179E+07
  Index compenent largest error = ********

 ...   17 /  58

 No. steps =      91   No. f-s =    1445   No. J-s =       2   No. LU-s =      18
  No. nonlinear iterations =     106
  No. nonlinear convergence failures =       0
  No. error test failures =       1
  Last step size used =    0.41960E+07
  Index compenent largest error = ********

 ...   18 /  58

 No. steps =      88   No. f-s =    1438   No. J-s =       2   No. LU-s =      18
  No. nonlinear iterations =      99
  No. nonlinear convergence failures =       0
  No. error test failures =       1
  Last step size used =    0.57551E+07
  Index compenent largest error = ********

 ...   19 /  58

 No. steps =      77   No. f-s =    1425   No. J-s =       2   No. LU-s =      15
  No. nonlinear iterations =      86
  No. nonlinear convergence failures =       0
  No. error test failures =       0
  Last step size used =    0.48187E+07
  Index compenent largest error = ********

 ...   20 /  58

 No. steps =      56   No. f-s =    1402   No. J-s =       2   No. LU-s =      12
  No. nonlinear iterations =      63
  No. nonlinear convergence failures =       0
  No. error test failures =       0
  Last step size used =    0.49915E+07
  Index compenent largest error = ********

 ...   21 /  58

 No. steps =      63   No. f-s =    1410   No. J-s =       2   No. LU-s =      13
  No. nonlinear iterations =      71
  No. nonlinear convergence failures =       0
  No. error test failures =       0
  Last step size used =    0.64476E+07
  Index compenent largest error = ********

 ...   22 /  58

 No. steps =      71   No. f-s =    1419   No. J-s =       2   No. LU-s =      14
  No. nonlinear iterations =      80
  No. nonlinear convergence failures =       0
  No. error test failures =       0
  Last step size used =    0.73076E+07
  Index compenent largest error = ********

 ...   23 /  58

 No. steps =      73   No. f-s =    1421   No. J-s =       2   No. LU-s =      13
  No. nonlinear iterations =      82
  No. nonlinear convergence failures =       0
  No. error test failures =       0
  Last step size used =    0.63538E+07
  Index compenent largest error = ********

 ...   24 /  58

 No. steps =      72   No. f-s =    1420   No. J-s =       2   No. LU-s =      13
  No. nonlinear iterations =      81
  No. nonlinear convergence failures =       0
  No. error test failures =       0
  Last step size used =    0.59701E+07
  Index compenent largest error = ********

 ...   25 /  58

 No. steps =      71   No. f-s =    1421   No. J-s =       2   No. LU-s =      13
  No. nonlinear iterations =      82
  No. nonlinear convergence failures =       0
  No. error test failures =       0
  Last step size used =    0.82771E+07
  Index compenent largest error = ********

 ...   26 /  58

 No. steps =      70   No. f-s =    1419   No. J-s =       2   No. LU-s =      12
  No. nonlinear iterations =      80
  No. nonlinear convergence failures =       0
  No. error test failures =       0
  Last step size used =    0.62621E+07
  Index compenent largest error = ********

 ...   27 /  58

 No. steps =      68   No. f-s =    1418   No. J-s =       2   No. LU-s =      11
  No. nonlinear iterations =      79
  No. nonlinear convergence failures =       0
  No. error test failures =       0
  Last step size used =    0.40567E+07
  Index compenent largest error = ********

 ...   28 /  58

 No. steps =      67   No. f-s =    1416   No. J-s =       2   No. LU-s =      11
  No. nonlinear iterations =      77
  No. nonlinear convergence failures =       0
  No. error test failures =       0
  Last step size used =    0.43117E+07
  Index compenent largest error = ********

 ...   29 /  58

 No. steps =      66   No. f-s =    1414   No. J-s =       2   No. LU-s =      11
  No. nonlinear iterations =      75
  No. nonlinear convergence failures =       0
  No. error test failures =       0
  Last step size used =    0.45998E+07
  Index compenent largest error = ********

 ...   30 /  58

 No. steps =      63   No. f-s =    1409   No. J-s =       2   No. LU-s =      12
  No. nonlinear iterations =      70
  No. nonlinear convergence failures =       0
  No. error test failures =       0
  Last step size used =    0.65661E+07
  Index compenent largest error = ********

 ...   31 /  58

 No. steps =      62   No. f-s =    1409   No. J-s =       2   No. LU-s =      11
  No. nonlinear iterations =      70
  No. nonlinear convergence failures =       0
  No. error test failures =       0
  Last step size used =    0.47265E+07
  Index compenent largest error = ********

 ...   32 /  58

 No. steps =      61   No. f-s =    1408   No. J-s =       2   No. LU-s =      11
  No. nonlinear iterations =      69
  No. nonlinear convergence failures =       0
  No. error test failures =       0
  Last step size used =    0.51613E+07
  Index compenent largest error = ********

 ...   33 /  58

 No. steps =      60   No. f-s =    1406   No. J-s =       2   No. LU-s =      11
  No. nonlinear iterations =      67
  No. nonlinear convergence failures =       0
  No. error test failures =       0
  Last step size used =    0.56669E+07
  Index compenent largest error = ********

 ...   34 /  58

 No. steps =      59   No. f-s =    1406   No. J-s =       2   No. LU-s =      11
  No. nonlinear iterations =      67
  No. nonlinear convergence failures =       0
  No. error test failures =       0
  Last step size used =    0.46520E+07
  Index compenent largest error = ********

 ...   35 /  58

 No. steps =      58   No. f-s =    1405   No. J-s =       2   No. LU-s =      10
  No. nonlinear iterations =      66
  No. nonlinear convergence failures =       0
  No. error test failures =       0
  Last step size used =    0.33820E+07
  Index compenent largest error = ********

 ...   36 /  58

 No. steps =      55   No. f-s =     735   No. J-s =       1   No. LU-s =      10
  No. nonlinear iterations =      64
  No. nonlinear convergence failures =       0
  No. error test failures =       0
  Last step size used =    0.37278E+07
  Index compenent largest error = ********

 ...   37 /  58

 No. steps =      55   No. f-s =     732   No. J-s =       1   No. LU-s =      10
  No. nonlinear iterations =      61
  No. nonlinear convergence failures =       0
  No. error test failures =       0
  Last step size used =    0.32492E+07
  Index compenent largest error = ********

 ...   38 /  58

 No. steps =      53   No. f-s =     731   No. J-s =       1   No. LU-s =      10
  No. nonlinear iterations =      60
  No. nonlinear convergence failures =       0
  No. error test failures =       0
  Last step size used =    0.34692E+07
  Index compenent largest error = ********

 ...   39 /  58

 No. steps =      51   No. f-s =     728   No. J-s =       1   No. LU-s =      10
  No. nonlinear iterations =      57
  No. nonlinear convergence failures =       0
  No. error test failures =       0
  Last step size used =    0.42190E+07
  Index compenent largest error = ********

 ...   40 /  58

 No. steps =      48   No. f-s =     727   No. J-s =       1   No. LU-s =      10
  No. nonlinear iterations =      56
  No. nonlinear convergence failures =       0
  No. error test failures =       0
  Last step size used =    0.38473E+07
  Index compenent largest error = ********

 ...   41 /  58

 No. steps =      47   No. f-s =     725   No. J-s =       1   No. LU-s =      10
  No. nonlinear iterations =      54
  No. nonlinear convergence failures =       0
  No. error test failures =       0
  Last step size used =    0.45512E+07
  Index compenent largest error = ********

 ...   42 /  58

 No. steps =      46   No. f-s =     723   No. J-s =       1   No. LU-s =       9
  No. nonlinear iterations =      52
  No. nonlinear convergence failures =       0
  No. error test failures =       0
  Last step size used =    0.49281E+07
  Index compenent largest error = ********

 ...   43 /  58

 No. steps =      45   No. f-s =     722   No. J-s =       1   No. LU-s =      10
  No. nonlinear iterations =      51
  No. nonlinear convergence failures =       0
  No. error test failures =       0
  Last step size used =    0.50964E+07
  Index compenent largest error = ********

 ...   44 /  58

 No. steps =      44   No. f-s =     721   No. J-s =       1   No. LU-s =      10
  No. nonlinear iterations =      50
  No. nonlinear convergence failures =       0
  No. error test failures =       0
  Last step size used =    0.54788E+07
  Index compenent largest error = ********

 ...   45 /  58

 No. steps =      43   No. f-s =     720   No. J-s =       1   No. LU-s =       9
  No. nonlinear iterations =      49
  No. nonlinear convergence failures =       0
  No. error test failures =       0
  Last step size used =    0.38080E+07
  Index compenent largest error = ********

 ...   46 /  58

 No. steps =      43   No. f-s =     721   No. J-s =       1   No. LU-s =       9
  No. nonlinear iterations =      50
  No. nonlinear convergence failures =       0
  No. error test failures =       0
  Last step size used =    0.40803E+07
  Index compenent largest error = ********

 ...   47 /  58

 No. steps =      42   No. f-s =     720   No. J-s =       1   No. LU-s =       9
  No. nonlinear iterations =      49
  No. nonlinear convergence failures =       0
  No. error test failures =       0
  Last step size used =    0.44256E+07
  Index compenent largest error = ********

 ...   48 /  58

 No. steps =      41   No. f-s =     718   No. J-s =       1   No. LU-s =       9
  No. nonlinear iterations =      47
  No. nonlinear convergence failures =       0
  No. error test failures =       0
  Last step size used =    0.42615E+07
  Index compenent largest error = ********

 ...   49 /  58

 No. steps =      40   No. f-s =     717   No. J-s =       1   No. LU-s =       9
  No. nonlinear iterations =      46
  No. nonlinear convergence failures =       0
  No. error test failures =       0
  Last step size used =    0.46071E+07
  Index compenent largest error = ********

 ...   50 /  58

 No. steps =      40   No. f-s =     717   No. J-s =       1   No. LU-s =       9
  No. nonlinear iterations =      46
  No. nonlinear convergence failures =       0
  No. error test failures =       0
  Last step size used =    0.41171E+07
  Index compenent largest error = ********

 ...   51 /  58

 No. steps =      40   No. f-s =     717   No. J-s =       1   No. LU-s =       9
  No. nonlinear iterations =      46
  No. nonlinear convergence failures =       0
  No. error test failures =       0
  Last step size used =    0.43635E+07
  Index compenent largest error = ********

 ...   52 /  58

 No. steps =      39   No. f-s =     716   No. J-s =       1   No. LU-s =       9
  No. nonlinear iterations =      45
  No. nonlinear convergence failures =       0
  No. error test failures =       0
  Last step size used =    0.44815E+07
  Index compenent largest error = ********

 ...   53 /  58

 No. steps =      39   No. f-s =     716   No. J-s =       1   No. LU-s =       9
  No. nonlinear iterations =      45
  No. nonlinear convergence failures =       0
  No. error test failures =       0
  Last step size used =    0.46137E+07
  Index compenent largest error = ********

 ...   54 /  58

 No. steps =      39   No. f-s =     716   No. J-s =       1   No. LU-s =       9
  No. nonlinear iterations =      45
  No. nonlinear convergence failures =       0
  No. error test failures =       0
  Last step size used =    0.47477E+07
  Index compenent largest error = ********

 ...   55 /  58

 No. steps =      38   No. f-s =     715   No. J-s =       1   No. LU-s =       9
  No. nonlinear iterations =      44
  No. nonlinear convergence failures =       0
  No. error test failures =       0
  Last step size used =    0.58107E+07
  Index compenent largest error = ********

 ...   56 /  58

 No. steps =      38   No. f-s =     715   No. J-s =       1   No. LU-s =       9
  No. nonlinear iterations =      44
  No. nonlinear convergence failures =       0
  No. error test failures =       0
  Last step size used =    0.50211E+07
  Index compenent largest error = ********

 ...   57 /  58

 No. steps =      38   No. f-s =     715   No. J-s =       1   No. LU-s =       9
  No. nonlinear iterations =      44
  No. nonlinear convergence failures =       0
  No. error test failures =       0
  Last step size used =    0.61519E+07
  Index compenent largest error = ********

 ...   58 /  58

 No. steps =      38   No. f-s =     715   No. J-s =       1   No. LU-s =       9
  No. nonlinear iterations =      44
  No. nonlinear convergence failures =       0
  No. error test failures =       0
  Last step size used =    0.63367E+07
  Index compenent largest error = ********


    ... DONE!
 +++++++++++++++++++++++++++++++++++++++++++++++++++


+------------------ Job Report: 10176644 (COMPLETED) ------------------+
| Memory (RAM)  No data available                                      |
| CPU           [#######             ] 38.1% average                   |
| Time          [>                   ]  0.6% (0-00:00:21 / 0-01:00:00) |
|                                                                      |
| Lustre Filesystem:                                                   |
|   No data available                                                  |
+----------------------------------------------------------------------+
