Starting job 10175762, array task 379 on dave34
Chemistry type: Orich
Analysis mode: false
Found 462 valid particle IDs in /fred/oz304/beckers/Chemistry/traces/wind_v10/trace_output_with_av
Returning 460 particle IDs (after start_index=2 offset)
SLURM task 379: processing particle 3438758
Running Orich evolving_model on 1 phantom particle trace(s) from wind_v10

 +++++++++++++++++++++++++++++++++++++++++++++++++++
 +++++        ENVELOPE CHEMICAL MODEL         ++++++
 +++++++++++++++++++++++++++++++++++++++++++++++++++

 Version 1.0 authored by Catherine Walsh and Maria 
    Drozdovskaya, Leiden Observatory (01/08/2013)

 Version 1.1 amended by Catherine Walsh (18/05/2014)

 Version 1.2 amended by Catherine Walsh (13/08/2015)

 +++++++++++++++++++++++++++++++++++++++++++++++++++

          Input file =  Orich/param/trace_file_param/file_parameters_3438758.txt              

 Physical conditions  = Orich/input/3438758.txt                                               
 Chemical network     = ./rate12_complex.rates                                                
 Species file         = ./rate12_complex_atomic_Orich.specs                                   
 Binding energies     = ./rate12_binding.dat                                                  
 Reaction parameters  = param/reaction_parameters.txt                                         
 Grain parameters     = param/grain_parameters.txt                                            
 Radiation parameters = param/radiation_parameters.txt                                        

 Output file          = Orich/output/model_output_3438758.dat                                 
 Rates file           = Orich/output/model_rates_3438758.dat                                  

 Opening and reading physical conditions file ...

 +++++++++++++++++++++++++++++++++++++++++++++++++++
 Beginning to run model ...
 +++++++++++++++++++++++++++++++++++++++++++++++++++

 Preparing output files ...

 Progress = ...
 ...    1 / 270

 No. steps =    1095   No. f-s =   18420   No. J-s =      25   No. LU-s =     196
  No. nonlinear iterations =    1719
  No. nonlinear convergence failures =       0
  No. error test failures =      72
  Last step size used =    0.44928E+09
  Index compenent largest error = ********

 ...    2 / 270

 No. steps =      85   No. f-s =    1439   No. J-s =       2   No. LU-s =      17
  No. nonlinear iterations =     100
  No. nonlinear convergence failures =       0
  No. error test failures =       1
  Last step size used =    0.34164E+07
  Index compenent largest error = ********

 ...    3 / 270

 No. steps =      85   No. f-s =    1437   No. J-s =       2   No. LU-s =      16
  No. nonlinear iterations =      98
  No. nonlinear convergence failures =       0
  No. error test failures =       0
  Last step size used =    0.23862E+07
  Index compenent largest error = ********

 ...    4 / 270

 No. steps =     110   No. f-s =    2143   No. J-s =       3   No. LU-s =      19
  No. nonlinear iterations =     136
  No. nonlinear convergence failures =       0
  No. error test failures =       1
  Last step size used =    0.13726E+07
  Index compenent largest error = ********

 ...    5 / 270

 No. steps =      85   No. f-s =    1441   No. J-s =       2   No. LU-s =      16
  No. nonlinear iterations =     102
  No. nonlinear convergence failures =       0
  No. error test failures =       0
  Last step size used =    0.17751E+07
  Index compenent largest error = ********

 ...    6 / 270

 No. steps =      75   No. f-s =    1425   No. J-s =       2   No. LU-s =      16
  No. nonlinear iterations =      86
  No. nonlinear convergence failures =       0
  No. error test failures =       0
  Last step size used =    0.26260E+07
  Index compenent largest error = ********

 ...    7 / 270

 No. steps =      70   No. f-s =    1416   No. J-s =       2   No. LU-s =      16
  No. nonlinear iterations =      77
  No. nonlinear convergence failures =       0
  No. error test failures =       0
  Last step size used =    0.39317E+07
  Index compenent largest error = ********

 ...    8 / 270

 No. steps =      88   No. f-s =    1441   No. J-s =       2   No. LU-s =      17
  No. nonlinear iterations =     102
  No. nonlinear convergence failures =       0
  No. error test failures =       0
  Last step size used =    0.25831E+07
  Index compenent largest error = ********

 ...    9 / 270

 No. steps =      84   No. f-s =    1435   No. J-s =       2   No. LU-s =      17
  No. nonlinear iterations =      96
  No. nonlinear convergence failures =       0
  No. error test failures =       0
  Last step size used =    0.33335E+07
  Index compenent largest error = ********

 ...   10 / 270

 No. steps =      93   No. f-s =    1451   No. J-s =       2   No. LU-s =      23
  No. nonlinear iterations =     112
  No. nonlinear convergence failures =       0
  No. error test failures =       3
  Last step size used =    0.32790E+07
  Index compenent largest error = ********

 ...   11 / 270

 No. steps =      82   No. f-s =    1432   No. J-s =       2   No. LU-s =      17
  No. nonlinear iterations =      93
  No. nonlinear convergence failures =       0
  No. error test failures =       0
  Last step size used =    0.38694E+07
  Index compenent largest error = ********

 ...   12 / 270

 No. steps =      79   No. f-s =    1429   No. J-s =       2   No. LU-s =      16
  No. nonlinear iterations =      90
  No. nonlinear convergence failures =       0
  No. error test failures =       0
  Last step size used =    0.38123E+07
  Index compenent largest error = ********

 ...   13 / 270

 No. steps =      74   No. f-s =    1424   No. J-s =       2   No. LU-s =      15
  No. nonlinear iterations =      85
  No. nonlinear convergence failures =       0
  No. error test failures =       0
  Last step size used =    0.35849E+07
  Index compenent largest error = ********

 ...   14 / 270

 No. steps =      67   No. f-s =    1417   No. J-s =       2   No. LU-s =      14
  No. nonlinear iterations =      78
  No. nonlinear convergence failures =       0
  No. error test failures =       0
  Last step size used =    0.33267E+07
  Index compenent largest error = ********

 ...   15 / 270

 No. steps =      65   No. f-s =    1415   No. J-s =       2   No. LU-s =      13
  No. nonlinear iterations =      76
  No. nonlinear convergence failures =       0
  No. error test failures =       0
  Last step size used =    0.30886E+07
  Index compenent largest error = ********

 ...   16 / 270

 No. steps =      64   No. f-s =    1414   No. J-s =       2   No. LU-s =      13
  No. nonlinear iterations =      75
  No. nonlinear convergence failures =       0
  No. error test failures =       0
  Last step size used =    0.29087E+07
  Index compenent largest error = ********

 ...   17 / 270

 No. steps =      59   No. f-s =    1407   No. J-s =       2   No. LU-s =      13
  No. nonlinear iterations =      68
  No. nonlinear convergence failures =       0
  No. error test failures =       0
  Last step size used =    0.40741E+07
  Index compenent largest error = ********

 ...   18 / 270

 No. steps =      56   No. f-s =     736   No. J-s =       1   No. LU-s =      12
  No. nonlinear iterations =      65
  No. nonlinear convergence failures =       0
  No. error test failures =       0
  Last step size used =    0.30399E+07
  Index compenent largest error = ********

 ...   19 / 270

 No. steps =      69   No. f-s =    1419   No. J-s =       2   No. LU-s =      13
  No. nonlinear iterations =      80
  No. nonlinear convergence failures =       0
  No. error test failures =       0
  Last step size used =    0.39825E+07
  Index compenent largest error = ********

 ...   20 / 270

 No. steps =      82   No. f-s =    1439   No. J-s =       2   No. LU-s =      19
  No. nonlinear iterations =     100
  No. nonlinear convergence failures =       0
  No. error test failures =       3
  Last step size used =    0.30056E+07
  Index compenent largest error = ********

 ...   21 / 270

 No. steps =      49   No. f-s =     725   No. J-s =       1   No. LU-s =      11
  No. nonlinear iterations =      54
  No. nonlinear convergence failures =       0
  No. error test failures =       0
  Last step size used =    0.44042E+07
  Index compenent largest error = ********

 ...   22 / 270

 No. steps =      62   No. f-s =    1411   No. J-s =       2   No. LU-s =      12
  No. nonlinear iterations =      72
  No. nonlinear convergence failures =       0
  No. error test failures =       0
  Last step size used =    0.31963E+07
  Index compenent largest error = ********

 ...   23 / 270

 No. steps =      64   No. f-s =    1413   No. J-s =       2   No. LU-s =      12
  No. nonlinear iterations =      74
  No. nonlinear convergence failures =       0
  No. error test failures =       0
  Last step size used =    0.31386E+07
  Index compenent largest error = ********

 ...   24 / 270

 No. steps =      62   No. f-s =    1410   No. J-s =       2   No. LU-s =      13
  No. nonlinear iterations =      71
  No. nonlinear convergence failures =       0
  No. error test failures =       0
  Last step size used =    0.36064E+07
  Index compenent largest error = ********

 ...   25 / 270

 No. steps =      61   No. f-s =    1409   No. J-s =       2   No. LU-s =      13
  No. nonlinear iterations =      70
  No. nonlinear convergence failures =       0
  No. error test failures =       0
  Last step size used =    0.41676E+07
  Index compenent largest error = ********

 ...   26 / 270

 No. steps =      58   No. f-s =    1407   No. J-s =       2   No. LU-s =      12
  No. nonlinear iterations =      68
  No. nonlinear convergence failures =       0
  No. error test failures =       0
  Last step size used =    0.31799E+07
  Index compenent largest error = ********

 ...   27 / 270

 No. steps =      58   No. f-s =    1409   No. J-s =       2   No. LU-s =      13
  No. nonlinear iterations =      70
  No. nonlinear convergence failures =       0
  No. error test failures =       0
  Last step size used =    0.43167E+07
  Index compenent largest error = ********

 ...   28 / 270

 No. steps =      56   No. f-s =     736   No. J-s =       1   No. LU-s =      12
  No. nonlinear iterations =      65
  No. nonlinear convergence failures =       0
  No. error test failures =       0
  Last step size used =    0.31504E+07
  Index compenent largest error = ********

 ...   29 / 270

 No. steps =      57   No. f-s =    1408   No. J-s =       2   No. LU-s =      15
  No. nonlinear iterations =      69
  No. nonlinear convergence failures =       0
  No. error test failures =       1
  Last step size used =    0.43141E+07
  Index compenent largest error = ********

 ...   30 / 270

 No. steps =      50   No. f-s =     731   No. J-s =       1   No. LU-s =      12
  No. nonlinear iterations =      60
  No. nonlinear convergence failures =       0
  No. error test failures =       0
  Last step size used =    0.37349E+07
  Index compenent largest error = ********

 ...   31 / 270

 No. steps =      51   No. f-s =     730   No. J-s =       1   No. LU-s =      11
  No. nonlinear iterations =      59
  No. nonlinear convergence failures =       0
  No. error test failures =       0
  Last step size used =    0.35046E+07
  Index compenent largest error = ********

 ...   32 / 270

 No. steps =      49   No. f-s =     728   No. J-s =       1   No. LU-s =       9
  No. nonlinear iterations =      57
  No. nonlinear convergence failures =       0
  No. error test failures =       0
  Last step size used =    0.28570E+07
  Index compenent largest error = ********

 ...   33 / 270

 No. steps =      60   No. f-s =    1409   No. J-s =       2   No. LU-s =      12
  No. nonlinear iterations =      70
  No. nonlinear convergence failures =       0
  No. error test failures =       0
  Last step size used =    0.42348E+07
  Index compenent largest error = ********

 ...   34 / 270

 No. steps =      68   No. f-s =    1417   No. J-s =       2   No. LU-s =      13
  No. nonlinear iterations =      78
  No. nonlinear convergence failures =       0
  No. error test failures =       0
  Last step size used =    0.34266E+07
  Index compenent largest error = ********

 ...   35 / 270

 No. steps =      55   No. f-s =    1402   No. J-s =       2   No. LU-s =      13
  No. nonlinear iterations =      63
  No. nonlinear convergence failures =       0
  No. error test failures =       0
  Last step size used =    0.37684E+07
  Index compenent largest error = ********

 ...   36 / 270

 No. steps =      48   No. f-s =     725   No. J-s =       1   No. LU-s =      12
  No. nonlinear iterations =      54
  No. nonlinear convergence failures =       0
  No. error test failures =       0
  Last step size used =    0.39939E+07
  Index compenent largest error = ********

 ...   37 / 270

 No. steps =      56   No. f-s =    1403   No. J-s =       2   No. LU-s =      12
  No. nonlinear iterations =      64
  No. nonlinear convergence failures =       0
  No. error test failures =       0
  Last step size used =    0.39911E+07
  Index compenent largest error = ********

 ...   38 / 270

 No. steps =      55   No. f-s =    1403   No. J-s =       2   No. LU-s =      12
  No. nonlinear iterations =      64
  No. nonlinear convergence failures =       0
  No. error test failures =       0
  Last step size used =    0.39941E+07
  Index compenent largest error = ********

 ...   39 / 270

 No. steps =      58   No. f-s =     742   No. J-s =       1   No. LU-s =      13
  No. nonlinear iterations =      71
  No. nonlinear convergence failures =       0
  No. error test failures =       1
  Last step size used =    0.31038E+07
  Index compenent largest error = ********

 ...   40 / 270

 No. steps =      53   No. f-s =    1402   No. J-s =       2   No. LU-s =      12
  No. nonlinear iterations =      63
  No. nonlinear convergence failures =       0
  No. error test failures =       0
  Last step size used =    0.42744E+07
  Index compenent largest error = ********

 ...   41 / 270

 No. steps =      50   No. f-s =     726   No. J-s =       1   No. LU-s =      11
  No. nonlinear iterations =      55
  No. nonlinear convergence failures =       0
  No. error test failures =       0
  Last step size used =    0.36641E+07
  Index compenent largest error = ********

 ...   42 / 270

 No. steps =      50   No. f-s =     727   No. J-s =       1   No. LU-s =      12
  No. nonlinear iterations =      56
  No. nonlinear convergence failures =       0
  No. error test failures =       0
  Last step size used =    0.43298E+07
  Index compenent largest error = ********

 ...   43 / 270

 No. steps =      49   No. f-s =     725   No. J-s =       1   No. LU-s =      11
  No. nonlinear iterations =      54
  No. nonlinear convergence failures =       0
  No. error test failures =       0
  Last step size used =    0.43045E+07
  Index compenent largest error = ********

 ...   44 / 270

 No. steps =      48   No. f-s =     728   No. J-s =       1   No. LU-s =      12
  No. nonlinear iterations =      57
  No. nonlinear convergence failures =       0
  No. error test failures =       0
  Last step size used =    0.39853E+07
  Index compenent largest error = ********

 ...   45 / 270

 No. steps =      49   No. f-s =     727   No. J-s =       1   No. LU-s =      12
  No. nonlinear iterations =      56
  No. nonlinear convergence failures =       0
  No. error test failures =       0
  Last step size used =    0.44445E+07
  Index compenent largest error = ********

 ...   46 / 270

 No. steps =      45   No. f-s =     721   No. J-s =       1   No. LU-s =      10
  No. nonlinear iterations =      50
  No. nonlinear convergence failures =       0
  No. error test failures =       0
  Last step size used =    0.37982E+07
  Index compenent largest error = ********

 ...   47 / 270

 No. steps =      44   No. f-s =     721   No. J-s =       1   No. LU-s =      10
  No. nonlinear iterations =      50
  No. nonlinear convergence failures =       0
  No. error test failures =       0
  Last step size used =    0.36859E+07
  Index compenent largest error = ********

 ...   48 / 270

 No. steps =      53   No. f-s =    1400   No. J-s =       2   No. LU-s =      12
  No. nonlinear iterations =      61
  No. nonlinear convergence failures =       0
  No. error test failures =       0
  Last step size used =    0.37408E+07
  Index compenent largest error = ********

 ...   49 / 270

 No. steps =      55   No. f-s =    1402   No. J-s =       2   No. LU-s =      12
  No. nonlinear iterations =      63
  No. nonlinear convergence failures =       0
  No. error test failures =       0
  Last step size used =    0.33298E+07
  Index compenent largest error = ********

 ...   50 / 270

 No. steps =      53   No. f-s =     733   No. J-s =       1   No. LU-s =      12
  No. nonlinear iterations =      62
  No. nonlinear convergence failures =       0
  No. error test failures =       0
  Last step size used =    0.32110E+07
  Index compenent largest error = ********

 ...   51 / 270

 No. steps =      40   No. f-s =     716   No. J-s =       1   No. LU-s =       9
  No. nonlinear iterations =      45
  No. nonlinear convergence failures =       0
  No. error test failures =       0
  Last step size used =    0.41313E+07
  Index compenent largest error = ********

 ...   52 / 270

 No. steps =      46   No. f-s =     721   No. J-s =       1   No. LU-s =      11
  No. nonlinear iterations =      50
  No. nonlinear convergence failures =       0
  No. error test failures =       0
  Last step size used =    0.35376E+07
  Index compenent largest error = ********

 ...   53 / 270

 No. steps =      50   No. f-s =     727   No. J-s =       1   No. LU-s =      12
  No. nonlinear iterations =      56
  No. nonlinear convergence failures =       0
  No. error test failures =       0
  Last step size used =    0.39631E+07
  Index compenent largest error = ********

 ...   54 / 270

 No. steps =      50   No. f-s =     729   No. J-s =       1   No. LU-s =      12
  No. nonlinear iterations =      58
  No. nonlinear convergence failures =       0
  No. error test failures =       0
  Last step size used =    0.38672E+07
  Index compenent largest error = ********

 ...   55 / 270

 No. steps =      50   No. f-s =     728   No. J-s =       1   No. LU-s =      12
  No. nonlinear iterations =      57
  No. nonlinear convergence failures =       0
  No. error test failures =       0
  Last step size used =    0.38450E+07
  Index compenent largest error = ********

 ...   56 / 270

 No. steps =      50   No. f-s =     728   No. J-s =       1   No. LU-s =      11
  No. nonlinear iterations =      57
  No. nonlinear convergence failures =       0
  No. error test failures =       0
  Last step size used =    0.38956E+07
  Index compenent largest error = ********

 ...   57 / 270

 No. steps =      50   No. f-s =     728   No. J-s =       1   No. LU-s =      11
  No. nonlinear iterations =      57
  No. nonlinear convergence failures =       0
  No. error test failures =       0
  Last step size used =    0.45775E+07
  Index compenent largest error = ********

 ...   58 / 270

 No. steps =      46   No. f-s =     725   No. J-s =       1   No. LU-s =      11
  No. nonlinear iterations =      54
  No. nonlinear convergence failures =       0
  No. error test failures =       0
  Last step size used =    0.38924E+07
  Index compenent largest error = ********

 ...   59 / 270

 No. steps =      45   No. f-s =     724   No. J-s =       1   No. LU-s =      11
  No. nonlinear iterations =      53
  No. nonlinear convergence failures =       0
  No. error test failures =       0
  Last step size used =    0.43565E+07
  Index compenent largest error = ********

 ...   60 / 270

 No. steps =      43   No. f-s =     719   No. J-s =       1   No. LU-s =      10
  No. nonlinear iterations =      48
  No. nonlinear convergence failures =       0
  No. error test failures =       0
  Last step size used =    0.33127E+07
  Index compenent largest error = ********

 ...   61 / 270

 No. steps =      40   No. f-s =     715   No. J-s =       1   No. LU-s =      10
  No. nonlinear iterations =      44
  No. nonlinear convergence failures =       0
  No. error test failures =       0
  Last step size used =    0.50618E+07
  Index compenent largest error = ********

 ...   62 / 270

 No. steps =      42   No. f-s =     718   No. J-s =       1   No. LU-s =      11
  No. nonlinear iterations =      47
  No. nonlinear convergence failures =       0
  No. error test failures =       0
  Last step size used =    0.46006E+07
  Index compenent largest error = ********

 ...   63 / 270

 No. steps =      49   No. f-s =     726   No. J-s =       1   No. LU-s =      11
  No. nonlinear iterations =      55
  No. nonlinear convergence failures =       0
  No. error test failures =       0
  Last step size used =    0.31655E+07
  Index compenent largest error = ********

 ...   64 / 270

 No. steps =      50   No. f-s =     727   No. J-s =       1   No. LU-s =      11
  No. nonlinear iterations =      56
  No. nonlinear convergence failures =       0
  No. error test failures =       0
  Last step size used =    0.30371E+07
  Index compenent largest error = ********

 ...   65 / 270

 No. steps =      45   No. f-s =     723   No. J-s =       1   No. LU-s =      11
  No. nonlinear iterations =      52
  No. nonlinear convergence failures =       0
  No. error test failures =       0
  Last step size used =    0.37058E+07
  Index compenent largest error = ********

 ...   66 / 270

 No. steps =      37   No. f-s =     712   No. J-s =       1   No. LU-s =      10
  No. nonlinear iterations =      41
  No. nonlinear convergence failures =       0
  No. error test failures =       0
  Last step size used =    0.53705E+07
  Index compenent largest error = ********

 ...   67 / 270

 No. steps =      38   No. f-s =     714   No. J-s =       1   No. LU-s =       9
  No. nonlinear iterations =      43
  No. nonlinear convergence failures =       0
  No. error test failures =       0
  Last step size used =    0.42672E+07
  Index compenent largest error = ********

 ...   68 / 270

 No. steps =      43   No. f-s =     721   No. J-s =       1   No. LU-s =      11
  No. nonlinear iterations =      50
  No. nonlinear convergence failures =       0
  No. error test failures =       0
  Last step size used =    0.39306E+07
  Index compenent largest error = ********

 ...   69 / 270

 No. steps =      46   No. f-s =     722   No. J-s =       1   No. LU-s =      11
  No. nonlinear iterations =      51
  No. nonlinear convergence failures =       0
  No. error test failures =       0
  Last step size used =    0.39190E+07
  Index compenent largest error = ********

 ...   70 / 270

 No. steps =      47   No. f-s =     723   No. J-s =       1   No. LU-s =      11
  No. nonlinear iterations =      52
  No. nonlinear convergence failures =       0
  No. error test failures =       0
  Last step size used =    0.49810E+07
  Index compenent largest error = ********

 ...   71 / 270

 No. steps =      47   No. f-s =     723   No. J-s =       1   No. LU-s =      11
  No. nonlinear iterations =      52
  No. nonlinear convergence failures =       0
  No. error test failures =       0
  Last step size used =    0.45109E+07
  Index compenent largest error = ********

 ...   72 / 270

 No. steps =      47   No. f-s =     723   No. J-s =       1   No. LU-s =      10
  No. nonlinear iterations =      52
  No. nonlinear convergence failures =       0
  No. error test failures =       0
  Last step size used =    0.33953E+07
  Index compenent largest error = ********

 ...   73 / 270

 No. steps =      47   No. f-s =     722   No. J-s =       1   No. LU-s =      10
  No. nonlinear iterations =      51
  No. nonlinear convergence failures =       0
  No. error test failures =       0
  Last step size used =    0.45529E+07
  Index compenent largest error = ********

 ...   74 / 270

 No. steps =      46   No. f-s =     721   No. J-s =       1   No. LU-s =       9
  No. nonlinear iterations =      50
  No. nonlinear convergence failures =       0
  No. error test failures =       0
  Last step size used =    0.33049E+07
  Index compenent largest error = ********

 ...   75 / 270

 No. steps =      47   No. f-s =     724   No. J-s =       1   No. LU-s =      10
  No. nonlinear iterations =      53
  No. nonlinear convergence failures =       0
  No. error test failures =       0
  Last step size used =    0.43404E+07
  Index compenent largest error = ********

 ...   76 / 270

 No. steps =      43   No. f-s =     720   No. J-s =       1   No. LU-s =      10
  No. nonlinear iterations =      49
  No. nonlinear convergence failures =       0
  No. error test failures =       0
  Last step size used =    0.40727E+07
  Index compenent largest error = ********

 ...   77 / 270

 No. steps =      43   No. f-s =     718   No. J-s =       1   No. LU-s =       9
  No. nonlinear iterations =      47
  No. nonlinear convergence failures =       0
  No. error test failures =       0
  Last step size used =    0.59748E+07
  Index compenent largest error = ********

 ...   78 / 270

 No. steps =      41   No. f-s =     719   No. J-s =       1   No. LU-s =      10
  No. nonlinear iterations =      48
  No. nonlinear convergence failures =       0
  No. error test failures =       0
  Last step size used =    0.37023E+07
  Index compenent largest error = ********

 ...   79 / 270

 No. steps =      42   No. f-s =     720   No. J-s =       1   No. LU-s =      10
  No. nonlinear iterations =      49
  No. nonlinear convergence failures =       0
  No. error test failures =       0
  Last step size used =    0.33947E+07
  Index compenent largest error = ********

 ...   80 / 270

 No. steps =      43   No. f-s =     719   No. J-s =       1   No. LU-s =      10
  No. nonlinear iterations =      48
  No. nonlinear convergence failures =       0
  No. error test failures =       0
  Last step size used =    0.34378E+07
  Index compenent largest error = ********

 ...   81 / 270

 No. steps =      42   No. f-s =     718   No. J-s =       1   No. LU-s =      10
  No. nonlinear iterations =      47
  No. nonlinear convergence failures =       0
  No. error test failures =       0
  Last step size used =    0.48736E+07
  Index compenent largest error = ********

 ...   82 / 270

 No. steps =      38   No. f-s =     714   No. J-s =       1   No. LU-s =       9
  No. nonlinear iterations =      43
  No. nonlinear convergence failures =       0
  No. error test failures =       0
  Last step size used =    0.38889E+07
  Index compenent largest error = ********

 ...   83 / 270

 No. steps =      34   No. f-s =     711   No. J-s =       1   No. LU-s =      10
  No. nonlinear iterations =      40
  No. nonlinear convergence failures =       0
  No. error test failures =       0
  Last step size used =    0.54848E+07
  Index compenent largest error = ********

 ...   84 / 270

 No. steps =      36   No. f-s =     711   No. J-s =       1   No. LU-s =       8
  No. nonlinear iterations =      40
  No. nonlinear convergence failures =       0
  No. error test failures =       0
  Last step size used =    0.42822E+07
  Index compenent largest error = ********

 ...   85 / 270

 No. steps =      41   No. f-s =     717   No. J-s =       1   No. LU-s =      10
  No. nonlinear iterations =      46
  No. nonlinear convergence failures =       0
  No. error test failures =       0
  Last step size used =    0.56512E+07
  Index compenent largest error = ********

 ...   86 / 270

 No. steps =      43   No. f-s =     720   No. J-s =       1   No. LU-s =      10
  No. nonlinear iterations =      49
  No. nonlinear convergence failures =       0
  No. error test failures =       0
  Last step size used =    0.39774E+07
  Index compenent largest error = ********

 ...   87 / 270

 No. steps =      46   No. f-s =     722   No. J-s =       1   No. LU-s =      11
  No. nonlinear iterations =      51
  No. nonlinear convergence failures =       0
  No. error test failures =       0
  Last step size used =    0.51872E+07
  Index compenent largest error = ********

 ...   88 / 270

 No. steps =      49   No. f-s =     726   No. J-s =       1   No. LU-s =      10
  No. nonlinear iterations =      55
  No. nonlinear convergence failures =       0
  No. error test failures =       0
  Last step size used =    0.43649E+07
  Index compenent largest error = ********

 ...   89 / 270

 No. steps =      47   No. f-s =     724   No. J-s =       1   No. LU-s =      10
  No. nonlinear iterations =      53
  No. nonlinear convergence failures =       0
  No. error test failures =       0
  Last step size used =    0.52067E+07
  Index compenent largest error = ********

 ...   90 / 270

 No. steps =      49   No. f-s =     727   No. J-s =       1   No. LU-s =      11
  No. nonlinear iterations =      56
  No. nonlinear convergence failures =       0
  No. error test failures =       0
  Last step size used =    0.61467E+07
  Index compenent largest error = ********

 ...   91 / 270

 No. steps =      43   No. f-s =     719   No. J-s =       1   No. LU-s =      10
  No. nonlinear iterations =      48
  No. nonlinear convergence failures =       0
  No. error test failures =       0
  Last step size used =    0.42173E+07
  Index compenent largest error = ********

 ...   92 / 270

 No. steps =      41   No. f-s =     717   No. J-s =       1   No. LU-s =      10
  No. nonlinear iterations =      46
  No. nonlinear convergence failures =       0
  No. error test failures =       0
  Last step size used =    0.42187E+07
  Index compenent largest error = ********

 ...   93 / 270

 No. steps =      36   No. f-s =     713   No. J-s =       1   No. LU-s =      10
  No. nonlinear iterations =      42
  No. nonlinear convergence failures =       0
  No. error test failures =       0
  Last step size used =    0.57365E+07
  Index compenent largest error = ********

 ...   94 / 270

 No. steps =      36   No. f-s =     712   No. J-s =       1   No. LU-s =       9
  No. nonlinear iterations =      41
  No. nonlinear convergence failures =       0
  No. error test failures =       0
  Last step size used =    0.40238E+07
  Index compenent largest error = ********

 ...   95 / 270

 No. steps =      41   No. f-s =     719   No. J-s =       1   No. LU-s =      10
  No. nonlinear iterations =      48
  No. nonlinear convergence failures =       0
  No. error test failures =       0
  Last step size used =    0.50851E+07
  Index compenent largest error = ********

 ...   96 / 270

 No. steps =      39   No. f-s =     718   No. J-s =       1   No. LU-s =      10
  No. nonlinear iterations =      47
  No. nonlinear convergence failures =       0
  No. error test failures =       0
  Last step size used =    0.49050E+07
  Index compenent largest error = ********

 ...   97 / 270

 No. steps =      38   No. f-s =     714   No. J-s =       1   No. LU-s =      10
  No. nonlinear iterations =      43
  No. nonlinear convergence failures =       0
  No. error test failures =       0
  Last step size used =    0.49096E+07
  Index compenent largest error = ********

 ...   98 / 270

 No. steps =      36   No. f-s =     710   No. J-s =       1   No. LU-s =       8
  No. nonlinear iterations =      39
  No. nonlinear convergence failures =       0
  No. error test failures =       0
  Last step size used =    0.56128E+07
  Index compenent largest error = ********

 ...   99 / 270

 No. steps =      29   No. f-s =     703   No. J-s =       1   No. LU-s =       8
  No. nonlinear iterations =      32
  No. nonlinear convergence failures =       0
  No. error test failures =       0
  Last step size used =    0.54447E+07
  Index compenent largest error = ********

 ...  100 / 270

 No. steps =      36   No. f-s =     710   No. J-s =       1   No. LU-s =       8
  No. nonlinear iterations =      39
  No. nonlinear convergence failures =       0
  No. error test failures =       0
  Last step size used =    0.55607E+07
  Index compenent largest error = ********

 ...  101 / 270

 No. steps =      39   No. f-s =     716   No. J-s =       1   No. LU-s =      10
  No. nonlinear iterations =      45
  No. nonlinear convergence failures =       0
  No. error test failures =       0
  Last step size used =    0.62712E+07
  Index compenent largest error = ********

 ...  102 / 270

 No. steps =      41   No. f-s =     718   No. J-s =       1   No. LU-s =      10
  No. nonlinear iterations =      47
  No. nonlinear convergence failures =       0
  No. error test failures =       0
  Last step size used =    0.43158E+07
  Index compenent largest error = ********

 ...  103 / 270

 No. steps =      40   No. f-s =     718   No. J-s =       1   No. LU-s =      10
  No. nonlinear iterations =      47
  No. nonlinear convergence failures =       0
  No. error test failures =       0
  Last step size used =    0.56163E+07
  Index compenent largest error = ********

 ...  104 / 270

 No. steps =      41   No. f-s =     719   No. J-s =       1   No. LU-s =      10
  No. nonlinear iterations =      48
  No. nonlinear convergence failures =       0
  No. error test failures =       0
  Last step size used =    0.50857E+07
  Index compenent largest error = ********

 ...  105 / 270

 No. steps =      44   No. f-s =     721   No. J-s =       1   No. LU-s =      10
  No. nonlinear iterations =      50
  No. nonlinear convergence failures =       0
  No. error test failures =       0
  Last step size used =    0.38575E+07
  Index compenent largest error = ********

 ...  106 / 270

 No. steps =      43   No. f-s =     719   No. J-s =       1   No. LU-s =      10
  No. nonlinear iterations =      48
  No. nonlinear convergence failures =       0
  No. error test failures =       0
  Last step size used =    0.41235E+07
  Index compenent largest error = ********

 ...  107 / 270

 No. steps =      43   No. f-s =     720   No. J-s =       1   No. LU-s =      10
  No. nonlinear iterations =      49
  No. nonlinear convergence failures =       0
  No. error test failures =       0
  Last step size used =    0.43673E+07
  Index compenent largest error = ********

 ...  108 / 270

 No. steps =      40   No. f-s =     717   No. J-s =       1   No. LU-s =      10
  No. nonlinear iterations =      46
  No. nonlinear convergence failures =       0
  No. error test failures =       0
  Last step size used =    0.45578E+07
  Index compenent largest error = ********

 ...  109 / 270

 No. steps =      40   No. f-s =     716   No. J-s =       1   No. LU-s =      10
  No. nonlinear iterations =      45
  No. nonlinear convergence failures =       0
  No. error test failures =       0
  Last step size used =    0.47665E+07
  Index compenent largest error = ********

 ...  110 / 270

 No. steps =      38   No. f-s =     714   No. J-s =       1   No. LU-s =      10
  No. nonlinear iterations =      43
  No. nonlinear convergence failures =       0
  No. error test failures =       0
  Last step size used =    0.55535E+07
  Index compenent largest error = ********

 ...  111 / 270

 No. steps =      30   No. f-s =     704   No. J-s =       1   No. LU-s =       8
  No. nonlinear iterations =      33
  No. nonlinear convergence failures =       0
  No. error test failures =       0
  Last step size used =    0.63682E+07
  Index compenent largest error = ********

 ...  112 / 270

 No. steps =      33   No. f-s =     708   No. J-s =       1   No. LU-s =       7
  No. nonlinear iterations =      37
  No. nonlinear convergence failures =       0
  No. error test failures =       0
  Last step size used =    0.50787E+07
  Index compenent largest error = ********

 ...  113 / 270

 No. steps =      34   No. f-s =     709   No. J-s =       1   No. LU-s =       7
  No. nonlinear iterations =      38
  No. nonlinear convergence failures =       0
  No. error test failures =       0
  Last step size used =    0.46040E+07
  Index compenent largest error = ********

 ...  114 / 270

 No. steps =      35   No. f-s =     709   No. J-s =       1   No. LU-s =       8
  No. nonlinear iterations =      38
  No. nonlinear convergence failures =       0
  No. error test failures =       0
  Last step size used =    0.55181E+07
  Index compenent largest error = ********

 ...  115 / 270

 No. steps =      20   No. f-s =     694   No. J-s =       1   No. LU-s =       6
  No. nonlinear iterations =      23
  No. nonlinear convergence failures =       0
  No. error test failures =       0
  Last step size used =    0.12005E+08
  Index compenent largest error = ********

 ...  116 / 270

 No. steps =      31   No. f-s =     706   No. J-s =       1   No. LU-s =       9
  No. nonlinear iterations =      35
  No. nonlinear convergence failures =       0
  No. error test failures =       0
  Last step size used =    0.92024E+07
  Index compenent largest error = ********

 ...  117 / 270

 No. steps =      35   No. f-s =     711   No. J-s =       1   No. LU-s =       9
  No. nonlinear iterations =      40
  No. nonlinear convergence failures =       0
  No. error test failures =       0
  Last step size used =    0.61188E+07
  Index compenent largest error = ********

 ...  118 / 270

 No. steps =      39   No. f-s =     715   No. J-s =       1   No. LU-s =       9
  No. nonlinear iterations =      44
  No. nonlinear convergence failures =       0
  No. error test failures =       0
  Last step size used =    0.48446E+07
  Index compenent largest error = ********

 ...  119 / 270

 No. steps =      38   No. f-s =     716   No. J-s =       1   No. LU-s =      11
  No. nonlinear iterations =      45
  No. nonlinear convergence failures =       0
  No. error test failures =       0
  Last step size used =    0.57967E+07
  Index compenent largest error = ********

 ...  120 / 270

 No. steps =      40   No. f-s =     717   No. J-s =       1   No. LU-s =      11
  No. nonlinear iterations =      46
  No. nonlinear convergence failures =       0
  No. error test failures =       0
  Last step size used =    0.58199E+07
  Index compenent largest error = ********

 ...  121 / 270

 No. steps =      42   No. f-s =     719   No. J-s =       1   No. LU-s =      10
  No. nonlinear iterations =      48
  No. nonlinear convergence failures =       0
  No. error test failures =       0
  Last step size used =    0.40323E+07
  Index compenent largest error = ********

 ...  122 / 270

 No. steps =      39   No. f-s =     716   No. J-s =       1   No. LU-s =      11
  No. nonlinear iterations =      45
  No. nonlinear convergence failures =       0
  No. error test failures =       0
  Last step size used =    0.58542E+07
  Index compenent largest error = ********

 ...  123 / 270

 No. steps =      38   No. f-s =     716   No. J-s =       1   No. LU-s =      11
  No. nonlinear iterations =      45
  No. nonlinear convergence failures =       0
  No. error test failures =       0
  Last step size used =    0.57423E+07
  Index compenent largest error = ********

 ...  124 / 270

 No. steps =      39   No. f-s =     716   No. J-s =       1   No. LU-s =      10
  No. nonlinear iterations =      45
  No. nonlinear convergence failures =       0
  No. error test failures =       0
  Last step size used =    0.49763E+07
  Index compenent largest error = ********

 ...  125 / 270

 No. steps =      39   No. f-s =     715   No. J-s =       1   No. LU-s =      10
  No. nonlinear iterations =      44
  No. nonlinear convergence failures =       0
  No. error test failures =       0
  Last step size used =    0.59035E+07
  Index compenent largest error = ********

 ...  126 / 270

 No. steps =      38   No. f-s =     712   No. J-s =       1   No. LU-s =      10
  No. nonlinear iterations =      41
  No. nonlinear convergence failures =       0
  No. error test failures =       0
  Last step size used =    0.89530E+07
  Index compenent largest error = ********

 ...  127 / 270

 No. steps =      32   No. f-s =     708   No. J-s =       1   No. LU-s =       8
  No. nonlinear iterations =      37
  No. nonlinear convergence failures =       0
  No. error test failures =       0
  Last step size used =    0.67114E+07
  Index compenent largest error = ********

 ...  128 / 270

 No. steps =      32   No. f-s =     705   No. J-s =       1   No. LU-s =       8
  No. nonlinear iterations =      34
  No. nonlinear convergence failures =       0
  No. error test failures =       0
  Last step size used =    0.53519E+07
  Index compenent largest error = ********

 ...  129 / 270

 No. steps =      36   No. f-s =     712   No. J-s =       1   No. LU-s =       9
  No. nonlinear iterations =      41
  No. nonlinear convergence failures =       0
  No. error test failures =       0
  Last step size used =    0.47753E+07
  Index compenent largest error = ********

 ...  130 / 270

 No. steps =      32   No. f-s =     708   No. J-s =       1   No. LU-s =       8
  No. nonlinear iterations =      37
  No. nonlinear convergence failures =       0
  No. error test failures =       0
  Last step size used =    0.56975E+07
  Index compenent largest error = ********

 ...  131 / 270

 No. steps =      29   No. f-s =     704   No. J-s =       1   No. LU-s =       7
  No. nonlinear iterations =      33
  No. nonlinear convergence failures =       0
  No. error test failures =       0
  Last step size used =    0.54614E+07
  Index compenent largest error = ********

 ...  132 / 270

 No. steps =      36   No. f-s =     710   No. J-s =       1   No. LU-s =       9
  No. nonlinear iterations =      39
  No. nonlinear convergence failures =       0
  No. error test failures =       0
  Last step size used =    0.67678E+07
  Index compenent largest error = ********

 ...  133 / 270

 No. steps =      38   No. f-s =     712   No. J-s =       1   No. LU-s =       9
  No. nonlinear iterations =      41
  No. nonlinear convergence failures =       0
  No. error test failures =       0
  Last step size used =    0.56811E+07
  Index compenent largest error = ********

 ...  134 / 270

 No. steps =      36   No. f-s =     710   No. J-s =       1   No. LU-s =       8
  No. nonlinear iterations =      39
  No. nonlinear convergence failures =       0
  No. error test failures =       0
  Last step size used =    0.55489E+07
  Index compenent largest error = ********

 ...  135 / 270

 No. steps =      35   No. f-s =     712   No. J-s =       1   No. LU-s =       9
  No. nonlinear iterations =      41
  No. nonlinear convergence failures =       0
  No. error test failures =       0
  Last step size used =    0.80836E+07
  Index compenent largest error = ********

 ...  136 / 270

 No. steps =      38   No. f-s =     715   No. J-s =       1   No. LU-s =       8
  No. nonlinear iterations =      44
  No. nonlinear convergence failures =       0
  No. error test failures =       0
  Last step size used =    0.38903E+07
  Index compenent largest error = ********

 ...  137 / 270

 No. steps =      35   No. f-s =     712   No. J-s =       1   No. LU-s =       9
  No. nonlinear iterations =      41
  No. nonlinear convergence failures =       0
  No. error test failures =       0
  Last step size used =    0.78866E+07
  Index compenent largest error = ********

 ...  138 / 270

 No. steps =      40   No. f-s =     715   No. J-s =       1   No. LU-s =       8
  No. nonlinear iterations =      44
  No. nonlinear convergence failures =       0
  No. error test failures =       0
  Last step size used =    0.35770E+07
  Index compenent largest error = ********

 ...  139 / 270

 No. steps =      39   No. f-s =     714   No. J-s =       1   No. LU-s =       8
  No. nonlinear iterations =      43
  No. nonlinear convergence failures =       0
  No. error test failures =       0
  Last step size used =    0.36282E+07
  Index compenent largest error = ********

 ...  140 / 270

 No. steps =      36   No. f-s =     710   No. J-s =       1   No. LU-s =       8
  No. nonlinear iterations =      39
  No. nonlinear convergence failures =       0
  No. error test failures =       0
  Last step size used =    0.52336E+07
  Index compenent largest error = ********

 ...  141 / 270

 No. steps =      38   No. f-s =     712   No. J-s =       1   No. LU-s =       9
  No. nonlinear iterations =      41
  No. nonlinear convergence failures =       0
  No. error test failures =       0
  Last step size used =    0.56496E+07
  Index compenent largest error = ********

 ...  142 / 270

 No. steps =      37   No. f-s =     714   No. J-s =       1   No. LU-s =      10
  No. nonlinear iterations =      43
  No. nonlinear convergence failures =       0
  No. error test failures =       0
  Last step size used =    0.49282E+07
  Index compenent largest error = ********

 ...  143 / 270

 No. steps =      34   No. f-s =     709   No. J-s =       1   No. LU-s =       9
  No. nonlinear iterations =      38
  No. nonlinear convergence failures =       0
  No. error test failures =       0
  Last step size used =    0.10734E+08
  Index compenent largest error = ********

 ...  144 / 270

 No. steps =      37   No. f-s =     711   No. J-s =       1   No. LU-s =       9
  No. nonlinear iterations =      40
  No. nonlinear convergence failures =       0
  No. error test failures =       0
  Last step size used =    0.64049E+07
  Index compenent largest error = ********

 ...  145 / 270

 No. steps =      31   No. f-s =     706   No. J-s =       1   No. LU-s =       8
  No. nonlinear iterations =      35
  No. nonlinear convergence failures =       0
  No. error test failures =       0
  Last step size used =    0.74285E+07
  Index compenent largest error = ********

 ...  146 / 270

 No. steps =      37   No. f-s =     711   No. J-s =       1   No. LU-s =       9
  No. nonlinear iterations =      40
  No. nonlinear convergence failures =       0
  No. error test failures =       0
  Last step size used =    0.65843E+07
  Index compenent largest error = ********

 ...  147 / 270

 No. steps =      32   No. f-s =     707   No. J-s =       1   No. LU-s =       7
  No. nonlinear iterations =      36
  No. nonlinear convergence failures =       0
  No. error test failures =       0
  Last step size used =    0.49626E+07
  Index compenent largest error = ********

 ...  148 / 270

 No. steps =      35   No. f-s =     710   No. J-s =       1   No. LU-s =       8
  No. nonlinear iterations =      39
  No. nonlinear convergence failures =       0
  No. error test failures =       0
  Last step size used =    0.59876E+07
  Index compenent largest error = ********

 ...  149 / 270

 No. steps =      35   No. f-s =     710   No. J-s =       1   No. LU-s =       8
  No. nonlinear iterations =      39
  No. nonlinear convergence failures =       0
  No. error test failures =       0
  Last step size used =    0.72368E+07
  Index compenent largest error = ********

 ...  150 / 270

 No. steps =      35   No. f-s =     709   No. J-s =       1   No. LU-s =       8
  No. nonlinear iterations =      38
  No. nonlinear convergence failures =       0
  No. error test failures =       0
  Last step size used =    0.44454E+07
  Index compenent largest error = ********

 ...  151 / 270

 No. steps =      37   No. f-s =     712   No. J-s =       1   No. LU-s =       8
  No. nonlinear iterations =      41
  No. nonlinear convergence failures =       0
  No. error test failures =       0
  Last step size used =    0.39296E+07
  Index compenent largest error = ********

 ...  152 / 270

 No. steps =      37   No. f-s =     715   No. J-s =       1   No. LU-s =      11
  No. nonlinear iterations =      44
  No. nonlinear convergence failures =       0
  No. error test failures =       0
  Last step size used =    0.69139E+07
  Index compenent largest error = ********

 ...  153 / 270

 No. steps =      38   No. f-s =     713   No. J-s =       1   No. LU-s =       8
  No. nonlinear iterations =      42
  No. nonlinear convergence failures =       0
  No. error test failures =       0
  Last step size used =    0.34598E+07
  Index compenent largest error = ********

 ...  154 / 270

 No. steps =      39   No. f-s =     714   No. J-s =       1   No. LU-s =       8
  No. nonlinear iterations =      43
  No. nonlinear convergence failures =       0
  No. error test failures =       0
  Last step size used =    0.37659E+07
  Index compenent largest error = ********

 ...  155 / 270

 No. steps =      38   No. f-s =     713   No. J-s =       1   No. LU-s =       8
  No. nonlinear iterations =      42
  No. nonlinear convergence failures =       0
  No. error test failures =       0
  Last step size used =    0.35058E+07
  Index compenent largest error = ********

 ...  156 / 270

 No. steps =      38   No. f-s =     713   No. J-s =       1   No. LU-s =      10
  No. nonlinear iterations =      42
  No. nonlinear convergence failures =       0
  No. error test failures =       0
  Last step size used =    0.98200E+07
  Index compenent largest error = ********

 ...  157 / 270

 No. steps =      37   No. f-s =     712   No. J-s =       1   No. LU-s =       8
  No. nonlinear iterations =      41
  No. nonlinear convergence failures =       0
  No. error test failures =       0
  Last step size used =    0.40417E+07
  Index compenent largest error = ********

 ...  158 / 270

 No. steps =      36   No. f-s =     710   No. J-s =       1   No. LU-s =       8
  No. nonlinear iterations =      39
  No. nonlinear convergence failures =       0
  No. error test failures =       0
  Last step size used =    0.61093E+07
  Index compenent largest error = ********

 ...  159 / 270

 No. steps =      34   No. f-s =     710   No. J-s =       1   No. LU-s =       8
  No. nonlinear iterations =      39
  No. nonlinear convergence failures =       0
  No. error test failures =       0
  Last step size used =    0.63352E+07
  Index compenent largest error = ********

 ...  160 / 270

 No. steps =      31   No. f-s =     706   No. J-s =       1   No. LU-s =       8
  No. nonlinear iterations =      35
  No. nonlinear convergence failures =       0
  No. error test failures =       0
  Last step size used =    0.48926E+07
  Index compenent largest error = ********

 ...  161 / 270

 No. steps =      34   No. f-s =     709   No. J-s =       1   No. LU-s =       8
  No. nonlinear iterations =      38
  No. nonlinear convergence failures =       0
  No. error test failures =       0
  Last step size used =    0.63237E+07
  Index compenent largest error = ********

 ...  162 / 270

 No. steps =      36   No. f-s =     710   No. J-s =       1   No. LU-s =       9
  No. nonlinear iterations =      39
  No. nonlinear convergence failures =       0
  No. error test failures =       0
  Last step size used =    0.56737E+07
  Index compenent largest error = ********

 ...  163 / 270

 No. steps =      36   No. f-s =     710   No. J-s =       1   No. LU-s =       9
  No. nonlinear iterations =      39
  No. nonlinear convergence failures =       0
  No. error test failures =       0
  Last step size used =    0.69274E+07
  Index compenent largest error = ********

 ...  164 / 270

 No. steps =      34   No. f-s =     709   No. J-s =       1   No. LU-s =       8
  No. nonlinear iterations =      38
  No. nonlinear convergence failures =       0
  No. error test failures =       0
  Last step size used =    0.67587E+07
  Index compenent largest error = ********

 ...  165 / 270

 No. steps =      32   No. f-s =     707   No. J-s =       1   No. LU-s =       9
  No. nonlinear iterations =      36
  No. nonlinear convergence failures =       0
  No. error test failures =       0
  Last step size used =    0.63089E+07
  Index compenent largest error = ********

 ...  166 / 270

 No. steps =      35   No. f-s =     711   No. J-s =       1   No. LU-s =       8
  No. nonlinear iterations =      40
  No. nonlinear convergence failures =       0
  No. error test failures =       0
  Last step size used =    0.56905E+07
  Index compenent largest error = ********

 ...  167 / 270

 No. steps =      34   No. f-s =     709   No. J-s =       1   No. LU-s =       8
  No. nonlinear iterations =      38
  No. nonlinear convergence failures =       0
  No. error test failures =       0
  Last step size used =    0.67324E+07
  Index compenent largest error = ********

 ...  168 / 270

 No. steps =      32   No. f-s =     707   No. J-s =       1   No. LU-s =       9
  No. nonlinear iterations =      36
  No. nonlinear convergence failures =       0
  No. error test failures =       0
  Last step size used =    0.65315E+07
  Index compenent largest error = ********

 ...  169 / 270

 No. steps =      33   No. f-s =     708   No. J-s =       1   No. LU-s =       7
  No. nonlinear iterations =      37
  No. nonlinear convergence failures =       0
  No. error test failures =       0
  Last step size used =    0.50623E+07
  Index compenent largest error = ********

 ...  170 / 270

 No. steps =      34   No. f-s =     710   No. J-s =       1   No. LU-s =       8
  No. nonlinear iterations =      39
  No. nonlinear convergence failures =       0
  No. error test failures =       0
  Last step size used =    0.66996E+07
  Index compenent largest error = ********

 ...  171 / 270

 No. steps =      34   No. f-s =     710   No. J-s =       1   No. LU-s =       8
  No. nonlinear iterations =      39
  No. nonlinear convergence failures =       0
  No. error test failures =       0
  Last step size used =    0.66752E+07
  Index compenent largest error = ********

 ...  172 / 270

 No. steps =      34   No. f-s =     709   No. J-s =       1   No. LU-s =       8
  No. nonlinear iterations =      38
  No. nonlinear convergence failures =       0
  No. error test failures =       0
  Last step size used =    0.47933E+07
  Index compenent largest error = ********

 ...  173 / 270

 No. steps =      35   No. f-s =     711   No. J-s =       1   No. LU-s =       9
  No. nonlinear iterations =      40
  No. nonlinear convergence failures =       0
  No. error test failures =       0
  Last step size used =    0.74284E+07
  Index compenent largest error = ********

 ...  174 / 270

 No. steps =      35   No. f-s =     711   No. J-s =       1   No. LU-s =       9
  No. nonlinear iterations =      40
  No. nonlinear convergence failures =       0
  No. error test failures =       0
  Last step size used =    0.70319E+07
  Index compenent largest error = ********

 ...  175 / 270

 No. steps =      34   No. f-s =     709   No. J-s =       1   No. LU-s =       8
  No. nonlinear iterations =      38
  No. nonlinear convergence failures =       0
  No. error test failures =       0
  Last step size used =    0.47951E+07
  Index compenent largest error = ********

 ...  176 / 270

 No. steps =      33   No. f-s =     709   No. J-s =       1   No. LU-s =       8
  No. nonlinear iterations =      38
  No. nonlinear convergence failures =       0
  No. error test failures =       0
  Last step size used =    0.67954E+07
  Index compenent largest error = ********

 ...  177 / 270

 No. steps =      36   No. f-s =     710   No. J-s =       1   No. LU-s =       8
  No. nonlinear iterations =      39
  No. nonlinear convergence failures =       0
  No. error test failures =       0
  Last step size used =    0.46005E+07
  Index compenent largest error = ********

 ...  178 / 270

 No. steps =      34   No. f-s =     709   No. J-s =       1   No. LU-s =       8
  No. nonlinear iterations =      38
  No. nonlinear convergence failures =       0
  No. error test failures =       0
  Last step size used =    0.65874E+07
  Index compenent largest error = ********

 ...  179 / 270

 No. steps =      32   No. f-s =     707   No. J-s =       1   No. LU-s =       8
  No. nonlinear iterations =      36
  No. nonlinear convergence failures =       0
  No. error test failures =       0
  Last step size used =    0.64421E+07
  Index compenent largest error = ********

 ...  180 / 270

 No. steps =      34   No. f-s =     709   No. J-s =       1   No. LU-s =       8
  No. nonlinear iterations =      38
  No. nonlinear convergence failures =       0
  No. error test failures =       0
  Last step size used =    0.67672E+07
  Index compenent largest error = ********

 ...  181 / 270

 No. steps =      33   No. f-s =     708   No. J-s =       1   No. LU-s =       7
  No. nonlinear iterations =      37
  No. nonlinear convergence failures =       0
  No. error test failures =       0
  Last step size used =    0.51406E+07
  Index compenent largest error = ********

 ...  182 / 270

 No. steps =      33   No. f-s =     708   No. J-s =       1   No. LU-s =       8
  No. nonlinear iterations =      37
  No. nonlinear convergence failures =       0
  No. error test failures =       0
  Last step size used =    0.68872E+07
  Index compenent largest error = ********

 ...  183 / 270

 No. steps =      33   No. f-s =     708   No. J-s =       1   No. LU-s =       8
  No. nonlinear iterations =      37
  No. nonlinear convergence failures =       0
  No. error test failures =       0
  Last step size used =    0.69888E+07
  Index compenent largest error = ********

 ...  184 / 270

 No. steps =      34   No. f-s =     709   No. J-s =       1   No. LU-s =       8
  No. nonlinear iterations =      38
  No. nonlinear convergence failures =       0
  No. error test failures =       0
  Last step size used =    0.67149E+07
  Index compenent largest error = ********

 ...  185 / 270

 No. steps =      34   No. f-s =     708   No. J-s =       1   No. LU-s =       7
  No. nonlinear iterations =      37
  No. nonlinear convergence failures =       0
  No. error test failures =       0
  Last step size used =    0.49521E+07
  Index compenent largest error = ********

 ...  186 / 270

 No. steps =      33   No. f-s =     708   No. J-s =       1   No. LU-s =       8
  No. nonlinear iterations =      37
  No. nonlinear convergence failures =       0
  No. error test failures =       0
  Last step size used =    0.71420E+07
  Index compenent largest error = ********

 ...  187 / 270

 No. steps =      33   No. f-s =     707   No. J-s =       1   No. LU-s =       7
  No. nonlinear iterations =      36
  No. nonlinear convergence failures =       0
  No. error test failures =       0
  Last step size used =    0.53306E+07
  Index compenent largest error = ********

 ...  188 / 270

 No. steps =      33   No. f-s =     707   No. J-s =       1   No. LU-s =       7
  No. nonlinear iterations =      36
  No. nonlinear convergence failures =       0
  No. error test failures =       0
  Last step size used =    0.54940E+07
  Index compenent largest error = ********

 ...  189 / 270

 No. steps =      32   No. f-s =     707   No. J-s =       1   No. LU-s =       7
  No. nonlinear iterations =      36
  No. nonlinear convergence failures =       0
  No. error test failures =       0
  Last step size used =    0.62542E+07
  Index compenent largest error = ********

 ...  190 / 270

 No. steps =      31   No. f-s =     705   No. J-s =       1   No. LU-s =       8
  No. nonlinear iterations =      34
  No. nonlinear convergence failures =       0
  No. error test failures =       0
  Last step size used =    0.52104E+07
  Index compenent largest error = ********

 ...  191 / 270

 No. steps =      33   No. f-s =     707   No. J-s =       1   No. LU-s =       7
  No. nonlinear iterations =      36
  No. nonlinear convergence failures =       0
  No. error test failures =       0
  Last step size used =    0.57792E+07
  Index compenent largest error = ********

 ...  192 / 270

 No. steps =      32   No. f-s =     707   No. J-s =       1   No. LU-s =       7
  No. nonlinear iterations =      36
  No. nonlinear convergence failures =       0
  No. error test failures =       0
  Last step size used =    0.63799E+07
  Index compenent largest error = ********

 ...  193 / 270

 No. steps =      32   No. f-s =     707   No. J-s =       1   No. LU-s =       7
  No. nonlinear iterations =      36
  No. nonlinear convergence failures =       0
  No. error test failures =       0
  Last step size used =    0.67081E+07
  Index compenent largest error = ********

 ...  194 / 270

 No. steps =      31   No. f-s =     707   No. J-s =       1   No. LU-s =       7
  No. nonlinear iterations =      36
  No. nonlinear convergence failures =       0
  No. error test failures =       0
  Last step size used =    0.57993E+07
  Index compenent largest error = ********

 ...  195 / 270

 No. steps =      31   No. f-s =     707   No. J-s =       1   No. LU-s =       7
  No. nonlinear iterations =      36
  No. nonlinear convergence failures =       0
  No. error test failures =       0
  Last step size used =    0.59271E+07
  Index compenent largest error = ********

 ...  196 / 270

 No. steps =      34   No. f-s =     709   No. J-s =       1   No. LU-s =       7
  No. nonlinear iterations =      38
  No. nonlinear convergence failures =       0
  No. error test failures =       0
  Last step size used =    0.69105E+07
  Index compenent largest error = ********

 ...  197 / 270

 No. steps =      31   No. f-s =     707   No. J-s =       1   No. LU-s =       7
  No. nonlinear iterations =      36
  No. nonlinear convergence failures =       0
  No. error test failures =       0
  Last step size used =    0.57846E+07
  Index compenent largest error = ********

 ...  198 / 270

 No. steps =      31   No. f-s =     708   No. J-s =       1   No. LU-s =       7
  No. nonlinear iterations =      37
  No. nonlinear convergence failures =       0
  No. error test failures =       0
  Last step size used =    0.62569E+07
  Index compenent largest error = ********

 ...  199 / 270

 No. steps =      31   No. f-s =     708   No. J-s =       1   No. LU-s =       7
  No. nonlinear iterations =      37
  No. nonlinear convergence failures =       0
  No. error test failures =       0
  Last step size used =    0.62454E+07
  Index compenent largest error = ********

 ...  200 / 270

 No. steps =      31   No. f-s =     705   No. J-s =       1   No. LU-s =       7
  No. nonlinear iterations =      34
  No. nonlinear convergence failures =       0
  No. error test failures =       0
  Last step size used =    0.51505E+07
  Index compenent largest error = ********

 ...  201 / 270

 No. steps =      31   No. f-s =     708   No. J-s =       1   No. LU-s =       7
  No. nonlinear iterations =      37
  No. nonlinear convergence failures =       0
  No. error test failures =       0
  Last step size used =    0.61347E+07
  Index compenent largest error = ********

 ...  202 / 270

 No. steps =      31   No. f-s =     708   No. J-s =       1   No. LU-s =       7
  No. nonlinear iterations =      37
  No. nonlinear convergence failures =       0
  No. error test failures =       0
  Last step size used =    0.61991E+07
  Index compenent largest error = ********

 ...  203 / 270

 No. steps =      31   No. f-s =     708   No. J-s =       1   No. LU-s =       7
  No. nonlinear iterations =      37
  No. nonlinear convergence failures =       0
  No. error test failures =       0
  Last step size used =    0.62246E+07
  Index compenent largest error = ********

 ...  204 / 270

 No. steps =      31   No. f-s =     708   No. J-s =       1   No. LU-s =       7
  No. nonlinear iterations =      37
  No. nonlinear convergence failures =       0
  No. error test failures =       0
  Last step size used =    0.63609E+07
  Index compenent largest error = ********

 ...  205 / 270

 No. steps =      31   No. f-s =     707   No. J-s =       1   No. LU-s =       7
  No. nonlinear iterations =      36
  No. nonlinear convergence failures =       0
  No. error test failures =       0
  Last step size used =    0.59131E+07
  Index compenent largest error = ********

 ...  206 / 270

 No. steps =      31   No. f-s =     708   No. J-s =       1   No. LU-s =       7
  No. nonlinear iterations =      37
  No. nonlinear convergence failures =       0
  No. error test failures =       0
  Last step size used =    0.63803E+07
  Index compenent largest error = ********

 ...  207 / 270

 No. steps =      31   No. f-s =     707   No. J-s =       1   No. LU-s =       7
  No. nonlinear iterations =      36
  No. nonlinear convergence failures =       0
  No. error test failures =       0
  Last step size used =    0.61607E+07
  Index compenent largest error = ********

 ...  208 / 270

 No. steps =      31   No. f-s =     707   No. J-s =       1   No. LU-s =       7
  No. nonlinear iterations =      36
  No. nonlinear convergence failures =       0
  No. error test failures =       0
  Last step size used =    0.62324E+07
  Index compenent largest error = ********

 ...  209 / 270

 No. steps =      31   No. f-s =     707   No. J-s =       1   No. LU-s =       7
  No. nonlinear iterations =      36
  No. nonlinear convergence failures =       0
  No. error test failures =       0
  Last step size used =    0.58565E+07
  Index compenent largest error = ********

 ...  210 / 270

 No. steps =      30   No. f-s =     706   No. J-s =       1   No. LU-s =       7
  No. nonlinear iterations =      35
  No. nonlinear convergence failures =       0
  No. error test failures =       0
  Last step size used =    0.64724E+07
  Index compenent largest error = ********

 ...  211 / 270

 No. steps =      31   No. f-s =     705   No. J-s =       1   No. LU-s =       7
  No. nonlinear iterations =      34
  No. nonlinear convergence failures =       0
  No. error test failures =       0
  Last step size used =    0.57151E+07
  Index compenent largest error = ********

 ...  212 / 270

 No. steps =      30   No. f-s =     706   No. J-s =       1   No. LU-s =       7
  No. nonlinear iterations =      35
  No. nonlinear convergence failures =       0
  No. error test failures =       0
  Last step size used =    0.66099E+07
  Index compenent largest error = ********

 ...  213 / 270

 No. steps =      30   No. f-s =     706   No. J-s =       1   No. LU-s =       7
  No. nonlinear iterations =      35
  No. nonlinear convergence failures =       0
  No. error test failures =       0
  Last step size used =    0.69402E+07
  Index compenent largest error = ********

 ...  214 / 270

 No. steps =      31   No. f-s =     707   No. J-s =       1   No. LU-s =       7
  No. nonlinear iterations =      36
  No. nonlinear convergence failures =       0
  No. error test failures =       0
  Last step size used =    0.61514E+07
  Index compenent largest error = ********

 ...  215 / 270

 No. steps =      30   No. f-s =     706   No. J-s =       1   No. LU-s =       7
  No. nonlinear iterations =      35
  No. nonlinear convergence failures =       0
  No. error test failures =       0
  Last step size used =    0.67872E+07
  Index compenent largest error = ********

 ...  216 / 270

 No. steps =      31   No. f-s =     707   No. J-s =       1   No. LU-s =       7
  No. nonlinear iterations =      36
  No. nonlinear convergence failures =       0
  No. error test failures =       0
  Last step size used =    0.62165E+07
  Index compenent largest error = ********

 ...  217 / 270

 No. steps =      30   No. f-s =     706   No. J-s =       1   No. LU-s =       7
  No. nonlinear iterations =      35
  No. nonlinear convergence failures =       0
  No. error test failures =       0
  Last step size used =    0.70903E+07
  Index compenent largest error = ********

 ...  218 / 270

 No. steps =      30   No. f-s =     706   No. J-s =       1   No. LU-s =       7
  No. nonlinear iterations =      35
  No. nonlinear convergence failures =       0
  No. error test failures =       0
  Last step size used =    0.64125E+07
  Index compenent largest error = ********

 ...  219 / 270

 No. steps =      31   No. f-s =     707   No. J-s =       1   No. LU-s =       7
  No. nonlinear iterations =      36
  No. nonlinear convergence failures =       0
  No. error test failures =       0
  Last step size used =    0.62323E+07
  Index compenent largest error = ********

 ...  220 / 270

 No. steps =      30   No. f-s =     706   No. J-s =       1   No. LU-s =       7
  No. nonlinear iterations =      35
  No. nonlinear convergence failures =       0
  No. error test failures =       0
  Last step size used =    0.68945E+07
  Index compenent largest error = ********

 ...  221 / 270

 No. steps =      30   No. f-s =     705   No. J-s =       1   No. LU-s =       6
  No. nonlinear iterations =      34
  No. nonlinear convergence failures =       0
  No. error test failures =       0
  Last step size used =    0.43993E+07
  Index compenent largest error = ********

 ...  222 / 270

 No. steps =      29   No. f-s =     705   No. J-s =       1   No. LU-s =       7
  No. nonlinear iterations =      34
  No. nonlinear convergence failures =       0
  No. error test failures =       0
  Last step size used =    0.73124E+07
  Index compenent largest error = ********

 ...  223 / 270

 No. steps =      29   No. f-s =     705   No. J-s =       1   No. LU-s =       7
  No. nonlinear iterations =      34
  No. nonlinear convergence failures =       0
  No. error test failures =       0
  Last step size used =    0.76771E+07
  Index compenent largest error = ********

 ...  224 / 270

 No. steps =      29   No. f-s =     705   No. J-s =       1   No. LU-s =       7
  No. nonlinear iterations =      34
  No. nonlinear convergence failures =       0
  No. error test failures =       0
  Last step size used =    0.74166E+07
  Index compenent largest error = ********

 ...  225 / 270

 No. steps =      29   No. f-s =     705   No. J-s =       1   No. LU-s =       7
  No. nonlinear iterations =      34
  No. nonlinear convergence failures =       0
  No. error test failures =       0
  Last step size used =    0.74273E+07
  Index compenent largest error = ********

 ...  226 / 270

 No. steps =      29   No. f-s =     705   No. J-s =       1   No. LU-s =       7
  No. nonlinear iterations =      34
  No. nonlinear convergence failures =       0
  No. error test failures =       0
  Last step size used =    0.72948E+07
  Index compenent largest error = ********

 ...  227 / 270

 No. steps =      30   No. f-s =     706   No. J-s =       1   No. LU-s =       7
  No. nonlinear iterations =      35
  No. nonlinear convergence failures =       0
  No. error test failures =       0
  Last step size used =    0.72388E+07
  Index compenent largest error = ********

 ...  228 / 270

 No. steps =      29   No. f-s =     705   No. J-s =       1   No. LU-s =       7
  No. nonlinear iterations =      34
  No. nonlinear convergence failures =       0
  No. error test failures =       0
  Last step size used =    0.76900E+07
  Index compenent largest error = ********

 ...  229 / 270

 No. steps =      29   No. f-s =     705   No. J-s =       1   No. LU-s =       7
  No. nonlinear iterations =      34
  No. nonlinear convergence failures =       0
  No. error test failures =       0
  Last step size used =    0.75708E+07
  Index compenent largest error = ********

 ...  230 / 270

 No. steps =      30   No. f-s =     706   No. J-s =       1   No. LU-s =       7
  No. nonlinear iterations =      35
  No. nonlinear convergence failures =       0
  No. error test failures =       0
  Last step size used =    0.71054E+07
  Index compenent largest error = ********

 ...  231 / 270

 No. steps =      29   No. f-s =     705   No. J-s =       1   No. LU-s =       7
  No. nonlinear iterations =      34
  No. nonlinear convergence failures =       0
  No. error test failures =       0
  Last step size used =    0.81420E+07
  Index compenent largest error = ********

 ...  232 / 270

 No. steps =      29   No. f-s =     704   No. J-s =       1   No. LU-s =       6
  No. nonlinear iterations =      33
  No. nonlinear convergence failures =       0
  No. error test failures =       0
  Last step size used =    0.48394E+07
  Index compenent largest error = ********

 ...  233 / 270

 No. steps =      29   No. f-s =     703   No. J-s =       1   No. LU-s =       7
  No. nonlinear iterations =      32
  No. nonlinear convergence failures =       0
  No. error test failures =       0
  Last step size used =    0.77416E+07
  Index compenent largest error = ********

 ...  234 / 270

 No. steps =      29   No. f-s =     705   No. J-s =       1   No. LU-s =       7
  No. nonlinear iterations =      34
  No. nonlinear convergence failures =       0
  No. error test failures =       0
  Last step size used =    0.80786E+07
  Index compenent largest error = ********

 ...  235 / 270

 No. steps =      29   No. f-s =     703   No. J-s =       1   No. LU-s =       7
  No. nonlinear iterations =      32
  No. nonlinear convergence failures =       0
  No. error test failures =       0
  Last step size used =    0.73333E+07
  Index compenent largest error = ********

 ...  236 / 270

 No. steps =      29   No. f-s =     705   No. J-s =       1   No. LU-s =       7
  No. nonlinear iterations =      34
  No. nonlinear convergence failures =       0
  No. error test failures =       0
  Last step size used =    0.78149E+07
  Index compenent largest error = ********

 ...  237 / 270

 No. steps =      29   No. f-s =     705   No. J-s =       1   No. LU-s =       7
  No. nonlinear iterations =      34
  No. nonlinear convergence failures =       0
  No. error test failures =       0
  Last step size used =    0.79259E+07
  Index compenent largest error = ********

 ...  238 / 270

 No. steps =      30   No. f-s =     704   No. J-s =       1   No. LU-s =       7
  No. nonlinear iterations =      33
  No. nonlinear convergence failures =       0
  No. error test failures =       0
  Last step size used =    0.64811E+07
  Index compenent largest error = ********

 ...  239 / 270

 No. steps =      29   No. f-s =     703   No. J-s =       1   No. LU-s =       7
  No. nonlinear iterations =      32
  No. nonlinear convergence failures =       0
  No. error test failures =       0
  Last step size used =    0.73926E+07
  Index compenent largest error = ********

 ...  240 / 270

 No. steps =      29   No. f-s =     705   No. J-s =       1   No. LU-s =       7
  No. nonlinear iterations =      34
  No. nonlinear convergence failures =       0
  No. error test failures =       0
  Last step size used =    0.73304E+07
  Index compenent largest error = ********

 ...  241 / 270

 No. steps =      30   No. f-s =     704   No. J-s =       1   No. LU-s =       7
  No. nonlinear iterations =      33
  No. nonlinear convergence failures =       0
  No. error test failures =       0
  Last step size used =    0.66676E+07
  Index compenent largest error = ********

 ...  242 / 270

 No. steps =      29   No. f-s =     703   No. J-s =       1   No. LU-s =       7
  No. nonlinear iterations =      32
  No. nonlinear convergence failures =       0
  No. error test failures =       0
  Last step size used =    0.73100E+07
  Index compenent largest error = ********

 ...  243 / 270

 No. steps =      29   No. f-s =     703   No. J-s =       1   No. LU-s =       7
  No. nonlinear iterations =      32
  No. nonlinear convergence failures =       0
  No. error test failures =       0
  Last step size used =    0.61100E+07
  Index compenent largest error = ********

 ...  244 / 270

 No. steps =      29   No. f-s =     703   No. J-s =       1   No. LU-s =       7
  No. nonlinear iterations =      32
  No. nonlinear convergence failures =       0
  No. error test failures =       0
  Last step size used =    0.85025E+07
  Index compenent largest error = ********

 ...  245 / 270

 No. steps =      30   No. f-s =     704   No. J-s =       1   No. LU-s =       7
  No. nonlinear iterations =      33
  No. nonlinear convergence failures =       0
  No. error test failures =       0
  Last step size used =    0.68540E+07
  Index compenent largest error = ********

 ...  246 / 270

 No. steps =      30   No. f-s =     704   No. J-s =       1   No. LU-s =       7
  No. nonlinear iterations =      33
  No. nonlinear convergence failures =       0
  No. error test failures =       0
  Last step size used =    0.66402E+07
  Index compenent largest error = ********

 ...  247 / 270

 No. steps =      29   No. f-s =     703   No. J-s =       1   No. LU-s =       7
  No. nonlinear iterations =      32
  No. nonlinear convergence failures =       0
  No. error test failures =       0
  Last step size used =    0.68990E+07
  Index compenent largest error = ********

 ...  248 / 270

 No. steps =      30   No. f-s =     704   No. J-s =       1   No. LU-s =       7
  No. nonlinear iterations =      33
  No. nonlinear convergence failures =       0
  No. error test failures =       0
  Last step size used =    0.65657E+07
  Index compenent largest error = ********

 ...  249 / 270

 No. steps =      30   No. f-s =     704   No. J-s =       1   No. LU-s =       7
  No. nonlinear iterations =      33
  No. nonlinear convergence failures =       0
  No. error test failures =       0
  Last step size used =    0.66042E+07
  Index compenent largest error = ********

 ...  250 / 270

 No. steps =      29   No. f-s =     703   No. J-s =       1   No. LU-s =       7
  No. nonlinear iterations =      32
  No. nonlinear convergence failures =       0
  No. error test failures =       0
  Last step size used =    0.74087E+07
  Index compenent largest error = ********

 ...  251 / 270

 No. steps =      28   No. f-s =     706   No. J-s =       1   No. LU-s =       9
  No. nonlinear iterations =      35
  No. nonlinear convergence failures =       0
  No. error test failures =       0
  Last step size used =    0.69255E+07
  Index compenent largest error = ********

 ...  252 / 270

 No. steps =      29   No. f-s =     703   No. J-s =       1   No. LU-s =       8
  No. nonlinear iterations =      32
  No. nonlinear convergence failures =       0
  No. error test failures =       0
  Last step size used =    0.75537E+07
  Index compenent largest error = ********

 ...  253 / 270

 No. steps =      29   No. f-s =     703   No. J-s =       1   No. LU-s =       7
  No. nonlinear iterations =      32
  No. nonlinear convergence failures =       0
  No. error test failures =       0
  Last step size used =    0.82056E+07
  Index compenent largest error = ********

 ...  254 / 270

 No. steps =      28   No. f-s =     706   No. J-s =       1   No. LU-s =       9
  No. nonlinear iterations =      35
  No. nonlinear convergence failures =       0
  No. error test failures =       0
  Last step size used =    0.71872E+07
  Index compenent largest error = ********

 ...  255 / 270

 No. steps =      28   No. f-s =     702   No. J-s =       1   No. LU-s =       7
  No. nonlinear iterations =      31
  No. nonlinear convergence failures =       0
  No. error test failures =       0
  Last step size used =    0.68206E+07
  Index compenent largest error = ********

 ...  256 / 270

 No. steps =      29   No. f-s =     703   No. J-s =       1   No. LU-s =       8
  No. nonlinear iterations =      32
  No. nonlinear convergence failures =       0
  No. error test failures =       0
  Last step size used =    0.78344E+07
  Index compenent largest error = ********

 ...  257 / 270

 No. steps =      27   No. f-s =     705   No. J-s =       1   No. LU-s =       9
  No. nonlinear iterations =      34
  No. nonlinear convergence failures =       0
  No. error test failures =       0
  Last step size used =    0.74413E+07
  Index compenent largest error = ********

 ...  258 / 270

 No. steps =      28   No. f-s =     704   No. J-s =       1   No. LU-s =       8
  No. nonlinear iterations =      33
  No. nonlinear convergence failures =       0
  No. error test failures =       0
  Last step size used =    0.61837E+07
  Index compenent largest error = ********

 ...  259 / 270

 No. steps =      28   No. f-s =     705   No. J-s =       1   No. LU-s =       8
  No. nonlinear iterations =      34
  No. nonlinear convergence failures =       0
  No. error test failures =       0
  Last step size used =    0.50709E+07
  Index compenent largest error = ********

 ...  260 / 270

 No. steps =      28   No. f-s =     705   No. J-s =       1   No. LU-s =       8
  No. nonlinear iterations =      34
  No. nonlinear convergence failures =       0
  No. error test failures =       0
  Last step size used =    0.50173E+07
  Index compenent largest error = ********

 ...  261 / 270

 No. steps =      28   No. f-s =     702   No. J-s =       1   No. LU-s =       7
  No. nonlinear iterations =      31
  No. nonlinear convergence failures =       0
  No. error test failures =       0
  Last step size used =    0.63907E+07
  Index compenent largest error = ********

 ...  262 / 270

 No. steps =      28   No. f-s =     705   No. J-s =       1   No. LU-s =       8
  No. nonlinear iterations =      34
  No. nonlinear convergence failures =       0
  No. error test failures =       0
  Last step size used =    0.49696E+07
  Index compenent largest error = ********

 ...  263 / 270

 No. steps =      28   No. f-s =     702   No. J-s =       1   No. LU-s =       7
  No. nonlinear iterations =      31
  No. nonlinear convergence failures =       0
  No. error test failures =       0
  Last step size used =    0.68587E+07
  Index compenent largest error = ********

 ...  264 / 270

 No. steps =      28   No. f-s =     705   No. J-s =       1   No. LU-s =       8
  No. nonlinear iterations =      34
  No. nonlinear convergence failures =       0
  No. error test failures =       0
  Last step size used =    0.52841E+07
  Index compenent largest error = ********

 ...  265 / 270

 No. steps =      28   No. f-s =     702   No. J-s =       1   No. LU-s =       7
  No. nonlinear iterations =      31
  No. nonlinear convergence failures =       0
  No. error test failures =       0
  Last step size used =    0.67057E+07
  Index compenent largest error = ********

 ...  266 / 270

 No. steps =      28   No. f-s =     702   No. J-s =       1   No. LU-s =       7
  No. nonlinear iterations =      31
  No. nonlinear convergence failures =       0
  No. error test failures =       0
  Last step size used =    0.67303E+07
  Index compenent largest error = ********

 ...  267 / 270

 No. steps =      28   No. f-s =     702   No. J-s =       1   No. LU-s =       7
  No. nonlinear iterations =      31
  No. nonlinear convergence failures =       0
  No. error test failures =       0
  Last step size used =    0.69473E+07
  Index compenent largest error = ********

 ...  268 / 270

 No. steps =      28   No. f-s =     704   No. J-s =       1   No. LU-s =       8
  No. nonlinear iterations =      33
  No. nonlinear convergence failures =       0
  No. error test failures =       0
  Last step size used =    0.69989E+07
  Index compenent largest error = ********

 ...  269 / 270

 No. steps =      27   No. f-s =     704   No. J-s =       1   No. LU-s =       8
  No. nonlinear iterations =      33
  No. nonlinear convergence failures =       0
  No. error test failures =       0
  Last step size used =    0.56127E+07
  Index compenent largest error = ********

 ...  270 / 270

 No. steps =      28   No. f-s =     705   No. J-s =       1   No. LU-s =       8
  No. nonlinear iterations =      34
  No. nonlinear convergence failures =       0
  No. error test failures =       0
  Last step size used =    0.55444E+07
  Index compenent largest error = ********


    ... DONE!
 +++++++++++++++++++++++++++++++++++++++++++++++++++


+------------------ Job Report: 10176579 (COMPLETED) ------------------+
| Memory (RAM)  [                    ]  0.1% (1 MB peak / 1 GB)        |
| CPU           [##########          ] 53.1% average                   |
| Time          [>                   ]  1.4% (0-00:00:49 / 0-01:00:00) |
|                                                                      |
| Lustre Filesystem:                                                   |
|   Path    Total Read    Total Write    Total IOPS                    |
|   ------  ------------  -------------  ------------                  |
|   /apps   0 B           0 B            18                            |
|   /fred   24 KB         66 MB          3.5 K                         |
+----------------------------------------------------------------------+
