Starting job 10175762, array task 374 on dave34
Chemistry type: Orich
Analysis mode: false
Found 462 valid particle IDs in /fred/oz304/beckers/Chemistry/traces/wind_v10/trace_output_with_av
Returning 460 particle IDs (after start_index=2 offset)
SLURM task 374: processing particle 3397387
Running Orich evolving_model on 1 phantom particle trace(s) from wind_v10

 +++++++++++++++++++++++++++++++++++++++++++++++++++
 +++++        ENVELOPE CHEMICAL MODEL         ++++++
 +++++++++++++++++++++++++++++++++++++++++++++++++++

 Version 1.0 authored by Catherine Walsh and Maria 
    Drozdovskaya, Leiden Observatory (01/08/2013)

 Version 1.1 amended by Catherine Walsh (18/05/2014)

 Version 1.2 amended by Catherine Walsh (13/08/2015)

 +++++++++++++++++++++++++++++++++++++++++++++++++++

          Input file =  Orich/param/trace_file_param/file_parameters_3397387.txt              

 Physical conditions  = Orich/input/3397387.txt                                               
 Chemical network     = ./rate12_complex.rates                                                
 Species file         = ./rate12_complex_atomic_Orich.specs                                   
 Binding energies     = ./rate12_binding.dat                                                  
 Reaction parameters  = param/reaction_parameters.txt                                         
 Grain parameters     = param/grain_parameters.txt                                            
 Radiation parameters = param/radiation_parameters.txt                                        

 Output file          = Orich/output/model_output_3397387.dat                                 
 Rates file           = Orich/output/model_rates_3397387.dat                                  

 Opening and reading physical conditions file ...

 +++++++++++++++++++++++++++++++++++++++++++++++++++
 Beginning to run model ...
 +++++++++++++++++++++++++++++++++++++++++++++++++++

 Preparing output files ...

 Progress = ...
 ...    1 / 286

 No. steps =    1203   No. f-s =   18565   No. J-s =      25   No. LU-s =     197
  No. nonlinear iterations =    1864
  No. nonlinear convergence failures =       0
  No. error test failures =      71
  Last step size used =    0.67259E+09
  Index compenent largest error = ********

 ...    2 / 286

 No. steps =     617   No. f-s =   10307   No. J-s =      14   No. LU-s =     114
  No. nonlinear iterations =     952
  No. nonlinear convergence failures =       0
  No. error test failures =      42
  Last step size used =    0.37916E+06
  Index compenent largest error = ********

 ...    3 / 286

 No. steps =     179   No. f-s =    2913   No. J-s =       4   No. LU-s =      31
  No. nonlinear iterations =     238
  No. nonlinear convergence failures =       0
  No. error test failures =       6
  Last step size used =    0.13093E+07
  Index compenent largest error = ********

 ...    4 / 286

 No. steps =     144   No. f-s =    2197   No. J-s =       3   No. LU-s =      32
  No. nonlinear iterations =     190
  No. nonlinear convergence failures =       0
  No. error test failures =       8
  Last step size used =    0.20490E+07
  Index compenent largest error = ********

 ...    5 / 286

 No. steps =     127   No. f-s =    2160   No. J-s =       3   No. LU-s =      22
  No. nonlinear iterations =     153
  No. nonlinear convergence failures =       0
  No. error test failures =       2
  Last step size used =    0.14587E+07
  Index compenent largest error = ********

 ...    6 / 286

 No. steps =     105   No. f-s =    1461   No. J-s =       2   No. LU-s =      21
  No. nonlinear iterations =     122
  No. nonlinear convergence failures =       0
  No. error test failures =       2
  Last step size used =    0.18180E+07
  Index compenent largest error = ********

 ...    7 / 286

 No. steps =      95   No. f-s =    1456   No. J-s =       2   No. LU-s =      18
  No. nonlinear iterations =     117
  No. nonlinear convergence failures =       0
  No. error test failures =       2
  Last step size used =    0.25235E+07
  Index compenent largest error = ********

 ...    8 / 286

 No. steps =      74   No. f-s =    1424   No. J-s =       2   No. LU-s =      14
  No. nonlinear iterations =      85
  No. nonlinear convergence failures =       0
  No. error test failures =       0
  Last step size used =    0.22906E+07
  Index compenent largest error = ********

 ...    9 / 286

 No. steps =      67   No. f-s =    1417   No. J-s =       2   No. LU-s =      13
  No. nonlinear iterations =      78
  No. nonlinear convergence failures =       0
  No. error test failures =       0
  Last step size used =    0.26560E+07
  Index compenent largest error = ********

 ...   10 / 286

 No. steps =      60   No. f-s =    1408   No. J-s =       2   No. LU-s =      11
  No. nonlinear iterations =      69
  No. nonlinear convergence failures =       0
  No. error test failures =       0
  Last step size used =    0.33766E+07
  Index compenent largest error = ********

 ...   11 / 286

 No. steps =      61   No. f-s =     742   No. J-s =       1   No. LU-s =       9
  No. nonlinear iterations =      71
  No. nonlinear convergence failures =       0
  No. error test failures =       0
  Last step size used =    0.19601E+07
  Index compenent largest error = ********

 ...   12 / 286

 No. steps =      56   No. f-s =    1407   No. J-s =       2   No. LU-s =      13
  No. nonlinear iterations =      68
  No. nonlinear convergence failures =       0
  No. error test failures =       0
  Last step size used =    0.34069E+07
  Index compenent largest error = ********

 ...   13 / 286

 No. steps =      59   No. f-s =     739   No. J-s =       1   No. LU-s =      12
  No. nonlinear iterations =      68
  No. nonlinear convergence failures =       0
  No. error test failures =       0
  Last step size used =    0.22171E+07
  Index compenent largest error = ********

 ...   14 / 286

 No. steps =      56   No. f-s =    1405   No. J-s =       2   No. LU-s =      13
  No. nonlinear iterations =      66
  No. nonlinear convergence failures =       0
  No. error test failures =       0
  Last step size used =    0.38868E+07
  Index compenent largest error = ********

 ...   15 / 286

 No. steps =      57   No. f-s =    1403   No. J-s =       2   No. LU-s =      12
  No. nonlinear iterations =      64
  No. nonlinear convergence failures =       0
  No. error test failures =       0
  Last step size used =    0.33111E+07
  Index compenent largest error = ********

 ...   16 / 286

 No. steps =      56   No. f-s =    1403   No. J-s =       2   No. LU-s =      11
  No. nonlinear iterations =      64
  No. nonlinear convergence failures =       0
  No. error test failures =       0
  Last step size used =    0.37795E+07
  Index compenent largest error = ********

 ...   17 / 286

 No. steps =      57   No. f-s =    1402   No. J-s =       2   No. LU-s =      10
  No. nonlinear iterations =      63
  No. nonlinear convergence failures =       0
  No. error test failures =       0
  Last step size used =    0.30964E+07
  Index compenent largest error = ********

 ...   18 / 286

 No. steps =      54   No. f-s =     734   No. J-s =       1   No. LU-s =      11
  No. nonlinear iterations =      63
  No. nonlinear convergence failures =       0
  No. error test failures =       0
  Last step size used =    0.35179E+07
  Index compenent largest error = ********

 ...   19 / 286

 No. steps =      52   No. f-s =     733   No. J-s =       1   No. LU-s =      11
  No. nonlinear iterations =      62
  No. nonlinear convergence failures =       0
  No. error test failures =       0
  Last step size used =    0.40737E+07
  Index compenent largest error = ********

 ...   20 / 286

 No. steps =      53   No. f-s =    1399   No. J-s =       2   No. LU-s =      11
  No. nonlinear iterations =      60
  No. nonlinear convergence failures =       0
  No. error test failures =       0
  Last step size used =    0.40500E+07
  Index compenent largest error = ********

 ...   21 / 286

 No. steps =      53   No. f-s =     734   No. J-s =       1   No. LU-s =      10
  No. nonlinear iterations =      63
  No. nonlinear convergence failures =       0
  No. error test failures =       0
  Last step size used =    0.38304E+07
  Index compenent largest error = ********

 ...   22 / 286

 No. steps =      53   No. f-s =     733   No. J-s =       1   No. LU-s =      10
  No. nonlinear iterations =      62
  No. nonlinear convergence failures =       0
  No. error test failures =       0
  Last step size used =    0.36760E+07
  Index compenent largest error = ********

 ...   23 / 286

 No. steps =      57   No. f-s =    1404   No. J-s =       2   No. LU-s =      10
  No. nonlinear iterations =      65
  No. nonlinear convergence failures =       0
  No. error test failures =       0
  Last step size used =    0.39052E+07
  Index compenent largest error = ********

 ...   24 / 286

 No. steps =      58   No. f-s =    1406   No. J-s =       2   No. LU-s =      11
  No. nonlinear iterations =      67
  No. nonlinear convergence failures =       0
  No. error test failures =       0
  Last step size used =    0.36798E+07
  Index compenent largest error = ********

 ...   25 / 286

 No. steps =      56   No. f-s =     736   No. J-s =       1   No. LU-s =       9
  No. nonlinear iterations =      65
  No. nonlinear convergence failures =       0
  No. error test failures =       0
  Last step size used =    0.30777E+07
  Index compenent largest error = ********

 ...   26 / 286

 No. steps =      55   No. f-s =     735   No. J-s =       1   No. LU-s =       9
  No. nonlinear iterations =      64
  No. nonlinear convergence failures =       0
  No. error test failures =       0
  Last step size used =    0.31604E+07
  Index compenent largest error = ********

 ...   27 / 286

 No. steps =      54   No. f-s =    1402   No. J-s =       2   No. LU-s =      10
  No. nonlinear iterations =      63
  No. nonlinear convergence failures =       0
  No. error test failures =       0
  Last step size used =    0.51604E+07
  Index compenent largest error = ********

 ...   28 / 286

 No. steps =      54   No. f-s =    1402   No. J-s =       2   No. LU-s =      10
  No. nonlinear iterations =      63
  No. nonlinear convergence failures =       0
  No. error test failures =       0
  Last step size used =    0.53108E+07
  Index compenent largest error = ********

 ...   29 / 286

 No. steps =      54   No. f-s =    1402   No. J-s =       2   No. LU-s =      11
  No. nonlinear iterations =      63
  No. nonlinear convergence failures =       0
  No. error test failures =       0
  Last step size used =    0.40788E+07
  Index compenent largest error = ********

 ...   30 / 286

 No. steps =      53   No. f-s =    1401   No. J-s =       2   No. LU-s =      11
  No. nonlinear iterations =      62
  No. nonlinear convergence failures =       0
  No. error test failures =       0
  Last step size used =    0.42798E+07
  Index compenent largest error = ********

 ...   31 / 286

 No. steps =      53   No. f-s =    1401   No. J-s =       2   No. LU-s =      11
  No. nonlinear iterations =      62
  No. nonlinear convergence failures =       0
  No. error test failures =       0
  Last step size used =    0.44644E+07
  Index compenent largest error = ********

 ...   32 / 286

 No. steps =      53   No. f-s =     733   No. J-s =       1   No. LU-s =       9
  No. nonlinear iterations =      62
  No. nonlinear convergence failures =       0
  No. error test failures =       0
  Last step size used =    0.32237E+07
  Index compenent largest error = ********

 ...   33 / 286

 No. steps =      52   No. f-s =    1400   No. J-s =       2   No. LU-s =      11
  No. nonlinear iterations =      61
  No. nonlinear convergence failures =       0
  No. error test failures =       0
  Last step size used =    0.48195E+07
  Index compenent largest error = ********

 ...   34 / 286

 No. steps =      52   No. f-s =     732   No. J-s =       1   No. LU-s =       9
  No. nonlinear iterations =      61
  No. nonlinear convergence failures =       0
  No. error test failures =       0
  Last step size used =    0.33866E+07
  Index compenent largest error = ********

 ...   35 / 286

 No. steps =      51   No. f-s =     731   No. J-s =       1   No. LU-s =       9
  No. nonlinear iterations =      60
  No. nonlinear convergence failures =       0
  No. error test failures =       0
  Last step size used =    0.34942E+07
  Index compenent largest error = ********

 ...   36 / 286

 No. steps =      51   No. f-s =     731   No. J-s =       1   No. LU-s =       9
  No. nonlinear iterations =      60
  No. nonlinear convergence failures =       0
  No. error test failures =       0
  Last step size used =    0.36951E+07
  Index compenent largest error = ********

 ...   37 / 286

 No. steps =      50   No. f-s =     728   No. J-s =       1   No. LU-s =       9
  No. nonlinear iterations =      57
  No. nonlinear convergence failures =       0
  No. error test failures =       0
  Last step size used =    0.41302E+07
  Index compenent largest error = ********

 ...   38 / 286

 No. steps =      50   No. f-s =     730   No. J-s =       1   No. LU-s =       9
  No. nonlinear iterations =      59
  No. nonlinear convergence failures =       0
  No. error test failures =       0
  Last step size used =    0.38941E+07
  Index compenent largest error = ********

 ...   39 / 286

 No. steps =      49   No. f-s =     726   No. J-s =       1   No. LU-s =       9
  No. nonlinear iterations =      55
  No. nonlinear convergence failures =       0
  No. error test failures =       0
  Last step size used =    0.41762E+07
  Index compenent largest error = ********

 ...   40 / 286

 No. steps =      49   No. f-s =     726   No. J-s =       1   No. LU-s =       9
  No. nonlinear iterations =      55
  No. nonlinear convergence failures =       0
  No. error test failures =       0
  Last step size used =    0.43497E+07
  Index compenent largest error = ********

 ...   41 / 286

 No. steps =      47   No. f-s =     726   No. J-s =       1   No. LU-s =      10
  No. nonlinear iterations =      55
  No. nonlinear convergence failures =       0
  No. error test failures =       0
  Last step size used =    0.49002E+07
  Index compenent largest error = ********

 ...   42 / 286

 No. steps =      47   No. f-s =     725   No. J-s =       1   No. LU-s =       9
  No. nonlinear iterations =      54
  No. nonlinear convergence failures =       0
  No. error test failures =       0
  Last step size used =    0.37838E+07
  Index compenent largest error = ********

 ...   43 / 286

 No. steps =      46   No. f-s =     725   No. J-s =       1   No. LU-s =      10
  No. nonlinear iterations =      54
  No. nonlinear convergence failures =       0
  No. error test failures =       0
  Last step size used =    0.52340E+07
  Index compenent largest error = ********

 ...   44 / 286

 No. steps =      46   No. f-s =     725   No. J-s =       1   No. LU-s =      10
  No. nonlinear iterations =      54
  No. nonlinear convergence failures =       0
  No. error test failures =       0
  Last step size used =    0.55349E+07
  Index compenent largest error = ********

 ...   45 / 286

 No. steps =      45   No. f-s =     724   No. J-s =       1   No. LU-s =       9
  No. nonlinear iterations =      53
  No. nonlinear convergence failures =       0
  No. error test failures =       0
  Last step size used =    0.38449E+07
  Index compenent largest error = ********

 ...   46 / 286

 No. steps =      44   No. f-s =     723   No. J-s =       1   No. LU-s =       9
  No. nonlinear iterations =      52
  No. nonlinear convergence failures =       0
  No. error test failures =       0
  Last step size used =    0.42378E+07
  Index compenent largest error = ********

 ...   47 / 286

 No. steps =      42   No. f-s =     720   No. J-s =       1   No. LU-s =       9
  No. nonlinear iterations =      49
  No. nonlinear convergence failures =       0
  No. error test failures =       0
  Last step size used =    0.56343E+07
  Index compenent largest error = ********

 ...   48 / 286

 No. steps =      41   No. f-s =     718   No. J-s =       1   No. LU-s =       9
  No. nonlinear iterations =      47
  No. nonlinear convergence failures =       0
  No. error test failures =       0
  Last step size used =    0.60435E+07
  Index compenent largest error = ********

 ...   49 / 286

 No. steps =      41   No. f-s =     719   No. J-s =       1   No. LU-s =      10
  No. nonlinear iterations =      48
  No. nonlinear convergence failures =       0
  No. error test failures =       0
  Last step size used =    0.60820E+07
  Index compenent largest error = ********

 ...   50 / 286

 No. steps =      40   No. f-s =     717   No. J-s =       1   No. LU-s =      10
  No. nonlinear iterations =      46
  No. nonlinear convergence failures =       0
  No. error test failures =       0
  Last step size used =    0.60018E+07
  Index compenent largest error = ********

 ...   51 / 286

 No. steps =      40   No. f-s =     717   No. J-s =       1   No. LU-s =      10
  No. nonlinear iterations =      46
  No. nonlinear convergence failures =       0
  No. error test failures =       0
  Last step size used =    0.60256E+07
  Index compenent largest error = ********

 ...   52 / 286

 No. steps =      38   No. f-s =     716   No. J-s =       1   No. LU-s =       8
  No. nonlinear iterations =      45
  No. nonlinear convergence failures =       0
  No. error test failures =       0
  Last step size used =    0.43258E+07
  Index compenent largest error = ********

 ...   53 / 286

 No. steps =      40   No. f-s =     717   No. J-s =       1   No. LU-s =      10
  No. nonlinear iterations =      46
  No. nonlinear convergence failures =       0
  No. error test failures =       0
  Last step size used =    0.59096E+07
  Index compenent largest error = ********

 ...   54 / 286

 No. steps =      35   No. f-s =     711   No. J-s =       1   No. LU-s =       9
  No. nonlinear iterations =      40
  No. nonlinear convergence failures =       0
  No. error test failures =       0
  Last step size used =    0.48650E+07
  Index compenent largest error = ********

 ...   55 / 286

 No. steps =      37   No. f-s =     715   No. J-s =       1   No. LU-s =       8
  No. nonlinear iterations =      44
  No. nonlinear convergence failures =       0
  No. error test failures =       0
  Last step size used =    0.46665E+07
  Index compenent largest error = ********

 ...   56 / 286

 No. steps =      37   No. f-s =     715   No. J-s =       1   No. LU-s =       8
  No. nonlinear iterations =      44
  No. nonlinear convergence failures =       0
  No. error test failures =       0
  Last step size used =    0.46331E+07
  Index compenent largest error = ********

 ...   57 / 286

 No. steps =      37   No. f-s =     715   No. J-s =       1   No. LU-s =       8
  No. nonlinear iterations =      44
  No. nonlinear convergence failures =       0
  No. error test failures =       0
  Last step size used =    0.46998E+07
  Index compenent largest error = ********

 ...   58 / 286

 No. steps =      37   No. f-s =     715   No. J-s =       1   No. LU-s =       8
  No. nonlinear iterations =      44
  No. nonlinear convergence failures =       0
  No. error test failures =       0
  Last step size used =    0.44523E+07
  Index compenent largest error = ********

 ...   59 / 286

 No. steps =      38   No. f-s =     716   No. J-s =       1   No. LU-s =       8
  No. nonlinear iterations =      45
  No. nonlinear convergence failures =       0
  No. error test failures =       0
  Last step size used =    0.42971E+07
  Index compenent largest error = ********

 ...   60 / 286

 No. steps =      40   No. f-s =     717   No. J-s =       1   No. LU-s =      10
  No. nonlinear iterations =      46
  No. nonlinear convergence failures =       0
  No. error test failures =       0
  Last step size used =    0.58513E+07
  Index compenent largest error = ********

 ...   61 / 286

 No. steps =      40   No. f-s =     717   No. J-s =       1   No. LU-s =      10
  No. nonlinear iterations =      46
  No. nonlinear convergence failures =       0
  No. error test failures =       0
  Last step size used =    0.61444E+07
  Index compenent largest error = ********

 ...   62 / 286

 No. steps =      41   No. f-s =     718   No. J-s =       1   No. LU-s =      10
  No. nonlinear iterations =      47
  No. nonlinear convergence failures =       0
  No. error test failures =       0
  Last step size used =    0.53481E+07
  Index compenent largest error = ********

 ...   63 / 286

 No. steps =      41   No. f-s =     718   No. J-s =       1   No. LU-s =      10
  No. nonlinear iterations =      47
  No. nonlinear convergence failures =       0
  No. error test failures =       0
  Last step size used =    0.53164E+07
  Index compenent largest error = ********

 ...   64 / 286

 No. steps =      41   No. f-s =     719   No. J-s =       1   No. LU-s =      10
  No. nonlinear iterations =      48
  No. nonlinear convergence failures =       0
  No. error test failures =       0
  Last step size used =    0.49832E+07
  Index compenent largest error = ********

 ...   65 / 286

 No. steps =      42   No. f-s =     720   No. J-s =       1   No. LU-s =      10
  No. nonlinear iterations =      49
  No. nonlinear convergence failures =       0
  No. error test failures =       0
  Last step size used =    0.56243E+07
  Index compenent largest error = ********

 ...   66 / 286

 No. steps =      41   No. f-s =     719   No. J-s =       1   No. LU-s =      10
  No. nonlinear iterations =      48
  No. nonlinear convergence failures =       0
  No. error test failures =       0
  Last step size used =    0.50260E+07
  Index compenent largest error = ********

 ...   67 / 286

 No. steps =      41   No. f-s =     719   No. J-s =       1   No. LU-s =      10
  No. nonlinear iterations =      48
  No. nonlinear convergence failures =       0
  No. error test failures =       0
  Last step size used =    0.50917E+07
  Index compenent largest error = ********

 ...   68 / 286

 No. steps =      41   No. f-s =     719   No. J-s =       1   No. LU-s =      10
  No. nonlinear iterations =      48
  No. nonlinear convergence failures =       0
  No. error test failures =       0
  Last step size used =    0.51750E+07
  Index compenent largest error = ********

 ...   69 / 286

 No. steps =      41   No. f-s =     718   No. J-s =       1   No. LU-s =      10
  No. nonlinear iterations =      47
  No. nonlinear convergence failures =       0
  No. error test failures =       0
  Last step size used =    0.53350E+07
  Index compenent largest error = ********

 ...   70 / 286

 No. steps =      42   No. f-s =     720   No. J-s =       1   No. LU-s =      10
  No. nonlinear iterations =      49
  No. nonlinear convergence failures =       0
  No. error test failures =       0
  Last step size used =    0.55920E+07
  Index compenent largest error = ********

 ...   71 / 286

 No. steps =      41   No. f-s =     719   No. J-s =       1   No. LU-s =      10
  No. nonlinear iterations =      48
  No. nonlinear convergence failures =       0
  No. error test failures =       0
  Last step size used =    0.53681E+07
  Index compenent largest error = ********

 ...   72 / 286

 No. steps =      41   No. f-s =     719   No. J-s =       1   No. LU-s =      10
  No. nonlinear iterations =      48
  No. nonlinear convergence failures =       0
  No. error test failures =       0
  Last step size used =    0.53197E+07
  Index compenent largest error = ********

 ...   73 / 286

 No. steps =      41   No. f-s =     719   No. J-s =       1   No. LU-s =       9
  No. nonlinear iterations =      48
  No. nonlinear convergence failures =       0
  No. error test failures =       0
  Last step size used =    0.41274E+07
  Index compenent largest error = ********

 ...   74 / 286

 No. steps =      41   No. f-s =     719   No. J-s =       1   No. LU-s =       9
  No. nonlinear iterations =      48
  No. nonlinear convergence failures =       0
  No. error test failures =       0
  Last step size used =    0.41303E+07
  Index compenent largest error = ********

 ...   75 / 286

 No. steps =      40   No. f-s =     718   No. J-s =       1   No. LU-s =       9
  No. nonlinear iterations =      47
  No. nonlinear convergence failures =       0
  No. error test failures =       0
  Last step size used =    0.44008E+07
  Index compenent largest error = ********

 ...   76 / 286

 No. steps =      41   No. f-s =     719   No. J-s =       1   No. LU-s =       9
  No. nonlinear iterations =      48
  No. nonlinear convergence failures =       0
  No. error test failures =       0
  Last step size used =    0.42417E+07
  Index compenent largest error = ********

 ...   77 / 286

 No. steps =      40   No. f-s =     718   No. J-s =       1   No. LU-s =       9
  No. nonlinear iterations =      47
  No. nonlinear convergence failures =       0
  No. error test failures =       0
  Last step size used =    0.43104E+07
  Index compenent largest error = ********

 ...   78 / 286

 No. steps =      40   No. f-s =     718   No. J-s =       1   No. LU-s =       9
  No. nonlinear iterations =      47
  No. nonlinear convergence failures =       0
  No. error test failures =       0
  Last step size used =    0.42801E+07
  Index compenent largest error = ********

 ...   79 / 286

 No. steps =      41   No. f-s =     719   No. J-s =       1   No. LU-s =       9
  No. nonlinear iterations =      48
  No. nonlinear convergence failures =       0
  No. error test failures =       0
  Last step size used =    0.41821E+07
  Index compenent largest error = ********

 ...   80 / 286

 No. steps =      40   No. f-s =     718   No. J-s =       1   No. LU-s =       9
  No. nonlinear iterations =      47
  No. nonlinear convergence failures =       0
  No. error test failures =       0
  Last step size used =    0.44304E+07
  Index compenent largest error = ********

 ...   81 / 286

 No. steps =      40   No. f-s =     718   No. J-s =       1   No. LU-s =       9
  No. nonlinear iterations =      47
  No. nonlinear convergence failures =       0
  No. error test failures =       0
  Last step size used =    0.45613E+07
  Index compenent largest error = ********

 ...   82 / 286

 No. steps =      40   No. f-s =     718   No. J-s =       1   No. LU-s =       9
  No. nonlinear iterations =      47
  No. nonlinear convergence failures =       0
  No. error test failures =       0
  Last step size used =    0.45716E+07
  Index compenent largest error = ********

 ...   83 / 286

 No. steps =      39   No. f-s =     717   No. J-s =       1   No. LU-s =       9
  No. nonlinear iterations =      46
  No. nonlinear convergence failures =       0
  No. error test failures =       0
  Last step size used =    0.48674E+07
  Index compenent largest error = ********

 ...   84 / 286

 No. steps =      39   No. f-s =     717   No. J-s =       1   No. LU-s =       9
  No. nonlinear iterations =      46
  No. nonlinear convergence failures =       0
  No. error test failures =       0
  Last step size used =    0.49573E+07
  Index compenent largest error = ********

 ...   85 / 286

 No. steps =      39   No. f-s =     717   No. J-s =       1   No. LU-s =       9
  No. nonlinear iterations =      46
  No. nonlinear convergence failures =       0
  No. error test failures =       0
  Last step size used =    0.50744E+07
  Index compenent largest error = ********

 ...   86 / 286

 No. steps =      39   No. f-s =     717   No. J-s =       1   No. LU-s =       9
  No. nonlinear iterations =      46
  No. nonlinear convergence failures =       0
  No. error test failures =       0
  Last step size used =    0.51639E+07
  Index compenent largest error = ********

 ...   87 / 286

 No. steps =      39   No. f-s =     717   No. J-s =       1   No. LU-s =       9
  No. nonlinear iterations =      46
  No. nonlinear convergence failures =       0
  No. error test failures =       0
  Last step size used =    0.48860E+07
  Index compenent largest error = ********

 ...   88 / 286

 No. steps =      39   No. f-s =     717   No. J-s =       1   No. LU-s =       9
  No. nonlinear iterations =      46
  No. nonlinear convergence failures =       0
  No. error test failures =       0
  Last step size used =    0.51309E+07
  Index compenent largest error = ********

 ...   89 / 286

 No. steps =      38   No. f-s =     716   No. J-s =       1   No. LU-s =       9
  No. nonlinear iterations =      45
  No. nonlinear convergence failures =       0
  No. error test failures =       0
  Last step size used =    0.54204E+07
  Index compenent largest error = ********

 ...   90 / 286

 No. steps =      39   No. f-s =     718   No. J-s =       1   No. LU-s =       9
  No. nonlinear iterations =      47
  No. nonlinear convergence failures =       0
  No. error test failures =       0
  Last step size used =    0.56460E+07
  Index compenent largest error = ********

 ...   91 / 286

 No. steps =      38   No. f-s =     716   No. J-s =       1   No. LU-s =       9
  No. nonlinear iterations =      45
  No. nonlinear convergence failures =       0
  No. error test failures =       0
  Last step size used =    0.55803E+07
  Index compenent largest error = ********

 ...   92 / 286

 No. steps =      38   No. f-s =     715   No. J-s =       1   No. LU-s =       8
  No. nonlinear iterations =      44
  No. nonlinear convergence failures =       0
  No. error test failures =       0
  Last step size used =    0.49730E+07
  Index compenent largest error = ********

 ...   93 / 286

 No. steps =      38   No. f-s =     715   No. J-s =       1   No. LU-s =       8
  No. nonlinear iterations =      44
  No. nonlinear convergence failures =       0
  No. error test failures =       0
  Last step size used =    0.50583E+07
  Index compenent largest error = ********

 ...   94 / 286

 No. steps =      36   No. f-s =     714   No. J-s =       1   No. LU-s =       8
  No. nonlinear iterations =      43
  No. nonlinear convergence failures =       0
  No. error test failures =       0
  Last step size used =    0.51195E+07
  Index compenent largest error = ********

 ...   95 / 286

 No. steps =      36   No. f-s =     714   No. J-s =       1   No. LU-s =       8
  No. nonlinear iterations =      43
  No. nonlinear convergence failures =       0
  No. error test failures =       0
  Last step size used =    0.52338E+07
  Index compenent largest error = ********

 ...   96 / 286

 No. steps =      36   No. f-s =     713   No. J-s =       1   No. LU-s =       8
  No. nonlinear iterations =      42
  No. nonlinear convergence failures =       0
  No. error test failures =       0
  Last step size used =    0.62961E+07
  Index compenent largest error = ********

 ...   97 / 286

 No. steps =      37   No. f-s =     714   No. J-s =       1   No. LU-s =       8
  No. nonlinear iterations =      43
  No. nonlinear convergence failures =       0
  No. error test failures =       0
  Last step size used =    0.53427E+07
  Index compenent largest error = ********

 ...   98 / 286

 No. steps =      36   No. f-s =     713   No. J-s =       1   No. LU-s =       8
  No. nonlinear iterations =      42
  No. nonlinear convergence failures =       0
  No. error test failures =       0
  Last step size used =    0.54247E+07
  Index compenent largest error = ********

 ...   99 / 286

 No. steps =      36   No. f-s =     713   No. J-s =       1   No. LU-s =       8
  No. nonlinear iterations =      42
  No. nonlinear convergence failures =       0
  No. error test failures =       0
  Last step size used =    0.55768E+07
  Index compenent largest error = ********

 ...  100 / 286

 No. steps =      36   No. f-s =     713   No. J-s =       1   No. LU-s =       8
  No. nonlinear iterations =      42
  No. nonlinear convergence failures =       0
  No. error test failures =       0
  Last step size used =    0.54347E+07
  Index compenent largest error = ********

 ...  101 / 286

 No. steps =      36   No. f-s =     713   No. J-s =       1   No. LU-s =       8
  No. nonlinear iterations =      42
  No. nonlinear convergence failures =       0
  No. error test failures =       0
  Last step size used =    0.58285E+07
  Index compenent largest error = ********

 ...  102 / 286

 No. steps =      34   No. f-s =     712   No. J-s =       1   No. LU-s =       8
  No. nonlinear iterations =      41
  No. nonlinear convergence failures =       0
  No. error test failures =       0
  Last step size used =    0.63624E+07
  Index compenent largest error = ********

 ...  103 / 286

 No. steps =      34   No. f-s =     712   No. J-s =       1   No. LU-s =       8
  No. nonlinear iterations =      41
  No. nonlinear convergence failures =       0
  No. error test failures =       0
  Last step size used =    0.64545E+07
  Index compenent largest error = ********

 ...  104 / 286

 No. steps =      34   No. f-s =     712   No. J-s =       1   No. LU-s =       8
  No. nonlinear iterations =      41
  No. nonlinear convergence failures =       0
  No. error test failures =       0
  Last step size used =    0.66031E+07
  Index compenent largest error = ********

 ...  105 / 286

 No. steps =      31   No. f-s =     707   No. J-s =       1   No. LU-s =       8
  No. nonlinear iterations =      36
  No. nonlinear convergence failures =       0
  No. error test failures =       0
  Last step size used =    0.57830E+07
  Index compenent largest error = ********

 ...  106 / 286

 No. steps =      34   No. f-s =     711   No. J-s =       1   No. LU-s =       9
  No. nonlinear iterations =      40
  No. nonlinear convergence failures =       0
  No. error test failures =       0
  Last step size used =    0.58485E+07
  Index compenent largest error = ********

 ...  107 / 286

 No. steps =      34   No. f-s =     710   No. J-s =       1   No. LU-s =       9
  No. nonlinear iterations =      39
  No. nonlinear convergence failures =       0
  No. error test failures =       0
  Last step size used =    0.61181E+07
  Index compenent largest error = ********

 ...  108 / 286

 No. steps =      34   No. f-s =     711   No. J-s =       1   No. LU-s =       9
  No. nonlinear iterations =      40
  No. nonlinear convergence failures =       0
  No. error test failures =       0
  Last step size used =    0.59399E+07
  Index compenent largest error = ********

 ...  109 / 286

 No. steps =      34   No. f-s =     711   No. J-s =       1   No. LU-s =       9
  No. nonlinear iterations =      40
  No. nonlinear convergence failures =       0
  No. error test failures =       0
  Last step size used =    0.59710E+07
  Index compenent largest error = ********

 ...  110 / 286

 No. steps =      32   No. f-s =     708   No. J-s =       1   No. LU-s =       8
  No. nonlinear iterations =      37
  No. nonlinear convergence failures =       0
  No. error test failures =       0
  Last step size used =    0.66347E+07
  Index compenent largest error = ********

 ...  111 / 286

 No. steps =      32   No. f-s =     708   No. J-s =       1   No. LU-s =       8
  No. nonlinear iterations =      37
  No. nonlinear convergence failures =       0
  No. error test failures =       0
  Last step size used =    0.65918E+07
  Index compenent largest error = ********

 ...  112 / 286

 No. steps =      32   No. f-s =     708   No. J-s =       1   No. LU-s =       8
  No. nonlinear iterations =      37
  No. nonlinear convergence failures =       0
  No. error test failures =       0
  Last step size used =    0.67246E+07
  Index compenent largest error = ********

 ...  113 / 286

 No. steps =      32   No. f-s =     708   No. J-s =       1   No. LU-s =       8
  No. nonlinear iterations =      37
  No. nonlinear convergence failures =       0
  No. error test failures =       0
  Last step size used =    0.66728E+07
  Index compenent largest error = ********

 ...  114 / 286

 No. steps =      30   No. f-s =     707   No. J-s =       1   No. LU-s =       7
  No. nonlinear iterations =      36
  No. nonlinear convergence failures =       0
  No. error test failures =       0
  Last step size used =    0.47119E+07
  Index compenent largest error = ********

 ...  115 / 286

 No. steps =      30   No. f-s =     706   No. J-s =       1   No. LU-s =       8
  No. nonlinear iterations =      35
  No. nonlinear convergence failures =       0
  No. error test failures =       0
  Last step size used =    0.49990E+07
  Index compenent largest error = ********

 ...  116 / 286

 No. steps =      30   No. f-s =     706   No. J-s =       1   No. LU-s =       8
  No. nonlinear iterations =      35
  No. nonlinear convergence failures =       0
  No. error test failures =       0
  Last step size used =    0.52328E+07
  Index compenent largest error = ********

 ...  117 / 286

 No. steps =      30   No. f-s =     706   No. J-s =       1   No. LU-s =       8
  No. nonlinear iterations =      35
  No. nonlinear convergence failures =       0
  No. error test failures =       0
  Last step size used =    0.51129E+07
  Index compenent largest error = ********

 ...  118 / 286

 No. steps =      30   No. f-s =     706   No. J-s =       1   No. LU-s =       8
  No. nonlinear iterations =      35
  No. nonlinear convergence failures =       0
  No. error test failures =       0
  Last step size used =    0.52158E+07
  Index compenent largest error = ********

 ...  119 / 286

 No. steps =      29   No. f-s =     706   No. J-s =       1   No. LU-s =       8
  No. nonlinear iterations =      35
  No. nonlinear convergence failures =       0
  No. error test failures =       0
  Last step size used =    0.80538E+07
  Index compenent largest error = ********

 ...  120 / 286

 No. steps =      30   No. f-s =     706   No. J-s =       1   No. LU-s =       8
  No. nonlinear iterations =      35
  No. nonlinear convergence failures =       0
  No. error test failures =       0
  Last step size used =    0.51769E+07
  Index compenent largest error = ********

 ...  121 / 286

 No. steps =      29   No. f-s =     705   No. J-s =       1   No. LU-s =       8
  No. nonlinear iterations =      34
  No. nonlinear convergence failures =       0
  No. error test failures =       0
  Last step size used =    0.54260E+07
  Index compenent largest error = ********

 ...  122 / 286

 No. steps =      29   No. f-s =     705   No. J-s =       1   No. LU-s =       8
  No. nonlinear iterations =      34
  No. nonlinear convergence failures =       0
  No. error test failures =       0
  Last step size used =    0.51896E+07
  Index compenent largest error = ********

 ...  123 / 286

 No. steps =      29   No. f-s =     705   No. J-s =       1   No. LU-s =       8
  No. nonlinear iterations =      34
  No. nonlinear convergence failures =       0
  No. error test failures =       0
  Last step size used =    0.52717E+07
  Index compenent largest error = ********

 ...  124 / 286

 No. steps =      28   No. f-s =     704   No. J-s =       1   No. LU-s =       8
  No. nonlinear iterations =      33
  No. nonlinear convergence failures =       0
  No. error test failures =       0
  Last step size used =    0.53415E+07
  Index compenent largest error = ********

 ...  125 / 286

 No. steps =      28   No. f-s =     704   No. J-s =       1   No. LU-s =       8
  No. nonlinear iterations =      33
  No. nonlinear convergence failures =       0
  No. error test failures =       0
  Last step size used =    0.55000E+07
  Index compenent largest error = ********

 ...  126 / 286

 No. steps =      28   No. f-s =     704   No. J-s =       1   No. LU-s =       8
  No. nonlinear iterations =      33
  No. nonlinear convergence failures =       0
  No. error test failures =       0
  Last step size used =    0.59903E+07
  Index compenent largest error = ********

 ...  127 / 286

 No. steps =      27   No. f-s =     703   No. J-s =       1   No. LU-s =       8
  No. nonlinear iterations =      32
  No. nonlinear convergence failures =       0
  No. error test failures =       0
  Last step size used =    0.68734E+07
  Index compenent largest error = ********

 ...  128 / 286

 No. steps =      27   No. f-s =     703   No. J-s =       1   No. LU-s =       8
  No. nonlinear iterations =      32
  No. nonlinear convergence failures =       0
  No. error test failures =       0
  Last step size used =    0.64731E+07
  Index compenent largest error = ********

 ...  129 / 286

 No. steps =      27   No. f-s =     703   No. J-s =       1   No. LU-s =       8
  No. nonlinear iterations =      32
  No. nonlinear convergence failures =       0
  No. error test failures =       0
  Last step size used =    0.62307E+07
  Index compenent largest error = ********

 ...  130 / 286

 No. steps =      27   No. f-s =     703   No. J-s =       1   No. LU-s =       8
  No. nonlinear iterations =      32
  No. nonlinear convergence failures =       0
  No. error test failures =       0
  Last step size used =    0.60866E+07
  Index compenent largest error = ********

 ...  131 / 286

 No. steps =      27   No. f-s =     703   No. J-s =       1   No. LU-s =       8
  No. nonlinear iterations =      32
  No. nonlinear convergence failures =       0
  No. error test failures =       0
  Last step size used =    0.62708E+07
  Index compenent largest error = ********

 ...  132 / 286

 No. steps =      27   No. f-s =     703   No. J-s =       1   No. LU-s =       8
  No. nonlinear iterations =      32
  No. nonlinear convergence failures =       0
  No. error test failures =       0
  Last step size used =    0.66833E+07
  Index compenent largest error = ********

 ...  133 / 286

 No. steps =      27   No. f-s =     703   No. J-s =       1   No. LU-s =       8
  No. nonlinear iterations =      32
  No. nonlinear convergence failures =       0
  No. error test failures =       0
  Last step size used =    0.68258E+07
  Index compenent largest error = ********

 ...  134 / 286

 No. steps =      27   No. f-s =     703   No. J-s =       1   No. LU-s =       8
  No. nonlinear iterations =      32
  No. nonlinear convergence failures =       0
  No. error test failures =       0
  Last step size used =    0.70004E+07
  Index compenent largest error = ********

 ...  135 / 286

 No. steps =      27   No. f-s =     703   No. J-s =       1   No. LU-s =       8
  No. nonlinear iterations =      32
  No. nonlinear convergence failures =       0
  No. error test failures =       0
  Last step size used =    0.69568E+07
  Index compenent largest error = ********

 ...  136 / 286

 No. steps =      26   No. f-s =     702   No. J-s =       1   No. LU-s =       8
  No. nonlinear iterations =      31
  No. nonlinear convergence failures =       0
  No. error test failures =       0
  Last step size used =    0.70793E+07
  Index compenent largest error = ********

 ...  137 / 286

 No. steps =      26   No. f-s =     702   No. J-s =       1   No. LU-s =       8
  No. nonlinear iterations =      31
  No. nonlinear convergence failures =       0
  No. error test failures =       0
  Last step size used =    0.70818E+07
  Index compenent largest error = ********

 ...  138 / 286

 No. steps =      25   No. f-s =     701   No. J-s =       1   No. LU-s =       7
  No. nonlinear iterations =      30
  No. nonlinear convergence failures =       0
  No. error test failures =       0
  Last step size used =    0.54175E+07
  Index compenent largest error = ********

 ...  139 / 286

 No. steps =      26   No. f-s =     702   No. J-s =       1   No. LU-s =       8
  No. nonlinear iterations =      31
  No. nonlinear convergence failures =       0
  No. error test failures =       0
  Last step size used =    0.79137E+07
  Index compenent largest error = ********

 ...  140 / 286

 No. steps =      26   No. f-s =     702   No. J-s =       1   No. LU-s =       8
  No. nonlinear iterations =      31
  No. nonlinear convergence failures =       0
  No. error test failures =       0
  Last step size used =    0.80164E+07
  Index compenent largest error = ********

 ...  141 / 286

 No. steps =      26   No. f-s =     702   No. J-s =       1   No. LU-s =       8
  No. nonlinear iterations =      31
  No. nonlinear convergence failures =       0
  No. error test failures =       0
  Last step size used =    0.77261E+07
  Index compenent largest error = ********

 ...  142 / 286

 No. steps =      26   No. f-s =     702   No. J-s =       1   No. LU-s =       8
  No. nonlinear iterations =      31
  No. nonlinear convergence failures =       0
  No. error test failures =       0
  Last step size used =    0.71515E+07
  Index compenent largest error = ********

 ...  143 / 286

 No. steps =      26   No. f-s =     702   No. J-s =       1   No. LU-s =       8
  No. nonlinear iterations =      31
  No. nonlinear convergence failures =       0
  No. error test failures =       0
  Last step size used =    0.76825E+07
  Index compenent largest error = ********

 ...  144 / 286

 No. steps =      25   No. f-s =     701   No. J-s =       1   No. LU-s =       7
  No. nonlinear iterations =      30
  No. nonlinear convergence failures =       0
  No. error test failures =       0
  Last step size used =    0.53521E+07
  Index compenent largest error = ********

 ...  145 / 286

 No. steps =      25   No. f-s =     701   No. J-s =       1   No. LU-s =       7
  No. nonlinear iterations =      30
  No. nonlinear convergence failures =       0
  No. error test failures =       0
  Last step size used =    0.54210E+07
  Index compenent largest error = ********

 ...  146 / 286

 No. steps =      25   No. f-s =     701   No. J-s =       1   No. LU-s =       7
  No. nonlinear iterations =      30
  No. nonlinear convergence failures =       0
  No. error test failures =       0
  Last step size used =    0.54914E+07
  Index compenent largest error = ********

 ...  147 / 286

 No. steps =      25   No. f-s =     701   No. J-s =       1   No. LU-s =       7
  No. nonlinear iterations =      30
  No. nonlinear convergence failures =       0
  No. error test failures =       0
  Last step size used =    0.53299E+07
  Index compenent largest error = ********

 ...  148 / 286

 No. steps =      25   No. f-s =     701   No. J-s =       1   No. LU-s =       7
  No. nonlinear iterations =      30
  No. nonlinear convergence failures =       0
  No. error test failures =       0
  Last step size used =    0.53988E+07
  Index compenent largest error = ********

 ...  149 / 286

 No. steps =      25   No. f-s =     701   No. J-s =       1   No. LU-s =       7
  No. nonlinear iterations =      30
  No. nonlinear convergence failures =       0
  No. error test failures =       0
  Last step size used =    0.59643E+07
  Index compenent largest error = ********

 ...  150 / 286

 No. steps =      24   No. f-s =     700   No. J-s =       1   No. LU-s =       7
  No. nonlinear iterations =      29
  No. nonlinear convergence failures =       0
  No. error test failures =       0
  Last step size used =    0.61963E+07
  Index compenent largest error = ********

 ...  151 / 286

 No. steps =      25   No. f-s =     701   No. J-s =       1   No. LU-s =       7
  No. nonlinear iterations =      30
  No. nonlinear convergence failures =       0
  No. error test failures =       0
  Last step size used =    0.57381E+07
  Index compenent largest error = ********

 ...  152 / 286

 No. steps =      25   No. f-s =     701   No. J-s =       1   No. LU-s =       7
  No. nonlinear iterations =      30
  No. nonlinear convergence failures =       0
  No. error test failures =       0
  Last step size used =    0.58349E+07
  Index compenent largest error = ********

 ...  153 / 286

 No. steps =      25   No. f-s =     701   No. J-s =       1   No. LU-s =       7
  No. nonlinear iterations =      30
  No. nonlinear convergence failures =       0
  No. error test failures =       0
  Last step size used =    0.55490E+07
  Index compenent largest error = ********

 ...  154 / 286

 No. steps =      25   No. f-s =     701   No. J-s =       1   No. LU-s =       7
  No. nonlinear iterations =      30
  No. nonlinear convergence failures =       0
  No. error test failures =       0
  Last step size used =    0.57093E+07
  Index compenent largest error = ********

 ...  155 / 286

 No. steps =      25   No. f-s =     701   No. J-s =       1   No. LU-s =       7
  No. nonlinear iterations =      30
  No. nonlinear convergence failures =       0
  No. error test failures =       0
  Last step size used =    0.58163E+07
  Index compenent largest error = ********

 ...  156 / 286

 No. steps =      24   No. f-s =     700   No. J-s =       1   No. LU-s =       7
  No. nonlinear iterations =      29
  No. nonlinear convergence failures =       0
  No. error test failures =       0
  Last step size used =    0.63305E+07
  Index compenent largest error = ********

 ...  157 / 286

 No. steps =      25   No. f-s =     701   No. J-s =       1   No. LU-s =       7
  No. nonlinear iterations =      30
  No. nonlinear convergence failures =       0
  No. error test failures =       0
  Last step size used =    0.58491E+07
  Index compenent largest error = ********

 ...  158 / 286

 No. steps =      24   No. f-s =     700   No. J-s =       1   No. LU-s =       7
  No. nonlinear iterations =      29
  No. nonlinear convergence failures =       0
  No. error test failures =       0
  Last step size used =    0.59974E+07
  Index compenent largest error = ********

 ...  159 / 286

 No. steps =      24   No. f-s =     700   No. J-s =       1   No. LU-s =       7
  No. nonlinear iterations =      29
  No. nonlinear convergence failures =       0
  No. error test failures =       0
  Last step size used =    0.60397E+07
  Index compenent largest error = ********

 ...  160 / 286

 No. steps =      23   No. f-s =     699   No. J-s =       1   No. LU-s =       7
  No. nonlinear iterations =      28
  No. nonlinear convergence failures =       0
  No. error test failures =       0
  Last step size used =    0.67174E+07
  Index compenent largest error = ********

 ...  161 / 286

 No. steps =      23   No. f-s =     699   No. J-s =       1   No. LU-s =       7
  No. nonlinear iterations =      28
  No. nonlinear convergence failures =       0
  No. error test failures =       0
  Last step size used =    0.67339E+07
  Index compenent largest error = ********

 ...  162 / 286

 No. steps =      24   No. f-s =     700   No. J-s =       1   No. LU-s =       7
  No. nonlinear iterations =      29
  No. nonlinear convergence failures =       0
  No. error test failures =       0
  Last step size used =    0.62709E+07
  Index compenent largest error = ********

 ...  163 / 286

 No. steps =      24   No. f-s =     700   No. J-s =       1   No. LU-s =       7
  No. nonlinear iterations =      29
  No. nonlinear convergence failures =       0
  No. error test failures =       0
  Last step size used =    0.62652E+07
  Index compenent largest error = ********

 ...  164 / 286

 No. steps =      24   No. f-s =     700   No. J-s =       1   No. LU-s =       7
  No. nonlinear iterations =      29
  No. nonlinear convergence failures =       0
  No. error test failures =       0
  Last step size used =    0.63668E+07
  Index compenent largest error = ********

 ...  165 / 286

 No. steps =      24   No. f-s =     700   No. J-s =       1   No. LU-s =       7
  No. nonlinear iterations =      29
  No. nonlinear convergence failures =       0
  No. error test failures =       0
  Last step size used =    0.63844E+07
  Index compenent largest error = ********

 ...  166 / 286

 No. steps =      24   No. f-s =     700   No. J-s =       1   No. LU-s =       7
  No. nonlinear iterations =      29
  No. nonlinear convergence failures =       0
  No. error test failures =       0
  Last step size used =    0.63084E+07
  Index compenent largest error = ********

 ...  167 / 286

 No. steps =      23   No. f-s =     699   No. J-s =       1   No. LU-s =       7
  No. nonlinear iterations =      28
  No. nonlinear convergence failures =       0
  No. error test failures =       0
  Last step size used =    0.67996E+07
  Index compenent largest error = ********

 ...  168 / 286

 No. steps =      24   No. f-s =     700   No. J-s =       1   No. LU-s =       7
  No. nonlinear iterations =      29
  No. nonlinear convergence failures =       0
  No. error test failures =       0
  Last step size used =    0.64458E+07
  Index compenent largest error = ********

 ...  169 / 286

 No. steps =      24   No. f-s =     700   No. J-s =       1   No. LU-s =       7
  No. nonlinear iterations =      29
  No. nonlinear convergence failures =       0
  No. error test failures =       0
  Last step size used =    0.64913E+07
  Index compenent largest error = ********

 ...  170 / 286

 No. steps =      23   No. f-s =     699   No. J-s =       1   No. LU-s =       7
  No. nonlinear iterations =      28
  No. nonlinear convergence failures =       0
  No. error test failures =       0
  Last step size used =    0.66832E+07
  Index compenent largest error = ********

 ...  171 / 286

 No. steps =      23   No. f-s =     699   No. J-s =       1   No. LU-s =       7
  No. nonlinear iterations =      28
  No. nonlinear convergence failures =       0
  No. error test failures =       0
  Last step size used =    0.73629E+07
  Index compenent largest error = ********

 ...  172 / 286

 No. steps =      23   No. f-s =     699   No. J-s =       1   No. LU-s =       7
  No. nonlinear iterations =      28
  No. nonlinear convergence failures =       0
  No. error test failures =       0
  Last step size used =    0.73750E+07
  Index compenent largest error = ********

 ...  173 / 286

 No. steps =      23   No. f-s =     699   No. J-s =       1   No. LU-s =       7
  No. nonlinear iterations =      28
  No. nonlinear convergence failures =       0
  No. error test failures =       0
  Last step size used =    0.70596E+07
  Index compenent largest error = ********

 ...  174 / 286

 No. steps =      23   No. f-s =     699   No. J-s =       1   No. LU-s =       7
  No. nonlinear iterations =      28
  No. nonlinear convergence failures =       0
  No. error test failures =       0
  Last step size used =    0.70147E+07
  Index compenent largest error = ********

 ...  175 / 286

 No. steps =      23   No. f-s =     699   No. J-s =       1   No. LU-s =       7
  No. nonlinear iterations =      28
  No. nonlinear convergence failures =       0
  No. error test failures =       0
  Last step size used =    0.67355E+07
  Index compenent largest error = ********

 ...  176 / 286

 No. steps =      23   No. f-s =     699   No. J-s =       1   No. LU-s =       7
  No. nonlinear iterations =      28
  No. nonlinear convergence failures =       0
  No. error test failures =       0
  Last step size used =    0.70375E+07
  Index compenent largest error = ********

 ...  177 / 286

 No. steps =      23   No. f-s =     699   No. J-s =       1   No. LU-s =       7
  No. nonlinear iterations =      28
  No. nonlinear convergence failures =       0
  No. error test failures =       0
  Last step size used =    0.69520E+07
  Index compenent largest error = ********

 ...  178 / 286

 No. steps =      23   No. f-s =     699   No. J-s =       1   No. LU-s =       7
  No. nonlinear iterations =      28
  No. nonlinear convergence failures =       0
  No. error test failures =       0
  Last step size used =    0.72106E+07
  Index compenent largest error = ********

 ...  179 / 286

 No. steps =      23   No. f-s =     699   No. J-s =       1   No. LU-s =       7
  No. nonlinear iterations =      28
  No. nonlinear convergence failures =       0
  No. error test failures =       0
  Last step size used =    0.73034E+07
  Index compenent largest error = ********

 ...  180 / 286

 No. steps =      23   No. f-s =     699   No. J-s =       1   No. LU-s =       7
  No. nonlinear iterations =      28
  No. nonlinear convergence failures =       0
  No. error test failures =       0
  Last step size used =    0.71386E+07
  Index compenent largest error = ********

 ...  181 / 286

 No. steps =      23   No. f-s =     699   No. J-s =       1   No. LU-s =       7
  No. nonlinear iterations =      28
  No. nonlinear convergence failures =       0
  No. error test failures =       0
  Last step size used =    0.72874E+07
  Index compenent largest error = ********

 ...  182 / 286

 No. steps =      22   No. f-s =     698   No. J-s =       1   No. LU-s =       7
  No. nonlinear iterations =      27
  No. nonlinear convergence failures =       0
  No. error test failures =       0
  Last step size used =    0.83230E+07
  Index compenent largest error = ********

 ...  183 / 286

 No. steps =      22   No. f-s =     698   No. J-s =       1   No. LU-s =       7
  No. nonlinear iterations =      27
  No. nonlinear convergence failures =       0
  No. error test failures =       0
  Last step size used =    0.79931E+07
  Index compenent largest error = ********

 ...  184 / 286

 No. steps =      22   No. f-s =     698   No. J-s =       1   No. LU-s =       7
  No. nonlinear iterations =      27
  No. nonlinear convergence failures =       0
  No. error test failures =       0
  Last step size used =    0.77313E+07
  Index compenent largest error = ********

 ...  185 / 286

 No. steps =      23   No. f-s =     699   No. J-s =       1   No. LU-s =       7
  No. nonlinear iterations =      28
  No. nonlinear convergence failures =       0
  No. error test failures =       0
  Last step size used =    0.75846E+07
  Index compenent largest error = ********

 ...  186 / 286

 No. steps =      22   No. f-s =     698   No. J-s =       1   No. LU-s =       7
  No. nonlinear iterations =      27
  No. nonlinear convergence failures =       0
  No. error test failures =       0
  Last step size used =    0.76657E+07
  Index compenent largest error = ********

 ...  187 / 286

 No. steps =      22   No. f-s =     698   No. J-s =       1   No. LU-s =       7
  No. nonlinear iterations =      27
  No. nonlinear convergence failures =       0
  No. error test failures =       0
  Last step size used =    0.77017E+07
  Index compenent largest error = ********

 ...  188 / 286

 No. steps =      22   No. f-s =     698   No. J-s =       1   No. LU-s =       7
  No. nonlinear iterations =      27
  No. nonlinear convergence failures =       0
  No. error test failures =       0
  Last step size used =    0.79620E+07
  Index compenent largest error = ********

 ...  189 / 286

 No. steps =      22   No. f-s =     698   No. J-s =       1   No. LU-s =       7
  No. nonlinear iterations =      27
  No. nonlinear convergence failures =       0
  No. error test failures =       0
  Last step size used =    0.79678E+07
  Index compenent largest error = ********

 ...  190 / 286

 No. steps =      22   No. f-s =     698   No. J-s =       1   No. LU-s =       7
  No. nonlinear iterations =      27
  No. nonlinear convergence failures =       0
  No. error test failures =       0
  Last step size used =    0.79985E+07
  Index compenent largest error = ********

 ...  191 / 286

 No. steps =      22   No. f-s =     698   No. J-s =       1   No. LU-s =       7
  No. nonlinear iterations =      27
  No. nonlinear convergence failures =       0
  No. error test failures =       0
  Last step size used =    0.78857E+07
  Index compenent largest error = ********

 ...  192 / 286

 No. steps =      22   No. f-s =     698   No. J-s =       1   No. LU-s =       7
  No. nonlinear iterations =      27
  No. nonlinear convergence failures =       0
  No. error test failures =       0
  Last step size used =    0.80179E+07
  Index compenent largest error = ********

 ...  193 / 286

 No. steps =      22   No. f-s =     698   No. J-s =       1   No. LU-s =       7
  No. nonlinear iterations =      27
  No. nonlinear convergence failures =       0
  No. error test failures =       0
  Last step size used =    0.92465E+07
  Index compenent largest error = ********

 ...  194 / 286

 No. steps =      22   No. f-s =     698   No. J-s =       1   No. LU-s =       7
  No. nonlinear iterations =      27
  No. nonlinear convergence failures =       0
  No. error test failures =       0
  Last step size used =    0.87723E+07
  Index compenent largest error = ********

 ...  195 / 286

 No. steps =      22   No. f-s =     698   No. J-s =       1   No. LU-s =       7
  No. nonlinear iterations =      27
  No. nonlinear convergence failures =       0
  No. error test failures =       0
  Last step size used =    0.85544E+07
  Index compenent largest error = ********

 ...  196 / 286

 No. steps =      22   No. f-s =     698   No. J-s =       1   No. LU-s =       7
  No. nonlinear iterations =      27
  No. nonlinear convergence failures =       0
  No. error test failures =       0
  Last step size used =    0.84131E+07
  Index compenent largest error = ********

 ...  197 / 286

 No. steps =      22   No. f-s =     698   No. J-s =       1   No. LU-s =       7
  No. nonlinear iterations =      27
  No. nonlinear convergence failures =       0
  No. error test failures =       0
  Last step size used =    0.88749E+07
  Index compenent largest error = ********

 ...  198 / 286

 No. steps =      22   No. f-s =     698   No. J-s =       1   No. LU-s =       7
  No. nonlinear iterations =      27
  No. nonlinear convergence failures =       0
  No. error test failures =       0
  Last step size used =    0.86875E+07
  Index compenent largest error = ********

 ...  199 / 286

 No. steps =      22   No. f-s =     698   No. J-s =       1   No. LU-s =       7
  No. nonlinear iterations =      27
  No. nonlinear convergence failures =       0
  No. error test failures =       0
  Last step size used =    0.86442E+07
  Index compenent largest error = ********

 ...  200 / 286

 No. steps =      21   No. f-s =     696   No. J-s =       1   No. LU-s =       7
  No. nonlinear iterations =      25
  No. nonlinear convergence failures =       0
  No. error test failures =       0
  Last step size used =    0.91708E+07
  Index compenent largest error = ********

 ...  201 / 286

 No. steps =      22   No. f-s =     698   No. J-s =       1   No. LU-s =       7
  No. nonlinear iterations =      27
  No. nonlinear convergence failures =       0
  No. error test failures =       0
  Last step size used =    0.88042E+07
  Index compenent largest error = ********

 ...  202 / 286

 No. steps =      22   No. f-s =     698   No. J-s =       1   No. LU-s =       7
  No. nonlinear iterations =      27
  No. nonlinear convergence failures =       0
  No. error test failures =       0
  Last step size used =    0.88002E+07
  Index compenent largest error = ********

 ...  203 / 286

 No. steps =      22   No. f-s =     698   No. J-s =       1   No. LU-s =       7
  No. nonlinear iterations =      27
  No. nonlinear convergence failures =       0
  No. error test failures =       0
  Last step size used =    0.89848E+07
  Index compenent largest error = ********

 ...  204 / 286

 No. steps =      21   No. f-s =     696   No. J-s =       1   No. LU-s =       7
  No. nonlinear iterations =      25
  No. nonlinear convergence failures =       0
  No. error test failures =       0
  Last step size used =    0.10529E+08
  Index compenent largest error = ********

 ...  205 / 286

 No. steps =      21   No. f-s =     696   No. J-s =       1   No. LU-s =       7
  No. nonlinear iterations =      25
  No. nonlinear convergence failures =       0
  No. error test failures =       0
  Last step size used =    0.95249E+07
  Index compenent largest error = ********

 ...  206 / 286

 No. steps =      21   No. f-s =     696   No. J-s =       1   No. LU-s =       7
  No. nonlinear iterations =      25
  No. nonlinear convergence failures =       0
  No. error test failures =       0
  Last step size used =    0.94759E+07
  Index compenent largest error = ********

 ...  207 / 286

 No. steps =      21   No. f-s =     696   No. J-s =       1   No. LU-s =       7
  No. nonlinear iterations =      25
  No. nonlinear convergence failures =       0
  No. error test failures =       0
  Last step size used =    0.94256E+07
  Index compenent largest error = ********

 ...  208 / 286

 No. steps =      21   No. f-s =     696   No. J-s =       1   No. LU-s =       7
  No. nonlinear iterations =      25
  No. nonlinear convergence failures =       0
  No. error test failures =       0
  Last step size used =    0.10026E+08
  Index compenent largest error = ********

 ...  209 / 286

 No. steps =      21   No. f-s =     696   No. J-s =       1   No. LU-s =       7
  No. nonlinear iterations =      25
  No. nonlinear convergence failures =       0
  No. error test failures =       0
  Last step size used =    0.99969E+07
  Index compenent largest error = ********

 ...  210 / 286

 No. steps =      21   No. f-s =     696   No. J-s =       1   No. LU-s =       7
  No. nonlinear iterations =      25
  No. nonlinear convergence failures =       0
  No. error test failures =       0
  Last step size used =    0.98394E+07
  Index compenent largest error = ********

 ...  211 / 286

 No. steps =      21   No. f-s =     696   No. J-s =       1   No. LU-s =       7
  No. nonlinear iterations =      25
  No. nonlinear convergence failures =       0
  No. error test failures =       0
  Last step size used =    0.10405E+08
  Index compenent largest error = ********

 ...  212 / 286

 No. steps =      21   No. f-s =     696   No. J-s =       1   No. LU-s =       7
  No. nonlinear iterations =      25
  No. nonlinear convergence failures =       0
  No. error test failures =       0
  Last step size used =    0.95903E+07
  Index compenent largest error = ********

 ...  213 / 286

 No. steps =      21   No. f-s =     696   No. J-s =       1   No. LU-s =       7
  No. nonlinear iterations =      25
  No. nonlinear convergence failures =       0
  No. error test failures =       0
  Last step size used =    0.10118E+08
  Index compenent largest error = ********

 ...  214 / 286

 No. steps =      21   No. f-s =     696   No. J-s =       1   No. LU-s =       7
  No. nonlinear iterations =      25
  No. nonlinear convergence failures =       0
  No. error test failures =       0
  Last step size used =    0.10334E+08
  Index compenent largest error = ********

 ...  215 / 286

 No. steps =      21   No. f-s =     696   No. J-s =       1   No. LU-s =       7
  No. nonlinear iterations =      25
  No. nonlinear convergence failures =       0
  No. error test failures =       0
  Last step size used =    0.11252E+08
  Index compenent largest error = ********

 ...  216 / 286

 No. steps =      21   No. f-s =     696   No. J-s =       1   No. LU-s =       7
  No. nonlinear iterations =      25
  No. nonlinear convergence failures =       0
  No. error test failures =       0
  Last step size used =    0.10859E+08
  Index compenent largest error = ********

 ...  217 / 286

 No. steps =      21   No. f-s =     696   No. J-s =       1   No. LU-s =       7
  No. nonlinear iterations =      25
  No. nonlinear convergence failures =       0
  No. error test failures =       0
  Last step size used =    0.10654E+08
  Index compenent largest error = ********

 ...  218 / 286

 No. steps =      21   No. f-s =     696   No. J-s =       1   No. LU-s =       7
  No. nonlinear iterations =      25
  No. nonlinear convergence failures =       0
  No. error test failures =       0
  Last step size used =    0.10359E+08
  Index compenent largest error = ********

 ...  219 / 286

 No. steps =      21   No. f-s =     696   No. J-s =       1   No. LU-s =       7
  No. nonlinear iterations =      25
  No. nonlinear convergence failures =       0
  No. error test failures =       0
  Last step size used =    0.11332E+08
  Index compenent largest error = ********

 ...  220 / 286

 No. steps =      20   No. f-s =     695   No. J-s =       1   No. LU-s =       6
  No. nonlinear iterations =      24
  No. nonlinear convergence failures =       0
  No. error test failures =       0
  Last step size used =    0.62558E+07
  Index compenent largest error = ********

 ...  221 / 286

 No. steps =      21   No. f-s =     696   No. J-s =       1   No. LU-s =       7
  No. nonlinear iterations =      25
  No. nonlinear convergence failures =       0
  No. error test failures =       0
  Last step size used =    0.11183E+08
  Index compenent largest error = ********

 ...  222 / 286

 No. steps =      20   No. f-s =     695   No. J-s =       1   No. LU-s =       6
  No. nonlinear iterations =      24
  No. nonlinear convergence failures =       0
  No. error test failures =       0
  Last step size used =    0.63039E+07
  Index compenent largest error = ********

 ...  223 / 286

 No. steps =      21   No. f-s =     696   No. J-s =       1   No. LU-s =       7
  No. nonlinear iterations =      25
  No. nonlinear convergence failures =       0
  No. error test failures =       0
  Last step size used =    0.10859E+08
  Index compenent largest error = ********

 ...  224 / 286

 No. steps =      21   No. f-s =     696   No. J-s =       1   No. LU-s =       7
  No. nonlinear iterations =      25
  No. nonlinear convergence failures =       0
  No. error test failures =       0
  Last step size used =    0.11326E+08
  Index compenent largest error = ********

 ...  225 / 286

 No. steps =      20   No. f-s =     695   No. J-s =       1   No. LU-s =       6
  No. nonlinear iterations =      24
  No. nonlinear convergence failures =       0
  No. error test failures =       0
  Last step size used =    0.63049E+07
  Index compenent largest error = ********

 ...  226 / 286

 No. steps =      20   No. f-s =     695   No. J-s =       1   No. LU-s =       6
  No. nonlinear iterations =      24
  No. nonlinear convergence failures =       0
  No. error test failures =       0
  Last step size used =    0.65747E+07
  Index compenent largest error = ********

 ...  227 / 286

 No. steps =      20   No. f-s =     695   No. J-s =       1   No. LU-s =       6
  No. nonlinear iterations =      24
  No. nonlinear convergence failures =       0
  No. error test failures =       0
  Last step size used =    0.64717E+07
  Index compenent largest error = ********

 ...  228 / 286

 No. steps =      21   No. f-s =     696   No. J-s =       1   No. LU-s =       7
  No. nonlinear iterations =      25
  No. nonlinear convergence failures =       0
  No. error test failures =       0
  Last step size used =    0.11225E+08
  Index compenent largest error = ********

 ...  229 / 286

 No. steps =      20   No. f-s =     695   No. J-s =       1   No. LU-s =       6
  No. nonlinear iterations =      24
  No. nonlinear convergence failures =       0
  No. error test failures =       0
  Last step size used =    0.67254E+07
  Index compenent largest error = ********

 ...  230 / 286

 No. steps =      20   No. f-s =     695   No. J-s =       1   No. LU-s =       6
  No. nonlinear iterations =      24
  No. nonlinear convergence failures =       0
  No. error test failures =       0
  Last step size used =    0.68517E+07
  Index compenent largest error = ********

 ...  231 / 286

 No. steps =      20   No. f-s =     695   No. J-s =       1   No. LU-s =       6
  No. nonlinear iterations =      24
  No. nonlinear convergence failures =       0
  No. error test failures =       0
  Last step size used =    0.67696E+07
  Index compenent largest error = ********

 ...  232 / 286

 No. steps =      20   No. f-s =     695   No. J-s =       1   No. LU-s =       6
  No. nonlinear iterations =      24
  No. nonlinear convergence failures =       0
  No. error test failures =       0
  Last step size used =    0.67983E+07
  Index compenent largest error = ********

 ...  233 / 286

 No. steps =      20   No. f-s =     695   No. J-s =       1   No. LU-s =       6
  No. nonlinear iterations =      24
  No. nonlinear convergence failures =       0
  No. error test failures =       0
  Last step size used =    0.68742E+07
  Index compenent largest error = ********

 ...  234 / 286

 No. steps =      20   No. f-s =     695   No. J-s =       1   No. LU-s =       6
  No. nonlinear iterations =      24
  No. nonlinear convergence failures =       0
  No. error test failures =       0
  Last step size used =    0.66843E+07
  Index compenent largest error = ********

 ...  235 / 286

 No. steps =      20   No. f-s =     695   No. J-s =       1   No. LU-s =       6
  No. nonlinear iterations =      24
  No. nonlinear convergence failures =       0
  No. error test failures =       0
  Last step size used =    0.68080E+07
  Index compenent largest error = ********

 ...  236 / 286

 No. steps =      20   No. f-s =     695   No. J-s =       1   No. LU-s =       6
  No. nonlinear iterations =      24
  No. nonlinear convergence failures =       0
  No. error test failures =       0
  Last step size used =    0.69206E+07
  Index compenent largest error = ********

 ...  237 / 286

 No. steps =      20   No. f-s =     695   No. J-s =       1   No. LU-s =       6
  No. nonlinear iterations =      24
  No. nonlinear convergence failures =       0
  No. error test failures =       0
  Last step size used =    0.69971E+07
  Index compenent largest error = ********

 ...  238 / 286

 No. steps =      20   No. f-s =     695   No. J-s =       1   No. LU-s =       6
  No. nonlinear iterations =      24
  No. nonlinear convergence failures =       0
  No. error test failures =       0
  Last step size used =    0.69964E+07
  Index compenent largest error = ********

 ...  239 / 286

 No. steps =      20   No. f-s =     695   No. J-s =       1   No. LU-s =       6
  No. nonlinear iterations =      24
  No. nonlinear convergence failures =       0
  No. error test failures =       0
  Last step size used =    0.69869E+07
  Index compenent largest error = ********

 ...  240 / 286

 No. steps =      19   No. f-s =     694   No. J-s =       1   No. LU-s =       6
  No. nonlinear iterations =      23
  No. nonlinear convergence failures =       0
  No. error test failures =       0
  Last step size used =    0.73014E+07
  Index compenent largest error = ********

 ...  241 / 286

 No. steps =      19   No. f-s =     694   No. J-s =       1   No. LU-s =       6
  No. nonlinear iterations =      23
  No. nonlinear convergence failures =       0
  No. error test failures =       0
  Last step size used =    0.74445E+07
  Index compenent largest error = ********

 ...  242 / 286

 No. steps =      19   No. f-s =     694   No. J-s =       1   No. LU-s =       6
  No. nonlinear iterations =      23
  No. nonlinear convergence failures =       0
  No. error test failures =       0
  Last step size used =    0.72990E+07
  Index compenent largest error = ********

 ...  243 / 286

 No. steps =      19   No. f-s =     694   No. J-s =       1   No. LU-s =       6
  No. nonlinear iterations =      23
  No. nonlinear convergence failures =       0
  No. error test failures =       0
  Last step size used =    0.73284E+07
  Index compenent largest error = ********

 ...  244 / 286

 No. steps =      19   No. f-s =     694   No. J-s =       1   No. LU-s =       6
  No. nonlinear iterations =      23
  No. nonlinear convergence failures =       0
  No. error test failures =       0
  Last step size used =    0.74478E+07
  Index compenent largest error = ********

 ...  245 / 286

 No. steps =      19   No. f-s =     694   No. J-s =       1   No. LU-s =       6
  No. nonlinear iterations =      23
  No. nonlinear convergence failures =       0
  No. error test failures =       0
  Last step size used =    0.73650E+07
  Index compenent largest error = ********

 ...  246 / 286

 No. steps =      19   No. f-s =     694   No. J-s =       1   No. LU-s =       6
  No. nonlinear iterations =      23
  No. nonlinear convergence failures =       0
  No. error test failures =       0
  Last step size used =    0.73452E+07
  Index compenent largest error = ********

 ...  247 / 286

 No. steps =      19   No. f-s =     694   No. J-s =       1   No. LU-s =       6
  No. nonlinear iterations =      23
  No. nonlinear convergence failures =       0
  No. error test failures =       0
  Last step size used =    0.74897E+07
  Index compenent largest error = ********

 ...  248 / 286

 No. steps =      19   No. f-s =     694   No. J-s =       1   No. LU-s =       6
  No. nonlinear iterations =      23
  No. nonlinear convergence failures =       0
  No. error test failures =       0
  Last step size used =    0.74792E+07
  Index compenent largest error = ********

 ...  249 / 286

 No. steps =      19   No. f-s =     694   No. J-s =       1   No. LU-s =       6
  No. nonlinear iterations =      23
  No. nonlinear convergence failures =       0
  No. error test failures =       0
  Last step size used =    0.75553E+07
  Index compenent largest error = ********

 ...  250 / 286

 No. steps =      19   No. f-s =     694   No. J-s =       1   No. LU-s =       6
  No. nonlinear iterations =      23
  No. nonlinear convergence failures =       0
  No. error test failures =       0
  Last step size used =    0.76524E+07
  Index compenent largest error = ********

 ...  251 / 286

 No. steps =      19   No. f-s =     694   No. J-s =       1   No. LU-s =       6
  No. nonlinear iterations =      23
  No. nonlinear convergence failures =       0
  No. error test failures =       0
  Last step size used =    0.78899E+07
  Index compenent largest error = ********

 ...  252 / 286

 No. steps =      19   No. f-s =     694   No. J-s =       1   No. LU-s =       6
  No. nonlinear iterations =      23
  No. nonlinear convergence failures =       0
  No. error test failures =       0
  Last step size used =    0.79200E+07
  Index compenent largest error = ********

 ...  253 / 286

 No. steps =      19   No. f-s =     694   No. J-s =       1   No. LU-s =       6
  No. nonlinear iterations =      23
  No. nonlinear convergence failures =       0
  No. error test failures =       0
  Last step size used =    0.78690E+07
  Index compenent largest error = ********

 ...  254 / 286

 No. steps =      19   No. f-s =     694   No. J-s =       1   No. LU-s =       6
  No. nonlinear iterations =      23
  No. nonlinear convergence failures =       0
  No. error test failures =       0
  Last step size used =    0.79211E+07
  Index compenent largest error = ********

 ...  255 / 286

 No. steps =      19   No. f-s =     694   No. J-s =       1   No. LU-s =       6
  No. nonlinear iterations =      23
  No. nonlinear convergence failures =       0
  No. error test failures =       0
  Last step size used =    0.80097E+07
  Index compenent largest error = ********

 ...  256 / 286

 No. steps =      19   No. f-s =     694   No. J-s =       1   No. LU-s =       6
  No. nonlinear iterations =      23
  No. nonlinear convergence failures =       0
  No. error test failures =       0
  Last step size used =    0.79639E+07
  Index compenent largest error = ********

 ...  257 / 286

 No. steps =      19   No. f-s =     694   No. J-s =       1   No. LU-s =       6
  No. nonlinear iterations =      23
  No. nonlinear convergence failures =       0
  No. error test failures =       0
  Last step size used =    0.79269E+07
  Index compenent largest error = ********

 ...  258 / 286

 No. steps =      19   No. f-s =     694   No. J-s =       1   No. LU-s =       6
  No. nonlinear iterations =      23
  No. nonlinear convergence failures =       0
  No. error test failures =       0
  Last step size used =    0.80009E+07
  Index compenent largest error = ********

 ...  259 / 286

 No. steps =      19   No. f-s =     694   No. J-s =       1   No. LU-s =       6
  No. nonlinear iterations =      23
  No. nonlinear convergence failures =       0
  No. error test failures =       0
  Last step size used =    0.81470E+07
  Index compenent largest error = ********

 ...  260 / 286

 No. steps =      19   No. f-s =     694   No. J-s =       1   No. LU-s =       6
  No. nonlinear iterations =      23
  No. nonlinear convergence failures =       0
  No. error test failures =       0
  Last step size used =    0.81452E+07
  Index compenent largest error = ********

 ...  261 / 286

 No. steps =      18   No. f-s =     693   No. J-s =       1   No. LU-s =       6
  No. nonlinear iterations =      22
  No. nonlinear convergence failures =       0
  No. error test failures =       0
  Last step size used =    0.82007E+07
  Index compenent largest error = ********

 ...  262 / 286

 No. steps =      19   No. f-s =     694   No. J-s =       1   No. LU-s =       7
  No. nonlinear iterations =      23
  No. nonlinear convergence failures =       0
  No. error test failures =       0
  Last step size used =    0.98119E+07
  Index compenent largest error = ********

 ...  263 / 286

 No. steps =      19   No. f-s =     694   No. J-s =       1   No. LU-s =       7
  No. nonlinear iterations =      23
  No. nonlinear convergence failures =       0
  No. error test failures =       0
  Last step size used =    0.98379E+07
  Index compenent largest error = ********

 ...  264 / 286

 No. steps =      19   No. f-s =     694   No. J-s =       1   No. LU-s =       7
  No. nonlinear iterations =      23
  No. nonlinear convergence failures =       0
  No. error test failures =       0
  Last step size used =    0.98624E+07
  Index compenent largest error = ********

 ...  265 / 286

 No. steps =      19   No. f-s =     694   No. J-s =       1   No. LU-s =       7
  No. nonlinear iterations =      23
  No. nonlinear convergence failures =       0
  No. error test failures =       0
  Last step size used =    0.98879E+07
  Index compenent largest error = ********

 ...  266 / 286

 No. steps =      19   No. f-s =     694   No. J-s =       1   No. LU-s =       7
  No. nonlinear iterations =      23
  No. nonlinear convergence failures =       0
  No. error test failures =       0
  Last step size used =    0.99112E+07
  Index compenent largest error = ********

 ...  267 / 286

 No. steps =      19   No. f-s =     694   No. J-s =       1   No. LU-s =       7
  No. nonlinear iterations =      23
  No. nonlinear convergence failures =       0
  No. error test failures =       0
  Last step size used =    0.99345E+07
  Index compenent largest error = ********

 ...  268 / 286

 No. steps =      19   No. f-s =     694   No. J-s =       1   No. LU-s =       7
  No. nonlinear iterations =      23
  No. nonlinear convergence failures =       0
  No. error test failures =       0
  Last step size used =    0.99574E+07
  Index compenent largest error = ********

 ...  269 / 286

 No. steps =      19   No. f-s =     694   No. J-s =       1   No. LU-s =       7
  No. nonlinear iterations =      23
  No. nonlinear convergence failures =       0
  No. error test failures =       0
  Last step size used =    0.99807E+07
  Index compenent largest error = ********

 ...  270 / 286

 No. steps =      19   No. f-s =     694   No. J-s =       1   No. LU-s =       7
  No. nonlinear iterations =      23
  No. nonlinear convergence failures =       0
  No. error test failures =       0
  Last step size used =    0.10008E+08
  Index compenent largest error = ********

 ...  271 / 286

 No. steps =      19   No. f-s =     694   No. J-s =       1   No. LU-s =       7
  No. nonlinear iterations =      23
  No. nonlinear convergence failures =       0
  No. error test failures =       0
  Last step size used =    0.10030E+08
  Index compenent largest error = ********

 ...  272 / 286

 No. steps =      19   No. f-s =     694   No. J-s =       1   No. LU-s =       7
  No. nonlinear iterations =      23
  No. nonlinear convergence failures =       0
  No. error test failures =       0
  Last step size used =    0.10046E+08
  Index compenent largest error = ********

 ...  273 / 286

 No. steps =      19   No. f-s =     694   No. J-s =       1   No. LU-s =       7
  No. nonlinear iterations =      23
  No. nonlinear convergence failures =       0
  No. error test failures =       0
  Last step size used =    0.10112E+08
  Index compenent largest error = ********

 ...  274 / 286

 No. steps =      19   No. f-s =     694   No. J-s =       1   No. LU-s =       7
  No. nonlinear iterations =      23
  No. nonlinear convergence failures =       0
  No. error test failures =       0
  Last step size used =    0.10114E+08
  Index compenent largest error = ********

 ...  275 / 286

 No. steps =      19   No. f-s =     694   No. J-s =       1   No. LU-s =       7
  No. nonlinear iterations =      23
  No. nonlinear convergence failures =       0
  No. error test failures =       0
  Last step size used =    0.10139E+08
  Index compenent largest error = ********

 ...  276 / 286

 No. steps =      19   No. f-s =     695   No. J-s =       1   No. LU-s =       6
  No. nonlinear iterations =      24
  No. nonlinear convergence failures =       0
  No. error test failures =       0
  Last step size used =    0.58223E+07
  Index compenent largest error = ********

 ...  277 / 286

 No. steps =      19   No. f-s =     694   No. J-s =       1   No. LU-s =       7
  No. nonlinear iterations =      23
  No. nonlinear convergence failures =       0
  No. error test failures =       0
  Last step size used =    0.10196E+08
  Index compenent largest error = ********

 ...  278 / 286

 No. steps =      19   No. f-s =     695   No. J-s =       1   No. LU-s =       6
  No. nonlinear iterations =      24
  No. nonlinear convergence failures =       0
  No. error test failures =       0
  Last step size used =    0.58566E+07
  Index compenent largest error = ********

 ...  279 / 286

 No. steps =      19   No. f-s =     694   No. J-s =       1   No. LU-s =       7
  No. nonlinear iterations =      23
  No. nonlinear convergence failures =       0
  No. error test failures =       0
  Last step size used =    0.10217E+08
  Index compenent largest error = ********

 ...  280 / 286

 No. steps =      19   No. f-s =     695   No. J-s =       1   No. LU-s =       6
  No. nonlinear iterations =      24
  No. nonlinear convergence failures =       0
  No. error test failures =       0
  Last step size used =    0.59308E+07
  Index compenent largest error = ********

 ...  281 / 286

 No. steps =      19   No. f-s =     695   No. J-s =       1   No. LU-s =       6
  No. nonlinear iterations =      24
  No. nonlinear convergence failures =       0
  No. error test failures =       0
  Last step size used =    0.60167E+07
  Index compenent largest error = ********

 ...  282 / 286

 No. steps =      19   No. f-s =     695   No. J-s =       1   No. LU-s =       6
  No. nonlinear iterations =      24
  No. nonlinear convergence failures =       0
  No. error test failures =       0
  Last step size used =    0.59896E+07
  Index compenent largest error = ********

 ...  283 / 286

 No. steps =      19   No. f-s =     695   No. J-s =       1   No. LU-s =       6
  No. nonlinear iterations =      24
  No. nonlinear convergence failures =       0
  No. error test failures =       0
  Last step size used =    0.59635E+07
  Index compenent largest error = ********

 ...  284 / 286

 No. steps =      19   No. f-s =     695   No. J-s =       1   No. LU-s =       6
  No. nonlinear iterations =      24
  No. nonlinear convergence failures =       0
  No. error test failures =       0
  Last step size used =    0.60957E+07
  Index compenent largest error = ********

 ...  285 / 286

 No. steps =      18   No. f-s =     694   No. J-s =       1   No. LU-s =       6
  No. nonlinear iterations =      23
  No. nonlinear convergence failures =       0
  No. error test failures =       0
  Last step size used =    0.62249E+07
  Index compenent largest error = ********

 ...  286 / 286

 No. steps =      18   No. f-s =     694   No. J-s =       1   No. LU-s =       6
  No. nonlinear iterations =      23
  No. nonlinear convergence failures =       0
  No. error test failures =       0
  Last step size used =    0.61890E+07
  Index compenent largest error = ********


    ... DONE!
 +++++++++++++++++++++++++++++++++++++++++++++++++++


+------------------ Job Report: 10176574 (COMPLETED) ------------------+
| Memory (RAM)  [                    ]  0.1% (1 MB peak / 1 GB)        |
| CPU           [###########         ] 55.3% average                   |
| Time          [>                   ]  1.3% (0-00:00:47 / 0-01:00:00) |
|                                                                      |
| Lustre Filesystem:                                                   |
|   Path    Total Read    Total Write    Total IOPS                    |
|   ------  ------------  -------------  ------------                  |
|   /apps   0 B           0 B            18                            |
|   /fred   28 KB         78 MB          4.4 K                         |
+----------------------------------------------------------------------+
