Starting job 10175762, array task 431 on dave28
Chemistry type: Orich
Analysis mode: false
Found 462 valid particle IDs in /fred/oz304/beckers/Chemistry/traces/wind_v10/trace_output_with_av
Returning 460 particle IDs (after start_index=2 offset)
SLURM task 431: processing particle 3885560
Running Orich evolving_model on 1 phantom particle trace(s) from wind_v10

 +++++++++++++++++++++++++++++++++++++++++++++++++++
 +++++        ENVELOPE CHEMICAL MODEL         ++++++
 +++++++++++++++++++++++++++++++++++++++++++++++++++

 Version 1.0 authored by Catherine Walsh and Maria 
    Drozdovskaya, Leiden Observatory (01/08/2013)

 Version 1.1 amended by Catherine Walsh (18/05/2014)

 Version 1.2 amended by Catherine Walsh (13/08/2015)

 +++++++++++++++++++++++++++++++++++++++++++++++++++

          Input file =  Orich/param/trace_file_param/file_parameters_3885560.txt              

 Physical conditions  = Orich/input/3885560.txt                                               
 Chemical network     = ./rate12_complex.rates                                                
 Species file         = ./rate12_complex_atomic_Orich.specs                                   
 Binding energies     = ./rate12_binding.dat                                                  
 Reaction parameters  = param/reaction_parameters.txt                                         
 Grain parameters     = param/grain_parameters.txt                                            
 Radiation parameters = param/radiation_parameters.txt                                        

 Output file          = Orich/output/model_output_3885560.dat                                 
 Rates file           = Orich/output/model_rates_3885560.dat                                  

 Opening and reading physical conditions file ...

 +++++++++++++++++++++++++++++++++++++++++++++++++++
 Beginning to run model ...
 +++++++++++++++++++++++++++++++++++++++++++++++++++

 Preparing output files ...

 Progress = ...
 ...    1 /  97

 No. steps =    1445   No. f-s =   26424   No. J-s =      36   No. LU-s =     243
  No. nonlinear iterations =    2375
  No. nonlinear convergence failures =       0
  No. error test failures =      89
  Last step size used =    0.23582E+08
  Index compenent largest error = ********

 ...    2 /  97

 No. steps =      94   No. f-s =    1449   No. J-s =       2   No. LU-s =      17
  No. nonlinear iterations =     110
  No. nonlinear convergence failures =       0
  No. error test failures =       1
  Last step size used =    0.32555E+07
  Index compenent largest error = ********

 ...    3 /  97

 No. steps =      90   No. f-s =    1444   No. J-s =       2   No. LU-s =      17
  No. nonlinear iterations =     105
  No. nonlinear convergence failures =       0
  No. error test failures =       1
  Last step size used =    0.32020E+07
  Index compenent largest error = ********

 ...    4 /  97

 No. steps =      74   No. f-s =    1422   No. J-s =       2   No. LU-s =      16
  No. nonlinear iterations =      83
  No. nonlinear convergence failures =       0
  No. error test failures =       0
  Last step size used =    0.56067E+07
  Index compenent largest error = ********

 ...    5 /  97

 No. steps =      80   No. f-s =    1429   No. J-s =       2   No. LU-s =      14
  No. nonlinear iterations =      90
  No. nonlinear convergence failures =       0
  No. error test failures =       0
  Last step size used =    0.34705E+07
  Index compenent largest error = ********

 ...    6 /  97

 No. steps =      77   No. f-s =    1426   No. J-s =       2   No. LU-s =      14
  No. nonlinear iterations =      87
  No. nonlinear convergence failures =       0
  No. error test failures =       0
  Last step size used =    0.43715E+07
  Index compenent largest error = ********

 ...    7 /  97

 No. steps =      75   No. f-s =    1425   No. J-s =       2   No. LU-s =      13
  No. nonlinear iterations =      86
  No. nonlinear convergence failures =       0
  No. error test failures =       0
  Last step size used =    0.30884E+07
  Index compenent largest error = ********

 ...    8 /  97

 No. steps =      69   No. f-s =    1420   No. J-s =       2   No. LU-s =      14
  No. nonlinear iterations =      81
  No. nonlinear convergence failures =       0
  No. error test failures =       0
  Last step size used =    0.57274E+07
  Index compenent largest error = ********

 ...    9 /  97

 No. steps =      65   No. f-s =    1415   No. J-s =       2   No. LU-s =      15
  No. nonlinear iterations =      76
  No. nonlinear convergence failures =       0
  No. error test failures =       1
  Last step size used =    0.41434E+07
  Index compenent largest error = ********

 ...   10 /  97

 No. steps =      59   No. f-s =    1405   No. J-s =       2   No. LU-s =      11
  No. nonlinear iterations =      66
  No. nonlinear convergence failures =       0
  No. error test failures =       0
  Last step size used =    0.38359E+07
  Index compenent largest error = ********

 ...   11 /  97

 No. steps =      69   No. f-s =    1421   No. J-s =       2   No. LU-s =      13
  No. nonlinear iterations =      82
  No. nonlinear convergence failures =       0
  No. error test failures =       1
  Last step size used =    0.27410E+07
  Index compenent largest error = ********

 ...   12 /  97

 No. steps =      96   No. f-s =    1448   No. J-s =       2   No. LU-s =      19
  No. nonlinear iterations =     109
  No. nonlinear convergence failures =       0
  No. error test failures =       1
  Last step size used =    0.25481E+07
  Index compenent largest error = ********

 ...   13 /  97

 No. steps =      79   No. f-s =    1429   No. J-s =       2   No. LU-s =      14
  No. nonlinear iterations =      90
  No. nonlinear convergence failures =       0
  No. error test failures =       0
  Last step size used =    0.30348E+07
  Index compenent largest error = ********

 ...   14 /  97

 No. steps =      59   No. f-s =    1405   No. J-s =       2   No. LU-s =      12
  No. nonlinear iterations =      66
  No. nonlinear convergence failures =       0
  No. error test failures =       0
  Last step size used =    0.29019E+07
  Index compenent largest error = ********

 ...   15 /  97

 No. steps =      60   No. f-s =    1408   No. J-s =       2   No. LU-s =      13
  No. nonlinear iterations =      69
  No. nonlinear convergence failures =       0
  No. error test failures =       0
  Last step size used =    0.33543E+07
  Index compenent largest error = ********

 ...   16 /  97

 No. steps =      66   No. f-s =    1415   No. J-s =       2   No. LU-s =      12
  No. nonlinear iterations =      76
  No. nonlinear convergence failures =       0
  No. error test failures =       0
  Last step size used =    0.34110E+07
  Index compenent largest error = ********

 ...   17 /  97

 No. steps =      62   No. f-s =    1409   No. J-s =       2   No. LU-s =      14
  No. nonlinear iterations =      70
  No. nonlinear convergence failures =       0
  No. error test failures =       0
  Last step size used =    0.48458E+07
  Index compenent largest error = ********

 ...   18 /  97

 No. steps =      60   No. f-s =    1406   No. J-s =       2   No. LU-s =      13
  No. nonlinear iterations =      67
  No. nonlinear convergence failures =       0
  No. error test failures =       0
  Last step size used =    0.39193E+07
  Index compenent largest error = ********

 ...   19 /  97

 No. steps =      62   No. f-s =    1408   No. J-s =       2   No. LU-s =      13
  No. nonlinear iterations =      69
  No. nonlinear convergence failures =       0
  No. error test failures =       0
  Last step size used =    0.39116E+07
  Index compenent largest error = ********

 ...   20 /  97

 No. steps =      61   No. f-s =    1407   No. J-s =       2   No. LU-s =      13
  No. nonlinear iterations =      68
  No. nonlinear convergence failures =       0
  No. error test failures =       0
  Last step size used =    0.42903E+07
  Index compenent largest error = ********

 ...   21 /  97

 No. steps =      57   No. f-s =    1404   No. J-s =       2   No. LU-s =      12
  No. nonlinear iterations =      65
  No. nonlinear convergence failures =       0
  No. error test failures =       0
  Last step size used =    0.37087E+07
  Index compenent largest error = ********

 ...   22 /  97

 No. steps =      54   No. f-s =    1403   No. J-s =       2   No. LU-s =      12
  No. nonlinear iterations =      64
  No. nonlinear convergence failures =       0
  No. error test failures =       0
  Last step size used =    0.37427E+07
  Index compenent largest error = ********

 ...   23 /  97

 No. steps =      53   No. f-s =    1402   No. J-s =       2   No. LU-s =      12
  No. nonlinear iterations =      63
  No. nonlinear convergence failures =       0
  No. error test failures =       0
  Last step size used =    0.39992E+07
  Index compenent largest error = ********

 ...   24 /  97

 No. steps =      53   No. f-s =     729   No. J-s =       1   No. LU-s =      10
  No. nonlinear iterations =      58
  No. nonlinear convergence failures =       0
  No. error test failures =       0
  Last step size used =    0.36643E+07
  Index compenent largest error = ********

 ...   25 /  97

 No. steps =      52   No. f-s =     731   No. J-s =       1   No. LU-s =      10
  No. nonlinear iterations =      60
  No. nonlinear convergence failures =       0
  No. error test failures =       0
  Last step size used =    0.39492E+07
  Index compenent largest error = ********

 ...   26 /  97

 No. steps =      50   No. f-s =     729   No. J-s =       1   No. LU-s =      10
  No. nonlinear iterations =      58
  No. nonlinear convergence failures =       0
  No. error test failures =       0
  Last step size used =    0.43903E+07
  Index compenent largest error = ********

 ...   27 /  97

 No. steps =      51   No. f-s =     729   No. J-s =       1   No. LU-s =      10
  No. nonlinear iterations =      58
  No. nonlinear convergence failures =       0
  No. error test failures =       0
  Last step size used =    0.41878E+07
  Index compenent largest error = ********

 ...   28 /  97

 No. steps =      48   No. f-s =     725   No. J-s =       1   No. LU-s =       9
  No. nonlinear iterations =      54
  No. nonlinear convergence failures =       0
  No. error test failures =       0
  Last step size used =    0.29192E+07
  Index compenent largest error = ********

 ...   29 /  97

 No. steps =      49   No. f-s =     728   No. J-s =       1   No. LU-s =       9
  No. nonlinear iterations =      57
  No. nonlinear convergence failures =       0
  No. error test failures =       0
  Last step size used =    0.41574E+07
  Index compenent largest error = ********

 ...   30 /  97

 No. steps =      47   No. f-s =     724   No. J-s =       1   No. LU-s =       8
  No. nonlinear iterations =      53
  No. nonlinear convergence failures =       0
  No. error test failures =       0
  Last step size used =    0.33809E+07
  Index compenent largest error = ********

 ...   31 /  97

 No. steps =      48   No. f-s =     727   No. J-s =       1   No. LU-s =       9
  No. nonlinear iterations =      56
  No. nonlinear convergence failures =       0
  No. error test failures =       0
  Last step size used =    0.34447E+07
  Index compenent largest error = ********

 ...   32 /  97

 No. steps =      47   No. f-s =     726   No. J-s =       1   No. LU-s =       9
  No. nonlinear iterations =      55
  No. nonlinear convergence failures =       0
  No. error test failures =       0
  Last step size used =    0.36779E+07
  Index compenent largest error = ********

 ...   33 /  97

 No. steps =      46   No. f-s =     724   No. J-s =       1   No. LU-s =       8
  No. nonlinear iterations =      53
  No. nonlinear convergence failures =       0
  No. error test failures =       0
  Last step size used =    0.38465E+07
  Index compenent largest error = ********

 ...   34 /  97

 No. steps =      46   No. f-s =     724   No. J-s =       1   No. LU-s =       8
  No. nonlinear iterations =      53
  No. nonlinear convergence failures =       0
  No. error test failures =       0
  Last step size used =    0.40763E+07
  Index compenent largest error = ********

 ...   35 /  97

 No. steps =      45   No. f-s =     723   No. J-s =       1   No. LU-s =       8
  No. nonlinear iterations =      52
  No. nonlinear convergence failures =       0
  No. error test failures =       0
  Last step size used =    0.43534E+07
  Index compenent largest error = ********

 ...   36 /  97

 No. steps =      45   No. f-s =     723   No. J-s =       1   No. LU-s =       8
  No. nonlinear iterations =      52
  No. nonlinear convergence failures =       0
  No. error test failures =       0
  Last step size used =    0.44253E+07
  Index compenent largest error = ********

 ...   37 /  97

 No. steps =      45   No. f-s =     722   No. J-s =       1   No. LU-s =       8
  No. nonlinear iterations =      51
  No. nonlinear convergence failures =       0
  No. error test failures =       0
  Last step size used =    0.37413E+07
  Index compenent largest error = ********

 ...   38 /  97

 No. steps =      44   No. f-s =     721   No. J-s =       1   No. LU-s =       8
  No. nonlinear iterations =      50
  No. nonlinear convergence failures =       0
  No. error test failures =       0
  Last step size used =    0.40315E+07
  Index compenent largest error = ********

 ...   39 /  97

 No. steps =      44   No. f-s =     721   No. J-s =       1   No. LU-s =       8
  No. nonlinear iterations =      50
  No. nonlinear convergence failures =       0
  No. error test failures =       0
  Last step size used =    0.42771E+07
  Index compenent largest error = ********

 ...   40 /  97

 No. steps =      43   No. f-s =     720   No. J-s =       1   No. LU-s =       8
  No. nonlinear iterations =      49
  No. nonlinear convergence failures =       0
  No. error test failures =       0
  Last step size used =    0.40216E+07
  Index compenent largest error = ********

 ...   41 /  97

 No. steps =      42   No. f-s =     720   No. J-s =       1   No. LU-s =       8
  No. nonlinear iterations =      49
  No. nonlinear convergence failures =       0
  No. error test failures =       0
  Last step size used =    0.40724E+07
  Index compenent largest error = ********

 ...   42 /  97

 No. steps =      42   No. f-s =     721   No. J-s =       1   No. LU-s =       8
  No. nonlinear iterations =      50
  No. nonlinear convergence failures =       0
  No. error test failures =       0
  Last step size used =    0.35759E+07
  Index compenent largest error = ********

 ...   43 /  97

 No. steps =      42   No. f-s =     721   No. J-s =       1   No. LU-s =       8
  No. nonlinear iterations =      50
  No. nonlinear convergence failures =       0
  No. error test failures =       0
  Last step size used =    0.36836E+07
  Index compenent largest error = ********

 ...   44 /  97

 No. steps =      41   No. f-s =     719   No. J-s =       1   No. LU-s =       8
  No. nonlinear iterations =      48
  No. nonlinear convergence failures =       0
  No. error test failures =       0
  Last step size used =    0.34681E+07
  Index compenent largest error = ********

 ...   45 /  97

 No. steps =      41   No. f-s =     719   No. J-s =       1   No. LU-s =       8
  No. nonlinear iterations =      48
  No. nonlinear convergence failures =       0
  No. error test failures =       0
  Last step size used =    0.35245E+07
  Index compenent largest error = ********

 ...   46 /  97

 No. steps =      40   No. f-s =     718   No. J-s =       1   No. LU-s =       8
  No. nonlinear iterations =      47
  No. nonlinear convergence failures =       0
  No. error test failures =       0
  Last step size used =    0.35913E+07
  Index compenent largest error = ********

 ...   47 /  97

 No. steps =      40   No. f-s =     718   No. J-s =       1   No. LU-s =       8
  No. nonlinear iterations =      47
  No. nonlinear convergence failures =       0
  No. error test failures =       0
  Last step size used =    0.36628E+07
  Index compenent largest error = ********

 ...   48 /  97

 No. steps =      40   No. f-s =     718   No. J-s =       1   No. LU-s =       8
  No. nonlinear iterations =      47
  No. nonlinear convergence failures =       0
  No. error test failures =       0
  Last step size used =    0.36881E+07
  Index compenent largest error = ********

 ...   49 /  97

 No. steps =      39   No. f-s =     717   No. J-s =       1   No. LU-s =       8
  No. nonlinear iterations =      46
  No. nonlinear convergence failures =       0
  No. error test failures =       0
  Last step size used =    0.37289E+07
  Index compenent largest error = ********

 ...   50 /  97

 No. steps =      38   No. f-s =     717   No. J-s =       1   No. LU-s =       8
  No. nonlinear iterations =      46
  No. nonlinear convergence failures =       0
  No. error test failures =       0
  Last step size used =    0.48088E+07
  Index compenent largest error = ********

 ...   51 /  97

 No. steps =      37   No. f-s =     716   No. J-s =       1   No. LU-s =       8
  No. nonlinear iterations =      45
  No. nonlinear convergence failures =       0
  No. error test failures =       0
  Last step size used =    0.51352E+07
  Index compenent largest error = ********

 ...   52 /  97

 No. steps =      37   No. f-s =     716   No. J-s =       1   No. LU-s =       8
  No. nonlinear iterations =      45
  No. nonlinear convergence failures =       0
  No. error test failures =       0
  Last step size used =    0.52401E+07
  Index compenent largest error = ********

 ...   53 /  97

 No. steps =      37   No. f-s =     715   No. J-s =       1   No. LU-s =       8
  No. nonlinear iterations =      44
  No. nonlinear convergence failures =       0
  No. error test failures =       0
  Last step size used =    0.53506E+07
  Index compenent largest error = ********

 ...   54 /  97

 No. steps =      38   No. f-s =     714   No. J-s =       1   No. LU-s =       8
  No. nonlinear iterations =      43
  No. nonlinear convergence failures =       0
  No. error test failures =       0
  Last step size used =    0.37912E+07
  Index compenent largest error = ********

 ...   55 /  97

 No. steps =      36   No. f-s =     713   No. J-s =       1   No. LU-s =       8
  No. nonlinear iterations =      42
  No. nonlinear convergence failures =       0
  No. error test failures =       0
  Last step size used =    0.43851E+07
  Index compenent largest error = ********

 ...   56 /  97

 No. steps =      35   No. f-s =     710   No. J-s =       1   No. LU-s =       7
  No. nonlinear iterations =      39
  No. nonlinear convergence failures =       0
  No. error test failures =       0
  Last step size used =    0.41769E+07
  Index compenent largest error = ********

 ...   57 /  97

 No. steps =      35   No. f-s =     710   No. J-s =       1   No. LU-s =       7
  No. nonlinear iterations =      39
  No. nonlinear convergence failures =       0
  No. error test failures =       0
  Last step size used =    0.40845E+07
  Index compenent largest error = ********

 ...   58 /  97

 No. steps =      34   No. f-s =     709   No. J-s =       1   No. LU-s =       7
  No. nonlinear iterations =      38
  No. nonlinear convergence failures =       0
  No. error test failures =       0
  Last step size used =    0.45891E+07
  Index compenent largest error = ********

 ...   59 /  97

 No. steps =      32   No. f-s =     708   No. J-s =       1   No. LU-s =       7
  No. nonlinear iterations =      37
  No. nonlinear convergence failures =       0
  No. error test failures =       0
  Last step size used =    0.51728E+07
  Index compenent largest error = ********

 ...   60 /  97

 No. steps =      32   No. f-s =     708   No. J-s =       1   No. LU-s =       7
  No. nonlinear iterations =      37
  No. nonlinear convergence failures =       0
  No. error test failures =       0
  Last step size used =    0.54133E+07
  Index compenent largest error = ********

 ...   61 /  97

 No. steps =      30   No. f-s =     705   No. J-s =       1   No. LU-s =       7
  No. nonlinear iterations =      34
  No. nonlinear convergence failures =       0
  No. error test failures =       0
  Last step size used =    0.45111E+07
  Index compenent largest error = ********

 ...   62 /  97

 No. steps =      29   No. f-s =     704   No. J-s =       1   No. LU-s =       7
  No. nonlinear iterations =      33
  No. nonlinear convergence failures =       0
  No. error test failures =       0
  Last step size used =    0.47801E+07
  Index compenent largest error = ********

 ...   63 /  97

 No. steps =      29   No. f-s =     704   No. J-s =       1   No. LU-s =       7
  No. nonlinear iterations =      33
  No. nonlinear convergence failures =       0
  No. error test failures =       0
  Last step size used =    0.49960E+07
  Index compenent largest error = ********

 ...   64 /  97

 No. steps =      27   No. f-s =     703   No. J-s =       1   No. LU-s =       8
  No. nonlinear iterations =      32
  No. nonlinear convergence failures =       0
  No. error test failures =       0
  Last step size used =    0.58288E+07
  Index compenent largest error = ********

 ...   65 /  97

 No. steps =      29   No. f-s =     704   No. J-s =       1   No. LU-s =       7
  No. nonlinear iterations =      33
  No. nonlinear convergence failures =       0
  No. error test failures =       0
  Last step size used =    0.66947E+07
  Index compenent largest error = ********

 ...   66 /  97

 No. steps =      27   No. f-s =     702   No. J-s =       1   No. LU-s =       7
  No. nonlinear iterations =      31
  No. nonlinear convergence failures =       0
  No. error test failures =       0
  Last step size used =    0.60170E+07
  Index compenent largest error = ********

 ...   67 /  97

 No. steps =      27   No. f-s =     702   No. J-s =       1   No. LU-s =       7
  No. nonlinear iterations =      31
  No. nonlinear convergence failures =       0
  No. error test failures =       0
  Last step size used =    0.63925E+07
  Index compenent largest error = ********

 ...   68 /  97

 No. steps =      27   No. f-s =     702   No. J-s =       1   No. LU-s =       6
  No. nonlinear iterations =      31
  No. nonlinear convergence failures =       0
  No. error test failures =       0
  Last step size used =    0.44014E+07
  Index compenent largest error = ********

 ...   69 /  97

 No. steps =      26   No. f-s =     702   No. J-s =       1   No. LU-s =       7
  No. nonlinear iterations =      31
  No. nonlinear convergence failures =       0
  No. error test failures =       0
  Last step size used =    0.45515E+07
  Index compenent largest error = ********

 ...   70 /  97

 No. steps =      27   No. f-s =     702   No. J-s =       1   No. LU-s =       7
  No. nonlinear iterations =      31
  No. nonlinear convergence failures =       0
  No. error test failures =       0
  Last step size used =    0.68825E+07
  Index compenent largest error = ********

 ...   71 /  97

 No. steps =      28   No. f-s =     703   No. J-s =       1   No. LU-s =       6
  No. nonlinear iterations =      32
  No. nonlinear convergence failures =       0
  No. error test failures =       0
  Last step size used =    0.50507E+07
  Index compenent largest error = ********

 ...   72 /  97

 No. steps =      28   No. f-s =     704   No. J-s =       1   No. LU-s =       7
  No. nonlinear iterations =      33
  No. nonlinear convergence failures =       0
  No. error test failures =       0
  Last step size used =    0.81362E+07
  Index compenent largest error = ********

 ...   73 /  97

 No. steps =      28   No. f-s =     703   No. J-s =       1   No. LU-s =       6
  No. nonlinear iterations =      32
  No. nonlinear convergence failures =       0
  No. error test failures =       0
  Last step size used =    0.50281E+07
  Index compenent largest error = ********

 ...   74 /  97

 No. steps =      28   No. f-s =     703   No. J-s =       1   No. LU-s =       6
  No. nonlinear iterations =      32
  No. nonlinear convergence failures =       0
  No. error test failures =       0
  Last step size used =    0.51367E+07
  Index compenent largest error = ********

 ...   75 /  97

 No. steps =      28   No. f-s =     703   No. J-s =       1   No. LU-s =       6
  No. nonlinear iterations =      32
  No. nonlinear convergence failures =       0
  No. error test failures =       0
  Last step size used =    0.50393E+07
  Index compenent largest error = ********

 ...   76 /  97

 No. steps =      27   No. f-s =     703   No. J-s =       1   No. LU-s =       7
  No. nonlinear iterations =      32
  No. nonlinear convergence failures =       0
  No. error test failures =       0
  Last step size used =    0.76139E+07
  Index compenent largest error = ********

 ...   77 /  97

 No. steps =      27   No. f-s =     703   No. J-s =       1   No. LU-s =       7
  No. nonlinear iterations =      32
  No. nonlinear convergence failures =       0
  No. error test failures =       0
  Last step size used =    0.73419E+07
  Index compenent largest error = ********

 ...   78 /  97

 No. steps =      27   No. f-s =     703   No. J-s =       1   No. LU-s =       7
  No. nonlinear iterations =      32
  No. nonlinear convergence failures =       0
  No. error test failures =       0
  Last step size used =    0.76750E+07
  Index compenent largest error = ********

 ...   79 /  97

 No. steps =      27   No. f-s =     703   No. J-s =       1   No. LU-s =       7
  No. nonlinear iterations =      32
  No. nonlinear convergence failures =       0
  No. error test failures =       0
  Last step size used =    0.77409E+07
  Index compenent largest error = ********

 ...   80 /  97

 No. steps =      27   No. f-s =     702   No. J-s =       1   No. LU-s =       6
  No. nonlinear iterations =      31
  No. nonlinear convergence failures =       0
  No. error test failures =       0
  Last step size used =    0.50498E+07
  Index compenent largest error = ********

 ...   81 /  97

 No. steps =      27   No. f-s =     702   No. J-s =       1   No. LU-s =       6
  No. nonlinear iterations =      31
  No. nonlinear convergence failures =       0
  No. error test failures =       0
  Last step size used =    0.50340E+07
  Index compenent largest error = ********

 ...   82 /  97

 No. steps =      27   No. f-s =     703   No. J-s =       1   No. LU-s =       7
  No. nonlinear iterations =      32
  No. nonlinear convergence failures =       0
  No. error test failures =       0
  Last step size used =    0.78591E+07
  Index compenent largest error = ********

 ...   83 /  97

 No. steps =      27   No. f-s =     702   No. J-s =       1   No. LU-s =       6
  No. nonlinear iterations =      31
  No. nonlinear convergence failures =       0
  No. error test failures =       0
  Last step size used =    0.51428E+07
  Index compenent largest error = ********

 ...   84 /  97

 No. steps =      27   No. f-s =     703   No. J-s =       1   No. LU-s =       7
  No. nonlinear iterations =      32
  No. nonlinear convergence failures =       0
  No. error test failures =       0
  Last step size used =    0.78635E+07
  Index compenent largest error = ********

 ...   85 /  97

 No. steps =      27   No. f-s =     703   No. J-s =       1   No. LU-s =       7
  No. nonlinear iterations =      32
  No. nonlinear convergence failures =       0
  No. error test failures =       0
  Last step size used =    0.78250E+07
  Index compenent largest error = ********

 ...   86 /  97

 No. steps =      27   No. f-s =     703   No. J-s =       1   No. LU-s =       7
  No. nonlinear iterations =      32
  No. nonlinear convergence failures =       0
  No. error test failures =       0
  Last step size used =    0.77912E+07
  Index compenent largest error = ********

 ...   87 /  97

 No. steps =      27   No. f-s =     703   No. J-s =       1   No. LU-s =       7
  No. nonlinear iterations =      32
  No. nonlinear convergence failures =       0
  No. error test failures =       0
  Last step size used =    0.76132E+07
  Index compenent largest error = ********

 ...   88 /  97

 No. steps =      27   No. f-s =     703   No. J-s =       1   No. LU-s =       7
  No. nonlinear iterations =      32
  No. nonlinear convergence failures =       0
  No. error test failures =       0
  Last step size used =    0.80371E+07
  Index compenent largest error = ********

 ...   89 /  97

 No. steps =      27   No. f-s =     703   No. J-s =       1   No. LU-s =       7
  No. nonlinear iterations =      32
  No. nonlinear convergence failures =       0
  No. error test failures =       0
  Last step size used =    0.83557E+07
  Index compenent largest error = ********

 ...   90 /  97

 No. steps =      27   No. f-s =     703   No. J-s =       1   No. LU-s =       7
  No. nonlinear iterations =      32
  No. nonlinear convergence failures =       0
  No. error test failures =       0
  Last step size used =    0.81224E+07
  Index compenent largest error = ********

 ...   91 /  97

 No. steps =      27   No. f-s =     703   No. J-s =       1   No. LU-s =       7
  No. nonlinear iterations =      32
  No. nonlinear convergence failures =       0
  No. error test failures =       0
  Last step size used =    0.83961E+07
  Index compenent largest error = ********

 ...   92 /  97

 No. steps =      26   No. f-s =     701   No. J-s =       1   No. LU-s =       6
  No. nonlinear iterations =      30
  No. nonlinear convergence failures =       0
  No. error test failures =       0
  Last step size used =    0.54297E+07
  Index compenent largest error = ********

 ...   93 /  97

 No. steps =      26   No. f-s =     701   No. J-s =       1   No. LU-s =       6
  No. nonlinear iterations =      30
  No. nonlinear convergence failures =       0
  No. error test failures =       0
  Last step size used =    0.53142E+07
  Index compenent largest error = ********

 ...   94 /  97

 No. steps =      26   No. f-s =     701   No. J-s =       1   No. LU-s =       6
  No. nonlinear iterations =      30
  No. nonlinear convergence failures =       0
  No. error test failures =       0
  Last step size used =    0.53275E+07
  Index compenent largest error = ********

 ...   95 /  97

 No. steps =      26   No. f-s =     701   No. J-s =       1   No. LU-s =       6
  No. nonlinear iterations =      30
  No. nonlinear convergence failures =       0
  No. error test failures =       0
  Last step size used =    0.52563E+07
  Index compenent largest error = ********

 ...   96 /  97

 No. steps =      26   No. f-s =     701   No. J-s =       1   No. LU-s =       6
  No. nonlinear iterations =      30
  No. nonlinear convergence failures =       0
  No. error test failures =       0
  Last step size used =    0.56092E+07
  Index compenent largest error = ********

 ...   97 /  97

 No. steps =      26   No. f-s =     701   No. J-s =       1   No. LU-s =       6
  No. nonlinear iterations =      30
  No. nonlinear convergence failures =       0
  No. error test failures =       0
  Last step size used =    0.55101E+07
  Index compenent largest error = ********


    ... DONE!
 +++++++++++++++++++++++++++++++++++++++++++++++++++


+------------------ Job Report: 10176632 (COMPLETED) ------------------+
| Memory (RAM)  No data available                                      |
| CPU           [########            ] 44.4% average                   |
| Time          [>                   ]  0.8% (0-00:00:27 / 0-01:00:00) |
|                                                                      |
| Lustre Filesystem:                                                   |
|   No data available                                                  |
+----------------------------------------------------------------------+
