Starting job 10175762, array task 415 on dave21
Chemistry type: Orich
Analysis mode: false
Found 462 valid particle IDs in /fred/oz304/beckers/Chemistry/traces/wind_v10/trace_output_with_av
Returning 460 particle IDs (after start_index=2 offset)
SLURM task 415: processing particle 3744900
Running Orich evolving_model on 1 phantom particle trace(s) from wind_v10

 +++++++++++++++++++++++++++++++++++++++++++++++++++
 +++++        ENVELOPE CHEMICAL MODEL         ++++++
 +++++++++++++++++++++++++++++++++++++++++++++++++++

 Version 1.0 authored by Catherine Walsh and Maria 
    Drozdovskaya, Leiden Observatory (01/08/2013)

 Version 1.1 amended by Catherine Walsh (18/05/2014)

 Version 1.2 amended by Catherine Walsh (13/08/2015)

 +++++++++++++++++++++++++++++++++++++++++++++++++++

          Input file =  Orich/param/trace_file_param/file_parameters_3744900.txt              

 Physical conditions  = Orich/input/3744900.txt                                               
 Chemical network     = ./rate12_complex.rates                                                
 Species file         = ./rate12_complex_atomic_Orich.specs                                   
 Binding energies     = ./rate12_binding.dat                                                  
 Reaction parameters  = param/reaction_parameters.txt                                         
 Grain parameters     = param/grain_parameters.txt                                            
 Radiation parameters = param/radiation_parameters.txt                                        

 Output file          = Orich/output/model_output_3744900.dat                                 
 Rates file           = Orich/output/model_rates_3744900.dat                                  

 Opening and reading physical conditions file ...

 +++++++++++++++++++++++++++++++++++++++++++++++++++
 Beginning to run model ...
 +++++++++++++++++++++++++++++++++++++++++++++++++++

 Preparing output files ...

 Progress = ...
 ...    1 / 151

 No. steps =    1212   No. f-s =   18516   No. J-s =      25   No. LU-s =     195
  No. nonlinear iterations =    1815
  No. nonlinear convergence failures =       0
  No. error test failures =      62
  Last step size used =    0.86076E+09
  Index compenent largest error = ********

 ...    2 / 151

 No. steps =      91   No. f-s =    1445   No. J-s =       2   No. LU-s =      17
  No. nonlinear iterations =     106
  No. nonlinear convergence failures =       0
  No. error test failures =       1
  Last step size used =    0.25894E+07
  Index compenent largest error = ********

 ...    3 / 151

 No. steps =      93   No. f-s =    1445   No. J-s =       2   No. LU-s =      16
  No. nonlinear iterations =     106
  No. nonlinear convergence failures =       0
  No. error test failures =       0
  Last step size used =    0.32436E+07
  Index compenent largest error = ********

 ...    4 / 151

 No. steps =      84   No. f-s =    1436   No. J-s =       2   No. LU-s =      16
  No. nonlinear iterations =      97
  No. nonlinear convergence failures =       0
  No. error test failures =       0
  Last step size used =    0.36008E+07
  Index compenent largest error = ********

 ...    5 / 151

 No. steps =      69   No. f-s =    1421   No. J-s =       2   No. LU-s =      15
  No. nonlinear iterations =      82
  No. nonlinear convergence failures =       0
  No. error test failures =       0
  Last step size used =    0.41801E+07
  Index compenent largest error = ********

 ...    6 / 151

 No. steps =      66   No. f-s =    1416   No. J-s =       2   No. LU-s =      14
  No. nonlinear iterations =      77
  No. nonlinear convergence failures =       0
  No. error test failures =       0
  Last step size used =    0.33858E+07
  Index compenent largest error = ********

 ...    7 / 151

 No. steps =      59   No. f-s =    1406   No. J-s =       2   No. LU-s =      12
  No. nonlinear iterations =      67
  No. nonlinear convergence failures =       0
  No. error test failures =       0
  Last step size used =    0.32584E+07
  Index compenent largest error = ********

 ...    8 / 151

 No. steps =      55   No. f-s =    1401   No. J-s =       2   No. LU-s =      11
  No. nonlinear iterations =      62
  No. nonlinear convergence failures =       0
  No. error test failures =       0
  Last step size used =    0.35861E+07
  Index compenent largest error = ********

 ...    9 / 151

 No. steps =      51   No. f-s =     728   No. J-s =       1   No. LU-s =       9
  No. nonlinear iterations =      57
  No. nonlinear convergence failures =       0
  No. error test failures =       0
  Last step size used =    0.30043E+07
  Index compenent largest error = ********

 ...   10 / 151

 No. steps =      48   No. f-s =     726   No. J-s =       1   No. LU-s =      10
  No. nonlinear iterations =      55
  No. nonlinear convergence failures =       0
  No. error test failures =       0
  Last step size used =    0.35600E+07
  Index compenent largest error = ********

 ...   11 / 151

 No. steps =      49   No. f-s =     726   No. J-s =       1   No. LU-s =       9
  No. nonlinear iterations =      55
  No. nonlinear convergence failures =       0
  No. error test failures =       0
  Last step size used =    0.42726E+07
  Index compenent largest error = ********

 ...   12 / 151

 No. steps =      49   No. f-s =     726   No. J-s =       1   No. LU-s =      10
  No. nonlinear iterations =      55
  No. nonlinear convergence failures =       0
  No. error test failures =       0
  Last step size used =    0.38929E+07
  Index compenent largest error = ********

 ...   13 / 151

 No. steps =      50   No. f-s =     729   No. J-s =       1   No. LU-s =      10
  No. nonlinear iterations =      58
  No. nonlinear convergence failures =       0
  No. error test failures =       0
  Last step size used =    0.38765E+07
  Index compenent largest error = ********

 ...   14 / 151

 No. steps =      48   No. f-s =     725   No. J-s =       1   No. LU-s =      10
  No. nonlinear iterations =      54
  No. nonlinear convergence failures =       0
  No. error test failures =       0
  Last step size used =    0.31050E+07
  Index compenent largest error = ********

 ...   15 / 151

 No. steps =      49   No. f-s =     729   No. J-s =       1   No. LU-s =       9
  No. nonlinear iterations =      58
  No. nonlinear convergence failures =       0
  No. error test failures =       0
  Last step size used =    0.26411E+07
  Index compenent largest error = ********

 ...   16 / 151

 No. steps =      46   No. f-s =     725   No. J-s =       1   No. LU-s =      11
  No. nonlinear iterations =      54
  No. nonlinear convergence failures =       0
  No. error test failures =       0
  Last step size used =    0.41990E+07
  Index compenent largest error = ********

 ...   17 / 151

 No. steps =      47   No. f-s =     725   No. J-s =       1   No. LU-s =      10
  No. nonlinear iterations =      54
  No. nonlinear convergence failures =       0
  No. error test failures =       0
  Last step size used =    0.30588E+07
  Index compenent largest error = ********

 ...   18 / 151

 No. steps =      46   No. f-s =     723   No. J-s =       1   No. LU-s =      10
  No. nonlinear iterations =      52
  No. nonlinear convergence failures =       0
  No. error test failures =       0
  Last step size used =    0.32242E+07
  Index compenent largest error = ********

 ...   19 / 151

 No. steps =      45   No. f-s =     723   No. J-s =       1   No. LU-s =      10
  No. nonlinear iterations =      52
  No. nonlinear convergence failures =       0
  No. error test failures =       0
  Last step size used =    0.34370E+07
  Index compenent largest error = ********

 ...   20 / 151

 No. steps =      43   No. f-s =     719   No. J-s =       1   No. LU-s =      10
  No. nonlinear iterations =      48
  No. nonlinear convergence failures =       0
  No. error test failures =       0
  Last step size used =    0.44385E+07
  Index compenent largest error = ********

 ...   21 / 151

 No. steps =      41   No. f-s =     718   No. J-s =       1   No. LU-s =       8
  No. nonlinear iterations =      47
  No. nonlinear convergence failures =       0
  No. error test failures =       0
  Last step size used =    0.32727E+07
  Index compenent largest error = ********

 ...   22 / 151

 No. steps =      39   No. f-s =     715   No. J-s =       1   No. LU-s =       8
  No. nonlinear iterations =      44
  No. nonlinear convergence failures =       0
  No. error test failures =       0
  Last step size used =    0.43247E+07
  Index compenent largest error = ********

 ...   23 / 151

 No. steps =      43   No. f-s =     720   No. J-s =       1   No. LU-s =      11
  No. nonlinear iterations =      49
  No. nonlinear convergence failures =       0
  No. error test failures =       0
  Last step size used =    0.36624E+07
  Index compenent largest error = ********

 ...   24 / 151

 No. steps =      43   No. f-s =     723   No. J-s =       1   No. LU-s =      11
  No. nonlinear iterations =      52
  No. nonlinear convergence failures =       0
  No. error test failures =       0
  Last step size used =    0.46598E+07
  Index compenent largest error = ********

 ...   25 / 151

 No. steps =      42   No. f-s =     721   No. J-s =       1   No. LU-s =      11
  No. nonlinear iterations =      50
  No. nonlinear convergence failures =       0
  No. error test failures =       0
  Last step size used =    0.52602E+07
  Index compenent largest error = ********

 ...   26 / 151

 No. steps =      40   No. f-s =     717   No. J-s =       1   No. LU-s =       9
  No. nonlinear iterations =      46
  No. nonlinear convergence failures =       0
  No. error test failures =       0
  Last step size used =    0.38467E+07
  Index compenent largest error = ********

 ...   27 / 151

 No. steps =      35   No. f-s =     709   No. J-s =       1   No. LU-s =       7
  No. nonlinear iterations =      38
  No. nonlinear convergence failures =       0
  No. error test failures =       0
  Last step size used =    0.34529E+07
  Index compenent largest error = ********

 ...   28 / 151

 No. steps =      35   No. f-s =     712   No. J-s =       1   No. LU-s =       7
  No. nonlinear iterations =      41
  No. nonlinear convergence failures =       0
  No. error test failures =       0
  Last step size used =    0.36375E+07
  Index compenent largest error = ********

 ...   29 / 151

 No. steps =      37   No. f-s =     713   No. J-s =       1   No. LU-s =       9
  No. nonlinear iterations =      42
  No. nonlinear convergence failures =       0
  No. error test failures =       0
  Last step size used =    0.31156E+07
  Index compenent largest error = ********

 ...   30 / 151

 No. steps =      40   No. f-s =     717   No. J-s =       1   No. LU-s =       8
  No. nonlinear iterations =      46
  No. nonlinear convergence failures =       0
  No. error test failures =       0
  Last step size used =    0.30846E+07
  Index compenent largest error = ********

 ...   31 / 151

 No. steps =      41   No. f-s =     719   No. J-s =       1   No. LU-s =       9
  No. nonlinear iterations =      48
  No. nonlinear convergence failures =       0
  No. error test failures =       0
  Last step size used =    0.39599E+07
  Index compenent largest error = ********

 ...   32 / 151

 No. steps =      41   No. f-s =     719   No. J-s =       1   No. LU-s =       9
  No. nonlinear iterations =      48
  No. nonlinear convergence failures =       0
  No. error test failures =       0
  Last step size used =    0.39257E+07
  Index compenent largest error = ********

 ...   33 / 151

 No. steps =      41   No. f-s =     718   No. J-s =       1   No. LU-s =       8
  No. nonlinear iterations =      47
  No. nonlinear convergence failures =       0
  No. error test failures =       0
  Last step size used =    0.39921E+07
  Index compenent largest error = ********

 ...   34 / 151

 No. steps =      41   No. f-s =     717   No. J-s =       1   No. LU-s =       8
  No. nonlinear iterations =      46
  No. nonlinear convergence failures =       0
  No. error test failures =       0
  Last step size used =    0.40721E+07
  Index compenent largest error = ********

 ...   35 / 151

 No. steps =      40   No. f-s =     716   No. J-s =       1   No. LU-s =       8
  No. nonlinear iterations =      45
  No. nonlinear convergence failures =       0
  No. error test failures =       0
  Last step size used =    0.41776E+07
  Index compenent largest error = ********

 ...   36 / 151

 No. steps =      40   No. f-s =     718   No. J-s =       1   No. LU-s =       8
  No. nonlinear iterations =      47
  No. nonlinear convergence failures =       0
  No. error test failures =       0
  Last step size used =    0.33054E+07
  Index compenent largest error = ********

 ...   37 / 151

 No. steps =      39   No. f-s =     717   No. J-s =       1   No. LU-s =       8
  No. nonlinear iterations =      46
  No. nonlinear convergence failures =       0
  No. error test failures =       0
  Last step size used =    0.34305E+07
  Index compenent largest error = ********

 ...   38 / 151

 No. steps =      39   No. f-s =     717   No. J-s =       1   No. LU-s =       8
  No. nonlinear iterations =      46
  No. nonlinear convergence failures =       0
  No. error test failures =       0
  Last step size used =    0.34910E+07
  Index compenent largest error = ********

 ...   39 / 151

 No. steps =      39   No. f-s =     717   No. J-s =       1   No. LU-s =       8
  No. nonlinear iterations =      46
  No. nonlinear convergence failures =       0
  No. error test failures =       0
  Last step size used =    0.35245E+07
  Index compenent largest error = ********

 ...   40 / 151

 No. steps =      38   No. f-s =     716   No. J-s =       1   No. LU-s =       8
  No. nonlinear iterations =      45
  No. nonlinear convergence failures =       0
  No. error test failures =       0
  Last step size used =    0.36071E+07
  Index compenent largest error = ********

 ...   41 / 151

 No. steps =      39   No. f-s =     717   No. J-s =       1   No. LU-s =       8
  No. nonlinear iterations =      46
  No. nonlinear convergence failures =       0
  No. error test failures =       0
  Last step size used =    0.35405E+07
  Index compenent largest error = ********

 ...   42 / 151

 No. steps =      38   No. f-s =     716   No. J-s =       1   No. LU-s =       8
  No. nonlinear iterations =      45
  No. nonlinear convergence failures =       0
  No. error test failures =       0
  Last step size used =    0.36329E+07
  Index compenent largest error = ********

 ...   43 / 151

 No. steps =      38   No. f-s =     715   No. J-s =       1   No. LU-s =       8
  No. nonlinear iterations =      44
  No. nonlinear convergence failures =       0
  No. error test failures =       0
  Last step size used =    0.38571E+07
  Index compenent largest error = ********

 ...   44 / 151

 No. steps =      39   No. f-s =     716   No. J-s =       1   No. LU-s =       7
  No. nonlinear iterations =      45
  No. nonlinear convergence failures =       0
  No. error test failures =       0
  Last step size used =    0.34442E+07
  Index compenent largest error = ********

 ...   45 / 151

 No. steps =      38   No. f-s =     716   No. J-s =       1   No. LU-s =       7
  No. nonlinear iterations =      45
  No. nonlinear convergence failures =       0
  No. error test failures =       0
  Last step size used =    0.34706E+07
  Index compenent largest error = ********

 ...   46 / 151

 No. steps =      38   No. f-s =     716   No. J-s =       1   No. LU-s =       7
  No. nonlinear iterations =      45
  No. nonlinear convergence failures =       0
  No. error test failures =       0
  Last step size used =    0.35453E+07
  Index compenent largest error = ********

 ...   47 / 151

 No. steps =      38   No. f-s =     716   No. J-s =       1   No. LU-s =       8
  No. nonlinear iterations =      45
  No. nonlinear convergence failures =       0
  No. error test failures =       0
  Last step size used =    0.48102E+07
  Index compenent largest error = ********

 ...   48 / 151

 No. steps =      38   No. f-s =     716   No. J-s =       1   No. LU-s =       8
  No. nonlinear iterations =      45
  No. nonlinear convergence failures =       0
  No. error test failures =       0
  Last step size used =    0.48620E+07
  Index compenent largest error = ********

 ...   49 / 151

 No. steps =      38   No. f-s =     716   No. J-s =       1   No. LU-s =       8
  No. nonlinear iterations =      45
  No. nonlinear convergence failures =       0
  No. error test failures =       0
  Last step size used =    0.46864E+07
  Index compenent largest error = ********

 ...   50 / 151

 No. steps =      37   No. f-s =     715   No. J-s =       1   No. LU-s =       8
  No. nonlinear iterations =      44
  No. nonlinear convergence failures =       0
  No. error test failures =       0
  Last step size used =    0.48227E+07
  Index compenent largest error = ********

 ...   51 / 151

 No. steps =      37   No. f-s =     715   No. J-s =       1   No. LU-s =       8
  No. nonlinear iterations =      44
  No. nonlinear convergence failures =       0
  No. error test failures =       0
  Last step size used =    0.49499E+07
  Index compenent largest error = ********

 ...   52 / 151

 No. steps =      37   No. f-s =     715   No. J-s =       1   No. LU-s =       8
  No. nonlinear iterations =      44
  No. nonlinear convergence failures =       0
  No. error test failures =       0
  Last step size used =    0.50201E+07
  Index compenent largest error = ********

 ...   53 / 151

 No. steps =      37   No. f-s =     715   No. J-s =       1   No. LU-s =       8
  No. nonlinear iterations =      44
  No. nonlinear convergence failures =       0
  No. error test failures =       0
  Last step size used =    0.53156E+07
  Index compenent largest error = ********

 ...   54 / 151

 No. steps =      37   No. f-s =     715   No. J-s =       1   No. LU-s =       8
  No. nonlinear iterations =      44
  No. nonlinear convergence failures =       0
  No. error test failures =       0
  Last step size used =    0.53496E+07
  Index compenent largest error = ********

 ...   55 / 151

 No. steps =      37   No. f-s =     714   No. J-s =       1   No. LU-s =       8
  No. nonlinear iterations =      43
  No. nonlinear convergence failures =       0
  No. error test failures =       0
  Last step size used =    0.54708E+07
  Index compenent largest error = ********

 ...   56 / 151

 No. steps =      37   No. f-s =     714   No. J-s =       1   No. LU-s =       8
  No. nonlinear iterations =      43
  No. nonlinear convergence failures =       0
  No. error test failures =       0
  Last step size used =    0.54837E+07
  Index compenent largest error = ********

 ...   57 / 151

 No. steps =      36   No. f-s =     713   No. J-s =       1   No. LU-s =       8
  No. nonlinear iterations =      42
  No. nonlinear convergence failures =       0
  No. error test failures =       0
  Last step size used =    0.54993E+07
  Index compenent largest error = ********

 ...   58 / 151

 No. steps =      36   No. f-s =     713   No. J-s =       1   No. LU-s =       7
  No. nonlinear iterations =      42
  No. nonlinear convergence failures =       0
  No. error test failures =       0
  Last step size used =    0.36457E+07
  Index compenent largest error = ********

 ...   59 / 151

 No. steps =      36   No. f-s =     713   No. J-s =       1   No. LU-s =       7
  No. nonlinear iterations =      42
  No. nonlinear convergence failures =       0
  No. error test failures =       0
  Last step size used =    0.36446E+07
  Index compenent largest error = ********

 ...   60 / 151

 No. steps =      36   No. f-s =     713   No. J-s =       1   No. LU-s =       8
  No. nonlinear iterations =      42
  No. nonlinear convergence failures =       0
  No. error test failures =       0
  Last step size used =    0.56770E+07
  Index compenent largest error = ********

 ...   61 / 151

 No. steps =      34   No. f-s =     711   No. J-s =       1   No. LU-s =       7
  No. nonlinear iterations =      40
  No. nonlinear convergence failures =       0
  No. error test failures =       0
  Last step size used =    0.46089E+07
  Index compenent largest error = ********

 ...   62 / 151

 No. steps =      34   No. f-s =     711   No. J-s =       1   No. LU-s =       7
  No. nonlinear iterations =      40
  No. nonlinear convergence failures =       0
  No. error test failures =       0
  Last step size used =    0.46201E+07
  Index compenent largest error = ********

 ...   63 / 151

 No. steps =      34   No. f-s =     711   No. J-s =       1   No. LU-s =       7
  No. nonlinear iterations =      40
  No. nonlinear convergence failures =       0
  No. error test failures =       0
  Last step size used =    0.47653E+07
  Index compenent largest error = ********

 ...   64 / 151

 No. steps =      33   No. f-s =     710   No. J-s =       1   No. LU-s =       7
  No. nonlinear iterations =      39
  No. nonlinear convergence failures =       0
  No. error test failures =       0
  Last step size used =    0.49730E+07
  Index compenent largest error = ********

 ...   65 / 151

 No. steps =      33   No. f-s =     710   No. J-s =       1   No. LU-s =       7
  No. nonlinear iterations =      39
  No. nonlinear convergence failures =       0
  No. error test failures =       0
  Last step size used =    0.49167E+07
  Index compenent largest error = ********

 ...   66 / 151

 No. steps =      33   No. f-s =     710   No. J-s =       1   No. LU-s =       7
  No. nonlinear iterations =      39
  No. nonlinear convergence failures =       0
  No. error test failures =       0
  Last step size used =    0.50527E+07
  Index compenent largest error = ********

 ...   67 / 151

 No. steps =      33   No. f-s =     710   No. J-s =       1   No. LU-s =       7
  No. nonlinear iterations =      39
  No. nonlinear convergence failures =       0
  No. error test failures =       0
  Last step size used =    0.49914E+07
  Index compenent largest error = ********

 ...   68 / 151

 No. steps =      33   No. f-s =     710   No. J-s =       1   No. LU-s =       7
  No. nonlinear iterations =      39
  No. nonlinear convergence failures =       0
  No. error test failures =       0
  Last step size used =    0.52974E+07
  Index compenent largest error = ********

 ...   69 / 151

 No. steps =      30   No. f-s =     706   No. J-s =       1   No. LU-s =       7
  No. nonlinear iterations =      35
  No. nonlinear convergence failures =       0
  No. error test failures =       0
  Last step size used =    0.48087E+07
  Index compenent largest error = ********

 ...   70 / 151

 No. steps =      29   No. f-s =     705   No. J-s =       1   No. LU-s =       8
  No. nonlinear iterations =      34
  No. nonlinear convergence failures =       0
  No. error test failures =       0
  Last step size used =    0.50016E+07
  Index compenent largest error = ********

 ...   71 / 151

 No. steps =      32   No. f-s =     708   No. J-s =       1   No. LU-s =       6
  No. nonlinear iterations =      37
  No. nonlinear convergence failures =       0
  No. error test failures =       0
  Last step size used =    0.36728E+07
  Index compenent largest error = ********

 ...   72 / 151

 No. steps =      29   No. f-s =     705   No. J-s =       1   No. LU-s =       8
  No. nonlinear iterations =      34
  No. nonlinear convergence failures =       0
  No. error test failures =       0
  Last step size used =    0.50862E+07
  Index compenent largest error = ********

 ...   73 / 151

 No. steps =      29   No. f-s =     705   No. J-s =       1   No. LU-s =       8
  No. nonlinear iterations =      34
  No. nonlinear convergence failures =       0
  No. error test failures =       0
  Last step size used =    0.51022E+07
  Index compenent largest error = ********

 ...   74 / 151

 No. steps =      28   No. f-s =     704   No. J-s =       1   No. LU-s =       8
  No. nonlinear iterations =      33
  No. nonlinear convergence failures =       0
  No. error test failures =       0
  Last step size used =    0.55655E+07
  Index compenent largest error = ********

 ...   75 / 151

 No. steps =      28   No. f-s =     704   No. J-s =       1   No. LU-s =       8
  No. nonlinear iterations =      33
  No. nonlinear convergence failures =       0
  No. error test failures =       0
  Last step size used =    0.66155E+07
  Index compenent largest error = ********

 ...   76 / 151

 No. steps =      27   No. f-s =     703   No. J-s =       1   No. LU-s =       7
  No. nonlinear iterations =      32
  No. nonlinear convergence failures =       0
  No. error test failures =       0
  Last step size used =    0.41082E+07
  Index compenent largest error = ********

 ...   77 / 151

 No. steps =      27   No. f-s =     703   No. J-s =       1   No. LU-s =       7
  No. nonlinear iterations =      32
  No. nonlinear convergence failures =       0
  No. error test failures =       0
  Last step size used =    0.44750E+07
  Index compenent largest error = ********

 ...   78 / 151

 No. steps =      26   No. f-s =     702   No. J-s =       1   No. LU-s =       7
  No. nonlinear iterations =      31
  No. nonlinear convergence failures =       0
  No. error test failures =       0
  Last step size used =    0.46330E+07
  Index compenent largest error = ********

 ...   79 / 151

 No. steps =      26   No. f-s =     702   No. J-s =       1   No. LU-s =       7
  No. nonlinear iterations =      31
  No. nonlinear convergence failures =       0
  No. error test failures =       0
  Last step size used =    0.46560E+07
  Index compenent largest error = ********

 ...   80 / 151

 No. steps =      25   No. f-s =     701   No. J-s =       1   No. LU-s =       7
  No. nonlinear iterations =      30
  No. nonlinear convergence failures =       0
  No. error test failures =       0
  Last step size used =    0.50529E+07
  Index compenent largest error = ********

 ...   81 / 151

 No. steps =      26   No. f-s =     702   No. J-s =       1   No. LU-s =       7
  No. nonlinear iterations =      31
  No. nonlinear convergence failures =       0
  No. error test failures =       0
  Last step size used =    0.51854E+07
  Index compenent largest error = ********

 ...   82 / 151

 No. steps =      24   No. f-s =     701   No. J-s =       1   No. LU-s =       8
  No. nonlinear iterations =      30
  No. nonlinear convergence failures =       0
  No. error test failures =       0
  Last step size used =    0.67580E+07
  Index compenent largest error = ********

 ...   83 / 151

 No. steps =      26   No. f-s =     702   No. J-s =       1   No. LU-s =       7
  No. nonlinear iterations =      31
  No. nonlinear convergence failures =       0
  No. error test failures =       0
  Last step size used =    0.52830E+07
  Index compenent largest error = ********

 ...   84 / 151

 No. steps =      25   No. f-s =     701   No. J-s =       1   No. LU-s =       8
  No. nonlinear iterations =      30
  No. nonlinear convergence failures =       0
  No. error test failures =       0
  Last step size used =    0.70655E+07
  Index compenent largest error = ********

 ...   85 / 151

 No. steps =      25   No. f-s =     701   No. J-s =       1   No. LU-s =       8
  No. nonlinear iterations =      30
  No. nonlinear convergence failures =       0
  No. error test failures =       0
  Last step size used =    0.69088E+07
  Index compenent largest error = ********

 ...   86 / 151

 No. steps =      24   No. f-s =     700   No. J-s =       1   No. LU-s =       7
  No. nonlinear iterations =      29
  No. nonlinear convergence failures =       0
  No. error test failures =       0
  Last step size used =    0.47610E+07
  Index compenent largest error = ********

 ...   87 / 151

 No. steps =      24   No. f-s =     700   No. J-s =       1   No. LU-s =       7
  No. nonlinear iterations =      29
  No. nonlinear convergence failures =       0
  No. error test failures =       0
  Last step size used =    0.49527E+07
  Index compenent largest error = ********

 ...   88 / 151

 No. steps =      23   No. f-s =     699   No. J-s =       1   No. LU-s =       7
  No. nonlinear iterations =      28
  No. nonlinear convergence failures =       0
  No. error test failures =       0
  Last step size used =    0.55427E+07
  Index compenent largest error = ********

 ...   89 / 151

 No. steps =      23   No. f-s =     699   No. J-s =       1   No. LU-s =       7
  No. nonlinear iterations =      28
  No. nonlinear convergence failures =       0
  No. error test failures =       0
  Last step size used =    0.55447E+07
  Index compenent largest error = ********

 ...   90 / 151

 No. steps =      24   No. f-s =     700   No. J-s =       1   No. LU-s =       7
  No. nonlinear iterations =      29
  No. nonlinear convergence failures =       0
  No. error test failures =       0
  Last step size used =    0.55631E+07
  Index compenent largest error = ********

 ...   91 / 151

 No. steps =      23   No. f-s =     699   No. J-s =       1   No. LU-s =       7
  No. nonlinear iterations =      28
  No. nonlinear convergence failures =       0
  No. error test failures =       0
  Last step size used =    0.53787E+07
  Index compenent largest error = ********

 ...   92 / 151

 No. steps =      24   No. f-s =     700   No. J-s =       1   No. LU-s =       8
  No. nonlinear iterations =      29
  No. nonlinear convergence failures =       0
  No. error test failures =       0
  Last step size used =    0.79103E+07
  Index compenent largest error = ********

 ...   93 / 151

 No. steps =      23   No. f-s =     699   No. J-s =       1   No. LU-s =       7
  No. nonlinear iterations =      28
  No. nonlinear convergence failures =       0
  No. error test failures =       0
  Last step size used =    0.70024E+07
  Index compenent largest error = ********

 ...   94 / 151

 No. steps =      22   No. f-s =     698   No. J-s =       1   No. LU-s =       6
  No. nonlinear iterations =      27
  No. nonlinear convergence failures =       0
  No. error test failures =       0
  Last step size used =    0.47825E+07
  Index compenent largest error = ********

 ...   95 / 151

 No. steps =      23   No. f-s =     699   No. J-s =       1   No. LU-s =       7
  No. nonlinear iterations =      28
  No. nonlinear convergence failures =       0
  No. error test failures =       0
  Last step size used =    0.69201E+07
  Index compenent largest error = ********

 ...   96 / 151

 No. steps =      23   No. f-s =     699   No. J-s =       1   No. LU-s =       7
  No. nonlinear iterations =      28
  No. nonlinear convergence failures =       0
  No. error test failures =       0
  Last step size used =    0.69912E+07
  Index compenent largest error = ********

 ...   97 / 151

 No. steps =      23   No. f-s =     699   No. J-s =       1   No. LU-s =       7
  No. nonlinear iterations =      28
  No. nonlinear convergence failures =       0
  No. error test failures =       0
  Last step size used =    0.67550E+07
  Index compenent largest error = ********

 ...   98 / 151

 No. steps =      22   No. f-s =     698   No. J-s =       1   No. LU-s =       7
  No. nonlinear iterations =      27
  No. nonlinear convergence failures =       0
  No. error test failures =       0
  Last step size used =    0.68355E+07
  Index compenent largest error = ********

 ...   99 / 151

 No. steps =      22   No. f-s =     698   No. J-s =       1   No. LU-s =       7
  No. nonlinear iterations =      27
  No. nonlinear convergence failures =       0
  No. error test failures =       0
  Last step size used =    0.69586E+07
  Index compenent largest error = ********

 ...  100 / 151

 No. steps =      22   No. f-s =     698   No. J-s =       1   No. LU-s =       7
  No. nonlinear iterations =      27
  No. nonlinear convergence failures =       0
  No. error test failures =       0
  Last step size used =    0.72173E+07
  Index compenent largest error = ********

 ...  101 / 151

 No. steps =      23   No. f-s =     699   No. J-s =       1   No. LU-s =       7
  No. nonlinear iterations =      28
  No. nonlinear convergence failures =       0
  No. error test failures =       0
  Last step size used =    0.59240E+07
  Index compenent largest error = ********

 ...  102 / 151

 No. steps =      22   No. f-s =     698   No. J-s =       1   No. LU-s =       7
  No. nonlinear iterations =      27
  No. nonlinear convergence failures =       0
  No. error test failures =       0
  Last step size used =    0.68743E+07
  Index compenent largest error = ********

 ...  103 / 151

 No. steps =      22   No. f-s =     698   No. J-s =       1   No. LU-s =       7
  No. nonlinear iterations =      27
  No. nonlinear convergence failures =       0
  No. error test failures =       0
  Last step size used =    0.75258E+07
  Index compenent largest error = ********

 ...  104 / 151

 No. steps =      22   No. f-s =     698   No. J-s =       1   No. LU-s =       7
  No. nonlinear iterations =      27
  No. nonlinear convergence failures =       0
  No. error test failures =       0
  Last step size used =    0.72033E+07
  Index compenent largest error = ********

 ...  105 / 151

 No. steps =      23   No. f-s =     699   No. J-s =       1   No. LU-s =       7
  No. nonlinear iterations =      28
  No. nonlinear convergence failures =       0
  No. error test failures =       0
  Last step size used =    0.65601E+07
  Index compenent largest error = ********

 ...  106 / 151

 No. steps =      23   No. f-s =     699   No. J-s =       1   No. LU-s =       7
  No. nonlinear iterations =      28
  No. nonlinear convergence failures =       0
  No. error test failures =       0
  Last step size used =    0.63858E+07
  Index compenent largest error = ********

 ...  107 / 151

 No. steps =      23   No. f-s =     699   No. J-s =       1   No. LU-s =       7
  No. nonlinear iterations =      28
  No. nonlinear convergence failures =       0
  No. error test failures =       0
  Last step size used =    0.65599E+07
  Index compenent largest error = ********

 ...  108 / 151

 No. steps =      23   No. f-s =     699   No. J-s =       1   No. LU-s =       7
  No. nonlinear iterations =      28
  No. nonlinear convergence failures =       0
  No. error test failures =       0
  Last step size used =    0.65334E+07
  Index compenent largest error = ********

 ...  109 / 151

 No. steps =      23   No. f-s =     699   No. J-s =       1   No. LU-s =       7
  No. nonlinear iterations =      28
  No. nonlinear convergence failures =       0
  No. error test failures =       0
  Last step size used =    0.64799E+07
  Index compenent largest error = ********

 ...  110 / 151

 No. steps =      23   No. f-s =     699   No. J-s =       1   No. LU-s =       7
  No. nonlinear iterations =      28
  No. nonlinear convergence failures =       0
  No. error test failures =       0
  Last step size used =    0.65307E+07
  Index compenent largest error = ********

 ...  111 / 151

 No. steps =      23   No. f-s =     699   No. J-s =       1   No. LU-s =       7
  No. nonlinear iterations =      28
  No. nonlinear convergence failures =       0
  No. error test failures =       0
  Last step size used =    0.65876E+07
  Index compenent largest error = ********

 ...  112 / 151

 No. steps =      23   No. f-s =     699   No. J-s =       1   No. LU-s =       7
  No. nonlinear iterations =      28
  No. nonlinear convergence failures =       0
  No. error test failures =       0
  Last step size used =    0.63193E+07
  Index compenent largest error = ********

 ...  113 / 151

 No. steps =      23   No. f-s =     699   No. J-s =       1   No. LU-s =       7
  No. nonlinear iterations =      28
  No. nonlinear convergence failures =       0
  No. error test failures =       0
  Last step size used =    0.65750E+07
  Index compenent largest error = ********

 ...  114 / 151

 No. steps =      23   No. f-s =     699   No. J-s =       1   No. LU-s =       7
  No. nonlinear iterations =      28
  No. nonlinear convergence failures =       0
  No. error test failures =       0
  Last step size used =    0.63531E+07
  Index compenent largest error = ********

 ...  115 / 151

 No. steps =      22   No. f-s =     698   No. J-s =       1   No. LU-s =       7
  No. nonlinear iterations =      27
  No. nonlinear convergence failures =       0
  No. error test failures =       0
  Last step size used =    0.73481E+07
  Index compenent largest error = ********

 ...  116 / 151

 No. steps =      23   No. f-s =     699   No. J-s =       1   No. LU-s =       7
  No. nonlinear iterations =      28
  No. nonlinear convergence failures =       0
  No. error test failures =       0
  Last step size used =    0.61771E+07
  Index compenent largest error = ********

 ...  117 / 151

 No. steps =      23   No. f-s =     699   No. J-s =       1   No. LU-s =       7
  No. nonlinear iterations =      28
  No. nonlinear convergence failures =       0
  No. error test failures =       0
  Last step size used =    0.60861E+07
  Index compenent largest error = ********

 ...  118 / 151

 No. steps =      23   No. f-s =     699   No. J-s =       1   No. LU-s =       7
  No. nonlinear iterations =      28
  No. nonlinear convergence failures =       0
  No. error test failures =       0
  Last step size used =    0.63244E+07
  Index compenent largest error = ********

 ...  119 / 151

 No. steps =      23   No. f-s =     699   No. J-s =       1   No. LU-s =       7
  No. nonlinear iterations =      28
  No. nonlinear convergence failures =       0
  No. error test failures =       0
  Last step size used =    0.63320E+07
  Index compenent largest error = ********

 ...  120 / 151

 No. steps =      23   No. f-s =     699   No. J-s =       1   No. LU-s =       7
  No. nonlinear iterations =      28
  No. nonlinear convergence failures =       0
  No. error test failures =       0
  Last step size used =    0.61797E+07
  Index compenent largest error = ********

 ...  121 / 151

 No. steps =      23   No. f-s =     699   No. J-s =       1   No. LU-s =       7
  No. nonlinear iterations =      28
  No. nonlinear convergence failures =       0
  No. error test failures =       0
  Last step size used =    0.66108E+07
  Index compenent largest error = ********

 ...  122 / 151

 No. steps =      23   No. f-s =     699   No. J-s =       1   No. LU-s =       7
  No. nonlinear iterations =      28
  No. nonlinear convergence failures =       0
  No. error test failures =       0
  Last step size used =    0.64395E+07
  Index compenent largest error = ********

 ...  123 / 151

 No. steps =      23   No. f-s =     699   No. J-s =       1   No. LU-s =       7
  No. nonlinear iterations =      28
  No. nonlinear convergence failures =       0
  No. error test failures =       0
  Last step size used =    0.63623E+07
  Index compenent largest error = ********

 ...  124 / 151

 No. steps =      23   No. f-s =     699   No. J-s =       1   No. LU-s =       7
  No. nonlinear iterations =      28
  No. nonlinear convergence failures =       0
  No. error test failures =       0
  Last step size used =    0.60429E+07
  Index compenent largest error = ********

 ...  125 / 151

 No. steps =      22   No. f-s =     698   No. J-s =       1   No. LU-s =       7
  No. nonlinear iterations =      27
  No. nonlinear convergence failures =       0
  No. error test failures =       0
  Last step size used =    0.70815E+07
  Index compenent largest error = ********

 ...  126 / 151

 No. steps =      23   No. f-s =     699   No. J-s =       1   No. LU-s =       7
  No. nonlinear iterations =      28
  No. nonlinear convergence failures =       0
  No. error test failures =       0
  Last step size used =    0.61678E+07
  Index compenent largest error = ********

 ...  127 / 151

 No. steps =      23   No. f-s =     699   No. J-s =       1   No. LU-s =       7
  No. nonlinear iterations =      28
  No. nonlinear convergence failures =       0
  No. error test failures =       0
  Last step size used =    0.62066E+07
  Index compenent largest error = ********

 ...  128 / 151

 No. steps =      23   No. f-s =     699   No. J-s =       1   No. LU-s =       7
  No. nonlinear iterations =      28
  No. nonlinear convergence failures =       0
  No. error test failures =       0
  Last step size used =    0.64229E+07
  Index compenent largest error = ********

 ...  129 / 151

 No. steps =      23   No. f-s =     699   No. J-s =       1   No. LU-s =       7
  No. nonlinear iterations =      28
  No. nonlinear convergence failures =       0
  No. error test failures =       0
  Last step size used =    0.63565E+07
  Index compenent largest error = ********

 ...  130 / 151

 No. steps =      23   No. f-s =     699   No. J-s =       1   No. LU-s =       7
  No. nonlinear iterations =      28
  No. nonlinear convergence failures =       0
  No. error test failures =       0
  Last step size used =    0.63431E+07
  Index compenent largest error = ********

 ...  131 / 151

 No. steps =      23   No. f-s =     699   No. J-s =       1   No. LU-s =       7
  No. nonlinear iterations =      28
  No. nonlinear convergence failures =       0
  No. error test failures =       0
  Last step size used =    0.62469E+07
  Index compenent largest error = ********

 ...  132 / 151

 No. steps =      23   No. f-s =     699   No. J-s =       1   No. LU-s =       7
  No. nonlinear iterations =      28
  No. nonlinear convergence failures =       0
  No. error test failures =       0
  Last step size used =    0.66580E+07
  Index compenent largest error = ********

 ...  133 / 151

 No. steps =      23   No. f-s =     699   No. J-s =       1   No. LU-s =       7
  No. nonlinear iterations =      28
  No. nonlinear convergence failures =       0
  No. error test failures =       0
  Last step size used =    0.67911E+07
  Index compenent largest error = ********

 ...  134 / 151

 No. steps =      23   No. f-s =     699   No. J-s =       1   No. LU-s =       7
  No. nonlinear iterations =      28
  No. nonlinear convergence failures =       0
  No. error test failures =       0
  Last step size used =    0.68236E+07
  Index compenent largest error = ********

 ...  135 / 151

 No. steps =      23   No. f-s =     699   No. J-s =       1   No. LU-s =       7
  No. nonlinear iterations =      28
  No. nonlinear convergence failures =       0
  No. error test failures =       0
  Last step size used =    0.66103E+07
  Index compenent largest error = ********

 ...  136 / 151

 No. steps =      23   No. f-s =     699   No. J-s =       1   No. LU-s =       7
  No. nonlinear iterations =      28
  No. nonlinear convergence failures =       0
  No. error test failures =       0
  Last step size used =    0.66921E+07
  Index compenent largest error = ********

 ...  137 / 151

 No. steps =      24   No. f-s =     699   No. J-s =       1   No. LU-s =       5
  No. nonlinear iterations =      28
  No. nonlinear convergence failures =       0
  No. error test failures =       0
  Last step size used =    0.49205E+07
  Index compenent largest error = ********

 ...  138 / 151

 No. steps =      24   No. f-s =     699   No. J-s =       1   No. LU-s =       5
  No. nonlinear iterations =      28
  No. nonlinear convergence failures =       0
  No. error test failures =       0
  Last step size used =    0.50176E+07
  Index compenent largest error = ********

 ...  139 / 151

 No. steps =      23   No. f-s =     698   No. J-s =       1   No. LU-s =       5
  No. nonlinear iterations =      27
  No. nonlinear convergence failures =       0
  No. error test failures =       0
  Last step size used =    0.50671E+07
  Index compenent largest error = ********

 ...  140 / 151

 No. steps =      22   No. f-s =     698   No. J-s =       1   No. LU-s =       7
  No. nonlinear iterations =      27
  No. nonlinear convergence failures =       0
  No. error test failures =       0
  Last step size used =    0.70687E+07
  Index compenent largest error = ********

 ...  141 / 151

 No. steps =      22   No. f-s =     698   No. J-s =       1   No. LU-s =       7
  No. nonlinear iterations =      27
  No. nonlinear convergence failures =       0
  No. error test failures =       0
  Last step size used =    0.71287E+07
  Index compenent largest error = ********

 ...  142 / 151

 No. steps =      23   No. f-s =     698   No. J-s =       1   No. LU-s =       5
  No. nonlinear iterations =      27
  No. nonlinear convergence failures =       0
  No. error test failures =       0
  Last step size used =    0.51752E+07
  Index compenent largest error = ********

 ...  143 / 151

 No. steps =      22   No. f-s =     698   No. J-s =       1   No. LU-s =       7
  No. nonlinear iterations =      27
  No. nonlinear convergence failures =       0
  No. error test failures =       0
  Last step size used =    0.74946E+07
  Index compenent largest error = ********

 ...  144 / 151

 No. steps =      22   No. f-s =     698   No. J-s =       1   No. LU-s =       7
  No. nonlinear iterations =      27
  No. nonlinear convergence failures =       0
  No. error test failures =       0
  Last step size used =    0.76703E+07
  Index compenent largest error = ********

 ...  145 / 151

 No. steps =      22   No. f-s =     698   No. J-s =       1   No. LU-s =       7
  No. nonlinear iterations =      27
  No. nonlinear convergence failures =       0
  No. error test failures =       0
  Last step size used =    0.76410E+07
  Index compenent largest error = ********

 ...  146 / 151

 No. steps =      22   No. f-s =     698   No. J-s =       1   No. LU-s =       7
  No. nonlinear iterations =      27
  No. nonlinear convergence failures =       0
  No. error test failures =       0
  Last step size used =    0.77286E+07
  Index compenent largest error = ********

 ...  147 / 151

 No. steps =      22   No. f-s =     697   No. J-s =       1   No. LU-s =       5
  No. nonlinear iterations =      26
  No. nonlinear convergence failures =       0
  No. error test failures =       0
  Last step size used =    0.56261E+07
  Index compenent largest error = ********

 ...  148 / 151

 No. steps =      22   No. f-s =     697   No. J-s =       1   No. LU-s =       5
  No. nonlinear iterations =      26
  No. nonlinear convergence failures =       0
  No. error test failures =       0
  Last step size used =    0.56148E+07
  Index compenent largest error = ********

 ...  149 / 151

 No. steps =      21   No. f-s =     696   No. J-s =       1   No. LU-s =       7
  No. nonlinear iterations =      25
  No. nonlinear convergence failures =       0
  No. error test failures =       0
  Last step size used =    0.80786E+07
  Index compenent largest error = ********

 ...  150 / 151

 No. steps =      21   No. f-s =     696   No. J-s =       1   No. LU-s =       7
  No. nonlinear iterations =      25
  No. nonlinear convergence failures =       0
  No. error test failures =       0
  Last step size used =    0.82313E+07
  Index compenent largest error = ********

 ...  151 / 151

 No. steps =      21   No. f-s =     696   No. J-s =       1   No. LU-s =       7
  No. nonlinear iterations =      25
  No. nonlinear convergence failures =       0
  No. error test failures =       0
  Last step size used =    0.83774E+07
  Index compenent largest error = ********


    ... DONE!
 +++++++++++++++++++++++++++++++++++++++++++++++++++


+------------------ Job Report: 10176616 (COMPLETED) ------------------+
| Memory (RAM)  No data available                                      |
| CPU           [##########          ] 52.0% average                   |
| Time          [>                   ]  0.7% (0-00:00:25 / 0-01:00:00) |
|                                                                      |
| Lustre Filesystem:                                                   |
|   No data available                                                  |
+----------------------------------------------------------------------+
