Starting job 10175762, array task 406 on dave21
Chemistry type: Orich
Analysis mode: false
Found 462 valid particle IDs in /fred/oz304/beckers/Chemistry/traces/wind_v10/trace_output_with_av
Returning 460 particle IDs (after start_index=2 offset)
SLURM task 406: processing particle 3670433
Running Orich evolving_model on 1 phantom particle trace(s) from wind_v10

 +++++++++++++++++++++++++++++++++++++++++++++++++++
 +++++        ENVELOPE CHEMICAL MODEL         ++++++
 +++++++++++++++++++++++++++++++++++++++++++++++++++

 Version 1.0 authored by Catherine Walsh and Maria 
    Drozdovskaya, Leiden Observatory (01/08/2013)

 Version 1.1 amended by Catherine Walsh (18/05/2014)

 Version 1.2 amended by Catherine Walsh (13/08/2015)

 +++++++++++++++++++++++++++++++++++++++++++++++++++

          Input file =  Orich/param/trace_file_param/file_parameters_3670433.txt              

 Physical conditions  = Orich/input/3670433.txt                                               
 Chemical network     = ./rate12_complex.rates                                                
 Species file         = ./rate12_complex_atomic_Orich.specs                                   
 Binding energies     = ./rate12_binding.dat                                                  
 Reaction parameters  = param/reaction_parameters.txt                                         
 Grain parameters     = param/grain_parameters.txt                                            
 Radiation parameters = param/radiation_parameters.txt                                        

 Output file          = Orich/output/model_output_3670433.dat                                 
 Rates file           = Orich/output/model_rates_3670433.dat                                  

 Opening and reading physical conditions file ...

 +++++++++++++++++++++++++++++++++++++++++++++++++++
 Beginning to run model ...
 +++++++++++++++++++++++++++++++++++++++++++++++++++

 Preparing output files ...

 Progress = ...
 ...    1 / 180

 No. steps =    1106   No. f-s =   19100   No. J-s =      26   No. LU-s =     188
  No. nonlinear iterations =    1731
  No. nonlinear convergence failures =       0
  No. error test failures =      61
  Last step size used =    0.52461E+09
  Index compenent largest error = ********

 ...    2 / 180

 No. steps =     206   No. f-s =    4291   No. J-s =       6   No. LU-s =      43
  No. nonlinear iterations =     280
  No. nonlinear convergence failures =       0
  No. error test failures =       7
  Last step size used =    0.10563E+07
  Index compenent largest error = ********

 ...    3 / 180

 No. steps =      93   No. f-s =    1446   No. J-s =       2   No. LU-s =      18
  No. nonlinear iterations =     107
  No. nonlinear convergence failures =       0
  No. error test failures =       0
  Last step size used =    0.21764E+07
  Index compenent largest error = ********

 ...    4 / 180

 No. steps =     107   No. f-s =    1463   No. J-s =       2   No. LU-s =      18
  No. nonlinear iterations =     124
  No. nonlinear convergence failures =       0
  No. error test failures =       1
  Last step size used =    0.22362E+07
  Index compenent largest error = ********

 ...    5 / 180

 No. steps =     100   No. f-s =    1453   No. J-s =       2   No. LU-s =      17
  No. nonlinear iterations =     114
  No. nonlinear convergence failures =       0
  No. error test failures =       0
  Last step size used =    0.33929E+07
  Index compenent largest error = ********

 ...    6 / 180

 No. steps =      95   No. f-s =    1448   No. J-s =       2   No. LU-s =      16
  No. nonlinear iterations =     109
  No. nonlinear convergence failures =       0
  No. error test failures =       0
  Last step size used =    0.30417E+07
  Index compenent largest error = ********

 ...    7 / 180

 No. steps =      90   No. f-s =    1444   No. J-s =       2   No. LU-s =      15
  No. nonlinear iterations =     105
  No. nonlinear convergence failures =       0
  No. error test failures =       0
  Last step size used =    0.24135E+07
  Index compenent largest error = ********

 ...    8 / 180

 No. steps =      84   No. f-s =    1437   No. J-s =       2   No. LU-s =      16
  No. nonlinear iterations =      98
  No. nonlinear convergence failures =       0
  No. error test failures =       0
  Last step size used =    0.34968E+07
  Index compenent largest error = ********

 ...    9 / 180

 No. steps =      75   No. f-s =    1427   No. J-s =       2   No. LU-s =      15
  No. nonlinear iterations =      88
  No. nonlinear convergence failures =       0
  No. error test failures =       0
  Last step size used =    0.27543E+07
  Index compenent largest error = ********

 ...   10 / 180

 No. steps =      71   No. f-s =    1421   No. J-s =       2   No. LU-s =      16
  No. nonlinear iterations =      82
  No. nonlinear convergence failures =       0
  No. error test failures =       0
  Last step size used =    0.40373E+07
  Index compenent largest error = ********

 ...   11 / 180

 No. steps =      66   No. f-s =    1416   No. J-s =       2   No. LU-s =      13
  No. nonlinear iterations =      77
  No. nonlinear convergence failures =       0
  No. error test failures =       0
  Last step size used =    0.31554E+07
  Index compenent largest error = ********

 ...   12 / 180

 No. steps =      60   No. f-s =    1409   No. J-s =       2   No. LU-s =      14
  No. nonlinear iterations =      70
  No. nonlinear convergence failures =       0
  No. error test failures =       0
  Last step size used =    0.45044E+07
  Index compenent largest error = ********

 ...   13 / 180

 No. steps =      56   No. f-s =     736   No. J-s =       1   No. LU-s =      12
  No. nonlinear iterations =      65
  No. nonlinear convergence failures =       0
  No. error test failures =       0
  Last step size used =    0.35149E+07
  Index compenent largest error = ********

 ...   14 / 180

 No. steps =      61   No. f-s =    1409   No. J-s =       2   No. LU-s =      13
  No. nonlinear iterations =      70
  No. nonlinear convergence failures =       0
  No. error test failures =       0
  Last step size used =    0.30581E+07
  Index compenent largest error = ********

 ...   15 / 180

 No. steps =      57   No. f-s =    1406   No. J-s =       2   No. LU-s =      13
  No. nonlinear iterations =      67
  No. nonlinear convergence failures =       0
  No. error test failures =       0
  Last step size used =    0.31794E+07
  Index compenent largest error = ********

 ...   16 / 180

 No. steps =      78   No. f-s =    1434   No. J-s =       2   No. LU-s =      18
  No. nonlinear iterations =      95
  No. nonlinear convergence failures =       0
  No. error test failures =       2
  Last step size used =    0.37363E+07
  Index compenent largest error = ********

 ...   17 / 180

 No. steps =      77   No. f-s =    1429   No. J-s =       2   No. LU-s =      17
  No. nonlinear iterations =      90
  No. nonlinear convergence failures =       0
  No. error test failures =       1
  Last step size used =    0.26023E+07
  Index compenent largest error = ********

 ...   18 / 180

 No. steps =      50   No. f-s =     727   No. J-s =       1   No. LU-s =      13
  No. nonlinear iterations =      56
  No. nonlinear convergence failures =       0
  No. error test failures =       0
  Last step size used =    0.48511E+07
  Index compenent largest error = ********

 ...   19 / 180

 No. steps =      65   No. f-s =    1413   No. J-s =       2   No. LU-s =      14
  No. nonlinear iterations =      74
  No. nonlinear convergence failures =       0
  No. error test failures =       0
  Last step size used =    0.26571E+07
  Index compenent largest error = ********

 ...   20 / 180

 No. steps =      67   No. f-s =    1418   No. J-s =       2   No. LU-s =      15
  No. nonlinear iterations =      79
  No. nonlinear convergence failures =       0
  No. error test failures =       1
  Last step size used =    0.30251E+07
  Index compenent largest error = ********

 ...   21 / 180

 No. steps =      60   No. f-s =    1411   No. J-s =       2   No. LU-s =      14
  No. nonlinear iterations =      72
  No. nonlinear convergence failures =       0
  No. error test failures =       0
  Last step size used =    0.34317E+07
  Index compenent largest error = ********

 ...   22 / 180

 No. steps =      56   No. f-s =     736   No. J-s =       1   No. LU-s =      11
  No. nonlinear iterations =      65
  No. nonlinear convergence failures =       0
  No. error test failures =       0
  Last step size used =    0.25996E+07
  Index compenent largest error = ********

 ...   23 / 180

 No. steps =      54   No. f-s =     735   No. J-s =       1   No. LU-s =      12
  No. nonlinear iterations =      64
  No. nonlinear convergence failures =       0
  No. error test failures =       0
  Last step size used =    0.31621E+07
  Index compenent largest error = ********

 ...   24 / 180

 No. steps =      54   No. f-s =    1401   No. J-s =       2   No. LU-s =      11
  No. nonlinear iterations =      62
  No. nonlinear convergence failures =       0
  No. error test failures =       0
  Last step size used =    0.34936E+07
  Index compenent largest error = ********

 ...   25 / 180

 No. steps =      52   No. f-s =     730   No. J-s =       1   No. LU-s =      11
  No. nonlinear iterations =      59
  No. nonlinear convergence failures =       0
  No. error test failures =       0
  Last step size used =    0.35752E+07
  Index compenent largest error = ********

 ...   26 / 180

 No. steps =      50   No. f-s =     730   No. J-s =       1   No. LU-s =      12
  No. nonlinear iterations =      59
  No. nonlinear convergence failures =       0
  No. error test failures =       0
  Last step size used =    0.33602E+07
  Index compenent largest error = ********

 ...   27 / 180

 No. steps =      50   No. f-s =     731   No. J-s =       1   No. LU-s =      12
  No. nonlinear iterations =      60
  No. nonlinear convergence failures =       0
  No. error test failures =       0
  Last step size used =    0.36506E+07
  Index compenent largest error = ********

 ...   28 / 180

 No. steps =      47   No. f-s =     727   No. J-s =       1   No. LU-s =      12
  No. nonlinear iterations =      56
  No. nonlinear convergence failures =       0
  No. error test failures =       0
  Last step size used =    0.51473E+07
  Index compenent largest error = ********

 ...   29 / 180

 No. steps =      46   No. f-s =     725   No. J-s =       1   No. LU-s =      10
  No. nonlinear iterations =      54
  No. nonlinear convergence failures =       0
  No. error test failures =       0
  Last step size used =    0.30631E+07
  Index compenent largest error = ********

 ...   30 / 180

 No. steps =      46   No. f-s =     724   No. J-s =       1   No. LU-s =      10
  No. nonlinear iterations =      53
  No. nonlinear convergence failures =       0
  No. error test failures =       0
  Last step size used =    0.42083E+07
  Index compenent largest error = ********

 ...   31 / 180

 No. steps =      49   No. f-s =     728   No. J-s =       1   No. LU-s =      11
  No. nonlinear iterations =      57
  No. nonlinear convergence failures =       0
  No. error test failures =       0
  Last step size used =    0.36833E+07
  Index compenent largest error = ********

 ...   32 / 180

 No. steps =      59   No. f-s =    1407   No. J-s =       2   No. LU-s =      12
  No. nonlinear iterations =      68
  No. nonlinear convergence failures =       0
  No. error test failures =       0
  Last step size used =    0.39808E+07
  Index compenent largest error = ********

 ...   33 / 180

 No. steps =      60   No. f-s =    1407   No. J-s =       2   No. LU-s =      11
  No. nonlinear iterations =      68
  No. nonlinear convergence failures =       0
  No. error test failures =       0
  Last step size used =    0.29424E+07
  Index compenent largest error = ********

 ...   34 / 180

 No. steps =      52   No. f-s =     729   No. J-s =       1   No. LU-s =      12
  No. nonlinear iterations =      58
  No. nonlinear convergence failures =       0
  No. error test failures =       0
  Last step size used =    0.38952E+07
  Index compenent largest error = ********

 ...   35 / 180

 No. steps =      46   No. f-s =     723   No. J-s =       1   No. LU-s =      11
  No. nonlinear iterations =      52
  No. nonlinear convergence failures =       0
  No. error test failures =       0
  Last step size used =    0.38086E+07
  Index compenent largest error = ********

 ...   36 / 180

 No. steps =      49   No. f-s =     728   No. J-s =       1   No. LU-s =      12
  No. nonlinear iterations =      57
  No. nonlinear convergence failures =       0
  No. error test failures =       0
  Last step size used =    0.36431E+07
  Index compenent largest error = ********

 ...   37 / 180

 No. steps =      51   No. f-s =     731   No. J-s =       1   No. LU-s =      12
  No. nonlinear iterations =      60
  No. nonlinear convergence failures =       0
  No. error test failures =       0
  Last step size used =    0.37046E+07
  Index compenent largest error = ********

 ...   38 / 180

 No. steps =      52   No. f-s =     732   No. J-s =       1   No. LU-s =      12
  No. nonlinear iterations =      61
  No. nonlinear convergence failures =       0
  No. error test failures =       0
  Last step size used =    0.32140E+07
  Index compenent largest error = ********

 ...   39 / 180

 No. steps =      52   No. f-s =     731   No. J-s =       1   No. LU-s =      11
  No. nonlinear iterations =      60
  No. nonlinear convergence failures =       0
  No. error test failures =       0
  Last step size used =    0.30256E+07
  Index compenent largest error = ********

 ...   40 / 180

 No. steps =      47   No. f-s =     726   No. J-s =       1   No. LU-s =      11
  No. nonlinear iterations =      55
  No. nonlinear convergence failures =       0
  No. error test failures =       0
  Last step size used =    0.35604E+07
  Index compenent largest error = ********

 ...   41 / 180

 No. steps =      46   No. f-s =     725   No. J-s =       1   No. LU-s =      11
  No. nonlinear iterations =      54
  No. nonlinear convergence failures =       0
  No. error test failures =       0
  Last step size used =    0.37893E+07
  Index compenent largest error = ********

 ...   42 / 180

 No. steps =      45   No. f-s =     724   No. J-s =       1   No. LU-s =      11
  No. nonlinear iterations =      53
  No. nonlinear convergence failures =       0
  No. error test failures =       0
  Last step size used =    0.41067E+07
  Index compenent largest error = ********

 ...   43 / 180

 No. steps =      41   No. f-s =     717   No. J-s =       1   No. LU-s =      10
  No. nonlinear iterations =      46
  No. nonlinear convergence failures =       0
  No. error test failures =       0
  Last step size used =    0.43510E+07
  Index compenent largest error = ********

 ...   44 / 180

 No. steps =      41   No. f-s =     719   No. J-s =       1   No. LU-s =      11
  No. nonlinear iterations =      48
  No. nonlinear convergence failures =       0
  No. error test failures =       0
  Last step size used =    0.46077E+07
  Index compenent largest error = ********

 ...   45 / 180

 No. steps =      40   No. f-s =     717   No. J-s =       1   No. LU-s =      10
  No. nonlinear iterations =      46
  No. nonlinear convergence failures =       0
  No. error test failures =       0
  Last step size used =    0.52948E+07
  Index compenent largest error = ********

 ...   46 / 180

 No. steps =      40   No. f-s =     717   No. J-s =       1   No. LU-s =      10
  No. nonlinear iterations =      46
  No. nonlinear convergence failures =       0
  No. error test failures =       0
  Last step size used =    0.34338E+07
  Index compenent largest error = ********

 ...   47 / 180

 No. steps =      40   No. f-s =     717   No. J-s =       1   No. LU-s =       9
  No. nonlinear iterations =      46
  No. nonlinear convergence failures =       0
  No. error test failures =       0
  Last step size used =    0.45378E+07
  Index compenent largest error = ********

 ...   48 / 180

 No. steps =      38   No. f-s =     715   No. J-s =       1   No. LU-s =       8
  No. nonlinear iterations =      44
  No. nonlinear convergence failures =       0
  No. error test failures =       0
  Last step size used =    0.37650E+07
  Index compenent largest error = ********

 ...   49 / 180

 No. steps =      37   No. f-s =     713   No. J-s =       1   No. LU-s =       8
  No. nonlinear iterations =      42
  No. nonlinear convergence failures =       0
  No. error test failures =       0
  Last step size used =    0.33935E+07
  Index compenent largest error = ********

 ...   50 / 180

 No. steps =      40   No. f-s =     717   No. J-s =       1   No. LU-s =      10
  No. nonlinear iterations =      46
  No. nonlinear convergence failures =       0
  No. error test failures =       0
  Last step size used =    0.39641E+07
  Index compenent largest error = ********

 ...   51 / 180

 No. steps =      42   No. f-s =     719   No. J-s =       1   No. LU-s =      10
  No. nonlinear iterations =      48
  No. nonlinear convergence failures =       0
  No. error test failures =       0
  Last step size used =    0.41309E+07
  Index compenent largest error = ********

 ...   52 / 180

 No. steps =      42   No. f-s =     719   No. J-s =       1   No. LU-s =      11
  No. nonlinear iterations =      48
  No. nonlinear convergence failures =       0
  No. error test failures =       0
  Last step size used =    0.48856E+07
  Index compenent largest error = ********

 ...   53 / 180

 No. steps =      40   No. f-s =     715   No. J-s =       1   No. LU-s =       9
  No. nonlinear iterations =      44
  No. nonlinear convergence failures =       0
  No. error test failures =       0
  Last step size used =    0.41200E+07
  Index compenent largest error = ********

 ...   54 / 180

 No. steps =      32   No. f-s =     708   No. J-s =       1   No. LU-s =       8
  No. nonlinear iterations =      37
  No. nonlinear convergence failures =       0
  No. error test failures =       0
  Last step size used =    0.42623E+07
  Index compenent largest error = ********

 ...   55 / 180

 No. steps =      35   No. f-s =     711   No. J-s =       1   No. LU-s =       8
  No. nonlinear iterations =      40
  No. nonlinear convergence failures =       0
  No. error test failures =       0
  Last step size used =    0.41993E+07
  Index compenent largest error = ********

 ...   56 / 180

 No. steps =      41   No. f-s =     716   No. J-s =       1   No. LU-s =       9
  No. nonlinear iterations =      45
  No. nonlinear convergence failures =       0
  No. error test failures =       0
  Last step size used =    0.38383E+07
  Index compenent largest error = ********

 ...   57 / 180

 No. steps =      40   No. f-s =     717   No. J-s =       1   No. LU-s =       9
  No. nonlinear iterations =      46
  No. nonlinear convergence failures =       0
  No. error test failures =       0
  Last step size used =    0.33791E+07
  Index compenent largest error = ********

 ...   58 / 180

 No. steps =      43   No. f-s =     719   No. J-s =       1   No. LU-s =      10
  No. nonlinear iterations =      48
  No. nonlinear convergence failures =       0
  No. error test failures =       0
  Last step size used =    0.45718E+07
  Index compenent largest error = ********

 ...   59 / 180

 No. steps =      44   No. f-s =     719   No. J-s =       1   No. LU-s =       9
  No. nonlinear iterations =      48
  No. nonlinear convergence failures =       0
  No. error test failures =       0
  Last step size used =    0.37641E+07
  Index compenent largest error = ********

 ...   60 / 180

 No. steps =      47   No. f-s =     725   No. J-s =       1   No. LU-s =      10
  No. nonlinear iterations =      54
  No. nonlinear convergence failures =       0
  No. error test failures =       0
  Last step size used =    0.47921E+07
  Index compenent largest error = ********

 ...   61 / 180

 No. steps =      47   No. f-s =     725   No. J-s =       1   No. LU-s =      10
  No. nonlinear iterations =      54
  No. nonlinear convergence failures =       0
  No. error test failures =       0
  Last step size used =    0.49741E+07
  Index compenent largest error = ********

 ...   62 / 180

 No. steps =      46   No. f-s =     723   No. J-s =       1   No. LU-s =       8
  No. nonlinear iterations =      52
  No. nonlinear convergence failures =       0
  No. error test failures =       0
  Last step size used =    0.34344E+07
  Index compenent largest error = ********

 ...   63 / 180

 No. steps =      46   No. f-s =     723   No. J-s =       1   No. LU-s =       9
  No. nonlinear iterations =      52
  No. nonlinear convergence failures =       0
  No. error test failures =       0
  Last step size used =    0.49434E+07
  Index compenent largest error = ********

 ...   64 / 180

 No. steps =      46   No. f-s =     724   No. J-s =       1   No. LU-s =       9
  No. nonlinear iterations =      53
  No. nonlinear convergence failures =       0
  No. error test failures =       0
  Last step size used =    0.38046E+07
  Index compenent largest error = ********

 ...   65 / 180

 No. steps =      42   No. f-s =     719   No. J-s =       1   No. LU-s =       8
  No. nonlinear iterations =      48
  No. nonlinear convergence failures =       0
  No. error test failures =       0
  Last step size used =    0.37649E+07
  Index compenent largest error = ********

 ...   66 / 180

 No. steps =      43   No. f-s =     721   No. J-s =       1   No. LU-s =       9
  No. nonlinear iterations =      50
  No. nonlinear convergence failures =       0
  No. error test failures =       0
  Last step size used =    0.52277E+07
  Index compenent largest error = ********

 ...   67 / 180

 No. steps =      38   No. f-s =     716   No. J-s =       1   No. LU-s =       8
  No. nonlinear iterations =      45
  No. nonlinear convergence failures =       0
  No. error test failures =       0
  Last step size used =    0.46110E+07
  Index compenent largest error = ********

 ...   68 / 180

 No. steps =      34   No. f-s =     710   No. J-s =       1   No. LU-s =       9
  No. nonlinear iterations =      39
  No. nonlinear convergence failures =       0
  No. error test failures =       0
  Last step size used =    0.55687E+07
  Index compenent largest error = ********

 ...   69 / 180

 No. steps =      33   No. f-s =     709   No. J-s =       1   No. LU-s =       8
  No. nonlinear iterations =      38
  No. nonlinear convergence failures =       0
  No. error test failures =       0
  Last step size used =    0.39564E+07
  Index compenent largest error = ********

 ...   70 / 180

 No. steps =      34   No. f-s =     709   No. J-s =       1   No. LU-s =       8
  No. nonlinear iterations =      38
  No. nonlinear convergence failures =       0
  No. error test failures =       0
  Last step size used =    0.57260E+07
  Index compenent largest error = ********

 ...   71 / 180

 No. steps =      33   No. f-s =     709   No. J-s =       1   No. LU-s =       8
  No. nonlinear iterations =      38
  No. nonlinear convergence failures =       0
  No. error test failures =       0
  Last step size used =    0.37847E+07
  Index compenent largest error = ********

 ...   72 / 180

 No. steps =      31   No. f-s =     708   No. J-s =       1   No. LU-s =       9
  No. nonlinear iterations =      37
  No. nonlinear convergence failures =       0
  No. error test failures =       0
  Last step size used =    0.53089E+07
  Index compenent largest error = ********

 ...   73 / 180

 No. steps =      30   No. f-s =     707   No. J-s =       1   No. LU-s =       9
  No. nonlinear iterations =      36
  No. nonlinear convergence failures =       0
  No. error test failures =       0
  Last step size used =    0.87230E+07
  Index compenent largest error = ********

 ...   74 / 180

 No. steps =      21   No. f-s =     695   No. J-s =       1   No. LU-s =       6
  No. nonlinear iterations =      24
  No. nonlinear convergence failures =       0
  No. error test failures =       0
  Last step size used =    0.74654E+07
  Index compenent largest error = ********

 ...   75 / 180

 No. steps =      31   No. f-s =     707   No. J-s =       1   No. LU-s =       9
  No. nonlinear iterations =      36
  No. nonlinear convergence failures =       0
  No. error test failures =       0
  Last step size used =    0.51389E+07
  Index compenent largest error = ********

 ...   76 / 180

 No. steps =      33   No. f-s =     709   No. J-s =       1   No. LU-s =       9
  No. nonlinear iterations =      38
  No. nonlinear convergence failures =       0
  No. error test failures =       0
  Last step size used =    0.58940E+07
  Index compenent largest error = ********

 ...   77 / 180

 No. steps =      35   No. f-s =     711   No. J-s =       1   No. LU-s =       9
  No. nonlinear iterations =      40
  No. nonlinear convergence failures =       0
  No. error test failures =       0
  Last step size used =    0.53201E+07
  Index compenent largest error = ********

 ...   78 / 180

 No. steps =      37   No. f-s =     713   No. J-s =       1   No. LU-s =       9
  No. nonlinear iterations =      42
  No. nonlinear convergence failures =       0
  No. error test failures =       0
  Last step size used =    0.39656E+07
  Index compenent largest error = ********

 ...   79 / 180

 No. steps =      36   No. f-s =     712   No. J-s =       1   No. LU-s =       9
  No. nonlinear iterations =      41
  No. nonlinear convergence failures =       0
  No. error test failures =       0
  Last step size used =    0.44925E+07
  Index compenent largest error = ********

 ...   80 / 180

 No. steps =      39   No. f-s =     716   No. J-s =       1   No. LU-s =       8
  No. nonlinear iterations =      45
  No. nonlinear convergence failures =       0
  No. error test failures =       0
  Last step size used =    0.36934E+07
  Index compenent largest error = ********

 ...   81 / 180

 No. steps =      38   No. f-s =     715   No. J-s =       1   No. LU-s =       8
  No. nonlinear iterations =      44
  No. nonlinear convergence failures =       0
  No. error test failures =       0
  Last step size used =    0.38575E+07
  Index compenent largest error = ********

 ...   82 / 180

 No. steps =      40   No. f-s =     717   No. J-s =       1   No. LU-s =       9
  No. nonlinear iterations =      46
  No. nonlinear convergence failures =       0
  No. error test failures =       0
  Last step size used =    0.38724E+07
  Index compenent largest error = ********

 ...   83 / 180

 No. steps =      43   No. f-s =     719   No. J-s =       1   No. LU-s =       8
  No. nonlinear iterations =      48
  No. nonlinear convergence failures =       0
  No. error test failures =       0
  Last step size used =    0.39116E+07
  Index compenent largest error = ********

 ...   84 / 180

 No. steps =      43   No. f-s =     719   No. J-s =       1   No. LU-s =       8
  No. nonlinear iterations =      48
  No. nonlinear convergence failures =       0
  No. error test failures =       0
  Last step size used =    0.39536E+07
  Index compenent largest error = ********

 ...   85 / 180

 No. steps =      43   No. f-s =     719   No. J-s =       1   No. LU-s =       8
  No. nonlinear iterations =      48
  No. nonlinear convergence failures =       0
  No. error test failures =       0
  Last step size used =    0.41226E+07
  Index compenent largest error = ********

 ...   86 / 180

 No. steps =      43   No. f-s =     720   No. J-s =       1   No. LU-s =      10
  No. nonlinear iterations =      49
  No. nonlinear convergence failures =       0
  No. error test failures =       0
  Last step size used =    0.60986E+07
  Index compenent largest error = ********

 ...   87 / 180

 No. steps =      37   No. f-s =     714   No. J-s =       1   No. LU-s =       8
  No. nonlinear iterations =      43
  No. nonlinear convergence failures =       0
  No. error test failures =       0
  Last step size used =    0.42225E+07
  Index compenent largest error = ********

 ...   88 / 180

 No. steps =      37   No. f-s =     714   No. J-s =       1   No. LU-s =       8
  No. nonlinear iterations =      43
  No. nonlinear convergence failures =       0
  No. error test failures =       0
  Last step size used =    0.43762E+07
  Index compenent largest error = ********

 ...   89 / 180

 No. steps =      34   No. f-s =     710   No. J-s =       1   No. LU-s =       9
  No. nonlinear iterations =      39
  No. nonlinear convergence failures =       0
  No. error test failures =       0
  Last step size used =    0.55736E+07
  Index compenent largest error = ********

 ...   90 / 180

 No. steps =      33   No. f-s =     710   No. J-s =       1   No. LU-s =       9
  No. nonlinear iterations =      39
  No. nonlinear convergence failures =       0
  No. error test failures =       0
  Last step size used =    0.61053E+07
  Index compenent largest error = ********

 ...   91 / 180

 No. steps =      33   No. f-s =     710   No. J-s =       1   No. LU-s =       9
  No. nonlinear iterations =      39
  No. nonlinear convergence failures =       0
  No. error test failures =       0
  Last step size used =    0.56849E+07
  Index compenent largest error = ********

 ...   92 / 180

 No. steps =      29   No. f-s =     706   No. J-s =       1   No. LU-s =       9
  No. nonlinear iterations =      35
  No. nonlinear convergence failures =       0
  No. error test failures =       0
  Last step size used =    0.56913E+07
  Index compenent largest error = ********

 ...   93 / 180

 No. steps =      28   No. f-s =     705   No. J-s =       1   No. LU-s =       8
  No. nonlinear iterations =      34
  No. nonlinear convergence failures =       0
  No. error test failures =       0
  Last step size used =    0.43456E+07
  Index compenent largest error = ********

 ...   94 / 180

 No. steps =      29   No. f-s =     706   No. J-s =       1   No. LU-s =       9
  No. nonlinear iterations =      35
  No. nonlinear convergence failures =       0
  No. error test failures =       0
  Last step size used =    0.58653E+07
  Index compenent largest error = ********

 ...   95 / 180

 No. steps =      29   No. f-s =     704   No. J-s =       1   No. LU-s =       7
  No. nonlinear iterations =      33
  No. nonlinear convergence failures =       0
  No. error test failures =       0
  Last step size used =    0.45172E+07
  Index compenent largest error = ********

 ...   96 / 180

 No. steps =      28   No. f-s =     703   No. J-s =       1   No. LU-s =       7
  No. nonlinear iterations =      32
  No. nonlinear convergence failures =       0
  No. error test failures =       0
  Last step size used =    0.50623E+07
  Index compenent largest error = ********

 ...   97 / 180

 No. steps =      28   No. f-s =     701   No. J-s =       1   No. LU-s =       8
  No. nonlinear iterations =      30
  No. nonlinear convergence failures =       0
  No. error test failures =       0
  Last step size used =    0.98584E+07
  Index compenent largest error = ********

 ...   98 / 180

 No. steps =      29   No. f-s =     705   No. J-s =       1   No. LU-s =       8
  No. nonlinear iterations =      34
  No. nonlinear convergence failures =       0
  No. error test failures =       0
  Last step size used =    0.56618E+07
  Index compenent largest error = ********

 ...   99 / 180

 No. steps =      29   No. f-s =     705   No. J-s =       1   No. LU-s =       9
  No. nonlinear iterations =      34
  No. nonlinear convergence failures =       0
  No. error test failures =       0
  Last step size used =    0.78018E+07
  Index compenent largest error = ********

 ...  100 / 180

 No. steps =      30   No. f-s =     706   No. J-s =       1   No. LU-s =       8
  No. nonlinear iterations =      35
  No. nonlinear convergence failures =       0
  No. error test failures =       0
  Last step size used =    0.45230E+07
  Index compenent largest error = ********

 ...  101 / 180

 No. steps =      31   No. f-s =     707   No. J-s =       1   No. LU-s =       9
  No. nonlinear iterations =      36
  No. nonlinear convergence failures =       0
  No. error test failures =       0
  Last step size used =    0.64041E+07
  Index compenent largest error = ********

 ...  102 / 180

 No. steps =      30   No. f-s =     706   No. J-s =       1   No. LU-s =       8
  No. nonlinear iterations =      35
  No. nonlinear convergence failures =       0
  No. error test failures =       0
  Last step size used =    0.45205E+07
  Index compenent largest error = ********

 ...  103 / 180

 No. steps =      30   No. f-s =     706   No. J-s =       1   No. LU-s =       8
  No. nonlinear iterations =      35
  No. nonlinear convergence failures =       0
  No. error test failures =       0
  Last step size used =    0.45990E+07
  Index compenent largest error = ********

 ...  104 / 180

 No. steps =      31   No. f-s =     707   No. J-s =       1   No. LU-s =       8
  No. nonlinear iterations =      36
  No. nonlinear convergence failures =       0
  No. error test failures =       0
  Last step size used =    0.42405E+07
  Index compenent largest error = ********

 ...  105 / 180

 No. steps =      31   No. f-s =     707   No. J-s =       1   No. LU-s =       8
  No. nonlinear iterations =      36
  No. nonlinear convergence failures =       0
  No. error test failures =       0
  Last step size used =    0.41792E+07
  Index compenent largest error = ********

 ...  106 / 180

 No. steps =      32   No. f-s =     708   No. J-s =       1   No. LU-s =       9
  No. nonlinear iterations =      37
  No. nonlinear convergence failures =       0
  No. error test failures =       0
  Last step size used =    0.60788E+07
  Index compenent largest error = ********

 ...  107 / 180

 No. steps =      32   No. f-s =     708   No. J-s =       1   No. LU-s =       9
  No. nonlinear iterations =      37
  No. nonlinear convergence failures =       0
  No. error test failures =       0
  Last step size used =    0.61842E+07
  Index compenent largest error = ********

 ...  108 / 180

 No. steps =      33   No. f-s =     709   No. J-s =       1   No. LU-s =       7
  No. nonlinear iterations =      38
  No. nonlinear convergence failures =       0
  No. error test failures =       0
  Last step size used =    0.50158E+07
  Index compenent largest error = ********

 ...  109 / 180

 No. steps =      31   No. f-s =     707   No. J-s =       1   No. LU-s =       8
  No. nonlinear iterations =      36
  No. nonlinear convergence failures =       0
  No. error test failures =       0
  Last step size used =    0.43711E+07
  Index compenent largest error = ********

 ...  110 / 180

 No. steps =      31   No. f-s =     707   No. J-s =       1   No. LU-s =       8
  No. nonlinear iterations =      36
  No. nonlinear convergence failures =       0
  No. error test failures =       0
  Last step size used =    0.41419E+07
  Index compenent largest error = ********

 ...  111 / 180

 No. steps =      31   No. f-s =     707   No. J-s =       1   No. LU-s =       8
  No. nonlinear iterations =      36
  No. nonlinear convergence failures =       0
  No. error test failures =       0
  Last step size used =    0.42187E+07
  Index compenent largest error = ********

 ...  112 / 180

 No. steps =      33   No. f-s =     709   No. J-s =       1   No. LU-s =       7
  No. nonlinear iterations =      38
  No. nonlinear convergence failures =       0
  No. error test failures =       0
  Last step size used =    0.47935E+07
  Index compenent largest error = ********

 ...  113 / 180

 No. steps =      30   No. f-s =     706   No. J-s =       1   No. LU-s =       8
  No. nonlinear iterations =      35
  No. nonlinear convergence failures =       0
  No. error test failures =       0
  Last step size used =    0.46213E+07
  Index compenent largest error = ********

 ...  114 / 180

 No. steps =      30   No. f-s =     706   No. J-s =       1   No. LU-s =       8
  No. nonlinear iterations =      35
  No. nonlinear convergence failures =       0
  No. error test failures =       0
  Last step size used =    0.45432E+07
  Index compenent largest error = ********

 ...  115 / 180

 No. steps =      30   No. f-s =     706   No. J-s =       1   No. LU-s =       8
  No. nonlinear iterations =      35
  No. nonlinear convergence failures =       0
  No. error test failures =       0
  Last step size used =    0.48392E+07
  Index compenent largest error = ********

 ...  116 / 180

 No. steps =      29   No. f-s =     705   No. J-s =       1   No. LU-s =       8
  No. nonlinear iterations =      34
  No. nonlinear convergence failures =       0
  No. error test failures =       0
  Last step size used =    0.50717E+07
  Index compenent largest error = ********

 ...  117 / 180

 No. steps =      29   No. f-s =     705   No. J-s =       1   No. LU-s =       8
  No. nonlinear iterations =      34
  No. nonlinear convergence failures =       0
  No. error test failures =       0
  Last step size used =    0.52919E+07
  Index compenent largest error = ********

 ...  118 / 180

 No. steps =      29   No. f-s =     705   No. J-s =       1   No. LU-s =       8
  No. nonlinear iterations =      34
  No. nonlinear convergence failures =       0
  No. error test failures =       0
  Last step size used =    0.50117E+07
  Index compenent largest error = ********

 ...  119 / 180

 No. steps =      28   No. f-s =     705   No. J-s =       1   No. LU-s =       9
  No. nonlinear iterations =      34
  No. nonlinear convergence failures =       0
  No. error test failures =       0
  Last step size used =    0.10285E+08
  Index compenent largest error = ********

 ...  120 / 180

 No. steps =      29   No. f-s =     705   No. J-s =       1   No. LU-s =       8
  No. nonlinear iterations =      34
  No. nonlinear convergence failures =       0
  No. error test failures =       0
  Last step size used =    0.51784E+07
  Index compenent largest error = ********

 ...  121 / 180

 No. steps =      30   No. f-s =     706   No. J-s =       1   No. LU-s =       8
  No. nonlinear iterations =      35
  No. nonlinear convergence failures =       0
  No. error test failures =       0
  Last step size used =    0.47282E+07
  Index compenent largest error = ********

 ...  122 / 180

 No. steps =      27   No. f-s =     703   No. J-s =       1   No. LU-s =       8
  No. nonlinear iterations =      32
  No. nonlinear convergence failures =       0
  No. error test failures =       0
  Last step size used =    0.62431E+07
  Index compenent largest error = ********

 ...  123 / 180

 No. steps =      28   No. f-s =     705   No. J-s =       1   No. LU-s =       9
  No. nonlinear iterations =      34
  No. nonlinear convergence failures =       0
  No. error test failures =       0
  Last step size used =    0.10020E+08
  Index compenent largest error = ********

 ...  124 / 180

 No. steps =      28   No. f-s =     704   No. J-s =       1   No. LU-s =       8
  No. nonlinear iterations =      33
  No. nonlinear convergence failures =       0
  No. error test failures =       0
  Last step size used =    0.74225E+07
  Index compenent largest error = ********

 ...  125 / 180

 No. steps =      29   No. f-s =     705   No. J-s =       1   No. LU-s =       8
  No. nonlinear iterations =      34
  No. nonlinear convergence failures =       0
  No. error test failures =       0
  Last step size used =    0.54311E+07
  Index compenent largest error = ********

 ...  126 / 180

 No. steps =      28   No. f-s =     705   No. J-s =       1   No. LU-s =       9
  No. nonlinear iterations =      34
  No. nonlinear convergence failures =       0
  No. error test failures =       0
  Last step size used =    0.10196E+08
  Index compenent largest error = ********

 ...  127 / 180

 No. steps =      26   No. f-s =     703   No. J-s =       1   No. LU-s =       8
  No. nonlinear iterations =      32
  No. nonlinear convergence failures =       0
  No. error test failures =       0
  Last step size used =    0.65399E+07
  Index compenent largest error = ********

 ...  128 / 180

 No. steps =      27   No. f-s =     703   No. J-s =       1   No. LU-s =       8
  No. nonlinear iterations =      32
  No. nonlinear convergence failures =       0
  No. error test failures =       0
  Last step size used =    0.63069E+07
  Index compenent largest error = ********

 ...  129 / 180

 No. steps =      28   No. f-s =     705   No. J-s =       1   No. LU-s =       9
  No. nonlinear iterations =      34
  No. nonlinear convergence failures =       0
  No. error test failures =       0
  Last step size used =    0.90187E+07
  Index compenent largest error = ********

 ...  130 / 180

 No. steps =      29   No. f-s =     705   No. J-s =       1   No. LU-s =       8
  No. nonlinear iterations =      34
  No. nonlinear convergence failures =       0
  No. error test failures =       0
  Last step size used =    0.54183E+07
  Index compenent largest error = ********

 ...  131 / 180

 No. steps =      28   No. f-s =     704   No. J-s =       1   No. LU-s =       8
  No. nonlinear iterations =      33
  No. nonlinear convergence failures =       0
  No. error test failures =       0
  Last step size used =    0.57747E+07
  Index compenent largest error = ********

 ...  132 / 180

 No. steps =      28   No. f-s =     704   No. J-s =       1   No. LU-s =       8
  No. nonlinear iterations =      33
  No. nonlinear convergence failures =       0
  No. error test failures =       0
  Last step size used =    0.57286E+07
  Index compenent largest error = ********

 ...  133 / 180

 No. steps =      28   No. f-s =     704   No. J-s =       1   No. LU-s =       8
  No. nonlinear iterations =      33
  No. nonlinear convergence failures =       0
  No. error test failures =       0
  Last step size used =    0.59631E+07
  Index compenent largest error = ********

 ...  134 / 180

 No. steps =      27   No. f-s =     703   No. J-s =       1   No. LU-s =       8
  No. nonlinear iterations =      32
  No. nonlinear convergence failures =       0
  No. error test failures =       0
  Last step size used =    0.61730E+07
  Index compenent largest error = ********

 ...  135 / 180

 No. steps =      28   No. f-s =     704   No. J-s =       1   No. LU-s =       8
  No. nonlinear iterations =      33
  No. nonlinear convergence failures =       0
  No. error test failures =       0
  Last step size used =    0.60348E+07
  Index compenent largest error = ********

 ...  136 / 180

 No. steps =      28   No. f-s =     704   No. J-s =       1   No. LU-s =       8
  No. nonlinear iterations =      33
  No. nonlinear convergence failures =       0
  No. error test failures =       0
  Last step size used =    0.55603E+07
  Index compenent largest error = ********

 ...  137 / 180

 No. steps =      28   No. f-s =     704   No. J-s =       1   No. LU-s =       8
  No. nonlinear iterations =      33
  No. nonlinear convergence failures =       0
  No. error test failures =       0
  Last step size used =    0.60423E+07
  Index compenent largest error = ********

 ...  138 / 180

 No. steps =      27   No. f-s =     703   No. J-s =       1   No. LU-s =       8
  No. nonlinear iterations =      32
  No. nonlinear convergence failures =       0
  No. error test failures =       0
  Last step size used =    0.64790E+07
  Index compenent largest error = ********

 ...  139 / 180

 No. steps =      27   No. f-s =     703   No. J-s =       1   No. LU-s =       8
  No. nonlinear iterations =      32
  No. nonlinear convergence failures =       0
  No. error test failures =       0
  Last step size used =    0.61961E+07
  Index compenent largest error = ********

 ...  140 / 180

 No. steps =      28   No. f-s =     704   No. J-s =       1   No. LU-s =       8
  No. nonlinear iterations =      33
  No. nonlinear convergence failures =       0
  No. error test failures =       0
  Last step size used =    0.56122E+07
  Index compenent largest error = ********

 ...  141 / 180

 No. steps =      27   No. f-s =     703   No. J-s =       1   No. LU-s =       8
  No. nonlinear iterations =      32
  No. nonlinear convergence failures =       0
  No. error test failures =       0
  Last step size used =    0.66432E+07
  Index compenent largest error = ********

 ...  142 / 180

 No. steps =      28   No. f-s =     704   No. J-s =       1   No. LU-s =       8
  No. nonlinear iterations =      33
  No. nonlinear convergence failures =       0
  No. error test failures =       0
  Last step size used =    0.60947E+07
  Index compenent largest error = ********

 ...  143 / 180

 No. steps =      27   No. f-s =     703   No. J-s =       1   No. LU-s =       8
  No. nonlinear iterations =      32
  No. nonlinear convergence failures =       0
  No. error test failures =       0
  Last step size used =    0.64341E+07
  Index compenent largest error = ********

 ...  144 / 180

 No. steps =      27   No. f-s =     703   No. J-s =       1   No. LU-s =       8
  No. nonlinear iterations =      32
  No. nonlinear convergence failures =       0
  No. error test failures =       0
  Last step size used =    0.63000E+07
  Index compenent largest error = ********

 ...  145 / 180

 No. steps =      27   No. f-s =     703   No. J-s =       1   No. LU-s =       8
  No. nonlinear iterations =      32
  No. nonlinear convergence failures =       0
  No. error test failures =       0
  Last step size used =    0.63739E+07
  Index compenent largest error = ********

 ...  146 / 180

 No. steps =      27   No. f-s =     703   No. J-s =       1   No. LU-s =       8
  No. nonlinear iterations =      32
  No. nonlinear convergence failures =       0
  No. error test failures =       0
  Last step size used =    0.65725E+07
  Index compenent largest error = ********

 ...  147 / 180

 No. steps =      27   No. f-s =     703   No. J-s =       1   No. LU-s =       8
  No. nonlinear iterations =      32
  No. nonlinear convergence failures =       0
  No. error test failures =       0
  Last step size used =    0.63784E+07
  Index compenent largest error = ********

 ...  148 / 180

 No. steps =      27   No. f-s =     703   No. J-s =       1   No. LU-s =       8
  No. nonlinear iterations =      32
  No. nonlinear convergence failures =       0
  No. error test failures =       0
  Last step size used =    0.68302E+07
  Index compenent largest error = ********

 ...  149 / 180

 No. steps =      26   No. f-s =     703   No. J-s =       1   No. LU-s =       8
  No. nonlinear iterations =      32
  No. nonlinear convergence failures =       0
  No. error test failures =       0
  Last step size used =    0.72005E+07
  Index compenent largest error = ********

 ...  150 / 180

 No. steps =      27   No. f-s =     703   No. J-s =       1   No. LU-s =       8
  No. nonlinear iterations =      32
  No. nonlinear convergence failures =       0
  No. error test failures =       0
  Last step size used =    0.69727E+07
  Index compenent largest error = ********

 ...  151 / 180

 No. steps =      27   No. f-s =     703   No. J-s =       1   No. LU-s =       8
  No. nonlinear iterations =      32
  No. nonlinear convergence failures =       0
  No. error test failures =       0
  Last step size used =    0.65256E+07
  Index compenent largest error = ********

 ...  152 / 180

 No. steps =      26   No. f-s =     702   No. J-s =       1   No. LU-s =       7
  No. nonlinear iterations =      31
  No. nonlinear convergence failures =       0
  No. error test failures =       0
  Last step size used =    0.50412E+07
  Index compenent largest error = ********

 ...  153 / 180

 No. steps =      25   No. f-s =     702   No. J-s =       1   No. LU-s =       8
  No. nonlinear iterations =      31
  No. nonlinear convergence failures =       0
  No. error test failures =       0
  Last step size used =    0.72989E+07
  Index compenent largest error = ********

 ...  154 / 180

 No. steps =      27   No. f-s =     703   No. J-s =       1   No. LU-s =       8
  No. nonlinear iterations =      32
  No. nonlinear convergence failures =       0
  No. error test failures =       0
  Last step size used =    0.67086E+07
  Index compenent largest error = ********

 ...  155 / 180

 No. steps =      27   No. f-s =     703   No. J-s =       1   No. LU-s =       8
  No. nonlinear iterations =      32
  No. nonlinear convergence failures =       0
  No. error test failures =       0
  Last step size used =    0.69325E+07
  Index compenent largest error = ********

 ...  156 / 180

 No. steps =      26   No. f-s =     702   No. J-s =       1   No. LU-s =       7
  No. nonlinear iterations =      31
  No. nonlinear convergence failures =       0
  No. error test failures =       0
  Last step size used =    0.46154E+07
  Index compenent largest error = ********

 ...  157 / 180

 No. steps =      27   No. f-s =     703   No. J-s =       1   No. LU-s =       8
  No. nonlinear iterations =      32
  No. nonlinear convergence failures =       0
  No. error test failures =       0
  Last step size used =    0.69328E+07
  Index compenent largest error = ********

 ...  158 / 180

 No. steps =      26   No. f-s =     702   No. J-s =       1   No. LU-s =       7
  No. nonlinear iterations =      31
  No. nonlinear convergence failures =       0
  No. error test failures =       0
  Last step size used =    0.45223E+07
  Index compenent largest error = ********

 ...  159 / 180

 No. steps =      26   No. f-s =     702   No. J-s =       1   No. LU-s =       7
  No. nonlinear iterations =      31
  No. nonlinear convergence failures =       0
  No. error test failures =       0
  Last step size used =    0.48845E+07
  Index compenent largest error = ********

 ...  160 / 180

 No. steps =      26   No. f-s =     702   No. J-s =       1   No. LU-s =       7
  No. nonlinear iterations =      31
  No. nonlinear convergence failures =       0
  No. error test failures =       0
  Last step size used =    0.48555E+07
  Index compenent largest error = ********

 ...  161 / 180

 No. steps =      26   No. f-s =     702   No. J-s =       1   No. LU-s =       7
  No. nonlinear iterations =      31
  No. nonlinear convergence failures =       0
  No. error test failures =       0
  Last step size used =    0.49106E+07
  Index compenent largest error = ********

 ...  162 / 180

 No. steps =      25   No. f-s =     701   No. J-s =       1   No. LU-s =       7
  No. nonlinear iterations =      30
  No. nonlinear convergence failures =       0
  No. error test failures =       0
  Last step size used =    0.55535E+07
  Index compenent largest error = ********

 ...  163 / 180

 No. steps =      26   No. f-s =     702   No. J-s =       1   No. LU-s =       7
  No. nonlinear iterations =      31
  No. nonlinear convergence failures =       0
  No. error test failures =       0
  Last step size used =    0.49399E+07
  Index compenent largest error = ********

 ...  164 / 180

 No. steps =      25   No. f-s =     701   No. J-s =       1   No. LU-s =       7
  No. nonlinear iterations =      30
  No. nonlinear convergence failures =       0
  No. error test failures =       0
  Last step size used =    0.52106E+07
  Index compenent largest error = ********

 ...  165 / 180

 No. steps =      26   No. f-s =     702   No. J-s =       1   No. LU-s =       7
  No. nonlinear iterations =      31
  No. nonlinear convergence failures =       0
  No. error test failures =       0
  Last step size used =    0.47336E+07
  Index compenent largest error = ********

 ...  166 / 180

 No. steps =      26   No. f-s =     702   No. J-s =       1   No. LU-s =       7
  No. nonlinear iterations =      31
  No. nonlinear convergence failures =       0
  No. error test failures =       0
  Last step size used =    0.47701E+07
  Index compenent largest error = ********

 ...  167 / 180

 No. steps =      25   No. f-s =     701   No. J-s =       1   No. LU-s =       7
  No. nonlinear iterations =      30
  No. nonlinear convergence failures =       0
  No. error test failures =       0
  Last step size used =    0.55271E+07
  Index compenent largest error = ********

 ...  168 / 180

 No. steps =      26   No. f-s =     702   No. J-s =       1   No. LU-s =       7
  No. nonlinear iterations =      31
  No. nonlinear convergence failures =       0
  No. error test failures =       0
  Last step size used =    0.68485E+07
  Index compenent largest error = ********

 ...  169 / 180

 No. steps =      25   No. f-s =     701   No. J-s =       1   No. LU-s =       7
  No. nonlinear iterations =      30
  No. nonlinear convergence failures =       0
  No. error test failures =       0
  Last step size used =    0.50431E+07
  Index compenent largest error = ********

 ...  170 / 180

 No. steps =      25   No. f-s =     701   No. J-s =       1   No. LU-s =       7
  No. nonlinear iterations =      30
  No. nonlinear convergence failures =       0
  No. error test failures =       0
  Last step size used =    0.53660E+07
  Index compenent largest error = ********

 ...  171 / 180

 No. steps =      25   No. f-s =     701   No. J-s =       1   No. LU-s =       7
  No. nonlinear iterations =      30
  No. nonlinear convergence failures =       0
  No. error test failures =       0
  Last step size used =    0.53438E+07
  Index compenent largest error = ********

 ...  172 / 180

 No. steps =      25   No. f-s =     701   No. J-s =       1   No. LU-s =       7
  No. nonlinear iterations =      30
  No. nonlinear convergence failures =       0
  No. error test failures =       0
  Last step size used =    0.53792E+07
  Index compenent largest error = ********

 ...  173 / 180

 No. steps =      24   No. f-s =     700   No. J-s =       1   No. LU-s =       7
  No. nonlinear iterations =      29
  No. nonlinear convergence failures =       0
  No. error test failures =       0
  Last step size used =    0.56503E+07
  Index compenent largest error = ********

 ...  174 / 180

 No. steps =      24   No. f-s =     700   No. J-s =       1   No. LU-s =       7
  No. nonlinear iterations =      29
  No. nonlinear convergence failures =       0
  No. error test failures =       0
  Last step size used =    0.58011E+07
  Index compenent largest error = ********

 ...  175 / 180

 No. steps =      24   No. f-s =     700   No. J-s =       1   No. LU-s =       7
  No. nonlinear iterations =      29
  No. nonlinear convergence failures =       0
  No. error test failures =       0
  Last step size used =    0.56884E+07
  Index compenent largest error = ********

 ...  176 / 180

 No. steps =      25   No. f-s =     701   No. J-s =       1   No. LU-s =       7
  No. nonlinear iterations =      30
  No. nonlinear convergence failures =       0
  No. error test failures =       0
  Last step size used =    0.54977E+07
  Index compenent largest error = ********

 ...  177 / 180

 No. steps =      24   No. f-s =     700   No. J-s =       1   No. LU-s =       7
  No. nonlinear iterations =      29
  No. nonlinear convergence failures =       0
  No. error test failures =       0
  Last step size used =    0.59211E+07
  Index compenent largest error = ********

 ...  178 / 180

 No. steps =      24   No. f-s =     700   No. J-s =       1   No. LU-s =       7
  No. nonlinear iterations =      29
  No. nonlinear convergence failures =       0
  No. error test failures =       0
  Last step size used =    0.57629E+07
  Index compenent largest error = ********

 ...  179 / 180

 No. steps =      24   No. f-s =     700   No. J-s =       1   No. LU-s =       7
  No. nonlinear iterations =      29
  No. nonlinear convergence failures =       0
  No. error test failures =       0
  Last step size used =    0.58594E+07
  Index compenent largest error = ********

 ...  180 / 180

 No. steps =      25   No. f-s =     701   No. J-s =       1   No. LU-s =       7
  No. nonlinear iterations =      30
  No. nonlinear convergence failures =       0
  No. error test failures =       0
  Last step size used =    0.79050E+07
  Index compenent largest error = ********


    ... DONE!
 +++++++++++++++++++++++++++++++++++++++++++++++++++


+------------------ Job Report: 10176607 (COMPLETED) ------------------+
| Memory (RAM)  No data available                                      |
| CPU           [##########          ] 54.3% average                   |
| Time          [>                   ]  1.0% (0-00:00:35 / 0-01:00:00) |
|                                                                      |
| Lustre Filesystem:                                                   |
|   No data available                                                  |
+----------------------------------------------------------------------+
