Starting job 10175762, array task 411 on dave21
Chemistry type: Orich
Analysis mode: false
Found 462 valid particle IDs in /fred/oz304/beckers/Chemistry/traces/wind_v10/trace_output_with_av
Returning 460 particle IDs (after start_index=2 offset)
SLURM task 411: processing particle 3711804
Running Orich evolving_model on 1 phantom particle trace(s) from wind_v10

 +++++++++++++++++++++++++++++++++++++++++++++++++++
 +++++        ENVELOPE CHEMICAL MODEL         ++++++
 +++++++++++++++++++++++++++++++++++++++++++++++++++

 Version 1.0 authored by Catherine Walsh and Maria 
    Drozdovskaya, Leiden Observatory (01/08/2013)

 Version 1.1 amended by Catherine Walsh (18/05/2014)

 Version 1.2 amended by Catherine Walsh (13/08/2015)

 +++++++++++++++++++++++++++++++++++++++++++++++++++

          Input file =  Orich/param/trace_file_param/file_parameters_3711804.txt              

 Physical conditions  = Orich/input/3711804.txt                                               
 Chemical network     = ./rate12_complex.rates                                                
 Species file         = ./rate12_complex_atomic_Orich.specs                                   
 Binding energies     = ./rate12_binding.dat                                                  
 Reaction parameters  = param/reaction_parameters.txt                                         
 Grain parameters     = param/grain_parameters.txt                                            
 Radiation parameters = param/radiation_parameters.txt                                        

 Output file          = Orich/output/model_output_3711804.dat                                 
 Rates file           = Orich/output/model_rates_3711804.dat                                  

 Opening and reading physical conditions file ...

 +++++++++++++++++++++++++++++++++++++++++++++++++++
 Beginning to run model ...
 +++++++++++++++++++++++++++++++++++++++++++++++++++

 Preparing output files ...

 Progress = ...
 ...    1 / 164

 No. steps =    1324   No. f-s =   20692   No. J-s =      28   No. LU-s =     202
  No. nonlinear iterations =    1987
  No. nonlinear convergence failures =       0
  No. error test failures =      64
  Last step size used =    0.14995E+09
  Index compenent largest error = ********

 ...    2 / 164

 No. steps =     100   No. f-s =    1458   No. J-s =       2   No. LU-s =      19
  No. nonlinear iterations =     119
  No. nonlinear convergence failures =       0
  No. error test failures =       1
  Last step size used =    0.32728E+07
  Index compenent largest error = ********

 ...    3 / 164

 No. steps =     100   No. f-s =    1452   No. J-s =       2   No. LU-s =      16
  No. nonlinear iterations =     113
  No. nonlinear convergence failures =       0
  No. error test failures =       0
  Last step size used =    0.26566E+07
  Index compenent largest error = ********

 ...    4 / 164

 No. steps =      93   No. f-s =    1447   No. J-s =       2   No. LU-s =      15
  No. nonlinear iterations =     108
  No. nonlinear convergence failures =       0
  No. error test failures =       0
  Last step size used =    0.29041E+07
  Index compenent largest error = ********

 ...    5 / 164

 No. steps =      82   No. f-s =    1434   No. J-s =       2   No. LU-s =      15
  No. nonlinear iterations =      95
  No. nonlinear convergence failures =       0
  No. error test failures =       0
  Last step size used =    0.29290E+07
  Index compenent largest error = ********

 ...    6 / 164

 No. steps =      74   No. f-s =    1428   No. J-s =       2   No. LU-s =      15
  No. nonlinear iterations =      89
  No. nonlinear convergence failures =       0
  No. error test failures =       1
  Last step size used =    0.31169E+07
  Index compenent largest error = ********

 ...    7 / 164

 No. steps =      67   No. f-s =    1416   No. J-s =       2   No. LU-s =      12
  No. nonlinear iterations =      77
  No. nonlinear convergence failures =       0
  No. error test failures =       0
  Last step size used =    0.23835E+07
  Index compenent largest error = ********

 ...    8 / 164

 No. steps =      62   No. f-s =    1408   No. J-s =       2   No. LU-s =      12
  No. nonlinear iterations =      69
  No. nonlinear convergence failures =       0
  No. error test failures =       0
  Last step size used =    0.30749E+07
  Index compenent largest error = ********

 ...    9 / 164

 No. steps =      60   No. f-s =    1407   No. J-s =       2   No. LU-s =      12
  No. nonlinear iterations =      68
  No. nonlinear convergence failures =       0
  No. error test failures =       0
  Last step size used =    0.28912E+07
  Index compenent largest error = ********

 ...   10 / 164

 No. steps =      55   No. f-s =     733   No. J-s =       1   No. LU-s =      10
  No. nonlinear iterations =      62
  No. nonlinear convergence failures =       0
  No. error test failures =       0
  Last step size used =    0.26413E+07
  Index compenent largest error = ********

 ...   11 / 164

 No. steps =      54   No. f-s =    1400   No. J-s =       2   No. LU-s =      11
  No. nonlinear iterations =      61
  No. nonlinear convergence failures =       0
  No. error test failures =       0
  Last step size used =    0.42177E+07
  Index compenent largest error = ********

 ...   12 / 164

 No. steps =      57   No. f-s =    1402   No. J-s =       2   No. LU-s =      11
  No. nonlinear iterations =      63
  No. nonlinear convergence failures =       0
  No. error test failures =       0
  Last step size used =    0.32069E+07
  Index compenent largest error = ********

 ...   13 / 164

 No. steps =      58   No. f-s =    1404   No. J-s =       2   No. LU-s =      11
  No. nonlinear iterations =      65
  No. nonlinear convergence failures =       0
  No. error test failures =       0
  Last step size used =    0.30318E+07
  Index compenent largest error = ********

 ...   14 / 164

 No. steps =      54   No. f-s =     735   No. J-s =       1   No. LU-s =      12
  No. nonlinear iterations =      64
  No. nonlinear convergence failures =       0
  No. error test failures =       0
  Last step size used =    0.28039E+07
  Index compenent largest error = ********

 ...   15 / 164

 No. steps =      54   No. f-s =     734   No. J-s =       1   No. LU-s =      12
  No. nonlinear iterations =      63
  No. nonlinear convergence failures =       0
  No. error test failures =       0
  Last step size used =    0.34476E+07
  Index compenent largest error = ********

 ...   16 / 164

 No. steps =      54   No. f-s =     732   No. J-s =       1   No. LU-s =      11
  No. nonlinear iterations =      61
  No. nonlinear convergence failures =       0
  No. error test failures =       0
  Last step size used =    0.23758E+07
  Index compenent largest error = ********

 ...   17 / 164

 No. steps =      54   No. f-s =     732   No. J-s =       1   No. LU-s =      10
  No. nonlinear iterations =      61
  No. nonlinear convergence failures =       0
  No. error test failures =       0
  Last step size used =    0.30797E+07
  Index compenent largest error = ********

 ...   18 / 164

 No. steps =      52   No. f-s =     732   No. J-s =       1   No. LU-s =      11
  No. nonlinear iterations =      61
  No. nonlinear convergence failures =       0
  No. error test failures =       0
  Last step size used =    0.48151E+07
  Index compenent largest error = ********

 ...   19 / 164

 No. steps =      53   No. f-s =    1398   No. J-s =       2   No. LU-s =      10
  No. nonlinear iterations =      59
  No. nonlinear convergence failures =       0
  No. error test failures =       0
  Last step size used =    0.45014E+07
  Index compenent largest error = ********

 ...   20 / 164

 No. steps =      52   No. f-s =     729   No. J-s =       1   No. LU-s =       9
  No. nonlinear iterations =      58
  No. nonlinear convergence failures =       0
  No. error test failures =       0
  Last step size used =    0.29428E+07
  Index compenent largest error = ********

 ...   21 / 164

 No. steps =      50   No. f-s =     731   No. J-s =       1   No. LU-s =      11
  No. nonlinear iterations =      60
  No. nonlinear convergence failures =       0
  No. error test failures =       0
  Last step size used =    0.31431E+07
  Index compenent largest error = ********

 ...   22 / 164

 No. steps =      56   No. f-s =     734   No. J-s =       1   No. LU-s =      11
  No. nonlinear iterations =      63
  No. nonlinear convergence failures =       0
  No. error test failures =       0
  Last step size used =    0.30017E+07
  Index compenent largest error = ********

 ...   23 / 164

 No. steps =      59   No. f-s =    1407   No. J-s =       2   No. LU-s =      12
  No. nonlinear iterations =      68
  No. nonlinear convergence failures =       0
  No. error test failures =       0
  Last step size used =    0.48480E+07
  Index compenent largest error = ********

 ...   24 / 164

 No. steps =      55   No. f-s =    1401   No. J-s =       2   No. LU-s =      12
  No. nonlinear iterations =      62
  No. nonlinear convergence failures =       0
  No. error test failures =       0
  Last step size used =    0.43490E+07
  Index compenent largest error = ********

 ...   25 / 164

 No. steps =      42   No. f-s =     721   No. J-s =       1   No. LU-s =      11
  No. nonlinear iterations =      50
  No. nonlinear convergence failures =       0
  No. error test failures =       0
  Last step size used =    0.57524E+07
  Index compenent largest error = ********

 ...   26 / 164

 No. steps =      52   No. f-s =     730   No. J-s =       1   No. LU-s =      11
  No. nonlinear iterations =      59
  No. nonlinear convergence failures =       0
  No. error test failures =       0
  Last step size used =    0.34936E+07
  Index compenent largest error = ********

 ...   27 / 164

 No. steps =      55   No. f-s =    1401   No. J-s =       2   No. LU-s =      11
  No. nonlinear iterations =      62
  No. nonlinear convergence failures =       0
  No. error test failures =       0
  Last step size used =    0.49006E+07
  Index compenent largest error = ********

 ...   28 / 164

 No. steps =      55   No. f-s =    1402   No. J-s =       2   No. LU-s =      12
  No. nonlinear iterations =      63
  No. nonlinear convergence failures =       0
  No. error test failures =       0
  Last step size used =    0.59979E+07
  Index compenent largest error = ********

 ...   29 / 164

 No. steps =      56   No. f-s =     734   No. J-s =       1   No. LU-s =       9
  No. nonlinear iterations =      63
  No. nonlinear convergence failures =       0
  No. error test failures =       0
  Last step size used =    0.24537E+07
  Index compenent largest error = ********

 ...   30 / 164

 No. steps =      55   No. f-s =    1401   No. J-s =       2   No. LU-s =      10
  No. nonlinear iterations =      62
  No. nonlinear convergence failures =       0
  No. error test failures =       0
  Last step size used =    0.51420E+07
  Index compenent largest error = ********

 ...   31 / 164

 No. steps =      54   No. f-s =     732   No. J-s =       1   No. LU-s =       9
  No. nonlinear iterations =      61
  No. nonlinear convergence failures =       0
  No. error test failures =       0
  Last step size used =    0.31411E+07
  Index compenent largest error = ********

 ...   32 / 164

 No. steps =      53   No. f-s =     731   No. J-s =       1   No. LU-s =       9
  No. nonlinear iterations =      60
  No. nonlinear convergence failures =       0
  No. error test failures =       0
  Last step size used =    0.33016E+07
  Index compenent largest error = ********

 ...   33 / 164

 No. steps =      52   No. f-s =     730   No. J-s =       1   No. LU-s =       9
  No. nonlinear iterations =      59
  No. nonlinear convergence failures =       0
  No. error test failures =       0
  Last step size used =    0.35418E+07
  Index compenent largest error = ********

 ...   34 / 164

 No. steps =      51   No. f-s =     730   No. J-s =       1   No. LU-s =      10
  No. nonlinear iterations =      59
  No. nonlinear convergence failures =       0
  No. error test failures =       0
  Last step size used =    0.53308E+07
  Index compenent largest error = ********

 ...   35 / 164

 No. steps =      50   No. f-s =     727   No. J-s =       1   No. LU-s =       9
  No. nonlinear iterations =      56
  No. nonlinear convergence failures =       0
  No. error test failures =       0
  Last step size used =    0.40752E+07
  Index compenent largest error = ********

 ...   36 / 164

 No. steps =      49   No. f-s =     727   No. J-s =       1   No. LU-s =       9
  No. nonlinear iterations =      56
  No. nonlinear convergence failures =       0
  No. error test failures =       0
  Last step size used =    0.39109E+07
  Index compenent largest error = ********

 ...   37 / 164

 No. steps =      48   No. f-s =     726   No. J-s =       1   No. LU-s =       9
  No. nonlinear iterations =      55
  No. nonlinear convergence failures =       0
  No. error test failures =       0
  Last step size used =    0.41759E+07
  Index compenent largest error = ********

 ...   38 / 164

 No. steps =      47   No. f-s =     726   No. J-s =       1   No. LU-s =      10
  No. nonlinear iterations =      55
  No. nonlinear convergence failures =       0
  No. error test failures =       0
  Last step size used =    0.45221E+07
  Index compenent largest error = ********

 ...   39 / 164

 No. steps =      46   No. f-s =     725   No. J-s =       1   No. LU-s =      10
  No. nonlinear iterations =      54
  No. nonlinear convergence failures =       0
  No. error test failures =       0
  Last step size used =    0.46841E+07
  Index compenent largest error = ********

 ...   40 / 164

 No. steps =      44   No. f-s =     722   No. J-s =       1   No. LU-s =      10
  No. nonlinear iterations =      51
  No. nonlinear convergence failures =       0
  No. error test failures =       0
  Last step size used =    0.52312E+07
  Index compenent largest error = ********

 ...   41 / 164

 No. steps =      43   No. f-s =     721   No. J-s =       1   No. LU-s =      10
  No. nonlinear iterations =      50
  No. nonlinear convergence failures =       0
  No. error test failures =       0
  Last step size used =    0.60067E+07
  Index compenent largest error = ********

 ...   42 / 164

 No. steps =      43   No. f-s =     722   No. J-s =       1   No. LU-s =      10
  No. nonlinear iterations =      51
  No. nonlinear convergence failures =       0
  No. error test failures =       0
  Last step size used =    0.66157E+07
  Index compenent largest error = ********

 ...   43 / 164

 No. steps =      42   No. f-s =     720   No. J-s =       1   No. LU-s =       9
  No. nonlinear iterations =      49
  No. nonlinear convergence failures =       0
  No. error test failures =       0
  Last step size used =    0.46144E+07
  Index compenent largest error = ********

 ...   44 / 164

 No. steps =      41   No. f-s =     718   No. J-s =       1   No. LU-s =       9
  No. nonlinear iterations =      47
  No. nonlinear convergence failures =       0
  No. error test failures =       0
  Last step size used =    0.44936E+07
  Index compenent largest error = ********

 ...   45 / 164

 No. steps =      41   No. f-s =     719   No. J-s =       1   No. LU-s =       9
  No. nonlinear iterations =      48
  No. nonlinear convergence failures =       0
  No. error test failures =       0
  Last step size used =    0.42258E+07
  Index compenent largest error = ********

 ...   46 / 164

 No. steps =      41   No. f-s =     718   No. J-s =       1   No. LU-s =       9
  No. nonlinear iterations =      47
  No. nonlinear convergence failures =       0
  No. error test failures =       0
  Last step size used =    0.45835E+07
  Index compenent largest error = ********

 ...   47 / 164

 No. steps =      40   No. f-s =     717   No. J-s =       1   No. LU-s =       9
  No. nonlinear iterations =      46
  No. nonlinear convergence failures =       0
  No. error test failures =       0
  Last step size used =    0.45252E+07
  Index compenent largest error = ********

 ...   48 / 164

 No. steps =      40   No. f-s =     717   No. J-s =       1   No. LU-s =       9
  No. nonlinear iterations =      46
  No. nonlinear convergence failures =       0
  No. error test failures =       0
  Last step size used =    0.44760E+07
  Index compenent largest error = ********

 ...   49 / 164

 No. steps =      39   No. f-s =     716   No. J-s =       1   No. LU-s =       9
  No. nonlinear iterations =      45
  No. nonlinear convergence failures =       0
  No. error test failures =       0
  Last step size used =    0.47295E+07
  Index compenent largest error = ********

 ...   50 / 164

 No. steps =      40   No. f-s =     717   No. J-s =       1   No. LU-s =       9
  No. nonlinear iterations =      46
  No. nonlinear convergence failures =       0
  No. error test failures =       0
  Last step size used =    0.45423E+07
  Index compenent largest error = ********

 ...   51 / 164

 No. steps =      39   No. f-s =     716   No. J-s =       1   No. LU-s =       9
  No. nonlinear iterations =      45
  No. nonlinear convergence failures =       0
  No. error test failures =       0
  Last step size used =    0.48048E+07
  Index compenent largest error = ********

 ...   52 / 164

 No. steps =      39   No. f-s =     714   No. J-s =       1   No. LU-s =       8
  No. nonlinear iterations =      43
  No. nonlinear convergence failures =       0
  No. error test failures =       0
  Last step size used =    0.42831E+07
  Index compenent largest error = ********

 ...   53 / 164

 No. steps =      39   No. f-s =     716   No. J-s =       1   No. LU-s =       9
  No. nonlinear iterations =      45
  No. nonlinear convergence failures =       0
  No. error test failures =       0
  Last step size used =    0.51140E+07
  Index compenent largest error = ********

 ...   54 / 164

 No. steps =      39   No. f-s =     716   No. J-s =       1   No. LU-s =       9
  No. nonlinear iterations =      45
  No. nonlinear convergence failures =       0
  No. error test failures =       0
  Last step size used =    0.51770E+07
  Index compenent largest error = ********

 ...   55 / 164

 No. steps =      38   No. f-s =     715   No. J-s =       1   No. LU-s =       9
  No. nonlinear iterations =      44
  No. nonlinear convergence failures =       0
  No. error test failures =       0
  Last step size used =    0.54411E+07
  Index compenent largest error = ********

 ...   56 / 164

 No. steps =      39   No. f-s =     714   No. J-s =       1   No. LU-s =       8
  No. nonlinear iterations =      43
  No. nonlinear convergence failures =       0
  No. error test failures =       0
  Last step size used =    0.50819E+07
  Index compenent largest error = ********

 ...   57 / 164

 No. steps =      38   No. f-s =     715   No. J-s =       1   No. LU-s =       9
  No. nonlinear iterations =      44
  No. nonlinear convergence failures =       0
  No. error test failures =       0
  Last step size used =    0.54088E+07
  Index compenent largest error = ********

 ...   58 / 164

 No. steps =      36   No. f-s =     714   No. J-s =       1   No. LU-s =       8
  No. nonlinear iterations =      43
  No. nonlinear convergence failures =       0
  No. error test failures =       0
  Last step size used =    0.50342E+07
  Index compenent largest error = ********

 ...   59 / 164

 No. steps =      35   No. f-s =     713   No. J-s =       1   No. LU-s =       8
  No. nonlinear iterations =      42
  No. nonlinear convergence failures =       0
  No. error test failures =       0
  Last step size used =    0.52396E+07
  Index compenent largest error = ********

 ...   60 / 164

 No. steps =      35   No. f-s =     713   No. J-s =       1   No. LU-s =       8
  No. nonlinear iterations =      42
  No. nonlinear convergence failures =       0
  No. error test failures =       0
  Last step size used =    0.55678E+07
  Index compenent largest error = ********

 ...   61 / 164

 No. steps =      35   No. f-s =     713   No. J-s =       1   No. LU-s =       8
  No. nonlinear iterations =      42
  No. nonlinear convergence failures =       0
  No. error test failures =       0
  Last step size used =    0.55406E+07
  Index compenent largest error = ********

 ...   62 / 164

 No. steps =      34   No. f-s =     711   No. J-s =       1   No. LU-s =       8
  No. nonlinear iterations =      40
  No. nonlinear convergence failures =       0
  No. error test failures =       0
  Last step size used =    0.58898E+07
  Index compenent largest error = ********

 ...   63 / 164

 No. steps =      34   No. f-s =     711   No. J-s =       1   No. LU-s =       8
  No. nonlinear iterations =      40
  No. nonlinear convergence failures =       0
  No. error test failures =       0
  Last step size used =    0.53919E+07
  Index compenent largest error = ********

 ...   64 / 164

 No. steps =      34   No. f-s =     710   No. J-s =       1   No. LU-s =       7
  No. nonlinear iterations =      39
  No. nonlinear convergence failures =       0
  No. error test failures =       0
  Last step size used =    0.42119E+07
  Index compenent largest error = ********

 ...   65 / 164

 No. steps =      34   No. f-s =     710   No. J-s =       1   No. LU-s =       7
  No. nonlinear iterations =      39
  No. nonlinear convergence failures =       0
  No. error test failures =       0
  Last step size used =    0.44600E+07
  Index compenent largest error = ********

 ...   66 / 164

 No. steps =      32   No. f-s =     707   No. J-s =       1   No. LU-s =       7
  No. nonlinear iterations =      36
  No. nonlinear convergence failures =       0
  No. error test failures =       0
  Last step size used =    0.43221E+07
  Index compenent largest error = ********

 ...   67 / 164

 No. steps =      31   No. f-s =     707   No. J-s =       1   No. LU-s =       8
  No. nonlinear iterations =      36
  No. nonlinear convergence failures =       0
  No. error test failures =       0
  Last step size used =    0.40847E+07
  Index compenent largest error = ********

 ...   68 / 164

 No. steps =      31   No. f-s =     707   No. J-s =       1   No. LU-s =       8
  No. nonlinear iterations =      36
  No. nonlinear convergence failures =       0
  No. error test failures =       0
  Last step size used =    0.41518E+07
  Index compenent largest error = ********

 ...   69 / 164

 No. steps =      30   No. f-s =     706   No. J-s =       1   No. LU-s =       8
  No. nonlinear iterations =      35
  No. nonlinear convergence failures =       0
  No. error test failures =       0
  Last step size used =    0.45034E+07
  Index compenent largest error = ********

 ...   70 / 164

 No. steps =      30   No. f-s =     705   No. J-s =       1   No. LU-s =       7
  No. nonlinear iterations =      34
  No. nonlinear convergence failures =       0
  No. error test failures =       0
  Last step size used =    0.47575E+07
  Index compenent largest error = ********

 ...   71 / 164

 No. steps =      29   No. f-s =     704   No. J-s =       1   No. LU-s =       7
  No. nonlinear iterations =      33
  No. nonlinear convergence failures =       0
  No. error test failures =       0
  Last step size used =    0.56240E+07
  Index compenent largest error = ********

 ...   72 / 164

 No. steps =      29   No. f-s =     704   No. J-s =       1   No. LU-s =       7
  No. nonlinear iterations =      33
  No. nonlinear convergence failures =       0
  No. error test failures =       0
  Last step size used =    0.55265E+07
  Index compenent largest error = ********

 ...   73 / 164

 No. steps =      27   No. f-s =     702   No. J-s =       1   No. LU-s =       7
  No. nonlinear iterations =      31
  No. nonlinear convergence failures =       0
  No. error test failures =       0
  Last step size used =    0.60102E+07
  Index compenent largest error = ********

 ...   74 / 164

 No. steps =      27   No. f-s =     702   No. J-s =       1   No. LU-s =       7
  No. nonlinear iterations =      31
  No. nonlinear convergence failures =       0
  No. error test failures =       0
  Last step size used =    0.60226E+07
  Index compenent largest error = ********

 ...   75 / 164

 No. steps =      27   No. f-s =     702   No. J-s =       1   No. LU-s =       6
  No. nonlinear iterations =      31
  No. nonlinear convergence failures =       0
  No. error test failures =       0
  Last step size used =    0.44156E+07
  Index compenent largest error = ********

 ...   76 / 164

 No. steps =      26   No. f-s =     701   No. J-s =       1   No. LU-s =       6
  No. nonlinear iterations =      30
  No. nonlinear convergence failures =       0
  No. error test failures =       0
  Last step size used =    0.46279E+07
  Index compenent largest error = ********

 ...   77 / 164

 No. steps =      24   No. f-s =     699   No. J-s =       1   No. LU-s =       6
  No. nonlinear iterations =      28
  No. nonlinear convergence failures =       0
  No. error test failures =       0
  Last step size used =    0.65955E+07
  Index compenent largest error = ********

 ...   78 / 164

 No. steps =      26   No. f-s =     701   No. J-s =       1   No. LU-s =       6
  No. nonlinear iterations =      30
  No. nonlinear convergence failures =       0
  No. error test failures =       0
  Last step size used =    0.45383E+07
  Index compenent largest error = ********

 ...   79 / 164

 No. steps =      26   No. f-s =     701   No. J-s =       1   No. LU-s =       6
  No. nonlinear iterations =      30
  No. nonlinear convergence failures =       0
  No. error test failures =       0
  Last step size used =    0.49347E+07
  Index compenent largest error = ********

 ...   80 / 164

 No. steps =      25   No. f-s =     700   No. J-s =       1   No. LU-s =       6
  No. nonlinear iterations =      29
  No. nonlinear convergence failures =       0
  No. error test failures =       0
  Last step size used =    0.54071E+07
  Index compenent largest error = ********

 ...   81 / 164

 No. steps =      25   No. f-s =     701   No. J-s =       1   No. LU-s =       7
  No. nonlinear iterations =      30
  No. nonlinear convergence failures =       0
  No. error test failures =       0
  Last step size used =    0.77699E+07
  Index compenent largest error = ********

 ...   82 / 164

 No. steps =      26   No. f-s =     701   No. J-s =       1   No. LU-s =       6
  No. nonlinear iterations =      30
  No. nonlinear convergence failures =       0
  No. error test failures =       0
  Last step size used =    0.49749E+07
  Index compenent largest error = ********

 ...   83 / 164

 No. steps =      26   No. f-s =     701   No. J-s =       1   No. LU-s =       6
  No. nonlinear iterations =      30
  No. nonlinear convergence failures =       0
  No. error test failures =       0
  Last step size used =    0.41600E+07
  Index compenent largest error = ********

 ...   84 / 164

 No. steps =      26   No. f-s =     702   No. J-s =       1   No. LU-s =       7
  No. nonlinear iterations =      31
  No. nonlinear convergence failures =       0
  No. error test failures =       0
  Last step size used =    0.47343E+07
  Index compenent largest error = ********

 ...   85 / 164

 No. steps =      27   No. f-s =     703   No. J-s =       1   No. LU-s =       8
  No. nonlinear iterations =      32
  No. nonlinear convergence failures =       0
  No. error test failures =       0
  Last step size used =    0.70367E+07
  Index compenent largest error = ********

 ...   86 / 164

 No. steps =      27   No. f-s =     703   No. J-s =       1   No. LU-s =       8
  No. nonlinear iterations =      32
  No. nonlinear convergence failures =       0
  No. error test failures =       0
  Last step size used =    0.69992E+07
  Index compenent largest error = ********

 ...   87 / 164

 No. steps =      26   No. f-s =     702   No. J-s =       1   No. LU-s =       7
  No. nonlinear iterations =      31
  No. nonlinear convergence failures =       0
  No. error test failures =       0
  Last step size used =    0.47300E+07
  Index compenent largest error = ********

 ...   88 / 164

 No. steps =      26   No. f-s =     702   No. J-s =       1   No. LU-s =       7
  No. nonlinear iterations =      31
  No. nonlinear convergence failures =       0
  No. error test failures =       0
  Last step size used =    0.48815E+07
  Index compenent largest error = ********

 ...   89 / 164

 No. steps =      26   No. f-s =     702   No. J-s =       1   No. LU-s =       7
  No. nonlinear iterations =      31
  No. nonlinear convergence failures =       0
  No. error test failures =       0
  Last step size used =    0.48381E+07
  Index compenent largest error = ********

 ...   90 / 164

 No. steps =      27   No. f-s =     703   No. J-s =       1   No. LU-s =       8
  No. nonlinear iterations =      32
  No. nonlinear convergence failures =       0
  No. error test failures =       0
  Last step size used =    0.65348E+07
  Index compenent largest error = ********

 ...   91 / 164

 No. steps =      26   No. f-s =     702   No. J-s =       1   No. LU-s =       7
  No. nonlinear iterations =      31
  No. nonlinear convergence failures =       0
  No. error test failures =       0
  Last step size used =    0.45514E+07
  Index compenent largest error = ********

 ...   92 / 164

 No. steps =      26   No. f-s =     702   No. J-s =       1   No. LU-s =       7
  No. nonlinear iterations =      31
  No. nonlinear convergence failures =       0
  No. error test failures =       0
  Last step size used =    0.46131E+07
  Index compenent largest error = ********

 ...   93 / 164

 No. steps =      26   No. f-s =     702   No. J-s =       1   No. LU-s =       7
  No. nonlinear iterations =      31
  No. nonlinear convergence failures =       0
  No. error test failures =       0
  Last step size used =    0.47414E+07
  Index compenent largest error = ********

 ...   94 / 164

 No. steps =      26   No. f-s =     702   No. J-s =       1   No. LU-s =       7
  No. nonlinear iterations =      31
  No. nonlinear convergence failures =       0
  No. error test failures =       0
  Last step size used =    0.44861E+07
  Index compenent largest error = ********

 ...   95 / 164

 No. steps =      27   No. f-s =     703   No. J-s =       1   No. LU-s =       8
  No. nonlinear iterations =      32
  No. nonlinear convergence failures =       0
  No. error test failures =       0
  Last step size used =    0.66335E+07
  Index compenent largest error = ********

 ...   96 / 164

 No. steps =      26   No. f-s =     702   No. J-s =       1   No. LU-s =       7
  No. nonlinear iterations =      31
  No. nonlinear convergence failures =       0
  No. error test failures =       0
  Last step size used =    0.45819E+07
  Index compenent largest error = ********

 ...   97 / 164

 No. steps =      26   No. f-s =     702   No. J-s =       1   No. LU-s =       7
  No. nonlinear iterations =      31
  No. nonlinear convergence failures =       0
  No. error test failures =       0
  Last step size used =    0.45622E+07
  Index compenent largest error = ********

 ...   98 / 164

 No. steps =      26   No. f-s =     702   No. J-s =       1   No. LU-s =       7
  No. nonlinear iterations =      31
  No. nonlinear convergence failures =       0
  No. error test failures =       0
  Last step size used =    0.45644E+07
  Index compenent largest error = ********

 ...   99 / 164

 No. steps =      26   No. f-s =     702   No. J-s =       1   No. LU-s =       7
  No. nonlinear iterations =      31
  No. nonlinear convergence failures =       0
  No. error test failures =       0
  Last step size used =    0.46978E+07
  Index compenent largest error = ********

 ...  100 / 164

 No. steps =      26   No. f-s =     702   No. J-s =       1   No. LU-s =       7
  No. nonlinear iterations =      31
  No. nonlinear convergence failures =       0
  No. error test failures =       0
  Last step size used =    0.47900E+07
  Index compenent largest error = ********

 ...  101 / 164

 No. steps =      26   No. f-s =     702   No. J-s =       1   No. LU-s =       7
  No. nonlinear iterations =      31
  No. nonlinear convergence failures =       0
  No. error test failures =       0
  Last step size used =    0.48600E+07
  Index compenent largest error = ********

 ...  102 / 164

 No. steps =      26   No. f-s =     702   No. J-s =       1   No. LU-s =       7
  No. nonlinear iterations =      31
  No. nonlinear convergence failures =       0
  No. error test failures =       0
  Last step size used =    0.48918E+07
  Index compenent largest error = ********

 ...  103 / 164

 No. steps =      25   No. f-s =     701   No. J-s =       1   No. LU-s =       7
  No. nonlinear iterations =      30
  No. nonlinear convergence failures =       0
  No. error test failures =       0
  Last step size used =    0.49184E+07
  Index compenent largest error = ********

 ...  104 / 164

 No. steps =      26   No. f-s =     702   No. J-s =       1   No. LU-s =       7
  No. nonlinear iterations =      31
  No. nonlinear convergence failures =       0
  No. error test failures =       0
  Last step size used =    0.48442E+07
  Index compenent largest error = ********

 ...  105 / 164

 No. steps =      25   No. f-s =     701   No. J-s =       1   No. LU-s =       7
  No. nonlinear iterations =      30
  No. nonlinear convergence failures =       0
  No. error test failures =       0
  Last step size used =    0.49855E+07
  Index compenent largest error = ********

 ...  106 / 164

 No. steps =      25   No. f-s =     701   No. J-s =       1   No. LU-s =       7
  No. nonlinear iterations =      30
  No. nonlinear convergence failures =       0
  No. error test failures =       0
  Last step size used =    0.48880E+07
  Index compenent largest error = ********

 ...  107 / 164

 No. steps =      25   No. f-s =     701   No. J-s =       1   No. LU-s =       7
  No. nonlinear iterations =      30
  No. nonlinear convergence failures =       0
  No. error test failures =       0
  Last step size used =    0.49933E+07
  Index compenent largest error = ********

 ...  108 / 164

 No. steps =      25   No. f-s =     701   No. J-s =       1   No. LU-s =       7
  No. nonlinear iterations =      30
  No. nonlinear convergence failures =       0
  No. error test failures =       0
  Last step size used =    0.50024E+07
  Index compenent largest error = ********

 ...  109 / 164

 No. steps =      25   No. f-s =     701   No. J-s =       1   No. LU-s =       7
  No. nonlinear iterations =      30
  No. nonlinear convergence failures =       0
  No. error test failures =       0
  Last step size used =    0.50154E+07
  Index compenent largest error = ********

 ...  110 / 164

 No. steps =      25   No. f-s =     701   No. J-s =       1   No. LU-s =       7
  No. nonlinear iterations =      30
  No. nonlinear convergence failures =       0
  No. error test failures =       0
  Last step size used =    0.50506E+07
  Index compenent largest error = ********

 ...  111 / 164

 No. steps =      25   No. f-s =     701   No. J-s =       1   No. LU-s =       7
  No. nonlinear iterations =      30
  No. nonlinear convergence failures =       0
  No. error test failures =       0
  Last step size used =    0.51902E+07
  Index compenent largest error = ********

 ...  112 / 164

 No. steps =      25   No. f-s =     701   No. J-s =       1   No. LU-s =       7
  No. nonlinear iterations =      30
  No. nonlinear convergence failures =       0
  No. error test failures =       0
  Last step size used =    0.52018E+07
  Index compenent largest error = ********

 ...  113 / 164

 No. steps =      25   No. f-s =     701   No. J-s =       1   No. LU-s =       7
  No. nonlinear iterations =      30
  No. nonlinear convergence failures =       0
  No. error test failures =       0
  Last step size used =    0.51471E+07
  Index compenent largest error = ********

 ...  114 / 164

 No. steps =      25   No. f-s =     701   No. J-s =       1   No. LU-s =       7
  No. nonlinear iterations =      30
  No. nonlinear convergence failures =       0
  No. error test failures =       0
  Last step size used =    0.52060E+07
  Index compenent largest error = ********

 ...  115 / 164

 No. steps =      25   No. f-s =     701   No. J-s =       1   No. LU-s =       7
  No. nonlinear iterations =      30
  No. nonlinear convergence failures =       0
  No. error test failures =       0
  Last step size used =    0.51962E+07
  Index compenent largest error = ********

 ...  116 / 164

 No. steps =      25   No. f-s =     701   No. J-s =       1   No. LU-s =       7
  No. nonlinear iterations =      30
  No. nonlinear convergence failures =       0
  No. error test failures =       0
  Last step size used =    0.53886E+07
  Index compenent largest error = ********

 ...  117 / 164

 No. steps =      25   No. f-s =     701   No. J-s =       1   No. LU-s =       7
  No. nonlinear iterations =      30
  No. nonlinear convergence failures =       0
  No. error test failures =       0
  Last step size used =    0.52852E+07
  Index compenent largest error = ********

 ...  118 / 164

 No. steps =      25   No. f-s =     701   No. J-s =       1   No. LU-s =       7
  No. nonlinear iterations =      30
  No. nonlinear convergence failures =       0
  No. error test failures =       0
  Last step size used =    0.52882E+07
  Index compenent largest error = ********

 ...  119 / 164

 No. steps =      25   No. f-s =     701   No. J-s =       1   No. LU-s =       7
  No. nonlinear iterations =      30
  No. nonlinear convergence failures =       0
  No. error test failures =       0
  Last step size used =    0.53114E+07
  Index compenent largest error = ********

 ...  120 / 164

 No. steps =      25   No. f-s =     701   No. J-s =       1   No. LU-s =       7
  No. nonlinear iterations =      30
  No. nonlinear convergence failures =       0
  No. error test failures =       0
  Last step size used =    0.53473E+07
  Index compenent largest error = ********

 ...  121 / 164

 No. steps =      25   No. f-s =     701   No. J-s =       1   No. LU-s =       7
  No. nonlinear iterations =      30
  No. nonlinear convergence failures =       0
  No. error test failures =       0
  Last step size used =    0.53806E+07
  Index compenent largest error = ********

 ...  122 / 164

 No. steps =      25   No. f-s =     701   No. J-s =       1   No. LU-s =       7
  No. nonlinear iterations =      30
  No. nonlinear convergence failures =       0
  No. error test failures =       0
  Last step size used =    0.54270E+07
  Index compenent largest error = ********

 ...  123 / 164

 No. steps =      24   No. f-s =     700   No. J-s =       1   No. LU-s =       7
  No. nonlinear iterations =      29
  No. nonlinear convergence failures =       0
  No. error test failures =       0
  Last step size used =    0.55774E+07
  Index compenent largest error = ********

 ...  124 / 164

 No. steps =      24   No. f-s =     700   No. J-s =       1   No. LU-s =       7
  No. nonlinear iterations =      29
  No. nonlinear convergence failures =       0
  No. error test failures =       0
  Last step size used =    0.54860E+07
  Index compenent largest error = ********

 ...  125 / 164

 No. steps =      24   No. f-s =     700   No. J-s =       1   No. LU-s =       7
  No. nonlinear iterations =      29
  No. nonlinear convergence failures =       0
  No. error test failures =       0
  Last step size used =    0.56141E+07
  Index compenent largest error = ********

 ...  126 / 164

 No. steps =      24   No. f-s =     700   No. J-s =       1   No. LU-s =       7
  No. nonlinear iterations =      29
  No. nonlinear convergence failures =       0
  No. error test failures =       0
  Last step size used =    0.57325E+07
  Index compenent largest error = ********

 ...  127 / 164

 No. steps =      24   No. f-s =     700   No. J-s =       1   No. LU-s =       7
  No. nonlinear iterations =      29
  No. nonlinear convergence failures =       0
  No. error test failures =       0
  Last step size used =    0.57735E+07
  Index compenent largest error = ********

 ...  128 / 164

 No. steps =      24   No. f-s =     700   No. J-s =       1   No. LU-s =       7
  No. nonlinear iterations =      29
  No. nonlinear convergence failures =       0
  No. error test failures =       0
  Last step size used =    0.58313E+07
  Index compenent largest error = ********

 ...  129 / 164

 No. steps =      24   No. f-s =     700   No. J-s =       1   No. LU-s =       7
  No. nonlinear iterations =      29
  No. nonlinear convergence failures =       0
  No. error test failures =       0
  Last step size used =    0.58654E+07
  Index compenent largest error = ********

 ...  130 / 164

 No. steps =      24   No. f-s =     700   No. J-s =       1   No. LU-s =       7
  No. nonlinear iterations =      29
  No. nonlinear convergence failures =       0
  No. error test failures =       0
  Last step size used =    0.58733E+07
  Index compenent largest error = ********

 ...  131 / 164

 No. steps =      24   No. f-s =     700   No. J-s =       1   No. LU-s =       7
  No. nonlinear iterations =      29
  No. nonlinear convergence failures =       0
  No. error test failures =       0
  Last step size used =    0.59294E+07
  Index compenent largest error = ********

 ...  132 / 164

 No. steps =      24   No. f-s =     700   No. J-s =       1   No. LU-s =       7
  No. nonlinear iterations =      29
  No. nonlinear convergence failures =       0
  No. error test failures =       0
  Last step size used =    0.60016E+07
  Index compenent largest error = ********

 ...  133 / 164

 No. steps =      24   No. f-s =     700   No. J-s =       1   No. LU-s =       7
  No. nonlinear iterations =      29
  No. nonlinear convergence failures =       0
  No. error test failures =       0
  Last step size used =    0.61137E+07
  Index compenent largest error = ********

 ...  134 / 164

 No. steps =      23   No. f-s =     699   No. J-s =       1   No. LU-s =       7
  No. nonlinear iterations =      28
  No. nonlinear convergence failures =       0
  No. error test failures =       0
  Last step size used =    0.61868E+07
  Index compenent largest error = ********

 ...  135 / 164

 No. steps =      23   No. f-s =     699   No. J-s =       1   No. LU-s =       7
  No. nonlinear iterations =      28
  No. nonlinear convergence failures =       0
  No. error test failures =       0
  Last step size used =    0.62870E+07
  Index compenent largest error = ********

 ...  136 / 164

 No. steps =      23   No. f-s =     699   No. J-s =       1   No. LU-s =       7
  No. nonlinear iterations =      28
  No. nonlinear convergence failures =       0
  No. error test failures =       0
  Last step size used =    0.64174E+07
  Index compenent largest error = ********

 ...  137 / 164

 No. steps =      23   No. f-s =     699   No. J-s =       1   No. LU-s =       7
  No. nonlinear iterations =      28
  No. nonlinear convergence failures =       0
  No. error test failures =       0
  Last step size used =    0.65598E+07
  Index compenent largest error = ********

 ...  138 / 164

 No. steps =      23   No. f-s =     699   No. J-s =       1   No. LU-s =       7
  No. nonlinear iterations =      28
  No. nonlinear convergence failures =       0
  No. error test failures =       0
  Last step size used =    0.66996E+07
  Index compenent largest error = ********

 ...  139 / 164

 No. steps =      23   No. f-s =     699   No. J-s =       1   No. LU-s =       7
  No. nonlinear iterations =      28
  No. nonlinear convergence failures =       0
  No. error test failures =       0
  Last step size used =    0.67274E+07
  Index compenent largest error = ********

 ...  140 / 164

 No. steps =      23   No. f-s =     699   No. J-s =       1   No. LU-s =       7
  No. nonlinear iterations =      28
  No. nonlinear convergence failures =       0
  No. error test failures =       0
  Last step size used =    0.68212E+07
  Index compenent largest error = ********

 ...  141 / 164

 No. steps =      23   No. f-s =     699   No. J-s =       1   No. LU-s =       7
  No. nonlinear iterations =      28
  No. nonlinear convergence failures =       0
  No. error test failures =       0
  Last step size used =    0.69141E+07
  Index compenent largest error = ********

 ...  142 / 164

 No. steps =      23   No. f-s =     699   No. J-s =       1   No. LU-s =       7
  No. nonlinear iterations =      28
  No. nonlinear convergence failures =       0
  No. error test failures =       0
  Last step size used =    0.70383E+07
  Index compenent largest error = ********

 ...  143 / 164

 No. steps =      22   No. f-s =     698   No. J-s =       1   No. LU-s =       7
  No. nonlinear iterations =      27
  No. nonlinear convergence failures =       0
  No. error test failures =       0
  Last step size used =    0.70959E+07
  Index compenent largest error = ********

 ...  144 / 164

 No. steps =      22   No. f-s =     698   No. J-s =       1   No. LU-s =       7
  No. nonlinear iterations =      27
  No. nonlinear convergence failures =       0
  No. error test failures =       0
  Last step size used =    0.72886E+07
  Index compenent largest error = ********

 ...  145 / 164

 No. steps =      22   No. f-s =     698   No. J-s =       1   No. LU-s =       7
  No. nonlinear iterations =      27
  No. nonlinear convergence failures =       0
  No. error test failures =       0
  Last step size used =    0.73968E+07
  Index compenent largest error = ********

 ...  146 / 164

 No. steps =      22   No. f-s =     698   No. J-s =       1   No. LU-s =       7
  No. nonlinear iterations =      27
  No. nonlinear convergence failures =       0
  No. error test failures =       0
  Last step size used =    0.75456E+07
  Index compenent largest error = ********

 ...  147 / 164

 No. steps =      22   No. f-s =     698   No. J-s =       1   No. LU-s =       7
  No. nonlinear iterations =      27
  No. nonlinear convergence failures =       0
  No. error test failures =       0
  Last step size used =    0.79363E+07
  Index compenent largest error = ********

 ...  148 / 164

 No. steps =      22   No. f-s =     698   No. J-s =       1   No. LU-s =       7
  No. nonlinear iterations =      27
  No. nonlinear convergence failures =       0
  No. error test failures =       0
  Last step size used =    0.78261E+07
  Index compenent largest error = ********

 ...  149 / 164

 No. steps =      22   No. f-s =     698   No. J-s =       1   No. LU-s =       7
  No. nonlinear iterations =      27
  No. nonlinear convergence failures =       0
  No. error test failures =       0
  Last step size used =    0.81526E+07
  Index compenent largest error = ********

 ...  150 / 164

 No. steps =      22   No. f-s =     698   No. J-s =       1   No. LU-s =       7
  No. nonlinear iterations =      27
  No. nonlinear convergence failures =       0
  No. error test failures =       0
  Last step size used =    0.82123E+07
  Index compenent largest error = ********

 ...  151 / 164

 No. steps =      21   No. f-s =     696   No. J-s =       1   No. LU-s =       7
  No. nonlinear iterations =      25
  No. nonlinear convergence failures =       0
  No. error test failures =       0
  Last step size used =    0.84176E+07
  Index compenent largest error = ********

 ...  152 / 164

 No. steps =      21   No. f-s =     696   No. J-s =       1   No. LU-s =       7
  No. nonlinear iterations =      25
  No. nonlinear convergence failures =       0
  No. error test failures =       0
  Last step size used =    0.85295E+07
  Index compenent largest error = ********

 ...  153 / 164

 No. steps =      21   No. f-s =     696   No. J-s =       1   No. LU-s =       7
  No. nonlinear iterations =      25
  No. nonlinear convergence failures =       0
  No. error test failures =       0
  Last step size used =    0.85361E+07
  Index compenent largest error = ********

 ...  154 / 164

 No. steps =      21   No. f-s =     696   No. J-s =       1   No. LU-s =       7
  No. nonlinear iterations =      25
  No. nonlinear convergence failures =       0
  No. error test failures =       0
  Last step size used =    0.88572E+07
  Index compenent largest error = ********

 ...  155 / 164

 No. steps =      21   No. f-s =     696   No. J-s =       1   No. LU-s =       7
  No. nonlinear iterations =      25
  No. nonlinear convergence failures =       0
  No. error test failures =       0
  Last step size used =    0.90450E+07
  Index compenent largest error = ********

 ...  156 / 164

 No. steps =      21   No. f-s =     696   No. J-s =       1   No. LU-s =       7
  No. nonlinear iterations =      25
  No. nonlinear convergence failures =       0
  No. error test failures =       0
  Last step size used =    0.91884E+07
  Index compenent largest error = ********

 ...  157 / 164

 No. steps =      21   No. f-s =     696   No. J-s =       1   No. LU-s =       7
  No. nonlinear iterations =      25
  No. nonlinear convergence failures =       0
  No. error test failures =       0
  Last step size used =    0.93303E+07
  Index compenent largest error = ********

 ...  158 / 164

 No. steps =      21   No. f-s =     696   No. J-s =       1   No. LU-s =       7
  No. nonlinear iterations =      25
  No. nonlinear convergence failures =       0
  No. error test failures =       0
  Last step size used =    0.97643E+07
  Index compenent largest error = ********

 ...  159 / 164

 No. steps =      21   No. f-s =     696   No. J-s =       1   No. LU-s =       7
  No. nonlinear iterations =      25
  No. nonlinear convergence failures =       0
  No. error test failures =       0
  Last step size used =    0.97357E+07
  Index compenent largest error = ********

 ...  160 / 164

 No. steps =      21   No. f-s =     696   No. J-s =       1   No. LU-s =       7
  No. nonlinear iterations =      25
  No. nonlinear convergence failures =       0
  No. error test failures =       0
  Last step size used =    0.98575E+07
  Index compenent largest error = ********

 ...  161 / 164

 No. steps =      20   No. f-s =     695   No. J-s =       1   No. LU-s =       6
  No. nonlinear iterations =      24
  No. nonlinear convergence failures =       0
  No. error test failures =       0
  Last step size used =    0.59985E+07
  Index compenent largest error = ********

 ...  162 / 164

 No. steps =      20   No. f-s =     695   No. J-s =       1   No. LU-s =       6
  No. nonlinear iterations =      24
  No. nonlinear convergence failures =       0
  No. error test failures =       0
  Last step size used =    0.61038E+07
  Index compenent largest error = ********

 ...  163 / 164

 No. steps =      20   No. f-s =     695   No. J-s =       1   No. LU-s =       6
  No. nonlinear iterations =      24
  No. nonlinear convergence failures =       0
  No. error test failures =       0
  Last step size used =    0.62018E+07
  Index compenent largest error = ********

 ...  164 / 164

 No. steps =      20   No. f-s =     695   No. J-s =       1   No. LU-s =       6
  No. nonlinear iterations =      24
  No. nonlinear convergence failures =       0
  No. error test failures =       0
  Last step size used =    0.61225E+07
  Index compenent largest error = ********


    ... DONE!
 +++++++++++++++++++++++++++++++++++++++++++++++++++


+------------------ Job Report: 10176612 (COMPLETED) ------------------+
| Memory (RAM)  No data available                                      |
| CPU           [#########           ] 46.7% average                   |
| Time          [>                   ]  0.8% (0-00:00:30 / 0-01:00:00) |
|                                                                      |
| Lustre Filesystem:                                                   |
|   No data available                                                  |
+----------------------------------------------------------------------+
