Starting job 10175762, array task 439 on dave34
Chemistry type: Orich
Analysis mode: false
Found 462 valid particle IDs in /fred/oz304/beckers/Chemistry/traces/wind_v10/trace_output_with_av
Returning 460 particle IDs (after start_index=2 offset)
SLURM task 439: processing particle 3951753
Running Orich evolving_model on 1 phantom particle trace(s) from wind_v10

 +++++++++++++++++++++++++++++++++++++++++++++++++++
 +++++        ENVELOPE CHEMICAL MODEL         ++++++
 +++++++++++++++++++++++++++++++++++++++++++++++++++

 Version 1.0 authored by Catherine Walsh and Maria 
    Drozdovskaya, Leiden Observatory (01/08/2013)

 Version 1.1 amended by Catherine Walsh (18/05/2014)

 Version 1.2 amended by Catherine Walsh (13/08/2015)

 +++++++++++++++++++++++++++++++++++++++++++++++++++

          Input file =  Orich/param/trace_file_param/file_parameters_3951753.txt              

 Physical conditions  = Orich/input/3951753.txt                                               
 Chemical network     = ./rate12_complex.rates                                                
 Species file         = ./rate12_complex_atomic_Orich.specs                                   
 Binding energies     = ./rate12_binding.dat                                                  
 Reaction parameters  = param/reaction_parameters.txt                                         
 Grain parameters     = param/grain_parameters.txt                                            
 Radiation parameters = param/radiation_parameters.txt                                        

 Output file          = Orich/output/model_output_3951753.dat                                 
 Rates file           = Orich/output/model_rates_3951753.dat                                  

 Opening and reading physical conditions file ...

 +++++++++++++++++++++++++++++++++++++++++++++++++++
 Beginning to run model ...
 +++++++++++++++++++++++++++++++++++++++++++++++++++

 Preparing output files ...

 Progress = ...
 ...    1 /  71

 No. steps =    1080   No. f-s =   18423   No. J-s =      25   No. LU-s =     195
  No. nonlinear iterations =    1722
  No. nonlinear convergence failures =       0
  No. error test failures =      70
  Last step size used =    0.47959E+09
  Index compenent largest error = ********

 ...    2 /  71

 No. steps =      87   No. f-s =    1439   No. J-s =       2   No. LU-s =      17
  No. nonlinear iterations =     100
  No. nonlinear convergence failures =       0
  No. error test failures =       1
  Last step size used =    0.29275E+07
  Index compenent largest error = ********

 ...    3 /  71

 No. steps =     136   No. f-s =    2169   No. J-s =       3   No. LU-s =      26
  No. nonlinear iterations =     162
  No. nonlinear convergence failures =       0
  No. error test failures =       1
  Last step size used =    0.24875E+07
  Index compenent largest error = ********

 ...    4 /  71

 No. steps =     222   No. f-s =    3657   No. J-s =       5   No. LU-s =      39
  No. nonlinear iterations =     314
  No. nonlinear convergence failures =       0
  No. error test failures =      10
  Last step size used =    0.18496E+07
  Index compenent largest error = ********

 ...    5 /  71

 No. steps =     106   No. f-s =    1460   No. J-s =       2   No. LU-s =      17
  No. nonlinear iterations =     121
  No. nonlinear convergence failures =       0
  No. error test failures =       0
  Last step size used =    0.20191E+07
  Index compenent largest error = ********

 ...    6 /  71

 No. steps =      97   No. f-s =    1447   No. J-s =       2   No. LU-s =      17
  No. nonlinear iterations =     108
  No. nonlinear convergence failures =       0
  No. error test failures =       0
  Last step size used =    0.25500E+07
  Index compenent largest error = ********

 ...    7 /  71

 No. steps =      92   No. f-s =    1445   No. J-s =       2   No. LU-s =      17
  No. nonlinear iterations =     106
  No. nonlinear convergence failures =       0
  No. error test failures =       0
  Last step size used =    0.34426E+07
  Index compenent largest error = ********

 ...    8 /  71

 No. steps =      87   No. f-s =    1440   No. J-s =       2   No. LU-s =      16
  No. nonlinear iterations =     101
  No. nonlinear convergence failures =       0
  No. error test failures =       0
  Last step size used =    0.35662E+07
  Index compenent largest error = ********

 ...    9 /  71

 No. steps =      84   No. f-s =    1437   No. J-s =       2   No. LU-s =      15
  No. nonlinear iterations =      98
  No. nonlinear convergence failures =       0
  No. error test failures =       0
  Last step size used =    0.29662E+07
  Index compenent largest error = ********

 ...   10 /  71

 No. steps =      79   No. f-s =    1439   No. J-s =       2   No. LU-s =      19
  No. nonlinear iterations =     100
  No. nonlinear convergence failures =       0
  No. error test failures =       3
  Last step size used =    0.31472E+07
  Index compenent largest error = ********

 ...   11 /  71

 No. steps =      70   No. f-s =    1422   No. J-s =       2   No. LU-s =      15
  No. nonlinear iterations =      83
  No. nonlinear convergence failures =       0
  No. error test failures =       0
  Last step size used =    0.37859E+07
  Index compenent largest error = ********

 ...   12 /  71

 No. steps =      65   No. f-s =    1415   No. J-s =       2   No. LU-s =      15
  No. nonlinear iterations =      76
  No. nonlinear convergence failures =       0
  No. error test failures =       0
  Last step size used =    0.37554E+07
  Index compenent largest error = ********

 ...   13 /  71

 No. steps =      61   No. f-s =    1410   No. J-s =       2   No. LU-s =      13
  No. nonlinear iterations =      71
  No. nonlinear convergence failures =       0
  No. error test failures =       0
  Last step size used =    0.44440E+07
  Index compenent largest error = ********

 ...   14 /  71

 No. steps =      57   No. f-s =    1407   No. J-s =       2   No. LU-s =      12
  No. nonlinear iterations =      68
  No. nonlinear convergence failures =       0
  No. error test failures =       0
  Last step size used =    0.31508E+07
  Index compenent largest error = ********

 ...   15 /  71

 No. steps =      55   No. f-s =    1403   No. J-s =       2   No. LU-s =      12
  No. nonlinear iterations =      64
  No. nonlinear convergence failures =       0
  No. error test failures =       0
  Last step size used =    0.41588E+07
  Index compenent largest error = ********

 ...   16 /  71

 No. steps =      54   No. f-s =    1405   No. J-s =       2   No. LU-s =      13
  No. nonlinear iterations =      66
  No. nonlinear convergence failures =       0
  No. error test failures =       0
  Last step size used =    0.39073E+07
  Index compenent largest error = ********

 ...   17 /  71

 No. steps =      51   No. f-s =     730   No. J-s =       1   No. LU-s =      12
  No. nonlinear iterations =      59
  No. nonlinear convergence failures =       0
  No. error test failures =       0
  Last step size used =    0.36961E+07
  Index compenent largest error = ********

 ...   18 /  71

 No. steps =      52   No. f-s =     731   No. J-s =       1   No. LU-s =      11
  No. nonlinear iterations =      60
  No. nonlinear convergence failures =       0
  No. error test failures =       0
  Last step size used =    0.29618E+07
  Index compenent largest error = ********

 ...   19 /  71

 No. steps =      63   No. f-s =    1413   No. J-s =       2   No. LU-s =      11
  No. nonlinear iterations =      74
  No. nonlinear convergence failures =       0
  No. error test failures =       0
  Last step size used =    0.30256E+07
  Index compenent largest error = ********

 ...   20 /  71

 No. steps =      60   No. f-s =    1409   No. J-s =       2   No. LU-s =      13
  No. nonlinear iterations =      70
  No. nonlinear convergence failures =       0
  No. error test failures =       0
  Last step size used =    0.42402E+07
  Index compenent largest error = ********

 ...   21 /  71

 No. steps =      49   No. f-s =     729   No. J-s =       1   No. LU-s =      11
  No. nonlinear iterations =      58
  No. nonlinear convergence failures =       0
  No. error test failures =       0
  Last step size used =    0.34817E+07
  Index compenent largest error = ********

 ...   22 /  71

 No. steps =      49   No. f-s =     728   No. J-s =       1   No. LU-s =      12
  No. nonlinear iterations =      57
  No. nonlinear convergence failures =       0
  No. error test failures =       0
  Last step size used =    0.45915E+07
  Index compenent largest error = ********

 ...   23 /  71

 No. steps =      52   No. f-s =     732   No. J-s =       1   No. LU-s =      11
  No. nonlinear iterations =      61
  No. nonlinear convergence failures =       0
  No. error test failures =       0
  Last step size used =    0.30025E+07
  Index compenent largest error = ********

 ...   24 /  71

 No. steps =      50   No. f-s =     730   No. J-s =       1   No. LU-s =      11
  No. nonlinear iterations =      59
  No. nonlinear convergence failures =       0
  No. error test failures =       0
  Last step size used =    0.31899E+07
  Index compenent largest error = ********

 ...   25 /  71

 No. steps =      49   No. f-s =     728   No. J-s =       1   No. LU-s =      11
  No. nonlinear iterations =      57
  No. nonlinear convergence failures =       0
  No. error test failures =       0
  Last step size used =    0.33888E+07
  Index compenent largest error = ********

 ...   26 /  71

 No. steps =      47   No. f-s =     727   No. J-s =       1   No. LU-s =      12
  No. nonlinear iterations =      56
  No. nonlinear convergence failures =       0
  No. error test failures =       0
  Last step size used =    0.35077E+07
  Index compenent largest error = ********

 ...   27 /  71

 No. steps =      46   No. f-s =     725   No. J-s =       1   No. LU-s =      11
  No. nonlinear iterations =      54
  No. nonlinear convergence failures =       0
  No. error test failures =       0
  Last step size used =    0.42528E+07
  Index compenent largest error = ********

 ...   28 /  71

 No. steps =      44   No. f-s =     723   No. J-s =       1   No. LU-s =      11
  No. nonlinear iterations =      52
  No. nonlinear convergence failures =       0
  No. error test failures =       0
  Last step size used =    0.35689E+07
  Index compenent largest error = ********

 ...   29 /  71

 No. steps =      45   No. f-s =     724   No. J-s =       1   No. LU-s =      11
  No. nonlinear iterations =      53
  No. nonlinear convergence failures =       0
  No. error test failures =       0
  Last step size used =    0.41746E+07
  Index compenent largest error = ********

 ...   30 /  71

 No. steps =      43   No. f-s =     722   No. J-s =       1   No. LU-s =      11
  No. nonlinear iterations =      51
  No. nonlinear convergence failures =       0
  No. error test failures =       0
  Last step size used =    0.39695E+07
  Index compenent largest error = ********

 ...   31 /  71

 No. steps =      43   No. f-s =     721   No. J-s =       1   No. LU-s =      11
  No. nonlinear iterations =      50
  No. nonlinear convergence failures =       0
  No. error test failures =       0
  Last step size used =    0.43373E+07
  Index compenent largest error = ********

 ...   32 /  71

 No. steps =      43   No. f-s =     722   No. J-s =       1   No. LU-s =      10
  No. nonlinear iterations =      51
  No. nonlinear convergence failures =       0
  No. error test failures =       0
  Last step size used =    0.30670E+07
  Index compenent largest error = ********

 ...   33 /  71

 No. steps =      42   No. f-s =     721   No. J-s =       1   No. LU-s =      10
  No. nonlinear iterations =      50
  No. nonlinear convergence failures =       0
  No. error test failures =       0
  Last step size used =    0.31759E+07
  Index compenent largest error = ********

 ...   34 /  71

 No. steps =      39   No. f-s =     719   No. J-s =       1   No. LU-s =      10
  No. nonlinear iterations =      48
  No. nonlinear convergence failures =       0
  No. error test failures =       0
  Last step size used =    0.36202E+07
  Index compenent largest error = ********

 ...   35 /  71

 No. steps =      38   No. f-s =     718   No. J-s =       1   No. LU-s =      10
  No. nonlinear iterations =      47
  No. nonlinear convergence failures =       0
  No. error test failures =       0
  Last step size used =    0.36621E+07
  Index compenent largest error = ********

 ...   36 /  71

 No. steps =      45   No. f-s =     724   No. J-s =       1   No. LU-s =      10
  No. nonlinear iterations =      53
  No. nonlinear convergence failures =       0
  No. error test failures =       0
  Last step size used =    0.32915E+07
  Index compenent largest error = ********

 ...   37 /  71

 No. steps =      45   No. f-s =     725   No. J-s =       1   No. LU-s =      11
  No. nonlinear iterations =      54
  No. nonlinear convergence failures =       0
  No. error test failures =       0
  Last step size used =    0.48016E+07
  Index compenent largest error = ********

 ...   38 /  71

 No. steps =      43   No. f-s =     719   No. J-s =       1   No. LU-s =      11
  No. nonlinear iterations =      48
  No. nonlinear convergence failures =       0
  No. error test failures =       0
  Last step size used =    0.41858E+07
  Index compenent largest error = ********

 ...   39 /  71

 No. steps =      32   No. f-s =     707   No. J-s =       1   No. LU-s =       7
  No. nonlinear iterations =      36
  No. nonlinear convergence failures =       0
  No. error test failures =       0
  Last step size used =    0.39224E+07
  Index compenent largest error = ********

 ...   40 /  71

 No. steps =      36   No. f-s =     711   No. J-s =       1   No. LU-s =       8
  No. nonlinear iterations =      40
  No. nonlinear convergence failures =       0
  No. error test failures =       0
  Last step size used =    0.39247E+07
  Index compenent largest error = ********

 ...   41 /  71

 No. steps =      38   No. f-s =     716   No. J-s =       1   No. LU-s =      10
  No. nonlinear iterations =      45
  No. nonlinear convergence failures =       0
  No. error test failures =       0
  Last step size used =    0.44538E+07
  Index compenent largest error = ********

 ...   42 /  71

 No. steps =      42   No. f-s =     721   No. J-s =       1   No. LU-s =      11
  No. nonlinear iterations =      50
  No. nonlinear convergence failures =       0
  No. error test failures =       0
  Last step size used =    0.43876E+07
  Index compenent largest error = ********

 ...   43 /  71

 No. steps =      42   No. f-s =     720   No. J-s =       1   No. LU-s =       9
  No. nonlinear iterations =      49
  No. nonlinear convergence failures =       0
  No. error test failures =       0
  Last step size used =    0.27539E+07
  Index compenent largest error = ********

 ...   44 /  71

 No. steps =      41   No. f-s =     719   No. J-s =       1   No. LU-s =       9
  No. nonlinear iterations =      48
  No. nonlinear convergence failures =       0
  No. error test failures =       0
  Last step size used =    0.28711E+07
  Index compenent largest error = ********

 ...   45 /  71

 No. steps =      41   No. f-s =     717   No. J-s =       1   No. LU-s =      10
  No. nonlinear iterations =      46
  No. nonlinear convergence failures =       0
  No. error test failures =       0
  Last step size used =    0.48865E+07
  Index compenent largest error = ********

 ...   46 /  71

 No. steps =      41   No. f-s =     717   No. J-s =       1   No. LU-s =       9
  No. nonlinear iterations =      46
  No. nonlinear convergence failures =       0
  No. error test failures =       0
  Last step size used =    0.32724E+07
  Index compenent largest error = ********

 ...   47 /  71

 No. steps =      41   No. f-s =     718   No. J-s =       1   No. LU-s =       8
  No. nonlinear iterations =      47
  No. nonlinear convergence failures =       0
  No. error test failures =       0
  Last step size used =    0.31465E+07
  Index compenent largest error = ********

 ...   48 /  71

 No. steps =      41   No. f-s =     716   No. J-s =       1   No. LU-s =       8
  No. nonlinear iterations =      45
  No. nonlinear convergence failures =       0
  No. error test failures =       0
  Last step size used =    0.34238E+07
  Index compenent largest error = ********

 ...   49 /  71

 No. steps =      41   No. f-s =     717   No. J-s =       1   No. LU-s =       8
  No. nonlinear iterations =      46
  No. nonlinear convergence failures =       0
  No. error test failures =       0
  Last step size used =    0.38624E+07
  Index compenent largest error = ********

 ...   50 /  71

 No. steps =      41   No. f-s =     718   No. J-s =       1   No. LU-s =       8
  No. nonlinear iterations =      47
  No. nonlinear convergence failures =       0
  No. error test failures =       0
  Last step size used =    0.41503E+07
  Index compenent largest error = ********

 ...   51 /  71

 No. steps =      41   No. f-s =     719   No. J-s =       1   No. LU-s =       9
  No. nonlinear iterations =      48
  No. nonlinear convergence failures =       0
  No. error test failures =       0
  Last step size used =    0.48468E+07
  Index compenent largest error = ********

 ...   52 /  71

 No. steps =      40   No. f-s =     718   No. J-s =       1   No. LU-s =       7
  No. nonlinear iterations =      47
  No. nonlinear convergence failures =       0
  No. error test failures =       0
  Last step size used =    0.34088E+07
  Index compenent largest error = ********

 ...   53 /  71

 No. steps =      40   No. f-s =     718   No. J-s =       1   No. LU-s =       8
  No. nonlinear iterations =      47
  No. nonlinear convergence failures =       0
  No. error test failures =       0
  Last step size used =    0.39058E+07
  Index compenent largest error = ********

 ...   54 /  71

 No. steps =      38   No. f-s =     716   No. J-s =       1   No. LU-s =       8
  No. nonlinear iterations =      45
  No. nonlinear convergence failures =       0
  No. error test failures =       0
  Last step size used =    0.46528E+07
  Index compenent largest error = ********

 ...   55 /  71

 No. steps =      36   No. f-s =     713   No. J-s =       1   No. LU-s =       8
  No. nonlinear iterations =      42
  No. nonlinear convergence failures =       0
  No. error test failures =       0
  Last step size used =    0.53648E+07
  Index compenent largest error = ********

 ...   56 /  71

 No. steps =      34   No. f-s =     711   No. J-s =       1   No. LU-s =       7
  No. nonlinear iterations =      40
  No. nonlinear convergence failures =       0
  No. error test failures =       0
  Last step size used =    0.44823E+07
  Index compenent largest error = ********

 ...   57 /  71

 No. steps =      30   No. f-s =     706   No. J-s =       1   No. LU-s =       8
  No. nonlinear iterations =      35
  No. nonlinear convergence failures =       0
  No. error test failures =       0
  Last step size used =    0.52834E+07
  Index compenent largest error = ********

 ...   58 /  71

 No. steps =      30   No. f-s =     706   No. J-s =       1   No. LU-s =       8
  No. nonlinear iterations =      35
  No. nonlinear convergence failures =       0
  No. error test failures =       0
  Last step size used =    0.51353E+07
  Index compenent largest error = ********

 ...   59 /  71

 No. steps =      29   No. f-s =     706   No. J-s =       1   No. LU-s =       8
  No. nonlinear iterations =      35
  No. nonlinear convergence failures =       0
  No. error test failures =       0
  Last step size used =    0.44812E+07
  Index compenent largest error = ********

 ...   60 /  71

 No. steps =      27   No. f-s =     704   No. J-s =       1   No. LU-s =       8
  No. nonlinear iterations =      33
  No. nonlinear convergence failures =       0
  No. error test failures =       0
  Last step size used =    0.85062E+07
  Index compenent largest error = ********

 ...   61 /  71

 No. steps =      24   No. f-s =     699   No. J-s =       1   No. LU-s =       7
  No. nonlinear iterations =      28
  No. nonlinear convergence failures =       0
  No. error test failures =       0
  Last step size used =    0.60333E+07
  Index compenent largest error = ********

 ...   62 /  71

 No. steps =      28   No. f-s =     704   No. J-s =       1   No. LU-s =       8
  No. nonlinear iterations =      33
  No. nonlinear convergence failures =       0
  No. error test failures =       0
  Last step size used =    0.63930E+07
  Index compenent largest error = ********

 ...   63 /  71

 No. steps =      30   No. f-s =     706   No. J-s =       1   No. LU-s =       8
  No. nonlinear iterations =      35
  No. nonlinear convergence failures =       0
  No. error test failures =       0
  Last step size used =    0.49396E+07
  Index compenent largest error = ********

 ...   64 /  71

 No. steps =      32   No. f-s =     708   No. J-s =       1   No. LU-s =       8
  No. nonlinear iterations =      37
  No. nonlinear convergence failures =       0
  No. error test failures =       0
  Last step size used =    0.41746E+07
  Index compenent largest error = ********

 ...   65 /  71

 No. steps =      36   No. f-s =     714   No. J-s =       1   No. LU-s =       8
  No. nonlinear iterations =      43
  No. nonlinear convergence failures =       0
  No. error test failures =       0
  Last step size used =    0.59978E+07
  Index compenent largest error = ********

 ...   66 /  71

 No. steps =      39   No. f-s =     714   No. J-s =       1   No. LU-s =       7
  No. nonlinear iterations =      43
  No. nonlinear convergence failures =       0
  No. error test failures =       0
  Last step size used =    0.36428E+07
  Index compenent largest error = ********

 ...   67 /  71

 No. steps =      33   No. f-s =     710   No. J-s =       1   No. LU-s =       8
  No. nonlinear iterations =      39
  No. nonlinear convergence failures =       0
  No. error test failures =       0
  Last step size used =    0.53555E+07
  Index compenent largest error = ********

 ...   68 /  71

 No. steps =      36   No. f-s =     714   No. J-s =       1   No. LU-s =       8
  No. nonlinear iterations =      43
  No. nonlinear convergence failures =       0
  No. error test failures =       0
  Last step size used =    0.58409E+07
  Index compenent largest error = ********

 ...   69 /  71

 No. steps =      35   No. f-s =     712   No. J-s =       1   No. LU-s =       9
  No. nonlinear iterations =      41
  No. nonlinear convergence failures =       0
  No. error test failures =       0
  Last step size used =    0.62337E+07
  Index compenent largest error = ********

 ...   70 /  71

 No. steps =      36   No. f-s =     714   No. J-s =       1   No. LU-s =       8
  No. nonlinear iterations =      43
  No. nonlinear convergence failures =       0
  No. error test failures =       0
  Last step size used =    0.56423E+07
  Index compenent largest error = ********

 ...   71 /  71

 No. steps =      39   No. f-s =     714   No. J-s =       1   No. LU-s =       7
  No. nonlinear iterations =      43
  No. nonlinear convergence failures =       0
  No. error test failures =       0
  Last step size used =    0.36840E+07
  Index compenent largest error = ********


    ... DONE!
 +++++++++++++++++++++++++++++++++++++++++++++++++++


+------------------ Job Report: 10176640 (COMPLETED) ------------------+
| Memory (RAM)  No data available                                      |
| CPU           [#######             ] 39.1% average                   |
| Time          [>                   ]  0.6% (0-00:00:23 / 0-01:00:00) |
|                                                                      |
| Lustre Filesystem:                                                   |
|   No data available                                                  |
+----------------------------------------------------------------------+
