Starting job 10175762, array task 412 on dave21
Chemistry type: Orich
Analysis mode: false
Found 462 valid particle IDs in /fred/oz304/beckers/Chemistry/traces/wind_v10/trace_output_with_av
Returning 460 particle IDs (after start_index=2 offset)
SLURM task 412: processing particle 3720078
Running Orich evolving_model on 1 phantom particle trace(s) from wind_v10

 +++++++++++++++++++++++++++++++++++++++++++++++++++
 +++++        ENVELOPE CHEMICAL MODEL         ++++++
 +++++++++++++++++++++++++++++++++++++++++++++++++++

 Version 1.0 authored by Catherine Walsh and Maria 
    Drozdovskaya, Leiden Observatory (01/08/2013)

 Version 1.1 amended by Catherine Walsh (18/05/2014)

 Version 1.2 amended by Catherine Walsh (13/08/2015)

 +++++++++++++++++++++++++++++++++++++++++++++++++++

          Input file =  Orich/param/trace_file_param/file_parameters_3720078.txt              

 Physical conditions  = Orich/input/3720078.txt                                               
 Chemical network     = ./rate12_complex.rates                                                
 Species file         = ./rate12_complex_atomic_Orich.specs                                   
 Binding energies     = ./rate12_binding.dat                                                  
 Reaction parameters  = param/reaction_parameters.txt                                         
 Grain parameters     = param/grain_parameters.txt                                            
 Radiation parameters = param/radiation_parameters.txt                                        

 Output file          = Orich/output/model_output_3720078.dat                                 
 Rates file           = Orich/output/model_rates_3720078.dat                                  

 Opening and reading physical conditions file ...

 +++++++++++++++++++++++++++++++++++++++++++++++++++
 Beginning to run model ...
 +++++++++++++++++++++++++++++++++++++++++++++++++++

 Preparing output files ...

 Progress = ...
 ...    1 / 161

 No. steps =    1083   No. f-s =   17660   No. J-s =      24   No. LU-s =     184
  No. nonlinear iterations =    1627
  No. nonlinear convergence failures =       0
  No. error test failures =      67
  Last step size used =    0.17414E+09
  Index compenent largest error = ********

 ...    2 / 161

 No. steps =     229   No. f-s =    2987   No. J-s =       4   No. LU-s =      30
  No. nonlinear iterations =     312
  No. nonlinear convergence failures =       0
  No. error test failures =       7
  Last step size used =    0.41283E+06
  Index compenent largest error = ********

 ...    3 / 161

 No. steps =     106   No. f-s =    1465   No. J-s =       2   No. LU-s =      21
  No. nonlinear iterations =     126
  No. nonlinear convergence failures =       0
  No. error test failures =       2
  Last step size used =    0.21089E+07
  Index compenent largest error = ********

 ...    4 / 161

 No. steps =      97   No. f-s =    1460   No. J-s =       2   No. LU-s =      20
  No. nonlinear iterations =     121
  No. nonlinear convergence failures =       0
  No. error test failures =       2
  Last step size used =    0.24764E+07
  Index compenent largest error = ********

 ...    5 / 161

 No. steps =      90   No. f-s =    1450   No. J-s =       2   No. LU-s =      19
  No. nonlinear iterations =     111
  No. nonlinear convergence failures =       0
  No. error test failures =       2
  Last step size used =    0.28851E+07
  Index compenent largest error = ********

 ...    6 / 161

 No. steps =      86   No. f-s =    1437   No. J-s =       2   No. LU-s =      18
  No. nonlinear iterations =      98
  No. nonlinear convergence failures =       0
  No. error test failures =       1
  Last step size used =    0.39529E+07
  Index compenent largest error = ********

 ...    7 / 161

 No. steps =      77   No. f-s =    1426   No. J-s =       2   No. LU-s =      14
  No. nonlinear iterations =      87
  No. nonlinear convergence failures =       0
  No. error test failures =       0
  Last step size used =    0.27399E+07
  Index compenent largest error = ********

 ...    8 / 161

 No. steps =      68   No. f-s =    1417   No. J-s =       2   No. LU-s =      14
  No. nonlinear iterations =      78
  No. nonlinear convergence failures =       0
  No. error test failures =       0
  Last step size used =    0.43583E+07
  Index compenent largest error = ********

 ...    9 / 161

 No. steps =      60   No. f-s =    1410   No. J-s =       2   No. LU-s =      14
  No. nonlinear iterations =      71
  No. nonlinear convergence failures =       0
  No. error test failures =       0
  Last step size used =    0.36367E+07
  Index compenent largest error = ********

 ...   10 / 161

 No. steps =      59   No. f-s =    1407   No. J-s =       2   No. LU-s =      13
  No. nonlinear iterations =      68
  No. nonlinear convergence failures =       0
  No. error test failures =       0
  Last step size used =    0.37371E+07
  Index compenent largest error = ********

 ...   11 / 161

 No. steps =      54   No. f-s =     735   No. J-s =       1   No. LU-s =      13
  No. nonlinear iterations =      64
  No. nonlinear convergence failures =       0
  No. error test failures =       0
  Last step size used =    0.37972E+07
  Index compenent largest error = ********

 ...   12 / 161

 No. steps =      53   No. f-s =     733   No. J-s =       1   No. LU-s =      12
  No. nonlinear iterations =      62
  No. nonlinear convergence failures =       0
  No. error test failures =       0
  Last step size used =    0.43737E+07
  Index compenent largest error = ********

 ...   13 / 161

 No. steps =      50   No. f-s =     731   No. J-s =       1   No. LU-s =      13
  No. nonlinear iterations =      60
  No. nonlinear convergence failures =       0
  No. error test failures =       0
  Last step size used =    0.38672E+07
  Index compenent largest error = ********

 ...   14 / 161

 No. steps =      56   No. f-s =    1407   No. J-s =       2   No. LU-s =      12
  No. nonlinear iterations =      68
  No. nonlinear convergence failures =       0
  No. error test failures =       0
  Last step size used =    0.32035E+07
  Index compenent largest error = ********

 ...   15 / 161

 No. steps =      56   No. f-s =    1406   No. J-s =       2   No. LU-s =      13
  No. nonlinear iterations =      67
  No. nonlinear convergence failures =       0
  No. error test failures =       0
  Last step size used =    0.36331E+07
  Index compenent largest error = ********

 ...   16 / 161

 No. steps =      55   No. f-s =    1404   No. J-s =       2   No. LU-s =      13
  No. nonlinear iterations =      65
  No. nonlinear convergence failures =       0
  No. error test failures =       0
  Last step size used =    0.38539E+07
  Index compenent largest error = ********

 ...   17 / 161

 No. steps =      52   No. f-s =     732   No. J-s =       1   No. LU-s =      12
  No. nonlinear iterations =      61
  No. nonlinear convergence failures =       0
  No. error test failures =       0
  Last step size used =    0.34306E+07
  Index compenent largest error = ********

 ...   18 / 161

 No. steps =      47   No. f-s =     730   No. J-s =       1   No. LU-s =      11
  No. nonlinear iterations =      59
  No. nonlinear convergence failures =       0
  No. error test failures =       0
  Last step size used =    0.39574E+07
  Index compenent largest error = ********

 ...   19 / 161

 No. steps =      45   No. f-s =     727   No. J-s =       1   No. LU-s =      11
  No. nonlinear iterations =      56
  No. nonlinear convergence failures =       0
  No. error test failures =       0
  Last step size used =    0.47779E+07
  Index compenent largest error = ********

 ...   20 / 161

 No. steps =      42   No. f-s =     722   No. J-s =       1   No. LU-s =      11
  No. nonlinear iterations =      51
  No. nonlinear convergence failures =       0
  No. error test failures =       0
  Last step size used =    0.41170E+07
  Index compenent largest error = ********

 ...   21 / 161

 No. steps =      43   No. f-s =     722   No. J-s =       1   No. LU-s =      11
  No. nonlinear iterations =      51
  No. nonlinear convergence failures =       0
  No. error test failures =       0
  Last step size used =    0.54532E+07
  Index compenent largest error = ********

 ...   22 / 161

 No. steps =      41   No. f-s =     719   No. J-s =       1   No. LU-s =      10
  No. nonlinear iterations =      48
  No. nonlinear convergence failures =       0
  No. error test failures =       0
  Last step size used =    0.49096E+07
  Index compenent largest error = ********

 ...   23 / 161

 No. steps =      40   No. f-s =     718   No. J-s =       1   No. LU-s =       9
  No. nonlinear iterations =      47
  No. nonlinear convergence failures =       0
  No. error test failures =       0
  Last step size used =    0.35304E+07
  Index compenent largest error = ********

 ...   24 / 161

 No. steps =      38   No. f-s =     716   No. J-s =       1   No. LU-s =       9
  No. nonlinear iterations =      45
  No. nonlinear convergence failures =       0
  No. error test failures =       0
  Last step size used =    0.41101E+07
  Index compenent largest error = ********

 ...   25 / 161

 No. steps =      39   No. f-s =     717   No. J-s =       1   No. LU-s =      10
  No. nonlinear iterations =      46
  No. nonlinear convergence failures =       0
  No. error test failures =       0
  Last step size used =    0.51807E+07
  Index compenent largest error = ********

 ...   26 / 161

 No. steps =      37   No. f-s =     715   No. J-s =       1   No. LU-s =       9
  No. nonlinear iterations =      44
  No. nonlinear convergence failures =       0
  No. error test failures =       0
  Last step size used =    0.34436E+07
  Index compenent largest error = ********

 ...   27 / 161

 No. steps =      34   No. f-s =     714   No. J-s =       1   No. LU-s =       9
  No. nonlinear iterations =      43
  No. nonlinear convergence failures =       0
  No. error test failures =       0
  Last step size used =    0.46771E+07
  Index compenent largest error = ********

 ...   28 / 161

 No. steps =      34   No. f-s =     711   No. J-s =       1   No. LU-s =       8
  No. nonlinear iterations =      40
  No. nonlinear convergence failures =       0
  No. error test failures =       0
  Last step size used =    0.38045E+07
  Index compenent largest error = ********

 ...   29 / 161

 No. steps =      34   No. f-s =     711   No. J-s =       1   No. LU-s =       8
  No. nonlinear iterations =      40
  No. nonlinear convergence failures =       0
  No. error test failures =       0
  Last step size used =    0.38845E+07
  Index compenent largest error = ********

 ...   30 / 161

 No. steps =      33   No. f-s =     709   No. J-s =       1   No. LU-s =       8
  No. nonlinear iterations =      38
  No. nonlinear convergence failures =       0
  No. error test failures =       0
  Last step size used =    0.56522E+07
  Index compenent largest error = ********

 ...   31 / 161

 No. steps =      32   No. f-s =     708   No. J-s =       1   No. LU-s =       8
  No. nonlinear iterations =      37
  No. nonlinear convergence failures =       0
  No. error test failures =       0
  Last step size used =    0.57144E+07
  Index compenent largest error = ********

 ...   32 / 161

 No. steps =      32   No. f-s =     709   No. J-s =       1   No. LU-s =       8
  No. nonlinear iterations =      38
  No. nonlinear convergence failures =       0
  No. error test failures =       0
  Last step size used =    0.59200E+07
  Index compenent largest error = ********

 ...   33 / 161

 No. steps =      31   No. f-s =     707   No. J-s =       1   No. LU-s =       7
  No. nonlinear iterations =      36
  No. nonlinear convergence failures =       0
  No. error test failures =       0
  Last step size used =    0.49784E+07
  Index compenent largest error = ********

 ...   34 / 161

 No. steps =      31   No. f-s =     708   No. J-s =       1   No. LU-s =       7
  No. nonlinear iterations =      37
  No. nonlinear convergence failures =       0
  No. error test failures =       0
  Last step size used =    0.46821E+07
  Index compenent largest error = ********

 ...   35 / 161

 No. steps =      30   No. f-s =     707   No. J-s =       1   No. LU-s =       8
  No. nonlinear iterations =      36
  No. nonlinear convergence failures =       0
  No. error test failures =       0
  Last step size used =    0.62659E+07
  Index compenent largest error = ********

 ...   36 / 161

 No. steps =      29   No. f-s =     705   No. J-s =       1   No. LU-s =       8
  No. nonlinear iterations =      34
  No. nonlinear convergence failures =       0
  No. error test failures =       0
  Last step size used =    0.51408E+07
  Index compenent largest error = ********

 ...   37 / 161

 No. steps =      30   No. f-s =     706   No. J-s =       1   No. LU-s =       8
  No. nonlinear iterations =      35
  No. nonlinear convergence failures =       0
  No. error test failures =       0
  Last step size used =    0.47559E+07
  Index compenent largest error = ********

 ...   38 / 161

 No. steps =      29   No. f-s =     705   No. J-s =       1   No. LU-s =       8
  No. nonlinear iterations =      34
  No. nonlinear convergence failures =       0
  No. error test failures =       0
  Last step size used =    0.53420E+07
  Index compenent largest error = ********

 ...   39 / 161

 No. steps =      29   No. f-s =     706   No. J-s =       1   No. LU-s =       8
  No. nonlinear iterations =      35
  No. nonlinear convergence failures =       0
  No. error test failures =       0
  Last step size used =    0.45944E+07
  Index compenent largest error = ********

 ...   40 / 161

 No. steps =      27   No. f-s =     704   No. J-s =       1   No. LU-s =       9
  No. nonlinear iterations =      33
  No. nonlinear convergence failures =       0
  No. error test failures =       0
  Last step size used =    0.71612E+07
  Index compenent largest error = ********

 ...   41 / 161

 No. steps =      27   No. f-s =     701   No. J-s =       1   No. LU-s =       9
  No. nonlinear iterations =      30
  No. nonlinear convergence failures =       0
  No. error test failures =       0
  Last step size used =    0.89693E+07
  Index compenent largest error = ********

 ...   42 / 161

 No. steps =      24   No. f-s =     700   No. J-s =       1   No. LU-s =       7
  No. nonlinear iterations =      29
  No. nonlinear convergence failures =       0
  No. error test failures =       0
  Last step size used =    0.81804E+07
  Index compenent largest error = ********

 ...   43 / 161

 No. steps =      24   No. f-s =     701   No. J-s =       1   No. LU-s =       8
  No. nonlinear iterations =      30
  No. nonlinear convergence failures =       0
  No. error test failures =       0
  Last step size used =    0.60969E+07
  Index compenent largest error = ********

 ...   44 / 161

 No. steps =      27   No. f-s =     703   No. J-s =       1   No. LU-s =       7
  No. nonlinear iterations =      32
  No. nonlinear convergence failures =       0
  No. error test failures =       0
  Last step size used =    0.43196E+07
  Index compenent largest error = ********

 ...   45 / 161

 No. steps =      29   No. f-s =     705   No. J-s =       1   No. LU-s =       8
  No. nonlinear iterations =      34
  No. nonlinear convergence failures =       0
  No. error test failures =       0
  Last step size used =    0.59980E+07
  Index compenent largest error = ********

 ...   46 / 161

 No. steps =      31   No. f-s =     708   No. J-s =       1   No. LU-s =       7
  No. nonlinear iterations =      37
  No. nonlinear convergence failures =       0
  No. error test failures =       0
  Last step size used =    0.45127E+07
  Index compenent largest error = ********

 ...   47 / 161

 No. steps =      31   No. f-s =     708   No. J-s =       1   No. LU-s =       7
  No. nonlinear iterations =      37
  No. nonlinear convergence failures =       0
  No. error test failures =       0
  Last step size used =    0.43391E+07
  Index compenent largest error = ********

 ...   48 / 161

 No. steps =      35   No. f-s =     712   No. J-s =       1   No. LU-s =       7
  No. nonlinear iterations =      41
  No. nonlinear convergence failures =       0
  No. error test failures =       0
  Last step size used =    0.42338E+07
  Index compenent largest error = ********

 ...   49 / 161

 No. steps =      35   No. f-s =     712   No. J-s =       1   No. LU-s =       7
  No. nonlinear iterations =      41
  No. nonlinear convergence failures =       0
  No. error test failures =       0
  Last step size used =    0.40263E+07
  Index compenent largest error = ********

 ...   50 / 161

 No. steps =      36   No. f-s =     714   No. J-s =       1   No. LU-s =       8
  No. nonlinear iterations =      43
  No. nonlinear convergence failures =       0
  No. error test failures =       0
  Last step size used =    0.42247E+07
  Index compenent largest error = ********

 ...   51 / 161

 No. steps =      36   No. f-s =     714   No. J-s =       1   No. LU-s =       8
  No. nonlinear iterations =      43
  No. nonlinear convergence failures =       0
  No. error test failures =       0
  Last step size used =    0.41311E+07
  Index compenent largest error = ********

 ...   52 / 161

 No. steps =      36   No. f-s =     714   No. J-s =       1   No. LU-s =       8
  No. nonlinear iterations =      43
  No. nonlinear convergence failures =       0
  No. error test failures =       0
  Last step size used =    0.41275E+07
  Index compenent largest error = ********

 ...   53 / 161

 No. steps =      37   No. f-s =     715   No. J-s =       1   No. LU-s =       8
  No. nonlinear iterations =      44
  No. nonlinear convergence failures =       0
  No. error test failures =       0
  Last step size used =    0.40365E+07
  Index compenent largest error = ********

 ...   54 / 161

 No. steps =      36   No. f-s =     713   No. J-s =       1   No. LU-s =       8
  No. nonlinear iterations =      42
  No. nonlinear convergence failures =       0
  No. error test failures =       0
  Last step size used =    0.43282E+07
  Index compenent largest error = ********

 ...   55 / 161

 No. steps =      36   No. f-s =     713   No. J-s =       1   No. LU-s =       8
  No. nonlinear iterations =      42
  No. nonlinear convergence failures =       0
  No. error test failures =       0
  Last step size used =    0.42822E+07
  Index compenent largest error = ********

 ...   56 / 161

 No. steps =      36   No. f-s =     713   No. J-s =       1   No. LU-s =       8
  No. nonlinear iterations =      42
  No. nonlinear convergence failures =       0
  No. error test failures =       0
  Last step size used =    0.43178E+07
  Index compenent largest error = ********

 ...   57 / 161

 No. steps =      36   No. f-s =     713   No. J-s =       1   No. LU-s =       8
  No. nonlinear iterations =      42
  No. nonlinear convergence failures =       0
  No. error test failures =       0
  Last step size used =    0.43546E+07
  Index compenent largest error = ********

 ...   58 / 161

 No. steps =      36   No. f-s =     713   No. J-s =       1   No. LU-s =       8
  No. nonlinear iterations =      42
  No. nonlinear convergence failures =       0
  No. error test failures =       0
  Last step size used =    0.43717E+07
  Index compenent largest error = ********

 ...   59 / 161

 No. steps =      35   No. f-s =     712   No. J-s =       1   No. LU-s =       7
  No. nonlinear iterations =      41
  No. nonlinear convergence failures =       0
  No. error test failures =       0
  Last step size used =    0.42025E+07
  Index compenent largest error = ********

 ...   60 / 161

 No. steps =      35   No. f-s =     712   No. J-s =       1   No. LU-s =       7
  No. nonlinear iterations =      41
  No. nonlinear convergence failures =       0
  No. error test failures =       0
  Last step size used =    0.41568E+07
  Index compenent largest error = ********

 ...   61 / 161

 No. steps =      35   No. f-s =     712   No. J-s =       1   No. LU-s =       7
  No. nonlinear iterations =      41
  No. nonlinear convergence failures =       0
  No. error test failures =       0
  Last step size used =    0.41504E+07
  Index compenent largest error = ********

 ...   62 / 161

 No. steps =      35   No. f-s =     712   No. J-s =       1   No. LU-s =       7
  No. nonlinear iterations =      41
  No. nonlinear convergence failures =       0
  No. error test failures =       0
  Last step size used =    0.41999E+07
  Index compenent largest error = ********

 ...   63 / 161

 No. steps =      35   No. f-s =     712   No. J-s =       1   No. LU-s =       7
  No. nonlinear iterations =      41
  No. nonlinear convergence failures =       0
  No. error test failures =       0
  Last step size used =    0.42563E+07
  Index compenent largest error = ********

 ...   64 / 161

 No. steps =      35   No. f-s =     712   No. J-s =       1   No. LU-s =       7
  No. nonlinear iterations =      41
  No. nonlinear convergence failures =       0
  No. error test failures =       0
  Last step size used =    0.42203E+07
  Index compenent largest error = ********

 ...   65 / 161

 No. steps =      35   No. f-s =     712   No. J-s =       1   No. LU-s =       7
  No. nonlinear iterations =      41
  No. nonlinear convergence failures =       0
  No. error test failures =       0
  Last step size used =    0.43378E+07
  Index compenent largest error = ********

 ...   66 / 161

 No. steps =      34   No. f-s =     711   No. J-s =       1   No. LU-s =       7
  No. nonlinear iterations =      40
  No. nonlinear convergence failures =       0
  No. error test failures =       0
  Last step size used =    0.45072E+07
  Index compenent largest error = ********

 ...   67 / 161

 No. steps =      35   No. f-s =     712   No. J-s =       1   No. LU-s =       7
  No. nonlinear iterations =      41
  No. nonlinear convergence failures =       0
  No. error test failures =       0
  Last step size used =    0.43831E+07
  Index compenent largest error = ********

 ...   68 / 161

 No. steps =      35   No. f-s =     712   No. J-s =       1   No. LU-s =       7
  No. nonlinear iterations =      41
  No. nonlinear convergence failures =       0
  No. error test failures =       0
  Last step size used =    0.44184E+07
  Index compenent largest error = ********

 ...   69 / 161

 No. steps =      34   No. f-s =     710   No. J-s =       1   No. LU-s =       7
  No. nonlinear iterations =      39
  No. nonlinear convergence failures =       0
  No. error test failures =       0
  Last step size used =    0.46357E+07
  Index compenent largest error = ********

 ...   70 / 161

 No. steps =      34   No. f-s =     711   No. J-s =       1   No. LU-s =       7
  No. nonlinear iterations =      40
  No. nonlinear convergence failures =       0
  No. error test failures =       0
  Last step size used =    0.44685E+07
  Index compenent largest error = ********

 ...   71 / 161

 No. steps =      32   No. f-s =     708   No. J-s =       1   No. LU-s =       8
  No. nonlinear iterations =      37
  No. nonlinear convergence failures =       0
  No. error test failures =       0
  Last step size used =    0.58406E+07
  Index compenent largest error = ********

 ...   72 / 161

 No. steps =      34   No. f-s =     710   No. J-s =       1   No. LU-s =       7
  No. nonlinear iterations =      39
  No. nonlinear convergence failures =       0
  No. error test failures =       0
  Last step size used =    0.45956E+07
  Index compenent largest error = ********

 ...   73 / 161

 No. steps =      34   No. f-s =     710   No. J-s =       1   No. LU-s =       7
  No. nonlinear iterations =      39
  No. nonlinear convergence failures =       0
  No. error test failures =       0
  Last step size used =    0.46031E+07
  Index compenent largest error = ********

 ...   74 / 161

 No. steps =      32   No. f-s =     708   No. J-s =       1   No. LU-s =       8
  No. nonlinear iterations =      37
  No. nonlinear convergence failures =       0
  No. error test failures =       0
  Last step size used =    0.56874E+07
  Index compenent largest error = ********

 ...   75 / 161

 No. steps =      32   No. f-s =     708   No. J-s =       1   No. LU-s =       8
  No. nonlinear iterations =      37
  No. nonlinear convergence failures =       0
  No. error test failures =       0
  Last step size used =    0.58453E+07
  Index compenent largest error = ********

 ...   76 / 161

 No. steps =      31   No. f-s =     708   No. J-s =       1   No. LU-s =       7
  No. nonlinear iterations =      37
  No. nonlinear convergence failures =       0
  No. error test failures =       0
  Last step size used =    0.50272E+07
  Index compenent largest error = ********

 ...   77 / 161

 No. steps =      32   No. f-s =     708   No. J-s =       1   No. LU-s =       7
  No. nonlinear iterations =      37
  No. nonlinear convergence failures =       0
  No. error test failures =       0
  Last step size used =    0.48452E+07
  Index compenent largest error = ********

 ...   78 / 161

 No. steps =      32   No. f-s =     708   No. J-s =       1   No. LU-s =       7
  No. nonlinear iterations =      37
  No. nonlinear convergence failures =       0
  No. error test failures =       0
  Last step size used =    0.49029E+07
  Index compenent largest error = ********

 ...   79 / 161

 No. steps =      32   No. f-s =     709   No. J-s =       1   No. LU-s =       7
  No. nonlinear iterations =      38
  No. nonlinear convergence failures =       0
  No. error test failures =       0
  Last step size used =    0.49416E+07
  Index compenent largest error = ********

 ...   80 / 161

 No. steps =      31   No. f-s =     707   No. J-s =       1   No. LU-s =       8
  No. nonlinear iterations =      36
  No. nonlinear convergence failures =       0
  No. error test failures =       0
  Last step size used =    0.44047E+07
  Index compenent largest error = ********

 ...   81 / 161

 No. steps =      31   No. f-s =     707   No. J-s =       1   No. LU-s =       8
  No. nonlinear iterations =      36
  No. nonlinear convergence failures =       0
  No. error test failures =       0
  Last step size used =    0.45523E+07
  Index compenent largest error = ********

 ...   82 / 161

 No. steps =      30   No. f-s =     706   No. J-s =       1   No. LU-s =       8
  No. nonlinear iterations =      35
  No. nonlinear convergence failures =       0
  No. error test failures =       0
  Last step size used =    0.47435E+07
  Index compenent largest error = ********

 ...   83 / 161

 No. steps =      31   No. f-s =     707   No. J-s =       1   No. LU-s =       8
  No. nonlinear iterations =      36
  No. nonlinear convergence failures =       0
  No. error test failures =       0
  Last step size used =    0.45959E+07
  Index compenent largest error = ********

 ...   84 / 161

 No. steps =      31   No. f-s =     707   No. J-s =       1   No. LU-s =       8
  No. nonlinear iterations =      36
  No. nonlinear convergence failures =       0
  No. error test failures =       0
  Last step size used =    0.46478E+07
  Index compenent largest error = ********

 ...   85 / 161

 No. steps =      31   No. f-s =     707   No. J-s =       1   No. LU-s =       8
  No. nonlinear iterations =      36
  No. nonlinear convergence failures =       0
  No. error test failures =       0
  Last step size used =    0.46185E+07
  Index compenent largest error = ********

 ...   86 / 161

 No. steps =      30   No. f-s =     706   No. J-s =       1   No. LU-s =       8
  No. nonlinear iterations =      35
  No. nonlinear convergence failures =       0
  No. error test failures =       0
  Last step size used =    0.49108E+07
  Index compenent largest error = ********

 ...   87 / 161

 No. steps =      30   No. f-s =     706   No. J-s =       1   No. LU-s =       8
  No. nonlinear iterations =      35
  No. nonlinear convergence failures =       0
  No. error test failures =       0
  Last step size used =    0.49974E+07
  Index compenent largest error = ********

 ...   88 / 161

 No. steps =      29   No. f-s =     705   No. J-s =       1   No. LU-s =       8
  No. nonlinear iterations =      34
  No. nonlinear convergence failures =       0
  No. error test failures =       0
  Last step size used =    0.53317E+07
  Index compenent largest error = ********

 ...   89 / 161

 No. steps =      29   No. f-s =     705   No. J-s =       1   No. LU-s =       8
  No. nonlinear iterations =      34
  No. nonlinear convergence failures =       0
  No. error test failures =       0
  Last step size used =    0.51892E+07
  Index compenent largest error = ********

 ...   90 / 161

 No. steps =      29   No. f-s =     705   No. J-s =       1   No. LU-s =       8
  No. nonlinear iterations =      34
  No. nonlinear convergence failures =       0
  No. error test failures =       0
  Last step size used =    0.53002E+07
  Index compenent largest error = ********

 ...   91 / 161

 No. steps =      29   No. f-s =     705   No. J-s =       1   No. LU-s =       8
  No. nonlinear iterations =      34
  No. nonlinear convergence failures =       0
  No. error test failures =       0
  Last step size used =    0.54561E+07
  Index compenent largest error = ********

 ...   92 / 161

 No. steps =      28   No. f-s =     704   No. J-s =       1   No. LU-s =       8
  No. nonlinear iterations =      33
  No. nonlinear convergence failures =       0
  No. error test failures =       0
  Last step size used =    0.57617E+07
  Index compenent largest error = ********

 ...   93 / 161

 No. steps =      28   No. f-s =     704   No. J-s =       1   No. LU-s =       8
  No. nonlinear iterations =      33
  No. nonlinear convergence failures =       0
  No. error test failures =       0
  Last step size used =    0.56979E+07
  Index compenent largest error = ********

 ...   94 / 161

 No. steps =      28   No. f-s =     704   No. J-s =       1   No. LU-s =       8
  No. nonlinear iterations =      33
  No. nonlinear convergence failures =       0
  No. error test failures =       0
  Last step size used =    0.58067E+07
  Index compenent largest error = ********

 ...   95 / 161

 No. steps =      28   No. f-s =     704   No. J-s =       1   No. LU-s =       8
  No. nonlinear iterations =      33
  No. nonlinear convergence failures =       0
  No. error test failures =       0
  Last step size used =    0.57936E+07
  Index compenent largest error = ********

 ...   96 / 161

 No. steps =      28   No. f-s =     704   No. J-s =       1   No. LU-s =       8
  No. nonlinear iterations =      33
  No. nonlinear convergence failures =       0
  No. error test failures =       0
  Last step size used =    0.58793E+07
  Index compenent largest error = ********

 ...   97 / 161

 No. steps =      28   No. f-s =     704   No. J-s =       1   No. LU-s =       8
  No. nonlinear iterations =      33
  No. nonlinear convergence failures =       0
  No. error test failures =       0
  Last step size used =    0.61066E+07
  Index compenent largest error = ********

 ...   98 / 161

 No. steps =      28   No. f-s =     704   No. J-s =       1   No. LU-s =       8
  No. nonlinear iterations =      33
  No. nonlinear convergence failures =       0
  No. error test failures =       0
  Last step size used =    0.61598E+07
  Index compenent largest error = ********

 ...   99 / 161

 No. steps =      28   No. f-s =     704   No. J-s =       1   No. LU-s =       8
  No. nonlinear iterations =      33
  No. nonlinear convergence failures =       0
  No. error test failures =       0
  Last step size used =    0.51137E+07
  Index compenent largest error = ********

 ...  100 / 161

 No. steps =      28   No. f-s =     705   No. J-s =       1   No. LU-s =       8
  No. nonlinear iterations =      34
  No. nonlinear convergence failures =       0
  No. error test failures =       0
  Last step size used =    0.53237E+07
  Index compenent largest error = ********

 ...  101 / 161

 No. steps =      27   No. f-s =     704   No. J-s =       1   No. LU-s =       8
  No. nonlinear iterations =      33
  No. nonlinear convergence failures =       0
  No. error test failures =       0
  Last step size used =    0.54286E+07
  Index compenent largest error = ********

 ...  102 / 161

 No. steps =      27   No. f-s =     704   No. J-s =       1   No. LU-s =       8
  No. nonlinear iterations =      33
  No. nonlinear convergence failures =       0
  No. error test failures =       0
  Last step size used =    0.54910E+07
  Index compenent largest error = ********

 ...  103 / 161

 No. steps =      27   No. f-s =     704   No. J-s =       1   No. LU-s =       8
  No. nonlinear iterations =      33
  No. nonlinear convergence failures =       0
  No. error test failures =       0
  Last step size used =    0.56241E+07
  Index compenent largest error = ********

 ...  104 / 161

 No. steps =      27   No. f-s =     704   No. J-s =       1   No. LU-s =       8
  No. nonlinear iterations =      33
  No. nonlinear convergence failures =       0
  No. error test failures =       0
  Last step size used =    0.54469E+07
  Index compenent largest error = ********

 ...  105 / 161

 No. steps =      27   No. f-s =     703   No. J-s =       1   No. LU-s =       8
  No. nonlinear iterations =      32
  No. nonlinear convergence failures =       0
  No. error test failures =       0
  Last step size used =    0.60306E+07
  Index compenent largest error = ********

 ...  106 / 161

 No. steps =      27   No. f-s =     704   No. J-s =       1   No. LU-s =       8
  No. nonlinear iterations =      33
  No. nonlinear convergence failures =       0
  No. error test failures =       0
  Last step size used =    0.64089E+07
  Index compenent largest error = ********

 ...  107 / 161

 No. steps =      26   No. f-s =     702   No. J-s =       1   No. LU-s =       8
  No. nonlinear iterations =      31
  No. nonlinear convergence failures =       0
  No. error test failures =       0
  Last step size used =    0.65719E+07
  Index compenent largest error = ********

 ...  108 / 161

 No. steps =      26   No. f-s =     702   No. J-s =       1   No. LU-s =       8
  No. nonlinear iterations =      31
  No. nonlinear convergence failures =       0
  No. error test failures =       0
  Last step size used =    0.63109E+07
  Index compenent largest error = ********

 ...  109 / 161

 No. steps =      26   No. f-s =     702   No. J-s =       1   No. LU-s =       8
  No. nonlinear iterations =      31
  No. nonlinear convergence failures =       0
  No. error test failures =       0
  Last step size used =    0.62326E+07
  Index compenent largest error = ********

 ...  110 / 161

 No. steps =      23   No. f-s =     699   No. J-s =       1   No. LU-s =       7
  No. nonlinear iterations =      28
  No. nonlinear convergence failures =       0
  No. error test failures =       0
  Last step size used =    0.64839E+07
  Index compenent largest error = ********

 ...  111 / 161

 No. steps =      27   No. f-s =     703   No. J-s =       1   No. LU-s =       8
  No. nonlinear iterations =      32
  No. nonlinear convergence failures =       0
  No. error test failures =       0
  Last step size used =    0.56945E+07
  Index compenent largest error = ********

 ...  112 / 161

 No. steps =      25   No. f-s =     702   No. J-s =       1   No. LU-s =       8
  No. nonlinear iterations =      31
  No. nonlinear convergence failures =       0
  No. error test failures =       0
  Last step size used =    0.53856E+07
  Index compenent largest error = ********

 ...  113 / 161

 No. steps =      25   No. f-s =     702   No. J-s =       1   No. LU-s =       8
  No. nonlinear iterations =      31
  No. nonlinear convergence failures =       0
  No. error test failures =       0
  Last step size used =    0.55338E+07
  Index compenent largest error = ********

 ...  114 / 161

 No. steps =      25   No. f-s =     700   No. J-s =       1   No. LU-s =       8
  No. nonlinear iterations =      29
  No. nonlinear convergence failures =       0
  No. error test failures =       0
  Last step size used =    0.88135E+07
  Index compenent largest error = ********

 ...  115 / 161

 No. steps =      25   No. f-s =     702   No. J-s =       1   No. LU-s =       8
  No. nonlinear iterations =      31
  No. nonlinear convergence failures =       0
  No. error test failures =       0
  Last step size used =    0.54615E+07
  Index compenent largest error = ********

 ...  116 / 161

 No. steps =      25   No. f-s =     701   No. J-s =       1   No. LU-s =       7
  No. nonlinear iterations =      30
  No. nonlinear convergence failures =       0
  No. error test failures =       0
  Last step size used =    0.65342E+07
  Index compenent largest error = ********

 ...  117 / 161

 No. steps =      25   No. f-s =     701   No. J-s =       1   No. LU-s =       7
  No. nonlinear iterations =      30
  No. nonlinear convergence failures =       0
  No. error test failures =       0
  Last step size used =    0.64313E+07
  Index compenent largest error = ********

 ...  118 / 161

 No. steps =      25   No. f-s =     701   No. J-s =       1   No. LU-s =       7
  No. nonlinear iterations =      30
  No. nonlinear convergence failures =       0
  No. error test failures =       0
  Last step size used =    0.65296E+07
  Index compenent largest error = ********

 ...  119 / 161

 No. steps =      25   No. f-s =     701   No. J-s =       1   No. LU-s =       7
  No. nonlinear iterations =      30
  No. nonlinear convergence failures =       0
  No. error test failures =       0
  Last step size used =    0.65130E+07
  Index compenent largest error = ********

 ...  120 / 161

 No. steps =      25   No. f-s =     701   No. J-s =       1   No. LU-s =       7
  No. nonlinear iterations =      30
  No. nonlinear convergence failures =       0
  No. error test failures =       0
  Last step size used =    0.63969E+07
  Index compenent largest error = ********

 ...  121 / 161

 No. steps =      24   No. f-s =     700   No. J-s =       1   No. LU-s =       7
  No. nonlinear iterations =      29
  No. nonlinear convergence failures =       0
  No. error test failures =       0
  Last step size used =    0.71976E+07
  Index compenent largest error = ********

 ...  122 / 161

 No. steps =      26   No. f-s =     702   No. J-s =       1   No. LU-s =       8
  No. nonlinear iterations =      31
  No. nonlinear convergence failures =       0
  No. error test failures =       0
  Last step size used =    0.68749E+07
  Index compenent largest error = ********

 ...  123 / 161

 No. steps =      26   No. f-s =     702   No. J-s =       1   No. LU-s =       8
  No. nonlinear iterations =      31
  No. nonlinear convergence failures =       0
  No. error test failures =       0
  Last step size used =    0.70175E+07
  Index compenent largest error = ********

 ...  124 / 161

 No. steps =      25   No. f-s =     701   No. J-s =       1   No. LU-s =       7
  No. nonlinear iterations =      30
  No. nonlinear convergence failures =       0
  No. error test failures =       0
  Last step size used =    0.45334E+07
  Index compenent largest error = ********

 ...  125 / 161

 No. steps =      25   No. f-s =     701   No. J-s =       1   No. LU-s =       7
  No. nonlinear iterations =      30
  No. nonlinear convergence failures =       0
  No. error test failures =       0
  Last step size used =    0.46792E+07
  Index compenent largest error = ********

 ...  126 / 161

 No. steps =      24   No. f-s =     700   No. J-s =       1   No. LU-s =       7
  No. nonlinear iterations =      29
  No. nonlinear convergence failures =       0
  No. error test failures =       0
  Last step size used =    0.45933E+07
  Index compenent largest error = ********

 ...  127 / 161

 No. steps =      24   No. f-s =     700   No. J-s =       1   No. LU-s =       7
  No. nonlinear iterations =      29
  No. nonlinear convergence failures =       0
  No. error test failures =       0
  Last step size used =    0.46229E+07
  Index compenent largest error = ********

 ...  128 / 161

 No. steps =      24   No. f-s =     700   No. J-s =       1   No. LU-s =       7
  No. nonlinear iterations =      29
  No. nonlinear convergence failures =       0
  No. error test failures =       0
  Last step size used =    0.46757E+07
  Index compenent largest error = ********

 ...  129 / 161

 No. steps =      25   No. f-s =     701   No. J-s =       1   No. LU-s =       8
  No. nonlinear iterations =      30
  No. nonlinear convergence failures =       0
  No. error test failures =       0
  Last step size used =    0.77041E+07
  Index compenent largest error = ********

 ...  130 / 161

 No. steps =      24   No. f-s =     700   No. J-s =       1   No. LU-s =       7
  No. nonlinear iterations =      29
  No. nonlinear convergence failures =       0
  No. error test failures =       0
  Last step size used =    0.47418E+07
  Index compenent largest error = ********

 ...  131 / 161

 No. steps =      23   No. f-s =     700   No. J-s =       1   No. LU-s =       7
  No. nonlinear iterations =      29
  No. nonlinear convergence failures =       0
  No. error test failures =       0
  Last step size used =    0.49955E+07
  Index compenent largest error = ********

 ...  132 / 161

 No. steps =      24   No. f-s =     700   No. J-s =       1   No. LU-s =       7
  No. nonlinear iterations =      29
  No. nonlinear convergence failures =       0
  No. error test failures =       0
  Last step size used =    0.48662E+07
  Index compenent largest error = ********

 ...  133 / 161

 No. steps =      24   No. f-s =     700   No. J-s =       1   No. LU-s =       7
  No. nonlinear iterations =      29
  No. nonlinear convergence failures =       0
  No. error test failures =       0
  Last step size used =    0.48385E+07
  Index compenent largest error = ********

 ...  134 / 161

 No. steps =      24   No. f-s =     700   No. J-s =       1   No. LU-s =       7
  No. nonlinear iterations =      29
  No. nonlinear convergence failures =       0
  No. error test failures =       0
  Last step size used =    0.59341E+07
  Index compenent largest error = ********

 ...  135 / 161

 No. steps =      24   No. f-s =     700   No. J-s =       1   No. LU-s =       7
  No. nonlinear iterations =      29
  No. nonlinear convergence failures =       0
  No. error test failures =       0
  Last step size used =    0.59727E+07
  Index compenent largest error = ********

 ...  136 / 161

 No. steps =      24   No. f-s =     700   No. J-s =       1   No. LU-s =       7
  No. nonlinear iterations =      29
  No. nonlinear convergence failures =       0
  No. error test failures =       0
  Last step size used =    0.60812E+07
  Index compenent largest error = ********

 ...  137 / 161

 No. steps =      24   No. f-s =     700   No. J-s =       1   No. LU-s =       7
  No. nonlinear iterations =      29
  No. nonlinear convergence failures =       0
  No. error test failures =       0
  Last step size used =    0.62982E+07
  Index compenent largest error = ********

 ...  138 / 161

 No. steps =      24   No. f-s =     700   No. J-s =       1   No. LU-s =       7
  No. nonlinear iterations =      29
  No. nonlinear convergence failures =       0
  No. error test failures =       0
  Last step size used =    0.63783E+07
  Index compenent largest error = ********

 ...  139 / 161

 No. steps =      24   No. f-s =     700   No. J-s =       1   No. LU-s =       7
  No. nonlinear iterations =      29
  No. nonlinear convergence failures =       0
  No. error test failures =       0
  Last step size used =    0.65485E+07
  Index compenent largest error = ********

 ...  140 / 161

 No. steps =      24   No. f-s =     700   No. J-s =       1   No. LU-s =       7
  No. nonlinear iterations =      29
  No. nonlinear convergence failures =       0
  No. error test failures =       0
  Last step size used =    0.65011E+07
  Index compenent largest error = ********

 ...  141 / 161

 No. steps =      24   No. f-s =     700   No. J-s =       1   No. LU-s =       7
  No. nonlinear iterations =      29
  No. nonlinear convergence failures =       0
  No. error test failures =       0
  Last step size used =    0.64382E+07
  Index compenent largest error = ********

 ...  142 / 161

 No. steps =      24   No. f-s =     700   No. J-s =       1   No. LU-s =       7
  No. nonlinear iterations =      29
  No. nonlinear convergence failures =       0
  No. error test failures =       0
  Last step size used =    0.66451E+07
  Index compenent largest error = ********

 ...  143 / 161

 No. steps =      23   No. f-s =     699   No. J-s =       1   No. LU-s =       7
  No. nonlinear iterations =      28
  No. nonlinear convergence failures =       0
  No. error test failures =       0
  Last step size used =    0.67548E+07
  Index compenent largest error = ********

 ...  144 / 161

 No. steps =      23   No. f-s =     699   No. J-s =       1   No. LU-s =       7
  No. nonlinear iterations =      28
  No. nonlinear convergence failures =       0
  No. error test failures =       0
  Last step size used =    0.68530E+07
  Index compenent largest error = ********

 ...  145 / 161

 No. steps =      23   No. f-s =     699   No. J-s =       1   No. LU-s =       7
  No. nonlinear iterations =      28
  No. nonlinear convergence failures =       0
  No. error test failures =       0
  Last step size used =    0.67323E+07
  Index compenent largest error = ********

 ...  146 / 161

 No. steps =      23   No. f-s =     699   No. J-s =       1   No. LU-s =       7
  No. nonlinear iterations =      28
  No. nonlinear convergence failures =       0
  No. error test failures =       0
  Last step size used =    0.61223E+07
  Index compenent largest error = ********

 ...  147 / 161

 No. steps =      22   No. f-s =     698   No. J-s =       1   No. LU-s =       7
  No. nonlinear iterations =      27
  No. nonlinear convergence failures =       0
  No. error test failures =       0
  Last step size used =    0.71355E+07
  Index compenent largest error = ********

 ...  148 / 161

 No. steps =      22   No. f-s =     698   No. J-s =       1   No. LU-s =       7
  No. nonlinear iterations =      27
  No. nonlinear convergence failures =       0
  No. error test failures =       0
  Last step size used =    0.72725E+07
  Index compenent largest error = ********

 ...  149 / 161

 No. steps =      22   No. f-s =     698   No. J-s =       1   No. LU-s =       7
  No. nonlinear iterations =      27
  No. nonlinear convergence failures =       0
  No. error test failures =       0
  Last step size used =    0.74077E+07
  Index compenent largest error = ********

 ...  150 / 161

 No. steps =      22   No. f-s =     698   No. J-s =       1   No. LU-s =       7
  No. nonlinear iterations =      27
  No. nonlinear convergence failures =       0
  No. error test failures =       0
  Last step size used =    0.77292E+07
  Index compenent largest error = ********

 ...  151 / 161

 No. steps =      22   No. f-s =     698   No. J-s =       1   No. LU-s =       7
  No. nonlinear iterations =      27
  No. nonlinear convergence failures =       0
  No. error test failures =       0
  Last step size used =    0.76723E+07
  Index compenent largest error = ********

 ...  152 / 161

 No. steps =      22   No. f-s =     698   No. J-s =       1   No. LU-s =       7
  No. nonlinear iterations =      27
  No. nonlinear convergence failures =       0
  No. error test failures =       0
  Last step size used =    0.75540E+07
  Index compenent largest error = ********

 ...  153 / 161

 No. steps =      22   No. f-s =     698   No. J-s =       1   No. LU-s =       7
  No. nonlinear iterations =      27
  No. nonlinear convergence failures =       0
  No. error test failures =       0
  Last step size used =    0.77817E+07
  Index compenent largest error = ********

 ...  154 / 161

 No. steps =      22   No. f-s =     698   No. J-s =       1   No. LU-s =       7
  No. nonlinear iterations =      27
  No. nonlinear convergence failures =       0
  No. error test failures =       0
  Last step size used =    0.79145E+07
  Index compenent largest error = ********

 ...  155 / 161

 No. steps =      22   No. f-s =     698   No. J-s =       1   No. LU-s =       7
  No. nonlinear iterations =      27
  No. nonlinear convergence failures =       0
  No. error test failures =       0
  Last step size used =    0.80972E+07
  Index compenent largest error = ********

 ...  156 / 161

 No. steps =      22   No. f-s =     698   No. J-s =       1   No. LU-s =       7
  No. nonlinear iterations =      27
  No. nonlinear convergence failures =       0
  No. error test failures =       0
  Last step size used =    0.81853E+07
  Index compenent largest error = ********

 ...  157 / 161

 No. steps =      22   No. f-s =     698   No. J-s =       1   No. LU-s =       7
  No. nonlinear iterations =      27
  No. nonlinear convergence failures =       0
  No. error test failures =       0
  Last step size used =    0.79410E+07
  Index compenent largest error = ********

 ...  158 / 161

 No. steps =      22   No. f-s =     698   No. J-s =       1   No. LU-s =       7
  No. nonlinear iterations =      27
  No. nonlinear convergence failures =       0
  No. error test failures =       0
  Last step size used =    0.80523E+07
  Index compenent largest error = ********

 ...  159 / 161

 No. steps =      22   No. f-s =     698   No. J-s =       1   No. LU-s =       7
  No. nonlinear iterations =      27
  No. nonlinear convergence failures =       0
  No. error test failures =       0
  Last step size used =    0.80443E+07
  Index compenent largest error = ********

 ...  160 / 161

 No. steps =      21   No. f-s =     696   No. J-s =       1   No. LU-s =       7
  No. nonlinear iterations =      25
  No. nonlinear convergence failures =       0
  No. error test failures =       0
  Last step size used =    0.82319E+07
  Index compenent largest error = ********

 ...  161 / 161

 No. steps =      21   No. f-s =     696   No. J-s =       1   No. LU-s =       7
  No. nonlinear iterations =      25
  No. nonlinear convergence failures =       0
  No. error test failures =       0
  Last step size used =    0.84549E+07
  Index compenent largest error = ********


    ... DONE!
 +++++++++++++++++++++++++++++++++++++++++++++++++++


+------------------ Job Report: 10176613 (COMPLETED) ------------------+
| Memory (RAM)  No data available                                      |
| CPU           [#########           ] 46.7% average                   |
| Time          [>                   ]  0.8% (0-00:00:30 / 0-01:00:00) |
|                                                                      |
| Lustre Filesystem:                                                   |
|   No data available                                                  |
+----------------------------------------------------------------------+
