Starting job 10175762, array task 419 on dave28
Chemistry type: Orich
Analysis mode: false
Found 462 valid particle IDs in /fred/oz304/beckers/Chemistry/traces/wind_v10/trace_output_with_av
Returning 460 particle IDs (after start_index=2 offset)
SLURM task 419: processing particle 3777997
Running Orich evolving_model on 1 phantom particle trace(s) from wind_v10

 +++++++++++++++++++++++++++++++++++++++++++++++++++
 +++++        ENVELOPE CHEMICAL MODEL         ++++++
 +++++++++++++++++++++++++++++++++++++++++++++++++++

 Version 1.0 authored by Catherine Walsh and Maria 
    Drozdovskaya, Leiden Observatory (01/08/2013)

 Version 1.1 amended by Catherine Walsh (18/05/2014)

 Version 1.2 amended by Catherine Walsh (13/08/2015)

 +++++++++++++++++++++++++++++++++++++++++++++++++++

          Input file =  Orich/param/trace_file_param/file_parameters_3777997.txt              

 Physical conditions  = Orich/input/3777997.txt                                               
 Chemical network     = ./rate12_complex.rates                                                
 Species file         = ./rate12_complex_atomic_Orich.specs                                   
 Binding energies     = ./rate12_binding.dat                                                  
 Reaction parameters  = param/reaction_parameters.txt                                         
 Grain parameters     = param/grain_parameters.txt                                            
 Radiation parameters = param/radiation_parameters.txt                                        

 Output file          = Orich/output/model_output_3777997.dat                                 
 Rates file           = Orich/output/model_rates_3777997.dat                                  

 Opening and reading physical conditions file ...

 +++++++++++++++++++++++++++++++++++++++++++++++++++
 Beginning to run model ...
 +++++++++++++++++++++++++++++++++++++++++++++++++++

 Preparing output files ...

 Progress = ...
 ...    1 / 138

 No. steps =    1647   No. f-s =   26678   No. J-s =      36   No. LU-s =     244
  No. nonlinear iterations =    2629
  No. nonlinear convergence failures =       0
  No. error test failures =      86
  Last step size used =    0.45295E+09
  Index compenent largest error = ********

 ...    2 / 138

 No. steps =     118   No. f-s =    2138   No. J-s =       3   No. LU-s =      22
  No. nonlinear iterations =     131
  No. nonlinear convergence failures =       0
  No. error test failures =       1
  Last step size used =    0.24953E+07
  Index compenent largest error = ********

 ...    3 / 138

 No. steps =      96   No. f-s =    1446   No. J-s =       2   No. LU-s =      15
  No. nonlinear iterations =     107
  No. nonlinear convergence failures =       0
  No. error test failures =       0
  Last step size used =    0.21919E+07
  Index compenent largest error = ********

 ...    4 / 138

 No. steps =      96   No. f-s =    1447   No. J-s =       2   No. LU-s =      16
  No. nonlinear iterations =     108
  No. nonlinear convergence failures =       0
  No. error test failures =       0
  Last step size used =    0.32709E+07
  Index compenent largest error = ********

 ...    5 / 138

 No. steps =      89   No. f-s =    1440   No. J-s =       2   No. LU-s =      15
  No. nonlinear iterations =     101
  No. nonlinear convergence failures =       0
  No. error test failures =       0
  Last step size used =    0.32555E+07
  Index compenent largest error = ********

 ...    6 / 138

 No. steps =      85   No. f-s =    1435   No. J-s =       2   No. LU-s =      15
  No. nonlinear iterations =      96
  No. nonlinear convergence failures =       0
  No. error test failures =       0
  Last step size used =    0.36355E+07
  Index compenent largest error = ********

 ...    7 / 138

 No. steps =      86   No. f-s =    1434   No. J-s =       2   No. LU-s =      15
  No. nonlinear iterations =      95
  No. nonlinear convergence failures =       0
  No. error test failures =       0
  Last step size used =    0.46207E+07
  Index compenent largest error = ********

 ...    8 / 138

 No. steps =      75   No. f-s =    1422   No. J-s =       2   No. LU-s =      15
  No. nonlinear iterations =      83
  No. nonlinear convergence failures =       0
  No. error test failures =       0
  Last step size used =    0.60796E+07
  Index compenent largest error = ********

 ...    9 / 138

 No. steps =     110   No. f-s =    1465   No. J-s =       2   No. LU-s =      21
  No. nonlinear iterations =     126
  No. nonlinear convergence failures =       0
  No. error test failures =       1
  Last step size used =    0.33746E+07
  Index compenent largest error = ********

 ...   10 / 138

 No. steps =      89   No. f-s =    1438   No. J-s =       2   No. LU-s =      13
  No. nonlinear iterations =      99
  No. nonlinear convergence failures =       0
  No. error test failures =       0
  Last step size used =    0.21386E+07
  Index compenent largest error = ********

 ...   11 / 138

 No. steps =      66   No. f-s =    1411   No. J-s =       2   No. LU-s =      13
  No. nonlinear iterations =      72
  No. nonlinear convergence failures =       0
  No. error test failures =       0
  Last step size used =    0.37789E+07
  Index compenent largest error = ********

 ...   12 / 138

 No. steps =      72   No. f-s =    1420   No. J-s =       2   No. LU-s =      13
  No. nonlinear iterations =      81
  No. nonlinear convergence failures =       0
  No. error test failures =       0
  Last step size used =    0.15812E+07
  Index compenent largest error = ********

 ...   13 / 138

 No. steps =      62   No. f-s =     742   No. J-s =       1   No. LU-s =      11
  No. nonlinear iterations =      71
  No. nonlinear convergence failures =       0
  No. error test failures =       0
  Last step size used =    0.21101E+07
  Index compenent largest error = ********

 ...   14 / 138

 No. steps =      66   No. f-s =    1413   No. J-s =       2   No. LU-s =      13
  No. nonlinear iterations =      74
  No. nonlinear convergence failures =       0
  No. error test failures =       0
  Last step size used =    0.42116E+07
  Index compenent largest error = ********

 ...   15 / 138

 No. steps =      66   No. f-s =    1415   No. J-s =       2   No. LU-s =      11
  No. nonlinear iterations =      76
  No. nonlinear convergence failures =       0
  No. error test failures =       0
  Last step size used =    0.33059E+07
  Index compenent largest error = ********

 ...   16 / 138

 No. steps =      64   No. f-s =    1412   No. J-s =       2   No. LU-s =      13
  No. nonlinear iterations =      73
  No. nonlinear convergence failures =       0
  No. error test failures =       0
  Last step size used =    0.31503E+07
  Index compenent largest error = ********

 ...   17 / 138

 No. steps =      63   No. f-s =    1410   No. J-s =       2   No. LU-s =      13
  No. nonlinear iterations =      71
  No. nonlinear convergence failures =       0
  No. error test failures =       0
  Last step size used =    0.47111E+07
  Index compenent largest error = ********

 ...   18 / 138

 No. steps =      60   No. f-s =    1407   No. J-s =       2   No. LU-s =      12
  No. nonlinear iterations =      68
  No. nonlinear convergence failures =       0
  No. error test failures =       0
  Last step size used =    0.35645E+07
  Index compenent largest error = ********

 ...   19 / 138

 No. steps =      57   No. f-s =    1405   No. J-s =       2   No. LU-s =      12
  No. nonlinear iterations =      66
  No. nonlinear convergence failures =       0
  No. error test failures =       0
  Last step size used =    0.33980E+07
  Index compenent largest error = ********

 ...   20 / 138

 No. steps =      56   No. f-s =     735   No. J-s =       1   No. LU-s =      11
  No. nonlinear iterations =      64
  No. nonlinear convergence failures =       0
  No. error test failures =       0
  Last step size used =    0.26134E+07
  Index compenent largest error = ********

 ...   21 / 138

 No. steps =      54   No. f-s =     733   No. J-s =       1   No. LU-s =      11
  No. nonlinear iterations =      62
  No. nonlinear convergence failures =       0
  No. error test failures =       0
  Last step size used =    0.28443E+07
  Index compenent largest error = ********

 ...   22 / 138

 No. steps =      55   No. f-s =     734   No. J-s =       1   No. LU-s =      11
  No. nonlinear iterations =      63
  No. nonlinear convergence failures =       0
  No. error test failures =       0
  Last step size used =    0.31224E+07
  Index compenent largest error = ********

 ...   23 / 138

 No. steps =      53   No. f-s =     731   No. J-s =       1   No. LU-s =      11
  No. nonlinear iterations =      60
  No. nonlinear convergence failures =       0
  No. error test failures =       0
  Last step size used =    0.35847E+07
  Index compenent largest error = ********

 ...   24 / 138

 No. steps =      53   No. f-s =     731   No. J-s =       1   No. LU-s =      11
  No. nonlinear iterations =      60
  No. nonlinear convergence failures =       0
  No. error test failures =       0
  Last step size used =    0.35823E+07
  Index compenent largest error = ********

 ...   25 / 138

 No. steps =      49   No. f-s =     727   No. J-s =       1   No. LU-s =      10
  No. nonlinear iterations =      56
  No. nonlinear convergence failures =       0
  No. error test failures =       0
  Last step size used =    0.36185E+07
  Index compenent largest error = ********

 ...   26 / 138

 No. steps =      50   No. f-s =     728   No. J-s =       1   No. LU-s =       9
  No. nonlinear iterations =      57
  No. nonlinear convergence failures =       0
  No. error test failures =       0
  Last step size used =    0.30654E+07
  Index compenent largest error = ********

 ...   27 / 138

 No. steps =      47   No. f-s =     725   No. J-s =       1   No. LU-s =       9
  No. nonlinear iterations =      54
  No. nonlinear convergence failures =       0
  No. error test failures =       0
  Last step size used =    0.38692E+07
  Index compenent largest error = ********

 ...   28 / 138

 No. steps =      58   No. f-s =    1404   No. J-s =       2   No. LU-s =      11
  No. nonlinear iterations =      65
  No. nonlinear convergence failures =       0
  No. error test failures =       0
  Last step size used =    0.41880E+07
  Index compenent largest error = ********

 ...   29 / 138

 No. steps =      61   No. f-s =    1412   No. J-s =       2   No. LU-s =      12
  No. nonlinear iterations =      73
  No. nonlinear convergence failures =       0
  No. error test failures =       1
  Last step size used =    0.21024E+07
  Index compenent largest error = ********

 ...   30 / 138

 No. steps =      53   No. f-s =     731   No. J-s =       1   No. LU-s =      11
  No. nonlinear iterations =      60
  No. nonlinear convergence failures =       0
  No. error test failures =       0
  Last step size used =    0.38146E+07
  Index compenent largest error = ********

 ...   31 / 138

 No. steps =      41   No. f-s =     718   No. J-s =       1   No. LU-s =       8
  No. nonlinear iterations =      47
  No. nonlinear convergence failures =       0
  No. error test failures =       0
  Last step size used =    0.39397E+07
  Index compenent largest error = ********

 ...   32 / 138

 No. steps =      47   No. f-s =     724   No. J-s =       1   No. LU-s =      12
  No. nonlinear iterations =      53
  No. nonlinear convergence failures =       0
  No. error test failures =       0
  Last step size used =    0.44895E+07
  Index compenent largest error = ********

 ...   33 / 138

 No. steps =      50   No. f-s =     729   No. J-s =       1   No. LU-s =      11
  No. nonlinear iterations =      58
  No. nonlinear convergence failures =       0
  No. error test failures =       0
  Last step size used =    0.35162E+07
  Index compenent largest error = ********

 ...   34 / 138

 No. steps =      51   No. f-s =     727   No. J-s =       1   No. LU-s =      10
  No. nonlinear iterations =      56
  No. nonlinear convergence failures =       0
  No. error test failures =       0
  Last step size used =    0.35195E+07
  Index compenent largest error = ********

 ...   35 / 138

 No. steps =      50   No. f-s =     726   No. J-s =       1   No. LU-s =      10
  No. nonlinear iterations =      55
  No. nonlinear convergence failures =       0
  No. error test failures =       0
  Last step size used =    0.39759E+07
  Index compenent largest error = ********

 ...   36 / 138

 No. steps =      51   No. f-s =     730   No. J-s =       1   No. LU-s =      10
  No. nonlinear iterations =      59
  No. nonlinear convergence failures =       0
  No. error test failures =       0
  Last step size used =    0.42728E+07
  Index compenent largest error = ********

 ...   37 / 138

 No. steps =      51   No. f-s =     728   No. J-s =       1   No. LU-s =      10
  No. nonlinear iterations =      57
  No. nonlinear convergence failures =       0
  No. error test failures =       0
  Last step size used =    0.45737E+07
  Index compenent largest error = ********

 ...   38 / 138

 No. steps =      49   No. f-s =     728   No. J-s =       1   No. LU-s =      10
  No. nonlinear iterations =      57
  No. nonlinear convergence failures =       0
  No. error test failures =       0
  Last step size used =    0.38055E+07
  Index compenent largest error = ********

 ...   39 / 138

 No. steps =      48   No. f-s =     726   No. J-s =       1   No. LU-s =      11
  No. nonlinear iterations =      55
  No. nonlinear convergence failures =       0
  No. error test failures =       0
  Last step size used =    0.59417E+07
  Index compenent largest error = ********

 ...   40 / 138

 No. steps =      48   No. f-s =     725   No. J-s =       1   No. LU-s =       9
  No. nonlinear iterations =      54
  No. nonlinear convergence failures =       0
  No. error test failures =       0
  Last step size used =    0.44353E+07
  Index compenent largest error = ********

 ...   41 / 138

 No. steps =      47   No. f-s =     724   No. J-s =       1   No. LU-s =       9
  No. nonlinear iterations =      53
  No. nonlinear convergence failures =       0
  No. error test failures =       0
  Last step size used =    0.41369E+07
  Index compenent largest error = ********

 ...   42 / 138

 No. steps =      46   No. f-s =     723   No. J-s =       1   No. LU-s =       9
  No. nonlinear iterations =      52
  No. nonlinear convergence failures =       0
  No. error test failures =       0
  Last step size used =    0.41516E+07
  Index compenent largest error = ********

 ...   43 / 138

 No. steps =      46   No. f-s =     723   No. J-s =       1   No. LU-s =       9
  No. nonlinear iterations =      52
  No. nonlinear convergence failures =       0
  No. error test failures =       0
  Last step size used =    0.44969E+07
  Index compenent largest error = ********

 ...   44 / 138

 No. steps =      45   No. f-s =     724   No. J-s =       1   No. LU-s =       9
  No. nonlinear iterations =      53
  No. nonlinear convergence failures =       0
  No. error test failures =       0
  Last step size used =    0.43571E+07
  Index compenent largest error = ********

 ...   45 / 138

 No. steps =      45   No. f-s =     724   No. J-s =       1   No. LU-s =       9
  No. nonlinear iterations =      53
  No. nonlinear convergence failures =       0
  No. error test failures =       0
  Last step size used =    0.47731E+07
  Index compenent largest error = ********

 ...   46 / 138

 No. steps =      44   No. f-s =     723   No. J-s =       1   No. LU-s =       9
  No. nonlinear iterations =      52
  No. nonlinear convergence failures =       0
  No. error test failures =       0
  Last step size used =    0.46833E+07
  Index compenent largest error = ********

 ...   47 / 138

 No. steps =      40   No. f-s =     717   No. J-s =       1   No. LU-s =       8
  No. nonlinear iterations =      46
  No. nonlinear convergence failures =       0
  No. error test failures =       0
  Last step size used =    0.37949E+07
  Index compenent largest error = ********

 ...   48 / 138

 No. steps =      35   No. f-s =     712   No. J-s =       1   No. LU-s =       8
  No. nonlinear iterations =      41
  No. nonlinear convergence failures =       0
  No. error test failures =       0
  Last step size used =    0.50573E+07
  Index compenent largest error = ********

 ...   49 / 138

 No. steps =      37   No. f-s =     715   No. J-s =       1   No. LU-s =       8
  No. nonlinear iterations =      44
  No. nonlinear convergence failures =       0
  No. error test failures =       0
  Last step size used =    0.44667E+07
  Index compenent largest error = ********

 ...   50 / 138

 No. steps =      37   No. f-s =     712   No. J-s =       1   No. LU-s =       8
  No. nonlinear iterations =      41
  No. nonlinear convergence failures =       0
  No. error test failures =       0
  Last step size used =    0.41039E+07
  Index compenent largest error = ********

 ...   51 / 138

 No. steps =      35   No. f-s =     711   No. J-s =       1   No. LU-s =       8
  No. nonlinear iterations =      40
  No. nonlinear convergence failures =       0
  No. error test failures =       0
  Last step size used =    0.51999E+07
  Index compenent largest error = ********

 ...   52 / 138

 No. steps =      33   No. f-s =     710   No. J-s =       1   No. LU-s =       8
  No. nonlinear iterations =      39
  No. nonlinear convergence failures =       0
  No. error test failures =       0
  Last step size used =    0.39439E+07
  Index compenent largest error = ********

 ...   53 / 138

 No. steps =      28   No. f-s =     705   No. J-s =       1   No. LU-s =       7
  No. nonlinear iterations =      34
  No. nonlinear convergence failures =       0
  No. error test failures =       0
  Last step size used =    0.53641E+07
  Index compenent largest error = ********

 ...   54 / 138

 No. steps =      32   No. f-s =     709   No. J-s =       1   No. LU-s =       8
  No. nonlinear iterations =      38
  No. nonlinear convergence failures =       0
  No. error test failures =       0
  Last step size used =    0.42823E+07
  Index compenent largest error = ********

 ...   55 / 138

 No. steps =      35   No. f-s =     712   No. J-s =       1   No. LU-s =      10
  No. nonlinear iterations =      41
  No. nonlinear convergence failures =       0
  No. error test failures =       0
  Last step size used =    0.71030E+07
  Index compenent largest error = ********

 ...   56 / 138

 No. steps =      37   No. f-s =     712   No. J-s =       1   No. LU-s =       9
  No. nonlinear iterations =      41
  No. nonlinear convergence failures =       0
  No. error test failures =       0
  Last step size used =    0.48778E+07
  Index compenent largest error = ********

 ...   57 / 138

 No. steps =      39   No. f-s =     715   No. J-s =       1   No. LU-s =       8
  No. nonlinear iterations =      44
  No. nonlinear convergence failures =       0
  No. error test failures =       0
  Last step size used =    0.44793E+07
  Index compenent largest error = ********

 ...   58 / 138

 No. steps =      42   No. f-s =     719   No. J-s =       1   No. LU-s =       9
  No. nonlinear iterations =      48
  No. nonlinear convergence failures =       0
  No. error test failures =       0
  Last step size used =    0.42505E+07
  Index compenent largest error = ********

 ...   59 / 138

 No. steps =      40   No. f-s =     716   No. J-s =       1   No. LU-s =       8
  No. nonlinear iterations =      45
  No. nonlinear convergence failures =       0
  No. error test failures =       0
  Last step size used =    0.54473E+07
  Index compenent largest error = ********

 ...   60 / 138

 No. steps =      41   No. f-s =     718   No. J-s =       1   No. LU-s =       9
  No. nonlinear iterations =      47
  No. nonlinear convergence failures =       0
  No. error test failures =       0
  Last step size used =    0.42918E+07
  Index compenent largest error = ********

 ...   61 / 138

 No. steps =      41   No. f-s =     718   No. J-s =       1   No. LU-s =       9
  No. nonlinear iterations =      47
  No. nonlinear convergence failures =       0
  No. error test failures =       0
  Last step size used =    0.43969E+07
  Index compenent largest error = ********

 ...   62 / 138

 No. steps =      41   No. f-s =     718   No. J-s =       1   No. LU-s =       9
  No. nonlinear iterations =      47
  No. nonlinear convergence failures =       0
  No. error test failures =       0
  Last step size used =    0.43211E+07
  Index compenent largest error = ********

 ...   63 / 138

 No. steps =      41   No. f-s =     718   No. J-s =       1   No. LU-s =       9
  No. nonlinear iterations =      47
  No. nonlinear convergence failures =       0
  No. error test failures =       0
  Last step size used =    0.46148E+07
  Index compenent largest error = ********

 ...   64 / 138

 No. steps =      41   No. f-s =     718   No. J-s =       1   No. LU-s =       9
  No. nonlinear iterations =      47
  No. nonlinear convergence failures =       0
  No. error test failures =       0
  Last step size used =    0.48007E+07
  Index compenent largest error = ********

 ...   65 / 138

 No. steps =      40   No. f-s =     717   No. J-s =       1   No. LU-s =       9
  No. nonlinear iterations =      46
  No. nonlinear convergence failures =       0
  No. error test failures =       0
  Last step size used =    0.45928E+07
  Index compenent largest error = ********

 ...   66 / 138

 No. steps =      40   No. f-s =     717   No. J-s =       1   No. LU-s =       9
  No. nonlinear iterations =      46
  No. nonlinear convergence failures =       0
  No. error test failures =       0
  Last step size used =    0.48085E+07
  Index compenent largest error = ********

 ...   67 / 138

 No. steps =      39   No. f-s =     716   No. J-s =       1   No. LU-s =       9
  No. nonlinear iterations =      45
  No. nonlinear convergence failures =       0
  No. error test failures =       0
  Last step size used =    0.52827E+07
  Index compenent largest error = ********

 ...   68 / 138

 No. steps =      39   No. f-s =     716   No. J-s =       1   No. LU-s =       9
  No. nonlinear iterations =      45
  No. nonlinear convergence failures =       0
  No. error test failures =       0
  Last step size used =    0.56920E+07
  Index compenent largest error = ********

 ...   69 / 138

 No. steps =      38   No. f-s =     716   No. J-s =       1   No. LU-s =       8
  No. nonlinear iterations =      45
  No. nonlinear convergence failures =       0
  No. error test failures =       0
  Last step size used =    0.40278E+07
  Index compenent largest error = ********

 ...   70 / 138

 No. steps =      37   No. f-s =     714   No. J-s =       1   No. LU-s =       8
  No. nonlinear iterations =      43
  No. nonlinear convergence failures =       0
  No. error test failures =       0
  Last step size used =    0.38062E+07
  Index compenent largest error = ********

 ...   71 / 138

 No. steps =      35   No. f-s =     712   No. J-s =       1   No. LU-s =       8
  No. nonlinear iterations =      41
  No. nonlinear convergence failures =       0
  No. error test failures =       0
  Last step size used =    0.47585E+07
  Index compenent largest error = ********

 ...   72 / 138

 No. steps =      34   No. f-s =     711   No. J-s =       1   No. LU-s =       8
  No. nonlinear iterations =      40
  No. nonlinear convergence failures =       0
  No. error test failures =       0
  Last step size used =    0.51125E+07
  Index compenent largest error = ********

 ...   73 / 138

 No. steps =      32   No. f-s =     708   No. J-s =       1   No. LU-s =       7
  No. nonlinear iterations =      37
  No. nonlinear convergence failures =       0
  No. error test failures =       0
  Last step size used =    0.55764E+07
  Index compenent largest error = ********

 ...   74 / 138

 No. steps =      31   No. f-s =     707   No. J-s =       1   No. LU-s =       7
  No. nonlinear iterations =      36
  No. nonlinear convergence failures =       0
  No. error test failures =       0
  Last step size used =    0.59401E+07
  Index compenent largest error = ********

 ...   75 / 138

 No. steps =      28   No. f-s =     703   No. J-s =       1   No. LU-s =       7
  No. nonlinear iterations =      32
  No. nonlinear convergence failures =       0
  No. error test failures =       0
  Last step size used =    0.58280E+07
  Index compenent largest error = ********

 ...   76 / 138

 No. steps =      28   No. f-s =     703   No. J-s =       1   No. LU-s =       7
  No. nonlinear iterations =      32
  No. nonlinear convergence failures =       0
  No. error test failures =       0
  Last step size used =    0.67539E+07
  Index compenent largest error = ********

 ...   77 / 138

 No. steps =      27   No. f-s =     702   No. J-s =       1   No. LU-s =       7
  No. nonlinear iterations =      31
  No. nonlinear convergence failures =       0
  No. error test failures =       0
  Last step size used =    0.59401E+07
  Index compenent largest error = ********

 ...   78 / 138

 No. steps =      26   No. f-s =     702   No. J-s =       1   No. LU-s =       7
  No. nonlinear iterations =      31
  No. nonlinear convergence failures =       0
  No. error test failures =       0
  Last step size used =    0.68443E+07
  Index compenent largest error = ********

 ...   79 / 138

 No. steps =      26   No. f-s =     701   No. J-s =       1   No. LU-s =       7
  No. nonlinear iterations =      30
  No. nonlinear convergence failures =       0
  No. error test failures =       0
  Last step size used =    0.63485E+07
  Index compenent largest error = ********

 ...   80 / 138

 No. steps =      26   No. f-s =     702   No. J-s =       1   No. LU-s =       7
  No. nonlinear iterations =      31
  No. nonlinear convergence failures =       0
  No. error test failures =       0
  Last step size used =    0.45921E+07
  Index compenent largest error = ********

 ...   81 / 138

 No. steps =      26   No. f-s =     702   No. J-s =       1   No. LU-s =       8
  No. nonlinear iterations =      31
  No. nonlinear convergence failures =       0
  No. error test failures =       0
  Last step size used =    0.70934E+07
  Index compenent largest error = ********

 ...   82 / 138

 No. steps =      28   No. f-s =     703   No. J-s =       1   No. LU-s =       7
  No. nonlinear iterations =      32
  No. nonlinear convergence failures =       0
  No. error test failures =       0
  Last step size used =    0.55393E+07
  Index compenent largest error = ********

 ...   83 / 138

 No. steps =      26   No. f-s =     702   No. J-s =       1   No. LU-s =       7
  No. nonlinear iterations =      31
  No. nonlinear convergence failures =       0
  No. error test failures =       0
  Last step size used =    0.46318E+07
  Index compenent largest error = ********

 ...   84 / 138

 No. steps =      27   No. f-s =     703   No. J-s =       1   No. LU-s =       8
  No. nonlinear iterations =      32
  No. nonlinear convergence failures =       0
  No. error test failures =       0
  Last step size used =    0.64272E+07
  Index compenent largest error = ********

 ...   85 / 138

 No. steps =      28   No. f-s =     704   No. J-s =       1   No. LU-s =       8
  No. nonlinear iterations =      33
  No. nonlinear convergence failures =       0
  No. error test failures =       0
  Last step size used =    0.56783E+07
  Index compenent largest error = ********

 ...   86 / 138

 No. steps =      28   No. f-s =     704   No. J-s =       1   No. LU-s =       8
  No. nonlinear iterations =      33
  No. nonlinear convergence failures =       0
  No. error test failures =       0
  Last step size used =    0.53957E+07
  Index compenent largest error = ********

 ...   87 / 138

 No. steps =      28   No. f-s =     704   No. J-s =       1   No. LU-s =       8
  No. nonlinear iterations =      33
  No. nonlinear convergence failures =       0
  No. error test failures =       0
  Last step size used =    0.54281E+07
  Index compenent largest error = ********

 ...   88 / 138

 No. steps =      29   No. f-s =     705   No. J-s =       1   No. LU-s =       7
  No. nonlinear iterations =      34
  No. nonlinear convergence failures =       0
  No. error test failures =       0
  Last step size used =    0.58585E+07
  Index compenent largest error = ********

 ...   89 / 138

 No. steps =      30   No. f-s =     706   No. J-s =       1   No. LU-s =       7
  No. nonlinear iterations =      35
  No. nonlinear convergence failures =       0
  No. error test failures =       0
  Last step size used =    0.54153E+07
  Index compenent largest error = ********

 ...   90 / 138

 No. steps =      30   No. f-s =     706   No. J-s =       1   No. LU-s =       7
  No. nonlinear iterations =      35
  No. nonlinear convergence failures =       0
  No. error test failures =       0
  Last step size used =    0.55256E+07
  Index compenent largest error = ********

 ...   91 / 138

 No. steps =      30   No. f-s =     706   No. J-s =       1   No. LU-s =       7
  No. nonlinear iterations =      35
  No. nonlinear convergence failures =       0
  No. error test failures =       0
  Last step size used =    0.53400E+07
  Index compenent largest error = ********

 ...   92 / 138

 No. steps =      30   No. f-s =     706   No. J-s =       1   No. LU-s =       7
  No. nonlinear iterations =      35
  No. nonlinear convergence failures =       0
  No. error test failures =       0
  Last step size used =    0.50321E+07
  Index compenent largest error = ********

 ...   93 / 138

 No. steps =      30   No. f-s =     706   No. J-s =       1   No. LU-s =       7
  No. nonlinear iterations =      35
  No. nonlinear convergence failures =       0
  No. error test failures =       0
  Last step size used =    0.52084E+07
  Index compenent largest error = ********

 ...   94 / 138

 No. steps =      30   No. f-s =     706   No. J-s =       1   No. LU-s =       7
  No. nonlinear iterations =      35
  No. nonlinear convergence failures =       0
  No. error test failures =       0
  Last step size used =    0.54204E+07
  Index compenent largest error = ********

 ...   95 / 138

 No. steps =      29   No. f-s =     705   No. J-s =       1   No. LU-s =       7
  No. nonlinear iterations =      34
  No. nonlinear convergence failures =       0
  No. error test failures =       0
  Last step size used =    0.58282E+07
  Index compenent largest error = ********

 ...   96 / 138

 No. steps =      29   No. f-s =     705   No. J-s =       1   No. LU-s =       7
  No. nonlinear iterations =      34
  No. nonlinear convergence failures =       0
  No. error test failures =       0
  Last step size used =    0.56977E+07
  Index compenent largest error = ********

 ...   97 / 138

 No. steps =      29   No. f-s =     705   No. J-s =       1   No. LU-s =       7
  No. nonlinear iterations =      34
  No. nonlinear convergence failures =       0
  No. error test failures =       0
  Last step size used =    0.59087E+07
  Index compenent largest error = ********

 ...   98 / 138

 No. steps =      28   No. f-s =     704   No. J-s =       1   No. LU-s =       7
  No. nonlinear iterations =      33
  No. nonlinear convergence failures =       0
  No. error test failures =       0
  Last step size used =    0.62936E+07
  Index compenent largest error = ********

 ...   99 / 138

 No. steps =      29   No. f-s =     705   No. J-s =       1   No. LU-s =       7
  No. nonlinear iterations =      34
  No. nonlinear convergence failures =       0
  No. error test failures =       0
  Last step size used =    0.56331E+07
  Index compenent largest error = ********

 ...  100 / 138

 No. steps =      28   No. f-s =     704   No. J-s =       1   No. LU-s =       7
  No. nonlinear iterations =      33
  No. nonlinear convergence failures =       0
  No. error test failures =       0
  Last step size used =    0.63317E+07
  Index compenent largest error = ********

 ...  101 / 138

 No. steps =      28   No. f-s =     704   No. J-s =       1   No. LU-s =       7
  No. nonlinear iterations =      33
  No. nonlinear convergence failures =       0
  No. error test failures =       0
  Last step size used =    0.66527E+07
  Index compenent largest error = ********

 ...  102 / 138

 No. steps =      28   No. f-s =     704   No. J-s =       1   No. LU-s =       7
  No. nonlinear iterations =      33
  No. nonlinear convergence failures =       0
  No. error test failures =       0
  Last step size used =    0.65248E+07
  Index compenent largest error = ********

 ...  103 / 138

 No. steps =      28   No. f-s =     704   No. J-s =       1   No. LU-s =       7
  No. nonlinear iterations =      33
  No. nonlinear convergence failures =       0
  No. error test failures =       0
  Last step size used =    0.68336E+07
  Index compenent largest error = ********

 ...  104 / 138

 No. steps =      28   No. f-s =     704   No. J-s =       1   No. LU-s =       7
  No. nonlinear iterations =      33
  No. nonlinear convergence failures =       0
  No. error test failures =       0
  Last step size used =    0.70053E+07
  Index compenent largest error = ********

 ...  105 / 138

 No. steps =      27   No. f-s =     703   No. J-s =       1   No. LU-s =       7
  No. nonlinear iterations =      32
  No. nonlinear convergence failures =       0
  No. error test failures =       0
  Last step size used =    0.74654E+07
  Index compenent largest error = ********

 ...  106 / 138

 No. steps =      27   No. f-s =     703   No. J-s =       1   No. LU-s =       7
  No. nonlinear iterations =      32
  No. nonlinear convergence failures =       0
  No. error test failures =       0
  Last step size used =    0.75242E+07
  Index compenent largest error = ********

 ...  107 / 138

 No. steps =      26   No. f-s =     701   No. J-s =       1   No. LU-s =       6
  No. nonlinear iterations =      30
  No. nonlinear convergence failures =       0
  No. error test failures =       0
  Last step size used =    0.41880E+07
  Index compenent largest error = ********

 ...  108 / 138

 No. steps =      28   No. f-s =     704   No. J-s =       1   No. LU-s =       7
  No. nonlinear iterations =      33
  No. nonlinear convergence failures =       0
  No. error test failures =       0
  Last step size used =    0.89501E+07
  Index compenent largest error = ********

 ...  109 / 138

 No. steps =      26   No. f-s =     701   No. J-s =       1   No. LU-s =       6
  No. nonlinear iterations =      30
  No. nonlinear convergence failures =       0
  No. error test failures =       0
  Last step size used =    0.43094E+07
  Index compenent largest error = ********

 ...  110 / 138

 No. steps =      26   No. f-s =     701   No. J-s =       1   No. LU-s =       6
  No. nonlinear iterations =      30
  No. nonlinear convergence failures =       0
  No. error test failures =       0
  Last step size used =    0.43642E+07
  Index compenent largest error = ********

 ...  111 / 138

 No. steps =      26   No. f-s =     701   No. J-s =       1   No. LU-s =       6
  No. nonlinear iterations =      30
  No. nonlinear convergence failures =       0
  No. error test failures =       0
  Last step size used =    0.50092E+07
  Index compenent largest error = ********

 ...  112 / 138

 No. steps =      27   No. f-s =     702   No. J-s =       1   No. LU-s =       6
  No. nonlinear iterations =      31
  No. nonlinear convergence failures =       0
  No. error test failures =       0
  Last step size used =    0.52233E+07
  Index compenent largest error = ********

 ...  113 / 138

 No. steps =      24   No. f-s =     700   No. J-s =       1   No. LU-s =       7
  No. nonlinear iterations =      29
  No. nonlinear convergence failures =       0
  No. error test failures =       0
  Last step size used =    0.54531E+07
  Index compenent largest error = ********

 ...  114 / 138

 No. steps =      25   No. f-s =     700   No. J-s =       1   No. LU-s =       6
  No. nonlinear iterations =      29
  No. nonlinear convergence failures =       0
  No. error test failures =       0
  Last step size used =    0.48400E+07
  Index compenent largest error = ********

 ...  115 / 138

 No. steps =      27   No. f-s =     702   No. J-s =       1   No. LU-s =       6
  No. nonlinear iterations =      31
  No. nonlinear convergence failures =       0
  No. error test failures =       0
  Last step size used =    0.54461E+07
  Index compenent largest error = ********

 ...  116 / 138

 No. steps =      25   No. f-s =     700   No. J-s =       1   No. LU-s =       6
  No. nonlinear iterations =      29
  No. nonlinear convergence failures =       0
  No. error test failures =       0
  Last step size used =    0.47729E+07
  Index compenent largest error = ********

 ...  117 / 138

 No. steps =      24   No. f-s =     699   No. J-s =       1   No. LU-s =       6
  No. nonlinear iterations =      28
  No. nonlinear convergence failures =       0
  No. error test failures =       0
  Last step size used =    0.50275E+07
  Index compenent largest error = ********

 ...  118 / 138

 No. steps =      26   No. f-s =     701   No. J-s =       1   No. LU-s =       6
  No. nonlinear iterations =      30
  No. nonlinear convergence failures =       0
  No. error test failures =       0
  Last step size used =    0.59847E+07
  Index compenent largest error = ********

 ...  119 / 138

 No. steps =      24   No. f-s =     700   No. J-s =       1   No. LU-s =       7
  No. nonlinear iterations =      29
  No. nonlinear convergence failures =       0
  No. error test failures =       0
  Last step size used =    0.60456E+07
  Index compenent largest error = ********

 ...  120 / 138

 No. steps =      26   No. f-s =     701   No. J-s =       1   No. LU-s =       6
  No. nonlinear iterations =      30
  No. nonlinear convergence failures =       0
  No. error test failures =       0
  Last step size used =    0.61759E+07
  Index compenent largest error = ********

 ...  121 / 138

 No. steps =      26   No. f-s =     701   No. J-s =       1   No. LU-s =       6
  No. nonlinear iterations =      30
  No. nonlinear convergence failures =       0
  No. error test failures =       0
  Last step size used =    0.57107E+07
  Index compenent largest error = ********

 ...  122 / 138

 No. steps =      26   No. f-s =     701   No. J-s =       1   No. LU-s =       6
  No. nonlinear iterations =      30
  No. nonlinear convergence failures =       0
  No. error test failures =       0
  Last step size used =    0.61639E+07
  Index compenent largest error = ********

 ...  123 / 138

 No. steps =      24   No. f-s =     699   No. J-s =       1   No. LU-s =       6
  No. nonlinear iterations =      28
  No. nonlinear convergence failures =       0
  No. error test failures =       0
  Last step size used =    0.54450E+07
  Index compenent largest error = ********

 ...  124 / 138

 No. steps =      26   No. f-s =     701   No. J-s =       1   No. LU-s =       6
  No. nonlinear iterations =      30
  No. nonlinear convergence failures =       0
  No. error test failures =       0
  Last step size used =    0.62201E+07
  Index compenent largest error = ********

 ...  125 / 138

 No. steps =      25   No. f-s =     700   No. J-s =       1   No. LU-s =       5
  No. nonlinear iterations =      29
  No. nonlinear convergence failures =       0
  No. error test failures =       0
  Last step size used =    0.41217E+07
  Index compenent largest error = ********

 ...  126 / 138

 No. steps =      25   No. f-s =     700   No. J-s =       1   No. LU-s =       5
  No. nonlinear iterations =      29
  No. nonlinear convergence failures =       0
  No. error test failures =       0
  Last step size used =    0.44988E+07
  Index compenent largest error = ********

 ...  127 / 138

 No. steps =      24   No. f-s =     699   No. J-s =       1   No. LU-s =       5
  No. nonlinear iterations =      28
  No. nonlinear convergence failures =       0
  No. error test failures =       0
  Last step size used =    0.46410E+07
  Index compenent largest error = ********

 ...  128 / 138

 No. steps =      26   No. f-s =     700   No. J-s =       1   No. LU-s =       6
  No. nonlinear iterations =      29
  No. nonlinear convergence failures =       0
  No. error test failures =       0
  Last step size used =    0.60446E+07
  Index compenent largest error = ********

 ...  129 / 138

 No. steps =      24   No. f-s =     699   No. J-s =       1   No. LU-s =       5
  No. nonlinear iterations =      28
  No. nonlinear convergence failures =       0
  No. error test failures =       0
  Last step size used =    0.47965E+07
  Index compenent largest error = ********

 ...  130 / 138

 No. steps =      22   No. f-s =     698   No. J-s =       1   No. LU-s =       7
  No. nonlinear iterations =      27
  No. nonlinear convergence failures =       0
  No. error test failures =       0
  Last step size used =    0.75969E+07
  Index compenent largest error = ********

 ...  131 / 138

 No. steps =      24   No. f-s =     699   No. J-s =       1   No. LU-s =       5
  No. nonlinear iterations =      28
  No. nonlinear convergence failures =       0
  No. error test failures =       0
  Last step size used =    0.49755E+07
  Index compenent largest error = ********

 ...  132 / 138

 No. steps =      24   No. f-s =     699   No. J-s =       1   No. LU-s =       5
  No. nonlinear iterations =      28
  No. nonlinear convergence failures =       0
  No. error test failures =       0
  Last step size used =    0.46144E+07
  Index compenent largest error = ********

 ...  133 / 138

 No. steps =      23   No. f-s =     698   No. J-s =       1   No. LU-s =       5
  No. nonlinear iterations =      27
  No. nonlinear convergence failures =       0
  No. error test failures =       0
  Last step size used =    0.51009E+07
  Index compenent largest error = ********

 ...  134 / 138

 No. steps =      23   No. f-s =     698   No. J-s =       1   No. LU-s =       5
  No. nonlinear iterations =      27
  No. nonlinear convergence failures =       0
  No. error test failures =       0
  Last step size used =    0.52175E+07
  Index compenent largest error = ********

 ...  135 / 138

 No. steps =      23   No. f-s =     698   No. J-s =       1   No. LU-s =       5
  No. nonlinear iterations =      27
  No. nonlinear convergence failures =       0
  No. error test failures =       0
  Last step size used =    0.49870E+07
  Index compenent largest error = ********

 ...  136 / 138

 No. steps =      23   No. f-s =     698   No. J-s =       1   No. LU-s =       5
  No. nonlinear iterations =      27
  No. nonlinear convergence failures =       0
  No. error test failures =       0
  Last step size used =    0.49830E+07
  Index compenent largest error = ********

 ...  137 / 138

 No. steps =      21   No. f-s =     697   No. J-s =       1   No. LU-s =       7
  No. nonlinear iterations =      26
  No. nonlinear convergence failures =       0
  No. error test failures =       0
  Last step size used =    0.86045E+07
  Index compenent largest error = ********

 ...  138 / 138

 No. steps =      23   No. f-s =     698   No. J-s =       1   No. LU-s =       5
  No. nonlinear iterations =      27
  No. nonlinear convergence failures =       0
  No. error test failures =       0
  Last step size used =    0.50138E+07
  Index compenent largest error = ********


    ... DONE!
 +++++++++++++++++++++++++++++++++++++++++++++++++++


+------------------ Job Report: 10176620 (COMPLETED) ------------------+
| Memory (RAM)  No data available                                      |
| CPU           [#########           ] 45.5% average                   |
| Time          [>                   ]  0.9% (0-00:00:33 / 0-01:00:00) |
|                                                                      |
| Lustre Filesystem:                                                   |
|   No data available                                                  |
+----------------------------------------------------------------------+
