Starting job 10175762, array task 421 on dave28
Chemistry type: Orich
Analysis mode: false
Found 462 valid particle IDs in /fred/oz304/beckers/Chemistry/traces/wind_v10/trace_output_with_av
Returning 460 particle IDs (after start_index=2 offset)
SLURM task 421: processing particle 3794545
Running Orich evolving_model on 1 phantom particle trace(s) from wind_v10

 +++++++++++++++++++++++++++++++++++++++++++++++++++
 +++++        ENVELOPE CHEMICAL MODEL         ++++++
 +++++++++++++++++++++++++++++++++++++++++++++++++++

 Version 1.0 authored by Catherine Walsh and Maria 
    Drozdovskaya, Leiden Observatory (01/08/2013)

 Version 1.1 amended by Catherine Walsh (18/05/2014)

 Version 1.2 amended by Catherine Walsh (13/08/2015)

 +++++++++++++++++++++++++++++++++++++++++++++++++++

          Input file =  Orich/param/trace_file_param/file_parameters_3794545.txt              

 Physical conditions  = Orich/input/3794545.txt                                               
 Chemical network     = ./rate12_complex.rates                                                
 Species file         = ./rate12_complex_atomic_Orich.specs                                   
 Binding energies     = ./rate12_binding.dat                                                  
 Reaction parameters  = param/reaction_parameters.txt                                         
 Grain parameters     = param/grain_parameters.txt                                            
 Radiation parameters = param/radiation_parameters.txt                                        

 Output file          = Orich/output/model_output_3794545.dat                                 
 Rates file           = Orich/output/model_rates_3794545.dat                                  

 Opening and reading physical conditions file ...

 +++++++++++++++++++++++++++++++++++++++++++++++++++
 Beginning to run model ...
 +++++++++++++++++++++++++++++++++++++++++++++++++++

 Preparing output files ...

 Progress = ...
 ...    1 / 132

 No. steps =    1336   No. f-s =   22837   No. J-s =      31   No. LU-s =     194
  No. nonlinear iterations =    2128
  No. nonlinear convergence failures =       0
  No. error test failures =      69
  Last step size used =    0.30076E+08
  Index compenent largest error = ********

 ...    2 / 132

 No. steps =      89   No. f-s =    1441   No. J-s =       2   No. LU-s =      16
  No. nonlinear iterations =     102
  No. nonlinear convergence failures =       0
  No. error test failures =       1
  Last step size used =    0.39811E+07
  Index compenent largest error = ********

 ...    3 / 132

 No. steps =      75   No. f-s =    1429   No. J-s =       2   No. LU-s =      13
  No. nonlinear iterations =      90
  No. nonlinear convergence failures =       0
  No. error test failures =       1
  Last step size used =    0.36295E+07
  Index compenent largest error = ********

 ...    4 / 132

 No. steps =      63   No. f-s =    1415   No. J-s =       2   No. LU-s =      12
  No. nonlinear iterations =      76
  No. nonlinear convergence failures =       0
  No. error test failures =       1
  Last step size used =    0.38619E+07
  Index compenent largest error = ********

 ...    5 / 132

 No. steps =      56   No. f-s =     735   No. J-s =       1   No. LU-s =      10
  No. nonlinear iterations =      64
  No. nonlinear convergence failures =       0
  No. error test failures =       0
  Last step size used =    0.26719E+07
  Index compenent largest error = ********

 ...    6 / 132

 No. steps =      60   No. f-s =    1411   No. J-s =       2   No. LU-s =      14
  No. nonlinear iterations =      72
  No. nonlinear convergence failures =       0
  No. error test failures =       1
  Last step size used =    0.36055E+07
  Index compenent largest error = ********

 ...    7 / 132

 No. steps =      57   No. f-s =    1404   No. J-s =       2   No. LU-s =      12
  No. nonlinear iterations =      65
  No. nonlinear convergence failures =       0
  No. error test failures =       0
  Last step size used =    0.30867E+07
  Index compenent largest error = ********

 ...    8 / 132

 No. steps =      93   No. f-s =    1443   No. J-s =       2   No. LU-s =      19
  No. nonlinear iterations =     104
  No. nonlinear convergence failures =       0
  No. error test failures =       1
  Last step size used =    0.32423E+07
  Index compenent largest error = ********

 ...    9 / 132

 No. steps =      92   No. f-s =    2118   No. J-s =       3   No. LU-s =      19
  No. nonlinear iterations =     111
  No. nonlinear convergence failures =       0
  No. error test failures =       1
  Last step size used =    0.19702E+07
  Index compenent largest error = ********

 ...   10 / 132

 No. steps =      41   No. f-s =     717   No. J-s =       1   No. LU-s =       9
  No. nonlinear iterations =      46
  No. nonlinear convergence failures =       0
  No. error test failures =       0
  Last step size used =    0.34421E+07
  Index compenent largest error = ********

 ...   11 / 132

 No. steps =      57   No. f-s =    1405   No. J-s =       2   No. LU-s =      13
  No. nonlinear iterations =      66
  No. nonlinear convergence failures =       0
  No. error test failures =       0
  Last step size used =    0.50344E+07
  Index compenent largest error = ********

 ...   12 / 132

 No. steps =      56   No. f-s =    1404   No. J-s =       2   No. LU-s =      12
  No. nonlinear iterations =      65
  No. nonlinear convergence failures =       0
  No. error test failures =       0
  Last step size used =    0.38482E+07
  Index compenent largest error = ********

 ...   13 / 132

 No. steps =      54   No. f-s =    1401   No. J-s =       2   No. LU-s =      12
  No. nonlinear iterations =      62
  No. nonlinear convergence failures =       0
  No. error test failures =       0
  Last step size used =    0.42867E+07
  Index compenent largest error = ********

 ...   14 / 132

 No. steps =      51   No. f-s =     729   No. J-s =       1   No. LU-s =      10
  No. nonlinear iterations =      58
  No. nonlinear convergence failures =       0
  No. error test failures =       0
  Last step size used =    0.32543E+07
  Index compenent largest error = ********

 ...   15 / 132

 No. steps =      54   No. f-s =     731   No. J-s =       1   No. LU-s =      10
  No. nonlinear iterations =      60
  No. nonlinear convergence failures =       0
  No. error test failures =       0
  Last step size used =    0.32089E+07
  Index compenent largest error = ********

 ...   16 / 132

 No. steps =      49   No. f-s =     728   No. J-s =       1   No. LU-s =      10
  No. nonlinear iterations =      57
  No. nonlinear convergence failures =       0
  No. error test failures =       0
  Last step size used =    0.36745E+07
  Index compenent largest error = ********

 ...   17 / 132

 No. steps =      50   No. f-s =     728   No. J-s =       1   No. LU-s =      10
  No. nonlinear iterations =      57
  No. nonlinear convergence failures =       0
  No. error test failures =       0
  Last step size used =    0.34789E+07
  Index compenent largest error = ********

 ...   18 / 132

 No. steps =      49   No. f-s =     728   No. J-s =       1   No. LU-s =      11
  No. nonlinear iterations =      57
  No. nonlinear convergence failures =       0
  No. error test failures =       0
  Last step size used =    0.42724E+07
  Index compenent largest error = ********

 ...   19 / 132

 No. steps =      50   No. f-s =     730   No. J-s =       1   No. LU-s =      12
  No. nonlinear iterations =      59
  No. nonlinear convergence failures =       0
  No. error test failures =       0
  Last step size used =    0.39701E+07
  Index compenent largest error = ********

 ...   20 / 132

 No. steps =      50   No. f-s =     728   No. J-s =       1   No. LU-s =      10
  No. nonlinear iterations =      57
  No. nonlinear convergence failures =       0
  No. error test failures =       0
  Last step size used =    0.28226E+07
  Index compenent largest error = ********

 ...   21 / 132

 No. steps =      45   No. f-s =     724   No. J-s =       1   No. LU-s =      10
  No. nonlinear iterations =      53
  No. nonlinear convergence failures =       0
  No. error test failures =       0
  Last step size used =    0.30835E+07
  Index compenent largest error = ********

 ...   22 / 132

 No. steps =      46   No. f-s =     725   No. J-s =       1   No. LU-s =      10
  No. nonlinear iterations =      54
  No. nonlinear convergence failures =       0
  No. error test failures =       0
  Last step size used =    0.33967E+07
  Index compenent largest error = ********

 ...   23 / 132

 No. steps =      45   No. f-s =     723   No. J-s =       1   No. LU-s =      10
  No. nonlinear iterations =      52
  No. nonlinear convergence failures =       0
  No. error test failures =       0
  Last step size used =    0.38839E+07
  Index compenent largest error = ********

 ...   24 / 132

 No. steps =      44   No. f-s =     722   No. J-s =       1   No. LU-s =      10
  No. nonlinear iterations =      51
  No. nonlinear convergence failures =       0
  No. error test failures =       0
  Last step size used =    0.41617E+07
  Index compenent largest error = ********

 ...   25 / 132

 No. steps =      42   No. f-s =     718   No. J-s =       1   No. LU-s =       9
  No. nonlinear iterations =      47
  No. nonlinear convergence failures =       0
  No. error test failures =       0
  Last step size used =    0.34185E+07
  Index compenent largest error = ********

 ...   26 / 132

 No. steps =      42   No. f-s =     719   No. J-s =       1   No. LU-s =       8
  No. nonlinear iterations =      48
  No. nonlinear convergence failures =       0
  No. error test failures =       0
  Last step size used =    0.32989E+07
  Index compenent largest error = ********

 ...   27 / 132

 No. steps =      41   No. f-s =     719   No. J-s =       1   No. LU-s =       8
  No. nonlinear iterations =      48
  No. nonlinear convergence failures =       0
  No. error test failures =       0
  Last step size used =    0.30201E+07
  Index compenent largest error = ********

 ...   28 / 132

 No. steps =      42   No. f-s =     719   No. J-s =       1   No. LU-s =       8
  No. nonlinear iterations =      48
  No. nonlinear convergence failures =       0
  No. error test failures =       0
  Last step size used =    0.38786E+07
  Index compenent largest error = ********

 ...   29 / 132

 No. steps =      41   No. f-s =     719   No. J-s =       1   No. LU-s =       9
  No. nonlinear iterations =      48
  No. nonlinear convergence failures =       0
  No. error test failures =       0
  Last step size used =    0.48000E+07
  Index compenent largest error = ********

 ...   30 / 132

 No. steps =      40   No. f-s =     718   No. J-s =       1   No. LU-s =       8
  No. nonlinear iterations =      47
  No. nonlinear convergence failures =       0
  No. error test failures =       0
  Last step size used =    0.33259E+07
  Index compenent largest error = ********

 ...   31 / 132

 No. steps =      39   No. f-s =     717   No. J-s =       1   No. LU-s =       8
  No. nonlinear iterations =      46
  No. nonlinear convergence failures =       0
  No. error test failures =       0
  Last step size used =    0.36374E+07
  Index compenent largest error = ********

 ...   32 / 132

 No. steps =      38   No. f-s =     716   No. J-s =       1   No. LU-s =       7
  No. nonlinear iterations =      45
  No. nonlinear convergence failures =       0
  No. error test failures =       0
  Last step size used =    0.39188E+07
  Index compenent largest error = ********

 ...   33 / 132

 No. steps =      35   No. f-s =     713   No. J-s =       1   No. LU-s =       9
  No. nonlinear iterations =      42
  No. nonlinear convergence failures =       0
  No. error test failures =       0
  Last step size used =    0.63165E+07
  Index compenent largest error = ********

 ...   34 / 132

 No. steps =      36   No. f-s =     714   No. J-s =       1   No. LU-s =       8
  No. nonlinear iterations =      43
  No. nonlinear convergence failures =       0
  No. error test failures =       0
  Last step size used =    0.45061E+07
  Index compenent largest error = ********

 ...   35 / 132

 No. steps =      36   No. f-s =     713   No. J-s =       1   No. LU-s =       9
  No. nonlinear iterations =      42
  No. nonlinear convergence failures =       0
  No. error test failures =       0
  Last step size used =    0.41037E+07
  Index compenent largest error = ********

 ...   36 / 132

 No. steps =      36   No. f-s =     713   No. J-s =       1   No. LU-s =       9
  No. nonlinear iterations =      42
  No. nonlinear convergence failures =       0
  No. error test failures =       0
  Last step size used =    0.54145E+07
  Index compenent largest error = ********

 ...   37 / 132

 No. steps =      35   No. f-s =     711   No. J-s =       1   No. LU-s =       9
  No. nonlinear iterations =      40
  No. nonlinear convergence failures =       0
  No. error test failures =       0
  Last step size used =    0.52898E+07
  Index compenent largest error = ********

 ...   38 / 132

 No. steps =      31   No. f-s =     707   No. J-s =       1   No. LU-s =       8
  No. nonlinear iterations =      36
  No. nonlinear convergence failures =       0
  No. error test failures =       0
  Last step size used =    0.42425E+07
  Index compenent largest error = ********

 ...   39 / 132

 No. steps =      30   No. f-s =     706   No. J-s =       1   No. LU-s =       8
  No. nonlinear iterations =      35
  No. nonlinear convergence failures =       0
  No. error test failures =       0
  Last step size used =    0.54744E+07
  Index compenent largest error = ********

 ...   40 / 132

 No. steps =      32   No. f-s =     709   No. J-s =       1   No. LU-s =       9
  No. nonlinear iterations =      38
  No. nonlinear convergence failures =       0
  No. error test failures =       0
  Last step size used =    0.49083E+07
  Index compenent largest error = ********

 ...   41 / 132

 No. steps =      34   No. f-s =     710   No. J-s =       1   No. LU-s =       8
  No. nonlinear iterations =      39
  No. nonlinear convergence failures =       0
  No. error test failures =       0
  Last step size used =    0.41544E+07
  Index compenent largest error = ********

 ...   42 / 132

 No. steps =      39   No. f-s =     717   No. J-s =       1   No. LU-s =       9
  No. nonlinear iterations =      46
  No. nonlinear convergence failures =       0
  No. error test failures =       0
  Last step size used =    0.43682E+07
  Index compenent largest error = ********

 ...   43 / 132

 No. steps =      39   No. f-s =     716   No. J-s =       1   No. LU-s =       8
  No. nonlinear iterations =      45
  No. nonlinear convergence failures =       0
  No. error test failures =       0
  Last step size used =    0.42753E+07
  Index compenent largest error = ********

 ...   44 / 132

 No. steps =      43   No. f-s =     721   No. J-s =       1   No. LU-s =       9
  No. nonlinear iterations =      50
  No. nonlinear convergence failures =       0
  No. error test failures =       0
  Last step size used =    0.53245E+07
  Index compenent largest error = ********

 ...   45 / 132

 No. steps =      43   No. f-s =     722   No. J-s =       1   No. LU-s =       9
  No. nonlinear iterations =      51
  No. nonlinear convergence failures =       0
  No. error test failures =       0
  Last step size used =    0.53668E+07
  Index compenent largest error = ********

 ...   46 / 132

 No. steps =      43   No. f-s =     720   No. J-s =       1   No. LU-s =       8
  No. nonlinear iterations =      49
  No. nonlinear convergence failures =       0
  No. error test failures =       0
  Last step size used =    0.51075E+07
  Index compenent largest error = ********

 ...   47 / 132

 No. steps =      43   No. f-s =     720   No. J-s =       1   No. LU-s =       8
  No. nonlinear iterations =      49
  No. nonlinear convergence failures =       0
  No. error test failures =       0
  Last step size used =    0.43076E+07
  Index compenent largest error = ********

 ...   48 / 132

 No. steps =      43   No. f-s =     720   No. J-s =       1   No. LU-s =       8
  No. nonlinear iterations =      49
  No. nonlinear convergence failures =       0
  No. error test failures =       0
  Last step size used =    0.43714E+07
  Index compenent largest error = ********

 ...   49 / 132

 No. steps =      41   No. f-s =     719   No. J-s =       1   No. LU-s =       8
  No. nonlinear iterations =      48
  No. nonlinear convergence failures =       0
  No. error test failures =       0
  Last step size used =    0.43065E+07
  Index compenent largest error = ********

 ...   50 / 132

 No. steps =      40   No. f-s =     718   No. J-s =       1   No. LU-s =       8
  No. nonlinear iterations =      47
  No. nonlinear convergence failures =       0
  No. error test failures =       0
  Last step size used =    0.44163E+07
  Index compenent largest error = ********

 ...   51 / 132

 No. steps =      40   No. f-s =     718   No. J-s =       1   No. LU-s =       8
  No. nonlinear iterations =      47
  No. nonlinear convergence failures =       0
  No. error test failures =       0
  Last step size used =    0.39674E+07
  Index compenent largest error = ********

 ...   52 / 132

 No. steps =      40   No. f-s =     718   No. J-s =       1   No. LU-s =       8
  No. nonlinear iterations =      47
  No. nonlinear convergence failures =       0
  No. error test failures =       0
  Last step size used =    0.41832E+07
  Index compenent largest error = ********

 ...   53 / 132

 No. steps =      39   No. f-s =     718   No. J-s =       1   No. LU-s =       8
  No. nonlinear iterations =      47
  No. nonlinear convergence failures =       0
  No. error test failures =       0
  Last step size used =    0.44218E+07
  Index compenent largest error = ********

 ...   54 / 132

 No. steps =      39   No. f-s =     718   No. J-s =       1   No. LU-s =       8
  No. nonlinear iterations =      47
  No. nonlinear convergence failures =       0
  No. error test failures =       0
  Last step size used =    0.46849E+07
  Index compenent largest error = ********

 ...   55 / 132

 No. steps =      39   No. f-s =     718   No. J-s =       1   No. LU-s =       8
  No. nonlinear iterations =      47
  No. nonlinear convergence failures =       0
  No. error test failures =       0
  Last step size used =    0.46027E+07
  Index compenent largest error = ********

 ...   56 / 132

 No. steps =      39   No. f-s =     717   No. J-s =       1   No. LU-s =       8
  No. nonlinear iterations =      46
  No. nonlinear convergence failures =       0
  No. error test failures =       0
  Last step size used =    0.39668E+07
  Index compenent largest error = ********

 ...   57 / 132

 No. steps =      39   No. f-s =     717   No. J-s =       1   No. LU-s =       8
  No. nonlinear iterations =      46
  No. nonlinear convergence failures =       0
  No. error test failures =       0
  Last step size used =    0.39466E+07
  Index compenent largest error = ********

 ...   58 / 132

 No. steps =      38   No. f-s =     716   No. J-s =       1   No. LU-s =       8
  No. nonlinear iterations =      45
  No. nonlinear convergence failures =       0
  No. error test failures =       0
  Last step size used =    0.40272E+07
  Index compenent largest error = ********

 ...   59 / 132

 No. steps =      38   No. f-s =     716   No. J-s =       1   No. LU-s =       8
  No. nonlinear iterations =      45
  No. nonlinear convergence failures =       0
  No. error test failures =       0
  Last step size used =    0.40581E+07
  Index compenent largest error = ********

 ...   60 / 132

 No. steps =      38   No. f-s =     716   No. J-s =       1   No. LU-s =       8
  No. nonlinear iterations =      45
  No. nonlinear convergence failures =       0
  No. error test failures =       0
  Last step size used =    0.42894E+07
  Index compenent largest error = ********

 ...   61 / 132

 No. steps =      37   No. f-s =     715   No. J-s =       1   No. LU-s =       8
  No. nonlinear iterations =      44
  No. nonlinear convergence failures =       0
  No. error test failures =       0
  Last step size used =    0.52709E+07
  Index compenent largest error = ********

 ...   62 / 132

 No. steps =      38   No. f-s =     716   No. J-s =       1   No. LU-s =       8
  No. nonlinear iterations =      45
  No. nonlinear convergence failures =       0
  No. error test failures =       0
  Last step size used =    0.43266E+07
  Index compenent largest error = ********

 ...   63 / 132

 No. steps =      38   No. f-s =     714   No. J-s =       1   No. LU-s =       7
  No. nonlinear iterations =      43
  No. nonlinear convergence failures =       0
  No. error test failures =       0
  Last step size used =    0.37908E+07
  Index compenent largest error = ********

 ...   64 / 132

 No. steps =      36   No. f-s =     714   No. J-s =       1   No. LU-s =       8
  No. nonlinear iterations =      43
  No. nonlinear convergence failures =       0
  No. error test failures =       0
  Last step size used =    0.55814E+07
  Index compenent largest error = ********

 ...   65 / 132

 No. steps =      36   No. f-s =     714   No. J-s =       1   No. LU-s =       8
  No. nonlinear iterations =      43
  No. nonlinear convergence failures =       0
  No. error test failures =       0
  Last step size used =    0.56010E+07
  Index compenent largest error = ********

 ...   66 / 132

 No. steps =      37   No. f-s =     712   No. J-s =       1   No. LU-s =       8
  No. nonlinear iterations =      41
  No. nonlinear convergence failures =       0
  No. error test failures =       0
  Last step size used =    0.45207E+07
  Index compenent largest error = ********

 ...   67 / 132

 No. steps =      37   No. f-s =     712   No. J-s =       1   No. LU-s =       7
  No. nonlinear iterations =      41
  No. nonlinear convergence failures =       0
  No. error test failures =       0
  Last step size used =    0.41810E+07
  Index compenent largest error = ********

 ...   68 / 132

 No. steps =      37   No. f-s =     713   No. J-s =       1   No. LU-s =       8
  No. nonlinear iterations =      42
  No. nonlinear convergence failures =       0
  No. error test failures =       0
  Last step size used =    0.42353E+07
  Index compenent largest error = ********

 ...   69 / 132

 No. steps =      37   No. f-s =     713   No. J-s =       1   No. LU-s =       8
  No. nonlinear iterations =      42
  No. nonlinear convergence failures =       0
  No. error test failures =       0
  Last step size used =    0.42736E+07
  Index compenent largest error = ********

 ...   70 / 132

 No. steps =      34   No. f-s =     711   No. J-s =       1   No. LU-s =       8
  No. nonlinear iterations =      40
  No. nonlinear convergence failures =       0
  No. error test failures =       0
  Last step size used =    0.49687E+07
  Index compenent largest error = ********

 ...   71 / 132

 No. steps =      35   No. f-s =     712   No. J-s =       1   No. LU-s =       8
  No. nonlinear iterations =      41
  No. nonlinear convergence failures =       0
  No. error test failures =       0
  Last step size used =    0.48176E+07
  Index compenent largest error = ********

 ...   72 / 132

 No. steps =      33   No. f-s =     708   No. J-s =       1   No. LU-s =       7
  No. nonlinear iterations =      37
  No. nonlinear convergence failures =       0
  No. error test failures =       0
  Last step size used =    0.50925E+07
  Index compenent largest error = ********

 ...   73 / 132

 No. steps =      31   No. f-s =     707   No. J-s =       1   No. LU-s =       7
  No. nonlinear iterations =      36
  No. nonlinear convergence failures =       0
  No. error test failures =       0
  Last step size used =    0.60093E+07
  Index compenent largest error = ********

 ...   74 / 132

 No. steps =      33   No. f-s =     708   No. J-s =       1   No. LU-s =       7
  No. nonlinear iterations =      37
  No. nonlinear convergence failures =       0
  No. error test failures =       0
  Last step size used =    0.53133E+07
  Index compenent largest error = ********

 ...   75 / 132

 No. steps =      34   No. f-s =     711   No. J-s =       1   No. LU-s =       8
  No. nonlinear iterations =      40
  No. nonlinear convergence failures =       0
  No. error test failures =       0
  Last step size used =    0.52879E+07
  Index compenent largest error = ********

 ...   76 / 132

 No. steps =      32   No. f-s =     707   No. J-s =       1   No. LU-s =       6
  No. nonlinear iterations =      36
  No. nonlinear convergence failures =       0
  No. error test failures =       0
  Last step size used =    0.35607E+07
  Index compenent largest error = ********

 ...   77 / 132

 No. steps =      32   No. f-s =     709   No. J-s =       1   No. LU-s =       7
  No. nonlinear iterations =      38
  No. nonlinear convergence failures =       0
  No. error test failures =       0
  Last step size used =    0.43352E+07
  Index compenent largest error = ********

 ...   78 / 132

 No. steps =      31   No. f-s =     706   No. J-s =       1   No. LU-s =       6
  No. nonlinear iterations =      35
  No. nonlinear convergence failures =       0
  No. error test failures =       0
  Last step size used =    0.38297E+07
  Index compenent largest error = ********

 ...   79 / 132

 No. steps =      28   No. f-s =     704   No. J-s =       1   No. LU-s =       7
  No. nonlinear iterations =      33
  No. nonlinear convergence failures =       0
  No. error test failures =       0
  Last step size used =    0.62197E+07
  Index compenent largest error = ********

 ...   80 / 132

 No. steps =      30   No. f-s =     707   No. J-s =       1   No. LU-s =       7
  No. nonlinear iterations =      36
  No. nonlinear convergence failures =       0
  No. error test failures =       0
  Last step size used =    0.51408E+07
  Index compenent largest error = ********

 ...   81 / 132

 No. steps =      30   No. f-s =     707   No. J-s =       1   No. LU-s =       7
  No. nonlinear iterations =      36
  No. nonlinear convergence failures =       0
  No. error test failures =       0
  Last step size used =    0.51503E+07
  Index compenent largest error = ********

 ...   82 / 132

 No. steps =      30   No. f-s =     707   No. J-s =       1   No. LU-s =       7
  No. nonlinear iterations =      36
  No. nonlinear convergence failures =       0
  No. error test failures =       0
  Last step size used =    0.52231E+07
  Index compenent largest error = ********

 ...   83 / 132

 No. steps =      27   No. f-s =     703   No. J-s =       1   No. LU-s =       7
  No. nonlinear iterations =      32
  No. nonlinear convergence failures =       0
  No. error test failures =       0
  Last step size used =    0.76325E+07
  Index compenent largest error = ********

 ...   84 / 132

 No. steps =      27   No. f-s =     703   No. J-s =       1   No. LU-s =       7
  No. nonlinear iterations =      32
  No. nonlinear convergence failures =       0
  No. error test failures =       0
  Last step size used =    0.75529E+07
  Index compenent largest error = ********

 ...   85 / 132

 No. steps =      29   No. f-s =     706   No. J-s =       1   No. LU-s =       7
  No. nonlinear iterations =      35
  No. nonlinear convergence failures =       0
  No. error test failures =       0
  Last step size used =    0.54865E+07
  Index compenent largest error = ********

 ...   86 / 132

 No. steps =      27   No. f-s =     703   No. J-s =       1   No. LU-s =       7
  No. nonlinear iterations =      32
  No. nonlinear convergence failures =       0
  No. error test failures =       0
  Last step size used =    0.80919E+07
  Index compenent largest error = ********

 ...   87 / 132

 No. steps =      29   No. f-s =     706   No. J-s =       1   No. LU-s =       7
  No. nonlinear iterations =      35
  No. nonlinear convergence failures =       0
  No. error test failures =       0
  Last step size used =    0.58482E+07
  Index compenent largest error = ********

 ...   88 / 132

 No. steps =      27   No. f-s =     703   No. J-s =       1   No. LU-s =       7
  No. nonlinear iterations =      32
  No. nonlinear convergence failures =       0
  No. error test failures =       0
  Last step size used =    0.81739E+07
  Index compenent largest error = ********

 ...   89 / 132

 No. steps =      26   No. f-s =     701   No. J-s =       1   No. LU-s =       6
  No. nonlinear iterations =      30
  No. nonlinear convergence failures =       0
  No. error test failures =       0
  Last step size used =    0.53706E+07
  Index compenent largest error = ********

 ...   90 / 132

 No. steps =      25   No. f-s =     700   No. J-s =       1   No. LU-s =       6
  No. nonlinear iterations =      29
  No. nonlinear convergence failures =       0
  No. error test failures =       0
  Last step size used =    0.57360E+07
  Index compenent largest error = ********

 ...   91 / 132

 No. steps =      25   No. f-s =     700   No. J-s =       1   No. LU-s =       6
  No. nonlinear iterations =      29
  No. nonlinear convergence failures =       0
  No. error test failures =       0
  Last step size used =    0.60369E+07
  Index compenent largest error = ********

 ...   92 / 132

 No. steps =      25   No. f-s =     700   No. J-s =       1   No. LU-s =       6
  No. nonlinear iterations =      29
  No. nonlinear convergence failures =       0
  No. error test failures =       0
  Last step size used =    0.58330E+07
  Index compenent largest error = ********

 ...   93 / 132

 No. steps =      25   No. f-s =     700   No. J-s =       1   No. LU-s =       6
  No. nonlinear iterations =      29
  No. nonlinear convergence failures =       0
  No. error test failures =       0
  Last step size used =    0.61645E+07
  Index compenent largest error = ********

 ...   94 / 132

 No. steps =      24   No. f-s =     699   No. J-s =       1   No. LU-s =       5
  No. nonlinear iterations =      28
  No. nonlinear convergence failures =       0
  No. error test failures =       0
  Last step size used =    0.45513E+07
  Index compenent largest error = ********

 ...   95 / 132

 No. steps =      25   No. f-s =     700   No. J-s =       1   No. LU-s =       5
  No. nonlinear iterations =      29
  No. nonlinear convergence failures =       0
  No. error test failures =       0
  Last step size used =    0.43296E+07
  Index compenent largest error = ********

 ...   96 / 132

 No. steps =      26   No. f-s =     702   No. J-s =       1   No. LU-s =       6
  No. nonlinear iterations =      31
  No. nonlinear convergence failures =       0
  No. error test failures =       0
  Last step size used =    0.55326E+07
  Index compenent largest error = ********

 ...   97 / 132

 No. steps =      22   No. f-s =     698   No. J-s =       1   No. LU-s =       7
  No. nonlinear iterations =      27
  No. nonlinear convergence failures =       0
  No. error test failures =       0
  Last step size used =    0.80519E+07
  Index compenent largest error = ********

 ...   98 / 132

 No. steps =      26   No. f-s =     702   No. J-s =       1   No. LU-s =       6
  No. nonlinear iterations =      31
  No. nonlinear convergence failures =       0
  No. error test failures =       0
  Last step size used =    0.54634E+07
  Index compenent largest error = ********

 ...   99 / 132

 No. steps =      24   No. f-s =     699   No. J-s =       1   No. LU-s =       5
  No. nonlinear iterations =      28
  No. nonlinear convergence failures =       0
  No. error test failures =       0
  Last step size used =    0.46863E+07
  Index compenent largest error = ********

 ...  100 / 132

 No. steps =      24   No. f-s =     699   No. J-s =       1   No. LU-s =       5
  No. nonlinear iterations =      28
  No. nonlinear convergence failures =       0
  No. error test failures =       0
  Last step size used =    0.46273E+07
  Index compenent largest error = ********

 ...  101 / 132

 No. steps =      22   No. f-s =     698   No. J-s =       1   No. LU-s =       7
  No. nonlinear iterations =      27
  No. nonlinear convergence failures =       0
  No. error test failures =       0
  Last step size used =    0.68047E+07
  Index compenent largest error = ********

 ...  102 / 132

 No. steps =      22   No. f-s =     698   No. J-s =       1   No. LU-s =       7
  No. nonlinear iterations =      27
  No. nonlinear convergence failures =       0
  No. error test failures =       0
  Last step size used =    0.72477E+07
  Index compenent largest error = ********

 ...  103 / 132

 No. steps =      22   No. f-s =     698   No. J-s =       1   No. LU-s =       7
  No. nonlinear iterations =      27
  No. nonlinear convergence failures =       0
  No. error test failures =       0
  Last step size used =    0.72281E+07
  Index compenent largest error = ********

 ...  104 / 132

 No. steps =      22   No. f-s =     698   No. J-s =       1   No. LU-s =       7
  No. nonlinear iterations =      27
  No. nonlinear convergence failures =       0
  No. error test failures =       0
  Last step size used =    0.70720E+07
  Index compenent largest error = ********

 ...  105 / 132

 No. steps =      22   No. f-s =     698   No. J-s =       1   No. LU-s =       7
  No. nonlinear iterations =      27
  No. nonlinear convergence failures =       0
  No. error test failures =       0
  Last step size used =    0.69954E+07
  Index compenent largest error = ********

 ...  106 / 132

 No. steps =      22   No. f-s =     698   No. J-s =       1   No. LU-s =       7
  No. nonlinear iterations =      27
  No. nonlinear convergence failures =       0
  No. error test failures =       0
  Last step size used =    0.70896E+07
  Index compenent largest error = ********

 ...  107 / 132

 No. steps =      24   No. f-s =     699   No. J-s =       1   No. LU-s =       5
  No. nonlinear iterations =      28
  No. nonlinear convergence failures =       0
  No. error test failures =       0
  Last step size used =    0.45731E+07
  Index compenent largest error = ********

 ...  108 / 132

 No. steps =      22   No. f-s =     698   No. J-s =       1   No. LU-s =       7
  No. nonlinear iterations =      27
  No. nonlinear convergence failures =       0
  No. error test failures =       0
  Last step size used =    0.70008E+07
  Index compenent largest error = ********

 ...  109 / 132

 No. steps =      22   No. f-s =     698   No. J-s =       1   No. LU-s =       7
  No. nonlinear iterations =      27
  No. nonlinear convergence failures =       0
  No. error test failures =       0
  Last step size used =    0.71140E+07
  Index compenent largest error = ********

 ...  110 / 132

 No. steps =      22   No. f-s =     698   No. J-s =       1   No. LU-s =       7
  No. nonlinear iterations =      27
  No. nonlinear convergence failures =       0
  No. error test failures =       0
  Last step size used =    0.72420E+07
  Index compenent largest error = ********

 ...  111 / 132

 No. steps =      22   No. f-s =     698   No. J-s =       1   No. LU-s =       7
  No. nonlinear iterations =      27
  No. nonlinear convergence failures =       0
  No. error test failures =       0
  Last step size used =    0.73908E+07
  Index compenent largest error = ********

 ...  112 / 132

 No. steps =      22   No. f-s =     698   No. J-s =       1   No. LU-s =       7
  No. nonlinear iterations =      27
  No. nonlinear convergence failures =       0
  No. error test failures =       0
  Last step size used =    0.76667E+07
  Index compenent largest error = ********

 ...  113 / 132

 No. steps =      22   No. f-s =     698   No. J-s =       1   No. LU-s =       7
  No. nonlinear iterations =      27
  No. nonlinear convergence failures =       0
  No. error test failures =       0
  Last step size used =    0.76888E+07
  Index compenent largest error = ********

 ...  114 / 132

 No. steps =      22   No. f-s =     698   No. J-s =       1   No. LU-s =       7
  No. nonlinear iterations =      27
  No. nonlinear convergence failures =       0
  No. error test failures =       0
  Last step size used =    0.79187E+07
  Index compenent largest error = ********

 ...  115 / 132

 No. steps =      22   No. f-s =     698   No. J-s =       1   No. LU-s =       7
  No. nonlinear iterations =      27
  No. nonlinear convergence failures =       0
  No. error test failures =       0
  Last step size used =    0.75845E+07
  Index compenent largest error = ********

 ...  116 / 132

 No. steps =      23   No. f-s =     698   No. J-s =       1   No. LU-s =       5
  No. nonlinear iterations =      27
  No. nonlinear convergence failures =       0
  No. error test failures =       0
  Last step size used =    0.50704E+07
  Index compenent largest error = ********

 ...  117 / 132

 No. steps =      22   No. f-s =     698   No. J-s =       1   No. LU-s =       7
  No. nonlinear iterations =      27
  No. nonlinear convergence failures =       0
  No. error test failures =       0
  Last step size used =    0.74573E+07
  Index compenent largest error = ********

 ...  118 / 132

 No. steps =      22   No. f-s =     698   No. J-s =       1   No. LU-s =       7
  No. nonlinear iterations =      27
  No. nonlinear convergence failures =       0
  No. error test failures =       0
  Last step size used =    0.74204E+07
  Index compenent largest error = ********

 ...  119 / 132

 No. steps =      22   No. f-s =     698   No. J-s =       1   No. LU-s =       7
  No. nonlinear iterations =      27
  No. nonlinear convergence failures =       0
  No. error test failures =       0
  Last step size used =    0.75271E+07
  Index compenent largest error = ********

 ...  120 / 132

 No. steps =      22   No. f-s =     698   No. J-s =       1   No. LU-s =       7
  No. nonlinear iterations =      27
  No. nonlinear convergence failures =       0
  No. error test failures =       0
  Last step size used =    0.77525E+07
  Index compenent largest error = ********

 ...  121 / 132

 No. steps =      21   No. f-s =     696   No. J-s =       1   No. LU-s =       7
  No. nonlinear iterations =      25
  No. nonlinear convergence failures =       0
  No. error test failures =       0
  Last step size used =    0.80314E+07
  Index compenent largest error = ********

 ...  122 / 132

 No. steps =      21   No. f-s =     696   No. J-s =       1   No. LU-s =       7
  No. nonlinear iterations =      25
  No. nonlinear convergence failures =       0
  No. error test failures =       0
  Last step size used =    0.81056E+07
  Index compenent largest error = ********

 ...  123 / 132

 No. steps =      22   No. f-s =     698   No. J-s =       1   No. LU-s =       7
  No. nonlinear iterations =      27
  No. nonlinear convergence failures =       0
  No. error test failures =       0
  Last step size used =    0.78069E+07
  Index compenent largest error = ********

 ...  124 / 132

 No. steps =      21   No. f-s =     696   No. J-s =       1   No. LU-s =       7
  No. nonlinear iterations =      25
  No. nonlinear convergence failures =       0
  No. error test failures =       0
  Last step size used =    0.88752E+07
  Index compenent largest error = ********

 ...  125 / 132

 No. steps =      22   No. f-s =     697   No. J-s =       1   No. LU-s =       5
  No. nonlinear iterations =      26
  No. nonlinear convergence failures =       0
  No. error test failures =       0
  Last step size used =    0.57072E+07
  Index compenent largest error = ********

 ...  126 / 132

 No. steps =      21   No. f-s =     696   No. J-s =       1   No. LU-s =       7
  No. nonlinear iterations =      25
  No. nonlinear convergence failures =       0
  No. error test failures =       0
  Last step size used =    0.78705E+07
  Index compenent largest error = ********

 ...  127 / 132

 No. steps =      21   No. f-s =     696   No. J-s =       1   No. LU-s =       7
  No. nonlinear iterations =      25
  No. nonlinear convergence failures =       0
  No. error test failures =       0
  Last step size used =    0.80051E+07
  Index compenent largest error = ********

 ...  128 / 132

 No. steps =      21   No. f-s =     696   No. J-s =       1   No. LU-s =       7
  No. nonlinear iterations =      25
  No. nonlinear convergence failures =       0
  No. error test failures =       0
  Last step size used =    0.82193E+07
  Index compenent largest error = ********

 ...  129 / 132

 No. steps =      21   No. f-s =     696   No. J-s =       1   No. LU-s =       7
  No. nonlinear iterations =      25
  No. nonlinear convergence failures =       0
  No. error test failures =       0
  Last step size used =    0.81670E+07
  Index compenent largest error = ********

 ...  130 / 132

 No. steps =      21   No. f-s =     696   No. J-s =       1   No. LU-s =       7
  No. nonlinear iterations =      25
  No. nonlinear convergence failures =       0
  No. error test failures =       0
  Last step size used =    0.84048E+07
  Index compenent largest error = ********

 ...  131 / 132

 No. steps =      21   No. f-s =     696   No. J-s =       1   No. LU-s =       7
  No. nonlinear iterations =      25
  No. nonlinear convergence failures =       0
  No. error test failures =       0
  Last step size used =    0.85428E+07
  Index compenent largest error = ********

 ...  132 / 132

 No. steps =      21   No. f-s =     696   No. J-s =       1   No. LU-s =       7
  No. nonlinear iterations =      25
  No. nonlinear convergence failures =       0
  No. error test failures =       0
  Last step size used =    0.89730E+07
  Index compenent largest error = ********


    ... DONE!
 +++++++++++++++++++++++++++++++++++++++++++++++++++


+------------------ Job Report: 10176622 (COMPLETED) ------------------+
| Memory (RAM)  No data available                                      |
| CPU           [########            ] 43.8% average                   |
| Time          [>                   ]  0.9% (0-00:00:32 / 0-01:00:00) |
|                                                                      |
| Lustre Filesystem:                                                   |
|   No data available                                                  |
+----------------------------------------------------------------------+
