Starting job 10175762, array task 450 on dave34
Chemistry type: Orich
Analysis mode: false
Found 462 valid particle IDs in /fred/oz304/beckers/Chemistry/traces/wind_v10/trace_output_with_av
Returning 460 particle IDs (after start_index=2 offset)
SLURM task 450: processing particle 4051042
Running Orich evolving_model on 1 phantom particle trace(s) from wind_v10

 +++++++++++++++++++++++++++++++++++++++++++++++++++
 +++++        ENVELOPE CHEMICAL MODEL         ++++++
 +++++++++++++++++++++++++++++++++++++++++++++++++++

 Version 1.0 authored by Catherine Walsh and Maria 
    Drozdovskaya, Leiden Observatory (01/08/2013)

 Version 1.1 amended by Catherine Walsh (18/05/2014)

 Version 1.2 amended by Catherine Walsh (13/08/2015)

 +++++++++++++++++++++++++++++++++++++++++++++++++++

          Input file =  Orich/param/trace_file_param/file_parameters_4051042.txt              

 Physical conditions  = Orich/input/4051042.txt                                               
 Chemical network     = ./rate12_complex.rates                                                
 Species file         = ./rate12_complex_atomic_Orich.specs                                   
 Binding energies     = ./rate12_binding.dat                                                  
 Reaction parameters  = param/reaction_parameters.txt                                         
 Grain parameters     = param/grain_parameters.txt                                            
 Radiation parameters = param/radiation_parameters.txt                                        

 Output file          = Orich/output/model_output_4051042.dat                                 
 Rates file           = Orich/output/model_rates_4051042.dat                                  

 Opening and reading physical conditions file ...

 +++++++++++++++++++++++++++++++++++++++++++++++++++
 Beginning to run model ...
 +++++++++++++++++++++++++++++++++++++++++++++++++++

 Preparing output files ...

 Progress = ...
 ...    1 /  33

 No. steps =    1215   No. f-s =   18517   No. J-s =      25   No. LU-s =     181
  No. nonlinear iterations =    1816
  No. nonlinear convergence failures =       0
  No. error test failures =      56
  Last step size used =    0.72799E+09
  Index compenent largest error = ********

 ...    2 /  33

 No. steps =      84   No. f-s =    1436   No. J-s =       2   No. LU-s =      17
  No. nonlinear iterations =      97
  No. nonlinear convergence failures =       0
  No. error test failures =       1
  Last step size used =    0.30456E+07
  Index compenent largest error = ********

 ...    3 /  33

 No. steps =      82   No. f-s =    1433   No. J-s =       2   No. LU-s =      15
  No. nonlinear iterations =      94
  No. nonlinear convergence failures =       0
  No. error test failures =       0
  Last step size used =    0.26817E+07
  Index compenent largest error = ********

 ...    4 /  33

 No. steps =      94   No. f-s =    1450   No. J-s =       2   No. LU-s =      18
  No. nonlinear iterations =     111
  No. nonlinear convergence failures =       0
  No. error test failures =       1
  Last step size used =    0.26466E+07
  Index compenent largest error = ********

 ...    5 /  33

 No. steps =     105   No. f-s =    2139   No. J-s =       3   No. LU-s =      20
  No. nonlinear iterations =     132
  No. nonlinear convergence failures =       0
  No. error test failures =       1
  Last step size used =    0.16766E+07
  Index compenent largest error = ********

 ...    6 /  33

 No. steps =     119   No. f-s =    2154   No. J-s =       3   No. LU-s =      17
  No. nonlinear iterations =     147
  No. nonlinear convergence failures =       0
  No. error test failures =       1
  Last step size used =    0.11504E+07
  Index compenent largest error = ********

 ...    7 /  33

 No. steps =     114   No. f-s =    2154   No. J-s =       3   No. LU-s =      20
  No. nonlinear iterations =     147
  No. nonlinear convergence failures =       0
  No. error test failures =       5
  Last step size used =    0.46162E+06
  Index compenent largest error = ********

 ...    8 /  33

 No. steps =      82   No. f-s =    1433   No. J-s =       2   No. LU-s =      15
  No. nonlinear iterations =      94
  No. nonlinear convergence failures =       0
  No. error test failures =       0
  Last step size used =    0.23048E+07
  Index compenent largest error = ********

 ...    9 /  33

 No. steps =      93   No. f-s =    1444   No. J-s =       2   No. LU-s =      16
  No. nonlinear iterations =     105
  No. nonlinear convergence failures =       0
  No. error test failures =       0
  Last step size used =    0.23839E+07
  Index compenent largest error = ********

 ...   10 /  33

 No. steps =      89   No. f-s =    1445   No. J-s =       2   No. LU-s =      17
  No. nonlinear iterations =     106
  No. nonlinear convergence failures =       0
  No. error test failures =       1
  Last step size used =    0.25859E+07
  Index compenent largest error = ********

 ...   11 /  33

 No. steps =      85   No. f-s =    1441   No. J-s =       2   No. LU-s =      16
  No. nonlinear iterations =     102
  No. nonlinear convergence failures =       0
  No. error test failures =       1
  Last step size used =    0.34611E+07
  Index compenent largest error = ********

 ...   12 /  33

 No. steps =      82   No. f-s =    1433   No. J-s =       2   No. LU-s =      17
  No. nonlinear iterations =      94
  No. nonlinear convergence failures =       0
  No. error test failures =       0
  Last step size used =    0.36194E+07
  Index compenent largest error = ********

 ...   13 /  33

 No. steps =      78   No. f-s =    1430   No. J-s =       2   No. LU-s =      15
  No. nonlinear iterations =      91
  No. nonlinear convergence failures =       0
  No. error test failures =       0
  Last step size used =    0.30209E+07
  Index compenent largest error = ********

 ...   14 /  33

 No. steps =      70   No. f-s =    1421   No. J-s =       2   No. LU-s =      13
  No. nonlinear iterations =      82
  No. nonlinear convergence failures =       0
  No. error test failures =       0
  Last step size used =    0.26046E+07
  Index compenent largest error = ********

 ...   15 /  33

 No. steps =      66   No. f-s =    1416   No. J-s =       2   No. LU-s =      13
  No. nonlinear iterations =      77
  No. nonlinear convergence failures =       0
  No. error test failures =       0
  Last step size used =    0.38365E+07
  Index compenent largest error = ********

 ...   16 /  33

 No. steps =      63   No. f-s =    1413   No. J-s =       2   No. LU-s =      12
  No. nonlinear iterations =      74
  No. nonlinear convergence failures =       0
  No. error test failures =       0
  Last step size used =    0.30128E+07
  Index compenent largest error = ********

 ...   17 /  33

 No. steps =      63   No. f-s =    1413   No. J-s =       2   No. LU-s =      13
  No. nonlinear iterations =      74
  No. nonlinear convergence failures =       0
  No. error test failures =       0
  Last step size used =    0.33465E+07
  Index compenent largest error = ********

 ...   18 /  33

 No. steps =      57   No. f-s =    1405   No. J-s =       2   No. LU-s =      13
  No. nonlinear iterations =      66
  No. nonlinear convergence failures =       0
  No. error test failures =       0
  Last step size used =    0.36958E+07
  Index compenent largest error = ********

 ...   19 /  33

 No. steps =      55   No. f-s =     734   No. J-s =       1   No. LU-s =      12
  No. nonlinear iterations =      63
  No. nonlinear convergence failures =       0
  No. error test failures =       0
  Last step size used =    0.30938E+07
  Index compenent largest error = ********

 ...   20 /  33

 No. steps =      73   No. f-s =    1424   No. J-s =       2   No. LU-s =      13
  No. nonlinear iterations =      85
  No. nonlinear convergence failures =       0
  No. error test failures =       0
  Last step size used =    0.26970E+07
  Index compenent largest error = ********

 ...   21 /  33

 No. steps =      75   No. f-s =    1430   No. J-s =       2   No. LU-s =      19
  No. nonlinear iterations =      91
  No. nonlinear convergence failures =       0
  No. error test failures =       2
  Last step size used =    0.31107E+07
  Index compenent largest error = ********

 ...   22 /  33

 No. steps =      38   No. f-s =     715   No. J-s =       1   No. LU-s =      10
  No. nonlinear iterations =      44
  No. nonlinear convergence failures =       0
  No. error test failures =       0
  Last step size used =    0.36023E+07
  Index compenent largest error = ********

 ...   23 /  33

 No. steps =      60   No. f-s =    1409   No. J-s =       2   No. LU-s =      12
  No. nonlinear iterations =      70
  No. nonlinear convergence failures =       0
  No. error test failures =       0
  Last step size used =    0.38014E+07
  Index compenent largest error = ********

 ...   24 /  33

 No. steps =      63   No. f-s =    1412   No. J-s =       2   No. LU-s =      13
  No. nonlinear iterations =      73
  No. nonlinear convergence failures =       0
  No. error test failures =       0
  Last step size used =    0.35335E+07
  Index compenent largest error = ********

 ...   25 /  33

 No. steps =      62   No. f-s =    1410   No. J-s =       2   No. LU-s =      12
  No. nonlinear iterations =      71
  No. nonlinear convergence failures =       0
  No. error test failures =       0
  Last step size used =    0.27571E+07
  Index compenent largest error = ********

 ...   26 /  33

 No. steps =      58   No. f-s =    1408   No. J-s =       2   No. LU-s =      11
  No. nonlinear iterations =      69
  No. nonlinear convergence failures =       0
  No. error test failures =       0
  Last step size used =    0.35059E+07
  Index compenent largest error = ********

 ...   27 /  33

 No. steps =      57   No. f-s =    1405   No. J-s =       2   No. LU-s =      12
  No. nonlinear iterations =      66
  No. nonlinear convergence failures =       0
  No. error test failures =       0
  Last step size used =    0.38310E+07
  Index compenent largest error = ********

 ...   28 /  33

 No. steps =      56   No. f-s =    1406   No. J-s =       2   No. LU-s =      12
  No. nonlinear iterations =      67
  No. nonlinear convergence failures =       0
  No. error test failures =       0
  Last step size used =    0.31512E+07
  Index compenent largest error = ********

 ...   29 /  33

 No. steps =      56   No. f-s =    1403   No. J-s =       2   No. LU-s =      11
  No. nonlinear iterations =      64
  No. nonlinear convergence failures =       0
  No. error test failures =       0
  Last step size used =    0.31619E+07
  Index compenent largest error = ********

 ...   30 /  33

 No. steps =      56   No. f-s =    1408   No. J-s =       2   No. LU-s =      14
  No. nonlinear iterations =      69
  No. nonlinear convergence failures =       0
  No. error test failures =       1
  Last step size used =    0.32281E+07
  Index compenent largest error = ********

 ...   31 /  33

 No. steps =      50   No. f-s =     732   No. J-s =       1   No. LU-s =      12
  No. nonlinear iterations =      61
  No. nonlinear convergence failures =       0
  No. error test failures =       0
  Last step size used =    0.36197E+07
  Index compenent largest error = ********

 ...   32 /  33

 No. steps =      50   No. f-s =     728   No. J-s =       1   No. LU-s =      11
  No. nonlinear iterations =      57
  No. nonlinear convergence failures =       0
  No. error test failures =       0
  Last step size used =    0.39402E+07
  Index compenent largest error = ********

 ...   33 /  33

 No. steps =      48   No. f-s =     727   No. J-s =       1   No. LU-s =       9
  No. nonlinear iterations =      56
  No. nonlinear convergence failures =       0
  No. error test failures =       0
  Last step size used =    0.26168E+07
  Index compenent largest error = ********


    ... DONE!
 +++++++++++++++++++++++++++++++++++++++++++++++++++


+------------------ Job Report: 10176651 (COMPLETED) ------------------+
| Memory (RAM)  No data available                                      |
| CPU           [######              ] 33.3% average                   |
| Time          [>                   ]  0.6% (0-00:00:21 / 0-01:00:00) |
|                                                                      |
| Lustre Filesystem:                                                   |
|   No data available                                                  |
+----------------------------------------------------------------------+
