Starting job 10175762, array task 398 on dave36
Chemistry type: Orich
Analysis mode: false
Found 462 valid particle IDs in /fred/oz304/beckers/Chemistry/traces/wind_v10/trace_output_with_av
Returning 460 particle IDs (after start_index=2 offset)
SLURM task 398: processing particle 3604240
Running Orich evolving_model on 1 phantom particle trace(s) from wind_v10

 +++++++++++++++++++++++++++++++++++++++++++++++++++
 +++++        ENVELOPE CHEMICAL MODEL         ++++++
 +++++++++++++++++++++++++++++++++++++++++++++++++++

 Version 1.0 authored by Catherine Walsh and Maria 
    Drozdovskaya, Leiden Observatory (01/08/2013)

 Version 1.1 amended by Catherine Walsh (18/05/2014)

 Version 1.2 amended by Catherine Walsh (13/08/2015)

 +++++++++++++++++++++++++++++++++++++++++++++++++++

          Input file =  Orich/param/trace_file_param/file_parameters_3604240.txt              

 Physical conditions  = Orich/input/3604240.txt                                               
 Chemical network     = ./rate12_complex.rates                                                
 Species file         = ./rate12_complex_atomic_Orich.specs                                   
 Binding energies     = ./rate12_binding.dat                                                  
 Reaction parameters  = param/reaction_parameters.txt                                         
 Grain parameters     = param/grain_parameters.txt                                            
 Radiation parameters = param/radiation_parameters.txt                                        

 Output file          = Orich/output/model_output_3604240.dat                                 
 Rates file           = Orich/output/model_rates_3604240.dat                                  

 Opening and reading physical conditions file ...

 +++++++++++++++++++++++++++++++++++++++++++++++++++
 Beginning to run model ...
 +++++++++++++++++++++++++++++++++++++++++++++++++++

 Preparing output files ...

 Progress = ...
 ...    1 / 206

 No. steps =    1155   No. f-s =   17776   No. J-s =      24   No. LU-s =     181
  No. nonlinear iterations =    1743
  No. nonlinear convergence failures =       0
  No. error test failures =      59
  Last step size used =    0.47405E+09
  Index compenent largest error = ********

 ...    2 / 206

 No. steps =     188   No. f-s =    2935   No. J-s =       4   No. LU-s =      37
  No. nonlinear iterations =     260
  No. nonlinear convergence failures =       0
  No. error test failures =       6
  Last step size used =    0.15191E+07
  Index compenent largest error = ********

 ...    3 / 206

 No. steps =     107   No. f-s =    1465   No. J-s =       2   No. LU-s =      19
  No. nonlinear iterations =     126
  No. nonlinear convergence failures =       0
  No. error test failures =       1
  Last step size used =    0.23645E+07
  Index compenent largest error = ********

 ...    4 / 206

 No. steps =     105   No. f-s =    1464   No. J-s =       2   No. LU-s =      21
  No. nonlinear iterations =     125
  No. nonlinear convergence failures =       0
  No. error test failures =       2
  Last step size used =    0.24242E+07
  Index compenent largest error = ********

 ...    5 / 206

 No. steps =      93   No. f-s =    1449   No. J-s =       2   No. LU-s =      16
  No. nonlinear iterations =     110
  No. nonlinear convergence failures =       0
  No. error test failures =       0
  Last step size used =    0.25794E+07
  Index compenent largest error = ********

 ...    6 / 206

 No. steps =      84   No. f-s =    1434   No. J-s =       2   No. LU-s =      15
  No. nonlinear iterations =      95
  No. nonlinear convergence failures =       0
  No. error test failures =       0
  Last step size used =    0.26209E+07
  Index compenent largest error = ********

 ...    7 / 206

 No. steps =      76   No. f-s =    1427   No. J-s =       2   No. LU-s =      15
  No. nonlinear iterations =      88
  No. nonlinear convergence failures =       0
  No. error test failures =       0
  Last step size used =    0.43156E+07
  Index compenent largest error = ********

 ...    8 / 206

 No. steps =      71   No. f-s =    1421   No. J-s =       2   No. LU-s =      16
  No. nonlinear iterations =      82
  No. nonlinear convergence failures =       0
  No. error test failures =       0
  Last step size used =    0.40741E+07
  Index compenent largest error = ********

 ...    9 / 206

 No. steps =      63   No. f-s =    1413   No. J-s =       2   No. LU-s =      14
  No. nonlinear iterations =      74
  No. nonlinear convergence failures =       0
  No. error test failures =       0
  Last step size used =    0.35959E+07
  Index compenent largest error = ********

 ...   10 / 206

 No. steps =      59   No. f-s =    1408   No. J-s =       2   No. LU-s =      13
  No. nonlinear iterations =      69
  No. nonlinear convergence failures =       0
  No. error test failures =       0
  Last step size used =    0.44989E+07
  Index compenent largest error = ********

 ...   11 / 206

 No. steps =      56   No. f-s =    1405   No. J-s =       2   No. LU-s =      12
  No. nonlinear iterations =      66
  No. nonlinear convergence failures =       0
  No. error test failures =       0
  Last step size used =    0.37244E+07
  Index compenent largest error = ********

 ...   12 / 206

 No. steps =      50   No. f-s =     732   No. J-s =       1   No. LU-s =      11
  No. nonlinear iterations =      61
  No. nonlinear convergence failures =       0
  No. error test failures =       0
  Last step size used =    0.33306E+07
  Index compenent largest error = ********

 ...   13 / 206

 No. steps =      50   No. f-s =     728   No. J-s =       1   No. LU-s =      12
  No. nonlinear iterations =      57
  No. nonlinear convergence failures =       0
  No. error test failures =       0
  Last step size used =    0.44034E+07
  Index compenent largest error = ********

 ...   14 / 206

 No. steps =      43   No. f-s =     721   No. J-s =       1   No. LU-s =       9
  No. nonlinear iterations =      50
  No. nonlinear convergence failures =       0
  No. error test failures =       0
  Last step size used =    0.33729E+07
  Index compenent largest error = ********

 ...   15 / 206

 No. steps =      41   No. f-s =     719   No. J-s =       1   No. LU-s =       9
  No. nonlinear iterations =      48
  No. nonlinear convergence failures =       0
  No. error test failures =       0
  Last step size used =    0.57002E+07
  Index compenent largest error = ********

 ...   16 / 206

 No. steps =      46   No. f-s =     723   No. J-s =       1   No. LU-s =      11
  No. nonlinear iterations =      52
  No. nonlinear convergence failures =       0
  No. error test failures =       0
  Last step size used =    0.47670E+07
  Index compenent largest error = ********

 ...   17 / 206

 No. steps =      56   No. f-s =     740   No. J-s =       1   No. LU-s =      11
  No. nonlinear iterations =      69
  No. nonlinear convergence failures =       0
  No. error test failures =       0
  Last step size used =    0.33280E+07
  Index compenent largest error = ********

 ...   18 / 206

 No. steps =      57   No. f-s =    1406   No. J-s =       2   No. LU-s =      12
  No. nonlinear iterations =      67
  No. nonlinear convergence failures =       0
  No. error test failures =       0
  Last step size used =    0.41327E+07
  Index compenent largest error = ********

 ...   19 / 206

 No. steps =      46   No. f-s =     725   No. J-s =       1   No. LU-s =      12
  No. nonlinear iterations =      54
  No. nonlinear convergence failures =       0
  No. error test failures =       0
  Last step size used =    0.45708E+07
  Index compenent largest error = ********

 ...   20 / 206

 No. steps =      46   No. f-s =     723   No. J-s =       1   No. LU-s =      11
  No. nonlinear iterations =      52
  No. nonlinear convergence failures =       0
  No. error test failures =       0
  Last step size used =    0.41648E+07
  Index compenent largest error = ********

 ...   21 / 206

 No. steps =      45   No. f-s =     723   No. J-s =       1   No. LU-s =      11
  No. nonlinear iterations =      52
  No. nonlinear convergence failures =       0
  No. error test failures =       0
  Last step size used =    0.37136E+07
  Index compenent largest error = ********

 ...   22 / 206

 No. steps =      44   No. f-s =     725   No. J-s =       1   No. LU-s =      10
  No. nonlinear iterations =      54
  No. nonlinear convergence failures =       0
  No. error test failures =       0
  Last step size used =    0.32115E+07
  Index compenent largest error = ********

 ...   23 / 206

 No. steps =      45   No. f-s =     723   No. J-s =       1   No. LU-s =       9
  No. nonlinear iterations =      52
  No. nonlinear convergence failures =       0
  No. error test failures =       0
  Last step size used =    0.29599E+07
  Index compenent largest error = ********

 ...   24 / 206

 No. steps =      45   No. f-s =     723   No. J-s =       1   No. LU-s =      10
  No. nonlinear iterations =      52
  No. nonlinear convergence failures =       0
  No. error test failures =       0
  Last step size used =    0.34673E+07
  Index compenent largest error = ********

 ...   25 / 206

 No. steps =      43   No. f-s =     720   No. J-s =       1   No. LU-s =       9
  No. nonlinear iterations =      49
  No. nonlinear convergence failures =       0
  No. error test failures =       0
  Last step size used =    0.32248E+07
  Index compenent largest error = ********

 ...   26 / 206

 No. steps =      39   No. f-s =     717   No. J-s =       1   No. LU-s =       9
  No. nonlinear iterations =      46
  No. nonlinear convergence failures =       0
  No. error test failures =       0
  Last step size used =    0.38219E+07
  Index compenent largest error = ********

 ...   27 / 206

 No. steps =      38   No. f-s =     716   No. J-s =       1   No. LU-s =       9
  No. nonlinear iterations =      45
  No. nonlinear convergence failures =       0
  No. error test failures =       0
  Last step size used =    0.40673E+07
  Index compenent largest error = ********

 ...   28 / 206

 No. steps =      37   No. f-s =     714   No. J-s =       1   No. LU-s =      10
  No. nonlinear iterations =      43
  No. nonlinear convergence failures =       0
  No. error test failures =       0
  Last step size used =    0.41265E+07
  Index compenent largest error = ********

 ...   29 / 206

 No. steps =      38   No. f-s =     715   No. J-s =       1   No. LU-s =       8
  No. nonlinear iterations =      44
  No. nonlinear convergence failures =       0
  No. error test failures =       0
  Last step size used =    0.43217E+07
  Index compenent largest error = ********

 ...   30 / 206

 No. steps =      36   No. f-s =     712   No. J-s =       1   No. LU-s =       8
  No. nonlinear iterations =      41
  No. nonlinear convergence failures =       0
  No. error test failures =       0
  Last step size used =    0.49669E+07
  Index compenent largest error = ********

 ...   31 / 206

 No. steps =      36   No. f-s =     712   No. J-s =       1   No. LU-s =       8
  No. nonlinear iterations =      41
  No. nonlinear convergence failures =       0
  No. error test failures =       0
  Last step size used =    0.49261E+07
  Index compenent largest error = ********

 ...   32 / 206

 No. steps =      35   No. f-s =     710   No. J-s =       1   No. LU-s =       7
  No. nonlinear iterations =      39
  No. nonlinear convergence failures =       0
  No. error test failures =       0
  Last step size used =    0.34162E+07
  Index compenent largest error = ********

 ...   33 / 206

 No. steps =      36   No. f-s =     713   No. J-s =       1   No. LU-s =       8
  No. nonlinear iterations =      42
  No. nonlinear convergence failures =       0
  No. error test failures =       0
  Last step size used =    0.37566E+07
  Index compenent largest error = ********

 ...   34 / 206

 No. steps =      36   No. f-s =     714   No. J-s =       1   No. LU-s =       8
  No. nonlinear iterations =      43
  No. nonlinear convergence failures =       0
  No. error test failures =       0
  Last step size used =    0.39018E+07
  Index compenent largest error = ********

 ...   35 / 206

 No. steps =      36   No. f-s =     712   No. J-s =       1   No. LU-s =       7
  No. nonlinear iterations =      41
  No. nonlinear convergence failures =       0
  No. error test failures =       0
  Last step size used =    0.35882E+07
  Index compenent largest error = ********

 ...   36 / 206

 No. steps =      36   No. f-s =     712   No. J-s =       1   No. LU-s =       7
  No. nonlinear iterations =      41
  No. nonlinear convergence failures =       0
  No. error test failures =       0
  Last step size used =    0.35823E+07
  Index compenent largest error = ********

 ...   37 / 206

 No. steps =      36   No. f-s =     712   No. J-s =       1   No. LU-s =       7
  No. nonlinear iterations =      41
  No. nonlinear convergence failures =       0
  No. error test failures =       0
  Last step size used =    0.35800E+07
  Index compenent largest error = ********

 ...   38 / 206

 No. steps =      35   No. f-s =     711   No. J-s =       1   No. LU-s =       7
  No. nonlinear iterations =      40
  No. nonlinear convergence failures =       0
  No. error test failures =       0
  Last step size used =    0.37742E+07
  Index compenent largest error = ********

 ...   39 / 206

 No. steps =      35   No. f-s =     712   No. J-s =       1   No. LU-s =       8
  No. nonlinear iterations =      41
  No. nonlinear convergence failures =       0
  No. error test failures =       0
  Last step size used =    0.46817E+07
  Index compenent largest error = ********

 ...   40 / 206

 No. steps =      35   No. f-s =     712   No. J-s =       1   No. LU-s =       8
  No. nonlinear iterations =      41
  No. nonlinear convergence failures =       0
  No. error test failures =       0
  Last step size used =    0.47735E+07
  Index compenent largest error = ********

 ...   41 / 206

 No. steps =      35   No. f-s =     713   No. J-s =       1   No. LU-s =       7
  No. nonlinear iterations =      42
  No. nonlinear convergence failures =       0
  No. error test failures =       0
  Last step size used =    0.46220E+07
  Index compenent largest error = ********

 ...   42 / 206

 No. steps =      34   No. f-s =     710   No. J-s =       1   No. LU-s =       6
  No. nonlinear iterations =      39
  No. nonlinear convergence failures =       0
  No. error test failures =       0
  Last step size used =    0.36439E+07
  Index compenent largest error = ********

 ...   43 / 206

 No. steps =      34   No. f-s =     711   No. J-s =       1   No. LU-s =       7
  No. nonlinear iterations =      40
  No. nonlinear convergence failures =       0
  No. error test failures =       0
  Last step size used =    0.58051E+07
  Index compenent largest error = ********

 ...   44 / 206

 No. steps =      33   No. f-s =     711   No. J-s =       1   No. LU-s =       7
  No. nonlinear iterations =      40
  No. nonlinear convergence failures =       0
  No. error test failures =       0
  Last step size used =    0.44173E+07
  Index compenent largest error = ********

 ...   45 / 206

 No. steps =      32   No. f-s =     709   No. J-s =       1   No. LU-s =       7
  No. nonlinear iterations =      38
  No. nonlinear convergence failures =       0
  No. error test failures =       0
  Last step size used =    0.49902E+07
  Index compenent largest error = ********

 ...   46 / 206

 No. steps =      27   No. f-s =     703   No. J-s =       1   No. LU-s =       6
  No. nonlinear iterations =      32
  No. nonlinear convergence failures =       0
  No. error test failures =       0
  Last step size used =    0.42371E+07
  Index compenent largest error = ********

 ...   47 / 206

 No. steps =      27   No. f-s =     703   No. J-s =       1   No. LU-s =       6
  No. nonlinear iterations =      32
  No. nonlinear convergence failures =       0
  No. error test failures =       0
  Last step size used =    0.40970E+07
  Index compenent largest error = ********

 ...   48 / 206

 No. steps =      26   No. f-s =     702   No. J-s =       1   No. LU-s =       7
  No. nonlinear iterations =      31
  No. nonlinear convergence failures =       0
  No. error test failures =       0
  Last step size used =    0.47828E+07
  Index compenent largest error = ********

 ...   49 / 206

 No. steps =      29   No. f-s =     705   No. J-s =       1   No. LU-s =       6
  No. nonlinear iterations =      34
  No. nonlinear convergence failures =       0
  No. error test failures =       0
  Last step size used =    0.44486E+07
  Index compenent largest error = ********

 ...   50 / 206

 No. steps =      26   No. f-s =     702   No. J-s =       1   No. LU-s =       7
  No. nonlinear iterations =      31
  No. nonlinear convergence failures =       0
  No. error test failures =       0
  Last step size used =    0.44738E+07
  Index compenent largest error = ********

 ...   51 / 206

 No. steps =      27   No. f-s =     703   No. J-s =       1   No. LU-s =       7
  No. nonlinear iterations =      32
  No. nonlinear convergence failures =       0
  No. error test failures =       0
  Last step size used =    0.41637E+07
  Index compenent largest error = ********

 ...   52 / 206

 No. steps =      28   No. f-s =     704   No. J-s =       1   No. LU-s =       8
  No. nonlinear iterations =      33
  No. nonlinear convergence failures =       0
  No. error test failures =       0
  Last step size used =    0.58594E+07
  Index compenent largest error = ********

 ...   53 / 206

 No. steps =      31   No. f-s =     706   No. J-s =       1   No. LU-s =       6
  No. nonlinear iterations =      35
  No. nonlinear convergence failures =       0
  No. error test failures =       0
  Last step size used =    0.38827E+07
  Index compenent largest error = ********

 ...   54 / 206

 No. steps =      28   No. f-s =     704   No. J-s =       1   No. LU-s =       8
  No. nonlinear iterations =      33
  No. nonlinear convergence failures =       0
  No. error test failures =       0
  Last step size used =    0.62501E+07
  Index compenent largest error = ********

 ...   55 / 206

 No. steps =      27   No. f-s =     703   No. J-s =       1   No. LU-s =       7
  No. nonlinear iterations =      32
  No. nonlinear convergence failures =       0
  No. error test failures =       0
  Last step size used =    0.41242E+07
  Index compenent largest error = ********

 ...   56 / 206

 No. steps =      29   No. f-s =     706   No. J-s =       1   No. LU-s =       7
  No. nonlinear iterations =      35
  No. nonlinear convergence failures =       0
  No. error test failures =       0
  Last step size used =    0.54290E+07
  Index compenent largest error = ********

 ...   57 / 206

 No. steps =      35   No. f-s =     710   No. J-s =       1   No. LU-s =       7
  No. nonlinear iterations =      39
  No. nonlinear convergence failures =       0
  No. error test failures =       0
  Last step size used =    0.51128E+07
  Index compenent largest error = ********

 ...   58 / 206

 No. steps =      35   No. f-s =     710   No. J-s =       1   No. LU-s =       7
  No. nonlinear iterations =      39
  No. nonlinear convergence failures =       0
  No. error test failures =       0
  Last step size used =    0.49387E+07
  Index compenent largest error = ********

 ...   59 / 206

 No. steps =      32   No. f-s =     708   No. J-s =       1   No. LU-s =       8
  No. nonlinear iterations =      37
  No. nonlinear convergence failures =       0
  No. error test failures =       0
  Last step size used =    0.53606E+07
  Index compenent largest error = ********

 ...   60 / 206

 No. steps =      30   No. f-s =     707   No. J-s =       1   No. LU-s =       7
  No. nonlinear iterations =      36
  No. nonlinear convergence failures =       0
  No. error test failures =       0
  Last step size used =    0.51396E+07
  Index compenent largest error = ********

 ...   61 / 206

 No. steps =      36   No. f-s =     712   No. J-s =       1   No. LU-s =       7
  No. nonlinear iterations =      41
  No. nonlinear convergence failures =       0
  No. error test failures =       0
  Last step size used =    0.50476E+07
  Index compenent largest error = ********

 ...   62 / 206

 No. steps =      36   No. f-s =     712   No. J-s =       1   No. LU-s =       7
  No. nonlinear iterations =      41
  No. nonlinear convergence failures =       0
  No. error test failures =       0
  Last step size used =    0.45983E+07
  Index compenent largest error = ********

 ...   63 / 206

 No. steps =      35   No. f-s =     711   No. J-s =       1   No. LU-s =       7
  No. nonlinear iterations =      40
  No. nonlinear convergence failures =       0
  No. error test failures =       0
  Last step size used =    0.46952E+07
  Index compenent largest error = ********

 ...   64 / 206

 No. steps =      36   No. f-s =     712   No. J-s =       1   No. LU-s =       7
  No. nonlinear iterations =      41
  No. nonlinear convergence failures =       0
  No. error test failures =       0
  Last step size used =    0.48601E+07
  Index compenent largest error = ********

 ...   65 / 206

 No. steps =      35   No. f-s =     713   No. J-s =       1   No. LU-s =       7
  No. nonlinear iterations =      42
  No. nonlinear convergence failures =       0
  No. error test failures =       0
  Last step size used =    0.36628E+07
  Index compenent largest error = ********

 ...   66 / 206

 No. steps =      36   No. f-s =     712   No. J-s =       1   No. LU-s =       7
  No. nonlinear iterations =      41
  No. nonlinear convergence failures =       0
  No. error test failures =       0
  Last step size used =    0.51531E+07
  Index compenent largest error = ********

 ...   67 / 206

 No. steps =      36   No. f-s =     712   No. J-s =       1   No. LU-s =       7
  No. nonlinear iterations =      41
  No. nonlinear convergence failures =       0
  No. error test failures =       0
  Last step size used =    0.49410E+07
  Index compenent largest error = ********

 ...   68 / 206

 No. steps =      36   No. f-s =     712   No. J-s =       1   No. LU-s =       7
  No. nonlinear iterations =      41
  No. nonlinear convergence failures =       0
  No. error test failures =       0
  Last step size used =    0.51772E+07
  Index compenent largest error = ********

 ...   69 / 206

 No. steps =      36   No. f-s =     712   No. J-s =       1   No. LU-s =       7
  No. nonlinear iterations =      41
  No. nonlinear convergence failures =       0
  No. error test failures =       0
  Last step size used =    0.49998E+07
  Index compenent largest error = ********

 ...   70 / 206

 No. steps =      34   No. f-s =     711   No. J-s =       1   No. LU-s =       7
  No. nonlinear iterations =      40
  No. nonlinear convergence failures =       0
  No. error test failures =       0
  Last step size used =    0.45821E+07
  Index compenent largest error = ********

 ...   71 / 206

 No. steps =      36   No. f-s =     712   No. J-s =       1   No. LU-s =       7
  No. nonlinear iterations =      41
  No. nonlinear convergence failures =       0
  No. error test failures =       0
  Last step size used =    0.52484E+07
  Index compenent largest error = ********

 ...   72 / 206

 No. steps =      35   No. f-s =     711   No. J-s =       1   No. LU-s =       6
  No. nonlinear iterations =      40
  No. nonlinear convergence failures =       0
  No. error test failures =       0
  Last step size used =    0.32404E+07
  Index compenent largest error = ********

 ...   73 / 206

 No. steps =      35   No. f-s =     711   No. J-s =       1   No. LU-s =       6
  No. nonlinear iterations =      40
  No. nonlinear convergence failures =       0
  No. error test failures =       0
  Last step size used =    0.33237E+07
  Index compenent largest error = ********

 ...   74 / 206

 No. steps =      34   No. f-s =     710   No. J-s =       1   No. LU-s =       6
  No. nonlinear iterations =      39
  No. nonlinear convergence failures =       0
  No. error test failures =       0
  Last step size used =    0.35023E+07
  Index compenent largest error = ********

 ...   75 / 206

 No. steps =      35   No. f-s =     711   No. J-s =       1   No. LU-s =       6
  No. nonlinear iterations =      40
  No. nonlinear convergence failures =       0
  No. error test failures =       0
  Last step size used =    0.34298E+07
  Index compenent largest error = ********

 ...   76 / 206

 No. steps =      34   No. f-s =     710   No. J-s =       1   No. LU-s =       6
  No. nonlinear iterations =      39
  No. nonlinear convergence failures =       0
  No. error test failures =       0
  Last step size used =    0.34621E+07
  Index compenent largest error = ********

 ...   77 / 206

 No. steps =      33   No. f-s =     709   No. J-s =       1   No. LU-s =       6
  No. nonlinear iterations =      38
  No. nonlinear convergence failures =       0
  No. error test failures =       0
  Last step size used =    0.37244E+07
  Index compenent largest error = ********

 ...   78 / 206

 No. steps =      33   No. f-s =     708   No. J-s =       1   No. LU-s =       6
  No. nonlinear iterations =      37
  No. nonlinear convergence failures =       0
  No. error test failures =       0
  Last step size used =    0.39121E+07
  Index compenent largest error = ********

 ...   79 / 206

 No. steps =      30   No. f-s =     706   No. J-s =       1   No. LU-s =       7
  No. nonlinear iterations =      35
  No. nonlinear convergence failures =       0
  No. error test failures =       0
  Last step size used =    0.42594E+07
  Index compenent largest error = ********

 ...   80 / 206

 No. steps =      27   No. f-s =     704   No. J-s =       1   No. LU-s =       6
  No. nonlinear iterations =      33
  No. nonlinear convergence failures =       0
  No. error test failures =       0
  Last step size used =    0.41723E+07
  Index compenent largest error = ********

 ...   81 / 206

 No. steps =      26   No. f-s =     702   No. J-s =       1   No. LU-s =       7
  No. nonlinear iterations =      31
  No. nonlinear convergence failures =       0
  No. error test failures =       0
  Last step size used =    0.44834E+07
  Index compenent largest error = ********

 ...   82 / 206

 No. steps =      25   No. f-s =     701   No. J-s =       1   No. LU-s =       7
  No. nonlinear iterations =      30
  No. nonlinear convergence failures =       0
  No. error test failures =       0
  Last step size used =    0.49073E+07
  Index compenent largest error = ********

 ...   83 / 206

 No. steps =      24   No. f-s =     700   No. J-s =       1   No. LU-s =       7
  No. nonlinear iterations =      29
  No. nonlinear convergence failures =       0
  No. error test failures =       0
  Last step size used =    0.56547E+07
  Index compenent largest error = ********

 ...   84 / 206

 No. steps =      25   No. f-s =     701   No. J-s =       1   No. LU-s =       7
  No. nonlinear iterations =      30
  No. nonlinear convergence failures =       0
  No. error test failures =       0
  Last step size used =    0.53926E+07
  Index compenent largest error = ********

 ...   85 / 206

 No. steps =      24   No. f-s =     700   No. J-s =       1   No. LU-s =       7
  No. nonlinear iterations =      29
  No. nonlinear convergence failures =       0
  No. error test failures =       0
  Last step size used =    0.54445E+07
  Index compenent largest error = ********

 ...   86 / 206

 No. steps =      24   No. f-s =     700   No. J-s =       1   No. LU-s =       7
  No. nonlinear iterations =      29
  No. nonlinear convergence failures =       0
  No. error test failures =       0
  Last step size used =    0.56881E+07
  Index compenent largest error = ********

 ...   87 / 206

 No. steps =      23   No. f-s =     699   No. J-s =       1   No. LU-s =       7
  No. nonlinear iterations =      28
  No. nonlinear convergence failures =       0
  No. error test failures =       0
  Last step size used =    0.62935E+07
  Index compenent largest error = ********

 ...   88 / 206

 No. steps =      23   No. f-s =     699   No. J-s =       1   No. LU-s =       7
  No. nonlinear iterations =      28
  No. nonlinear convergence failures =       0
  No. error test failures =       0
  Last step size used =    0.64808E+07
  Index compenent largest error = ********

 ...   89 / 206

 No. steps =      23   No. f-s =     699   No. J-s =       1   No. LU-s =       7
  No. nonlinear iterations =      28
  No. nonlinear convergence failures =       0
  No. error test failures =       0
  Last step size used =    0.63614E+07
  Index compenent largest error = ********

 ...   90 / 206

 No. steps =      24   No. f-s =     700   No. J-s =       1   No. LU-s =       7
  No. nonlinear iterations =      29
  No. nonlinear convergence failures =       0
  No. error test failures =       0
  Last step size used =    0.57456E+07
  Index compenent largest error = ********

 ...   91 / 206

 No. steps =      23   No. f-s =     699   No. J-s =       1   No. LU-s =       7
  No. nonlinear iterations =      28
  No. nonlinear convergence failures =       0
  No. error test failures =       0
  Last step size used =    0.65093E+07
  Index compenent largest error = ********

 ...   92 / 206

 No. steps =      22   No. f-s =     698   No. J-s =       1   No. LU-s =       7
  No. nonlinear iterations =      27
  No. nonlinear convergence failures =       0
  No. error test failures =       0
  Last step size used =    0.72616E+07
  Index compenent largest error = ********

 ...   93 / 206

 No. steps =      22   No. f-s =     698   No. J-s =       1   No. LU-s =       7
  No. nonlinear iterations =      27
  No. nonlinear convergence failures =       0
  No. error test failures =       0
  Last step size used =    0.79729E+07
  Index compenent largest error = ********

 ...   94 / 206

 No. steps =      22   No. f-s =     698   No. J-s =       1   No. LU-s =       7
  No. nonlinear iterations =      27
  No. nonlinear convergence failures =       0
  No. error test failures =       0
  Last step size used =    0.75974E+07
  Index compenent largest error = ********

 ...   95 / 206

 No. steps =      22   No. f-s =     698   No. J-s =       1   No. LU-s =       7
  No. nonlinear iterations =      27
  No. nonlinear convergence failures =       0
  No. error test failures =       0
  Last step size used =    0.70423E+07
  Index compenent largest error = ********

 ...   96 / 206

 No. steps =      22   No. f-s =     698   No. J-s =       1   No. LU-s =       7
  No. nonlinear iterations =      27
  No. nonlinear convergence failures =       0
  No. error test failures =       0
  Last step size used =    0.71436E+07
  Index compenent largest error = ********

 ...   97 / 206

 No. steps =      22   No. f-s =     698   No. J-s =       1   No. LU-s =       7
  No. nonlinear iterations =      27
  No. nonlinear convergence failures =       0
  No. error test failures =       0
  Last step size used =    0.76732E+07
  Index compenent largest error = ********

 ...   98 / 206

 No. steps =      23   No. f-s =     699   No. J-s =       1   No. LU-s =       7
  No. nonlinear iterations =      28
  No. nonlinear convergence failures =       0
  No. error test failures =       0
  Last step size used =    0.62191E+07
  Index compenent largest error = ********

 ...   99 / 206

 No. steps =      22   No. f-s =     698   No. J-s =       1   No. LU-s =       7
  No. nonlinear iterations =      27
  No. nonlinear convergence failures =       0
  No. error test failures =       0
  Last step size used =    0.67544E+07
  Index compenent largest error = ********

 ...  100 / 206

 No. steps =      24   No. f-s =     699   No. J-s =       1   No. LU-s =       5
  No. nonlinear iterations =      28
  No. nonlinear convergence failures =       0
  No. error test failures =       0
  Last step size used =    0.49169E+07
  Index compenent largest error = ********

 ...  101 / 206

 No. steps =      25   No. f-s =     700   No. J-s =       1   No. LU-s =       5
  No. nonlinear iterations =      29
  No. nonlinear convergence failures =       0
  No. error test failures =       0
  Last step size used =    0.43210E+07
  Index compenent largest error = ********

 ...  102 / 206

 No. steps =      24   No. f-s =     699   No. J-s =       1   No. LU-s =       5
  No. nonlinear iterations =      28
  No. nonlinear convergence failures =       0
  No. error test failures =       0
  Last step size used =    0.45960E+07
  Index compenent largest error = ********

 ...  103 / 206

 No. steps =      25   No. f-s =     700   No. J-s =       1   No. LU-s =       5
  No. nonlinear iterations =      29
  No. nonlinear convergence failures =       0
  No. error test failures =       0
  Last step size used =    0.44442E+07
  Index compenent largest error = ********

 ...  104 / 206

 No. steps =      24   No. f-s =     699   No. J-s =       1   No. LU-s =       5
  No. nonlinear iterations =      28
  No. nonlinear convergence failures =       0
  No. error test failures =       0
  Last step size used =    0.48651E+07
  Index compenent largest error = ********

 ...  105 / 206

 No. steps =      24   No. f-s =     699   No. J-s =       1   No. LU-s =       5
  No. nonlinear iterations =      28
  No. nonlinear convergence failures =       0
  No. error test failures =       0
  Last step size used =    0.47092E+07
  Index compenent largest error = ********

 ...  106 / 206

 No. steps =      22   No. f-s =     697   No. J-s =       1   No. LU-s =       5
  No. nonlinear iterations =      26
  No. nonlinear convergence failures =       0
  No. error test failures =       0
  Last step size used =    0.57163E+07
  Index compenent largest error = ********

 ...  107 / 206

 No. steps =      24   No. f-s =     699   No. J-s =       1   No. LU-s =       5
  No. nonlinear iterations =      28
  No. nonlinear convergence failures =       0
  No. error test failures =       0
  Last step size used =    0.49317E+07
  Index compenent largest error = ********

 ...  108 / 206

 No. steps =      24   No. f-s =     699   No. J-s =       1   No. LU-s =       6
  No. nonlinear iterations =      28
  No. nonlinear convergence failures =       0
  No. error test failures =       0
  Last step size used =    0.68307E+07
  Index compenent largest error = ********

 ...  109 / 206

 No. steps =      24   No. f-s =     700   No. J-s =       1   No. LU-s =       6
  No. nonlinear iterations =      29
  No. nonlinear convergence failures =       0
  No. error test failures =       0
  Last step size used =    0.67238E+07
  Index compenent largest error = ********

 ...  110 / 206

 No. steps =      24   No. f-s =     700   No. J-s =       1   No. LU-s =       6
  No. nonlinear iterations =      29
  No. nonlinear convergence failures =       0
  No. error test failures =       0
  Last step size used =    0.67116E+07
  Index compenent largest error = ********

 ...  111 / 206

 No. steps =      24   No. f-s =     699   No. J-s =       1   No. LU-s =       5
  No. nonlinear iterations =      28
  No. nonlinear convergence failures =       0
  No. error test failures =       0
  Last step size used =    0.49191E+07
  Index compenent largest error = ********

 ...  112 / 206

 No. steps =      24   No. f-s =     699   No. J-s =       1   No. LU-s =       6
  No. nonlinear iterations =      28
  No. nonlinear convergence failures =       0
  No. error test failures =       0
  Last step size used =    0.72605E+07
  Index compenent largest error = ********

 ...  113 / 206

 No. steps =      23   No. f-s =     698   No. J-s =       1   No. LU-s =       5
  No. nonlinear iterations =      27
  No. nonlinear convergence failures =       0
  No. error test failures =       0
  Last step size used =    0.53980E+07
  Index compenent largest error = ********

 ...  114 / 206

 No. steps =      24   No. f-s =     700   No. J-s =       1   No. LU-s =       6
  No. nonlinear iterations =      29
  No. nonlinear convergence failures =       0
  No. error test failures =       0
  Last step size used =    0.69070E+07
  Index compenent largest error = ********

 ...  115 / 206

 No. steps =      22   No. f-s =     697   No. J-s =       1   No. LU-s =       5
  No. nonlinear iterations =      26
  No. nonlinear convergence failures =       0
  No. error test failures =       0
  Last step size used =    0.60769E+07
  Index compenent largest error = ********

 ...  116 / 206

 No. steps =      23   No. f-s =     698   No. J-s =       1   No. LU-s =       5
  No. nonlinear iterations =      27
  No. nonlinear convergence failures =       0
  No. error test failures =       0
  Last step size used =    0.53231E+07
  Index compenent largest error = ********

 ...  117 / 206

 No. steps =      23   No. f-s =     698   No. J-s =       1   No. LU-s =       5
  No. nonlinear iterations =      27
  No. nonlinear convergence failures =       0
  No. error test failures =       0
  Last step size used =    0.52227E+07
  Index compenent largest error = ********

 ...  118 / 206

 No. steps =      23   No. f-s =     698   No. J-s =       1   No. LU-s =       5
  No. nonlinear iterations =      27
  No. nonlinear convergence failures =       0
  No. error test failures =       0
  Last step size used =    0.52308E+07
  Index compenent largest error = ********

 ...  119 / 206

 No. steps =      23   No. f-s =     698   No. J-s =       1   No. LU-s =       5
  No. nonlinear iterations =      27
  No. nonlinear convergence failures =       0
  No. error test failures =       0
  Last step size used =    0.52297E+07
  Index compenent largest error = ********

 ...  120 / 206

 No. steps =      23   No. f-s =     698   No. J-s =       1   No. LU-s =       5
  No. nonlinear iterations =      27
  No. nonlinear convergence failures =       0
  No. error test failures =       0
  Last step size used =    0.51315E+07
  Index compenent largest error = ********

 ...  121 / 206

 No. steps =      22   No. f-s =     697   No. J-s =       1   No. LU-s =       5
  No. nonlinear iterations =      26
  No. nonlinear convergence failures =       0
  No. error test failures =       0
  Last step size used =    0.58714E+07
  Index compenent largest error = ********

 ...  122 / 206

 No. steps =      21   No. f-s =     696   No. J-s =       1   No. LU-s =       7
  No. nonlinear iterations =      25
  No. nonlinear convergence failures =       0
  No. error test failures =       0
  Last step size used =    0.85770E+07
  Index compenent largest error = ********

 ...  123 / 206

 No. steps =      23   No. f-s =     698   No. J-s =       1   No. LU-s =       5
  No. nonlinear iterations =      27
  No. nonlinear convergence failures =       0
  No. error test failures =       0
  Last step size used =    0.51484E+07
  Index compenent largest error = ********

 ...  124 / 206

 No. steps =      21   No. f-s =     696   No. J-s =       1   No. LU-s =       7
  No. nonlinear iterations =      25
  No. nonlinear convergence failures =       0
  No. error test failures =       0
  Last step size used =    0.83388E+07
  Index compenent largest error = ********

 ...  125 / 206

 No. steps =      21   No. f-s =     696   No. J-s =       1   No. LU-s =       7
  No. nonlinear iterations =      25
  No. nonlinear convergence failures =       0
  No. error test failures =       0
  Last step size used =    0.82842E+07
  Index compenent largest error = ********

 ...  126 / 206

 No. steps =      21   No. f-s =     696   No. J-s =       1   No. LU-s =       7
  No. nonlinear iterations =      25
  No. nonlinear convergence failures =       0
  No. error test failures =       0
  Last step size used =    0.87729E+07
  Index compenent largest error = ********

 ...  127 / 206

 No. steps =      21   No. f-s =     696   No. J-s =       1   No. LU-s =       7
  No. nonlinear iterations =      25
  No. nonlinear convergence failures =       0
  No. error test failures =       0
  Last step size used =    0.86372E+07
  Index compenent largest error = ********

 ...  128 / 206

 No. steps =      20   No. f-s =     695   No. J-s =       1   No. LU-s =       6
  No. nonlinear iterations =      24
  No. nonlinear convergence failures =       0
  No. error test failures =       0
  Last step size used =    0.59522E+07
  Index compenent largest error = ********

 ...  129 / 206

 No. steps =      22   No. f-s =     697   No. J-s =       1   No. LU-s =       5
  No. nonlinear iterations =      26
  No. nonlinear convergence failures =       0
  No. error test failures =       0
  Last step size used =    0.59893E+07
  Index compenent largest error = ********

 ...  130 / 206

 No. steps =      21   No. f-s =     696   No. J-s =       1   No. LU-s =       7
  No. nonlinear iterations =      25
  No. nonlinear convergence failures =       0
  No. error test failures =       0
  Last step size used =    0.83941E+07
  Index compenent largest error = ********

 ...  131 / 206

 No. steps =      21   No. f-s =     696   No. J-s =       1   No. LU-s =       7
  No. nonlinear iterations =      25
  No. nonlinear convergence failures =       0
  No. error test failures =       0
  Last step size used =    0.86877E+07
  Index compenent largest error = ********

 ...  132 / 206

 No. steps =      21   No. f-s =     696   No. J-s =       1   No. LU-s =       7
  No. nonlinear iterations =      25
  No. nonlinear convergence failures =       0
  No. error test failures =       0
  Last step size used =    0.89770E+07
  Index compenent largest error = ********

 ...  133 / 206

 No. steps =      21   No. f-s =     696   No. J-s =       1   No. LU-s =       7
  No. nonlinear iterations =      25
  No. nonlinear convergence failures =       0
  No. error test failures =       0
  Last step size used =    0.90197E+07
  Index compenent largest error = ********

 ...  134 / 206

 No. steps =      20   No. f-s =     695   No. J-s =       1   No. LU-s =       6
  No. nonlinear iterations =      24
  No. nonlinear convergence failures =       0
  No. error test failures =       0
  Last step size used =    0.59107E+07
  Index compenent largest error = ********

 ...  135 / 206

 No. steps =      20   No. f-s =     695   No. J-s =       1   No. LU-s =       6
  No. nonlinear iterations =      24
  No. nonlinear convergence failures =       0
  No. error test failures =       0
  Last step size used =    0.60728E+07
  Index compenent largest error = ********

 ...  136 / 206

 No. steps =      20   No. f-s =     695   No. J-s =       1   No. LU-s =       6
  No. nonlinear iterations =      24
  No. nonlinear convergence failures =       0
  No. error test failures =       0
  Last step size used =    0.61923E+07
  Index compenent largest error = ********

 ...  137 / 206

 No. steps =      20   No. f-s =     695   No. J-s =       1   No. LU-s =       6
  No. nonlinear iterations =      24
  No. nonlinear convergence failures =       0
  No. error test failures =       0
  Last step size used =    0.61290E+07
  Index compenent largest error = ********

 ...  138 / 206

 No. steps =      20   No. f-s =     695   No. J-s =       1   No. LU-s =       6
  No. nonlinear iterations =      24
  No. nonlinear convergence failures =       0
  No. error test failures =       0
  Last step size used =    0.61801E+07
  Index compenent largest error = ********

 ...  139 / 206

 No. steps =      20   No. f-s =     695   No. J-s =       1   No. LU-s =       6
  No. nonlinear iterations =      24
  No. nonlinear convergence failures =       0
  No. error test failures =       0
  Last step size used =    0.66008E+07
  Index compenent largest error = ********

 ...  140 / 206

 No. steps =      20   No. f-s =     695   No. J-s =       1   No. LU-s =       6
  No. nonlinear iterations =      24
  No. nonlinear convergence failures =       0
  No. error test failures =       0
  Last step size used =    0.57676E+07
  Index compenent largest error = ********

 ...  141 / 206

 No. steps =      20   No. f-s =     695   No. J-s =       1   No. LU-s =       6
  No. nonlinear iterations =      24
  No. nonlinear convergence failures =       0
  No. error test failures =       0
  Last step size used =    0.61555E+07
  Index compenent largest error = ********

 ...  142 / 206

 No. steps =      20   No. f-s =     695   No. J-s =       1   No. LU-s =       6
  No. nonlinear iterations =      24
  No. nonlinear convergence failures =       0
  No. error test failures =       0
  Last step size used =    0.59670E+07
  Index compenent largest error = ********

 ...  143 / 206

 No. steps =      20   No. f-s =     695   No. J-s =       1   No. LU-s =       6
  No. nonlinear iterations =      24
  No. nonlinear convergence failures =       0
  No. error test failures =       0
  Last step size used =    0.61358E+07
  Index compenent largest error = ********

 ...  144 / 206

 No. steps =      20   No. f-s =     695   No. J-s =       1   No. LU-s =       6
  No. nonlinear iterations =      24
  No. nonlinear convergence failures =       0
  No. error test failures =       0
  Last step size used =    0.63157E+07
  Index compenent largest error = ********

 ...  145 / 206

 No. steps =      19   No. f-s =     694   No. J-s =       1   No. LU-s =       6
  No. nonlinear iterations =      23
  No. nonlinear convergence failures =       0
  No. error test failures =       0
  Last step size used =    0.69367E+07
  Index compenent largest error = ********

 ...  146 / 206

 No. steps =      20   No. f-s =     695   No. J-s =       1   No. LU-s =       6
  No. nonlinear iterations =      24
  No. nonlinear convergence failures =       0
  No. error test failures =       0
  Last step size used =    0.57407E+07
  Index compenent largest error = ********

 ...  147 / 206

 No. steps =      20   No. f-s =     695   No. J-s =       1   No. LU-s =       6
  No. nonlinear iterations =      24
  No. nonlinear convergence failures =       0
  No. error test failures =       0
  Last step size used =    0.65040E+07
  Index compenent largest error = ********

 ...  148 / 206

 No. steps =      19   No. f-s =     694   No. J-s =       1   No. LU-s =       6
  No. nonlinear iterations =      23
  No. nonlinear convergence failures =       0
  No. error test failures =       0
  Last step size used =    0.75850E+07
  Index compenent largest error = ********

 ...  149 / 206

 No. steps =      20   No. f-s =     695   No. J-s =       1   No. LU-s =       6
  No. nonlinear iterations =      24
  No. nonlinear convergence failures =       0
  No. error test failures =       0
  Last step size used =    0.60773E+07
  Index compenent largest error = ********

 ...  150 / 206

 No. steps =      20   No. f-s =     695   No. J-s =       1   No. LU-s =       6
  No. nonlinear iterations =      24
  No. nonlinear convergence failures =       0
  No. error test failures =       0
  Last step size used =    0.62386E+07
  Index compenent largest error = ********

 ...  151 / 206

 No. steps =      20   No. f-s =     695   No. J-s =       1   No. LU-s =       6
  No. nonlinear iterations =      24
  No. nonlinear convergence failures =       0
  No. error test failures =       0
  Last step size used =    0.63022E+07
  Index compenent largest error = ********

 ...  152 / 206

 No. steps =      19   No. f-s =     694   No. J-s =       1   No. LU-s =       6
  No. nonlinear iterations =      23
  No. nonlinear convergence failures =       0
  No. error test failures =       0
  Last step size used =    0.73803E+07
  Index compenent largest error = ********

 ...  153 / 206

 No. steps =      19   No. f-s =     694   No. J-s =       1   No. LU-s =       6
  No. nonlinear iterations =      23
  No. nonlinear convergence failures =       0
  No. error test failures =       0
  Last step size used =    0.66585E+07
  Index compenent largest error = ********

 ...  154 / 206

 No. steps =      20   No. f-s =     695   No. J-s =       1   No. LU-s =       6
  No. nonlinear iterations =      24
  No. nonlinear convergence failures =       0
  No. error test failures =       0
  Last step size used =    0.61846E+07
  Index compenent largest error = ********

 ...  155 / 206

 No. steps =      20   No. f-s =     695   No. J-s =       1   No. LU-s =       6
  No. nonlinear iterations =      24
  No. nonlinear convergence failures =       0
  No. error test failures =       0
  Last step size used =    0.59979E+07
  Index compenent largest error = ********

 ...  156 / 206

 No. steps =      19   No. f-s =     694   No. J-s =       1   No. LU-s =       6
  No. nonlinear iterations =      23
  No. nonlinear convergence failures =       0
  No. error test failures =       0
  Last step size used =    0.68407E+07
  Index compenent largest error = ********

 ...  157 / 206

 No. steps =      20   No. f-s =     695   No. J-s =       1   No. LU-s =       6
  No. nonlinear iterations =      24
  No. nonlinear convergence failures =       0
  No. error test failures =       0
  Last step size used =    0.62927E+07
  Index compenent largest error = ********

 ...  158 / 206

 No. steps =      20   No. f-s =     695   No. J-s =       1   No. LU-s =       6
  No. nonlinear iterations =      24
  No. nonlinear convergence failures =       0
  No. error test failures =       0
  Last step size used =    0.63081E+07
  Index compenent largest error = ********

 ...  159 / 206

 No. steps =      19   No. f-s =     694   No. J-s =       1   No. LU-s =       6
  No. nonlinear iterations =      23
  No. nonlinear convergence failures =       0
  No. error test failures =       0
  Last step size used =    0.67275E+07
  Index compenent largest error = ********

 ...  160 / 206

 No. steps =      19   No. f-s =     694   No. J-s =       1   No. LU-s =       6
  No. nonlinear iterations =      23
  No. nonlinear convergence failures =       0
  No. error test failures =       0
  Last step size used =    0.67359E+07
  Index compenent largest error = ********

 ...  161 / 206

 No. steps =      20   No. f-s =     695   No. J-s =       1   No. LU-s =       6
  No. nonlinear iterations =      24
  No. nonlinear convergence failures =       0
  No. error test failures =       0
  Last step size used =    0.65560E+07
  Index compenent largest error = ********

 ...  162 / 206

 No. steps =      19   No. f-s =     694   No. J-s =       1   No. LU-s =       6
  No. nonlinear iterations =      23
  No. nonlinear convergence failures =       0
  No. error test failures =       0
  Last step size used =    0.67392E+07
  Index compenent largest error = ********

 ...  163 / 206

 No. steps =      19   No. f-s =     694   No. J-s =       1   No. LU-s =       6
  No. nonlinear iterations =      23
  No. nonlinear convergence failures =       0
  No. error test failures =       0
  Last step size used =    0.67667E+07
  Index compenent largest error = ********

 ...  164 / 206

 No. steps =      19   No. f-s =     694   No. J-s =       1   No. LU-s =       6
  No. nonlinear iterations =      23
  No. nonlinear convergence failures =       0
  No. error test failures =       0
  Last step size used =    0.69082E+07
  Index compenent largest error = ********

 ...  165 / 206

 No. steps =      19   No. f-s =     694   No. J-s =       1   No. LU-s =       6
  No. nonlinear iterations =      23
  No. nonlinear convergence failures =       0
  No. error test failures =       0
  Last step size used =    0.69610E+07
  Index compenent largest error = ********

 ...  166 / 206

 No. steps =      19   No. f-s =     694   No. J-s =       1   No. LU-s =       6
  No. nonlinear iterations =      23
  No. nonlinear convergence failures =       0
  No. error test failures =       0
  Last step size used =    0.70405E+07
  Index compenent largest error = ********

 ...  167 / 206

 No. steps =      19   No. f-s =     694   No. J-s =       1   No. LU-s =       6
  No. nonlinear iterations =      23
  No. nonlinear convergence failures =       0
  No. error test failures =       0
  Last step size used =    0.69670E+07
  Index compenent largest error = ********

 ...  168 / 206

 No. steps =      19   No. f-s =     694   No. J-s =       1   No. LU-s =       6
  No. nonlinear iterations =      23
  No. nonlinear convergence failures =       0
  No. error test failures =       0
  Last step size used =    0.70586E+07
  Index compenent largest error = ********

 ...  169 / 206

 No. steps =      19   No. f-s =     694   No. J-s =       1   No. LU-s =       6
  No. nonlinear iterations =      23
  No. nonlinear convergence failures =       0
  No. error test failures =       0
  Last step size used =    0.70692E+07
  Index compenent largest error = ********

 ...  170 / 206

 No. steps =      19   No. f-s =     694   No. J-s =       1   No. LU-s =       6
  No. nonlinear iterations =      23
  No. nonlinear convergence failures =       0
  No. error test failures =       0
  Last step size used =    0.70968E+07
  Index compenent largest error = ********

 ...  171 / 206

 No. steps =      19   No. f-s =     694   No. J-s =       1   No. LU-s =       6
  No. nonlinear iterations =      23
  No. nonlinear convergence failures =       0
  No. error test failures =       0
  Last step size used =    0.72024E+07
  Index compenent largest error = ********

 ...  172 / 206

 No. steps =      19   No. f-s =     694   No. J-s =       1   No. LU-s =       6
  No. nonlinear iterations =      23
  No. nonlinear convergence failures =       0
  No. error test failures =       0
  Last step size used =    0.72640E+07
  Index compenent largest error = ********

 ...  173 / 206

 No. steps =      19   No. f-s =     694   No. J-s =       1   No. LU-s =       6
  No. nonlinear iterations =      23
  No. nonlinear convergence failures =       0
  No. error test failures =       0
  Last step size used =    0.71757E+07
  Index compenent largest error = ********

 ...  174 / 206

 No. steps =      19   No. f-s =     694   No. J-s =       1   No. LU-s =       6
  No. nonlinear iterations =      23
  No. nonlinear convergence failures =       0
  No. error test failures =       0
  Last step size used =    0.71275E+07
  Index compenent largest error = ********

 ...  175 / 206

 No. steps =      19   No. f-s =     694   No. J-s =       1   No. LU-s =       6
  No. nonlinear iterations =      23
  No. nonlinear convergence failures =       0
  No. error test failures =       0
  Last step size used =    0.73879E+07
  Index compenent largest error = ********

 ...  176 / 206

 No. steps =      19   No. f-s =     694   No. J-s =       1   No. LU-s =       6
  No. nonlinear iterations =      23
  No. nonlinear convergence failures =       0
  No. error test failures =       0
  Last step size used =    0.74553E+07
  Index compenent largest error = ********

 ...  177 / 206

 No. steps =      19   No. f-s =     694   No. J-s =       1   No. LU-s =       6
  No. nonlinear iterations =      23
  No. nonlinear convergence failures =       0
  No. error test failures =       0
  Last step size used =    0.76450E+07
  Index compenent largest error = ********

 ...  178 / 206

 No. steps =      19   No. f-s =     694   No. J-s =       1   No. LU-s =       6
  No. nonlinear iterations =      23
  No. nonlinear convergence failures =       0
  No. error test failures =       0
  Last step size used =    0.75641E+07
  Index compenent largest error = ********

 ...  179 / 206

 No. steps =      19   No. f-s =     694   No. J-s =       1   No. LU-s =       6
  No. nonlinear iterations =      23
  No. nonlinear convergence failures =       0
  No. error test failures =       0
  Last step size used =    0.76549E+07
  Index compenent largest error = ********

 ...  180 / 206

 No. steps =      19   No. f-s =     694   No. J-s =       1   No. LU-s =       6
  No. nonlinear iterations =      23
  No. nonlinear convergence failures =       0
  No. error test failures =       0
  Last step size used =    0.77446E+07
  Index compenent largest error = ********

 ...  181 / 206

 No. steps =      19   No. f-s =     694   No. J-s =       1   No. LU-s =       6
  No. nonlinear iterations =      23
  No. nonlinear convergence failures =       0
  No. error test failures =       0
  Last step size used =    0.77063E+07
  Index compenent largest error = ********

 ...  182 / 206

 No. steps =      19   No. f-s =     694   No. J-s =       1   No. LU-s =       6
  No. nonlinear iterations =      23
  No. nonlinear convergence failures =       0
  No. error test failures =       0
  Last step size used =    0.77445E+07
  Index compenent largest error = ********

 ...  183 / 206

 No. steps =      18   No. f-s =     693   No. J-s =       1   No. LU-s =       6
  No. nonlinear iterations =      22
  No. nonlinear convergence failures =       0
  No. error test failures =       0
  Last step size used =    0.78881E+07
  Index compenent largest error = ********

 ...  184 / 206

 No. steps =      18   No. f-s =     693   No. J-s =       1   No. LU-s =       6
  No. nonlinear iterations =      22
  No. nonlinear convergence failures =       0
  No. error test failures =       0
  Last step size used =    0.79095E+07
  Index compenent largest error = ********

 ...  185 / 206

 No. steps =      18   No. f-s =     693   No. J-s =       1   No. LU-s =       6
  No. nonlinear iterations =      22
  No. nonlinear convergence failures =       0
  No. error test failures =       0
  Last step size used =    0.79736E+07
  Index compenent largest error = ********

 ...  186 / 206

 No. steps =      18   No. f-s =     693   No. J-s =       1   No. LU-s =       6
  No. nonlinear iterations =      22
  No. nonlinear convergence failures =       0
  No. error test failures =       0
  Last step size used =    0.81700E+07
  Index compenent largest error = ********

 ...  187 / 206

 No. steps =      18   No. f-s =     693   No. J-s =       1   No. LU-s =       6
  No. nonlinear iterations =      22
  No. nonlinear convergence failures =       0
  No. error test failures =       0
  Last step size used =    0.82006E+07
  Index compenent largest error = ********

 ...  188 / 206

 No. steps =      18   No. f-s =     693   No. J-s =       1   No. LU-s =       6
  No. nonlinear iterations =      22
  No. nonlinear convergence failures =       0
  No. error test failures =       0
  Last step size used =    0.83060E+07
  Index compenent largest error = ********

 ...  189 / 206

 No. steps =      18   No. f-s =     693   No. J-s =       1   No. LU-s =       6
  No. nonlinear iterations =      22
  No. nonlinear convergence failures =       0
  No. error test failures =       0
  Last step size used =    0.82795E+07
  Index compenent largest error = ********

 ...  190 / 206

 No. steps =      18   No. f-s =     693   No. J-s =       1   No. LU-s =       6
  No. nonlinear iterations =      22
  No. nonlinear convergence failures =       0
  No. error test failures =       0
  Last step size used =    0.84465E+07
  Index compenent largest error = ********

 ...  191 / 206

 No. steps =      18   No. f-s =     693   No. J-s =       1   No. LU-s =       6
  No. nonlinear iterations =      22
  No. nonlinear convergence failures =       0
  No. error test failures =       0
  Last step size used =    0.85071E+07
  Index compenent largest error = ********

 ...  192 / 206

 No. steps =      18   No. f-s =     693   No. J-s =       1   No. LU-s =       6
  No. nonlinear iterations =      22
  No. nonlinear convergence failures =       0
  No. error test failures =       0
  Last step size used =    0.85802E+07
  Index compenent largest error = ********

 ...  193 / 206

 No. steps =      18   No. f-s =     693   No. J-s =       1   No. LU-s =       6
  No. nonlinear iterations =      22
  No. nonlinear convergence failures =       0
  No. error test failures =       0
  Last step size used =    0.87076E+07
  Index compenent largest error = ********

 ...  194 / 206

 No. steps =      18   No. f-s =     693   No. J-s =       1   No. LU-s =       6
  No. nonlinear iterations =      22
  No. nonlinear convergence failures =       0
  No. error test failures =       0
  Last step size used =    0.86285E+07
  Index compenent largest error = ********

 ...  195 / 206

 No. steps =      18   No. f-s =     693   No. J-s =       1   No. LU-s =       6
  No. nonlinear iterations =      22
  No. nonlinear convergence failures =       0
  No. error test failures =       0
  Last step size used =    0.86432E+07
  Index compenent largest error = ********

 ...  196 / 206

 No. steps =      18   No. f-s =     693   No. J-s =       1   No. LU-s =       6
  No. nonlinear iterations =      22
  No. nonlinear convergence failures =       0
  No. error test failures =       0
  Last step size used =    0.87564E+07
  Index compenent largest error = ********

 ...  197 / 206

 No. steps =      18   No. f-s =     693   No. J-s =       1   No. LU-s =       6
  No. nonlinear iterations =      22
  No. nonlinear convergence failures =       0
  No. error test failures =       0
  Last step size used =    0.89592E+07
  Index compenent largest error = ********

 ...  198 / 206

 No. steps =      18   No. f-s =     693   No. J-s =       1   No. LU-s =       6
  No. nonlinear iterations =      22
  No. nonlinear convergence failures =       0
  No. error test failures =       0
  Last step size used =    0.91201E+07
  Index compenent largest error = ********

 ...  199 / 206

 No. steps =      18   No. f-s =     693   No. J-s =       1   No. LU-s =       6
  No. nonlinear iterations =      22
  No. nonlinear convergence failures =       0
  No. error test failures =       0
  Last step size used =    0.90994E+07
  Index compenent largest error = ********

 ...  200 / 206

 No. steps =      18   No. f-s =     693   No. J-s =       1   No. LU-s =       6
  No. nonlinear iterations =      22
  No. nonlinear convergence failures =       0
  No. error test failures =       0
  Last step size used =    0.89968E+07
  Index compenent largest error = ********

 ...  201 / 206

 No. steps =      18   No. f-s =     693   No. J-s =       1   No. LU-s =       6
  No. nonlinear iterations =      22
  No. nonlinear convergence failures =       0
  No. error test failures =       0
  Last step size used =    0.92418E+07
  Index compenent largest error = ********

 ...  202 / 206

 No. steps =      18   No. f-s =     693   No. J-s =       1   No. LU-s =       6
  No. nonlinear iterations =      22
  No. nonlinear convergence failures =       0
  No. error test failures =       0
  Last step size used =    0.73263E+07
  Index compenent largest error = ********

 ...  203 / 206

 No. steps =      18   No. f-s =     693   No. J-s =       1   No. LU-s =       6
  No. nonlinear iterations =      22
  No. nonlinear convergence failures =       0
  No. error test failures =       0
  Last step size used =    0.92903E+07
  Index compenent largest error = ********

 ...  204 / 206

 No. steps =      18   No. f-s =     693   No. J-s =       1   No. LU-s =       6
  No. nonlinear iterations =      22
  No. nonlinear convergence failures =       0
  No. error test failures =       0
  Last step size used =    0.74917E+07
  Index compenent largest error = ********

 ...  205 / 206

 No. steps =      18   No. f-s =     693   No. J-s =       1   No. LU-s =       6
  No. nonlinear iterations =      22
  No. nonlinear convergence failures =       0
  No. error test failures =       0
  Last step size used =    0.74449E+07
  Index compenent largest error = ********

 ...  206 / 206

 No. steps =      18   No. f-s =     693   No. J-s =       1   No. LU-s =       6
  No. nonlinear iterations =      22
  No. nonlinear convergence failures =       0
  No. error test failures =       0
  Last step size used =    0.74486E+07
  Index compenent largest error = ********


    ... DONE!
 +++++++++++++++++++++++++++++++++++++++++++++++++++


+------------------ Job Report: 10176598 (COMPLETED) ------------------+
| Memory (RAM)  No data available                                      |
| CPU           [##########          ] 50.0% average                   |
| Time          [>                   ]  0.9% (0-00:00:34 / 0-01:00:00) |
|                                                                      |
| Lustre Filesystem:                                                   |
|   No data available                                                  |
+----------------------------------------------------------------------+
