Starting job 10175762, array task 394 on dave36
Chemistry type: Orich
Analysis mode: false
Found 462 valid particle IDs in /fred/oz304/beckers/Chemistry/traces/wind_v10/trace_output_with_av
Returning 460 particle IDs (after start_index=2 offset)
SLURM task 394: processing particle 3571144
Running Orich evolving_model on 1 phantom particle trace(s) from wind_v10

 +++++++++++++++++++++++++++++++++++++++++++++++++++
 +++++        ENVELOPE CHEMICAL MODEL         ++++++
 +++++++++++++++++++++++++++++++++++++++++++++++++++

 Version 1.0 authored by Catherine Walsh and Maria 
    Drozdovskaya, Leiden Observatory (01/08/2013)

 Version 1.1 amended by Catherine Walsh (18/05/2014)

 Version 1.2 amended by Catherine Walsh (13/08/2015)

 +++++++++++++++++++++++++++++++++++++++++++++++++++

          Input file =  Orich/param/trace_file_param/file_parameters_3571144.txt              

 Physical conditions  = Orich/input/3571144.txt                                               
 Chemical network     = ./rate12_complex.rates                                                
 Species file         = ./rate12_complex_atomic_Orich.specs                                   
 Binding energies     = ./rate12_binding.dat                                                  
 Reaction parameters  = param/reaction_parameters.txt                                         
 Grain parameters     = param/grain_parameters.txt                                            
 Radiation parameters = param/radiation_parameters.txt                                        

 Output file          = Orich/output/model_output_3571144.dat                                 
 Rates file           = Orich/output/model_rates_3571144.dat                                  

 Opening and reading physical conditions file ...

 +++++++++++++++++++++++++++++++++++++++++++++++++++
 Beginning to run model ...
 +++++++++++++++++++++++++++++++++++++++++++++++++++

 Preparing output files ...

 Progress = ...
 ...    1 / 218

 No. steps =    1342   No. f-s =   20735   No. J-s =      28   No. LU-s =     232
  No. nonlinear iterations =    2030
  No. nonlinear convergence failures =       0
  No. error test failures =      87
  Last step size used =    0.78095E+09
  Index compenent largest error = ********

 ...    2 / 218

 No. steps =     106   No. f-s =    2132   No. J-s =       3   No. LU-s =      20
  No. nonlinear iterations =     125
  No. nonlinear convergence failures =       0
  No. error test failures =       1
  Last step size used =    0.37430E+07
  Index compenent largest error = ********

 ...    3 / 218

 No. steps =      97   No. f-s =    1455   No. J-s =       2   No. LU-s =      21
  No. nonlinear iterations =     116
  No. nonlinear convergence failures =       0
  No. error test failures =       3
  Last step size used =    0.29424E+07
  Index compenent largest error = ********

 ...    4 / 218

 No. steps =      91   No. f-s =    1443   No. J-s =       2   No. LU-s =      19
  No. nonlinear iterations =     104
  No. nonlinear convergence failures =       0
  No. error test failures =       1
  Last step size used =    0.40589E+07
  Index compenent largest error = ********

 ...    5 / 218

 No. steps =      82   No. f-s =    1436   No. J-s =       2   No. LU-s =      15
  No. nonlinear iterations =      97
  No. nonlinear convergence failures =       0
  No. error test failures =       0
  Last step size used =    0.29276E+07
  Index compenent largest error = ********

 ...    6 / 218

 No. steps =      77   No. f-s =    1428   No. J-s =       2   No. LU-s =      15
  No. nonlinear iterations =      89
  No. nonlinear convergence failures =       0
  No. error test failures =       0
  Last step size used =    0.44443E+07
  Index compenent largest error = ********

 ...    7 / 218

 No. steps =      69   No. f-s =    1419   No. J-s =       2   No. LU-s =      15
  No. nonlinear iterations =      80
  No. nonlinear convergence failures =       0
  No. error test failures =       0
  Last step size used =    0.41130E+07
  Index compenent largest error = ********

 ...    8 / 218

 No. steps =      60   No. f-s =    1410   No. J-s =       2   No. LU-s =      13
  No. nonlinear iterations =      71
  No. nonlinear convergence failures =       0
  No. error test failures =       0
  Last step size used =    0.38541E+07
  Index compenent largest error = ********

 ...    9 / 218

 No. steps =      61   No. f-s =    1410   No. J-s =       2   No. LU-s =      13
  No. nonlinear iterations =      71
  No. nonlinear convergence failures =       0
  No. error test failures =       0
  Last step size used =    0.30946E+07
  Index compenent largest error = ********

 ...   10 / 218

 No. steps =      58   No. f-s =    1405   No. J-s =       2   No. LU-s =      12
  No. nonlinear iterations =      66
  No. nonlinear convergence failures =       0
  No. error test failures =       0
  Last step size used =    0.31393E+07
  Index compenent largest error = ********

 ...   11 / 218

 No. steps =      54   No. f-s =    1403   No. J-s =       2   No. LU-s =      12
  No. nonlinear iterations =      64
  No. nonlinear convergence failures =       0
  No. error test failures =       0
  Last step size used =    0.37638E+07
  Index compenent largest error = ********

 ...   12 / 218

 No. steps =      54   No. f-s =    1401   No. J-s =       2   No. LU-s =      12
  No. nonlinear iterations =      62
  No. nonlinear convergence failures =       0
  No. error test failures =       0
  Last step size used =    0.39645E+07
  Index compenent largest error = ********

 ...   13 / 218

 No. steps =      52   No. f-s =     731   No. J-s =       1   No. LU-s =      11
  No. nonlinear iterations =      60
  No. nonlinear convergence failures =       0
  No. error test failures =       0
  Last step size used =    0.29719E+07
  Index compenent largest error = ********

 ...   14 / 218

 No. steps =      49   No. f-s =     729   No. J-s =       1   No. LU-s =      11
  No. nonlinear iterations =      58
  No. nonlinear convergence failures =       0
  No. error test failures =       0
  Last step size used =    0.37293E+07
  Index compenent largest error = ********

 ...   15 / 218

 No. steps =      48   No. f-s =     727   No. J-s =       1   No. LU-s =      11
  No. nonlinear iterations =      56
  No. nonlinear convergence failures =       0
  No. error test failures =       0
  Last step size used =    0.36976E+07
  Index compenent largest error = ********

 ...   16 / 218

 No. steps =      47   No. f-s =     726   No. J-s =       1   No. LU-s =      11
  No. nonlinear iterations =      55
  No. nonlinear convergence failures =       0
  No. error test failures =       0
  Last step size used =    0.39654E+07
  Index compenent largest error = ********

 ...   17 / 218

 No. steps =      47   No. f-s =     725   No. J-s =       1   No. LU-s =      11
  No. nonlinear iterations =      54
  No. nonlinear convergence failures =       0
  No. error test failures =       0
  Last step size used =    0.48106E+07
  Index compenent largest error = ********

 ...   18 / 218

 No. steps =      45   No. f-s =     724   No. J-s =       1   No. LU-s =      10
  No. nonlinear iterations =      53
  No. nonlinear convergence failures =       0
  No. error test failures =       0
  Last step size used =    0.34942E+07
  Index compenent largest error = ********

 ...   19 / 218

 No. steps =      43   No. f-s =     723   No. J-s =       1   No. LU-s =      11
  No. nonlinear iterations =      52
  No. nonlinear convergence failures =       0
  No. error test failures =       0
  Last step size used =    0.40034E+07
  Index compenent largest error = ********

 ...   20 / 218

 No. steps =      42   No. f-s =     721   No. J-s =       1   No. LU-s =      10
  No. nonlinear iterations =      50
  No. nonlinear convergence failures =       0
  No. error test failures =       0
  Last step size used =    0.42816E+07
  Index compenent largest error = ********

 ...   21 / 218

 No. steps =      41   No. f-s =     719   No. J-s =       1   No. LU-s =      10
  No. nonlinear iterations =      48
  No. nonlinear convergence failures =       0
  No. error test failures =       0
  Last step size used =    0.48470E+07
  Index compenent largest error = ********

 ...   22 / 218

 No. steps =      39   No. f-s =     717   No. J-s =       1   No. LU-s =       9
  No. nonlinear iterations =      46
  No. nonlinear convergence failures =       0
  No. error test failures =       0
  Last step size used =    0.37539E+07
  Index compenent largest error = ********

 ...   23 / 218

 No. steps =      39   No. f-s =     717   No. J-s =       1   No. LU-s =      10
  No. nonlinear iterations =      46
  No. nonlinear convergence failures =       0
  No. error test failures =       0
  Last step size used =    0.38814E+07
  Index compenent largest error = ********

 ...   24 / 218

 No. steps =      39   No. f-s =     717   No. J-s =       1   No. LU-s =      10
  No. nonlinear iterations =      46
  No. nonlinear convergence failures =       0
  No. error test failures =       0
  Last step size used =    0.49329E+07
  Index compenent largest error = ********

 ...   25 / 218

 No. steps =      37   No. f-s =     715   No. J-s =       1   No. LU-s =      10
  No. nonlinear iterations =      44
  No. nonlinear convergence failures =       0
  No. error test failures =       0
  Last step size used =    0.51809E+07
  Index compenent largest error = ********

 ...   26 / 218

 No. steps =      35   No. f-s =     712   No. J-s =       1   No. LU-s =      10
  No. nonlinear iterations =      41
  No. nonlinear convergence failures =       0
  No. error test failures =       0
  Last step size used =    0.57015E+07
  Index compenent largest error = ********

 ...   27 / 218

 No. steps =      34   No. f-s =     710   No. J-s =       1   No. LU-s =       8
  No. nonlinear iterations =      39
  No. nonlinear convergence failures =       0
  No. error test failures =       0
  Last step size used =    0.36681E+07
  Index compenent largest error = ********

 ...   28 / 218

 No. steps =      33   No. f-s =     709   No. J-s =       1   No. LU-s =       8
  No. nonlinear iterations =      38
  No. nonlinear convergence failures =       0
  No. error test failures =       0
  Last step size used =    0.40160E+07
  Index compenent largest error = ********

 ...   29 / 218

 No. steps =      31   No. f-s =     710   No. J-s =       1   No. LU-s =       8
  No. nonlinear iterations =      39
  No. nonlinear convergence failures =       0
  No. error test failures =       0
  Last step size used =    0.47465E+07
  Index compenent largest error = ********

 ...   30 / 218

 No. steps =      32   No. f-s =     708   No. J-s =       1   No. LU-s =       7
  No. nonlinear iterations =      37
  No. nonlinear convergence failures =       0
  No. error test failures =       0
  Last step size used =    0.48878E+07
  Index compenent largest error = ********

 ...   31 / 218

 No. steps =      30   No. f-s =     707   No. J-s =       1   No. LU-s =       7
  No. nonlinear iterations =      36
  No. nonlinear convergence failures =       0
  No. error test failures =       0
  Last step size used =    0.58819E+07
  Index compenent largest error = ********

 ...   32 / 218

 No. steps =      30   No. f-s =     706   No. J-s =       1   No. LU-s =       6
  No. nonlinear iterations =      35
  No. nonlinear convergence failures =       0
  No. error test failures =       0
  Last step size used =    0.53113E+07
  Index compenent largest error = ********

 ...   33 / 218

 No. steps =      28   No. f-s =     705   No. J-s =       1   No. LU-s =       7
  No. nonlinear iterations =      34
  No. nonlinear convergence failures =       0
  No. error test failures =       0
  Last step size used =    0.55911E+07
  Index compenent largest error = ********

 ...   34 / 218

 No. steps =      29   No. f-s =     707   No. J-s =       1   No. LU-s =       8
  No. nonlinear iterations =      36
  No. nonlinear convergence failures =       0
  No. error test failures =       0
  Last step size used =    0.45438E+07
  Index compenent largest error = ********

 ...   35 / 218

 No. steps =      30   No. f-s =     707   No. J-s =       1   No. LU-s =       9
  No. nonlinear iterations =      36
  No. nonlinear convergence failures =       0
  No. error test failures =       0
  Last step size used =    0.66420E+07
  Index compenent largest error = ********

 ...   36 / 218

 No. steps =      30   No. f-s =     707   No. J-s =       1   No. LU-s =       9
  No. nonlinear iterations =      36
  No. nonlinear convergence failures =       0
  No. error test failures =       0
  Last step size used =    0.67877E+07
  Index compenent largest error = ********

 ...   37 / 218

 No. steps =      30   No. f-s =     706   No. J-s =       1   No. LU-s =       9
  No. nonlinear iterations =      35
  No. nonlinear convergence failures =       0
  No. error test failures =       0
  Last step size used =    0.72945E+07
  Index compenent largest error = ********

 ...   38 / 218

 No. steps =      28   No. f-s =     703   No. J-s =       1   No. LU-s =       7
  No. nonlinear iterations =      32
  No. nonlinear convergence failures =       0
  No. error test failures =       0
  Last step size used =    0.40764E+07
  Index compenent largest error = ********

 ...   39 / 218

 No. steps =      25   No. f-s =     700   No. J-s =       1   No. LU-s =       6
  No. nonlinear iterations =      29
  No. nonlinear convergence failures =       0
  No. error test failures =       0
  Last step size used =    0.59727E+07
  Index compenent largest error = ********

 ...   40 / 218

 No. steps =      24   No. f-s =     699   No. J-s =       1   No. LU-s =       6
  No. nonlinear iterations =      28
  No. nonlinear convergence failures =       0
  No. error test failures =       0
  Last step size used =    0.74253E+07
  Index compenent largest error = ********

 ...   41 / 218

 No. steps =      22   No. f-s =     698   No. J-s =       1   No. LU-s =       7
  No. nonlinear iterations =      27
  No. nonlinear convergence failures =       0
  No. error test failures =       0
  Last step size used =    0.72548E+07
  Index compenent largest error = ********

 ...   42 / 218

 No. steps =      25   No. f-s =     701   No. J-s =       1   No. LU-s =       7
  No. nonlinear iterations =      30
  No. nonlinear convergence failures =       0
  No. error test failures =       0
  Last step size used =    0.61060E+07
  Index compenent largest error = ********

 ...   43 / 218

 No. steps =      29   No. f-s =     704   No. J-s =       1   No. LU-s =       7
  No. nonlinear iterations =      33
  No. nonlinear convergence failures =       0
  No. error test failures =       0
  Last step size used =    0.59818E+07
  Index compenent largest error = ********

 ...   44 / 218

 No. steps =      31   No. f-s =     708   No. J-s =       1   No. LU-s =       8
  No. nonlinear iterations =      37
  No. nonlinear convergence failures =       0
  No. error test failures =       0
  Last step size used =    0.59508E+07
  Index compenent largest error = ********

 ...   45 / 218

 No. steps =      32   No. f-s =     709   No. J-s =       1   No. LU-s =       8
  No. nonlinear iterations =      38
  No. nonlinear convergence failures =       0
  No. error test failures =       0
  Last step size used =    0.51056E+07
  Index compenent largest error = ********

 ...   46 / 218

 No. steps =      33   No. f-s =     709   No. J-s =       1   No. LU-s =       7
  No. nonlinear iterations =      38
  No. nonlinear convergence failures =       0
  No. error test failures =       0
  Last step size used =    0.47901E+07
  Index compenent largest error = ********

 ...   47 / 218

 No. steps =      34   No. f-s =     711   No. J-s =       1   No. LU-s =       7
  No. nonlinear iterations =      40
  No. nonlinear convergence failures =       0
  No. error test failures =       0
  Last step size used =    0.44510E+07
  Index compenent largest error = ********

 ...   48 / 218

 No. steps =      35   No. f-s =     713   No. J-s =       1   No. LU-s =       8
  No. nonlinear iterations =      42
  No. nonlinear convergence failures =       0
  No. error test failures =       0
  Last step size used =    0.47320E+07
  Index compenent largest error = ********

 ...   49 / 218

 No. steps =      35   No. f-s =     713   No. J-s =       1   No. LU-s =       8
  No. nonlinear iterations =      42
  No. nonlinear convergence failures =       0
  No. error test failures =       0
  Last step size used =    0.45585E+07
  Index compenent largest error = ********

 ...   50 / 218

 No. steps =      36   No. f-s =     713   No. J-s =       1   No. LU-s =       7
  No. nonlinear iterations =      42
  No. nonlinear convergence failures =       0
  No. error test failures =       0
  Last step size used =    0.44423E+07
  Index compenent largest error = ********

 ...   51 / 218

 No. steps =      36   No. f-s =     713   No. J-s =       1   No. LU-s =       7
  No. nonlinear iterations =      42
  No. nonlinear convergence failures =       0
  No. error test failures =       0
  Last step size used =    0.43223E+07
  Index compenent largest error = ********

 ...   52 / 218

 No. steps =      36   No. f-s =     713   No. J-s =       1   No. LU-s =       7
  No. nonlinear iterations =      42
  No. nonlinear convergence failures =       0
  No. error test failures =       0
  Last step size used =    0.43430E+07
  Index compenent largest error = ********

 ...   53 / 218

 No. steps =      36   No. f-s =     713   No. J-s =       1   No. LU-s =       7
  No. nonlinear iterations =      42
  No. nonlinear convergence failures =       0
  No. error test failures =       0
  Last step size used =    0.42594E+07
  Index compenent largest error = ********

 ...   54 / 218

 No. steps =      36   No. f-s =     713   No. J-s =       1   No. LU-s =       7
  No. nonlinear iterations =      42
  No. nonlinear convergence failures =       0
  No. error test failures =       0
  Last step size used =    0.43038E+07
  Index compenent largest error = ********

 ...   55 / 218

 No. steps =      36   No. f-s =     713   No. J-s =       1   No. LU-s =       7
  No. nonlinear iterations =      42
  No. nonlinear convergence failures =       0
  No. error test failures =       0
  Last step size used =    0.43298E+07
  Index compenent largest error = ********

 ...   56 / 218

 No. steps =      36   No. f-s =     713   No. J-s =       1   No. LU-s =       7
  No. nonlinear iterations =      42
  No. nonlinear convergence failures =       0
  No. error test failures =       0
  Last step size used =    0.44654E+07
  Index compenent largest error = ********

 ...   57 / 218

 No. steps =      36   No. f-s =     713   No. J-s =       1   No. LU-s =       7
  No. nonlinear iterations =      42
  No. nonlinear convergence failures =       0
  No. error test failures =       0
  Last step size used =    0.45187E+07
  Index compenent largest error = ********

 ...   58 / 218

 No. steps =      35   No. f-s =     713   No. J-s =       1   No. LU-s =       8
  No. nonlinear iterations =      42
  No. nonlinear convergence failures =       0
  No. error test failures =       0
  Last step size used =    0.48993E+07
  Index compenent largest error = ********

 ...   59 / 218

 No. steps =      35   No. f-s =     712   No. J-s =       1   No. LU-s =       7
  No. nonlinear iterations =      41
  No. nonlinear convergence failures =       0
  No. error test failures =       0
  Last step size used =    0.47619E+07
  Index compenent largest error = ********

 ...   60 / 218

 No. steps =      35   No. f-s =     713   No. J-s =       1   No. LU-s =       8
  No. nonlinear iterations =      42
  No. nonlinear convergence failures =       0
  No. error test failures =       0
  Last step size used =    0.48004E+07
  Index compenent largest error = ********

 ...   61 / 218

 No. steps =      35   No. f-s =     713   No. J-s =       1   No. LU-s =       8
  No. nonlinear iterations =      42
  No. nonlinear convergence failures =       0
  No. error test failures =       0
  Last step size used =    0.49308E+07
  Index compenent largest error = ********

 ...   62 / 218

 No. steps =      35   No. f-s =     713   No. J-s =       1   No. LU-s =       8
  No. nonlinear iterations =      42
  No. nonlinear convergence failures =       0
  No. error test failures =       0
  Last step size used =    0.49119E+07
  Index compenent largest error = ********

 ...   63 / 218

 No. steps =      35   No. f-s =     713   No. J-s =       1   No. LU-s =       8
  No. nonlinear iterations =      42
  No. nonlinear convergence failures =       0
  No. error test failures =       0
  Last step size used =    0.48784E+07
  Index compenent largest error = ********

 ...   64 / 218

 No. steps =      35   No. f-s =     713   No. J-s =       1   No. LU-s =       8
  No. nonlinear iterations =      42
  No. nonlinear convergence failures =       0
  No. error test failures =       0
  Last step size used =    0.48110E+07
  Index compenent largest error = ********

 ...   65 / 218

 No. steps =      35   No. f-s =     713   No. J-s =       1   No. LU-s =       8
  No. nonlinear iterations =      42
  No. nonlinear convergence failures =       0
  No. error test failures =       0
  Last step size used =    0.49521E+07
  Index compenent largest error = ********

 ...   66 / 218

 No. steps =      34   No. f-s =     712   No. J-s =       1   No. LU-s =       8
  No. nonlinear iterations =      41
  No. nonlinear convergence failures =       0
  No. error test failures =       0
  Last step size used =    0.52043E+07
  Index compenent largest error = ********

 ...   67 / 218

 No. steps =      34   No. f-s =     712   No. J-s =       1   No. LU-s =       8
  No. nonlinear iterations =      41
  No. nonlinear convergence failures =       0
  No. error test failures =       0
  Last step size used =    0.50672E+07
  Index compenent largest error = ********

 ...   68 / 218

 No. steps =      34   No. f-s =     712   No. J-s =       1   No. LU-s =       8
  No. nonlinear iterations =      41
  No. nonlinear convergence failures =       0
  No. error test failures =       0
  Last step size used =    0.52668E+07
  Index compenent largest error = ********

 ...   69 / 218

 No. steps =      34   No. f-s =     712   No. J-s =       1   No. LU-s =       8
  No. nonlinear iterations =      41
  No. nonlinear convergence failures =       0
  No. error test failures =       0
  Last step size used =    0.54051E+07
  Index compenent largest error = ********

 ...   70 / 218

 No. steps =      34   No. f-s =     712   No. J-s =       1   No. LU-s =       8
  No. nonlinear iterations =      41
  No. nonlinear convergence failures =       0
  No. error test failures =       0
  Last step size used =    0.55822E+07
  Index compenent largest error = ********

 ...   71 / 218

 No. steps =      33   No. f-s =     710   No. J-s =       1   No. LU-s =       7
  No. nonlinear iterations =      39
  No. nonlinear convergence failures =       0
  No. error test failures =       0
  Last step size used =    0.49660E+07
  Index compenent largest error = ********

 ...   72 / 218

 No. steps =      34   No. f-s =     712   No. J-s =       1   No. LU-s =       8
  No. nonlinear iterations =      41
  No. nonlinear convergence failures =       0
  No. error test failures =       0
  Last step size used =    0.56578E+07
  Index compenent largest error = ********

 ...   73 / 218

 No. steps =      33   No. f-s =     710   No. J-s =       1   No. LU-s =       7
  No. nonlinear iterations =      39
  No. nonlinear convergence failures =       0
  No. error test failures =       0
  Last step size used =    0.49453E+07
  Index compenent largest error = ********

 ...   74 / 218

 No. steps =      33   No. f-s =     710   No. J-s =       1   No. LU-s =       7
  No. nonlinear iterations =      39
  No. nonlinear convergence failures =       0
  No. error test failures =       0
  Last step size used =    0.48301E+07
  Index compenent largest error = ********

 ...   75 / 218

 No. steps =      34   No. f-s =     711   No. J-s =       1   No. LU-s =       7
  No. nonlinear iterations =      40
  No. nonlinear convergence failures =       0
  No. error test failures =       0
  Last step size used =    0.46997E+07
  Index compenent largest error = ********

 ...   76 / 218

 No. steps =      33   No. f-s =     710   No. J-s =       1   No. LU-s =       7
  No. nonlinear iterations =      39
  No. nonlinear convergence failures =       0
  No. error test failures =       0
  Last step size used =    0.47925E+07
  Index compenent largest error = ********

 ...   77 / 218

 No. steps =      33   No. f-s =     710   No. J-s =       1   No. LU-s =       7
  No. nonlinear iterations =      39
  No. nonlinear convergence failures =       0
  No. error test failures =       0
  Last step size used =    0.52598E+07
  Index compenent largest error = ********

 ...   78 / 218

 No. steps =      33   No. f-s =     710   No. J-s =       1   No. LU-s =       7
  No. nonlinear iterations =      39
  No. nonlinear convergence failures =       0
  No. error test failures =       0
  Last step size used =    0.52311E+07
  Index compenent largest error = ********

 ...   79 / 218

 No. steps =      33   No. f-s =     710   No. J-s =       1   No. LU-s =       7
  No. nonlinear iterations =      39
  No. nonlinear convergence failures =       0
  No. error test failures =       0
  Last step size used =    0.52757E+07
  Index compenent largest error = ********

 ...   80 / 218

 No. steps =      33   No. f-s =     710   No. J-s =       1   No. LU-s =       7
  No. nonlinear iterations =      39
  No. nonlinear convergence failures =       0
  No. error test failures =       0
  Last step size used =    0.54669E+07
  Index compenent largest error = ********

 ...   81 / 218

 No. steps =      32   No. f-s =     709   No. J-s =       1   No. LU-s =       7
  No. nonlinear iterations =      38
  No. nonlinear convergence failures =       0
  No. error test failures =       0
  Last step size used =    0.57268E+07
  Index compenent largest error = ********

 ...   82 / 218

 No. steps =      32   No. f-s =     708   No. J-s =       1   No. LU-s =       7
  No. nonlinear iterations =      37
  No. nonlinear convergence failures =       0
  No. error test failures =       0
  Last step size used =    0.58059E+07
  Index compenent largest error = ********

 ...   83 / 218

 No. steps =      30   No. f-s =     707   No. J-s =       1   No. LU-s =       7
  No. nonlinear iterations =      36
  No. nonlinear convergence failures =       0
  No. error test failures =       0
  Last step size used =    0.49985E+07
  Index compenent largest error = ********

 ...   84 / 218

 No. steps =      29   No. f-s =     706   No. J-s =       1   No. LU-s =       7
  No. nonlinear iterations =      35
  No. nonlinear convergence failures =       0
  No. error test failures =       0
  Last step size used =    0.47613E+07
  Index compenent largest error = ********

 ...   85 / 218

 No. steps =      29   No. f-s =     706   No. J-s =       1   No. LU-s =       7
  No. nonlinear iterations =      35
  No. nonlinear convergence failures =       0
  No. error test failures =       0
  Last step size used =    0.50157E+07
  Index compenent largest error = ********

 ...   86 / 218

 No. steps =      29   No. f-s =     705   No. J-s =       1   No. LU-s =       7
  No. nonlinear iterations =      34
  No. nonlinear convergence failures =       0
  No. error test failures =       0
  Last step size used =    0.49330E+07
  Index compenent largest error = ********

 ...   87 / 218

 No. steps =      29   No. f-s =     705   No. J-s =       1   No. LU-s =       7
  No. nonlinear iterations =      34
  No. nonlinear convergence failures =       0
  No. error test failures =       0
  Last step size used =    0.48637E+07
  Index compenent largest error = ********

 ...   88 / 218

 No. steps =      29   No. f-s =     705   No. J-s =       1   No. LU-s =       8
  No. nonlinear iterations =      34
  No. nonlinear convergence failures =       0
  No. error test failures =       0
  Last step size used =    0.73815E+07
  Index compenent largest error = ********

 ...   89 / 218

 No. steps =      29   No. f-s =     706   No. J-s =       1   No. LU-s =       8
  No. nonlinear iterations =      35
  No. nonlinear convergence failures =       0
  No. error test failures =       0
  Last step size used =    0.62703E+07
  Index compenent largest error = ********

 ...   90 / 218

 No. steps =      29   No. f-s =     706   No. J-s =       1   No. LU-s =       8
  No. nonlinear iterations =      35
  No. nonlinear convergence failures =       0
  No. error test failures =       0
  Last step size used =    0.63775E+07
  Index compenent largest error = ********

 ...   91 / 218

 No. steps =      28   No. f-s =     704   No. J-s =       1   No. LU-s =       8
  No. nonlinear iterations =      33
  No. nonlinear convergence failures =       0
  No. error test failures =       0
  Last step size used =    0.56949E+07
  Index compenent largest error = ********

 ...   92 / 218

 No. steps =      28   No. f-s =     704   No. J-s =       1   No. LU-s =       8
  No. nonlinear iterations =      33
  No. nonlinear convergence failures =       0
  No. error test failures =       0
  Last step size used =    0.59190E+07
  Index compenent largest error = ********

 ...   93 / 218

 No. steps =      28   No. f-s =     704   No. J-s =       1   No. LU-s =       8
  No. nonlinear iterations =      33
  No. nonlinear convergence failures =       0
  No. error test failures =       0
  Last step size used =    0.64592E+07
  Index compenent largest error = ********

 ...   94 / 218

 No. steps =      27   No. f-s =     703   No. J-s =       1   No. LU-s =       8
  No. nonlinear iterations =      32
  No. nonlinear convergence failures =       0
  No. error test failures =       0
  Last step size used =    0.69465E+07
  Index compenent largest error = ********

 ...   95 / 218

 No. steps =      27   No. f-s =     703   No. J-s =       1   No. LU-s =       8
  No. nonlinear iterations =      32
  No. nonlinear convergence failures =       0
  No. error test failures =       0
  Last step size used =    0.66114E+07
  Index compenent largest error = ********

 ...   96 / 218

 No. steps =      26   No. f-s =     702   No. J-s =       1   No. LU-s =       8
  No. nonlinear iterations =      31
  No. nonlinear convergence failures =       0
  No. error test failures =       0
  Last step size used =    0.72606E+07
  Index compenent largest error = ********

 ...   97 / 218

 No. steps =      27   No. f-s =     703   No. J-s =       1   No. LU-s =       8
  No. nonlinear iterations =      32
  No. nonlinear convergence failures =       0
  No. error test failures =       0
  Last step size used =    0.65433E+07
  Index compenent largest error = ********

 ...   98 / 218

 No. steps =      27   No. f-s =     703   No. J-s =       1   No. LU-s =       8
  No. nonlinear iterations =      32
  No. nonlinear convergence failures =       0
  No. error test failures =       0
  Last step size used =    0.67703E+07
  Index compenent largest error = ********

 ...   99 / 218

 No. steps =      27   No. f-s =     703   No. J-s =       1   No. LU-s =       8
  No. nonlinear iterations =      32
  No. nonlinear convergence failures =       0
  No. error test failures =       0
  Last step size used =    0.67259E+07
  Index compenent largest error = ********

 ...  100 / 218

 No. steps =      27   No. f-s =     703   No. J-s =       1   No. LU-s =       8
  No. nonlinear iterations =      32
  No. nonlinear convergence failures =       0
  No. error test failures =       0
  Last step size used =    0.65412E+07
  Index compenent largest error = ********

 ...  101 / 218

 No. steps =      27   No. f-s =     703   No. J-s =       1   No. LU-s =       8
  No. nonlinear iterations =      32
  No. nonlinear convergence failures =       0
  No. error test failures =       0
  Last step size used =    0.63780E+07
  Index compenent largest error = ********

 ...  102 / 218

 No. steps =      27   No. f-s =     702   No. J-s =       1   No. LU-s =       8
  No. nonlinear iterations =      31
  No. nonlinear convergence failures =       0
  No. error test failures =       0
  Last step size used =    0.60431E+07
  Index compenent largest error = ********

 ...  103 / 218

 No. steps =      27   No. f-s =     703   No. J-s =       1   No. LU-s =       8
  No. nonlinear iterations =      32
  No. nonlinear convergence failures =       0
  No. error test failures =       0
  Last step size used =    0.49968E+07
  Index compenent largest error = ********

 ...  104 / 218

 No. steps =      27   No. f-s =     703   No. J-s =       1   No. LU-s =       8
  No. nonlinear iterations =      32
  No. nonlinear convergence failures =       0
  No. error test failures =       0
  Last step size used =    0.49309E+07
  Index compenent largest error = ********

 ...  105 / 218

 No. steps =      25   No. f-s =     702   No. J-s =       1   No. LU-s =       8
  No. nonlinear iterations =      31
  No. nonlinear convergence failures =       0
  No. error test failures =       0
  Last step size used =    0.53230E+07
  Index compenent largest error = ********

 ...  106 / 218

 No. steps =      26   No. f-s =     704   No. J-s =       1   No. LU-s =       9
  No. nonlinear iterations =      33
  No. nonlinear convergence failures =       0
  No. error test failures =       0
  Last step size used =    0.90610E+07
  Index compenent largest error = ********

 ...  107 / 218

 No. steps =      27   No. f-s =     704   No. J-s =       1   No. LU-s =       8
  No. nonlinear iterations =      33
  No. nonlinear convergence failures =       0
  No. error test failures =       0
  Last step size used =    0.61567E+07
  Index compenent largest error = ********

 ...  108 / 218

 No. steps =      27   No. f-s =     706   No. J-s =       1   No. LU-s =       9
  No. nonlinear iterations =      35
  No. nonlinear convergence failures =       0
  No. error test failures =       0
  Last step size used =    0.89087E+07
  Index compenent largest error = ********

 ...  109 / 218

 No. steps =      27   No. f-s =     706   No. J-s =       1   No. LU-s =       9
  No. nonlinear iterations =      35
  No. nonlinear convergence failures =       0
  No. error test failures =       0
  Last step size used =    0.88386E+07
  Index compenent largest error = ********

 ...  110 / 218

 No. steps =      27   No. f-s =     706   No. J-s =       1   No. LU-s =       9
  No. nonlinear iterations =      35
  No. nonlinear convergence failures =       0
  No. error test failures =       0
  Last step size used =    0.86931E+07
  Index compenent largest error = ********

 ...  111 / 218

 No. steps =      27   No. f-s =     706   No. J-s =       1   No. LU-s =       9
  No. nonlinear iterations =      35
  No. nonlinear convergence failures =       0
  No. error test failures =       0
  Last step size used =    0.84500E+07
  Index compenent largest error = ********

 ...  112 / 218

 No. steps =      27   No. f-s =     703   No. J-s =       1   No. LU-s =       8
  No. nonlinear iterations =      32
  No. nonlinear convergence failures =       0
  No. error test failures =       0
  Last step size used =    0.65434E+07
  Index compenent largest error = ********

 ...  113 / 218

 No. steps =      27   No. f-s =     703   No. J-s =       1   No. LU-s =       8
  No. nonlinear iterations =      32
  No. nonlinear convergence failures =       0
  No. error test failures =       0
  Last step size used =    0.64395E+07
  Index compenent largest error = ********

 ...  114 / 218

 No. steps =      27   No. f-s =     706   No. J-s =       1   No. LU-s =       9
  No. nonlinear iterations =      35
  No. nonlinear convergence failures =       0
  No. error test failures =       0
  Last step size used =    0.83194E+07
  Index compenent largest error = ********

 ...  115 / 218

 No. steps =      27   No. f-s =     706   No. J-s =       1   No. LU-s =       9
  No. nonlinear iterations =      35
  No. nonlinear convergence failures =       0
  No. error test failures =       0
  Last step size used =    0.83254E+07
  Index compenent largest error = ********

 ...  116 / 218

 No. steps =      27   No. f-s =     706   No. J-s =       1   No. LU-s =       9
  No. nonlinear iterations =      35
  No. nonlinear convergence failures =       0
  No. error test failures =       0
  Last step size used =    0.83136E+07
  Index compenent largest error = ********

 ...  117 / 218

 No. steps =      26   No. f-s =     703   No. J-s =       1   No. LU-s =       8
  No. nonlinear iterations =      32
  No. nonlinear convergence failures =       0
  No. error test failures =       0
  Last step size used =    0.62891E+07
  Index compenent largest error = ********

 ...  118 / 218

 No. steps =      27   No. f-s =     703   No. J-s =       1   No. LU-s =       8
  No. nonlinear iterations =      32
  No. nonlinear convergence failures =       0
  No. error test failures =       0
  Last step size used =    0.62830E+07
  Index compenent largest error = ********

 ...  119 / 218

 No. steps =      27   No. f-s =     703   No. J-s =       1   No. LU-s =       8
  No. nonlinear iterations =      32
  No. nonlinear convergence failures =       0
  No. error test failures =       0
  Last step size used =    0.61708E+07
  Index compenent largest error = ********

 ...  120 / 218

 No. steps =      27   No. f-s =     703   No. J-s =       1   No. LU-s =       8
  No. nonlinear iterations =      32
  No. nonlinear convergence failures =       0
  No. error test failures =       0
  Last step size used =    0.61346E+07
  Index compenent largest error = ********

 ...  121 / 218

 No. steps =      27   No. f-s =     703   No. J-s =       1   No. LU-s =       8
  No. nonlinear iterations =      32
  No. nonlinear convergence failures =       0
  No. error test failures =       0
  Last step size used =    0.61584E+07
  Index compenent largest error = ********

 ...  122 / 218

 No. steps =      27   No. f-s =     703   No. J-s =       1   No. LU-s =       8
  No. nonlinear iterations =      32
  No. nonlinear convergence failures =       0
  No. error test failures =       0
  Last step size used =    0.61375E+07
  Index compenent largest error = ********

 ...  123 / 218

 No. steps =      28   No. f-s =     704   No. J-s =       1   No. LU-s =       8
  No. nonlinear iterations =      33
  No. nonlinear convergence failures =       0
  No. error test failures =       0
  Last step size used =    0.58084E+07
  Index compenent largest error = ********

 ...  124 / 218

 No. steps =      28   No. f-s =     704   No. J-s =       1   No. LU-s =       8
  No. nonlinear iterations =      33
  No. nonlinear convergence failures =       0
  No. error test failures =       0
  Last step size used =    0.58313E+07
  Index compenent largest error = ********

 ...  125 / 218

 No. steps =      28   No. f-s =     704   No. J-s =       1   No. LU-s =       8
  No. nonlinear iterations =      33
  No. nonlinear convergence failures =       0
  No. error test failures =       0
  Last step size used =    0.57746E+07
  Index compenent largest error = ********

 ...  126 / 218

 No. steps =      28   No. f-s =     704   No. J-s =       1   No. LU-s =       8
  No. nonlinear iterations =      33
  No. nonlinear convergence failures =       0
  No. error test failures =       0
  Last step size used =    0.59615E+07
  Index compenent largest error = ********

 ...  127 / 218

 No. steps =      27   No. f-s =     703   No. J-s =       1   No. LU-s =       8
  No. nonlinear iterations =      32
  No. nonlinear convergence failures =       0
  No. error test failures =       0
  Last step size used =    0.61715E+07
  Index compenent largest error = ********

 ...  128 / 218

 No. steps =      28   No. f-s =     704   No. J-s =       1   No. LU-s =       8
  No. nonlinear iterations =      33
  No. nonlinear convergence failures =       0
  No. error test failures =       0
  Last step size used =    0.59126E+07
  Index compenent largest error = ********

 ...  129 / 218

 No. steps =      28   No. f-s =     704   No. J-s =       1   No. LU-s =       8
  No. nonlinear iterations =      33
  No. nonlinear convergence failures =       0
  No. error test failures =       0
  Last step size used =    0.59720E+07
  Index compenent largest error = ********

 ...  130 / 218

 No. steps =      28   No. f-s =     704   No. J-s =       1   No. LU-s =       8
  No. nonlinear iterations =      33
  No. nonlinear convergence failures =       0
  No. error test failures =       0
  Last step size used =    0.57977E+07
  Index compenent largest error = ********

 ...  131 / 218

 No. steps =      28   No. f-s =     704   No. J-s =       1   No. LU-s =       8
  No. nonlinear iterations =      33
  No. nonlinear convergence failures =       0
  No. error test failures =       0
  Last step size used =    0.56974E+07
  Index compenent largest error = ********

 ...  132 / 218

 No. steps =      28   No. f-s =     704   No. J-s =       1   No. LU-s =       8
  No. nonlinear iterations =      33
  No. nonlinear convergence failures =       0
  No. error test failures =       0
  Last step size used =    0.56798E+07
  Index compenent largest error = ********

 ...  133 / 218

 No. steps =      28   No. f-s =     704   No. J-s =       1   No. LU-s =       8
  No. nonlinear iterations =      33
  No. nonlinear convergence failures =       0
  No. error test failures =       0
  Last step size used =    0.58663E+07
  Index compenent largest error = ********

 ...  134 / 218

 No. steps =      28   No. f-s =     704   No. J-s =       1   No. LU-s =       8
  No. nonlinear iterations =      33
  No. nonlinear convergence failures =       0
  No. error test failures =       0
  Last step size used =    0.56291E+07
  Index compenent largest error = ********

 ...  135 / 218

 No. steps =      28   No. f-s =     704   No. J-s =       1   No. LU-s =       8
  No. nonlinear iterations =      33
  No. nonlinear convergence failures =       0
  No. error test failures =       0
  Last step size used =    0.56680E+07
  Index compenent largest error = ********

 ...  136 / 218

 No. steps =      28   No. f-s =     704   No. J-s =       1   No. LU-s =       8
  No. nonlinear iterations =      33
  No. nonlinear convergence failures =       0
  No. error test failures =       0
  Last step size used =    0.56414E+07
  Index compenent largest error = ********

 ...  137 / 218

 No. steps =      28   No. f-s =     704   No. J-s =       1   No. LU-s =       8
  No. nonlinear iterations =      33
  No. nonlinear convergence failures =       0
  No. error test failures =       0
  Last step size used =    0.58423E+07
  Index compenent largest error = ********

 ...  138 / 218

 No. steps =      27   No. f-s =     703   No. J-s =       1   No. LU-s =       8
  No. nonlinear iterations =      32
  No. nonlinear convergence failures =       0
  No. error test failures =       0
  Last step size used =    0.60526E+07
  Index compenent largest error = ********

 ...  139 / 218

 No. steps =      28   No. f-s =     704   No. J-s =       1   No. LU-s =       8
  No. nonlinear iterations =      33
  No. nonlinear convergence failures =       0
  No. error test failures =       0
  Last step size used =    0.58418E+07
  Index compenent largest error = ********

 ...  140 / 218

 No. steps =      28   No. f-s =     704   No. J-s =       1   No. LU-s =       8
  No. nonlinear iterations =      33
  No. nonlinear convergence failures =       0
  No. error test failures =       0
  Last step size used =    0.59751E+07
  Index compenent largest error = ********

 ...  141 / 218

 No. steps =      28   No. f-s =     704   No. J-s =       1   No. LU-s =       8
  No. nonlinear iterations =      33
  No. nonlinear convergence failures =       0
  No. error test failures =       0
  Last step size used =    0.59124E+07
  Index compenent largest error = ********

 ...  142 / 218

 No. steps =      28   No. f-s =     704   No. J-s =       1   No. LU-s =       8
  No. nonlinear iterations =      33
  No. nonlinear convergence failures =       0
  No. error test failures =       0
  Last step size used =    0.58725E+07
  Index compenent largest error = ********

 ...  143 / 218

 No. steps =      28   No. f-s =     704   No. J-s =       1   No. LU-s =       8
  No. nonlinear iterations =      33
  No. nonlinear convergence failures =       0
  No. error test failures =       0
  Last step size used =    0.59595E+07
  Index compenent largest error = ********

 ...  144 / 218

 No. steps =      27   No. f-s =     703   No. J-s =       1   No. LU-s =       8
  No. nonlinear iterations =      32
  No. nonlinear convergence failures =       0
  No. error test failures =       0
  Last step size used =    0.61204E+07
  Index compenent largest error = ********

 ...  145 / 218

 No. steps =      28   No. f-s =     704   No. J-s =       1   No. LU-s =       8
  No. nonlinear iterations =      33
  No. nonlinear convergence failures =       0
  No. error test failures =       0
  Last step size used =    0.60032E+07
  Index compenent largest error = ********

 ...  146 / 218

 No. steps =      28   No. f-s =     704   No. J-s =       1   No. LU-s =       8
  No. nonlinear iterations =      33
  No. nonlinear convergence failures =       0
  No. error test failures =       0
  Last step size used =    0.58985E+07
  Index compenent largest error = ********

 ...  147 / 218

 No. steps =      28   No. f-s =     704   No. J-s =       1   No. LU-s =       8
  No. nonlinear iterations =      33
  No. nonlinear convergence failures =       0
  No. error test failures =       0
  Last step size used =    0.59952E+07
  Index compenent largest error = ********

 ...  148 / 218

 No. steps =      27   No. f-s =     703   No. J-s =       1   No. LU-s =       8
  No. nonlinear iterations =      32
  No. nonlinear convergence failures =       0
  No. error test failures =       0
  Last step size used =    0.60901E+07
  Index compenent largest error = ********

 ...  149 / 218

 No. steps =      27   No. f-s =     705   No. J-s =       1   No. LU-s =       9
  No. nonlinear iterations =      34
  No. nonlinear convergence failures =       0
  No. error test failures =       0
  Last step size used =    0.83615E+07
  Index compenent largest error = ********

 ...  150 / 218

 No. steps =      27   No. f-s =     706   No. J-s =       1   No. LU-s =       9
  No. nonlinear iterations =      35
  No. nonlinear convergence failures =       0
  No. error test failures =       0
  Last step size used =    0.83235E+07
  Index compenent largest error = ********

 ...  151 / 218

 No. steps =      27   No. f-s =     703   No. J-s =       1   No. LU-s =       8
  No. nonlinear iterations =      32
  No. nonlinear convergence failures =       0
  No. error test failures =       0
  Last step size used =    0.63786E+07
  Index compenent largest error = ********

 ...  152 / 218

 No. steps =      27   No. f-s =     703   No. J-s =       1   No. LU-s =       8
  No. nonlinear iterations =      32
  No. nonlinear convergence failures =       0
  No. error test failures =       0
  Last step size used =    0.69366E+07
  Index compenent largest error = ********

 ...  153 / 218

 No. steps =      27   No. f-s =     703   No. J-s =       1   No. LU-s =       8
  No. nonlinear iterations =      32
  No. nonlinear convergence failures =       0
  No. error test failures =       0
  Last step size used =    0.69580E+07
  Index compenent largest error = ********

 ...  154 / 218

 No. steps =      27   No. f-s =     703   No. J-s =       1   No. LU-s =       8
  No. nonlinear iterations =      32
  No. nonlinear convergence failures =       0
  No. error test failures =       0
  Last step size used =    0.69975E+07
  Index compenent largest error = ********

 ...  155 / 218

 No. steps =      27   No. f-s =     703   No. J-s =       1   No. LU-s =       8
  No. nonlinear iterations =      32
  No. nonlinear convergence failures =       0
  No. error test failures =       0
  Last step size used =    0.71198E+07
  Index compenent largest error = ********

 ...  156 / 218

 No. steps =      27   No. f-s =     704   No. J-s =       1   No. LU-s =       8
  No. nonlinear iterations =      33
  No. nonlinear convergence failures =       0
  No. error test failures =       0
  Last step size used =    0.59479E+07
  Index compenent largest error = ********

 ...  157 / 218

 No. steps =      27   No. f-s =     703   No. J-s =       1   No. LU-s =       8
  No. nonlinear iterations =      32
  No. nonlinear convergence failures =       0
  No. error test failures =       0
  Last step size used =    0.71585E+07
  Index compenent largest error = ********

 ...  158 / 218

 No. steps =      27   No. f-s =     703   No. J-s =       1   No. LU-s =       8
  No. nonlinear iterations =      32
  No. nonlinear convergence failures =       0
  No. error test failures =       0
  Last step size used =    0.72064E+07
  Index compenent largest error = ********

 ...  159 / 218

 No. steps =      27   No. f-s =     703   No. J-s =       1   No. LU-s =       8
  No. nonlinear iterations =      32
  No. nonlinear convergence failures =       0
  No. error test failures =       0
  Last step size used =    0.72785E+07
  Index compenent largest error = ********

 ...  160 / 218

 No. steps =      26   No. f-s =     703   No. J-s =       1   No. LU-s =       8
  No. nonlinear iterations =      32
  No. nonlinear convergence failures =       0
  No. error test failures =       0
  Last step size used =    0.64503E+07
  Index compenent largest error = ********

 ...  161 / 218

 No. steps =      26   No. f-s =     702   No. J-s =       1   No. LU-s =       7
  No. nonlinear iterations =      31
  No. nonlinear convergence failures =       0
  No. error test failures =       0
  Last step size used =    0.50975E+07
  Index compenent largest error = ********

 ...  162 / 218

 No. steps =      26   No. f-s =     702   No. J-s =       1   No. LU-s =       7
  No. nonlinear iterations =      31
  No. nonlinear convergence failures =       0
  No. error test failures =       0
  Last step size used =    0.50885E+07
  Index compenent largest error = ********

 ...  163 / 218

 No. steps =      26   No. f-s =     702   No. J-s =       1   No. LU-s =       7
  No. nonlinear iterations =      31
  No. nonlinear convergence failures =       0
  No. error test failures =       0
  Last step size used =    0.51540E+07
  Index compenent largest error = ********

 ...  164 / 218

 No. steps =      25   No. f-s =     701   No. J-s =       1   No. LU-s =       7
  No. nonlinear iterations =      30
  No. nonlinear convergence failures =       0
  No. error test failures =       0
  Last step size used =    0.53341E+07
  Index compenent largest error = ********

 ...  165 / 218

 No. steps =      26   No. f-s =     702   No. J-s =       1   No. LU-s =       7
  No. nonlinear iterations =      31
  No. nonlinear convergence failures =       0
  No. error test failures =       0
  Last step size used =    0.52385E+07
  Index compenent largest error = ********

 ...  166 / 218

 No. steps =      25   No. f-s =     701   No. J-s =       1   No. LU-s =       7
  No. nonlinear iterations =      30
  No. nonlinear convergence failures =       0
  No. error test failures =       0
  Last step size used =    0.53467E+07
  Index compenent largest error = ********

 ...  167 / 218

 No. steps =      25   No. f-s =     701   No. J-s =       1   No. LU-s =       7
  No. nonlinear iterations =      30
  No. nonlinear convergence failures =       0
  No. error test failures =       0
  Last step size used =    0.55731E+07
  Index compenent largest error = ********

 ...  168 / 218

 No. steps =      25   No. f-s =     701   No. J-s =       1   No. LU-s =       7
  No. nonlinear iterations =      30
  No. nonlinear convergence failures =       0
  No. error test failures =       0
  Last step size used =    0.56236E+07
  Index compenent largest error = ********

 ...  169 / 218

 No. steps =      25   No. f-s =     701   No. J-s =       1   No. LU-s =       7
  No. nonlinear iterations =      30
  No. nonlinear convergence failures =       0
  No. error test failures =       0
  Last step size used =    0.55611E+07
  Index compenent largest error = ********

 ...  170 / 218

 No. steps =      25   No. f-s =     701   No. J-s =       1   No. LU-s =       7
  No. nonlinear iterations =      30
  No. nonlinear convergence failures =       0
  No. error test failures =       0
  Last step size used =    0.57308E+07
  Index compenent largest error = ********

 ...  171 / 218

 No. steps =      24   No. f-s =     700   No. J-s =       1   No. LU-s =       7
  No. nonlinear iterations =      29
  No. nonlinear convergence failures =       0
  No. error test failures =       0
  Last step size used =    0.60875E+07
  Index compenent largest error = ********

 ...  172 / 218

 No. steps =      24   No. f-s =     700   No. J-s =       1   No. LU-s =       7
  No. nonlinear iterations =      29
  No. nonlinear convergence failures =       0
  No. error test failures =       0
  Last step size used =    0.62716E+07
  Index compenent largest error = ********

 ...  173 / 218

 No. steps =      24   No. f-s =     700   No. J-s =       1   No. LU-s =       7
  No. nonlinear iterations =      29
  No. nonlinear convergence failures =       0
  No. error test failures =       0
  Last step size used =    0.63005E+07
  Index compenent largest error = ********

 ...  174 / 218

 No. steps =      24   No. f-s =     700   No. J-s =       1   No. LU-s =       7
  No. nonlinear iterations =      29
  No. nonlinear convergence failures =       0
  No. error test failures =       0
  Last step size used =    0.63543E+07
  Index compenent largest error = ********

 ...  175 / 218

 No. steps =      24   No. f-s =     700   No. J-s =       1   No. LU-s =       7
  No. nonlinear iterations =      29
  No. nonlinear convergence failures =       0
  No. error test failures =       0
  Last step size used =    0.64615E+07
  Index compenent largest error = ********

 ...  176 / 218

 No. steps =      24   No. f-s =     700   No. J-s =       1   No. LU-s =       7
  No. nonlinear iterations =      29
  No. nonlinear convergence failures =       0
  No. error test failures =       0
  Last step size used =    0.64318E+07
  Index compenent largest error = ********

 ...  177 / 218

 No. steps =      24   No. f-s =     700   No. J-s =       1   No. LU-s =       7
  No. nonlinear iterations =      29
  No. nonlinear convergence failures =       0
  No. error test failures =       0
  Last step size used =    0.63554E+07
  Index compenent largest error = ********

 ...  178 / 218

 No. steps =      23   No. f-s =     699   No. J-s =       1   No. LU-s =       7
  No. nonlinear iterations =      28
  No. nonlinear convergence failures =       0
  No. error test failures =       0
  Last step size used =    0.68141E+07
  Index compenent largest error = ********

 ...  179 / 218

 No. steps =      23   No. f-s =     699   No. J-s =       1   No. LU-s =       7
  No. nonlinear iterations =      28
  No. nonlinear convergence failures =       0
  No. error test failures =       0
  Last step size used =    0.68144E+07
  Index compenent largest error = ********

 ...  180 / 218

 No. steps =      23   No. f-s =     699   No. J-s =       1   No. LU-s =       7
  No. nonlinear iterations =      28
  No. nonlinear convergence failures =       0
  No. error test failures =       0
  Last step size used =    0.70688E+07
  Index compenent largest error = ********

 ...  181 / 218

 No. steps =      23   No. f-s =     699   No. J-s =       1   No. LU-s =       7
  No. nonlinear iterations =      28
  No. nonlinear convergence failures =       0
  No. error test failures =       0
  Last step size used =    0.70284E+07
  Index compenent largest error = ********

 ...  182 / 218

 No. steps =      23   No. f-s =     699   No. J-s =       1   No. LU-s =       7
  No. nonlinear iterations =      28
  No. nonlinear convergence failures =       0
  No. error test failures =       0
  Last step size used =    0.72758E+07
  Index compenent largest error = ********

 ...  183 / 218

 No. steps =      23   No. f-s =     699   No. J-s =       1   No. LU-s =       7
  No. nonlinear iterations =      28
  No. nonlinear convergence failures =       0
  No. error test failures =       0
  Last step size used =    0.75583E+07
  Index compenent largest error = ********

 ...  184 / 218

 No. steps =      22   No. f-s =     698   No. J-s =       1   No. LU-s =       7
  No. nonlinear iterations =      27
  No. nonlinear convergence failures =       0
  No. error test failures =       0
  Last step size used =    0.76522E+07
  Index compenent largest error = ********

 ...  185 / 218

 No. steps =      22   No. f-s =     698   No. J-s =       1   No. LU-s =       7
  No. nonlinear iterations =      27
  No. nonlinear convergence failures =       0
  No. error test failures =       0
  Last step size used =    0.75737E+07
  Index compenent largest error = ********

 ...  186 / 218

 No. steps =      22   No. f-s =     698   No. J-s =       1   No. LU-s =       7
  No. nonlinear iterations =      27
  No. nonlinear convergence failures =       0
  No. error test failures =       0
  Last step size used =    0.77364E+07
  Index compenent largest error = ********

 ...  187 / 218

 No. steps =      22   No. f-s =     698   No. J-s =       1   No. LU-s =       7
  No. nonlinear iterations =      27
  No. nonlinear convergence failures =       0
  No. error test failures =       0
  Last step size used =    0.77723E+07
  Index compenent largest error = ********

 ...  188 / 218

 No. steps =      22   No. f-s =     698   No. J-s =       1   No. LU-s =       7
  No. nonlinear iterations =      27
  No. nonlinear convergence failures =       0
  No. error test failures =       0
  Last step size used =    0.75302E+07
  Index compenent largest error = ********

 ...  189 / 218

 No. steps =      22   No. f-s =     698   No. J-s =       1   No. LU-s =       7
  No. nonlinear iterations =      27
  No. nonlinear convergence failures =       0
  No. error test failures =       0
  Last step size used =    0.79472E+07
  Index compenent largest error = ********

 ...  190 / 218

 No. steps =      22   No. f-s =     698   No. J-s =       1   No. LU-s =       7
  No. nonlinear iterations =      27
  No. nonlinear convergence failures =       0
  No. error test failures =       0
  Last step size used =    0.80587E+07
  Index compenent largest error = ********

 ...  191 / 218

 No. steps =      22   No. f-s =     698   No. J-s =       1   No. LU-s =       7
  No. nonlinear iterations =      27
  No. nonlinear convergence failures =       0
  No. error test failures =       0
  Last step size used =    0.81505E+07
  Index compenent largest error = ********

 ...  192 / 218

 No. steps =      22   No. f-s =     698   No. J-s =       1   No. LU-s =       7
  No. nonlinear iterations =      27
  No. nonlinear convergence failures =       0
  No. error test failures =       0
  Last step size used =    0.82068E+07
  Index compenent largest error = ********

 ...  193 / 218

 No. steps =      22   No. f-s =     698   No. J-s =       1   No. LU-s =       7
  No. nonlinear iterations =      27
  No. nonlinear convergence failures =       0
  No. error test failures =       0
  Last step size used =    0.83592E+07
  Index compenent largest error = ********

 ...  194 / 218

 No. steps =      22   No. f-s =     698   No. J-s =       1   No. LU-s =       7
  No. nonlinear iterations =      27
  No. nonlinear convergence failures =       0
  No. error test failures =       0
  Last step size used =    0.60500E+07
  Index compenent largest error = ********

 ...  195 / 218

 No. steps =      22   No. f-s =     698   No. J-s =       1   No. LU-s =       7
  No. nonlinear iterations =      27
  No. nonlinear convergence failures =       0
  No. error test failures =       0
  Last step size used =    0.85580E+07
  Index compenent largest error = ********

 ...  196 / 218

 No. steps =      22   No. f-s =     698   No. J-s =       1   No. LU-s =       7
  No. nonlinear iterations =      27
  No. nonlinear convergence failures =       0
  No. error test failures =       0
  Last step size used =    0.84567E+07
  Index compenent largest error = ********

 ...  197 / 218

 No. steps =      22   No. f-s =     698   No. J-s =       1   No. LU-s =       7
  No. nonlinear iterations =      27
  No. nonlinear convergence failures =       0
  No. error test failures =       0
  Last step size used =    0.86469E+07
  Index compenent largest error = ********

 ...  198 / 218

 No. steps =      22   No. f-s =     698   No. J-s =       1   No. LU-s =       7
  No. nonlinear iterations =      27
  No. nonlinear convergence failures =       0
  No. error test failures =       0
  Last step size used =    0.86045E+07
  Index compenent largest error = ********

 ...  199 / 218

 No. steps =      22   No. f-s =     698   No. J-s =       1   No. LU-s =       7
  No. nonlinear iterations =      27
  No. nonlinear convergence failures =       0
  No. error test failures =       0
  Last step size used =    0.86805E+07
  Index compenent largest error = ********

 ...  200 / 218

 No. steps =      21   No. f-s =     696   No. J-s =       1   No. LU-s =       7
  No. nonlinear iterations =      25
  No. nonlinear convergence failures =       0
  No. error test failures =       0
  Last step size used =    0.88458E+07
  Index compenent largest error = ********

 ...  201 / 218

 No. steps =      22   No. f-s =     698   No. J-s =       1   No. LU-s =       7
  No. nonlinear iterations =      27
  No. nonlinear convergence failures =       0
  No. error test failures =       0
  Last step size used =    0.62579E+07
  Index compenent largest error = ********

 ...  202 / 218

 No. steps =      21   No. f-s =     696   No. J-s =       1   No. LU-s =       7
  No. nonlinear iterations =      25
  No. nonlinear convergence failures =       0
  No. error test failures =       0
  Last step size used =    0.89705E+07
  Index compenent largest error = ********

 ...  203 / 218

 No. steps =      22   No. f-s =     698   No. J-s =       1   No. LU-s =       7
  No. nonlinear iterations =      27
  No. nonlinear convergence failures =       0
  No. error test failures =       0
  Last step size used =    0.64527E+07
  Index compenent largest error = ********

 ...  204 / 218

 No. steps =      22   No. f-s =     698   No. J-s =       1   No. LU-s =       7
  No. nonlinear iterations =      27
  No. nonlinear convergence failures =       0
  No. error test failures =       0
  Last step size used =    0.65809E+07
  Index compenent largest error = ********

 ...  205 / 218

 No. steps =      21   No. f-s =     697   No. J-s =       1   No. LU-s =       7
  No. nonlinear iterations =      26
  No. nonlinear convergence failures =       0
  No. error test failures =       0
  Last step size used =    0.70561E+07
  Index compenent largest error = ********

 ...  206 / 218

 No. steps =      21   No. f-s =     697   No. J-s =       1   No. LU-s =       7
  No. nonlinear iterations =      26
  No. nonlinear convergence failures =       0
  No. error test failures =       0
  Last step size used =    0.68734E+07
  Index compenent largest error = ********

 ...  207 / 218

 No. steps =      22   No. f-s =     698   No. J-s =       1   No. LU-s =       7
  No. nonlinear iterations =      27
  No. nonlinear convergence failures =       0
  No. error test failures =       0
  Last step size used =    0.66916E+07
  Index compenent largest error = ********

 ...  208 / 218

 No. steps =      21   No. f-s =     697   No. J-s =       1   No. LU-s =       7
  No. nonlinear iterations =      26
  No. nonlinear convergence failures =       0
  No. error test failures =       0
  Last step size used =    0.68139E+07
  Index compenent largest error = ********

 ...  209 / 218

 No. steps =      21   No. f-s =     697   No. J-s =       1   No. LU-s =       7
  No. nonlinear iterations =      26
  No. nonlinear convergence failures =       0
  No. error test failures =       0
  Last step size used =    0.68428E+07
  Index compenent largest error = ********

 ...  210 / 218

 No. steps =      22   No. f-s =     698   No. J-s =       1   No. LU-s =       7
  No. nonlinear iterations =      27
  No. nonlinear convergence failures =       0
  No. error test failures =       0
  Last step size used =    0.66585E+07
  Index compenent largest error = ********

 ...  211 / 218

 No. steps =      21   No. f-s =     697   No. J-s =       1   No. LU-s =       7
  No. nonlinear iterations =      26
  No. nonlinear convergence failures =       0
  No. error test failures =       0
  Last step size used =    0.69662E+07
  Index compenent largest error = ********

 ...  212 / 218

 No. steps =      21   No. f-s =     697   No. J-s =       1   No. LU-s =       7
  No. nonlinear iterations =      26
  No. nonlinear convergence failures =       0
  No. error test failures =       0
  Last step size used =    0.72263E+07
  Index compenent largest error = ********

 ...  213 / 218

 No. steps =      21   No. f-s =     697   No. J-s =       1   No. LU-s =       7
  No. nonlinear iterations =      26
  No. nonlinear convergence failures =       0
  No. error test failures =       0
  Last step size used =    0.72417E+07
  Index compenent largest error = ********

 ...  214 / 218

 No. steps =      21   No. f-s =     697   No. J-s =       1   No. LU-s =       7
  No. nonlinear iterations =      26
  No. nonlinear convergence failures =       0
  No. error test failures =       0
  Last step size used =    0.73515E+07
  Index compenent largest error = ********

 ...  215 / 218

 No. steps =      21   No. f-s =     698   No. J-s =       1   No. LU-s =       7
  No. nonlinear iterations =      27
  No. nonlinear convergence failures =       0
  No. error test failures =       0
  Last step size used =    0.77252E+07
  Index compenent largest error = ********

 ...  216 / 218

 No. steps =      21   No. f-s =     698   No. J-s =       1   No. LU-s =       7
  No. nonlinear iterations =      27
  No. nonlinear convergence failures =       0
  No. error test failures =       0
  Last step size used =    0.77670E+07
  Index compenent largest error = ********

 ...  217 / 218

 No. steps =      21   No. f-s =     698   No. J-s =       1   No. LU-s =       7
  No. nonlinear iterations =      27
  No. nonlinear convergence failures =       0
  No. error test failures =       0
  Last step size used =    0.79618E+07
  Index compenent largest error = ********

 ...  218 / 218

 No. steps =      21   No. f-s =     698   No. J-s =       1   No. LU-s =       7
  No. nonlinear iterations =      27
  No. nonlinear convergence failures =       0
  No. error test failures =       0
  Last step size used =    0.74452E+07
  Index compenent largest error = ********


    ... DONE!
 +++++++++++++++++++++++++++++++++++++++++++++++++++


+------------------ Job Report: 10176594 (COMPLETED) ------------------+
| Memory (RAM)  No data available                                      |
| CPU           [###########         ] 56.8% average                   |
| Time          [>                   ]  1.0% (0-00:00:37 / 0-01:00:00) |
|                                                                      |
| Lustre Filesystem:                                                   |
|   No data available                                                  |
+----------------------------------------------------------------------+
