Starting job 10175762, array task 388 on dave36
Chemistry type: Orich
Analysis mode: false
Found 462 valid particle IDs in /fred/oz304/beckers/Chemistry/traces/wind_v10/trace_output_with_av
Returning 460 particle IDs (after start_index=2 offset)
SLURM task 388: processing particle 3521499
Running Orich evolving_model on 1 phantom particle trace(s) from wind_v10

 +++++++++++++++++++++++++++++++++++++++++++++++++++
 +++++        ENVELOPE CHEMICAL MODEL         ++++++
 +++++++++++++++++++++++++++++++++++++++++++++++++++

 Version 1.0 authored by Catherine Walsh and Maria 
    Drozdovskaya, Leiden Observatory (01/08/2013)

 Version 1.1 amended by Catherine Walsh (18/05/2014)

 Version 1.2 amended by Catherine Walsh (13/08/2015)

 +++++++++++++++++++++++++++++++++++++++++++++++++++

          Input file =  Orich/param/trace_file_param/file_parameters_3521499.txt              

 Physical conditions  = Orich/input/3521499.txt                                               
 Chemical network     = ./rate12_complex.rates                                                
 Species file         = ./rate12_complex_atomic_Orich.specs                                   
 Binding energies     = ./rate12_binding.dat                                                  
 Reaction parameters  = param/reaction_parameters.txt                                         
 Grain parameters     = param/grain_parameters.txt                                            
 Radiation parameters = param/radiation_parameters.txt                                        

 Output file          = Orich/output/model_output_3521499.dat                                 
 Rates file           = Orich/output/model_rates_3521499.dat                                  

 Opening and reading physical conditions file ...

 +++++++++++++++++++++++++++++++++++++++++++++++++++
 Beginning to run model ...
 +++++++++++++++++++++++++++++++++++++++++++++++++++

 Preparing output files ...

 Progress = ...
 ...    1 / 238

 No. steps =    1121   No. f-s =   17775   No. J-s =      24   No. LU-s =     186
  No. nonlinear iterations =    1742
  No. nonlinear convergence failures =       0
  No. error test failures =      66
  Last step size used =    0.10226E+10
  Index compenent largest error = ********

 ...    2 / 238

 No. steps =     172   No. f-s =    2904   No. J-s =       4   No. LU-s =      30
  No. nonlinear iterations =     229
  No. nonlinear convergence failures =       0
  No. error test failures =       5
  Last step size used =    0.70612E+06
  Index compenent largest error = ********

 ...    3 / 238

 No. steps =     105   No. f-s =    2127   No. J-s =       3   No. LU-s =      18
  No. nonlinear iterations =     120
  No. nonlinear convergence failures =       0
  No. error test failures =       0
  Last step size used =    0.33164E+07
  Index compenent largest error = ********

 ...    4 / 238

 No. steps =      94   No. f-s =    1444   No. J-s =       2   No. LU-s =      16
  No. nonlinear iterations =     105
  No. nonlinear convergence failures =       0
  No. error test failures =       0
  Last step size used =    0.38655E+07
  Index compenent largest error = ********

 ...    5 / 238

 No. steps =      88   No. f-s =    1441   No. J-s =       2   No. LU-s =      15
  No. nonlinear iterations =     102
  No. nonlinear convergence failures =       0
  No. error test failures =       0
  Last step size used =    0.26921E+07
  Index compenent largest error = ********

 ...    6 / 238

 No. steps =      77   No. f-s =    1426   No. J-s =       2   No. LU-s =      16
  No. nonlinear iterations =      87
  No. nonlinear convergence failures =       0
  No. error test failures =       0
  Last step size used =    0.36901E+07
  Index compenent largest error = ********

 ...    7 / 238

 No. steps =      67   No. f-s =    1415   No. J-s =       2   No. LU-s =      14
  No. nonlinear iterations =      76
  No. nonlinear convergence failures =       0
  No. error test failures =       0
  Last step size used =    0.38758E+07
  Index compenent largest error = ********

 ...    8 / 238

 No. steps =      63   No. f-s =    1411   No. J-s =       2   No. LU-s =      14
  No. nonlinear iterations =      72
  No. nonlinear convergence failures =       0
  No. error test failures =       0
  Last step size used =    0.37297E+07
  Index compenent largest error = ********

 ...    9 / 238

 No. steps =      62   No. f-s =    1412   No. J-s =       2   No. LU-s =      14
  No. nonlinear iterations =      73
  No. nonlinear convergence failures =       0
  No. error test failures =       0
  Last step size used =    0.33514E+07
  Index compenent largest error = ********

 ...   10 / 238

 No. steps =      55   No. f-s =     737   No. J-s =       1   No. LU-s =      12
  No. nonlinear iterations =      66
  No. nonlinear convergence failures =       0
  No. error test failures =       0
  Last step size used =    0.33229E+07
  Index compenent largest error = ********

 ...   11 / 238

 No. steps =      53   No. f-s =    1401   No. J-s =       2   No. LU-s =      12
  No. nonlinear iterations =      62
  No. nonlinear convergence failures =       0
  No. error test failures =       0
  Last step size used =    0.39525E+07
  Index compenent largest error = ********

 ...   12 / 238

 No. steps =      50   No. f-s =     730   No. J-s =       1   No. LU-s =      11
  No. nonlinear iterations =      59
  No. nonlinear convergence failures =       0
  No. error test failures =       0
  Last step size used =    0.34236E+07
  Index compenent largest error = ********

 ...   13 / 238

 No. steps =      48   No. f-s =     728   No. J-s =       1   No. LU-s =      11
  No. nonlinear iterations =      57
  No. nonlinear convergence failures =       0
  No. error test failures =       0
  Last step size used =    0.38713E+07
  Index compenent largest error = ********

 ...   14 / 238

 No. steps =      47   No. f-s =     727   No. J-s =       1   No. LU-s =      11
  No. nonlinear iterations =      56
  No. nonlinear convergence failures =       0
  No. error test failures =       0
  Last step size used =    0.37124E+07
  Index compenent largest error = ********

 ...   15 / 238

 No. steps =      47   No. f-s =     726   No. J-s =       1   No. LU-s =      11
  No. nonlinear iterations =      55
  No. nonlinear convergence failures =       0
  No. error test failures =       0
  Last step size used =    0.38575E+07
  Index compenent largest error = ********

 ...   16 / 238

 No. steps =      45   No. f-s =     723   No. J-s =       1   No. LU-s =      10
  No. nonlinear iterations =      52
  No. nonlinear convergence failures =       0
  No. error test failures =       0
  Last step size used =    0.36993E+07
  Index compenent largest error = ********

 ...   17 / 238

 No. steps =      45   No. f-s =     724   No. J-s =       1   No. LU-s =      10
  No. nonlinear iterations =      53
  No. nonlinear convergence failures =       0
  No. error test failures =       0
  Last step size used =    0.39959E+07
  Index compenent largest error = ********

 ...   18 / 238

 No. steps =      43   No. f-s =     722   No. J-s =       1   No. LU-s =      10
  No. nonlinear iterations =      51
  No. nonlinear convergence failures =       0
  No. error test failures =       0
  Last step size used =    0.41070E+07
  Index compenent largest error = ********

 ...   19 / 238

 No. steps =      42   No. f-s =     721   No. J-s =       1   No. LU-s =      10
  No. nonlinear iterations =      50
  No. nonlinear convergence failures =       0
  No. error test failures =       0
  Last step size used =    0.48826E+07
  Index compenent largest error = ********

 ...   20 / 238

 No. steps =      40   No. f-s =     719   No. J-s =       1   No. LU-s =      10
  No. nonlinear iterations =      48
  No. nonlinear convergence failures =       0
  No. error test failures =       0
  Last step size used =    0.43478E+07
  Index compenent largest error = ********

 ...   21 / 238

 No. steps =      36   No. f-s =     712   No. J-s =       1   No. LU-s =       8
  No. nonlinear iterations =      41
  No. nonlinear convergence failures =       0
  No. error test failures =       0
  Last step size used =    0.47220E+07
  Index compenent largest error = ********

 ...   22 / 238

 No. steps =      40   No. f-s =     717   No. J-s =       1   No. LU-s =      10
  No. nonlinear iterations =      46
  No. nonlinear convergence failures =       0
  No. error test failures =       0
  Last step size used =    0.49750E+07
  Index compenent largest error = ********

 ...   23 / 238

 No. steps =      45   No. f-s =     725   No. J-s =       1   No. LU-s =      10
  No. nonlinear iterations =      54
  No. nonlinear convergence failures =       0
  No. error test failures =       0
  Last step size used =    0.50718E+07
  Index compenent largest error = ********

 ...   24 / 238

 No. steps =      44   No. f-s =     721   No. J-s =       1   No. LU-s =      11
  No. nonlinear iterations =      50
  No. nonlinear convergence failures =       0
  No. error test failures =       0
  Last step size used =    0.44185E+07
  Index compenent largest error = ********

 ...   25 / 238

 No. steps =      39   No. f-s =     718   No. J-s =       1   No. LU-s =      10
  No. nonlinear iterations =      47
  No. nonlinear convergence failures =       0
  No. error test failures =       0
  Last step size used =    0.43291E+07
  Index compenent largest error = ********

 ...   26 / 238

 No. steps =      33   No. f-s =     708   No. J-s =       1   No. LU-s =       7
  No. nonlinear iterations =      37
  No. nonlinear convergence failures =       0
  No. error test failures =       0
  Last step size used =    0.36320E+07
  Index compenent largest error = ********

 ...   27 / 238

 No. steps =      36   No. f-s =     711   No. J-s =       1   No. LU-s =       8
  No. nonlinear iterations =      40
  No. nonlinear convergence failures =       0
  No. error test failures =       0
  Last step size used =    0.40618E+07
  Index compenent largest error = ********

 ...   28 / 238

 No. steps =      38   No. f-s =     715   No. J-s =       1   No. LU-s =       8
  No. nonlinear iterations =      44
  No. nonlinear convergence failures =       0
  No. error test failures =       0
  Last step size used =    0.41657E+07
  Index compenent largest error = ********

 ...   29 / 238

 No. steps =      40   No. f-s =     717   No. J-s =       1   No. LU-s =       9
  No. nonlinear iterations =      46
  No. nonlinear convergence failures =       0
  No. error test failures =       0
  Last step size used =    0.33199E+07
  Index compenent largest error = ********

 ...   30 / 238

 No. steps =      39   No. f-s =     718   No. J-s =       1   No. LU-s =       9
  No. nonlinear iterations =      47
  No. nonlinear convergence failures =       0
  No. error test failures =       0
  Last step size used =    0.39439E+07
  Index compenent largest error = ********

 ...   31 / 238

 No. steps =      40   No. f-s =     717   No. J-s =       1   No. LU-s =      10
  No. nonlinear iterations =      46
  No. nonlinear convergence failures =       0
  No. error test failures =       0
  Last step size used =    0.34167E+07
  Index compenent largest error = ********

 ...   32 / 238

 No. steps =      40   No. f-s =     719   No. J-s =       1   No. LU-s =       9
  No. nonlinear iterations =      48
  No. nonlinear convergence failures =       0
  No. error test failures =       0
  Last step size used =    0.35407E+07
  Index compenent largest error = ********

 ...   33 / 238

 No. steps =      39   No. f-s =     718   No. J-s =       1   No. LU-s =       9
  No. nonlinear iterations =      47
  No. nonlinear convergence failures =       0
  No. error test failures =       0
  Last step size used =    0.37259E+07
  Index compenent largest error = ********

 ...   34 / 238

 No. steps =      40   No. f-s =     717   No. J-s =       1   No. LU-s =       8
  No. nonlinear iterations =      46
  No. nonlinear convergence failures =       0
  No. error test failures =       0
  Last step size used =    0.35788E+07
  Index compenent largest error = ********

 ...   35 / 238

 No. steps =      41   No. f-s =     719   No. J-s =       1   No. LU-s =       9
  No. nonlinear iterations =      48
  No. nonlinear convergence failures =       0
  No. error test failures =       0
  Last step size used =    0.40617E+07
  Index compenent largest error = ********

 ...   36 / 238

 No. steps =      39   No. f-s =     718   No. J-s =       1   No. LU-s =       9
  No. nonlinear iterations =      47
  No. nonlinear convergence failures =       0
  No. error test failures =       0
  Last step size used =    0.42750E+07
  Index compenent largest error = ********

 ...   37 / 238

 No. steps =      40   No. f-s =     718   No. J-s =       1   No. LU-s =       8
  No. nonlinear iterations =      47
  No. nonlinear convergence failures =       0
  No. error test failures =       0
  Last step size used =    0.42180E+07
  Index compenent largest error = ********

 ...   38 / 238

 No. steps =      39   No. f-s =     716   No. J-s =       1   No. LU-s =       8
  No. nonlinear iterations =      45
  No. nonlinear convergence failures =       0
  No. error test failures =       0
  Last step size used =    0.46458E+07
  Index compenent largest error = ********

 ...   39 / 238

 No. steps =      38   No. f-s =     716   No. J-s =       1   No. LU-s =       8
  No. nonlinear iterations =      45
  No. nonlinear convergence failures =       0
  No. error test failures =       0
  Last step size used =    0.36782E+07
  Index compenent largest error = ********

 ...   40 / 238

 No. steps =      38   No. f-s =     716   No. J-s =       1   No. LU-s =       8
  No. nonlinear iterations =      45
  No. nonlinear convergence failures =       0
  No. error test failures =       0
  Last step size used =    0.39773E+07
  Index compenent largest error = ********

 ...   41 / 238

 No. steps =      37   No. f-s =     715   No. J-s =       1   No. LU-s =       8
  No. nonlinear iterations =      44
  No. nonlinear convergence failures =       0
  No. error test failures =       0
  Last step size used =    0.41981E+07
  Index compenent largest error = ********

 ...   42 / 238

 No. steps =      37   No. f-s =     715   No. J-s =       1   No. LU-s =       8
  No. nonlinear iterations =      44
  No. nonlinear convergence failures =       0
  No. error test failures =       0
  Last step size used =    0.43258E+07
  Index compenent largest error = ********

 ...   43 / 238

 No. steps =      36   No. f-s =     714   No. J-s =       1   No. LU-s =       8
  No. nonlinear iterations =      43
  No. nonlinear convergence failures =       0
  No. error test failures =       0
  Last step size used =    0.45408E+07
  Index compenent largest error = ********

 ...   44 / 238

 No. steps =      36   No. f-s =     714   No. J-s =       1   No. LU-s =       8
  No. nonlinear iterations =      43
  No. nonlinear convergence failures =       0
  No. error test failures =       0
  Last step size used =    0.47290E+07
  Index compenent largest error = ********

 ...   45 / 238

 No. steps =      35   No. f-s =     712   No. J-s =       1   No. LU-s =       8
  No. nonlinear iterations =      41
  No. nonlinear convergence failures =       0
  No. error test failures =       0
  Last step size used =    0.49048E+07
  Index compenent largest error = ********

 ...   46 / 238

 No. steps =      35   No. f-s =     712   No. J-s =       1   No. LU-s =       8
  No. nonlinear iterations =      41
  No. nonlinear convergence failures =       0
  No. error test failures =       0
  Last step size used =    0.49779E+07
  Index compenent largest error = ********

 ...   47 / 238

 No. steps =      35   No. f-s =     712   No. J-s =       1   No. LU-s =       8
  No. nonlinear iterations =      41
  No. nonlinear convergence failures =       0
  No. error test failures =       0
  Last step size used =    0.51360E+07
  Index compenent largest error = ********

 ...   48 / 238

 No. steps =      34   No. f-s =     711   No. J-s =       1   No. LU-s =       8
  No. nonlinear iterations =      40
  No. nonlinear convergence failures =       0
  No. error test failures =       0
  Last step size used =    0.53161E+07
  Index compenent largest error = ********

 ...   49 / 238

 No. steps =      35   No. f-s =     712   No. J-s =       1   No. LU-s =       8
  No. nonlinear iterations =      41
  No. nonlinear convergence failures =       0
  No. error test failures =       0
  Last step size used =    0.51504E+07
  Index compenent largest error = ********

 ...   50 / 238

 No. steps =      34   No. f-s =     711   No. J-s =       1   No. LU-s =       8
  No. nonlinear iterations =      40
  No. nonlinear convergence failures =       0
  No. error test failures =       0
  Last step size used =    0.45177E+07
  Index compenent largest error = ********

 ...   51 / 238

 No. steps =      34   No. f-s =     711   No. J-s =       1   No. LU-s =       8
  No. nonlinear iterations =      40
  No. nonlinear convergence failures =       0
  No. error test failures =       0
  Last step size used =    0.46251E+07
  Index compenent largest error = ********

 ...   52 / 238

 No. steps =      34   No. f-s =     711   No. J-s =       1   No. LU-s =       8
  No. nonlinear iterations =      40
  No. nonlinear convergence failures =       0
  No. error test failures =       0
  Last step size used =    0.48033E+07
  Index compenent largest error = ********

 ...   53 / 238

 No. steps =      34   No. f-s =     711   No. J-s =       1   No. LU-s =       7
  No. nonlinear iterations =      40
  No. nonlinear convergence failures =       0
  No. error test failures =       0
  Last step size used =    0.44171E+07
  Index compenent largest error = ********

 ...   54 / 238

 No. steps =      34   No. f-s =     711   No. J-s =       1   No. LU-s =       7
  No. nonlinear iterations =      40
  No. nonlinear convergence failures =       0
  No. error test failures =       0
  Last step size used =    0.47535E+07
  Index compenent largest error = ********

 ...   55 / 238

 No. steps =      33   No. f-s =     710   No. J-s =       1   No. LU-s =       7
  No. nonlinear iterations =      39
  No. nonlinear convergence failures =       0
  No. error test failures =       0
  Last step size used =    0.48797E+07
  Index compenent largest error = ********

 ...   56 / 238

 No. steps =      34   No. f-s =     711   No. J-s =       1   No. LU-s =       7
  No. nonlinear iterations =      40
  No. nonlinear convergence failures =       0
  No. error test failures =       0
  Last step size used =    0.48012E+07
  Index compenent largest error = ********

 ...   57 / 238

 No. steps =      34   No. f-s =     711   No. J-s =       1   No. LU-s =       7
  No. nonlinear iterations =      40
  No. nonlinear convergence failures =       0
  No. error test failures =       0
  Last step size used =    0.48390E+07
  Index compenent largest error = ********

 ...   58 / 238

 No. steps =      34   No. f-s =     712   No. J-s =       1   No. LU-s =       7
  No. nonlinear iterations =      41
  No. nonlinear convergence failures =       0
  No. error test failures =       0
  Last step size used =    0.40822E+07
  Index compenent largest error = ********

 ...   59 / 238

 No. steps =      35   No. f-s =     711   No. J-s =       1   No. LU-s =       6
  No. nonlinear iterations =      40
  No. nonlinear convergence failures =       0
  No. error test failures =       0
  Last step size used =    0.34088E+07
  Index compenent largest error = ********

 ...   60 / 238

 No. steps =      33   No. f-s =     710   No. J-s =       1   No. LU-s =       7
  No. nonlinear iterations =      39
  No. nonlinear convergence failures =       0
  No. error test failures =       0
  Last step size used =    0.50449E+07
  Index compenent largest error = ********

 ...   61 / 238

 No. steps =      34   No. f-s =     711   No. J-s =       1   No. LU-s =       7
  No. nonlinear iterations =      40
  No. nonlinear convergence failures =       0
  No. error test failures =       0
  Last step size used =    0.42158E+07
  Index compenent largest error = ********

 ...   62 / 238

 No. steps =      34   No. f-s =     711   No. J-s =       1   No. LU-s =       7
  No. nonlinear iterations =      40
  No. nonlinear convergence failures =       0
  No. error test failures =       0
  Last step size used =    0.42405E+07
  Index compenent largest error = ********

 ...   63 / 238

 No. steps =      34   No. f-s =     711   No. J-s =       1   No. LU-s =       7
  No. nonlinear iterations =      40
  No. nonlinear convergence failures =       0
  No. error test failures =       0
  Last step size used =    0.41948E+07
  Index compenent largest error = ********

 ...   64 / 238

 No. steps =      32   No. f-s =     709   No. J-s =       1   No. LU-s =       7
  No. nonlinear iterations =      38
  No. nonlinear convergence failures =       0
  No. error test failures =       0
  Last step size used =    0.55214E+07
  Index compenent largest error = ********

 ...   65 / 238

 No. steps =      32   No. f-s =     709   No. J-s =       1   No. LU-s =       6
  No. nonlinear iterations =      38
  No. nonlinear convergence failures =       0
  No. error test failures =       0
  Last step size used =    0.36767E+07
  Index compenent largest error = ********

 ...   66 / 238

 No. steps =      32   No. f-s =     709   No. J-s =       1   No. LU-s =       7
  No. nonlinear iterations =      38
  No. nonlinear convergence failures =       0
  No. error test failures =       0
  Last step size used =    0.55706E+07
  Index compenent largest error = ********

 ...   67 / 238

 No. steps =      32   No. f-s =     709   No. J-s =       1   No. LU-s =       7
  No. nonlinear iterations =      38
  No. nonlinear convergence failures =       0
  No. error test failures =       0
  Last step size used =    0.58623E+07
  Index compenent largest error = ********

 ...   68 / 238

 No. steps =      32   No. f-s =     709   No. J-s =       1   No. LU-s =       7
  No. nonlinear iterations =      38
  No. nonlinear convergence failures =       0
  No. error test failures =       0
  Last step size used =    0.57579E+07
  Index compenent largest error = ********

 ...   69 / 238

 No. steps =      32   No. f-s =     709   No. J-s =       1   No. LU-s =       7
  No. nonlinear iterations =      38
  No. nonlinear convergence failures =       0
  No. error test failures =       0
  Last step size used =    0.58839E+07
  Index compenent largest error = ********

 ...   70 / 238

 No. steps =      28   No. f-s =     705   No. J-s =       1   No. LU-s =       7
  No. nonlinear iterations =      34
  No. nonlinear convergence failures =       0
  No. error test failures =       0
  Last step size used =    0.54820E+07
  Index compenent largest error = ********

 ...   71 / 238

 No. steps =      31   No. f-s =     707   No. J-s =       1   No. LU-s =       8
  No. nonlinear iterations =      36
  No. nonlinear convergence failures =       0
  No. error test failures =       0
  Last step size used =    0.49897E+07
  Index compenent largest error = ********

 ...   72 / 238

 No. steps =      28   No. f-s =     705   No. J-s =       1   No. LU-s =       7
  No. nonlinear iterations =      34
  No. nonlinear convergence failures =       0
  No. error test failures =       0
  Last step size used =    0.54558E+07
  Index compenent largest error = ********

 ...   73 / 238

 No. steps =      28   No. f-s =     705   No. J-s =       1   No. LU-s =       7
  No. nonlinear iterations =      34
  No. nonlinear convergence failures =       0
  No. error test failures =       0
  Last step size used =    0.56110E+07
  Index compenent largest error = ********

 ...   74 / 238

 No. steps =      28   No. f-s =     705   No. J-s =       1   No. LU-s =       7
  No. nonlinear iterations =      34
  No. nonlinear convergence failures =       0
  No. error test failures =       0
  Last step size used =    0.54657E+07
  Index compenent largest error = ********

 ...   75 / 238

 No. steps =      27   No. f-s =     703   No. J-s =       1   No. LU-s =       7
  No. nonlinear iterations =      32
  No. nonlinear convergence failures =       0
  No. error test failures =       0
  Last step size used =    0.41292E+07
  Index compenent largest error = ********

 ...   76 / 238

 No. steps =      27   No. f-s =     703   No. J-s =       1   No. LU-s =       7
  No. nonlinear iterations =      32
  No. nonlinear convergence failures =       0
  No. error test failures =       0
  Last step size used =    0.43706E+07
  Index compenent largest error = ********

 ...   77 / 238

 No. steps =      27   No. f-s =     703   No. J-s =       1   No. LU-s =       7
  No. nonlinear iterations =      32
  No. nonlinear convergence failures =       0
  No. error test failures =       0
  Last step size used =    0.44263E+07
  Index compenent largest error = ********

 ...   78 / 238

 No. steps =      26   No. f-s =     702   No. J-s =       1   No. LU-s =       7
  No. nonlinear iterations =      31
  No. nonlinear convergence failures =       0
  No. error test failures =       0
  Last step size used =    0.46545E+07
  Index compenent largest error = ********

 ...   79 / 238

 No. steps =      26   No. f-s =     702   No. J-s =       1   No. LU-s =       7
  No. nonlinear iterations =      31
  No. nonlinear convergence failures =       0
  No. error test failures =       0
  Last step size used =    0.45432E+07
  Index compenent largest error = ********

 ...   80 / 238

 No. steps =      26   No. f-s =     702   No. J-s =       1   No. LU-s =       7
  No. nonlinear iterations =      31
  No. nonlinear convergence failures =       0
  No. error test failures =       0
  Last step size used =    0.49183E+07
  Index compenent largest error = ********

 ...   81 / 238

 No. steps =      26   No. f-s =     702   No. J-s =       1   No. LU-s =       7
  No. nonlinear iterations =      31
  No. nonlinear convergence failures =       0
  No. error test failures =       0
  Last step size used =    0.48494E+07
  Index compenent largest error = ********

 ...   82 / 238

 No. steps =      25   No. f-s =     701   No. J-s =       1   No. LU-s =       7
  No. nonlinear iterations =      30
  No. nonlinear convergence failures =       0
  No. error test failures =       0
  Last step size used =    0.54166E+07
  Index compenent largest error = ********

 ...   83 / 238

 No. steps =      24   No. f-s =     700   No. J-s =       1   No. LU-s =       7
  No. nonlinear iterations =      29
  No. nonlinear convergence failures =       0
  No. error test failures =       0
  Last step size used =    0.55153E+07
  Index compenent largest error = ********

 ...   84 / 238

 No. steps =      24   No. f-s =     700   No. J-s =       1   No. LU-s =       7
  No. nonlinear iterations =      29
  No. nonlinear convergence failures =       0
  No. error test failures =       0
  Last step size used =    0.57523E+07
  Index compenent largest error = ********

 ...   85 / 238

 No. steps =      24   No. f-s =     700   No. J-s =       1   No. LU-s =       7
  No. nonlinear iterations =      29
  No. nonlinear convergence failures =       0
  No. error test failures =       0
  Last step size used =    0.60400E+07
  Index compenent largest error = ********

 ...   86 / 238

 No. steps =      23   No. f-s =     699   No. J-s =       1   No. LU-s =       7
  No. nonlinear iterations =      28
  No. nonlinear convergence failures =       0
  No. error test failures =       0
  Last step size used =    0.68672E+07
  Index compenent largest error = ********

 ...   87 / 238

 No. steps =      24   No. f-s =     700   No. J-s =       1   No. LU-s =       7
  No. nonlinear iterations =      29
  No. nonlinear convergence failures =       0
  No. error test failures =       0
  Last step size used =    0.61274E+07
  Index compenent largest error = ********

 ...   88 / 238

 No. steps =      23   No. f-s =     699   No. J-s =       1   No. LU-s =       7
  No. nonlinear iterations =      28
  No. nonlinear convergence failures =       0
  No. error test failures =       0
  Last step size used =    0.64515E+07
  Index compenent largest error = ********

 ...   89 / 238

 No. steps =      23   No. f-s =     699   No. J-s =       1   No. LU-s =       7
  No. nonlinear iterations =      28
  No. nonlinear convergence failures =       0
  No. error test failures =       0
  Last step size used =    0.65496E+07
  Index compenent largest error = ********

 ...   90 / 238

 No. steps =      24   No. f-s =     700   No. J-s =       1   No. LU-s =       7
  No. nonlinear iterations =      29
  No. nonlinear convergence failures =       0
  No. error test failures =       0
  Last step size used =    0.63819E+07
  Index compenent largest error = ********

 ...   91 / 238

 No. steps =      23   No. f-s =     699   No. J-s =       1   No. LU-s =       7
  No. nonlinear iterations =      28
  No. nonlinear convergence failures =       0
  No. error test failures =       0
  Last step size used =    0.64569E+07
  Index compenent largest error = ********

 ...   92 / 238

 No. steps =      23   No. f-s =     699   No. J-s =       1   No. LU-s =       7
  No. nonlinear iterations =      28
  No. nonlinear convergence failures =       0
  No. error test failures =       0
  Last step size used =    0.67003E+07
  Index compenent largest error = ********

 ...   93 / 238

 No. steps =      23   No. f-s =     699   No. J-s =       1   No. LU-s =       7
  No. nonlinear iterations =      28
  No. nonlinear convergence failures =       0
  No. error test failures =       0
  Last step size used =    0.64660E+07
  Index compenent largest error = ********

 ...   94 / 238

 No. steps =      23   No. f-s =     699   No. J-s =       1   No. LU-s =       7
  No. nonlinear iterations =      28
  No. nonlinear convergence failures =       0
  No. error test failures =       0
  Last step size used =    0.66525E+07
  Index compenent largest error = ********

 ...   95 / 238

 No. steps =      22   No. f-s =     698   No. J-s =       1   No. LU-s =       7
  No. nonlinear iterations =      27
  No. nonlinear convergence failures =       0
  No. error test failures =       0
  Last step size used =    0.69217E+07
  Index compenent largest error = ********

 ...   96 / 238

 No. steps =      22   No. f-s =     698   No. J-s =       1   No. LU-s =       7
  No. nonlinear iterations =      27
  No. nonlinear convergence failures =       0
  No. error test failures =       0
  Last step size used =    0.74204E+07
  Index compenent largest error = ********

 ...   97 / 238

 No. steps =      22   No. f-s =     698   No. J-s =       1   No. LU-s =       7
  No. nonlinear iterations =      27
  No. nonlinear convergence failures =       0
  No. error test failures =       0
  Last step size used =    0.76805E+07
  Index compenent largest error = ********

 ...   98 / 238

 No. steps =      22   No. f-s =     698   No. J-s =       1   No. LU-s =       7
  No. nonlinear iterations =      27
  No. nonlinear convergence failures =       0
  No. error test failures =       0
  Last step size used =    0.73393E+07
  Index compenent largest error = ********

 ...   99 / 238

 No. steps =      22   No. f-s =     698   No. J-s =       1   No. LU-s =       7
  No. nonlinear iterations =      27
  No. nonlinear convergence failures =       0
  No. error test failures =       0
  Last step size used =    0.71164E+07
  Index compenent largest error = ********

 ...  100 / 238

 No. steps =      22   No. f-s =     698   No. J-s =       1   No. LU-s =       7
  No. nonlinear iterations =      27
  No. nonlinear convergence failures =       0
  No. error test failures =       0
  Last step size used =    0.71471E+07
  Index compenent largest error = ********

 ...  101 / 238

 No. steps =      23   No. f-s =     699   No. J-s =       1   No. LU-s =       7
  No. nonlinear iterations =      28
  No. nonlinear convergence failures =       0
  No. error test failures =       0
  Last step size used =    0.65207E+07
  Index compenent largest error = ********

 ...  102 / 238

 No. steps =      23   No. f-s =     699   No. J-s =       1   No. LU-s =       7
  No. nonlinear iterations =      28
  No. nonlinear convergence failures =       0
  No. error test failures =       0
  Last step size used =    0.62106E+07
  Index compenent largest error = ********

 ...  103 / 238

 No. steps =      23   No. f-s =     699   No. J-s =       1   No. LU-s =       7
  No. nonlinear iterations =      28
  No. nonlinear convergence failures =       0
  No. error test failures =       0
  Last step size used =    0.66945E+07
  Index compenent largest error = ********

 ...  104 / 238

 No. steps =      23   No. f-s =     699   No. J-s =       1   No. LU-s =       7
  No. nonlinear iterations =      28
  No. nonlinear convergence failures =       0
  No. error test failures =       0
  Last step size used =    0.65731E+07
  Index compenent largest error = ********

 ...  105 / 238

 No. steps =      23   No. f-s =     699   No. J-s =       1   No. LU-s =       7
  No. nonlinear iterations =      28
  No. nonlinear convergence failures =       0
  No. error test failures =       0
  Last step size used =    0.64731E+07
  Index compenent largest error = ********

 ...  106 / 238

 No. steps =      23   No. f-s =     699   No. J-s =       1   No. LU-s =       7
  No. nonlinear iterations =      28
  No. nonlinear convergence failures =       0
  No. error test failures =       0
  Last step size used =    0.64217E+07
  Index compenent largest error = ********

 ...  107 / 238

 No. steps =      23   No. f-s =     699   No. J-s =       1   No. LU-s =       7
  No. nonlinear iterations =      28
  No. nonlinear convergence failures =       0
  No. error test failures =       0
  Last step size used =    0.64254E+07
  Index compenent largest error = ********

 ...  108 / 238

 No. steps =      22   No. f-s =     698   No. J-s =       1   No. LU-s =       7
  No. nonlinear iterations =      27
  No. nonlinear convergence failures =       0
  No. error test failures =       0
  Last step size used =    0.68850E+07
  Index compenent largest error = ********

 ...  109 / 238

 No. steps =      23   No. f-s =     699   No. J-s =       1   No. LU-s =       7
  No. nonlinear iterations =      28
  No. nonlinear convergence failures =       0
  No. error test failures =       0
  Last step size used =    0.64218E+07
  Index compenent largest error = ********

 ...  110 / 238

 No. steps =      22   No. f-s =     698   No. J-s =       1   No. LU-s =       7
  No. nonlinear iterations =      27
  No. nonlinear convergence failures =       0
  No. error test failures =       0
  Last step size used =    0.72735E+07
  Index compenent largest error = ********

 ...  111 / 238

 No. steps =      23   No. f-s =     699   No. J-s =       1   No. LU-s =       7
  No. nonlinear iterations =      28
  No. nonlinear convergence failures =       0
  No. error test failures =       0
  Last step size used =    0.65725E+07
  Index compenent largest error = ********

 ...  112 / 238

 No. steps =      23   No. f-s =     699   No. J-s =       1   No. LU-s =       7
  No. nonlinear iterations =      28
  No. nonlinear convergence failures =       0
  No. error test failures =       0
  Last step size used =    0.60319E+07
  Index compenent largest error = ********

 ...  113 / 238

 No. steps =      23   No. f-s =     699   No. J-s =       1   No. LU-s =       7
  No. nonlinear iterations =      28
  No. nonlinear convergence failures =       0
  No. error test failures =       0
  Last step size used =    0.61776E+07
  Index compenent largest error = ********

 ...  114 / 238

 No. steps =      23   No. f-s =     699   No. J-s =       1   No. LU-s =       7
  No. nonlinear iterations =      28
  No. nonlinear convergence failures =       0
  No. error test failures =       0
  Last step size used =    0.62823E+07
  Index compenent largest error = ********

 ...  115 / 238

 No. steps =      23   No. f-s =     699   No. J-s =       1   No. LU-s =       7
  No. nonlinear iterations =      28
  No. nonlinear convergence failures =       0
  No. error test failures =       0
  Last step size used =    0.63001E+07
  Index compenent largest error = ********

 ...  116 / 238

 No. steps =      23   No. f-s =     699   No. J-s =       1   No. LU-s =       7
  No. nonlinear iterations =      28
  No. nonlinear convergence failures =       0
  No. error test failures =       0
  Last step size used =    0.63292E+07
  Index compenent largest error = ********

 ...  117 / 238

 No. steps =      23   No. f-s =     699   No. J-s =       1   No. LU-s =       7
  No. nonlinear iterations =      28
  No. nonlinear convergence failures =       0
  No. error test failures =       0
  Last step size used =    0.62534E+07
  Index compenent largest error = ********

 ...  118 / 238

 No. steps =      23   No. f-s =     699   No. J-s =       1   No. LU-s =       7
  No. nonlinear iterations =      28
  No. nonlinear convergence failures =       0
  No. error test failures =       0
  Last step size used =    0.62846E+07
  Index compenent largest error = ********

 ...  119 / 238

 No. steps =      23   No. f-s =     699   No. J-s =       1   No. LU-s =       7
  No. nonlinear iterations =      28
  No. nonlinear convergence failures =       0
  No. error test failures =       0
  Last step size used =    0.64379E+07
  Index compenent largest error = ********

 ...  120 / 238

 No. steps =      25   No. f-s =     700   No. J-s =       1   No. LU-s =       5
  No. nonlinear iterations =      29
  No. nonlinear convergence failures =       0
  No. error test failures =       0
  Last step size used =    0.45119E+07
  Index compenent largest error = ********

 ...  121 / 238

 No. steps =      23   No. f-s =     699   No. J-s =       1   No. LU-s =       7
  No. nonlinear iterations =      28
  No. nonlinear convergence failures =       0
  No. error test failures =       0
  Last step size used =    0.68250E+07
  Index compenent largest error = ********

 ...  122 / 238

 No. steps =      23   No. f-s =     699   No. J-s =       1   No. LU-s =       7
  No. nonlinear iterations =      28
  No. nonlinear convergence failures =       0
  No. error test failures =       0
  Last step size used =    0.66074E+07
  Index compenent largest error = ********

 ...  123 / 238

 No. steps =      25   No. f-s =     700   No. J-s =       1   No. LU-s =       5
  No. nonlinear iterations =      29
  No. nonlinear convergence failures =       0
  No. error test failures =       0
  Last step size used =    0.43014E+07
  Index compenent largest error = ********

 ...  124 / 238

 No. steps =      24   No. f-s =     699   No. J-s =       1   No. LU-s =       5
  No. nonlinear iterations =      28
  No. nonlinear convergence failures =       0
  No. error test failures =       0
  Last step size used =    0.46896E+07
  Index compenent largest error = ********

 ...  125 / 238

 No. steps =      24   No. f-s =     699   No. J-s =       1   No. LU-s =       5
  No. nonlinear iterations =      28
  No. nonlinear convergence failures =       0
  No. error test failures =       0
  Last step size used =    0.46136E+07
  Index compenent largest error = ********

 ...  126 / 238

 No. steps =      24   No. f-s =     699   No. J-s =       1   No. LU-s =       5
  No. nonlinear iterations =      28
  No. nonlinear convergence failures =       0
  No. error test failures =       0
  Last step size used =    0.47102E+07
  Index compenent largest error = ********

 ...  127 / 238

 No. steps =      24   No. f-s =     699   No. J-s =       1   No. LU-s =       5
  No. nonlinear iterations =      28
  No. nonlinear convergence failures =       0
  No. error test failures =       0
  Last step size used =    0.48054E+07
  Index compenent largest error = ********

 ...  128 / 238

 No. steps =      24   No. f-s =     699   No. J-s =       1   No. LU-s =       5
  No. nonlinear iterations =      28
  No. nonlinear convergence failures =       0
  No. error test failures =       0
  Last step size used =    0.47314E+07
  Index compenent largest error = ********

 ...  129 / 238

 No. steps =      24   No. f-s =     699   No. J-s =       1   No. LU-s =       5
  No. nonlinear iterations =      28
  No. nonlinear convergence failures =       0
  No. error test failures =       0
  Last step size used =    0.47121E+07
  Index compenent largest error = ********

 ...  130 / 238

 No. steps =      24   No. f-s =     699   No. J-s =       1   No. LU-s =       5
  No. nonlinear iterations =      28
  No. nonlinear convergence failures =       0
  No. error test failures =       0
  Last step size used =    0.48069E+07
  Index compenent largest error = ********

 ...  131 / 238

 No. steps =      24   No. f-s =     699   No. J-s =       1   No. LU-s =       5
  No. nonlinear iterations =      28
  No. nonlinear convergence failures =       0
  No. error test failures =       0
  Last step size used =    0.48134E+07
  Index compenent largest error = ********

 ...  132 / 238

 No. steps =      23   No. f-s =     698   No. J-s =       1   No. LU-s =       5
  No. nonlinear iterations =      27
  No. nonlinear convergence failures =       0
  No. error test failures =       0
  Last step size used =    0.50622E+07
  Index compenent largest error = ********

 ...  133 / 238

 No. steps =      23   No. f-s =     698   No. J-s =       1   No. LU-s =       5
  No. nonlinear iterations =      27
  No. nonlinear convergence failures =       0
  No. error test failures =       0
  Last step size used =    0.51402E+07
  Index compenent largest error = ********

 ...  134 / 238

 No. steps =      24   No. f-s =     699   No. J-s =       1   No. LU-s =       5
  No. nonlinear iterations =      28
  No. nonlinear convergence failures =       0
  No. error test failures =       0
  Last step size used =    0.48754E+07
  Index compenent largest error = ********

 ...  135 / 238

 No. steps =      24   No. f-s =     699   No. J-s =       1   No. LU-s =       5
  No. nonlinear iterations =      28
  No. nonlinear convergence failures =       0
  No. error test failures =       0
  Last step size used =    0.47893E+07
  Index compenent largest error = ********

 ...  136 / 238

 No. steps =      23   No. f-s =     698   No. J-s =       1   No. LU-s =       5
  No. nonlinear iterations =      27
  No. nonlinear convergence failures =       0
  No. error test failures =       0
  Last step size used =    0.50363E+07
  Index compenent largest error = ********

 ...  137 / 238

 No. steps =      23   No. f-s =     698   No. J-s =       1   No. LU-s =       5
  No. nonlinear iterations =      27
  No. nonlinear convergence failures =       0
  No. error test failures =       0
  Last step size used =    0.51198E+07
  Index compenent largest error = ********

 ...  138 / 238

 No. steps =      23   No. f-s =     698   No. J-s =       1   No. LU-s =       5
  No. nonlinear iterations =      27
  No. nonlinear convergence failures =       0
  No. error test failures =       0
  Last step size used =    0.52781E+07
  Index compenent largest error = ********

 ...  139 / 238

 No. steps =      23   No. f-s =     698   No. J-s =       1   No. LU-s =       5
  No. nonlinear iterations =      27
  No. nonlinear convergence failures =       0
  No. error test failures =       0
  Last step size used =    0.52598E+07
  Index compenent largest error = ********

 ...  140 / 238

 No. steps =      23   No. f-s =     698   No. J-s =       1   No. LU-s =       5
  No. nonlinear iterations =      27
  No. nonlinear convergence failures =       0
  No. error test failures =       0
  Last step size used =    0.52394E+07
  Index compenent largest error = ********

 ...  141 / 238

 No. steps =      23   No. f-s =     698   No. J-s =       1   No. LU-s =       5
  No. nonlinear iterations =      27
  No. nonlinear convergence failures =       0
  No. error test failures =       0
  Last step size used =    0.53717E+07
  Index compenent largest error = ********

 ...  142 / 238

 No. steps =      23   No. f-s =     698   No. J-s =       1   No. LU-s =       5
  No. nonlinear iterations =      27
  No. nonlinear convergence failures =       0
  No. error test failures =       0
  Last step size used =    0.54458E+07
  Index compenent largest error = ********

 ...  143 / 238

 No. steps =      23   No. f-s =     698   No. J-s =       1   No. LU-s =       5
  No. nonlinear iterations =      27
  No. nonlinear convergence failures =       0
  No. error test failures =       0
  Last step size used =    0.54677E+07
  Index compenent largest error = ********

 ...  144 / 238

 No. steps =      21   No. f-s =     696   No. J-s =       1   No. LU-s =       7
  No. nonlinear iterations =      25
  No. nonlinear convergence failures =       0
  No. error test failures =       0
  Last step size used =    0.79968E+07
  Index compenent largest error = ********

 ...  145 / 238

 No. steps =      22   No. f-s =     698   No. J-s =       1   No. LU-s =       7
  No. nonlinear iterations =      27
  No. nonlinear convergence failures =       0
  No. error test failures =       0
  Last step size used =    0.76964E+07
  Index compenent largest error = ********

 ...  146 / 238

 No. steps =      22   No. f-s =     698   No. J-s =       1   No. LU-s =       7
  No. nonlinear iterations =      27
  No. nonlinear convergence failures =       0
  No. error test failures =       0
  Last step size used =    0.78873E+07
  Index compenent largest error = ********

 ...  147 / 238

 No. steps =      22   No. f-s =     697   No. J-s =       1   No. LU-s =       5
  No. nonlinear iterations =      26
  No. nonlinear convergence failures =       0
  No. error test failures =       0
  Last step size used =    0.56174E+07
  Index compenent largest error = ********

 ...  148 / 238

 No. steps =      21   No. f-s =     696   No. J-s =       1   No. LU-s =       7
  No. nonlinear iterations =      25
  No. nonlinear convergence failures =       0
  No. error test failures =       0
  Last step size used =    0.83983E+07
  Index compenent largest error = ********

 ...  149 / 238

 No. steps =      21   No. f-s =     696   No. J-s =       1   No. LU-s =       7
  No. nonlinear iterations =      25
  No. nonlinear convergence failures =       0
  No. error test failures =       0
  Last step size used =    0.81679E+07
  Index compenent largest error = ********

 ...  150 / 238

 No. steps =      21   No. f-s =     696   No. J-s =       1   No. LU-s =       7
  No. nonlinear iterations =      25
  No. nonlinear convergence failures =       0
  No. error test failures =       0
  Last step size used =    0.81391E+07
  Index compenent largest error = ********

 ...  151 / 238

 No. steps =      21   No. f-s =     696   No. J-s =       1   No. LU-s =       7
  No. nonlinear iterations =      25
  No. nonlinear convergence failures =       0
  No. error test failures =       0
  Last step size used =    0.83277E+07
  Index compenent largest error = ********

 ...  152 / 238

 No. steps =      21   No. f-s =     696   No. J-s =       1   No. LU-s =       7
  No. nonlinear iterations =      25
  No. nonlinear convergence failures =       0
  No. error test failures =       0
  Last step size used =    0.84591E+07
  Index compenent largest error = ********

 ...  153 / 238

 No. steps =      21   No. f-s =     696   No. J-s =       1   No. LU-s =       7
  No. nonlinear iterations =      25
  No. nonlinear convergence failures =       0
  No. error test failures =       0
  Last step size used =    0.86367E+07
  Index compenent largest error = ********

 ...  154 / 238

 No. steps =      21   No. f-s =     696   No. J-s =       1   No. LU-s =       7
  No. nonlinear iterations =      25
  No. nonlinear convergence failures =       0
  No. error test failures =       0
  Last step size used =    0.86922E+07
  Index compenent largest error = ********

 ...  155 / 238

 No. steps =      21   No. f-s =     696   No. J-s =       1   No. LU-s =       7
  No. nonlinear iterations =      25
  No. nonlinear convergence failures =       0
  No. error test failures =       0
  Last step size used =    0.92954E+07
  Index compenent largest error = ********

 ...  156 / 238

 No. steps =      21   No. f-s =     696   No. J-s =       1   No. LU-s =       7
  No. nonlinear iterations =      25
  No. nonlinear convergence failures =       0
  No. error test failures =       0
  Last step size used =    0.91777E+07
  Index compenent largest error = ********

 ...  157 / 238

 No. steps =      21   No. f-s =     696   No. J-s =       1   No. LU-s =       7
  No. nonlinear iterations =      25
  No. nonlinear convergence failures =       0
  No. error test failures =       0
  Last step size used =    0.93484E+07
  Index compenent largest error = ********

 ...  158 / 238

 No. steps =      20   No. f-s =     695   No. J-s =       1   No. LU-s =       6
  No. nonlinear iterations =      24
  No. nonlinear convergence failures =       0
  No. error test failures =       0
  Last step size used =    0.58122E+07
  Index compenent largest error = ********

 ...  159 / 238

 No. steps =      20   No. f-s =     695   No. J-s =       1   No. LU-s =       6
  No. nonlinear iterations =      24
  No. nonlinear convergence failures =       0
  No. error test failures =       0
  Last step size used =    0.60157E+07
  Index compenent largest error = ********

 ...  160 / 238

 No. steps =      20   No. f-s =     695   No. J-s =       1   No. LU-s =       6
  No. nonlinear iterations =      24
  No. nonlinear convergence failures =       0
  No. error test failures =       0
  Last step size used =    0.59548E+07
  Index compenent largest error = ********

 ...  161 / 238

 No. steps =      20   No. f-s =     695   No. J-s =       1   No. LU-s =       6
  No. nonlinear iterations =      24
  No. nonlinear convergence failures =       0
  No. error test failures =       0
  Last step size used =    0.60052E+07
  Index compenent largest error = ********

 ...  162 / 238

 No. steps =      20   No. f-s =     695   No. J-s =       1   No. LU-s =       6
  No. nonlinear iterations =      24
  No. nonlinear convergence failures =       0
  No. error test failures =       0
  Last step size used =    0.61383E+07
  Index compenent largest error = ********

 ...  163 / 238

 No. steps =      20   No. f-s =     695   No. J-s =       1   No. LU-s =       6
  No. nonlinear iterations =      24
  No. nonlinear convergence failures =       0
  No. error test failures =       0
  Last step size used =    0.62571E+07
  Index compenent largest error = ********

 ...  164 / 238

 No. steps =      20   No. f-s =     695   No. J-s =       1   No. LU-s =       6
  No. nonlinear iterations =      24
  No. nonlinear convergence failures =       0
  No. error test failures =       0
  Last step size used =    0.63948E+07
  Index compenent largest error = ********

 ...  165 / 238

 No. steps =      20   No. f-s =     695   No. J-s =       1   No. LU-s =       6
  No. nonlinear iterations =      24
  No. nonlinear convergence failures =       0
  No. error test failures =       0
  Last step size used =    0.64903E+07
  Index compenent largest error = ********

 ...  166 / 238

 No. steps =      19   No. f-s =     694   No. J-s =       1   No. LU-s =       6
  No. nonlinear iterations =      23
  No. nonlinear convergence failures =       0
  No. error test failures =       0
  Last step size used =    0.67848E+07
  Index compenent largest error = ********

 ...  167 / 238

 No. steps =      19   No. f-s =     694   No. J-s =       1   No. LU-s =       6
  No. nonlinear iterations =      23
  No. nonlinear convergence failures =       0
  No. error test failures =       0
  Last step size used =    0.68177E+07
  Index compenent largest error = ********

 ...  168 / 238

 No. steps =      19   No. f-s =     694   No. J-s =       1   No. LU-s =       6
  No. nonlinear iterations =      23
  No. nonlinear convergence failures =       0
  No. error test failures =       0
  Last step size used =    0.68777E+07
  Index compenent largest error = ********

 ...  169 / 238

 No. steps =      19   No. f-s =     694   No. J-s =       1   No. LU-s =       6
  No. nonlinear iterations =      23
  No. nonlinear convergence failures =       0
  No. error test failures =       0
  Last step size used =    0.69737E+07
  Index compenent largest error = ********

 ...  170 / 238

 No. steps =      19   No. f-s =     694   No. J-s =       1   No. LU-s =       6
  No. nonlinear iterations =      23
  No. nonlinear convergence failures =       0
  No. error test failures =       0
  Last step size used =    0.72110E+07
  Index compenent largest error = ********

 ...  171 / 238

 No. steps =      19   No. f-s =     694   No. J-s =       1   No. LU-s =       6
  No. nonlinear iterations =      23
  No. nonlinear convergence failures =       0
  No. error test failures =       0
  Last step size used =    0.70162E+07
  Index compenent largest error = ********

 ...  172 / 238

 No. steps =      19   No. f-s =     694   No. J-s =       1   No. LU-s =       6
  No. nonlinear iterations =      23
  No. nonlinear convergence failures =       0
  No. error test failures =       0
  Last step size used =    0.72584E+07
  Index compenent largest error = ********

 ...  173 / 238

 No. steps =      19   No. f-s =     694   No. J-s =       1   No. LU-s =       6
  No. nonlinear iterations =      23
  No. nonlinear convergence failures =       0
  No. error test failures =       0
  Last step size used =    0.72854E+07
  Index compenent largest error = ********

 ...  174 / 238

 No. steps =      19   No. f-s =     694   No. J-s =       1   No. LU-s =       6
  No. nonlinear iterations =      23
  No. nonlinear convergence failures =       0
  No. error test failures =       0
  Last step size used =    0.73279E+07
  Index compenent largest error = ********

 ...  175 / 238

 No. steps =      19   No. f-s =     694   No. J-s =       1   No. LU-s =       6
  No. nonlinear iterations =      23
  No. nonlinear convergence failures =       0
  No. error test failures =       0
  Last step size used =    0.74226E+07
  Index compenent largest error = ********

 ...  176 / 238

 No. steps =      19   No. f-s =     694   No. J-s =       1   No. LU-s =       6
  No. nonlinear iterations =      23
  No. nonlinear convergence failures =       0
  No. error test failures =       0
  Last step size used =    0.74897E+07
  Index compenent largest error = ********

 ...  177 / 238

 No. steps =      18   No. f-s =     693   No. J-s =       1   No. LU-s =       6
  No. nonlinear iterations =      22
  No. nonlinear convergence failures =       0
  No. error test failures =       0
  Last step size used =    0.77907E+07
  Index compenent largest error = ********

 ...  178 / 238

 No. steps =      18   No. f-s =     693   No. J-s =       1   No. LU-s =       6
  No. nonlinear iterations =      22
  No. nonlinear convergence failures =       0
  No. error test failures =       0
  Last step size used =    0.78199E+07
  Index compenent largest error = ********

 ...  179 / 238

 No. steps =      18   No. f-s =     693   No. J-s =       1   No. LU-s =       6
  No. nonlinear iterations =      22
  No. nonlinear convergence failures =       0
  No. error test failures =       0
  Last step size used =    0.78808E+07
  Index compenent largest error = ********

 ...  180 / 238

 No. steps =      18   No. f-s =     693   No. J-s =       1   No. LU-s =       6
  No. nonlinear iterations =      22
  No. nonlinear convergence failures =       0
  No. error test failures =       0
  Last step size used =    0.80573E+07
  Index compenent largest error = ********

 ...  181 / 238

 No. steps =      18   No. f-s =     693   No. J-s =       1   No. LU-s =       6
  No. nonlinear iterations =      22
  No. nonlinear convergence failures =       0
  No. error test failures =       0
  Last step size used =    0.79523E+07
  Index compenent largest error = ********

 ...  182 / 238

 No. steps =      18   No. f-s =     693   No. J-s =       1   No. LU-s =       6
  No. nonlinear iterations =      22
  No. nonlinear convergence failures =       0
  No. error test failures =       0
  Last step size used =    0.78413E+07
  Index compenent largest error = ********

 ...  183 / 238

 No. steps =      18   No. f-s =     693   No. J-s =       1   No. LU-s =       6
  No. nonlinear iterations =      22
  No. nonlinear convergence failures =       0
  No. error test failures =       0
  Last step size used =    0.80836E+07
  Index compenent largest error = ********

 ...  184 / 238

 No. steps =      18   No. f-s =     693   No. J-s =       1   No. LU-s =       6
  No. nonlinear iterations =      22
  No. nonlinear convergence failures =       0
  No. error test failures =       0
  Last step size used =    0.80077E+07
  Index compenent largest error = ********

 ...  185 / 238

 No. steps =      18   No. f-s =     693   No. J-s =       1   No. LU-s =       6
  No. nonlinear iterations =      22
  No. nonlinear convergence failures =       0
  No. error test failures =       0
  Last step size used =    0.80456E+07
  Index compenent largest error = ********

 ...  186 / 238

 No. steps =      18   No. f-s =     693   No. J-s =       1   No. LU-s =       6
  No. nonlinear iterations =      22
  No. nonlinear convergence failures =       0
  No. error test failures =       0
  Last step size used =    0.80345E+07
  Index compenent largest error = ********

 ...  187 / 238

 No. steps =      18   No. f-s =     693   No. J-s =       1   No. LU-s =       6
  No. nonlinear iterations =      22
  No. nonlinear convergence failures =       0
  No. error test failures =       0
  Last step size used =    0.81100E+07
  Index compenent largest error = ********

 ...  188 / 238

 No. steps =      18   No. f-s =     693   No. J-s =       1   No. LU-s =       6
  No. nonlinear iterations =      22
  No. nonlinear convergence failures =       0
  No. error test failures =       0
  Last step size used =    0.83165E+07
  Index compenent largest error = ********

 ...  189 / 238

 No. steps =      18   No. f-s =     693   No. J-s =       1   No. LU-s =       6
  No. nonlinear iterations =      22
  No. nonlinear convergence failures =       0
  No. error test failures =       0
  Last step size used =    0.83395E+07
  Index compenent largest error = ********

 ...  190 / 238

 No. steps =      18   No. f-s =     693   No. J-s =       1   No. LU-s =       6
  No. nonlinear iterations =      22
  No. nonlinear convergence failures =       0
  No. error test failures =       0
  Last step size used =    0.84172E+07
  Index compenent largest error = ********

 ...  191 / 238

 No. steps =      18   No. f-s =     693   No. J-s =       1   No. LU-s =       6
  No. nonlinear iterations =      22
  No. nonlinear convergence failures =       0
  No. error test failures =       0
  Last step size used =    0.84320E+07
  Index compenent largest error = ********

 ...  192 / 238

 No. steps =      18   No. f-s =     693   No. J-s =       1   No. LU-s =       6
  No. nonlinear iterations =      22
  No. nonlinear convergence failures =       0
  No. error test failures =       0
  Last step size used =    0.84613E+07
  Index compenent largest error = ********

 ...  193 / 238

 No. steps =      18   No. f-s =     693   No. J-s =       1   No. LU-s =       6
  No. nonlinear iterations =      22
  No. nonlinear convergence failures =       0
  No. error test failures =       0
  Last step size used =    0.81592E+07
  Index compenent largest error = ********

 ...  194 / 238

 No. steps =      18   No. f-s =     693   No. J-s =       1   No. LU-s =       6
  No. nonlinear iterations =      22
  No. nonlinear convergence failures =       0
  No. error test failures =       0
  Last step size used =    0.84308E+07
  Index compenent largest error = ********

 ...  195 / 238

 No. steps =      18   No. f-s =     693   No. J-s =       1   No. LU-s =       6
  No. nonlinear iterations =      22
  No. nonlinear convergence failures =       0
  No. error test failures =       0
  Last step size used =    0.84115E+07
  Index compenent largest error = ********

 ...  196 / 238

 No. steps =      18   No. f-s =     693   No. J-s =       1   No. LU-s =       6
  No. nonlinear iterations =      22
  No. nonlinear convergence failures =       0
  No. error test failures =       0
  Last step size used =    0.84126E+07
  Index compenent largest error = ********

 ...  197 / 238

 No. steps =      18   No. f-s =     693   No. J-s =       1   No. LU-s =       6
  No. nonlinear iterations =      22
  No. nonlinear convergence failures =       0
  No. error test failures =       0
  Last step size used =    0.83349E+07
  Index compenent largest error = ********

 ...  198 / 238

 No. steps =      18   No. f-s =     693   No. J-s =       1   No. LU-s =       6
  No. nonlinear iterations =      22
  No. nonlinear convergence failures =       0
  No. error test failures =       0
  Last step size used =    0.85418E+07
  Index compenent largest error = ********

 ...  199 / 238

 No. steps =      18   No. f-s =     693   No. J-s =       1   No. LU-s =       6
  No. nonlinear iterations =      22
  No. nonlinear convergence failures =       0
  No. error test failures =       0
  Last step size used =    0.84490E+07
  Index compenent largest error = ********

 ...  200 / 238

 No. steps =      18   No. f-s =     693   No. J-s =       1   No. LU-s =       6
  No. nonlinear iterations =      22
  No. nonlinear convergence failures =       0
  No. error test failures =       0
  Last step size used =    0.85508E+07
  Index compenent largest error = ********

 ...  201 / 238

 No. steps =      18   No. f-s =     693   No. J-s =       1   No. LU-s =       6
  No. nonlinear iterations =      22
  No. nonlinear convergence failures =       0
  No. error test failures =       0
  Last step size used =    0.86477E+07
  Index compenent largest error = ********

 ...  202 / 238

 No. steps =      18   No. f-s =     693   No. J-s =       1   No. LU-s =       6
  No. nonlinear iterations =      22
  No. nonlinear convergence failures =       0
  No. error test failures =       0
  Last step size used =    0.86507E+07
  Index compenent largest error = ********

 ...  203 / 238

 No. steps =      18   No. f-s =     693   No. J-s =       1   No. LU-s =       6
  No. nonlinear iterations =      22
  No. nonlinear convergence failures =       0
  No. error test failures =       0
  Last step size used =    0.84861E+07
  Index compenent largest error = ********

 ...  204 / 238

 No. steps =      18   No. f-s =     693   No. J-s =       1   No. LU-s =       6
  No. nonlinear iterations =      22
  No. nonlinear convergence failures =       0
  No. error test failures =       0
  Last step size used =    0.85229E+07
  Index compenent largest error = ********

 ...  205 / 238

 No. steps =      18   No. f-s =     693   No. J-s =       1   No. LU-s =       6
  No. nonlinear iterations =      22
  No. nonlinear convergence failures =       0
  No. error test failures =       0
  Last step size used =    0.86858E+07
  Index compenent largest error = ********

 ...  206 / 238

 No. steps =      18   No. f-s =     693   No. J-s =       1   No. LU-s =       6
  No. nonlinear iterations =      22
  No. nonlinear convergence failures =       0
  No. error test failures =       0
  Last step size used =    0.86638E+07
  Index compenent largest error = ********

 ...  207 / 238

 No. steps =      18   No. f-s =     693   No. J-s =       1   No. LU-s =       6
  No. nonlinear iterations =      22
  No. nonlinear convergence failures =       0
  No. error test failures =       0
  Last step size used =    0.86608E+07
  Index compenent largest error = ********

 ...  208 / 238

 No. steps =      18   No. f-s =     693   No. J-s =       1   No. LU-s =       6
  No. nonlinear iterations =      22
  No. nonlinear convergence failures =       0
  No. error test failures =       0
  Last step size used =    0.85868E+07
  Index compenent largest error = ********

 ...  209 / 238

 No. steps =      18   No. f-s =     693   No. J-s =       1   No. LU-s =       6
  No. nonlinear iterations =      22
  No. nonlinear convergence failures =       0
  No. error test failures =       0
  Last step size used =    0.86402E+07
  Index compenent largest error = ********

 ...  210 / 238

 No. steps =      18   No. f-s =     693   No. J-s =       1   No. LU-s =       6
  No. nonlinear iterations =      22
  No. nonlinear convergence failures =       0
  No. error test failures =       0
  Last step size used =    0.69613E+07
  Index compenent largest error = ********

 ...  211 / 238

 No. steps =      18   No. f-s =     693   No. J-s =       1   No. LU-s =       6
  No. nonlinear iterations =      22
  No. nonlinear convergence failures =       0
  No. error test failures =       0
  Last step size used =    0.70294E+07
  Index compenent largest error = ********

 ...  212 / 238

 No. steps =      18   No. f-s =     693   No. J-s =       1   No. LU-s =       6
  No. nonlinear iterations =      22
  No. nonlinear convergence failures =       0
  No. error test failures =       0
  Last step size used =    0.70549E+07
  Index compenent largest error = ********

 ...  213 / 238

 No. steps =      18   No. f-s =     693   No. J-s =       1   No. LU-s =       6
  No. nonlinear iterations =      22
  No. nonlinear convergence failures =       0
  No. error test failures =       0
  Last step size used =    0.71177E+07
  Index compenent largest error = ********

 ...  214 / 238

 No. steps =      18   No. f-s =     693   No. J-s =       1   No. LU-s =       6
  No. nonlinear iterations =      22
  No. nonlinear convergence failures =       0
  No. error test failures =       0
  Last step size used =    0.87050E+07
  Index compenent largest error = ********

 ...  215 / 238

 No. steps =      18   No. f-s =     693   No. J-s =       1   No. LU-s =       6
  No. nonlinear iterations =      22
  No. nonlinear convergence failures =       0
  No. error test failures =       0
  Last step size used =    0.70264E+07
  Index compenent largest error = ********

 ...  216 / 238

 No. steps =      18   No. f-s =     693   No. J-s =       1   No. LU-s =       6
  No. nonlinear iterations =      22
  No. nonlinear convergence failures =       0
  No. error test failures =       0
  Last step size used =    0.71128E+07
  Index compenent largest error = ********

 ...  217 / 238

 No. steps =      18   No. f-s =     693   No. J-s =       1   No. LU-s =       6
  No. nonlinear iterations =      22
  No. nonlinear convergence failures =       0
  No. error test failures =       0
  Last step size used =    0.71356E+07
  Index compenent largest error = ********

 ...  218 / 238

 No. steps =      18   No. f-s =     693   No. J-s =       1   No. LU-s =       6
  No. nonlinear iterations =      22
  No. nonlinear convergence failures =       0
  No. error test failures =       0
  Last step size used =    0.71385E+07
  Index compenent largest error = ********

 ...  219 / 238

 No. steps =      18   No. f-s =     693   No. J-s =       1   No. LU-s =       6
  No. nonlinear iterations =      22
  No. nonlinear convergence failures =       0
  No. error test failures =       0
  Last step size used =    0.71376E+07
  Index compenent largest error = ********

 ...  220 / 238

 No. steps =      18   No. f-s =     693   No. J-s =       1   No. LU-s =       6
  No. nonlinear iterations =      22
  No. nonlinear convergence failures =       0
  No. error test failures =       0
  Last step size used =    0.71166E+07
  Index compenent largest error = ********

 ...  221 / 238

 No. steps =      18   No. f-s =     693   No. J-s =       1   No. LU-s =       6
  No. nonlinear iterations =      22
  No. nonlinear convergence failures =       0
  No. error test failures =       0
  Last step size used =    0.71453E+07
  Index compenent largest error = ********

 ...  222 / 238

 No. steps =      18   No. f-s =     693   No. J-s =       1   No. LU-s =       6
  No. nonlinear iterations =      22
  No. nonlinear convergence failures =       0
  No. error test failures =       0
  Last step size used =    0.72335E+07
  Index compenent largest error = ********

 ...  223 / 238

 No. steps =      18   No. f-s =     693   No. J-s =       1   No. LU-s =       6
  No. nonlinear iterations =      22
  No. nonlinear convergence failures =       0
  No. error test failures =       0
  Last step size used =    0.73186E+07
  Index compenent largest error = ********

 ...  224 / 238

 No. steps =      18   No. f-s =     693   No. J-s =       1   No. LU-s =       6
  No. nonlinear iterations =      22
  No. nonlinear convergence failures =       0
  No. error test failures =       0
  Last step size used =    0.73749E+07
  Index compenent largest error = ********

 ...  225 / 238

 No. steps =      18   No. f-s =     693   No. J-s =       1   No. LU-s =       6
  No. nonlinear iterations =      22
  No. nonlinear convergence failures =       0
  No. error test failures =       0
  Last step size used =    0.71804E+07
  Index compenent largest error = ********

 ...  226 / 238

 No. steps =      18   No. f-s =     693   No. J-s =       1   No. LU-s =       6
  No. nonlinear iterations =      22
  No. nonlinear convergence failures =       0
  No. error test failures =       0
  Last step size used =    0.73151E+07
  Index compenent largest error = ********

 ...  227 / 238

 No. steps =      18   No. f-s =     693   No. J-s =       1   No. LU-s =       6
  No. nonlinear iterations =      22
  No. nonlinear convergence failures =       0
  No. error test failures =       0
  Last step size used =    0.73818E+07
  Index compenent largest error = ********

 ...  228 / 238

 No. steps =      18   No. f-s =     693   No. J-s =       1   No. LU-s =       6
  No. nonlinear iterations =      22
  No. nonlinear convergence failures =       0
  No. error test failures =       0
  Last step size used =    0.73859E+07
  Index compenent largest error = ********

 ...  229 / 238

 No. steps =      18   No. f-s =     693   No. J-s =       1   No. LU-s =       6
  No. nonlinear iterations =      22
  No. nonlinear convergence failures =       0
  No. error test failures =       0
  Last step size used =    0.74677E+07
  Index compenent largest error = ********

 ...  230 / 238

 No. steps =      18   No. f-s =     693   No. J-s =       1   No. LU-s =       6
  No. nonlinear iterations =      22
  No. nonlinear convergence failures =       0
  No. error test failures =       0
  Last step size used =    0.74638E+07
  Index compenent largest error = ********

 ...  231 / 238

 No. steps =      18   No. f-s =     693   No. J-s =       1   No. LU-s =       6
  No. nonlinear iterations =      22
  No. nonlinear convergence failures =       0
  No. error test failures =       0
  Last step size used =    0.73419E+07
  Index compenent largest error = ********

 ...  232 / 238

 No. steps =      18   No. f-s =     693   No. J-s =       1   No. LU-s =       6
  No. nonlinear iterations =      22
  No. nonlinear convergence failures =       0
  No. error test failures =       0
  Last step size used =    0.74855E+07
  Index compenent largest error = ********

 ...  233 / 238

 No. steps =      18   No. f-s =     693   No. J-s =       1   No. LU-s =       6
  No. nonlinear iterations =      22
  No. nonlinear convergence failures =       0
  No. error test failures =       0
  Last step size used =    0.75298E+07
  Index compenent largest error = ********

 ...  234 / 238

 No. steps =      18   No. f-s =     693   No. J-s =       1   No. LU-s =       6
  No. nonlinear iterations =      22
  No. nonlinear convergence failures =       0
  No. error test failures =       0
  Last step size used =    0.76205E+07
  Index compenent largest error = ********

 ...  235 / 238

 No. steps =      18   No. f-s =     693   No. J-s =       1   No. LU-s =       6
  No. nonlinear iterations =      22
  No. nonlinear convergence failures =       0
  No. error test failures =       0
  Last step size used =    0.75605E+07
  Index compenent largest error = ********

 ...  236 / 238

 No. steps =      18   No. f-s =     693   No. J-s =       1   No. LU-s =       6
  No. nonlinear iterations =      22
  No. nonlinear convergence failures =       0
  No. error test failures =       0
  Last step size used =    0.76122E+07
  Index compenent largest error = ********

 ...  237 / 238

 No. steps =      18   No. f-s =     693   No. J-s =       1   No. LU-s =       6
  No. nonlinear iterations =      22
  No. nonlinear convergence failures =       0
  No. error test failures =       0
  Last step size used =    0.76032E+07
  Index compenent largest error = ********

 ...  238 / 238

 No. steps =      18   No. f-s =     693   No. J-s =       1   No. LU-s =       6
  No. nonlinear iterations =      22
  No. nonlinear convergence failures =       0
  No. error test failures =       0
  Last step size used =    0.76517E+07
  Index compenent largest error = ********


    ... DONE!
 +++++++++++++++++++++++++++++++++++++++++++++++++++


+------------------ Job Report: 10176588 (COMPLETED) ------------------+
| Memory (RAM)  No data available                                      |
| CPU           [##########          ] 52.8% average                   |
| Time          [>                   ]  1.0% (0-00:00:36 / 0-01:00:00) |
|                                                                      |
| Lustre Filesystem:                                                   |
|   No data available                                                  |
+----------------------------------------------------------------------+
