Starting job 10175762, array task 436 on dave28
Chemistry type: Orich
Analysis mode: false
Found 462 valid particle IDs in /fred/oz304/beckers/Chemistry/traces/wind_v10/trace_output_with_av
Returning 460 particle IDs (after start_index=2 offset)
SLURM task 436: processing particle 3926931
Running Orich evolving_model on 1 phantom particle trace(s) from wind_v10

 +++++++++++++++++++++++++++++++++++++++++++++++++++
 +++++        ENVELOPE CHEMICAL MODEL         ++++++
 +++++++++++++++++++++++++++++++++++++++++++++++++++

 Version 1.0 authored by Catherine Walsh and Maria 
    Drozdovskaya, Leiden Observatory (01/08/2013)

 Version 1.1 amended by Catherine Walsh (18/05/2014)

 Version 1.2 amended by Catherine Walsh (13/08/2015)

 +++++++++++++++++++++++++++++++++++++++++++++++++++

          Input file =  Orich/param/trace_file_param/file_parameters_3926931.txt              

 Physical conditions  = Orich/input/3926931.txt                                               
 Chemical network     = ./rate12_complex.rates                                                
 Species file         = ./rate12_complex_atomic_Orich.specs                                   
 Binding energies     = ./rate12_binding.dat                                                  
 Reaction parameters  = param/reaction_parameters.txt                                         
 Grain parameters     = param/grain_parameters.txt                                            
 Radiation parameters = param/radiation_parameters.txt                                        

 Output file          = Orich/output/model_output_3926931.dat                                 
 Rates file           = Orich/output/model_rates_3926931.dat                                  

 Opening and reading physical conditions file ...

 +++++++++++++++++++++++++++++++++++++++++++++++++++
 Beginning to run model ...
 +++++++++++++++++++++++++++++++++++++++++++++++++++

 Preparing output files ...

 Progress = ...
 ...    1 /  81

 No. steps =    1381   No. f-s =   25661   No. J-s =      35   No. LU-s =     223
  No. nonlinear iterations =    2280
  No. nonlinear convergence failures =       0
  No. error test failures =      75
  Last step size used =    0.82350E+08
  Index compenent largest error = ********

 ...    2 /  81

 No. steps =     109   No. f-s =    1465   No. J-s =       2   No. LU-s =      21
  No. nonlinear iterations =     126
  No. nonlinear convergence failures =       0
  No. error test failures =       1
  Last step size used =    0.22273E+07
  Index compenent largest error = ********

 ...    3 /  81

 No. steps =     104   No. f-s =    1457   No. J-s =       2   No. LU-s =      17
  No. nonlinear iterations =     118
  No. nonlinear convergence failures =       0
  No. error test failures =       0
  Last step size used =    0.31355E+07
  Index compenent largest error = ********

 ...    4 /  81

 No. steps =     101   No. f-s =    1455   No. J-s =       2   No. LU-s =      16
  No. nonlinear iterations =     116
  No. nonlinear convergence failures =       0
  No. error test failures =       0
  Last step size used =    0.31527E+07
  Index compenent largest error = ********

 ...    5 /  81

 No. steps =      95   No. f-s =    1447   No. J-s =       2   No. LU-s =      15
  No. nonlinear iterations =     108
  No. nonlinear convergence failures =       0
  No. error test failures =       0
  Last step size used =    0.36407E+07
  Index compenent largest error = ********

 ...    6 /  81

 No. steps =      84   No. f-s =    1434   No. J-s =       2   No. LU-s =      14
  No. nonlinear iterations =      95
  No. nonlinear convergence failures =       0
  No. error test failures =       0
  Last step size used =    0.37870E+07
  Index compenent largest error = ********

 ...    7 /  81

 No. steps =      74   No. f-s =    1425   No. J-s =       2   No. LU-s =      15
  No. nonlinear iterations =      86
  No. nonlinear convergence failures =       0
  No. error test failures =       0
  Last step size used =    0.65134E+07
  Index compenent largest error = ********

 ...    8 /  81

 No. steps =      66   No. f-s =    1415   No. J-s =       2   No. LU-s =      14
  No. nonlinear iterations =      76
  No. nonlinear convergence failures =       0
  No. error test failures =       0
  Last step size used =    0.45188E+07
  Index compenent largest error = ********

 ...    9 /  81

 No. steps =      59   No. f-s =    1407   No. J-s =       2   No. LU-s =      14
  No. nonlinear iterations =      68
  No. nonlinear convergence failures =       0
  No. error test failures =       0
  Last step size used =    0.63729E+07
  Index compenent largest error = ********

 ...   10 /  81

 No. steps =      58   No. f-s =    1405   No. J-s =       2   No. LU-s =      14
  No. nonlinear iterations =      66
  No. nonlinear convergence failures =       0
  No. error test failures =       0
  Last step size used =    0.54628E+07
  Index compenent largest error = ********

 ...   11 /  81

 No. steps =      57   No. f-s =    1405   No. J-s =       2   No. LU-s =      12
  No. nonlinear iterations =      66
  No. nonlinear convergence failures =       0
  No. error test failures =       0
  Last step size used =    0.37412E+07
  Index compenent largest error = ********

 ...   12 /  81

 No. steps =      57   No. f-s =     736   No. J-s =       1   No. LU-s =      12
  No. nonlinear iterations =      65
  No. nonlinear convergence failures =       0
  No. error test failures =       0
  Last step size used =    0.27913E+07
  Index compenent largest error = ********

 ...   13 /  81

 No. steps =      56   No. f-s =    1405   No. J-s =       2   No. LU-s =      13
  No. nonlinear iterations =      66
  No. nonlinear convergence failures =       0
  No. error test failures =       0
  Last step size used =    0.60236E+07
  Index compenent largest error = ********

 ...   14 /  81

 No. steps =      57   No. f-s =    1404   No. J-s =       2   No. LU-s =      13
  No. nonlinear iterations =      65
  No. nonlinear convergence failures =       0
  No. error test failures =       0
  Last step size used =    0.42588E+07
  Index compenent largest error = ********

 ...   15 /  81

 No. steps =      57   No. f-s =    1403   No. J-s =       2   No. LU-s =      12
  No. nonlinear iterations =      64
  No. nonlinear convergence failures =       0
  No. error test failures =       0
  Last step size used =    0.49876E+07
  Index compenent largest error = ********

 ...   16 /  81

 No. steps =      57   No. f-s =    1405   No. J-s =       2   No. LU-s =      11
  No. nonlinear iterations =      66
  No. nonlinear convergence failures =       0
  No. error test failures =       0
  Last step size used =    0.38038E+07
  Index compenent largest error = ********

 ...   17 /  81

 No. steps =      56   No. f-s =    1404   No. J-s =       2   No. LU-s =      12
  No. nonlinear iterations =      65
  No. nonlinear convergence failures =       0
  No. error test failures =       0
  Last step size used =    0.49978E+07
  Index compenent largest error = ********

 ...   18 /  81

 No. steps =      56   No. f-s =    1404   No. J-s =       2   No. LU-s =      11
  No. nonlinear iterations =      65
  No. nonlinear convergence failures =       0
  No. error test failures =       0
  Last step size used =    0.36409E+07
  Index compenent largest error = ********

 ...   19 /  81

 No. steps =      53   No. f-s =     732   No. J-s =       1   No. LU-s =      10
  No. nonlinear iterations =      61
  No. nonlinear convergence failures =       0
  No. error test failures =       0
  Last step size used =    0.36515E+07
  Index compenent largest error = ********

 ...   20 /  81

 No. steps =      53   No. f-s =    1400   No. J-s =       2   No. LU-s =      11
  No. nonlinear iterations =      61
  No. nonlinear convergence failures =       0
  No. error test failures =       0
  Last step size used =    0.51694E+07
  Index compenent largest error = ********

 ...   21 /  81

 No. steps =      61   No. f-s =    1407   No. J-s =       2   No. LU-s =      11
  No. nonlinear iterations =      68
  No. nonlinear convergence failures =       0
  No. error test failures =       0
  Last step size used =    0.33533E+07
  Index compenent largest error = ********

 ...   22 /  81

 No. steps =      66   No. f-s =    1413   No. J-s =       2   No. LU-s =      11
  No. nonlinear iterations =      74
  No. nonlinear convergence failures =       0
  No. error test failures =       0
  Last step size used =    0.30962E+07
  Index compenent largest error = ********

 ...   23 /  81

 No. steps =      65   No. f-s =    1415   No. J-s =       2   No. LU-s =      12
  No. nonlinear iterations =      76
  No. nonlinear convergence failures =       0
  No. error test failures =       0
  Last step size used =    0.36720E+07
  Index compenent largest error = ********

 ...   24 /  81

 No. steps =      57   No. f-s =    1405   No. J-s =       2   No. LU-s =      12
  No. nonlinear iterations =      66
  No. nonlinear convergence failures =       0
  No. error test failures =       0
  Last step size used =    0.48990E+07
  Index compenent largest error = ********

 ...   25 /  81

 No. steps =      52   No. f-s =    1396   No. J-s =       2   No. LU-s =      11
  No. nonlinear iterations =      57
  No. nonlinear convergence failures =       0
  No. error test failures =       0
  Last step size used =    0.59684E+07
  Index compenent largest error = ********

 ...   26 /  81

 No. steps =      55   No. f-s =    1402   No. J-s =       2   No. LU-s =      11
  No. nonlinear iterations =      63
  No. nonlinear convergence failures =       0
  No. error test failures =       0
  Last step size used =    0.49054E+07
  Index compenent largest error = ********

 ...   27 /  81

 No. steps =      60   No. f-s =    1404   No. J-s =       2   No. LU-s =      11
  No. nonlinear iterations =      65
  No. nonlinear convergence failures =       0
  No. error test failures =       0
  Last step size used =    0.42079E+07
  Index compenent largest error = ********

 ...   28 /  81

 No. steps =      60   No. f-s =    1405   No. J-s =       2   No. LU-s =      11
  No. nonlinear iterations =      66
  No. nonlinear convergence failures =       0
  No. error test failures =       0
  Last step size used =    0.44017E+07
  Index compenent largest error = ********

 ...   29 /  81

 No. steps =      59   No. f-s =    1404   No. J-s =       2   No. LU-s =      11
  No. nonlinear iterations =      65
  No. nonlinear convergence failures =       0
  No. error test failures =       0
  Last step size used =    0.49119E+07
  Index compenent largest error = ********

 ...   30 /  81

 No. steps =      57   No. f-s =    1404   No. J-s =       2   No. LU-s =      11
  No. nonlinear iterations =      65
  No. nonlinear convergence failures =       0
  No. error test failures =       0
  Last step size used =    0.53842E+07
  Index compenent largest error = ********

 ...   31 /  81

 No. steps =      55   No. f-s =     735   No. J-s =       1   No. LU-s =      11
  No. nonlinear iterations =      64
  No. nonlinear convergence failures =       0
  No. error test failures =       0
  Last step size used =    0.34268E+07
  Index compenent largest error = ********

 ...   32 /  81

 No. steps =      55   No. f-s =    1402   No. J-s =       2   No. LU-s =      12
  No. nonlinear iterations =      63
  No. nonlinear convergence failures =       0
  No. error test failures =       0
  Last step size used =    0.67547E+07
  Index compenent largest error = ********

 ...   33 /  81

 No. steps =      54   No. f-s =    1401   No. J-s =       2   No. LU-s =      11
  No. nonlinear iterations =      62
  No. nonlinear convergence failures =       0
  No. error test failures =       0
  Last step size used =    0.41702E+07
  Index compenent largest error = ********

 ...   34 /  81

 No. steps =      53   No. f-s =    1399   No. J-s =       2   No. LU-s =      10
  No. nonlinear iterations =      60
  No. nonlinear convergence failures =       0
  No. error test failures =       0
  Last step size used =    0.45682E+07
  Index compenent largest error = ********

 ...   35 /  81

 No. steps =      52   No. f-s =     731   No. J-s =       1   No. LU-s =       9
  No. nonlinear iterations =      60
  No. nonlinear convergence failures =       0
  No. error test failures =       0
  Last step size used =    0.32523E+07
  Index compenent largest error = ********

 ...   36 /  81

 No. steps =      51   No. f-s =     728   No. J-s =       1   No. LU-s =       9
  No. nonlinear iterations =      57
  No. nonlinear convergence failures =       0
  No. error test failures =       0
  Last step size used =    0.34525E+07
  Index compenent largest error = ********

 ...   37 /  81

 No. steps =      50   No. f-s =     727   No. J-s =       1   No. LU-s =       9
  No. nonlinear iterations =      56
  No. nonlinear convergence failures =       0
  No. error test failures =       0
  Last step size used =    0.36257E+07
  Index compenent largest error = ********

 ...   38 /  81

 No. steps =      48   No. f-s =     725   No. J-s =       1   No. LU-s =       9
  No. nonlinear iterations =      54
  No. nonlinear convergence failures =       0
  No. error test failures =       0
  Last step size used =    0.42142E+07
  Index compenent largest error = ********

 ...   39 /  81

 No. steps =      48   No. f-s =     725   No. J-s =       1   No. LU-s =       9
  No. nonlinear iterations =      54
  No. nonlinear convergence failures =       0
  No. error test failures =       0
  Last step size used =    0.43561E+07
  Index compenent largest error = ********

 ...   40 /  81

 No. steps =      47   No. f-s =     724   No. J-s =       1   No. LU-s =       9
  No. nonlinear iterations =      53
  No. nonlinear convergence failures =       0
  No. error test failures =       0
  Last step size used =    0.50633E+07
  Index compenent largest error = ********

 ...   41 /  81

 No. steps =      47   No. f-s =     724   No. J-s =       1   No. LU-s =       9
  No. nonlinear iterations =      53
  No. nonlinear convergence failures =       0
  No. error test failures =       0
  Last step size used =    0.51029E+07
  Index compenent largest error = ********

 ...   42 /  81

 No. steps =      45   No. f-s =     723   No. J-s =       1   No. LU-s =      10
  No. nonlinear iterations =      52
  No. nonlinear convergence failures =       0
  No. error test failures =       0
  Last step size used =    0.51321E+07
  Index compenent largest error = ********

 ...   43 /  81

 No. steps =      45   No. f-s =     723   No. J-s =       1   No. LU-s =       9
  No. nonlinear iterations =      52
  No. nonlinear convergence failures =       0
  No. error test failures =       0
  Last step size used =    0.36179E+07
  Index compenent largest error = ********

 ...   44 /  81

 No. steps =      44   No. f-s =     722   No. J-s =       1   No. LU-s =      10
  No. nonlinear iterations =      51
  No. nonlinear convergence failures =       0
  No. error test failures =       0
  Last step size used =    0.54728E+07
  Index compenent largest error = ********

 ...   45 /  81

 No. steps =      43   No. f-s =     720   No. J-s =       1   No. LU-s =      10
  No. nonlinear iterations =      49
  No. nonlinear convergence failures =       0
  No. error test failures =       0
  Last step size used =    0.56941E+07
  Index compenent largest error = ********

 ...   46 /  81

 No. steps =      44   No. f-s =     722   No. J-s =       1   No. LU-s =      10
  No. nonlinear iterations =      51
  No. nonlinear convergence failures =       0
  No. error test failures =       0
  Last step size used =    0.58148E+07
  Index compenent largest error = ********

 ...   47 /  81

 No. steps =      44   No. f-s =     722   No. J-s =       1   No. LU-s =      10
  No. nonlinear iterations =      51
  No. nonlinear convergence failures =       0
  No. error test failures =       0
  Last step size used =    0.59790E+07
  Index compenent largest error = ********

 ...   48 /  81

 No. steps =      43   No. f-s =     720   No. J-s =       1   No. LU-s =       9
  No. nonlinear iterations =      49
  No. nonlinear convergence failures =       0
  No. error test failures =       0
  Last step size used =    0.42426E+07
  Index compenent largest error = ********

 ...   49 /  81

 No. steps =      43   No. f-s =     720   No. J-s =       1   No. LU-s =       9
  No. nonlinear iterations =      49
  No. nonlinear convergence failures =       0
  No. error test failures =       0
  Last step size used =    0.43774E+07
  Index compenent largest error = ********

 ...   50 /  81

 No. steps =      42   No. f-s =     719   No. J-s =       1   No. LU-s =       9
  No. nonlinear iterations =      48
  No. nonlinear convergence failures =       0
  No. error test failures =       0
  Last step size used =    0.36296E+07
  Index compenent largest error = ********

 ...   51 /  81

 No. steps =      42   No. f-s =     719   No. J-s =       1   No. LU-s =       9
  No. nonlinear iterations =      48
  No. nonlinear convergence failures =       0
  No. error test failures =       0
  Last step size used =    0.37952E+07
  Index compenent largest error = ********

 ...   52 /  81

 No. steps =      42   No. f-s =     720   No. J-s =       1   No. LU-s =       9
  No. nonlinear iterations =      49
  No. nonlinear convergence failures =       0
  No. error test failures =       0
  Last step size used =    0.45700E+07
  Index compenent largest error = ********

 ...   53 /  81

 No. steps =      41   No. f-s =     718   No. J-s =       1   No. LU-s =       9
  No. nonlinear iterations =      47
  No. nonlinear convergence failures =       0
  No. error test failures =       0
  Last step size used =    0.39575E+07
  Index compenent largest error = ********

 ...   54 /  81

 No. steps =      41   No. f-s =     718   No. J-s =       1   No. LU-s =       9
  No. nonlinear iterations =      47
  No. nonlinear convergence failures =       0
  No. error test failures =       0
  Last step size used =    0.40493E+07
  Index compenent largest error = ********

 ...   55 /  81

 No. steps =      41   No. f-s =     718   No. J-s =       1   No. LU-s =       9
  No. nonlinear iterations =      47
  No. nonlinear convergence failures =       0
  No. error test failures =       0
  Last step size used =    0.41078E+07
  Index compenent largest error = ********

 ...   56 /  81

 No. steps =      40   No. f-s =     717   No. J-s =       1   No. LU-s =       9
  No. nonlinear iterations =      46
  No. nonlinear convergence failures =       0
  No. error test failures =       0
  Last step size used =    0.43135E+07
  Index compenent largest error = ********

 ...   57 /  81

 No. steps =      41   No. f-s =     718   No. J-s =       1   No. LU-s =       9
  No. nonlinear iterations =      47
  No. nonlinear convergence failures =       0
  No. error test failures =       0
  Last step size used =    0.52762E+07
  Index compenent largest error = ********

 ...   58 /  81

 No. steps =      40   No. f-s =     717   No. J-s =       1   No. LU-s =       9
  No. nonlinear iterations =      46
  No. nonlinear convergence failures =       0
  No. error test failures =       0
  Last step size used =    0.55385E+07
  Index compenent largest error = ********

 ...   59 /  81

 No. steps =      39   No. f-s =     716   No. J-s =       1   No. LU-s =       9
  No. nonlinear iterations =      45
  No. nonlinear convergence failures =       0
  No. error test failures =       0
  Last step size used =    0.48654E+07
  Index compenent largest error = ********

 ...   60 /  81

 No. steps =      39   No. f-s =     716   No. J-s =       1   No. LU-s =       9
  No. nonlinear iterations =      45
  No. nonlinear convergence failures =       0
  No. error test failures =       0
  Last step size used =    0.49584E+07
  Index compenent largest error = ********

 ...   61 /  81

 No. steps =      38   No. f-s =     715   No. J-s =       1   No. LU-s =       9
  No. nonlinear iterations =      44
  No. nonlinear convergence failures =       0
  No. error test failures =       0
  Last step size used =    0.52173E+07
  Index compenent largest error = ********

 ...   62 /  81

 No. steps =      38   No. f-s =     715   No. J-s =       1   No. LU-s =       9
  No. nonlinear iterations =      44
  No. nonlinear convergence failures =       0
  No. error test failures =       0
  Last step size used =    0.56893E+07
  Index compenent largest error = ********

 ...   63 /  81

 No. steps =      35   No. f-s =     713   No. J-s =       1   No. LU-s =       8
  No. nonlinear iterations =      42
  No. nonlinear convergence failures =       0
  No. error test failures =       0
  Last step size used =    0.57554E+07
  Index compenent largest error = ********

 ...   64 /  81

 No. steps =      34   No. f-s =     711   No. J-s =       1   No. LU-s =       8
  No. nonlinear iterations =      40
  No. nonlinear convergence failures =       0
  No. error test failures =       0
  Last step size used =    0.51361E+07
  Index compenent largest error = ********

 ...   65 /  81

 No. steps =      33   No. f-s =     710   No. J-s =       1   No. LU-s =       8
  No. nonlinear iterations =      39
  No. nonlinear convergence failures =       0
  No. error test failures =       0
  Last step size used =    0.53763E+07
  Index compenent largest error = ********

 ...   66 /  81

 No. steps =      35   No. f-s =     711   No. J-s =       1   No. LU-s =       8
  No. nonlinear iterations =      40
  No. nonlinear convergence failures =       0
  No. error test failures =       0
  Last step size used =    0.62457E+07
  Index compenent largest error = ********

 ...   67 /  81

 No. steps =      34   No. f-s =     710   No. J-s =       1   No. LU-s =       8
  No. nonlinear iterations =      39
  No. nonlinear convergence failures =       0
  No. error test failures =       0
  Last step size used =    0.66814E+07
  Index compenent largest error = ********

 ...   68 /  81

 No. steps =      34   No. f-s =     710   No. J-s =       1   No. LU-s =       8
  No. nonlinear iterations =      39
  No. nonlinear convergence failures =       0
  No. error test failures =       0
  Last step size used =    0.78035E+07
  Index compenent largest error = ********

 ...   69 /  81

 No. steps =      33   No. f-s =     708   No. J-s =       1   No. LU-s =       7
  No. nonlinear iterations =      37
  No. nonlinear convergence failures =       0
  No. error test failures =       0
  Last step size used =    0.47663E+07
  Index compenent largest error = ********

 ...   70 /  81

 No. steps =      30   No. f-s =     705   No. J-s =       1   No. LU-s =       7
  No. nonlinear iterations =      34
  No. nonlinear convergence failures =       0
  No. error test failures =       0
  Last step size used =    0.49149E+07
  Index compenent largest error = ********

 ...   71 /  81

 No. steps =      32   No. f-s =     707   No. J-s =       1   No. LU-s =       7
  No. nonlinear iterations =      36
  No. nonlinear convergence failures =       0
  No. error test failures =       0
  Last step size used =    0.55358E+07
  Index compenent largest error = ********

 ...   72 /  81

 No. steps =      27   No. f-s =     704   No. J-s =       1   No. LU-s =       7
  No. nonlinear iterations =      33
  No. nonlinear convergence failures =       0
  No. error test failures =       0
  Last step size used =    0.61749E+07
  Index compenent largest error = ********

 ...   73 /  81

 No. steps =      32   No. f-s =     706   No. J-s =       1   No. LU-s =       7
  No. nonlinear iterations =      35
  No. nonlinear convergence failures =       0
  No. error test failures =       0
  Last step size used =    0.55646E+07
  Index compenent largest error = ********

 ...   74 /  81

 No. steps =      25   No. f-s =     701   No. J-s =       1   No. LU-s =       7
  No. nonlinear iterations =      30
  No. nonlinear convergence failures =       0
  No. error test failures =       0
  Last step size used =    0.71478E+07
  Index compenent largest error = ********

 ...   75 /  81

 No. steps =      26   No. f-s =     703   No. J-s =       1   No. LU-s =       7
  No. nonlinear iterations =      32
  No. nonlinear convergence failures =       0
  No. error test failures =       0
  Last step size used =    0.70982E+07
  Index compenent largest error = ********

 ...   76 /  81

 No. steps =      26   No. f-s =     702   No. J-s =       1   No. LU-s =       7
  No. nonlinear iterations =      31
  No. nonlinear convergence failures =       0
  No. error test failures =       0
  Last step size used =    0.66544E+07
  Index compenent largest error = ********

 ...   77 /  81

 No. steps =      25   No. f-s =     701   No. J-s =       1   No. LU-s =       7
  No. nonlinear iterations =      30
  No. nonlinear convergence failures =       0
  No. error test failures =       0
  Last step size used =    0.72558E+07
  Index compenent largest error = ********

 ...   78 /  81

 No. steps =      25   No. f-s =     701   No. J-s =       1   No. LU-s =       7
  No. nonlinear iterations =      30
  No. nonlinear convergence failures =       0
  No. error test failures =       0
  Last step size used =    0.69630E+07
  Index compenent largest error = ********

 ...   79 /  81

 No. steps =      25   No. f-s =     701   No. J-s =       1   No. LU-s =       7
  No. nonlinear iterations =      30
  No. nonlinear convergence failures =       0
  No. error test failures =       0
  Last step size used =    0.74875E+07
  Index compenent largest error = ********

 ...   80 /  81

 No. steps =      25   No. f-s =     701   No. J-s =       1   No. LU-s =       7
  No. nonlinear iterations =      30
  No. nonlinear convergence failures =       0
  No. error test failures =       0
  Last step size used =    0.75480E+07
  Index compenent largest error = ********

 ...   81 /  81

 No. steps =      25   No. f-s =     701   No. J-s =       1   No. LU-s =       7
  No. nonlinear iterations =      30
  No. nonlinear convergence failures =       0
  No. error test failures =       0
  Last step size used =    0.75803E+07
  Index compenent largest error = ********


    ... DONE!
 +++++++++++++++++++++++++++++++++++++++++++++++++++


+------------------ Job Report: 10176637 (COMPLETED) ------------------+
| Memory (RAM)  No data available                                      |
| CPU           [#######             ] 38.5% average                   |
| Time          [>                   ]  0.7% (0-00:00:26 / 0-01:00:00) |
|                                                                      |
| Lustre Filesystem:                                                   |
|   No data available                                                  |
+----------------------------------------------------------------------+
