  **  PHYSICAL PARAMETERS  **


   RADIUS      n(H2)       TEMP.       A_V         RAD.FIELD   K(ICOR)     K(ICOIP)    K(ICOAP)    DELTA_AUV   T_DUST      NMONO       ALL_ICE     
   2.050E+014  5.364E+006  1.029E+003  5.880E-001  2.040E-002  0.000E+000  0.000E+000  0.000E+000  6.836E-002  6.544E+002  0.000E+000  0.000E+000
   2.197E+014  4.672E+006  9.943E+002  5.488E-001  2.552E-002  5.549E-015  0.000E+000  0.000E+000  2.509E-001  6.544E+002         NaN  0.000E+000
   2.354E+014  4.069E+006  9.605E+002  5.121E-001  3.152E-002  7.297E-015  0.000E+000  0.000E+000  4.212E-001  6.544E+002         NaN  0.000E+000
   2.522E+014  3.544E+006  9.279E+002  4.779E-001  3.845E-002  9.663E-015  0.000E+000  0.000E+000  5.801E-001  6.544E+002         NaN  0.000E+000
   2.702E+014  3.087E+006  8.964E+002  4.460E-001  4.637E-002  1.229E-014  0.000E+000  0.000E+000  7.285E-001  6.544E+002         NaN  0.000E+000
   2.896E+014  2.688E+006  8.660E+002  4.163E-001  5.533E-002  1.582E-014  0.000E+000  0.000E+000  8.669E-001  6.544E+002         NaN  0.000E+000
   3.103E+014  2.341E+006  8.366E+002  3.885E-001  6.534E-002  2.061E-014  0.000E+000  0.000E+000  9.961E-001  6.544E+002         NaN  0.000E+000
   3.325E+014  2.039E+006  8.082E+002  3.626E-001  7.644E-002  2.583E-014  0.000E+000  0.000E+000  1.117E+000  6.544E+002         NaN  0.000E+000
   3.562E+014  1.776E+006  7.807E+002  3.384E-001  8.861E-002  3.244E-014  0.000E+000  0.000E+000  1.229E+000  6.544E+002         NaN  0.000E+000
   3.817E+014  1.547E+006  7.542E+002  3.158E-001  1.019E-001  3.978E-014  0.000E+000  0.000E+000  1.334E+000  6.544E+002         NaN  0.000E+000
   4.090E+014  1.347E+006  7.286E+002  2.947E-001  1.161E-001  4.699E-014  0.000E+000  0.000E+000  1.432E+000  6.544E+002         NaN  0.000E+000
   4.383E+014  1.173E+006  7.039E+002  2.750E-001  1.314E-001  5.687E-014  0.000E+000  0.000E+000  1.524E+000  6.544E+002         NaN  0.000E+000
   4.696E+014  1.022E+006  6.800E+002  2.567E-001  1.477E-001  6.826E-014  0.000E+000  0.000E+000  1.609E+000  6.544E+002         NaN  0.000E+000
   5.032E+014  8.902E+005  6.569E+002  2.395E-001  1.649E-001  8.241E-014  0.000E+000  0.000E+000  1.689E+000  6.544E+002         NaN  0.000E+000
   5.392E+014  7.753E+005  6.346E+002  2.236E-001  1.829E-001  1.003E-013  0.000E+000  0.000E+000  1.763E+000  6.544E+002         NaN  0.000E+000
   5.778E+014  6.753E+005  6.131E+002  2.086E-001  2.016E-001  1.174E-013  0.000E+000  0.000E+000  1.832E+000  6.544E+002         NaN  0.000E+000
   6.191E+014  5.881E+005  5.923E+002  1.947E-001  2.211E-001  1.388E-013  0.000E+000  0.000E+000  1.897E+000  6.544E+002         NaN  0.000E+000
   6.634E+014  5.122E+005  5.721E+002  1.817E-001  2.411E-001  1.614E-013  0.000E+000  0.000E+000  1.958E+000  6.544E+002         NaN  0.000E+000
   7.108E+014  4.461E+005  5.527E+002  1.696E-001  2.617E-001  1.851E-013  0.000E+000  0.000E+000  2.014E+000  6.544E+002         NaN  0.000E+000
   7.616E+014  3.886E+005  5.340E+002  1.583E-001  2.828E-001  2.145E-013  0.000E+000  0.000E+000  2.067E+000  6.544E+002         NaN  0.000E+000
   8.161E+014  3.384E+005  5.158E+002  1.477E-001  3.041E-001  2.464E-013  0.000E+000  0.000E+000  2.116E+000  6.544E+002         NaN  0.000E+000
   8.745E+014  2.948E+005  4.983E+002  1.378E-001  3.258E-001  2.884E-013  0.000E+000  0.000E+000  2.162E+000  6.544E+002         NaN  0.000E+000
   9.370E+014  2.567E+005  4.814E+002  1.286E-001  3.477E-001  3.219E-013  0.000E+000  0.000E+000  2.204E+000  6.544E+002         NaN  0.000E+000
   1.004E+015  2.236E+005  4.651E+002  1.201E-001  3.697E-001  3.693E-013  0.000E+000  0.000E+000  2.244E+000  6.544E+002         NaN  0.000E+000
   1.076E+015  1.947E+005  4.493E+002  1.120E-001  3.917E-001  4.159E-013  0.000E+000  0.000E+000  2.282E+000  6.544E+002         NaN  0.000E+000
   1.153E+015  1.696E+005  4.340E+002  1.046E-001  4.137E-001  4.728E-013  0.000E+000  0.000E+000  2.316E+000  6.544E+002         NaN  0.000E+000
   1.235E+015  1.477E+005  4.193E+002  9.758E-002  4.356E-001  5.306E-013  0.000E+000  0.000E+000  2.349E+000  6.544E+002         NaN  0.000E+000
   1.324E+015  1.287E+005  4.051E+002  9.107E-002  4.573E-001  5.965E-013  0.000E+000  0.000E+000  2.379E+000  6.544E+002         NaN  0.000E+000
   1.418E+015  1.121E+005  3.913E+002  8.499E-002  4.789E-001  6.667E-013  0.000E+000  0.000E+000  2.407E+000  6.544E+002         NaN  0.000E+000
   1.520E+015  9.760E+004  3.780E+002  7.932E-002  5.001E-001  7.496E-013  0.000E+000  0.000E+000  2.434E+000  6.544E+002         NaN  0.000E+000
   1.628E+015  8.501E+004  3.652E+002  7.403E-002  5.210E-001  8.316E-013  0.000E+000  0.000E+000  2.458E+000  6.544E+002         NaN  0.000E+000
   1.745E+015  7.404E+004  3.528E+002  6.908E-002  5.415E-001  9.300E-013  0.000E+000  0.000E+000  2.481E+000  6.544E+002         NaN  0.000E+000
   1.870E+015  6.449E+004  3.408E+002  6.447E-002  5.617E-001  1.031E-012  0.000E+000  0.000E+000  2.503E+000  6.544E+002         NaN  0.000E+000
   2.003E+015  5.617E+004  3.292E+002  6.017E-002  5.813E-001  1.139E-012  0.000E+000  0.000E+000  2.523E+000  6.544E+002         NaN  0.000E+000
   2.147E+015  4.892E+004  3.181E+002  5.615E-002  6.004E-001  1.277E-012  0.000E+000  0.000E+000  2.541E+000  6.544E+002         NaN  0.000E+000
   2.300E+015  4.261E+004  3.073E+002  5.241E-002  6.191E-001  1.401E-012  0.000E+000  0.000E+000  2.559E+000  6.544E+002         NaN  0.000E+000
   2.465E+015  3.711E+004  2.968E+002  4.891E-002  6.371E-001  1.548E-012  0.000E+000  0.000E+000  2.575E+000  6.544E+002         NaN  0.000E+000
   2.641E+015  3.232E+004  2.868E+002  4.564E-002  6.547E-001  1.689E-012  0.000E+000  0.000E+000  2.590E+000  6.544E+002         NaN  0.000E+000
   2.830E+015  2.815E+004  2.770E+002  4.260E-002  6.716E-001  1.859E-012  0.000E+000  0.000E+000  2.605E+000  6.544E+002         NaN  0.000E+000
   3.032E+015  2.452E+004  2.676E+002  3.975E-002  6.879E-001  2.048E-012  0.000E+000  0.000E+000  2.618E+000  6.544E+002         NaN  0.000E+000
   3.249E+015  2.135E+004  2.585E+002  3.710E-002  7.037E-001  2.264E-012  0.000E+000  0.000E+000  2.630E+000  6.544E+002         NaN  0.000E+000
   3.481E+015  1.860E+004  2.498E+002  3.462E-002  7.188E-001  2.512E-012  0.000E+000  0.000E+000  2.642E+000  6.544E+002         NaN  0.000E+000
   3.730E+015  1.620E+004  2.413E+002  3.231E-002  7.334E-001  2.745E-012  0.000E+000  0.000E+000  2.652E+000  6.544E+002         NaN  0.000E+000
   3.997E+015  1.411E+004  2.331E+002  3.016E-002  7.473E-001  2.980E-012  0.000E+000  0.000E+000  2.662E+000  6.544E+002         NaN  0.000E+000
   4.283E+015  1.229E+004  2.252E+002  2.814E-002  7.607E-001  3.192E-012  0.000E+000  0.000E+000  2.672E+000  6.544E+002         NaN  0.000E+000
   4.589E+015  1.070E+004  2.175E+002  2.627E-002  7.735E-001  3.474E-012  0.000E+000  0.000E+000  2.680E+000  6.544E+002         NaN  0.000E+000
   4.918E+015  9.321E+003  2.101E+002  2.451E-002  7.857E-001  3.806E-012  0.000E+000  0.000E+000  2.689E+000  6.544E+002         NaN  0.000E+000
   5.269E+015  8.118E+003  2.030E+002  2.288E-002  7.973E-001  4.150E-012  0.000E+000  0.000E+000  2.696E+000  6.544E+002         NaN  0.000E+000
   5.646E+015  7.071E+003  1.961E+002  2.135E-002  8.085E-001  4.497E-012  0.000E+000  0.000E+000  2.703E+000  6.544E+002         NaN  0.000E+000
   6.050E+015  6.158E+003  1.895E+002  1.992E-002  8.191E-001  4.869E-012  0.000E+000  0.000E+000  2.710E+000  6.544E+002         NaN  0.000E+000
   6.483E+015  5.364E+003  1.830E+002  1.859E-002  8.292E-001  5.322E-012  0.000E+000  0.000E+000  2.716E+000  6.544E+002         NaN  0.000E+000
   6.946E+015  4.672E+003  1.768E+002  1.735E-002  8.388E-001  5.761E-012  0.000E+000  0.000E+000  2.722E+000  6.544E+002         NaN  0.000E+000
   7.443E+015  4.069E+003  1.708E+002  1.620E-002  8.479E-001  6.278E-012  0.000E+000  0.000E+000  2.727E+000  6.544E+002         NaN  0.000E+000
   7.975E+015  3.544E+003  1.650E+002  1.511E-002  8.566E-001  6.816E-012  0.000E+000  0.000E+000  2.732E+000  6.544E+002         NaN  0.000E+000
   8.546E+015  3.087E+003  1.594E+002  1.411E-002  8.648E-001  7.405E-012  0.000E+000  0.000E+000  2.737E+000  6.544E+002         NaN  0.000E+000
   9.157E+015  2.688E+003  1.540E+002  1.316E-002  8.726E-001  8.067E-012  0.000E+000  0.000E+000  2.741E+000  6.544E+002         NaN  0.000E+000
   9.812E+015  2.341E+003  1.488E+002  1.229E-002  8.801E-001  8.695E-012  0.000E+000  0.000E+000  2.745E+000  6.544E+002         NaN  0.000E+000
   1.051E+016  2.039E+003  1.437E+002  1.147E-002  8.871E-001  9.476E-012  0.000E+000  0.000E+000  2.749E+000  6.544E+002         NaN  0.000E+000
   1.127E+016  1.776E+003  1.388E+002  1.070E-002  8.937E-001  1.028E-011  0.000E+000  0.000E+000  2.753E+000  6.544E+002         NaN  0.000E+000
   1.207E+016  1.547E+003  1.341E+002  9.986E-003  9.000E-001  1.126E-011  0.000E+000  0.000E+000  2.756E+000  6.544E+002         NaN  0.000E+000
   1.293E+016  1.347E+003  1.296E+002  9.319E-003  9.060E-001  1.227E-011  0.000E+000  0.000E+000  2.759E+000  6.544E+002         NaN  0.000E+000
   1.386E+016  1.173E+003  1.252E+002  8.697E-003  9.116E-001  1.336E-011  0.000E+000  0.000E+000  2.762E+000  6.544E+002         NaN  0.000E+000
   1.485E+016  1.022E+003  1.209E+002  8.117E-003  9.170E-001  1.463E-011  0.000E+000  0.000E+000  2.765E+000  6.544E+002         NaN  0.000E+000
   1.591E+016  8.902E+002  1.168E+002  7.575E-003  9.220E-001  1.597E-011  0.000E+000  0.000E+000  2.767E+000  6.544E+002         NaN  0.000E+000
   1.705E+016  7.753E+002  1.129E+002  7.069E-003  9.267E-001  1.769E-011  0.000E+000  0.000E+000  2.770E+000  6.544E+002         NaN  0.000E+000
   1.827E+016  6.753E+002  1.090E+002  6.598E-003  9.312E-001  1.926E-011  0.000E+000  0.000E+000  2.772E+000  6.544E+002         NaN  0.000E+000
   1.958E+016  5.881E+002  1.053E+002  6.157E-003  9.355E-001  2.139E-011  0.000E+000  0.000E+000  2.774E+000  6.544E+002         NaN  0.000E+000
   2.098E+016  5.122E+002  1.017E+002  5.746E-003  9.394E-001  2.365E-011  0.000E+000  0.000E+000  2.776E+000  6.544E+002         NaN  0.000E+000
   2.248E+016  4.461E+002  9.829E+001  5.363E-003  9.432E-001  2.653E-011  0.000E+000  0.000E+000  2.778E+000  6.544E+002         NaN  0.000E+000
   2.409E+016  3.886E+002  9.495E+001  5.005E-003  9.467E-001  2.973E-011  0.000E+000  0.000E+000  2.779E+000  6.544E+002         NaN  0.000E+000
   2.581E+016  3.384E+002  9.173E+001  4.671E-003  9.501E-001  3.374E-011  0.000E+000  0.000E+000  2.781E+000  6.544E+002         NaN  0.000E+000
   2.765E+016  2.948E+002  8.862E+001  4.359E-003  9.532E-001  3.856E-011  0.000E+000  0.000E+000  2.782E+000  6.544E+002         NaN  0.000E+000
   2.963E+016  2.567E+002  8.561E+001  4.068E-003  9.561E-001  4.477E-011  0.000E+000  0.000E+000  2.784E+000  6.544E+002         NaN  0.000E+000
   3.175E+016  2.236E+002  8.270E+001  3.796E-003  9.589E-001  5.328E-011  0.000E+000  0.000E+000  2.785E+000  6.544E+002         NaN  0.000E+000
   3.402E+016  1.947E+002  7.989E+001  3.543E-003  9.615E-001  6.248E-011  0.000E+000  0.000E+000  2.786E+000  6.544E+002         NaN  0.000E+000
   3.645E+016  1.696E+002  7.718E+001  3.307E-003  9.640E-001  7.607E-011  0.000E+000  0.000E+000  2.787E+000  6.544E+002         NaN  0.000E+000
   3.906E+016  1.477E+002  7.456E+001  3.086E-003  9.663E-001  9.353E-011  0.000E+000  0.000E+000  2.788E+000  6.544E+002         NaN  0.000E+000
   4.186E+016  1.287E+002  7.203E+001  2.880E-003  9.684E-001  1.125E-010  0.000E+000  0.000E+000  2.789E+000  6.544E+002         NaN  0.000E+000
   4.485E+016  1.121E+002  6.958E+001  2.688E-003  9.704E-001  1.343E-010  0.000E+000  0.000E+000  2.790E+000  6.544E+002         NaN  0.000E+000
   4.806E+016  9.760E+001  6.722E+001  2.508E-003  9.723E-001  1.571E-010  0.000E+000  0.000E+000  2.791E+000  6.544E+002         NaN  0.000E+000
   5.149E+016  8.501E+001  6.494E+001  2.341E-003  9.741E-001  1.739E-010  0.000E+000  0.000E+000  2.792E+000  6.544E+002         NaN  0.000E+000
   5.518E+016  7.404E+001  6.273E+001  2.185E-003  9.758E-001  1.830E-010  0.000E+000  0.000E+000  2.792E+000  6.544E+002         NaN  0.000E+000
   5.912E+016  6.449E+001  6.061E+001  2.039E-003  9.774E-001  1.892E-010  0.000E+000  0.000E+000  2.793E+000  6.544E+002         NaN  0.000E+000
   6.335E+016  5.617E+001  5.855E+001  1.903E-003  9.788E-001  1.923E-010  0.000E+000  0.000E+000  2.794E+000  6.544E+002         NaN  0.000E+000
   6.788E+016  4.892E+001  5.656E+001  1.776E-003  9.802E-001  1.939E-010  0.000E+000  0.000E+000  2.794E+000  6.544E+002         NaN  0.000E+000
   7.274E+016  4.261E+001  5.464E+001  1.657E-003  9.815E-001  1.948E-010  0.000E+000  0.000E+000  2.795E+000  6.544E+002         NaN  0.000E+000
   7.794E+016  3.711E+001  5.278E+001  1.547E-003  9.827E-001  1.953E-010  0.000E+000  0.000E+000  2.795E+000  6.544E+002         NaN  0.000E+000
   8.351E+016  3.232E+001  5.099E+001  1.443E-003  9.838E-001  1.956E-010  0.000E+000  0.000E+000  2.796E+000  6.544E+002         NaN  0.000E+000
   8.949E+016  2.815E+001  4.926E+001  1.347E-003  9.849E-001  1.958E-010  0.000E+000  0.000E+000  2.796E+000  6.544E+002         NaN  0.000E+000
   9.589E+016  2.452E+001  4.759E+001  1.257E-003  9.859E-001  1.961E-010  0.000E+000  0.000E+000  2.797E+000  6.544E+002         NaN  0.000E+000
   1.027E+017  2.135E+001  4.597E+001  1.173E-003  9.868E-001  1.963E-010  0.000E+000  0.000E+000  2.797E+000  6.544E+002         NaN  0.000E+000
   1.101E+017  1.860E+001  4.441E+001  1.095E-003  9.877E-001  1.965E-010  0.000E+000  0.000E+000  2.797E+000  6.544E+002         NaN  0.000E+000
   1.180E+017  1.620E+001  4.291E+001  1.022E-003  9.885E-001  1.967E-010  0.000E+000  0.000E+000  2.798E+000  6.544E+002         NaN  0.000E+000
   1.264E+017  1.411E+001  4.145E+001  9.536E-004  9.892E-001  1.969E-010  0.000E+000  0.000E+000  2.798E+000  6.544E+002         NaN  0.000E+000
   1.354E+017  1.229E+001  4.004E+001  8.900E-004  9.899E-001  1.971E-010  0.000E+000  0.000E+000  2.798E+000  6.544E+002         NaN  0.000E+000
   1.451E+017  1.070E+001  3.868E+001  8.306E-004  9.906E-001  1.973E-010  0.000E+000  0.000E+000  2.799E+000  6.544E+002         NaN  0.000E+000
   1.555E+017  9.321E+000  3.737E+001  7.751E-004  9.912E-001  1.974E-010  0.000E+000  0.000E+000  2.799E+000  6.544E+002         NaN  0.000E+000
   1.666E+017  8.118E+000  3.610E+001  7.234E-004  9.918E-001  1.976E-010  0.000E+000  0.000E+000  2.799E+000  6.544E+002         NaN  0.000E+000
   1.785E+017  7.071E+000  3.487E+001  6.751E-004  9.923E-001  1.977E-010  0.000E+000  0.000E+000  2.799E+000  6.544E+002         NaN  0.000E+000
   1.913E+017  6.158E+000  3.369E+001  6.301E-004  9.928E-001  1.978E-010  0.000E+000  0.000E+000  2.800E+000  6.544E+002         NaN  0.000E+000
   2.050E+017  5.364E+000  3.255E+001  5.880E-004  9.933E-001  1.980E-010  0.000E+000  0.000E+000  2.800E+000  6.544E+002         NaN  0.000E+000
   2.197E+017  4.672E+000  3.144E+001  5.488E-004  9.938E-001  1.981E-010  0.000E+000  0.000E+000  2.800E+000  6.544E+002         NaN  0.000E+000
   2.354E+017  4.069E+000  3.037E+001  5.121E-004  9.942E-001  1.982E-010  0.000E+000  0.000E+000  2.800E+000  6.544E+002         NaN  0.000E+000
   2.522E+017  3.544E+000  2.934E+001  4.779E-004  9.946E-001  1.983E-010  0.000E+000  0.000E+000  2.800E+000  6.544E+002         NaN  0.000E+000
   2.702E+017  3.087E+000  2.835E+001  4.460E-004  9.949E-001  1.984E-010  0.000E+000  0.000E+000  2.801E+000  6.544E+002         NaN  0.000E+000
   2.896E+017  2.688E+000  2.738E+001  4.163E-004  9.953E-001  1.985E-010  0.000E+000  0.000E+000  2.801E+000  6.544E+002         NaN  0.000E+000
   3.103E+017  2.341E+000  2.646E+001  3.885E-004  9.956E-001  1.986E-010  0.000E+000  0.000E+000  2.801E+000  6.544E+002         NaN  0.000E+000
   3.325E+017  2.039E+000  2.556E+001  3.626E-004  9.959E-001  1.987E-010  0.000E+000  0.000E+000  2.801E+000  6.544E+002         NaN  0.000E+000
   3.562E+017  1.776E+000  2.469E+001  3.384E-004  9.961E-001  1.987E-010  0.000E+000  0.000E+000  2.801E+000  6.544E+002         NaN  0.000E+000
   3.817E+017  1.547E+000  2.385E+001  3.158E-004  9.964E-001  1.988E-010  0.000E+000  0.000E+000  2.801E+000  6.544E+002         NaN  0.000E+000
   4.090E+017  1.347E+000  2.304E+001  2.947E-004  9.966E-001  1.989E-010  0.000E+000  0.000E+000  2.801E+000  6.544E+002         NaN  0.000E+000
   4.383E+017  1.173E+000  2.226E+001  2.750E-004  9.969E-001  1.989E-010  0.000E+000  0.000E+000  2.801E+000  6.544E+002         NaN  0.000E+000
   4.696E+017  1.022E+000  2.150E+001  2.567E-004  9.971E-001  1.990E-010  0.000E+000  0.000E+000  2.801E+000  6.544E+002         NaN  0.000E+000
   5.032E+017  8.902E-001  2.077E+001  2.395E-004  9.973E-001  1.991E-010  0.000E+000  0.000E+000  2.801E+000  6.544E+002         NaN  0.000E+000
   5.392E+017  7.753E-001  2.007E+001  2.236E-004  9.974E-001  1.991E-010  0.000E+000  0.000E+000  2.802E+000  6.544E+002         NaN  0.000E+000
   5.778E+017  6.753E-001  1.939E+001  2.086E-004  9.976E-001  1.992E-010  0.000E+000  0.000E+000  2.802E+000  6.544E+002         NaN  0.000E+000
   6.191E+017  5.881E-001  1.873E+001  1.947E-004  9.978E-001  1.992E-010  0.000E+000  0.000E+000  2.802E+000  6.544E+002         NaN  0.000E+000
   6.634E+017  5.122E-001  1.809E+001  1.817E-004  9.979E-001  1.993E-010  0.000E+000  0.000E+000  2.802E+000  6.544E+002         NaN  0.000E+000
   7.108E+017  4.461E-001  1.748E+001  1.696E-004  9.981E-001  1.993E-010  0.000E+000  0.000E+000  2.802E+000  6.544E+002         NaN  0.000E+000
   7.616E+017  3.886E-001  1.689E+001  1.583E-004  9.982E-001  1.993E-010  0.000E+000  0.000E+000  2.802E+000  6.544E+002         NaN  0.000E+000
   8.161E+017  3.384E-001  1.631E+001  1.477E-004  9.983E-001  1.994E-010  0.000E+000  0.000E+000  2.802E+000  6.544E+002         NaN  0.000E+000
   8.745E+017  2.948E-001  1.576E+001  1.378E-004  9.984E-001  1.994E-010  0.000E+000  0.000E+000  2.802E+000  6.544E+002         NaN  0.000E+000
   9.370E+017  2.567E-001  1.522E+001  1.286E-004  9.985E-001  1.994E-010  0.000E+000  0.000E+000  2.802E+000  6.544E+002         NaN  0.000E+000
   1.004E+018  2.236E-001  1.471E+001  1.201E-004  9.986E-001  1.995E-010  0.000E+000  0.000E+000  2.802E+000  6.544E+002         NaN  0.000E+000
