Starting job 10319483, array task 8 on dave41
Processing pair: pigru_00080  pigru_00081

 Phantom analysis (trace): You data, we analyse

 opening database from /fred/oz304/tdanilov/pigru/pigru.in with 50 entries

 >>> reading setup from file: /fred/oz304/tdanilov/pigru/pigru_00080 on unit   9
 FT:Phantom:2024.0.0:11b3a72 (hydro+Tdust): 06/09/2024 13:14:34.5
 npart =       434591
 npart(total) =                434591
 adiabatic eos: gamma =    1.2000000000000000     
 ERROR: could not find cs_min in header
 ERROR: could not find mtot_in in header
 time =    80.000000000000000     

--> ALLOCATING ALL ARRAYS
------------------------------------------------------------
 Total memory allocated to arrays:    4.966 GB n =      5200000
------------------------------------------------------------
 reading particles          1:    434591, from block     1 lims=         1-    434591

WARNING! sink particle vwind not found


WARNING! sink particle Twind not found


WARNING! sink particle ieject not found


WARNING! sink particle sftype not found


WARNING! sink particle nseed not found


WARNING! sink particle Rbondi not found


WARNING! sink particle Pr_Bondi not found

 got   29 sink properties from    2 sink particles
 ----------------------------------------------------------
 ID| Mass     | Racc     | Macc     | hsoft    | Lsink    |
 ----------------------------------------------------------
  1|  1.4     |  1.9     |  0.0     |  0.0     | 7.99E-03 |
  2| 0.70     | 5.00E-02 | 1.40E-07 |  0.0     |  0.0     |
 ----------------------------------------------------------

WARNING: iseed_sink not in dump

 <<< finished reading (hydro) file 

Performing analysis type trace               
Input file name is /fred/oz304/tdanilov/pigru/pigru_00080
 Reading particle IDs from particle_IDs.txt
 Creating directory for tracked particles output in trace_output/                                                                                                                                                                                                                                                   
 Tracking          500  particles

 >>> reading setup from file: /fred/oz304/tdanilov/pigru/pigru_00081 on unit   9

 ERROR! read_dump: file is not a Phantom full dump


 >>> reading small dump file: /fred/oz304/tdanilov/pigru/pigru_00081 on unit   9
 ST:Phantom:2024.0.0:11b3a72 (hydro+Tdust): 06/09/2024 13:16:52.4

 WARNING! read_smalldump: *** VELOCITY WILL BE MISSING FROM SMALL DUMP FILES ***

 npart =       438984
 npart(total) =                438984
 adiabatic eos: gamma =    1.2000000476837158     
 ERROR: could not find cs_min in header
 ERROR: could not find mtot_in in header
 time =    81.000000000000000     
 reading particles          1:    438984, from block     1 lims=         1-    438984
 ERROR: missing velocity information from file

WARNING: u not in file but setting u = (K*rho**(gamma-1))/(gamma-1)


WARNING: missing dust temperature information from file


WARNING: alpha not found in file


WARNING! sink particle vwind not found


WARNING! sink particle Twind not found


WARNING! sink particle ieject not found


WARNING! sink particle sftype not found


WARNING! sink particle nseed not found


WARNING! sink particle Rbondi not found


WARNING! sink particle Pr_Bondi not found


WARNING! sink particle velocities not found

 got   29 sink properties from    2 sink particles
 ----------------------------------------------------------
 ID| Mass     | Racc     | Macc     | hsoft    | Lsink    |
 ----------------------------------------------------------
  1|  1.4     |  1.9     |  0.0     |  0.0     | 7.99E-03 |
  2| 0.70     | 5.00E-02 | 1.43E-07 |  0.0     |  0.0     |
 ----------------------------------------------------------

 WARNING: Particle IDs not in dump; resetting IDs


WARNING: iseed_sink not in dump

 <<< finished reading (hydro) file 

Performing analysis type trace               
Input file name is /fred/oz304/tdanilov/pigru/pigru_00081
 /fred/oz304/tdanilov/pigru/pigru_00081: not first step data, timestep =    406841031.99666899      npart =       438984 nprev =       434591
 Creating new file for particle                243226
 Creating new file for particle                250910
 Creating new file for particle                258595
 Creating new file for particle                266280
 Creating new file for particle                273965
 Creating new file for particle                281649
 Creating new file for particle                289334
 Creating new file for particle                297019
 Creating new file for particle                304703
 Creating new file for particle                312388
 Creating new file for particle                320073
 Creating new file for particle                324934
 Creating new file for particle                327757
 Creating new file for particle                335442
 Creating new file for particle                343127
 Creating new file for particle                350811
 Creating new file for particle                358496
 Creating new file for particle                366181
 Creating new file for particle                373865
 Creating new file for particle                381550
 Creating new file for particle                389235
 Creating new file for particle                396920
 Creating new file for particle                404604
 Creating new file for particle                412289
 Creating new file for particle                419974
 Creating new file for particle                427658
 Creating new file for particle                435343

 Phantom analysis: may your paper be a happy one

Pair (80, 81) complete.

+------------------ Job Report: 10319492 (COMPLETED) ------------------+
| Memory (RAM)  No data available                                      |
| CPU           [#####               ] 28.6% average                   |
| Time          [>                   ]  0.0% (0-00:00:14 / 0-12:00:00) |
|                                                                      |
| Lustre Filesystem:                                                   |
|   No data available                                                  |
+----------------------------------------------------------------------+
