Starting job 10319483, array task 64 on dave72
Processing pair: pigru_00640  pigru_00641

 Phantom analysis (trace): You data, we analyse

 opening database from /fred/oz304/tdanilov/pigru/pigru.in with 50 entries

 >>> reading setup from file: /fred/oz304/tdanilov/pigru/pigru_00640 on unit   9
 FT:Phantom:2024.0.0:11b3a72 (hydro+Tdust): 12/09/2024 06:42:28.9
 npart =      3324655
 npart(total) =               3324655
 adiabatic eos: gamma =    1.2000000000000000     
 ERROR: could not find cs_min in header
 ERROR: could not find mtot_in in header
 time =    640.00000000000000     

--> ALLOCATING ALL ARRAYS
------------------------------------------------------------
 Total memory allocated to arrays:    4.966 GB n =      5200000
------------------------------------------------------------
 reading particles          1:   3324655, from block     1 lims=         1-   3324655

WARNING! sink particle vwind not found


WARNING! sink particle Twind not found


WARNING! sink particle ieject not found


WARNING! sink particle sftype not found


WARNING! sink particle nseed not found


WARNING! sink particle Rbondi not found


WARNING! sink particle Pr_Bondi not found

 got   29 sink properties from    2 sink particles
 ----------------------------------------------------------
 ID| Mass     | Racc     | Macc     | hsoft    | Lsink    |
 ----------------------------------------------------------
  1|  1.4     |  1.9     |  0.0     |  0.0     | 7.99E-03 |
  2| 0.70     | 5.00E-02 | 2.82E-06 |  0.0     |  0.0     |
 ----------------------------------------------------------

WARNING: iseed_sink not in dump

 <<< finished reading (hydro) file 

Performing analysis type trace               
Input file name is /fred/oz304/tdanilov/pigru/pigru_00640
 Reading particle IDs from particle_IDs.txt
 Creating directory for tracked particles output in trace_output/                                                                                                                                                                                                                                                   
 Tracking          500  particles

 >>> reading setup from file: /fred/oz304/tdanilov/pigru/pigru_00641 on unit   9

 ERROR! read_dump: file is not a Phantom full dump


 >>> reading small dump file: /fred/oz304/tdanilov/pigru/pigru_00641 on unit   9
 ST:Phantom:2024.0.0:11b3a72 (hydro+Tdust): 12/09/2024 07:02:59.2

 WARNING! read_smalldump: *** VELOCITY WILL BE MISSING FROM SMALL DUMP FILES ***

 npart =      3331301
 npart(total) =               3331301
 adiabatic eos: gamma =    1.2000000476837158     
 ERROR: could not find cs_min in header
 ERROR: could not find mtot_in in header
 time =    641.00000000000000     
 reading particles          1:   3331301, from block     1 lims=         1-   3331301
 ERROR: missing velocity information from file

WARNING: u not in file but setting u = (K*rho**(gamma-1))/(gamma-1)


WARNING: missing dust temperature information from file


WARNING: alpha not found in file


WARNING! sink particle vwind not found


WARNING! sink particle Twind not found


WARNING! sink particle ieject not found


WARNING! sink particle sftype not found


WARNING! sink particle nseed not found


WARNING! sink particle Rbondi not found


WARNING! sink particle Pr_Bondi not found


WARNING! sink particle velocities not found

 got   29 sink properties from    2 sink particles
 ----------------------------------------------------------
 ID| Mass     | Racc     | Macc     | hsoft    | Lsink    |
 ----------------------------------------------------------
  1|  1.4     |  1.9     |  0.0     |  0.0     | 7.99E-03 |
  2| 0.70     | 5.00E-02 | 2.83E-06 |  0.0     |  0.0     |
 ----------------------------------------------------------

 WARNING: Particle IDs not in dump; resetting IDs


WARNING: iseed_sink not in dump

 <<< finished reading (hydro) file 

Performing analysis type trace               
Input file name is /fred/oz304/tdanilov/pigru/pigru_00641
 /fred/oz304/tdanilov/pigru/pigru_00641: not first step data, timestep =    3219569154.4427757      npart =      3331301 nprev =      3324655

+------------------- Job Report: 10319557 (FAILED) --------------------+
| Memory (RAM)  No data available                                      |
| CPU           [############        ] 64.3% average                   |
| Time          [>                   ]  0.1% (0-00:00:28 / 0-12:00:00) |
|                                                                      |
| Lustre Filesystem:                                                   |
|   Path    Total Read    Total Write      Total IOPS                  |
|   ------  ------------  -------------  ------------                  |
|   /apps   0 B           0 B                     10                   |
|   /fred   317.2 MB      0 B                      6                   |
+----------------------------------------------------------------------+
