Starting job 10319483, array task 39 on dave4
Processing pair: pigru_00390  pigru_00391

 Phantom analysis (trace): You data, we analyse

 opening database from /fred/oz304/tdanilov/pigru/pigru.in with 50 entries

 >>> reading setup from file: /fred/oz304/tdanilov/pigru/pigru_00390 on unit   9
 FT:Phantom:2024.0.0:11b3a72 (hydro+Tdust): 08/09/2024 10:39:19.9
 npart =      2045323
 npart(total) =               2045323
 adiabatic eos: gamma =    1.2000000000000000     
 ERROR: could not find cs_min in header
 ERROR: could not find mtot_in in header
 time =    390.00000000000000     

--> ALLOCATING ALL ARRAYS
------------------------------------------------------------
 Total memory allocated to arrays:    4.966 GB n =      5200000
------------------------------------------------------------
 reading particles          1:   2045323, from block     1 lims=         1-   2045323

WARNING! sink particle vwind not found


WARNING! sink particle Twind not found


WARNING! sink particle ieject not found


WARNING! sink particle sftype not found


WARNING! sink particle nseed not found


WARNING! sink particle Rbondi not found


WARNING! sink particle Pr_Bondi not found

 got   29 sink properties from    2 sink particles
 ----------------------------------------------------------
 ID| Mass     | Racc     | Macc     | hsoft    | Lsink    |
 ----------------------------------------------------------
  1|  1.4     |  1.9     |  0.0     |  0.0     | 7.99E-03 |
  2| 0.70     | 5.00E-02 | 1.39E-06 |  0.0     |  0.0     |
 ----------------------------------------------------------

WARNING: iseed_sink not in dump

 <<< finished reading (hydro) file 

Performing analysis type trace               
Input file name is /fred/oz304/tdanilov/pigru/pigru_00390
 Reading particle IDs from particle_IDs.txt
 Creating directory for tracked particles output in trace_output/                                                                                                                                                                                                                                                   
 Tracking          500  particles

 >>> reading setup from file: /fred/oz304/tdanilov/pigru/pigru_00391 on unit   9

 ERROR! read_dump: file is not a Phantom full dump


 >>> reading small dump file: /fred/oz304/tdanilov/pigru/pigru_00391 on unit   9
 ST:Phantom:2024.0.0:11b3a72 (hydro+Tdust): 08/09/2024 11:03:12.5

 WARNING! read_smalldump: *** VELOCITY WILL BE MISSING FROM SMALL DUMP FILES ***

 npart =      2051511
 npart(total) =               2051511
 adiabatic eos: gamma =    1.2000000476837158     
 ERROR: could not find cs_min in header
 ERROR: could not find mtot_in in header
 time =    391.00000000000000     
 reading particles          1:   2051511, from block     1 lims=         1-   2051511
 ERROR: missing velocity information from file

WARNING: u not in file but setting u = (K*rho**(gamma-1))/(gamma-1)


WARNING: missing dust temperature information from file


WARNING: alpha not found in file


WARNING! sink particle vwind not found


WARNING! sink particle Twind not found


WARNING! sink particle ieject not found


WARNING! sink particle sftype not found


WARNING! sink particle nseed not found


WARNING! sink particle Rbondi not found


WARNING! sink particle Pr_Bondi not found


WARNING! sink particle velocities not found

 got   29 sink properties from    2 sink particles
 ----------------------------------------------------------
 ID| Mass     | Racc     | Macc     | hsoft    | Lsink    |
 ----------------------------------------------------------
  1|  1.4     |  1.9     |  0.0     |  0.0     | 7.99E-03 |
  2| 0.70     | 5.00E-02 | 1.40E-06 |  0.0     |  0.0     |
 ----------------------------------------------------------

 WARNING: Particle IDs not in dump; resetting IDs


WARNING: iseed_sink not in dump

 <<< finished reading (hydro) file 

Performing analysis type trace               
Input file name is /fred/oz304/tdanilov/pigru/pigru_00391
 /fred/oz304/tdanilov/pigru/pigru_00391: not first step data, timestep =    1963886956.9221923      npart =      2051511 nprev =      2045323
 Creating new file for particle               1795533
 Creating new file for particle               1803217
 Creating new file for particle               1810902
 Creating new file for particle               1818587
 Creating new file for particle               1826271
 Creating new file for particle               1833956
 Creating new file for particle               1841641
 Creating new file for particle               1849325
 Creating new file for particle               1857010
 Creating new file for particle               1864695
 Creating new file for particle               1872380
 Creating new file for particle               1880064
 Creating new file for particle               1887749
 Creating new file for particle               1895434
 Creating new file for particle               1903118
 Creating new file for particle               1910803
 Creating new file for particle               1918488
 Filling empty file for particle               1926172

+------------------- Job Report: 10319529 (FAILED) --------------------+
| Memory (RAM)  No data available                                      |
| CPU           [##########          ] 53.8% average                   |
| Time          [>                   ]  0.1% (0-00:00:26 / 0-12:00:00) |
|                                                                      |
| Lustre Filesystem:                                                   |
|   No data available                                                  |
+----------------------------------------------------------------------+
