Starting job 10319483, array task 44 on dave4
Processing pair: pigru_00440  pigru_00441

 Phantom analysis (trace): You data, we analyse

 opening database from /fred/oz304/tdanilov/pigru/pigru.in with 50 entries

 >>> reading setup from file: /fred/oz304/tdanilov/pigru/pigru_00440 on unit   9
 FT:Phantom:2024.0.0:11b3a72 (hydro+Tdust): 08/09/2024 23:17:11.6
 npart =      2306244
 npart(total) =               2306244
 adiabatic eos: gamma =    1.2000000000000000     
 ERROR: could not find cs_min in header
 ERROR: could not find mtot_in in header
 time =    440.00000000000000     

--> ALLOCATING ALL ARRAYS
------------------------------------------------------------
 Total memory allocated to arrays:    4.966 GB n =      5200000
------------------------------------------------------------
 reading particles          1:   2306244, from block     1 lims=         1-   2306244

WARNING! sink particle vwind not found


WARNING! sink particle Twind not found


WARNING! sink particle ieject not found


WARNING! sink particle sftype not found


WARNING! sink particle nseed not found


WARNING! sink particle Rbondi not found


WARNING! sink particle Pr_Bondi not found

 got   29 sink properties from    2 sink particles
 ----------------------------------------------------------
 ID| Mass     | Racc     | Macc     | hsoft    | Lsink    |
 ----------------------------------------------------------
  1|  1.4     |  1.9     |  0.0     |  0.0     | 7.99E-03 |
  2| 0.70     | 5.00E-02 | 1.58E-06 |  0.0     |  0.0     |
 ----------------------------------------------------------

WARNING: iseed_sink not in dump

 <<< finished reading (hydro) file 

Performing analysis type trace               
Input file name is /fred/oz304/tdanilov/pigru/pigru_00440
 Reading particle IDs from particle_IDs.txt
 Creating directory for tracked particles output in trace_output/                                                                                                                                                                                                                                                   
 Tracking          500  particles

 >>> reading setup from file: /fred/oz304/tdanilov/pigru/pigru_00441 on unit   9

 ERROR! read_dump: file is not a Phantom full dump


 >>> reading small dump file: /fred/oz304/tdanilov/pigru/pigru_00441 on unit   9
 ST:Phantom:2024.0.0:11b3a72 (hydro+Tdust): 08/09/2024 23:38:23.8

 WARNING! read_smalldump: *** VELOCITY WILL BE MISSING FROM SMALL DUMP FILES ***

 npart =      2312723
 npart(total) =               2312723
 adiabatic eos: gamma =    1.2000000476837158     
 ERROR: could not find cs_min in header
 ERROR: could not find mtot_in in header
 time =    441.00000000000000     
 reading particles          1:   2312723, from block     1 lims=         1-   2312723
 ERROR: missing velocity information from file

WARNING: u not in file but setting u = (K*rho**(gamma-1))/(gamma-1)


WARNING: missing dust temperature information from file


WARNING: alpha not found in file


WARNING! sink particle vwind not found


WARNING! sink particle Twind not found


WARNING! sink particle ieject not found


WARNING! sink particle sftype not found


WARNING! sink particle nseed not found


WARNING! sink particle Rbondi not found


WARNING! sink particle Pr_Bondi not found


WARNING! sink particle velocities not found

 got   29 sink properties from    2 sink particles
 ----------------------------------------------------------
 ID| Mass     | Racc     | Macc     | hsoft    | Lsink    |
 ----------------------------------------------------------
  1|  1.4     |  1.9     |  0.0     |  0.0     | 7.99E-03 |
  2| 0.70     | 5.00E-02 | 1.58E-06 |  0.0     |  0.0     |
 ----------------------------------------------------------

 WARNING: Particle IDs not in dump; resetting IDs


WARNING: iseed_sink not in dump

 <<< finished reading (hydro) file 

Performing analysis type trace               
Input file name is /fred/oz304/tdanilov/pigru/pigru_00441
 /fred/oz304/tdanilov/pigru/pigru_00441: not first step data, timestep =    2215023396.4263091      npart =      2312723 nprev =      2306244
 Creating new file for particle               1926172
 Creating new file for particle               1933857
 Creating new file for particle               1941542
 Creating new file for particle               1949226
 Creating new file for particle               1956911

+------------------- Job Report: 10319534 (FAILED) --------------------+
| Memory (RAM)  No data available                                      |
| CPU           [##########          ] 53.8% average                   |
| Time          [>                   ]  0.1% (0-00:00:26 / 0-12:00:00) |
|                                                                      |
| Lustre Filesystem:                                                   |
|   Path    Total Read    Total Write      Total IOPS                  |
|   ------  ------------  -------------  ------------                  |
|   /apps   968 KB        0 B                     11                   |
+----------------------------------------------------------------------+
