


                   **  CALCULATED COLUMN DENSITIES  **


 H           =   1.835E+16   RH          =   0.000E+00   GH          =   0.000E+00
 H+          =   1.138E+11   H-          =   8.945E+06   GH2         =   0.000E+00
 H2+         =   5.923E+08   RH2         =   0.000E+00   H3+         =   4.364E+10
 He          =   9.594E+19   GHe         =   0.000E+00   He+         =   7.415E+10
 RHe         =   0.000E+00   HeH+        =   8.593E+06   C-          =   6.708E+06
 GC          =   0.000E+00   C+          =   1.981E+15   C           =   1.259E+15
 RC          =   0.000E+00   RCH         =   0.000E+00   CH          =   5.852E+13
 GCH         =   0.000E+00   CH+         =   4.956E+10   CH-         =   1.565E+04
 RCH2        =   0.000E+00   GN          =   0.000E+00   CH2+        =   4.422E+10
 N+          =   3.829E+06   CH2         =   9.753E+13   GCH2        =   0.000E+00
 N           =   1.238E+15   RN          =   0.000E+00   RCH3        =   0.000E+00
 NH+         =   1.107E+06   CH3         =   2.516E+13   CH3+        =   3.362E+12
 GCH3        =   0.000E+00   RNH         =   0.000E+00   NH          =   7.685E+11
 GNH         =   0.000E+00   GO          =   0.000E+00   O-          =   1.291E+06
 RO          =   0.000E+00   CH4         =   1.830E+15   CH4+        =   7.939E+08
 NH2         =   1.069E+12   RCH4        =   0.000E+00   RNH2        =   0.000E+00
 O+          =   3.798E+06   NH2+        =   5.802E+07   O           =   2.199E+15
 GCH4        =   0.000E+00   GNH2        =   0.000E+00   CH5+        =   2.286E+10
 OH          =   4.177E+13   RNH3        =   0.000E+00   OH+         =   3.439E+07
 ROH         =   0.000E+00   GOH         =   0.000E+00   OH-         =   1.159E+06
 NH3+        =   1.846E+10   NH3         =   3.148E+13   GNH3        =   0.000E+00
 RH2O        =   0.000E+00   H2O         =   1.431E+15   H2O+        =   3.615E+08
 GH2O        =   0.000E+00   NH4+        =   5.296E+10   F+          =   4.768E+03
 F           =   5.046E+10   GF          =   0.000E+00   H3O+        =   3.226E+11
 RF          =   0.000E+00   GHF         =   0.000E+00   RHF         =   0.000E+00
 HF          =   9.515E+12   HF+         =   1.326E+03   H2F+        =   8.341E+06
 Na+         =   1.255E+11   GNa         =   0.000E+00   Na          =   5.518E+12
 RNa         =   0.000E+00   C2          =   2.599E+14   Mg          =   5.530E+12
 RC2         =   0.000E+00   RMg         =   0.000E+00   C2-         =   2.618E+06
 GMg         =   0.000E+00   C2+         =   1.104E+11   Mg+         =   1.136E+11
 GC2         =   0.000E+00   RC2H        =   0.000E+00   GC2H        =   0.000E+00
 C2H-        =   3.690E+07   C2H         =   3.666E+14   C2H+        =   1.042E+11
 CN          =   6.017E+14   GC2H2       =   0.000E+00   GCN         =   0.000E+00
 CN-         =   1.334E+08   C2H2        =   2.379E+16   C2H2+       =   7.267E+12
 CN+         =   4.948E+06   RC2H2       =   0.000E+00   RCN         =   0.000E+00
 GHNC        =   0.000E+00   HCN+        =   9.553E+06   RHNC        =   0.000E+00
 HCN         =   2.200E+16   HNC         =   2.120E+13   GHCN        =   0.000E+00
 GC2H3       =   0.000E+00   RC2H3       =   0.000E+00   C2H3        =   3.060E+11
 C2H3+       =   4.052E+13   RHCN        =   0.000E+00   H2CN        =   6.677E+10
 RN2         =   0.000E+00   Si+         =   3.594E+14   CO          =   4.495E+17
 GSi         =   0.000E+00   RC2H4       =   0.000E+00   GCO         =   0.000E+00
 N2+         =   1.684E+05   GC2H4       =   0.000E+00   RCO         =   0.000E+00
 C2H4        =   3.396E+13   C2H4+       =   5.865E+10   GN2         =   0.000E+00
 RSi         =   0.000E+00   RH2CN       =   0.000E+00   N2          =   2.217E+16
 H2NC+       =   1.768E+09   CO+         =   2.713E+08   HCNH+       =   2.504E+13
 Si          =   1.569E+14   GH2CN       =   0.000E+00   CH2NH       =   1.008E+08
 SiH+        =   2.252E+09   RHCO        =   0.000E+00   GCH2NH      =   0.000E+00
 SiH         =   1.002E+11   N2H+        =   8.497E+08   C2H5        =   1.107E+09
 C2H5+       =   1.347E+10   GHCO        =   0.000E+00   RCH2NH      =   0.000E+00
 HOC+        =   1.050E+09   GSiH        =   0.000E+00   GC2H5       =   0.000E+00
 RC2H5       =   0.000E+00   HCO         =   8.314E+10   RSiH        =   0.000E+00
 HCO+        =   1.901E+11   GCH3NH      =   0.000E+00   RCH2NH2     =   0.000E+00
 CH2NH2+     =   1.076E+04   RSiH2       =   0.000E+00   SiH2+       =   2.912E+08
 SiH2        =   3.758E+05   C2H6        =   2.248E+09   C2H6+       =   1.440E+07
 CH3NH       =   0.000E+00   RCH3NH      =   0.000E+00   GCH2NH2     =   0.000E+00
 GSiH2       =   0.000E+00   NO+         =   1.126E+09   GC2H6       =   0.000E+00
 CH3NH+      =   6.574E+07   CH2NH2      =   0.000E+00   NO          =   1.223E+11
 GNO         =   0.000E+00   RH2CO       =   0.000E+00   H2CO+       =   1.154E+09
 RNO         =   0.000E+00   GH2CO       =   0.000E+00   RC2H6       =   0.000E+00
 H2CO        =   5.457E+10   SiH3+       =   2.044E+05   P+          =   2.115E+11
 GHNO        =   0.000E+00   RCH3NH2     =   0.000E+00   CH3O        =   6.757E+01
 RSiH3       =   0.000E+00   SiH3        =   2.422E+00   GCH2OH      =   0.000E+00
 HNO         =   2.448E+09   GSiH3       =   0.000E+00   RCH2OH      =   0.000E+00
 CF+         =   1.071E+10   H3CO+       =   9.005E+06   C2H7+       =   1.362E+03
 P           =   7.230E+10   CH3NH2+     =   1.877E+05   RHNO        =   0.000E+00
 GCH3NH2     =   0.000E+00   HNO+        =   6.539E+05   RP          =   0.000E+00
 RCH3O       =   0.000E+00   CH3NH2      =   1.720E+07   GCH3O       =   0.000E+00
 GP          =   0.000E+00   CH2OH       =   5.654E+04   S-          =   2.139E+06
 GPH         =   0.000E+00   GS          =   0.000E+00   RO2         =   0.000E+00
 GCH3OH      =   0.000E+00   O2          =   4.362E+10   PH+         =   3.251E+05
 GO2         =   0.000E+00   RCH3OH      =   0.000E+00   CH3NH3+     =   6.089E+07
 RS          =   0.000E+00   RPH         =   0.000E+00   CH3OH+      =   3.740E+03
 S           =   1.233E+14   CH3OH       =   1.813E+06   SiH4+       =   1.511E-09
 SiH4        =   1.463E+00   GHNOH       =   0.000E+00   GSiH4       =   0.000E+00
 H2NO+       =   5.062E+03   O2-         =   1.074E-05   RHNOH       =   0.000E+00
 RSiH4       =   0.000E+00   HNOH        =   0.000E+00   HNOH+       =   0.000E+00
 PH          =   4.853E+07   O2+         =   1.355E+08   S+          =   1.299E+14
 GPH2        =   0.000E+00   HS+         =   4.342E+08   NH2OH       =   0.000E+00
 RPH2        =   0.000E+00   CH3OH2+     =   5.091E+06   RHS         =   0.000E+00
 PH2         =   2.043E+01   SiH5+       =   1.172E+00   GNH2OH      =   0.000E+00
 NH2OH+      =   0.000E+00   PH2+        =   7.576E+04   RO2H        =   0.000E+00
 RNH2OH      =   0.000E+00   O2H         =   1.561E+03   GO2H        =   0.000E+00
 GHS         =   0.000E+00   HS          =   4.462E+12   O2H+        =   4.197E+01
 GH2S        =   0.000E+00   H2S+        =   1.697E+09   H2O2        =   3.146E-03
 RH2S        =   0.000E+00   H2S         =   2.858E+12   GH2O2       =   0.000E+00
 NH3OH+      =   0.000E+00   PH3+        =   3.558E+00   RH2O2       =   0.000E+00
 Cl          =   8.502E+12   GCl         =   0.000E+00   H3S+        =   1.126E+10
 RCl         =   0.000E+00   Cl+         =   1.529E+09   C3-         =   1.141E+08
 GHCl        =   0.000E+00   C3+         =   8.980E+09   HCl+        =   9.560E+08
 RHCl        =   0.000E+00   HCl         =   1.749E+14   C3          =   1.133E+13
 GC3         =   0.000E+00   RC3         =   0.000E+00   GC3H        =   0.000E+00
 C3H-        =   1.734E+09   C3H+        =   1.772E+11   C3H         =   1.371E+13
 RC3H        =   0.000E+00   H2Cl+       =   4.674E+10   C2N+        =   7.389E+09
 RC2N        =   0.000E+00   C2N         =   5.639E+11   H2CCC       =   3.865E+11
 C3H2+       =   1.124E+11   C3H2        =   3.932E+12   CNC+        =   3.344E+11
 GC2N        =   0.000E+00   GH2CCC      =   0.000E+00   RC3H2       =   0.000E+00
 RH2CCC      =   0.000E+00   GC3H2       =   0.000E+00   GCH2CCH     =   0.000E+00
 C3H3+       =   1.534E+11   RCH2CCH     =   0.000E+00   CH2CCH      =   7.184E+12
 RHCCN       =   0.000E+00   HCCN        =   0.000E+00   C2NH+       =   4.647E+10
 CH2CCH+     =   2.356E+11   GHCCN       =   0.000E+00   GCH3CCH     =   0.000E+00
 CH2CCH2     =   5.421E+09   RSiC        =   0.000E+00   GCH2CN      =   0.000E+00
 CH3CCH      =   2.683E+11   CH2CN+      =   1.776E+10   RCH3CCH     =   0.000E+00
 GSiC        =   0.000E+00   RCH2CN      =   0.000E+00   C2O         =   3.373E+10
 GC2O        =   0.000E+00   SiC+        =   3.422E+09   GCH2CCH2    =   0.000E+00
 SiC         =   6.414E+12   C2O+        =   2.738E+07   RCH2CCH2    =   0.000E+00
 CH2CN       =   8.015E+08   C3H4+       =   3.485E+09   RC2O        =   0.000E+00
 GCH3CN      =   0.000E+00   CH3CN+      =   1.869E+07   HC2O+       =   6.618E+09
 HC2O        =   3.900E+02   RCH3CN      =   0.000E+00   CH3CN       =   1.422E+12
 GHC2O       =   0.000E+00   GHCSi       =   0.000E+00   HCSi        =   1.428E+12
 C3H5+       =   2.567E+11   RHC2O       =   0.000E+00   RHCSi       =   0.000E+00
 HCSi+       =   3.517E+09   CH2CO+      =   7.097E+08   GCH3CHCH2   =   0.000E+00
 RSiCH2      =   0.000E+00   SiCH2+      =   2.765E+11   GCH2CO      =   0.000E+00
 RCH2CO      =   0.000E+00   RCH3CHCH2   =   0.000E+00   NH2CN       =   9.600E+08
 GSiCH2      =   0.000E+00   RCNO        =   0.000E+00   OCN+        =   9.208E+01
 GNH2CN      =   0.000E+00   CH3CHCH2    =   2.997E+10   CNO         =   2.464E-01
 GSiN        =   0.000E+00   OCN         =   2.309E+11   ROCN        =   0.000E+00
 SiCH2       =   2.778E+10   C3H6+       =   1.306E+08   SiN         =   2.195E+10
 GOCN        =   0.000E+00   CH3CNH+     =   2.640E+11   CH2CO       =   1.367E+09
 GCNO        =   0.000E+00   SiN+        =   1.717E+09   RNH2CN      =   0.000E+00
 RSiN        =   0.000E+00   CP+         =   1.071E+06   HOCN+       =   1.945E+03
 HCNO        =   2.021E+07   RSiCH3      =   0.000E+00   SiCH3+      =   1.186E+07
 GCH3CO      =   0.000E+00   NH2CNH+     =   2.671E+03   HCNO+       =   2.516E-02
 GHOCN       =   0.000E+00   HOCN        =   4.159E+06   GHCNO       =   0.000E+00
 RCH3CO      =   0.000E+00   RHOCN       =   0.000E+00   RHCNO       =   0.000E+00
 HNSi        =   9.431E+09   HNSi+       =   2.660E+02   GSiCH3      =   0.000E+00
 CH3CO+      =   8.911E+07   GHONC       =   0.000E+00   CH3CO       =   1.903E+04
 HONC+       =   6.024E-07   RHNSi       =   0.000E+00   HONC        =   1.075E+02
 GCP         =   0.000E+00   GHNCO       =   0.000E+00   GHNSi       =   0.000E+00
 C3H7+       =   2.628E+10   HNCO+       =   1.945E+03   CP          =   3.427E+11
 RCP         =   0.000E+00   RHNCO       =   0.000E+00   RHONC       =   0.000E+00
 HNCO        =   6.190E+06   SiCH3       =   4.760E+07   N2O+        =   1.484E+03
 RSiO        =   0.000E+00   CH3CHO      =   4.130E+07   GN2O        =   0.000E+00
 GCS         =   0.000E+00   GCO2        =   0.000E+00   RCH3CHO     =   0.000E+00
 GHNCHO      =   0.000E+00   CS          =   5.779E+15   N2O         =   1.852E+05
 CO2+        =   1.460E+00   GCH3CHO     =   0.000E+00   RCO2        =   0.000E+00
 SiO+        =   5.243E+09   H2OCN+      =   4.038E+05   H2CNO+      =   3.351E+01
 SiNH2+      =   2.951E+09   NH2CO       =   0.000E+00   HCNOH+      =   3.351E+01
 RHNCHO      =   0.000E+00   HCP         =   1.348E+13   HCP+        =   1.634E+06
 GSiO        =   0.000E+00   RCS         =   0.000E+00   RN2O        =   0.000E+00
 SiO         =   2.595E+15   CO2         =   8.865E+10   GNH2CO      =   0.000E+00
 HNCHO       =   0.000E+00   HNCOH+      =   8.080E+05   GHCP        =   0.000E+00
 CH3CHO+     =   2.218E+05   RNH2CO      =   0.000E+00   H2NCO+      =   4.042E+05
 RHCP        =   0.000E+00   CS+         =   6.405E+09   SiCH4+      =   1.196E+07
 GHCS        =   0.000E+00   COOH        =   0.000E+00   PN+         =   1.825E-01
 CH3OCH2     =   4.549E-06   NH2CHO+     =   0.000E+00   RHCS        =   0.000E+00
 PN          =   1.018E+06   RPN         =   0.000E+00   RCOOH       =   0.000E+00
 CH3CHOH+    =   2.297E+07   RNH2CHO     =   0.000E+00   HCS+        =   5.010E+11
 HN2O+       =   6.978E-02   GNH2CHO     =   0.000E+00   SiOH+       =   5.136E+12
 PCH2+       =   2.885E+08   NH2CHO      =   3.881E+05   GPN         =   0.000E+00
 HCO2+       =   1.176E+07   GCOOH       =   0.000E+00   HCS         =   7.147E+10
 C2H5OH      =   2.721E+01   H2SiO+      =   8.848E+01   HCOOH       =   2.374E+05
 CH2PH       =   1.199E+02   GHCOOH      =   0.000E+00   HPN+        =   7.602E-01
 GH2SiO      =   0.000E+00   RHCOOH      =   0.000E+00   RH2SiO      =   0.000E+00
 NS+         =   2.301E+08   H2CS        =   6.686E+10   RH2CS       =   0.000E+00
 GNS         =   0.000E+00   NS          =   1.429E+10   RCH2PH      =   0.000E+00
 GCH3OCH3    =   0.000E+00   GC2H5OH     =   0.000E+00   C2H5OH+     =   3.261E-01
 H2CS+       =   9.851E+07   GNO2        =   0.000E+00   RCH3OCH3    =   0.000E+00
 RC2H5OH     =   0.000E+00   NO2         =   5.444E+04   PCH3+       =   2.320E+02
 RNO2        =   0.000E+00   H2SiO       =   7.798E-03   GH2CS       =   0.000E+00
 CH3OCH3     =   1.486E-01   RNS         =   0.000E+00   CH3OCH3+    =   3.177E-03
 NO2+        =   4.207E+01   NH2CH2O+    =   1.284E+01   HCOOH+      =   2.181E+03
 GCH2PH      =   0.000E+00   HCOOH2+     =   2.080E+05   H3CS+       =   6.215E+09
 RPO         =   0.000E+00   GPO         =   0.000E+00   PNH2+       =   3.433E+04
 HNS+        =   4.329E+04   PCH4+       =   4.055E+01   C2H5OH2+    =   3.678E+01
 PO+         =   1.756E+07   CCl+        =   1.179E+09   CH3OCH4+    =   7.154E-02
 PO          =   5.867E+07   H3SiO+      =   2.349E-04   RCCl        =   0.000E+00
 SiF+        =   1.736E+10   CCl         =   1.324E+08   GCCl        =   0.000E+00
 GO3         =   0.000E+00   GHPO        =   0.000E+00   SO          =   1.308E+10
 RO3         =   0.000E+00   PNH3+       =   4.082E+00   RHPO        =   0.000E+00
 C4          =   1.491E+12   SO+         =   1.246E+10   O3          =   0.000E+00
 HPO+        =   8.906E+06   GC4         =   0.000E+00   C4+         =   2.233E+08
 HPO         =   5.102E+02   GSO         =   0.000E+00   RSO         =   0.000E+00
 C4-         =   9.178E+10   RC4         =   0.000E+00   GC4H        =   0.000E+00
 H2CCl+      =   1.411E+07   RC4H        =   0.000E+00   HSO+        =   2.206E+05
 H2PO+       =   9.658E+01   C4H         =   1.280E+13   C4H+        =   6.639E+08
 C4H-        =   6.678E+11   GC3N        =   0.000E+00   RC3N        =   0.000E+00
 C3N         =   5.769E+11   C4H2        =   1.199E+13   RC4H2       =   0.000E+00
 C4H2+       =   1.325E+11   C3N+        =   1.961E+06   C3N-        =   1.572E+09
 GC4H2       =   0.000E+00   ClO         =   5.879E-08   GHC3N       =   0.000E+00
 HNC3        =   1.295E+10   RClO        =   0.000E+00   C4H3        =   1.297E+10
 C4H3+       =   5.142E+12   RC4H3       =   0.000E+00   RHNC3       =   0.000E+00
 ClO+        =   6.586E-12   GC4H3       =   0.000E+00   HC3N+       =   3.489E+09
 GHNC3       =   0.000E+00   RHC3N       =   0.000E+00   HC3N        =   1.024E+13
 GClO        =   0.000E+00   C2N2+       =   1.951E+06   RCH2CHCCH   =   0.000E+00
 C3O+        =   3.961E+01   C3O         =   1.427E+08   C4H4+       =   2.178E+07
 GCH2CHCCH   =   0.000E+00   SiC2+       =   7.233E+09   RC3O        =   0.000E+00
 GNCCN       =   0.000E+00   GSiC2       =   0.000E+00   HC3NH+      =   1.596E+10
 SiC2        =   1.030E+16   NCCN        =   2.705E+11   CH2CHCCH    =   3.452E+09
 GC3O        =   0.000E+00   RNCCN       =   0.000E+00   RSiC2       =   0.000E+00
 RSiC2H      =   0.000E+00   SiC2H       =   2.442E+13   C4H5+       =   5.064E+09
 HC3O+       =   7.079E+06   CH2CHCN+    =   7.432E+07   CH2CHCN     =   9.608E+09
 GSiC2H      =   0.000E+00   RCH2CHCN    =   0.000E+00   NCCNH+      =   9.226E+07
 GCH2CHCN    =   0.000E+00   SiC2H+      =   2.583E+12   C4H6        =   1.269E+07
 GSiC2H2     =   0.000E+00   SiC2H2+     =   2.532E+10   C2H4CN      =   0.000E+00
 C3H2O+      =   3.292E+06   RSiNC       =   0.000E+00   GSiNC       =   0.000E+00
 RSiC2H2     =   0.000E+00   CH2CHCNH+   =   1.216E+07   RC4H6       =   0.000E+00
 RC2H4CN     =   0.000E+00   SiNC+       =   7.378E+10   SiNC        =   4.963E+07
 SiC2H2      =   4.566E+10   GC4H6       =   0.000E+00   GC2H4CN     =   0.000E+00
 SiC2H3+     =   2.532E+09   GC2H5CN     =   0.000E+00   RCCP        =   0.000E+00
 C2H5CN      =   5.565E+06   C4H7+       =   3.237E+06   GCCP        =   0.000E+00
 H3C3O+      =   6.626E+07   RC2H5CN     =   0.000E+00   CCP         =   1.585E+09
 CCP+        =   7.938E+07   SiNCH+      =   1.684E+07   RHC2P       =   0.000E+00
 Fe          =   5.402E+12   RFe         =   0.000E+00   GFe         =   0.000E+00
 GHC2P       =   0.000E+00   HC2P+       =   4.313E+08   C2S+        =   8.884E+08
 RC2S        =   0.000E+00   C2S         =   4.818E+12   C2H5CNH+    =   8.203E+05
 HC2P        =   7.123E+05   Fe+         =   2.412E+11   GC2S        =   0.000E+00
 HC2S+       =   7.171E+11   PC2H2+      =   1.682E+05   RCH3COCH3   =   0.000E+00
 CH3COCH3+   =   4.076E-01   GCH3COCH3   =   0.000E+00   OHCCHO      =   0.000E+00
 GOHCCHO     =   0.000E+00   PC2H3+      =   4.239E+00   OHCCHO+     =   0.000E+00
 ROHCCHO     =   0.000E+00   CH3COCH3    =   4.109E+01   HOCHCHO     =   0.000E+00
 GHOCH2CO    =   0.000E+00   PC2H4+      =   5.540E-01   C2O2H3+     =   0.000E+00
 OHCCH2O+    =   0.000E+00   CH3CS+      =   8.373E+07   CH3COCH4+   =   1.407E+01
 OCH2CHO     =   0.000E+00   COOCH3+     =   6.415E-12   RHOCH2CO    =   0.000E+00
 GCOOCH3     =   0.000E+00   GOCH2CHO    =   0.000E+00   GCH2COOH    =   0.000E+00
 GHOCHCHO    =   0.000E+00   COOCH3      =   1.723E-08   RCH2COOH    =   0.000E+00
 RHOCHCHO    =   0.000E+00   RCOOCH3     =   0.000E+00   ROCH2CHO    =   0.000E+00
 HOCH2CO     =   0.000E+00   HOCH2CO+    =   0.000E+00   CH2COOH     =   0.000E+00
 OCS+        =   4.386E+09   GSiS        =   0.000E+00   C5          =   2.190E+11
 ROCS        =   0.000E+00   OCS         =   2.157E+11   GOCS        =   0.000E+00
 SiS         =   3.312E+15   HOCH2CHO    =   0.000E+00   HCOOCH3     =   1.427E-01
 SiO2        =   2.218E+09   SiS+        =   5.331E+11   HCOOCH3+    =   1.137E-04
 RSiS        =   0.000E+00   CH3COOH+    =   0.000E+00   CH3COOH     =   0.000E+00
 GSiO2       =   0.000E+00   GHOCH2CHO   =   0.000E+00   C2O2H4+     =   0.000E+00
 RC5         =   0.000E+00   C5-         =   4.533E+10   GHCOOCH3    =   0.000E+00
 GCH3COOH    =   0.000E+00   RHOCH2CHO   =   0.000E+00   HOCH2CHO+   =   0.000E+00
 GC5         =   0.000E+00   RHCOOCH3    =   0.000E+00   RCH3COOH    =   0.000E+00
 C5+         =   1.250E+07   RSiO2       =   0.000E+00   RC5H        =   0.000E+00
 H5C2O2+     =   5.280E-02   GC5H        =   0.000E+00   HOCS+       =   7.657E+05
 HSiO2+      =   9.226E+03   C5H-        =   4.484E+10   CH3COOH2+   =   0.000E+00
 GHOCH2CH2O  =   0.000E+00   HOCH2CH2O+  =   0.000E+00   RHOCH2CH2O  =   0.000E+00
 HSiS+       =   1.299E+10   C5H         =   2.045E+11   C5H+        =   1.880E+09
 HOCH2CH2O   =   0.000E+00   CH2OHCH2OH  =   0.000E+00   GC4N        =   0.000E+00
 GCH2OHCH2OH =   0.000E+00   CH2OHCH2OH+ =   0.000E+00   RCH2OHCH2OH =   0.000E+00
 C4N+        =   1.821E+08   C4N         =   6.349E+09   RC4N        =   0.000E+00
 GC5H2       =   0.000E+00   C5H2        =   9.216E+11   RC5H2       =   0.000E+00
 C5H2+       =   1.348E+10   HC4N+       =   4.147E+04   C5H3+       =   1.454E+10
 CH2OHCH2OHH+=   0.000E+00   RS2         =   0.000E+00   SO2+        =   3.645E-02
 GCH3C4H     =   0.000E+00   SO2         =   2.370E+06   CH3C4H+     =   9.918E+08
 GS2         =   0.000E+00   H2C4N+      =   9.356E+04   S2          =   1.238E+09
 RCH3C4H     =   0.000E+00   SiC3+       =   2.468E+10   S2+         =   7.917E+07
 GSiC3       =   0.000E+00   SiC3        =   1.856E+11   GSO2        =   0.000E+00
 RSiC3       =   0.000E+00   RSO2        =   0.000E+00   CH3C4H      =   1.691E+11
 SiC3H       =   6.592E+10   RSiC3H      =   0.000E+00   GSiC3H      =   0.000E+00
 CH3C3N      =   7.467E+09   HSO2+       =   8.868E-01   C5H5+       =   8.746E+10
 HS2         =   4.560E+07   GCH3C3N     =   0.000E+00   RHS2        =   0.000E+00
 HS2+        =   5.074E+06   CH3C3N+     =   9.147E+04   RCH3C3N     =   0.000E+00
 GHS2        =   0.000E+00   SiC3H+      =   7.859E+09   SiC3H2+     =   1.026E+10
 H2S2+       =   1.782E+07   H2S2        =   2.481E+05   RH2S2       =   0.000E+00
 CH3C3NH+    =   1.716E+07   GH2S2       =   0.000E+00   NCCNCH3+    =   2.693E+04
 GC3P        =   0.000E+00   RC3P        =   0.000E+00   C3P         =   4.275E+05
 H3S2+       =   1.022E+05   C3S         =   4.463E+11   C3S+        =   5.928E+09
 GC3S        =   0.000E+00   PC3H+       =   6.976E+04   RC3S        =   0.000E+00
 HC3S+       =   2.059E+09   GC6         =   0.000E+00   C6+         =   9.681E+07
 RC6         =   0.000E+00   C6-         =   3.606E+10   C6          =   3.149E+10
 C6H         =   6.646E+11   C6H+        =   1.894E+08   C6H-        =   3.114E+11
 GC6H        =   0.000E+00   RC6H        =   0.000E+00   RC6H2       =   0.000E+00
 C5N+        =   2.286E+03   C6H2        =   2.364E+12   C6H2+       =   2.820E+09
 RC5N        =   0.000E+00   C5N         =   1.610E+10   NHCH2COOH   =   0.000E+00
 GC5N        =   0.000E+00   GC6H2       =   0.000E+00   C5N-        =   7.112E+09
 RNHCH2COOH  =   0.000E+00   GNHCH2COOH  =   0.000E+00   GHC5N       =   0.000E+00
 C6H3+       =   1.729E+09   RHC5N       =   0.000E+00   HC5N+       =   2.666E+04
 NH2CH2COOH+ =   0.000E+00   RNH2CH2COOH =   0.000E+00   NH2CH2COOH  =   0.000E+00
 HC5N        =   9.152E+10   GNH2CH2COOH =   0.000E+00   SiC4+       =   1.431E+10
 NH2CH2COOH2+=   0.000E+00   RSiC4       =   0.000E+00   SiC4        =   1.817E+10
 GSiC4       =   0.000E+00   C6H4+       =   8.999E+09   HC5NH+      =   5.329E+06
 SiC4H+      =   7.003E+09   C6H5+       =   7.310E+08   H3C5N+      =   3.619E+06
 RC6H6       =   0.000E+00   GC6H6       =   0.000E+00   C6H6        =   1.523E+12
 C6H6+       =   9.224E+07   GC4P        =   0.000E+00   C4P         =   1.257E+05
 RC4P        =   0.000E+00   C4P+        =   5.298E-03   C6H7+       =   4.719E+11
 GC4S        =   0.000E+00   PC4H+       =   5.933E+04   C4S+        =   1.810E+09
 C4S         =   1.510E+10   RC4S        =   0.000E+00   HC4S+       =   7.471E+09
 RC7         =   0.000E+00   C7          =   7.667E+09   GC7         =   0.000E+00
 C7-         =   3.043E+10   C7+         =   2.237E+07   C7H-        =   3.054E+10
 RC7H        =   0.000E+00   C7H         =   2.289E+10   GC7H        =   0.000E+00
 C7H+        =   1.253E+08   GC7H2       =   0.000E+00   RC7H2       =   0.000E+00
 C7H2        =   2.202E+10   C7H2+       =   7.819E+07   C7H3+       =   2.925E+08
 RCH3C6H     =   0.000E+00   CH3C6H      =   2.255E+09   C7H4+       =   1.365E+08
 GCH3C6H     =   0.000E+00   GCH3C5N     =   0.000E+00   CH3C5N      =   9.875E+05
 RCH3C5N     =   0.000E+00   C7H5+       =   1.921E+08   CH3C5NH+    =   3.743E+04
 RC8         =   0.000E+00   C8-         =   4.700E+09   C8+         =   1.661E+07
 GC8         =   0.000E+00   C8          =   3.316E+09   C8H-        =   3.075E+09
 C8H         =   7.353E+09   C8H+        =   9.485E+05   RC8H        =   0.000E+00
 GC8H        =   0.000E+00   GC8H2       =   0.000E+00   C7N+        =   8.530E+04
 C7N         =   8.066E+08   C8H2        =   9.363E+09   RC8H2       =   0.000E+00
 C8H2+       =   6.720E+07   RC7N        =   0.000E+00   GC7N        =   0.000E+00
 HC7N        =   1.344E+10   GHC7N       =   0.000E+00   HC7N+       =   1.400E+07
 C8H3+       =   2.703E+08   RHC7N       =   0.000E+00   H2C7N+      =   5.774E+06
 C8H4+       =   7.882E+07   H3C7N+      =   2.973E+04   C8H5+       =   2.367E+04
 C9+         =   1.781E+06   C9-         =   1.386E+09   GC9         =   0.000E+00
 RC9         =   0.000E+00   C9          =   3.368E+08   C9H         =   3.909E+08
 C9H+        =   2.404E+06   GC9H        =   0.000E+00   C9H-        =   5.506E+08
 RC9H        =   0.000E+00   C9H2        =   7.268E+08   C9H2+       =   4.180E+06
 RC9H2       =   0.000E+00   GC9H2       =   0.000E+00   C9H3+       =   1.630E+07
 C9H4+       =   9.952E+06   CH3C7N      =   1.472E+05   C9H5+       =   8.964E+01
 GCH3C7N     =   0.000E+00   RCH3C7N     =   0.000E+00   CH3C7NH+    =   5.566E+03
 GC10        =   0.000E+00   C10+        =   6.245E+05   C10         =   7.415E+07
 RC10        =   0.000E+00   C10-        =   1.055E+08   C10H+       =   5.534E+05
 GC10H       =   0.000E+00   C10H        =   3.382E+07   RC10H       =   0.000E+00
 C10H-       =   1.781E+07   GC9N        =   0.000E+00   C10H2+      =   6.964E+05
 RC9N        =   0.000E+00   GC10H2      =   0.000E+00   C9N+        =   1.274E+03
 C10H2       =   3.397E+07   C9N         =   8.326E+06   RC10H2      =   0.000E+00
 C10H3+      =   8.147E+04   GHC9N       =   0.000E+00   HC9N        =   9.572E+07
 HC9N+       =   1.206E+05   RHC9N       =   0.000E+00   H2C9N+      =   3.615E+04
 H3C9N+      =   9.183E+02   RC11        =   0.000E+00   C11+        =   5.326E+04
 GC11        =   0.000E+00   C11         =   2.257E+05   e-          =   2.576E+15
 H2          =   5.643E+20
