Starting job 10319682, array task 65 on dave82
Processing pair: pigru_00650  pigru_00651

 Phantom analysis (trace): You data, we analyse

 opening database from /fred/oz304/tdanilov/pigru/pigru.in with 50 entries

 >>> reading setup from file: /fred/oz304/tdanilov/pigru/pigru_00650 on unit   9
 FT:Phantom:2024.0.0:11b3a72 (hydro+Tdust): 12/09/2024 11:10:24.0
 npart =      3376473
 npart(total) =               3376473
 adiabatic eos: gamma =    1.2000000000000000     
 ERROR: could not find cs_min in header
 ERROR: could not find mtot_in in header
 time =    650.00000000000000     

--> ALLOCATING ALL ARRAYS
------------------------------------------------------------
 Total memory allocated to arrays:    4.966 GB n =      5200000
------------------------------------------------------------
 reading particles          1:   3376473, from block     1 lims=         1-   3376473

WARNING! sink particle vwind not found


WARNING! sink particle Twind not found


WARNING! sink particle ieject not found


WARNING! sink particle sftype not found


WARNING! sink particle nseed not found


WARNING! sink particle Rbondi not found


WARNING! sink particle Pr_Bondi not found

 got   29 sink properties from    2 sink particles
 ----------------------------------------------------------
 ID| Mass     | Racc     | Macc     | hsoft    | Lsink    |
 ----------------------------------------------------------
  1|  1.4     |  1.9     |  0.0     |  0.0     | 7.99E-03 |
  2| 0.70     | 5.00E-02 | 2.87E-06 |  0.0     |  0.0     |
 ----------------------------------------------------------

WARNING: iseed_sink not in dump

 <<< finished reading (hydro) file 

Performing analysis type trace               
Input file name is /fred/oz304/tdanilov/pigru/pigru_00650
 Reading config from trace.cfg
   Tracking particle ID range:        10000  to        10100  (         101  particles)
   Skipping first         5000  particles (boundary)
 Creating trace_output directory in: /fred/oz304/beckers/pigru/trace_output/
 Tracking          101  particles
 === Initialisation complete: tracking          101  particles (IDs        10000 -       10100 ) ===

 >>> reading setup from file: /fred/oz304/tdanilov/pigru/pigru_00651 on unit   9

 ERROR! read_dump: file is not a Phantom full dump


 >>> reading small dump file: /fred/oz304/tdanilov/pigru/pigru_00651 on unit   9
 ST:Phantom:2024.0.0:11b3a72 (hydro+Tdust): 12/09/2024 11:36:35.6

 WARNING! read_smalldump: *** VELOCITY WILL BE MISSING FROM SMALL DUMP FILES ***

 npart =      3383024
 npart(total) =               3383024
 adiabatic eos: gamma =    1.2000000476837158     
 ERROR: could not find cs_min in header
 ERROR: could not find mtot_in in header
 time =    651.00000000000000     
 reading particles          1:   3383024, from block     1 lims=         1-   3383024
 ERROR: missing velocity information from file

WARNING: u not in file but setting u = (K*rho**(gamma-1))/(gamma-1)


WARNING: missing dust temperature information from file


WARNING: alpha not found in file


WARNING! sink particle vwind not found


WARNING! sink particle Twind not found


WARNING! sink particle ieject not found


WARNING! sink particle sftype not found


WARNING! sink particle nseed not found


WARNING! sink particle Rbondi not found


WARNING! sink particle Pr_Bondi not found


WARNING! sink particle velocities not found

 got   29 sink properties from    2 sink particles
 ----------------------------------------------------------
 ID| Mass     | Racc     | Macc     | hsoft    | Lsink    |
 ----------------------------------------------------------
  1|  1.4     |  1.9     |  0.0     |  0.0     | 7.99E-03 |
  2| 0.70     | 5.00E-02 | 2.87E-06 |  0.0     |  0.0     |
 ----------------------------------------------------------

 WARNING: Particle IDs not in dump; resetting IDs


WARNING: iseed_sink not in dump

 <<< finished reading (hydro) file 

Performing analysis type trace               
Input file name is /fred/oz304/tdanilov/pigru/pigru_00651
 /fred/oz304/tdanilov/pigru/pigru_00651: not first step data, timestep =    3269796442.3435993      npart =      3383024 nprev =      3376473
 WARNING: Could not open A_V file AV/AV_00651, using A_V = 0
 === Analysis of /fred/oz304/tdanilov/pigru/pigru_00651 complete ===

 Phantom analysis: may your paper be a happy one

Pair (650, 651) complete.

+------------------ Job Report: 10319748 (COMPLETED) ------------------+
| Memory (RAM)  No data available                                      |
| CPU           No data available                                      |
| Time          [>                   ]  0.0% (0-00:00:10 / 0-12:00:00) |
|                                                                      |
| Lustre Filesystem:                                                   |
|   No data available                                                  |
+----------------------------------------------------------------------+
