Starting job 10319682, array task 46 on dave5
Processing pair: pigru_00460  pigru_00461

 Phantom analysis (trace): You data, we analyse

 opening database from /fred/oz304/tdanilov/pigru/pigru.in with 50 entries

 >>> reading setup from file: /fred/oz304/tdanilov/pigru/pigru_00460 on unit   9
 FT:Phantom:2024.0.0:11b3a72 (hydro+Tdust): 09/09/2024 07:44:51.4
 npart =      2406617
 npart(total) =               2406617
 adiabatic eos: gamma =    1.2000000000000000     
 ERROR: could not find cs_min in header
 ERROR: could not find mtot_in in header
 time =    460.00000000000000     

--> ALLOCATING ALL ARRAYS
------------------------------------------------------------
 Total memory allocated to arrays:    4.966 GB n =      5200000
------------------------------------------------------------
 reading particles          1:   2406617, from block     1 lims=         1-   2406617

WARNING! sink particle vwind not found


WARNING! sink particle Twind not found


WARNING! sink particle ieject not found


WARNING! sink particle sftype not found


WARNING! sink particle nseed not found


WARNING! sink particle Rbondi not found


WARNING! sink particle Pr_Bondi not found

 got   29 sink properties from    2 sink particles
 ----------------------------------------------------------
 ID| Mass     | Racc     | Macc     | hsoft    | Lsink    |
 ----------------------------------------------------------
  1|  1.4     |  1.9     |  0.0     |  0.0     | 7.99E-03 |
  2| 0.70     | 5.00E-02 | 1.74E-06 |  0.0     |  0.0     |
 ----------------------------------------------------------

WARNING: iseed_sink not in dump

 <<< finished reading (hydro) file 

Performing analysis type trace               
Input file name is /fred/oz304/tdanilov/pigru/pigru_00460
 Reading config from trace.cfg
   Tracking particle ID range:        10000  to        10100  (         101  particles)
   Skipping first         5000  particles (boundary)
 Creating trace_output directory in: /fred/oz304/beckers/pigru/trace_output/
 Tracking          101  particles
 === Initialisation complete: tracking          101  particles (IDs        10000 -       10100 ) ===

 >>> reading setup from file: /fred/oz304/tdanilov/pigru/pigru_00461 on unit   9

 ERROR! read_dump: file is not a Phantom full dump


 >>> reading small dump file: /fred/oz304/tdanilov/pigru/pigru_00461 on unit   9
 ST:Phantom:2024.0.0:11b3a72 (hydro+Tdust): 09/09/2024 08:12:51.0

 WARNING! read_smalldump: *** VELOCITY WILL BE MISSING FROM SMALL DUMP FILES ***

 npart =      2412988
 npart(total) =               2412988
 adiabatic eos: gamma =    1.2000000476837158     
 ERROR: could not find cs_min in header
 ERROR: could not find mtot_in in header
 time =    461.00000000000000     
 reading particles          1:   2412988, from block     1 lims=         1-   2412988
 ERROR: missing velocity information from file

WARNING: u not in file but setting u = (K*rho**(gamma-1))/(gamma-1)


WARNING: missing dust temperature information from file


WARNING: alpha not found in file


WARNING! sink particle vwind not found


WARNING! sink particle Twind not found


WARNING! sink particle ieject not found


WARNING! sink particle sftype not found


WARNING! sink particle nseed not found


WARNING! sink particle Rbondi not found


WARNING! sink particle Pr_Bondi not found


WARNING! sink particle velocities not found

 got   29 sink properties from    2 sink particles
 ----------------------------------------------------------
 ID| Mass     | Racc     | Macc     | hsoft    | Lsink    |
 ----------------------------------------------------------
  1|  1.4     |  1.9     |  0.0     |  0.0     | 7.99E-03 |
  2| 0.70     | 5.00E-02 | 1.75E-06 |  0.0     |  0.0     |
 ----------------------------------------------------------

 WARNING: Particle IDs not in dump; resetting IDs


WARNING: iseed_sink not in dump

 <<< finished reading (hydro) file 

Performing analysis type trace               
Input file name is /fred/oz304/tdanilov/pigru/pigru_00461
 /fred/oz304/tdanilov/pigru/pigru_00461: not first step data, timestep =    2315477972.2279558      npart =      2412988 nprev =      2406617
 WARNING: Could not open A_V file AV/AV_00461, using A_V = 0
 Filling empty file for particle                 10069
 Filling empty file for particle                 10078
 Filling empty file for particle                 10079
 Creating new file for particle                 10080
 Creating new file for particle                 10081
 Creating new file for particle                 10082
 Creating new file for particle                 10083
 Creating new file for particle                 10084
 Creating new file for particle                 10085
 Creating new file for particle                 10086
 Creating new file for particle                 10087
 Creating new file for particle                 10088
 Creating new file for particle                 10089
 Creating new file for particle                 10090
 Creating new file for particle                 10091
 Creating new file for particle                 10092
 Creating new file for particle                 10093
 Creating new file for particle                 10094
 Creating new file for particle                 10095
 Creating new file for particle                 10096
 Creating new file for particle                 10097
 Creating new file for particle                 10098
 Creating new file for particle                 10099
 Creating new file for particle                 10100
 === Analysis of /fred/oz304/tdanilov/pigru/pigru_00461 complete ===

 Phantom analysis: may your paper be a happy one

Pair (460, 461) complete.

+------------------ Job Report: 10319729 (COMPLETED) ------------------+
| Memory (RAM)  No data available                                      |
| CPU           No data available                                      |
| Time          [>                   ]  0.0% (0-00:00:09 / 0-12:00:00) |
|                                                                      |
| Lustre Filesystem:                                                   |
|   No data available                                                  |
+----------------------------------------------------------------------+
