Starting job 10049820, array task 0 on dave21
Chemistry type: Crich
Analysis mode: true
Found 35 valid particle IDs in /fred/oz304/beckers/Chemistry/traces/wind_v10/trace_output_with_av (max ID=300000)
✓ Analysis params file already exists: /fred/oz304/beckers/Chemistry/evolving_model/param/analysis_params_Crich.txt
SLURM task 0: processing particle 21549
Running Crich evolving_model on 1 phantom particle trace(s) from wind_v10

 +++++++++++++++++++++++++++++++++++++++++++++++++++
 +++++        ENVELOPE CHEMICAL MODEL         ++++++
 +++++++++++++++++++++++++++++++++++++++++++++++++++

 Version 1.0 authored by Catherine Walsh and Maria 
    Drozdovskaya, Leiden Observatory (01/08/2013)

 Version 1.1 amended by Catherine Walsh (18/05/2014)

 Version 1.2 amended by Catherine Walsh (13/08/2015)

 +++++++++++++++++++++++++++++++++++++++++++++++++++

          Input file =  Crich/param/trace_file_param/file_parameters_21549.txt                

 Physical conditions  = Crich/input/21549.txt                                                 
 Chemical network     = ./rate12_complex.rates                                                
 Species file         = ./rate12_complex_atomic_Crich.specs                                   
 Binding energies     = ./rate12_binding.dat                                                  
 Reaction parameters  = param/reaction_parameters.txt                                         
 Grain parameters     = param/grain_parameters.txt                                            
 Radiation parameters = param/radiation_parameters.txt                                        

 Output file          = Crich/analyse_output/model_output_21549.dat                           
 Rates file           = Crich/analyse_output/model_rates_21549.dat                            
 Analyse file         = Crich/analyse_output/model_analyse_21549.dat                          

 Opening and reading physical conditions file ...

 +++++++++++++++++++++++++++++++++++++++++++++++++++
 Beginning to run model ...
 +++++++++++++++++++++++++++++++++++++++++++++++++++

 Preparing output files ...

 Progress = ...
 ...    1 /1593

 No. steps =     602   No. f-s =    9523   No. J-s =      13   No. LU-s =     105
  No. nonlinear iterations =     838
  No. nonlinear convergence failures =       0
  No. error test failures =      21
  Last step size used =    0.89744E+07
  Index compenent largest error =        0

 ...    2 /1593

 No. steps =     187   No. f-s =    2893   No. J-s =       4   No. LU-s =      32
  No. nonlinear iterations =     218
  No. nonlinear convergence failures =       0
  No. error test failures =       2
  Last step size used =    0.16382E+07
  Index compenent largest error =        0

 ...    3 /1593

 No. steps =     153   No. f-s =    2177   No. J-s =       3   No. LU-s =      29
  No. nonlinear iterations =     170
  No. nonlinear convergence failures =       0
  No. error test failures =       0
  Last step size used =    0.30029E+07
  Index compenent largest error =        0

 ...    4 /1593

 No. steps =     152   No. f-s =    2176   No. J-s =       3   No. LU-s =      27
  No. nonlinear iterations =     169
  No. nonlinear convergence failures =       0
  No. error test failures =       0
  Last step size used =    0.28071E+07
  Index compenent largest error =        0

 ...    5 /1593

 No. steps =     161   No. f-s =    2857   No. J-s =       4   No. LU-s =      30
  No. nonlinear iterations =     182
  No. nonlinear convergence failures =       0
  No. error test failures =       1
  Last step size used =    0.34297E+07
  Index compenent largest error =        0

 ...    6 /1593

 No. steps =     153   No. f-s =    2182   No. J-s =       3   No. LU-s =      29
  No. nonlinear iterations =     175
  No. nonlinear convergence failures =       0
  No. error test failures =       1
  Last step size used =    0.29897E+07
  Index compenent largest error =        0

 ...    7 /1593

 No. steps =     149   No. f-s =    2175   No. J-s =       3   No. LU-s =      26
  No. nonlinear iterations =     168
  No. nonlinear convergence failures =       0
  No. error test failures =       0
  Last step size used =    0.31879E+07
  Index compenent largest error =        0

 ...    8 /1593

 No. steps =     138   No. f-s =    2164   No. J-s =       3   No. LU-s =      27
  No. nonlinear iterations =     157
  No. nonlinear convergence failures =       0
  No. error test failures =       1
  Last step size used =    0.34415E+07
  Index compenent largest error =        0

 ...    9 /1593

 No. steps =     132   No. f-s =    2154   No. J-s =       3   No. LU-s =      25
  No. nonlinear iterations =     147
  No. nonlinear convergence failures =       0
  No. error test failures =       0
  Last step size used =    0.35531E+07
  Index compenent largest error =        0

 ...   10 /1593

 No. steps =     125   No. f-s =    2148   No. J-s =       3   No. LU-s =      24
  No. nonlinear iterations =     141
  No. nonlinear convergence failures =       0
  No. error test failures =       0
  Last step size used =    0.29944E+07
  Index compenent largest error =        0

 ...   11 /1593

 No. steps =     118   No. f-s =    2140   No. J-s =       3   No. LU-s =      24
  No. nonlinear iterations =     133
  No. nonlinear convergence failures =       0
  No. error test failures =       0
  Last step size used =    0.34770E+07
  Index compenent largest error =        0

 ...   12 /1593

 No. steps =     115   No. f-s =    2135   No. J-s =       3   No. LU-s =      24
  No. nonlinear iterations =     128
  No. nonlinear convergence failures =       0
  No. error test failures =       0
  Last step size used =    0.38799E+07
  Index compenent largest error =        0

 ...   13 /1593

 No. steps =     105   No. f-s =    1456   No. J-s =       2   No. LU-s =      22
  No. nonlinear iterations =     117
  No. nonlinear convergence failures =       0
  No. error test failures =       0
  Last step size used =    0.39157E+07
  Index compenent largest error =        0

 ...   14 /1593

 No. steps =     122   No. f-s =    2149   No. J-s =       3   No. LU-s =      24
  No. nonlinear iterations =     142
  No. nonlinear convergence failures =       0
  No. error test failures =       1
  Last step size used =    0.30718E+07
  Index compenent largest error =        0

 ...   15 /1593

 No. steps =     138   No. f-s =    2173   No. J-s =       3   No. LU-s =      28
  No. nonlinear iterations =     166
  No. nonlinear convergence failures =       0
  No. error test failures =       3
  Last step size used =    0.28380E+07
  Index compenent largest error =        0

 ...   16 /1593

 No. steps =     124   No. f-s =    2156   No. J-s =       3   No. LU-s =      25
  No. nonlinear iterations =     149
  No. nonlinear convergence failures =       0
  No. error test failures =       1
  Last step size used =    0.37838E+07
  Index compenent largest error =        0

 ...   17 /1593

 No. steps =     111   No. f-s =    2136   No. J-s =       3   No. LU-s =      24
  No. nonlinear iterations =     129
  No. nonlinear convergence failures =       0
  No. error test failures =       1
  Last step size used =    0.37221E+07
  Index compenent largest error =        0

 ...   18 /1593

 No. steps =      97   No. f-s =    1449   No. J-s =       2   No. LU-s =      21
  No. nonlinear iterations =     110
  No. nonlinear convergence failures =       0
  No. error test failures =       0
  Last step size used =    0.48844E+07
  Index compenent largest error =        0

 ...   19 /1593

 No. steps =      92   No. f-s =    1443   No. J-s =       2   No. LU-s =      22
  No. nonlinear iterations =     104
  No. nonlinear convergence failures =       0
  No. error test failures =       0
  Last step size used =    0.50965E+07
  Index compenent largest error =        0

 ...   20 /1593

 No. steps =      99   No. f-s =    1452   No. J-s =       2   No. LU-s =      21
  No. nonlinear iterations =     113
  No. nonlinear convergence failures =       0
  No. error test failures =       0
  Last step size used =    0.39117E+07
  Index compenent largest error =        0

 ...   21 /1593

 No. steps =     102   No. f-s =    1452   No. J-s =       2   No. LU-s =      21
  No. nonlinear iterations =     113
  No. nonlinear convergence failures =       0
  No. error test failures =       0
  Last step size used =    0.40647E+07
  Index compenent largest error =        0

 ...   22 /1593

 No. steps =     103   No. f-s =    1455   No. J-s =       2   No. LU-s =      21
  No. nonlinear iterations =     116
  No. nonlinear convergence failures =       0
  No. error test failures =       0
  Last step size used =    0.44733E+07
  Index compenent largest error =        0

 ...   23 /1593

 No. steps =     105   No. f-s =    1457   No. J-s =       2   No. LU-s =      21
  No. nonlinear iterations =     118
  No. nonlinear convergence failures =       0
  No. error test failures =       0
  Last step size used =    0.45555E+07
  Index compenent largest error =        0

 ...   24 /1593

 No. steps =     103   No. f-s =    1453   No. J-s =       2   No. LU-s =      21
  No. nonlinear iterations =     114
  No. nonlinear convergence failures =       0
  No. error test failures =       0
  Last step size used =    0.35421E+07
  Index compenent largest error =        0

 ...   25 /1593

 No. steps =     102   No. f-s =    1451   No. J-s =       2   No. LU-s =      21
  No. nonlinear iterations =     112
  No. nonlinear convergence failures =       0
  No. error test failures =       0
  Last step size used =    0.39441E+07
  Index compenent largest error =        0

 ...   26 /1593

 No. steps =      99   No. f-s =    1449   No. J-s =       2   No. LU-s =      21
  No. nonlinear iterations =     110
  No. nonlinear convergence failures =       0
  No. error test failures =       0
  Last step size used =    0.47651E+07
  Index compenent largest error =        0

 ...   27 /1593

 No. steps =      99   No. f-s =    1450   No. J-s =       2   No. LU-s =      20
  No. nonlinear iterations =     111
  No. nonlinear convergence failures =       0
  No. error test failures =       0
  Last step size used =    0.34618E+07
  Index compenent largest error =        0

 ...   28 /1593

 No. steps =      97   No. f-s =    1448   No. J-s =       2   No. LU-s =      20
  No. nonlinear iterations =     109
  No. nonlinear convergence failures =       0
  No. error test failures =       0
  Last step size used =    0.39773E+07
  Index compenent largest error =        0

 ...   29 /1593

 No. steps =      95   No. f-s =    1445   No. J-s =       2   No. LU-s =      19
  No. nonlinear iterations =     106
  No. nonlinear convergence failures =       0
  No. error test failures =       0
  Last step size used =    0.39417E+07
  Index compenent largest error =        0

 ...   30 /1593

 No. steps =      93   No. f-s =    1443   No. J-s =       2   No. LU-s =      19
  No. nonlinear iterations =     104
  No. nonlinear convergence failures =       0
  No. error test failures =       0
  Last step size used =    0.42915E+07
  Index compenent largest error =        0

 ...   31 /1593

 No. steps =      92   No. f-s =    1443   No. J-s =       2   No. LU-s =      19
  No. nonlinear iterations =     104
  No. nonlinear convergence failures =       0
  No. error test failures =       0
  Last step size used =    0.45133E+07
  Index compenent largest error =        0

 ...   32 /1593

 No. steps =      90   No. f-s =    1441   No. J-s =       2   No. LU-s =      19
  No. nonlinear iterations =     102
  No. nonlinear convergence failures =       0
  No. error test failures =       0
  Last step size used =    0.54559E+07
  Index compenent largest error =        0

 ...   33 /1593

 No. steps =      87   No. f-s =    1436   No. J-s =       2   No. LU-s =      19
  No. nonlinear iterations =      97
  No. nonlinear convergence failures =       0
  No. error test failures =       0
  Last step size used =    0.55281E+07
  Index compenent largest error =        0

 ...   34 /1593

 No. steps =      87   No. f-s =    1436   No. J-s =       2   No. LU-s =      19
  No. nonlinear iterations =      97
  No. nonlinear convergence failures =       0
  No. error test failures =       0
  Last step size used =    0.38431E+07
  Index compenent largest error =        0

 ...   35 /1593

 No. steps =      85   No. f-s =    1434   No. J-s =       2   No. LU-s =      19
  No. nonlinear iterations =      95
  No. nonlinear convergence failures =       0
  No. error test failures =       0
  Last step size used =    0.43071E+07
  Index compenent largest error =        0

 ...   36 /1593

 No. steps =      86   No. f-s =    1434   No. J-s =       2   No. LU-s =      19
  No. nonlinear iterations =      95
  No. nonlinear convergence failures =       0
  No. error test failures =       0
  Last step size used =    0.46755E+07
  Index compenent largest error =        0

 ...   37 /1593

 No. steps =      85   No. f-s =    1432   No. J-s =       2   No. LU-s =      20
  No. nonlinear iterations =      93
  No. nonlinear convergence failures =       0
  No. error test failures =       0
  Last step size used =    0.72609E+07
  Index compenent largest error =        0

 ...   38 /1593

 No. steps =      85   No. f-s =    1432   No. J-s =       2   No. LU-s =      20
  No. nonlinear iterations =      93
  No. nonlinear convergence failures =       0
  No. error test failures =       0
  Last step size used =    0.79749E+07
  Index compenent largest error =        0

 ...   39 /1593

 No. steps =      84   No. f-s =    1430   No. J-s =       2   No. LU-s =      19
  No. nonlinear iterations =      91
  No. nonlinear convergence failures =       0
  No. error test failures =       0
  Last step size used =    0.52911E+07
  Index compenent largest error =        0

 ...   40 /1593

 No. steps =      80   No. f-s =    1430   No. J-s =       2   No. LU-s =      18
  No. nonlinear iterations =      91
  No. nonlinear convergence failures =       0
  No. error test failures =       0
  Last step size used =    0.44749E+07
  Index compenent largest error =        0

 ...   41 /1593

 No. steps =      79   No. f-s =    1428   No. J-s =       2   No. LU-s =      18
  No. nonlinear iterations =      89
  No. nonlinear convergence failures =       0
  No. error test failures =       0
  Last step size used =    0.49393E+07
  Index compenent largest error =        0

 ...   42 /1593

 No. steps =      78   No. f-s =    1427   No. J-s =       2   No. LU-s =      18
  No. nonlinear iterations =      88
  No. nonlinear convergence failures =       0
  No. error test failures =       0
  Last step size used =    0.52121E+07
  Index compenent largest error =        0

 ...   43 /1593

 No. steps =      76   No. f-s =    1424   No. J-s =       2   No. LU-s =      17
  No. nonlinear iterations =      85
  No. nonlinear convergence failures =       0
  No. error test failures =       0
  Last step size used =    0.36808E+07
  Index compenent largest error =        0

 ...   44 /1593

 No. steps =      75   No. f-s =    1427   No. J-s =       2   No. LU-s =      17
  No. nonlinear iterations =      88
  No. nonlinear convergence failures =       0
  No. error test failures =       0
  Last step size used =    0.39910E+07
  Index compenent largest error =        0

 ...   45 /1593

 No. steps =      75   No. f-s =    1427   No. J-s =       2   No. LU-s =      17
  No. nonlinear iterations =      88
  No. nonlinear convergence failures =       0
  No. error test failures =       0
  Last step size used =    0.41034E+07
  Index compenent largest error =        0

 ...   46 /1593

 No. steps =      73   No. f-s =    1424   No. J-s =       2   No. LU-s =      16
  No. nonlinear iterations =      85
  No. nonlinear convergence failures =       0
  No. error test failures =       0
  Last step size used =    0.42242E+07
  Index compenent largest error =        0

 ...   47 /1593

 No. steps =      73   No. f-s =    1424   No. J-s =       2   No. LU-s =      16
  No. nonlinear iterations =      85
  No. nonlinear convergence failures =       0
  No. error test failures =       0
  Last step size used =    0.35628E+07
  Index compenent largest error =        0

 ...   48 /1593

 No. steps =      72   No. f-s =    1423   No. J-s =       2   No. LU-s =      16
  No. nonlinear iterations =      84
  No. nonlinear convergence failures =       0
  No. error test failures =       0
  Last step size used =    0.47600E+07
  Index compenent largest error =        0

 ...   49 /1593

 No. steps =      71   No. f-s =    1422   No. J-s =       2   No. LU-s =      16
  No. nonlinear iterations =      83
  No. nonlinear convergence failures =       0
  No. error test failures =       0
  Last step size used =    0.50970E+07
  Index compenent largest error =        0

 ...   50 /1593

 No. steps =      70   No. f-s =    1418   No. J-s =       2   No. LU-s =      16
  No. nonlinear iterations =      79
  No. nonlinear convergence failures =       0
  No. error test failures =       0
  Last step size used =    0.38706E+07
  Index compenent largest error =        0

 ...   51 /1593

 No. steps =      69   No. f-s =    1418   No. J-s =       2   No. LU-s =      16
  No. nonlinear iterations =      79
  No. nonlinear convergence failures =       0
  No. error test failures =       0
  Last step size used =    0.41198E+07
  Index compenent largest error =        0

 ...   52 /1593

 No. steps =      65   No. f-s =    1414   No. J-s =       2   No. LU-s =      16
  No. nonlinear iterations =      75
  No. nonlinear convergence failures =       0
  No. error test failures =       0
  Last step size used =    0.49030E+07
  Index compenent largest error =        0

 ...   53 /1593

 No. steps =      65   No. f-s =    1414   No. J-s =       2   No. LU-s =      16
  No. nonlinear iterations =      75
  No. nonlinear convergence failures =       0
  No. error test failures =       0
  Last step size used =    0.47442E+07
  Index compenent largest error =        0

 ...   54 /1593

 No. steps =      67   No. f-s =    1416   No. J-s =       2   No. LU-s =      16
  No. nonlinear iterations =      77
  No. nonlinear convergence failures =       0
  No. error test failures =       0
  Last step size used =    0.47281E+07
  Index compenent largest error =        0

 ...   55 /1593

 No. steps =      63   No. f-s =    1410   No. J-s =       2   No. LU-s =      15
  No. nonlinear iterations =      71
  No. nonlinear convergence failures =       0
  No. error test failures =       0
  Last step size used =    0.45092E+07
  Index compenent largest error =        0

 ...   56 /1593

 No. steps =      63   No. f-s =    1410   No. J-s =       2   No. LU-s =      15
  No. nonlinear iterations =      71
  No. nonlinear convergence failures =       0
  No. error test failures =       0
  Last step size used =    0.43176E+07
  Index compenent largest error =        0

 ...   57 /1593

 No. steps =      64   No. f-s =    1410   No. J-s =       2   No. LU-s =      15
  No. nonlinear iterations =      71
  No. nonlinear convergence failures =       0
  No. error test failures =       0
  Last step size used =    0.54363E+07
  Index compenent largest error =        0

 ...   58 /1593

 No. steps =      62   No. f-s =    1409   No. J-s =       2   No. LU-s =      15
  No. nonlinear iterations =      70
  No. nonlinear convergence failures =       0
  No. error test failures =       0
  Last step size used =    0.50222E+07
  Index compenent largest error =        0

 ...   59 /1593

 No. steps =      61   No. f-s =    1408   No. J-s =       2   No. LU-s =      15
  No. nonlinear iterations =      69
  No. nonlinear convergence failures =       0
  No. error test failures =       0
  Last step size used =    0.53842E+07
  Index compenent largest error =        0

 ...   60 /1593

 No. steps =      61   No. f-s =    1408   No. J-s =       2   No. LU-s =      15
  No. nonlinear iterations =      69
  No. nonlinear convergence failures =       0
  No. error test failures =       0
  Last step size used =    0.55691E+07
  Index compenent largest error =        0

 ...   61 /1593

 No. steps =      60   No. f-s =    1407   No. J-s =       2   No. LU-s =      15
  No. nonlinear iterations =      68
  No. nonlinear convergence failures =       0
  No. error test failures =       0
  Last step size used =    0.59559E+07
  Index compenent largest error =        0

 ...   62 /1593

 No. steps =      58   No. f-s =    1404   No. J-s =       2   No. LU-s =      14
  No. nonlinear iterations =      65
  No. nonlinear convergence failures =       0
  No. error test failures =       0
  Last step size used =    0.45702E+07
  Index compenent largest error =        0

 ...   63 /1593

 No. steps =      58   No. f-s =    1404   No. J-s =       2   No. LU-s =      14
  No. nonlinear iterations =      65
  No. nonlinear convergence failures =       0
  No. error test failures =       0
  Last step size used =    0.45539E+07
  Index compenent largest error =        0

 ...   64 /1593

 No. steps =      58   No. f-s =    1404   No. J-s =       2   No. LU-s =      14
  No. nonlinear iterations =      65
  No. nonlinear convergence failures =       0
  No. error test failures =       0
  Last step size used =    0.46160E+07
  Index compenent largest error =        0

 ...   65 /1593

 No. steps =      60   No. f-s =    1407   No. J-s =       2   No. LU-s =      15
  No. nonlinear iterations =      68
  No. nonlinear convergence failures =       0
  No. error test failures =       0
  Last step size used =    0.58070E+07
  Index compenent largest error =        0

 ...   66 /1593

 No. steps =      57   No. f-s =    1403   No. J-s =       2   No. LU-s =      14
  No. nonlinear iterations =      64
  No. nonlinear convergence failures =       0
  No. error test failures =       0
  Last step size used =    0.52019E+07
  Index compenent largest error =        0

 ...   67 /1593

 No. steps =      57   No. f-s =    1403   No. J-s =       2   No. LU-s =      14
  No. nonlinear iterations =      64
  No. nonlinear convergence failures =       0
  No. error test failures =       0
  Last step size used =    0.52804E+07
  Index compenent largest error =        0

 ...   68 /1593

 No. steps =      56   No. f-s =    1403   No. J-s =       2   No. LU-s =      14
  No. nonlinear iterations =      64
  No. nonlinear convergence failures =       0
  No. error test failures =       0
  Last step size used =    0.54692E+07
  Index compenent largest error =        0

 ...   69 /1593

 No. steps =      56   No. f-s =    1403   No. J-s =       2   No. LU-s =      14
  No. nonlinear iterations =      64
  No. nonlinear convergence failures =       0
  No. error test failures =       0
  Last step size used =    0.53815E+07
  Index compenent largest error =        0

 ...   70 /1593

 No. steps =      57   No. f-s =    1404   No. J-s =       2   No. LU-s =      14
  No. nonlinear iterations =      65
  No. nonlinear convergence failures =       0
  No. error test failures =       0
  Last step size used =    0.48144E+07
  Index compenent largest error =        0

 ...   71 /1593

 No. steps =      56   No. f-s =    1403   No. J-s =       2   No. LU-s =      14
  No. nonlinear iterations =      64
  No. nonlinear convergence failures =       0
  No. error test failures =       0
  Last step size used =    0.57499E+07
  Index compenent largest error =        0

 ...   72 /1593

 No. steps =      56   No. f-s =    1402   No. J-s =       2   No. LU-s =      14
  No. nonlinear iterations =      63
  No. nonlinear convergence failures =       0
  No. error test failures =       0
  Last step size used =    0.50504E+07
  Index compenent largest error =        0

 ...   73 /1593

 No. steps =      52   No. f-s =     730   No. J-s =       1   No. LU-s =      14
  No. nonlinear iterations =      59
  No. nonlinear convergence failures =       0
  No. error test failures =       0
  Last step size used =    0.59519E+07
  Index compenent largest error =        0

 ...   74 /1593

 No. steps =      57   No. f-s =    1403   No. J-s =       2   No. LU-s =      14
  No. nonlinear iterations =      64
  No. nonlinear convergence failures =       0
  No. error test failures =       0
  Last step size used =    0.49472E+07
  Index compenent largest error =        0

 ...   75 /1593

 No. steps =      57   No. f-s =    1407   No. J-s =       2   No. LU-s =      15
  No. nonlinear iterations =      68
  No. nonlinear convergence failures =       0
  No. error test failures =       0
  Last step size used =    0.61093E+07
  Index compenent largest error =        0

 ...   76 /1593

 No. steps =      55   No. f-s =    1401   No. J-s =       2   No. LU-s =      13
  No. nonlinear iterations =      62
  No. nonlinear convergence failures =       0
  No. error test failures =       0
  Last step size used =    0.44657E+07
  Index compenent largest error =        0

 ...   77 /1593

 No. steps =      55   No. f-s =    1401   No. J-s =       2   No. LU-s =      14
  No. nonlinear iterations =      62
  No. nonlinear convergence failures =       0
  No. error test failures =       0
  Last step size used =    0.60296E+07
  Index compenent largest error =        0

 ...   78 /1593

 No. steps =      55   No. f-s =    1401   No. J-s =       2   No. LU-s =      13
  No. nonlinear iterations =      62
  No. nonlinear convergence failures =       0
  No. error test failures =       0
  Last step size used =    0.44672E+07
  Index compenent largest error =        0

 ...   79 /1593

 No. steps =      55   No. f-s =    1401   No. J-s =       2   No. LU-s =      13
  No. nonlinear iterations =      62
  No. nonlinear convergence failures =       0
  No. error test failures =       0
  Last step size used =    0.47798E+07
  Index compenent largest error =        0

 ...   80 /1593

 No. steps =      55   No. f-s =    1401   No. J-s =       2   No. LU-s =      13
  No. nonlinear iterations =      62
  No. nonlinear convergence failures =       0
  No. error test failures =       0
  Last step size used =    0.48788E+07
  Index compenent largest error =        0

 ...   81 /1593

 No. steps =      55   No. f-s =    1401   No. J-s =       2   No. LU-s =      13
  No. nonlinear iterations =      62
  No. nonlinear convergence failures =       0
  No. error test failures =       0
  Last step size used =    0.46254E+07
  Index compenent largest error =        0

 ...   82 /1593

 No. steps =      55   No. f-s =    1401   No. J-s =       2   No. LU-s =      13
  No. nonlinear iterations =      62
  No. nonlinear convergence failures =       0
  No. error test failures =       0
  Last step size used =    0.45341E+07
  Index compenent largest error =        0

 ...   83 /1593

 No. steps =      53   No. f-s =    1400   No. J-s =       2   No. LU-s =      14
  No. nonlinear iterations =      61
  No. nonlinear convergence failures =       0
  No. error test failures =       0
  Last step size used =    0.68216E+07
  Index compenent largest error =        0

 ...   84 /1593

 No. steps =      50   No. f-s =     727   No. J-s =       1   No. LU-s =      14
  No. nonlinear iterations =      56
  No. nonlinear convergence failures =       0
  No. error test failures =       0
  Last step size used =    0.62925E+07
  Index compenent largest error =        0

 ...   85 /1593

 No. steps =      54   No. f-s =    1400   No. J-s =       2   No. LU-s =      13
  No. nonlinear iterations =      61
  No. nonlinear convergence failures =       0
  No. error test failures =       0
  Last step size used =    0.49554E+07
  Index compenent largest error =        0

 ...   86 /1593

 No. steps =      57   No. f-s =    1403   No. J-s =       2   No. LU-s =      14
  No. nonlinear iterations =      64
  No. nonlinear convergence failures =       0
  No. error test failures =       0
  Last step size used =    0.59158E+07
  Index compenent largest error =        0

 ...   87 /1593

 No. steps =      54   No. f-s =    1400   No. J-s =       2   No. LU-s =      13
  No. nonlinear iterations =      61
  No. nonlinear convergence failures =       0
  No. error test failures =       0
  Last step size used =    0.53526E+07
  Index compenent largest error =        0

 ...   88 /1593

 No. steps =      56   No. f-s =    1402   No. J-s =       2   No. LU-s =      14
  No. nonlinear iterations =      63
  No. nonlinear convergence failures =       0
  No. error test failures =       0
  Last step size used =    0.64973E+07
  Index compenent largest error =        0

 ...   89 /1593

 No. steps =      51   No. f-s =     730   No. J-s =       1   No. LU-s =      13
  No. nonlinear iterations =      59
  No. nonlinear convergence failures =       0
  No. error test failures =       0
  Last step size used =    0.51128E+07
  Index compenent largest error =        0

 ...   90 /1593

 No. steps =      54   No. f-s =    1400   No. J-s =       2   No. LU-s =      13
  No. nonlinear iterations =      61
  No. nonlinear convergence failures =       0
  No. error test failures =       0
  Last step size used =    0.52857E+07
  Index compenent largest error =        0

 ...   91 /1593

 No. steps =      54   No. f-s =    1400   No. J-s =       2   No. LU-s =      13
  No. nonlinear iterations =      61
  No. nonlinear convergence failures =       0
  No. error test failures =       0
  Last step size used =    0.52765E+07
  Index compenent largest error =        0

 ...   92 /1593

 No. steps =      49   No. f-s =     729   No. J-s =       1   No. LU-s =      13
  No. nonlinear iterations =      58
  No. nonlinear convergence failures =       0
  No. error test failures =       0
  Last step size used =    0.64831E+07
  Index compenent largest error =        0

 ...   93 /1593

 No. steps =      53   No. f-s =    1399   No. J-s =       2   No. LU-s =      13
  No. nonlinear iterations =      60
  No. nonlinear convergence failures =       0
  No. error test failures =       0
  Last step size used =    0.52864E+07
  Index compenent largest error =        0

 ...   94 /1593

 No. steps =      53   No. f-s =     734   No. J-s =       1   No. LU-s =      13
  No. nonlinear iterations =      63
  No. nonlinear convergence failures =       0
  No. error test failures =       0
  Last step size used =    0.44267E+07
  Index compenent largest error =        0

 ...   95 /1593

 No. steps =      51   No. f-s =     729   No. J-s =       1   No. LU-s =      13
  No. nonlinear iterations =      58
  No. nonlinear convergence failures =       0
  No. error test failures =       0
  Last step size used =    0.50697E+07
  Index compenent largest error =        0

 ...   96 /1593

 No. steps =      52   No. f-s =    1398   No. J-s =       2   No. LU-s =      13
  No. nonlinear iterations =      59
  No. nonlinear convergence failures =       0
  No. error test failures =       0
  Last step size used =    0.59359E+07
  Index compenent largest error =        0

 ...   97 /1593

 No. steps =      55   No. f-s =    1402   No. J-s =       2   No. LU-s =      13
  No. nonlinear iterations =      63
  No. nonlinear convergence failures =       0
  No. error test failures =       0
  Last step size used =    0.57717E+07
  Index compenent largest error =        0

 ...   98 /1593

 No. steps =      52   No. f-s =    1399   No. J-s =       2   No. LU-s =      13
  No. nonlinear iterations =      60
  No. nonlinear convergence failures =       0
  No. error test failures =       0
  Last step size used =    0.61129E+07
  Index compenent largest error =        0

 ...   99 /1593

 No. steps =      52   No. f-s =     730   No. J-s =       1   No. LU-s =      12
  No. nonlinear iterations =      59
  No. nonlinear convergence failures =       0
  No. error test failures =       0
  Last step size used =    0.41832E+07
  Index compenent largest error =        0

 ...  100 /1593

 No. steps =      51   No. f-s =     730   No. J-s =       1   No. LU-s =      12
  No. nonlinear iterations =      59
  No. nonlinear convergence failures =       0
  No. error test failures =       0
  Last step size used =    0.45884E+07
  Index compenent largest error =        0

 ...  101 /1593

 No. steps =      51   No. f-s =     730   No. J-s =       1   No. LU-s =      12
  No. nonlinear iterations =      59
  No. nonlinear convergence failures =       0
  No. error test failures =       0
  Last step size used =    0.45792E+07
  Index compenent largest error =        0

 ...  102 /1593

 No. steps =      51   No. f-s =     730   No. J-s =       1   No. LU-s =      12
  No. nonlinear iterations =      59
  No. nonlinear convergence failures =       0
  No. error test failures =       0
  Last step size used =    0.45621E+07
  Index compenent largest error =        0

 ...  103 /1593

 No. steps =      52   No. f-s =     729   No. J-s =       1   No. LU-s =      12
  No. nonlinear iterations =      58
  No. nonlinear convergence failures =       0
  No. error test failures =       0
  Last step size used =    0.48887E+07
  Index compenent largest error =        0

 ...  104 /1593

 No. steps =      52   No. f-s =     729   No. J-s =       1   No. LU-s =      12
  No. nonlinear iterations =      58
  No. nonlinear convergence failures =       0
  No. error test failures =       0
  Last step size used =    0.51284E+07
  Index compenent largest error =        0

 ...  105 /1593

 No. steps =      52   No. f-s =     729   No. J-s =       1   No. LU-s =      12
  No. nonlinear iterations =      58
  No. nonlinear convergence failures =       0
  No. error test failures =       0
  Last step size used =    0.50535E+07
  Index compenent largest error =        0

 ...  106 /1593

 No. steps =      52   No. f-s =     729   No. J-s =       1   No. LU-s =      12
  No. nonlinear iterations =      58
  No. nonlinear convergence failures =       0
  No. error test failures =       0
  Last step size used =    0.52290E+07
  Index compenent largest error =        0

 ...  107 /1593

 No. steps =      51   No. f-s =     728   No. J-s =       1   No. LU-s =      12
  No. nonlinear iterations =      57
  No. nonlinear convergence failures =       0
  No. error test failures =       0
  Last step size used =    0.56576E+07
  Index compenent largest error =        0

 ...  108 /1593

 No. steps =      51   No. f-s =     728   No. J-s =       1   No. LU-s =      12
  No. nonlinear iterations =      57
  No. nonlinear convergence failures =       0
  No. error test failures =       0
  Last step size used =    0.57566E+07
  Index compenent largest error =        0

 ...  109 /1593

 No. steps =      51   No. f-s =     728   No. J-s =       1   No. LU-s =      12
  No. nonlinear iterations =      57
  No. nonlinear convergence failures =       0
  No. error test failures =       0
  Last step size used =    0.58233E+07
  Index compenent largest error =        0

 ...  110 /1593

 No. steps =      51   No. f-s =     729   No. J-s =       1   No. LU-s =      12
  No. nonlinear iterations =      58
  No. nonlinear convergence failures =       0
  No. error test failures =       0
  Last step size used =    0.39507E+07
  Index compenent largest error =        0

 ...  111 /1593

 No. steps =      51   No. f-s =     729   No. J-s =       1   No. LU-s =      12
  No. nonlinear iterations =      58
  No. nonlinear convergence failures =       0
  No. error test failures =       0
  Last step size used =    0.40915E+07
  Index compenent largest error =        0

 ...  112 /1593

 No. steps =      50   No. f-s =     727   No. J-s =       1   No. LU-s =      12
  No. nonlinear iterations =      56
  No. nonlinear convergence failures =       0
  No. error test failures =       0
  Last step size used =    0.62871E+07
  Index compenent largest error =        0

 ...  113 /1593

 No. steps =      51   No. f-s =     729   No. J-s =       1   No. LU-s =      12
  No. nonlinear iterations =      58
  No. nonlinear convergence failures =       0
  No. error test failures =       0
  Last step size used =    0.42039E+07
  Index compenent largest error =        0

 ...  114 /1593

 No. steps =      50   No. f-s =     727   No. J-s =       1   No. LU-s =      12
  No. nonlinear iterations =      56
  No. nonlinear convergence failures =       0
  No. error test failures =       0
  Last step size used =    0.63694E+07
  Index compenent largest error =        0

 ...  115 /1593

 No. steps =      50   No. f-s =     727   No. J-s =       1   No. LU-s =      12
  No. nonlinear iterations =      56
  No. nonlinear convergence failures =       0
  No. error test failures =       0
  Last step size used =    0.67731E+07
  Index compenent largest error =        0

 ...  116 /1593

 No. steps =      49   No. f-s =     726   No. J-s =       1   No. LU-s =      11
  No. nonlinear iterations =      55
  No. nonlinear convergence failures =       0
  No. error test failures =       0
  Last step size used =    0.40998E+07
  Index compenent largest error =        0

 ...  117 /1593

 No. steps =      49   No. f-s =     727   No. J-s =       1   No. LU-s =      12
  No. nonlinear iterations =      56
  No. nonlinear convergence failures =       0
  No. error test failures =       0
  Last step size used =    0.46390E+07
  Index compenent largest error =        0

 ...  118 /1593

 No. steps =      49   No. f-s =     726   No. J-s =       1   No. LU-s =      11
  No. nonlinear iterations =      55
  No. nonlinear convergence failures =       0
  No. error test failures =       0
  Last step size used =    0.42659E+07
  Index compenent largest error =        0

 ...  119 /1593

 No. steps =      49   No. f-s =     726   No. J-s =       1   No. LU-s =      12
  No. nonlinear iterations =      55
  No. nonlinear convergence failures =       0
  No. error test failures =       0
  Last step size used =    0.59980E+07
  Index compenent largest error =        0

 ...  120 /1593

 No. steps =      48   No. f-s =     725   No. J-s =       1   No. LU-s =      12
  No. nonlinear iterations =      54
  No. nonlinear convergence failures =       0
  No. error test failures =       0
  Last step size used =    0.62799E+07
  Index compenent largest error =        0

 ...  121 /1593

 No. steps =      47   No. f-s =     725   No. J-s =       1   No. LU-s =      11
  No. nonlinear iterations =      54
  No. nonlinear convergence failures =       0
  No. error test failures =       0
  Last step size used =    0.54001E+07
  Index compenent largest error =        0

 ...  122 /1593

 No. steps =      46   No. f-s =     724   No. J-s =       1   No. LU-s =      11
  No. nonlinear iterations =      53
  No. nonlinear convergence failures =       0
  No. error test failures =       0
  Last step size used =    0.53961E+07
  Index compenent largest error =        0

 ...  123 /1593

 No. steps =      46   No. f-s =     724   No. J-s =       1   No. LU-s =      11
  No. nonlinear iterations =      53
  No. nonlinear convergence failures =       0
  No. error test failures =       0
  Last step size used =    0.56970E+07
  Index compenent largest error =        0

 ...  124 /1593

 No. steps =      46   No. f-s =     724   No. J-s =       1   No. LU-s =      11
  No. nonlinear iterations =      53
  No. nonlinear convergence failures =       0
  No. error test failures =       0
  Last step size used =    0.55444E+07
  Index compenent largest error =        0

 ...  125 /1593

 No. steps =      47   No. f-s =     724   No. J-s =       1   No. LU-s =      11
  No. nonlinear iterations =      53
  No. nonlinear convergence failures =       0
  No. error test failures =       0
  Last step size used =    0.48326E+07
  Index compenent largest error =        0

 ...  126 /1593

 No. steps =      46   No. f-s =     724   No. J-s =       1   No. LU-s =      11
  No. nonlinear iterations =      53
  No. nonlinear convergence failures =       0
  No. error test failures =       0
  Last step size used =    0.58037E+07
  Index compenent largest error =        0

 ...  127 /1593

 No. steps =      45   No. f-s =     723   No. J-s =       1   No. LU-s =      11
  No. nonlinear iterations =      52
  No. nonlinear convergence failures =       0
  No. error test failures =       0
  Last step size used =    0.64375E+07
  Index compenent largest error =        0

 ...  128 /1593

 No. steps =      46   No. f-s =     723   No. J-s =       1   No. LU-s =      11
  No. nonlinear iterations =      52
  No. nonlinear convergence failures =       0
  No. error test failures =       0
  Last step size used =    0.54348E+07
  Index compenent largest error =        0

 ...  129 /1593

 No. steps =      45   No. f-s =     723   No. J-s =       1   No. LU-s =      11
  No. nonlinear iterations =      52
  No. nonlinear convergence failures =       0
  No. error test failures =       0
  Last step size used =    0.60910E+07
  Index compenent largest error =        0

 ...  130 /1593

 No. steps =      46   No. f-s =     723   No. J-s =       1   No. LU-s =      11
  No. nonlinear iterations =      52
  No. nonlinear convergence failures =       0
  No. error test failures =       0
  Last step size used =    0.59046E+07
  Index compenent largest error =        0

 ...  131 /1593

 No. steps =      45   No. f-s =     722   No. J-s =       1   No. LU-s =      11
  No. nonlinear iterations =      51
  No. nonlinear convergence failures =       0
  No. error test failures =       0
  Last step size used =    0.61700E+07
  Index compenent largest error =        0

 ...  132 /1593

 No. steps =      45   No. f-s =     722   No. J-s =       1   No. LU-s =      11
  No. nonlinear iterations =      51
  No. nonlinear convergence failures =       0
  No. error test failures =       0
  Last step size used =    0.65273E+07
  Index compenent largest error =        0

 ...  133 /1593

 No. steps =      45   No. f-s =     722   No. J-s =       1   No. LU-s =      11
  No. nonlinear iterations =      51
  No. nonlinear convergence failures =       0
  No. error test failures =       0
  Last step size used =    0.67647E+07
  Index compenent largest error =        0

 ...  134 /1593

 No. steps =      45   No. f-s =     722   No. J-s =       1   No. LU-s =      11
  No. nonlinear iterations =      51
  No. nonlinear convergence failures =       0
  No. error test failures =       0
  Last step size used =    0.68057E+07
  Index compenent largest error =        0

 ...  135 /1593

 No. steps =      45   No. f-s =     722   No. J-s =       1   No. LU-s =      11
  No. nonlinear iterations =      51
  No. nonlinear convergence failures =       0
  No. error test failures =       0
  Last step size used =    0.68713E+07
  Index compenent largest error =        0

 ...  136 /1593

 No. steps =      44   No. f-s =     721   No. J-s =       1   No. LU-s =      10
  No. nonlinear iterations =      50
  No. nonlinear convergence failures =       0
  No. error test failures =       0
  Last step size used =    0.42421E+07
  Index compenent largest error =        0

 ...  137 /1593

 No. steps =      44   No. f-s =     721   No. J-s =       1   No. LU-s =      10
  No. nonlinear iterations =      50
  No. nonlinear convergence failures =       0
  No. error test failures =       0
  Last step size used =    0.41382E+07
  Index compenent largest error =        0

 ...  138 /1593

 No. steps =      44   No. f-s =     721   No. J-s =       1   No. LU-s =      10
  No. nonlinear iterations =      50
  No. nonlinear convergence failures =       0
  No. error test failures =       0
  Last step size used =    0.43583E+07
  Index compenent largest error =        0

 ...  139 /1593

 No. steps =      44   No. f-s =     721   No. J-s =       1   No. LU-s =      10
  No. nonlinear iterations =      50
  No. nonlinear convergence failures =       0
  No. error test failures =       0
  Last step size used =    0.42794E+07
  Index compenent largest error =        0

 ...  140 /1593

 No. steps =      43   No. f-s =     720   No. J-s =       1   No. LU-s =      10
  No. nonlinear iterations =      49
  No. nonlinear convergence failures =       0
  No. error test failures =       0
  Last step size used =    0.44791E+07
  Index compenent largest error =        0

 ...  141 /1593

 No. steps =      43   No. f-s =     720   No. J-s =       1   No. LU-s =      10
  No. nonlinear iterations =      49
  No. nonlinear convergence failures =       0
  No. error test failures =       0
  Last step size used =    0.45790E+07
  Index compenent largest error =        0

 ...  142 /1593

 No. steps =      43   No. f-s =     720   No. J-s =       1   No. LU-s =      10
  No. nonlinear iterations =      49
  No. nonlinear convergence failures =       0
  No. error test failures =       0
  Last step size used =    0.46632E+07
  Index compenent largest error =        0

 ...  143 /1593

 No. steps =      42   No. f-s =     719   No. J-s =       1   No. LU-s =      10
  No. nonlinear iterations =      48
  No. nonlinear convergence failures =       0
  No. error test failures =       0
  Last step size used =    0.49835E+07
  Index compenent largest error =        0

 ...  144 /1593

 No. steps =      42   No. f-s =     719   No. J-s =       1   No. LU-s =      10
  No. nonlinear iterations =      48
  No. nonlinear convergence failures =       0
  No. error test failures =       0
  Last step size used =    0.50065E+07
  Index compenent largest error =        0

 ...  145 /1593

 No. steps =      42   No. f-s =     719   No. J-s =       1   No. LU-s =      10
  No. nonlinear iterations =      48
  No. nonlinear convergence failures =       0
  No. error test failures =       0
  Last step size used =    0.51248E+07
  Index compenent largest error =        0

 ...  146 /1593

 No. steps =      42   No. f-s =     719   No. J-s =       1   No. LU-s =      10
  No. nonlinear iterations =      48
  No. nonlinear convergence failures =       0
  No. error test failures =       0
  Last step size used =    0.52704E+07
  Index compenent largest error =        0

 ...  147 /1593

 No. steps =      41   No. f-s =     718   No. J-s =       1   No. LU-s =      10
  No. nonlinear iterations =      47
  No. nonlinear convergence failures =       0
  No. error test failures =       0
  Last step size used =    0.55133E+07
  Index compenent largest error =        0

 ...  148 /1593

 No. steps =      41   No. f-s =     718   No. J-s =       1   No. LU-s =      10
  No. nonlinear iterations =      47
  No. nonlinear convergence failures =       0
  No. error test failures =       0
  Last step size used =    0.55988E+07
  Index compenent largest error =        0

 ...  149 /1593

 No. steps =      41   No. f-s =     718   No. J-s =       1   No. LU-s =      10
  No. nonlinear iterations =      47
  No. nonlinear convergence failures =       0
  No. error test failures =       0
  Last step size used =    0.56650E+07
  Index compenent largest error =        0

 ...  150 /1593

 No. steps =      41   No. f-s =     718   No. J-s =       1   No. LU-s =      10
  No. nonlinear iterations =      47
  No. nonlinear convergence failures =       0
  No. error test failures =       0
  Last step size used =    0.56785E+07
  Index compenent largest error =        0

 ...  151 /1593

 No. steps =      41   No. f-s =     718   No. J-s =       1   No. LU-s =      10
  No. nonlinear iterations =      47
  No. nonlinear convergence failures =       0
  No. error test failures =       0
  Last step size used =    0.57525E+07
  Index compenent largest error =        0

 ...  152 /1593

 No. steps =      41   No. f-s =     718   No. J-s =       1   No. LU-s =      10
  No. nonlinear iterations =      47
  No. nonlinear convergence failures =       0
  No. error test failures =       0
  Last step size used =    0.59234E+07
  Index compenent largest error =        0

 ...  153 /1593

 No. steps =      40   No. f-s =     717   No. J-s =       1   No. LU-s =      10
  No. nonlinear iterations =      46
  No. nonlinear convergence failures =       0
  No. error test failures =       0
  Last step size used =    0.57115E+07
  Index compenent largest error =        0

 ...  154 /1593

 No. steps =      40   No. f-s =     717   No. J-s =       1   No. LU-s =      10
  No. nonlinear iterations =      46
  No. nonlinear convergence failures =       0
  No. error test failures =       0
  Last step size used =    0.58635E+07
  Index compenent largest error =        0

 ...  155 /1593

 No. steps =      40   No. f-s =     717   No. J-s =       1   No. LU-s =      10
  No. nonlinear iterations =      46
  No. nonlinear convergence failures =       0
  No. error test failures =       0
  Last step size used =    0.60194E+07
  Index compenent largest error =        0

 ...  156 /1593

 No. steps =      40   No. f-s =     717   No. J-s =       1   No. LU-s =      10
  No. nonlinear iterations =      46
  No. nonlinear convergence failures =       0
  No. error test failures =       0
  Last step size used =    0.60839E+07
  Index compenent largest error =        0

 ...  157 /1593

 No. steps =      40   No. f-s =     717   No. J-s =       1   No. LU-s =      10
  No. nonlinear iterations =      46
  No. nonlinear convergence failures =       0
  No. error test failures =       0
  Last step size used =    0.63056E+07
  Index compenent largest error =        0

 ...  158 /1593

 No. steps =      39   No. f-s =     716   No. J-s =       1   No. LU-s =       9
  No. nonlinear iterations =      45
  No. nonlinear convergence failures =       0
  No. error test failures =       0
  Last step size used =    0.41114E+07
  Index compenent largest error =        0

 ...  159 /1593

 No. steps =      39   No. f-s =     716   No. J-s =       1   No. LU-s =       9
  No. nonlinear iterations =      45
  No. nonlinear convergence failures =       0
  No. error test failures =       0
  Last step size used =    0.42865E+07
  Index compenent largest error =        0

 ...  160 /1593

 No. steps =      39   No. f-s =     716   No. J-s =       1   No. LU-s =       9
  No. nonlinear iterations =      45
  No. nonlinear convergence failures =       0
  No. error test failures =       0
  Last step size used =    0.42750E+07
  Index compenent largest error =        0

 ...  161 /1593

 No. steps =      38   No. f-s =     715   No. J-s =       1   No. LU-s =       9
  No. nonlinear iterations =      44
  No. nonlinear convergence failures =       0
  No. error test failures =       0
  Last step size used =    0.44278E+07
  Index compenent largest error =        0

 ...  162 /1593

 No. steps =      38   No. f-s =     715   No. J-s =       1   No. LU-s =       9
  No. nonlinear iterations =      44
  No. nonlinear convergence failures =       0
  No. error test failures =       0
  Last step size used =    0.45187E+07
  Index compenent largest error =        0

 ...  163 /1593

 No. steps =      38   No. f-s =     715   No. J-s =       1   No. LU-s =       9
  No. nonlinear iterations =      44
  No. nonlinear convergence failures =       0
  No. error test failures =       0
  Last step size used =    0.43805E+07
  Index compenent largest error =        0

 ...  164 /1593

 No. steps =      38   No. f-s =     715   No. J-s =       1   No. LU-s =       9
  No. nonlinear iterations =      44
  No. nonlinear convergence failures =       0
  No. error test failures =       0
  Last step size used =    0.46698E+07
  Index compenent largest error =        0

 ...  165 /1593

 No. steps =      38   No. f-s =     715   No. J-s =       1   No. LU-s =       9
  No. nonlinear iterations =      44
  No. nonlinear convergence failures =       0
  No. error test failures =       0
  Last step size used =    0.47815E+07
  Index compenent largest error =        0

 ...  166 /1593

 No. steps =      37   No. f-s =     714   No. J-s =       1   No. LU-s =       9
  No. nonlinear iterations =      43
  No. nonlinear convergence failures =       0
  No. error test failures =       0
  Last step size used =    0.49017E+07
  Index compenent largest error =        0

 ...  167 /1593

 No. steps =      37   No. f-s =     714   No. J-s =       1   No. LU-s =       9
  No. nonlinear iterations =      43
  No. nonlinear convergence failures =       0
  No. error test failures =       0
  Last step size used =    0.49977E+07
  Index compenent largest error =        0

 ...  168 /1593

 No. steps =      37   No. f-s =     714   No. J-s =       1   No. LU-s =       9
  No. nonlinear iterations =      43
  No. nonlinear convergence failures =       0
  No. error test failures =       0
  Last step size used =    0.50328E+07
  Index compenent largest error =        0

 ...  169 /1593

 No. steps =      37   No. f-s =     714   No. J-s =       1   No. LU-s =       9
  No. nonlinear iterations =      43
  No. nonlinear convergence failures =       0
  No. error test failures =       0
  Last step size used =    0.54053E+07
  Index compenent largest error =        0

 ...  170 /1593

 No. steps =      37   No. f-s =     714   No. J-s =       1   No. LU-s =       9
  No. nonlinear iterations =      43
  No. nonlinear convergence failures =       0
  No. error test failures =       0
  Last step size used =    0.54348E+07
  Index compenent largest error =        0

 ...  171 /1593

 No. steps =      36   No. f-s =     713   No. J-s =       1   No. LU-s =       9
  No. nonlinear iterations =      42
  No. nonlinear convergence failures =       0
  No. error test failures =       0
  Last step size used =    0.55784E+07
  Index compenent largest error =        0

 ...  172 /1593

 No. steps =      37   No. f-s =     712   No. J-s =       1   No. LU-s =       8
  No. nonlinear iterations =      41
  No. nonlinear convergence failures =       0
  No. error test failures =       0
  Last step size used =    0.55590E+07
  Index compenent largest error =        0

 ...  173 /1593

 No. steps =      37   No. f-s =     712   No. J-s =       1   No. LU-s =       8
  No. nonlinear iterations =      41
  No. nonlinear convergence failures =       0
  No. error test failures =       0
  Last step size used =    0.55859E+07
  Index compenent largest error =        0

 ...  174 /1593

 No. steps =      37   No. f-s =     712   No. J-s =       1   No. LU-s =       8
  No. nonlinear iterations =      41
  No. nonlinear convergence failures =       0
  No. error test failures =       0
  Last step size used =    0.68716E+07
  Index compenent largest error =        0

 ...  175 /1593

 No. steps =      36   No. f-s =     711   No. J-s =       1   No. LU-s =       7
  No. nonlinear iterations =      40
  No. nonlinear convergence failures =       0
  No. error test failures =       0
  Last step size used =    0.40620E+07
  Index compenent largest error =        0

 ...  176 /1593

 No. steps =      36   No. f-s =     711   No. J-s =       1   No. LU-s =       7
  No. nonlinear iterations =      40
  No. nonlinear convergence failures =       0
  No. error test failures =       0
  Last step size used =    0.41406E+07
  Index compenent largest error =        0

 ...  177 /1593

 No. steps =      36   No. f-s =     711   No. J-s =       1   No. LU-s =       7
  No. nonlinear iterations =      40
  No. nonlinear convergence failures =       0
  No. error test failures =       0
  Last step size used =    0.41916E+07
  Index compenent largest error =        0

 ...  178 /1593

 No. steps =      36   No. f-s =     711   No. J-s =       1   No. LU-s =       7
  No. nonlinear iterations =      40
  No. nonlinear convergence failures =       0
  No. error test failures =       0
  Last step size used =    0.42435E+07
  Index compenent largest error =        0

 ...  179 /1593

 No. steps =      35   No. f-s =     710   No. J-s =       1   No. LU-s =       7
  No. nonlinear iterations =      39
  No. nonlinear convergence failures =       0
  No. error test failures =       0
  Last step size used =    0.44990E+07
  Index compenent largest error =        0

 ...  180 /1593

 No. steps =      35   No. f-s =     710   No. J-s =       1   No. LU-s =       7
  No. nonlinear iterations =      39
  No. nonlinear convergence failures =       0
  No. error test failures =       0
  Last step size used =    0.44656E+07
  Index compenent largest error =        0

 ...  181 /1593

 No. steps =      35   No. f-s =     710   No. J-s =       1   No. LU-s =       7
  No. nonlinear iterations =      39
  No. nonlinear convergence failures =       0
  No. error test failures =       0
  Last step size used =    0.45336E+07
  Index compenent largest error =        0

 ...  182 /1593

 No. steps =      35   No. f-s =     710   No. J-s =       1   No. LU-s =       7
  No. nonlinear iterations =      39
  No. nonlinear convergence failures =       0
  No. error test failures =       0
  Last step size used =    0.47170E+07
  Index compenent largest error =        0

 ...  183 /1593

 No. steps =      35   No. f-s =     710   No. J-s =       1   No. LU-s =       7
  No. nonlinear iterations =      39
  No. nonlinear convergence failures =       0
  No. error test failures =       0
  Last step size used =    0.47282E+07
  Index compenent largest error =        0

 ...  184 /1593

 No. steps =      34   No. f-s =     710   No. J-s =       1   No. LU-s =       8
  No. nonlinear iterations =      39
  No. nonlinear convergence failures =       0
  No. error test failures =       0
  Last step size used =    0.59969E+07
  Index compenent largest error =        0

 ...  185 /1593

 No. steps =      34   No. f-s =     710   No. J-s =       1   No. LU-s =       8
  No. nonlinear iterations =      39
  No. nonlinear convergence failures =       0
  No. error test failures =       0
  Last step size used =    0.60795E+07
  Index compenent largest error =        0

 ...  186 /1593

 No. steps =      34   No. f-s =     710   No. J-s =       1   No. LU-s =       8
  No. nonlinear iterations =      39
  No. nonlinear convergence failures =       0
  No. error test failures =       0
  Last step size used =    0.61392E+07
  Index compenent largest error =        0

 ...  187 /1593

 No. steps =      34   No. f-s =     710   No. J-s =       1   No. LU-s =       8
  No. nonlinear iterations =      39
  No. nonlinear convergence failures =       0
  No. error test failures =       0
  Last step size used =    0.62829E+07
  Index compenent largest error =        0

 ...  188 /1593

 No. steps =      34   No. f-s =     710   No. J-s =       1   No. LU-s =       8
  No. nonlinear iterations =      39
  No. nonlinear convergence failures =       0
  No. error test failures =       0
  Last step size used =    0.62915E+07
  Index compenent largest error =        0

 ...  189 /1593

 No. steps =      34   No. f-s =     710   No. J-s =       1   No. LU-s =       8
  No. nonlinear iterations =      39
  No. nonlinear convergence failures =       0
  No. error test failures =       0
  Last step size used =    0.62929E+07
  Index compenent largest error =        0

 ...  190 /1593

 No. steps =      33   No. f-s =     709   No. J-s =       1   No. LU-s =       7
  No. nonlinear iterations =      38
  No. nonlinear convergence failures =       0
  No. error test failures =       0
  Last step size used =    0.40996E+07
  Index compenent largest error =        0

 ...  191 /1593

 No. steps =      33   No. f-s =     709   No. J-s =       1   No. LU-s =       7
  No. nonlinear iterations =      38
  No. nonlinear convergence failures =       0
  No. error test failures =       0
  Last step size used =    0.41345E+07
  Index compenent largest error =        0

 ...  192 /1593

 No. steps =      33   No. f-s =     709   No. J-s =       1   No. LU-s =       7
  No. nonlinear iterations =      38
  No. nonlinear convergence failures =       0
  No. error test failures =       0
  Last step size used =    0.41634E+07
  Index compenent largest error =        0

 ...  193 /1593

 No. steps =      33   No. f-s =     709   No. J-s =       1   No. LU-s =       7
  No. nonlinear iterations =      38
  No. nonlinear convergence failures =       0
  No. error test failures =       0
  Last step size used =    0.42998E+07
  Index compenent largest error =        0

 ...  194 /1593

 No. steps =      33   No. f-s =     709   No. J-s =       1   No. LU-s =       7
  No. nonlinear iterations =      38
  No. nonlinear convergence failures =       0
  No. error test failures =       0
  Last step size used =    0.43289E+07
  Index compenent largest error =        0

 ...  195 /1593

 No. steps =      33   No. f-s =     709   No. J-s =       1   No. LU-s =       7
  No. nonlinear iterations =      38
  No. nonlinear convergence failures =       0
  No. error test failures =       0
  Last step size used =    0.43432E+07
  Index compenent largest error =        0

 ...  196 /1593

 No. steps =      32   No. f-s =     708   No. J-s =       1   No. LU-s =       7
  No. nonlinear iterations =      37
  No. nonlinear convergence failures =       0
  No. error test failures =       0
  Last step size used =    0.44009E+07
  Index compenent largest error =        0

 ...  197 /1593

 No. steps =      32   No. f-s =     708   No. J-s =       1   No. LU-s =       7
  No. nonlinear iterations =      37
  No. nonlinear convergence failures =       0
  No. error test failures =       0
  Last step size used =    0.44307E+07
  Index compenent largest error =        0

 ...  198 /1593

 No. steps =      32   No. f-s =     708   No. J-s =       1   No. LU-s =       7
  No. nonlinear iterations =      37
  No. nonlinear convergence failures =       0
  No. error test failures =       0
  Last step size used =    0.44873E+07
  Index compenent largest error =        0

 ...  199 /1593

 No. steps =      32   No. f-s =     708   No. J-s =       1   No. LU-s =       7
  No. nonlinear iterations =      37
  No. nonlinear convergence failures =       0
  No. error test failures =       0
  Last step size used =    0.44906E+07
  Index compenent largest error =        0

 ...  200 /1593

 No. steps =      32   No. f-s =     708   No. J-s =       1   No. LU-s =       7
  No. nonlinear iterations =      37
  No. nonlinear convergence failures =       0
  No. error test failures =       0
  Last step size used =    0.45608E+07
  Index compenent largest error =        0

 ...  201 /1593

 No. steps =      32   No. f-s =     708   No. J-s =       1   No. LU-s =       7
  No. nonlinear iterations =      37
  No. nonlinear convergence failures =       0
  No. error test failures =       0
  Last step size used =    0.46734E+07
  Index compenent largest error =        0

 ...  202 /1593

 No. steps =      32   No. f-s =     708   No. J-s =       1   No. LU-s =       7
  No. nonlinear iterations =      37
  No. nonlinear convergence failures =       0
  No. error test failures =       0
  Last step size used =    0.47455E+07
  Index compenent largest error =        0

 ...  203 /1593

 No. steps =      31   No. f-s =     707   No. J-s =       1   No. LU-s =       7
  No. nonlinear iterations =      36
  No. nonlinear convergence failures =       0
  No. error test failures =       0
  Last step size used =    0.48315E+07
  Index compenent largest error =        0

 ...  204 /1593

 No. steps =      31   No. f-s =     707   No. J-s =       1   No. LU-s =       7
  No. nonlinear iterations =      36
  No. nonlinear convergence failures =       0
  No. error test failures =       0
  Last step size used =    0.48690E+07
  Index compenent largest error =        0

 ...  205 /1593

 No. steps =      30   No. f-s =     705   No. J-s =       1   No. LU-s =       7
  No. nonlinear iterations =      34
  No. nonlinear convergence failures =       0
  No. error test failures =       0
  Last step size used =    0.44420E+07
  Index compenent largest error =        0

 ...  206 /1593

 No. steps =      30   No. f-s =     705   No. J-s =       1   No. LU-s =       7
  No. nonlinear iterations =      34
  No. nonlinear convergence failures =       0
  No. error test failures =       0
  Last step size used =    0.45021E+07
  Index compenent largest error =        0

 ...  207 /1593

 No. steps =      30   No. f-s =     705   No. J-s =       1   No. LU-s =       7
  No. nonlinear iterations =      34
  No. nonlinear convergence failures =       0
  No. error test failures =       0
  Last step size used =    0.44989E+07
  Index compenent largest error =        0

 ...  208 /1593

 No. steps =      30   No. f-s =     705   No. J-s =       1   No. LU-s =       7
  No. nonlinear iterations =      34
  No. nonlinear convergence failures =       0
  No. error test failures =       0
  Last step size used =    0.45736E+07
  Index compenent largest error =        0

 ...  209 /1593

 No. steps =      30   No. f-s =     705   No. J-s =       1   No. LU-s =       7
  No. nonlinear iterations =      34
  No. nonlinear convergence failures =       0
  No. error test failures =       0
  Last step size used =    0.46305E+07
  Index compenent largest error =        0

 ...  210 /1593

 No. steps =      30   No. f-s =     705   No. J-s =       1   No. LU-s =       7
  No. nonlinear iterations =      34
  No. nonlinear convergence failures =       0
  No. error test failures =       0
  Last step size used =    0.46421E+07
  Index compenent largest error =        0

 ...  211 /1593

 No. steps =      29   No. f-s =     704   No. J-s =       1   No. LU-s =       7
  No. nonlinear iterations =      33
  No. nonlinear convergence failures =       0
  No. error test failures =       0
  Last step size used =    0.47288E+07
  Index compenent largest error =        0

 ...  212 /1593

 No. steps =      30   No. f-s =     704   No. J-s =       1   No. LU-s =       7
  No. nonlinear iterations =      33
  No. nonlinear convergence failures =       0
  No. error test failures =       0
  Last step size used =    0.51181E+07
  Index compenent largest error =        0

 ...  213 /1593

 No. steps =      29   No. f-s =     704   No. J-s =       1   No. LU-s =       7
  No. nonlinear iterations =      33
  No. nonlinear convergence failures =       0
  No. error test failures =       0
  Last step size used =    0.48462E+07
  Index compenent largest error =        0

 ...  214 /1593

 No. steps =      30   No. f-s =     704   No. J-s =       1   No. LU-s =       7
  No. nonlinear iterations =      33
  No. nonlinear convergence failures =       0
  No. error test failures =       0
  Last step size used =    0.52401E+07
  Index compenent largest error =        0

 ...  215 /1593

 No. steps =      29   No. f-s =     704   No. J-s =       1   No. LU-s =       7
  No. nonlinear iterations =      33
  No. nonlinear convergence failures =       0
  No. error test failures =       0
  Last step size used =    0.50209E+07
  Index compenent largest error =        0

 ...  216 /1593

 No. steps =      29   No. f-s =     704   No. J-s =       1   No. LU-s =       7
  No. nonlinear iterations =      33
  No. nonlinear convergence failures =       0
  No. error test failures =       0
  Last step size used =    0.50756E+07
  Index compenent largest error =        0

 ...  217 /1593

 No. steps =      29   No. f-s =     704   No. J-s =       1   No. LU-s =       7
  No. nonlinear iterations =      33
  No. nonlinear convergence failures =       0
  No. error test failures =       0
  Last step size used =    0.51233E+07
  Index compenent largest error =        0

 ...  218 /1593

 No. steps =      29   No. f-s =     704   No. J-s =       1   No. LU-s =       7
  No. nonlinear iterations =      33
  No. nonlinear convergence failures =       0
  No. error test failures =       0
  Last step size used =    0.63472E+07
  Index compenent largest error =        0

 ...  219 /1593

 No. steps =      29   No. f-s =     704   No. J-s =       1   No. LU-s =       7
  No. nonlinear iterations =      33
  No. nonlinear convergence failures =       0
  No. error test failures =       0
  Last step size used =    0.64494E+07
  Index compenent largest error =        0

 ...  220 /1593

 No. steps =      29   No. f-s =     704   No. J-s =       1   No. LU-s =       7
  No. nonlinear iterations =      33
  No. nonlinear convergence failures =       0
  No. error test failures =       0
  Last step size used =    0.65570E+07
  Index compenent largest error =        0

 ...  221 /1593

 No. steps =      29   No. f-s =     704   No. J-s =       1   No. LU-s =       7
  No. nonlinear iterations =      33
  No. nonlinear convergence failures =       0
  No. error test failures =       0
  Last step size used =    0.65607E+07
  Index compenent largest error =        0

 ...  222 /1593

 No. steps =      29   No. f-s =     704   No. J-s =       1   No. LU-s =       7
  No. nonlinear iterations =      33
  No. nonlinear convergence failures =       0
  No. error test failures =       0
  Last step size used =    0.66598E+07
  Index compenent largest error =        0

 ...  223 /1593

 No. steps =      29   No. f-s =     704   No. J-s =       1   No. LU-s =       7
  No. nonlinear iterations =      33
  No. nonlinear convergence failures =       0
  No. error test failures =       0
  Last step size used =    0.67515E+07
  Index compenent largest error =        0

 ...  224 /1593

 No. steps =      29   No. f-s =     704   No. J-s =       1   No. LU-s =       7
  No. nonlinear iterations =      33
  No. nonlinear convergence failures =       0
  No. error test failures =       0
  Last step size used =    0.67898E+07
  Index compenent largest error =        0

 ...  225 /1593

 No. steps =      29   No. f-s =     704   No. J-s =       1   No. LU-s =       7
  No. nonlinear iterations =      33
  No. nonlinear convergence failures =       0
  No. error test failures =       0
  Last step size used =    0.68888E+07
  Index compenent largest error =        0

 ...  226 /1593

 No. steps =      29   No. f-s =     704   No. J-s =       1   No. LU-s =       7
  No. nonlinear iterations =      33
  No. nonlinear convergence failures =       0
  No. error test failures =       0
  Last step size used =    0.69724E+07
  Index compenent largest error =        0

 ...  227 /1593

 No. steps =      29   No. f-s =     705   No. J-s =       1   No. LU-s =       8
  No. nonlinear iterations =      34
  No. nonlinear convergence failures =       0
  No. error test failures =       0
  Last step size used =    0.70355E+07
  Index compenent largest error =        0

 ...  228 /1593

 No. steps =      28   No. f-s =     704   No. J-s =       1   No. LU-s =       7
  No. nonlinear iterations =      33
  No. nonlinear convergence failures =       0
  No. error test failures =       0
  Last step size used =    0.41406E+07
  Index compenent largest error =        0

 ...  229 /1593

 No. steps =      28   No. f-s =     704   No. J-s =       1   No. LU-s =       7
  No. nonlinear iterations =      33
  No. nonlinear convergence failures =       0
  No. error test failures =       0
  Last step size used =    0.41884E+07
  Index compenent largest error =        0

 ...  230 /1593

 No. steps =      28   No. f-s =     704   No. J-s =       1   No. LU-s =       7
  No. nonlinear iterations =      33
  No. nonlinear convergence failures =       0
  No. error test failures =       0
  Last step size used =    0.41615E+07
  Index compenent largest error =        0

 ...  231 /1593

 No. steps =      28   No. f-s =     704   No. J-s =       1   No. LU-s =       7
  No. nonlinear iterations =      33
  No. nonlinear convergence failures =       0
  No. error test failures =       0
  Last step size used =    0.42164E+07
  Index compenent largest error =        0

 ...  232 /1593

 No. steps =      28   No. f-s =     704   No. J-s =       1   No. LU-s =       7
  No. nonlinear iterations =      33
  No. nonlinear convergence failures =       0
  No. error test failures =       0
  Last step size used =    0.42838E+07
  Index compenent largest error =        0

 ...  233 /1593

 No. steps =      28   No. f-s =     704   No. J-s =       1   No. LU-s =       7
  No. nonlinear iterations =      33
  No. nonlinear convergence failures =       0
  No. error test failures =       0
  Last step size used =    0.42950E+07
  Index compenent largest error =        0

 ...  234 /1593

 No. steps =      28   No. f-s =     704   No. J-s =       1   No. LU-s =       7
  No. nonlinear iterations =      33
  No. nonlinear convergence failures =       0
  No. error test failures =       0
  Last step size used =    0.43607E+07
  Index compenent largest error =        0

 ...  235 /1593

 No. steps =      28   No. f-s =     704   No. J-s =       1   No. LU-s =       7
  No. nonlinear iterations =      33
  No. nonlinear convergence failures =       0
  No. error test failures =       0
  Last step size used =    0.43895E+07
  Index compenent largest error =        0

 ...  236 /1593

 No. steps =      28   No. f-s =     704   No. J-s =       1   No. LU-s =       7
  No. nonlinear iterations =      33
  No. nonlinear convergence failures =       0
  No. error test failures =       0
  Last step size used =    0.44506E+07
  Index compenent largest error =        0

 ...  237 /1593

 No. steps =      28   No. f-s =     704   No. J-s =       1   No. LU-s =       7
  No. nonlinear iterations =      33
  No. nonlinear convergence failures =       0
  No. error test failures =       0
  Last step size used =    0.44757E+07
  Index compenent largest error =        0

 ...  238 /1593

 No. steps =      27   No. f-s =     703   No. J-s =       1   No. LU-s =       7
  No. nonlinear iterations =      32
  No. nonlinear convergence failures =       0
  No. error test failures =       0
  Last step size used =    0.45283E+07
  Index compenent largest error =        0

 ...  239 /1593

 No. steps =      27   No. f-s =     703   No. J-s =       1   No. LU-s =       7
  No. nonlinear iterations =      32
  No. nonlinear convergence failures =       0
  No. error test failures =       0
  Last step size used =    0.46236E+07
  Index compenent largest error =        0

 ...  240 /1593

 No. steps =      27   No. f-s =     703   No. J-s =       1   No. LU-s =       7
  No. nonlinear iterations =      32
  No. nonlinear convergence failures =       0
  No. error test failures =       0
  Last step size used =    0.46231E+07
  Index compenent largest error =        0

 ...  241 /1593

 No. steps =      27   No. f-s =     703   No. J-s =       1   No. LU-s =       7
  No. nonlinear iterations =      32
  No. nonlinear convergence failures =       0
  No. error test failures =       0
  Last step size used =    0.46395E+07
  Index compenent largest error =        0

 ...  242 /1593

 No. steps =      27   No. f-s =     703   No. J-s =       1   No. LU-s =       7
  No. nonlinear iterations =      32
  No. nonlinear convergence failures =       0
  No. error test failures =       0
  Last step size used =    0.47178E+07
  Index compenent largest error =        0

 ...  243 /1593

 No. steps =      27   No. f-s =     703   No. J-s =       1   No. LU-s =       7
  No. nonlinear iterations =      32
  No. nonlinear convergence failures =       0
  No. error test failures =       0
  Last step size used =    0.47615E+07
  Index compenent largest error =        0

 ...  244 /1593

 No. steps =      27   No. f-s =     703   No. J-s =       1   No. LU-s =       7
  No. nonlinear iterations =      32
  No. nonlinear convergence failures =       0
  No. error test failures =       0
  Last step size used =    0.47996E+07
  Index compenent largest error =        0

 ...  245 /1593

 No. steps =      27   No. f-s =     703   No. J-s =       1   No. LU-s =       7
  No. nonlinear iterations =      32
  No. nonlinear convergence failures =       0
  No. error test failures =       0
  Last step size used =    0.48358E+07
  Index compenent largest error =        0

 ...  246 /1593

 No. steps =      27   No. f-s =     703   No. J-s =       1   No. LU-s =       7
  No. nonlinear iterations =      32
  No. nonlinear convergence failures =       0
  No. error test failures =       0
  Last step size used =    0.48624E+07
  Index compenent largest error =        0

 ...  247 /1593

 No. steps =      26   No. f-s =     702   No. J-s =       1   No. LU-s =       7
  No. nonlinear iterations =      31
  No. nonlinear convergence failures =       0
  No. error test failures =       0
  Last step size used =    0.49362E+07
  Index compenent largest error =        0

 ...  248 /1593

 No. steps =      26   No. f-s =     702   No. J-s =       1   No. LU-s =       7
  No. nonlinear iterations =      31
  No. nonlinear convergence failures =       0
  No. error test failures =       0
  Last step size used =    0.49909E+07
  Index compenent largest error =        0

 ...  249 /1593

 No. steps =      26   No. f-s =     702   No. J-s =       1   No. LU-s =       7
  No. nonlinear iterations =      31
  No. nonlinear convergence failures =       0
  No. error test failures =       0
  Last step size used =    0.50136E+07
  Index compenent largest error =        0

 ...  250 /1593

 No. steps =      26   No. f-s =     702   No. J-s =       1   No. LU-s =       7
  No. nonlinear iterations =      31
  No. nonlinear convergence failures =       0
  No. error test failures =       0
  Last step size used =    0.51144E+07
  Index compenent largest error =        0

 ...  251 /1593

 No. steps =      26   No. f-s =     702   No. J-s =       1   No. LU-s =       7
  No. nonlinear iterations =      31
  No. nonlinear convergence failures =       0
  No. error test failures =       0
  Last step size used =    0.51173E+07
  Index compenent largest error =        0

 ...  252 /1593

 No. steps =      26   No. f-s =     702   No. J-s =       1   No. LU-s =       7
  No. nonlinear iterations =      31
  No. nonlinear convergence failures =       0
  No. error test failures =       0
  Last step size used =    0.51151E+07
  Index compenent largest error =        0

 ...  253 /1593

 No. steps =      26   No. f-s =     702   No. J-s =       1   No. LU-s =       7
  No. nonlinear iterations =      31
  No. nonlinear convergence failures =       0
  No. error test failures =       0
  Last step size used =    0.52127E+07
  Index compenent largest error =        0

 ...  254 /1593

 No. steps =      26   No. f-s =     702   No. J-s =       1   No. LU-s =       7
  No. nonlinear iterations =      31
  No. nonlinear convergence failures =       0
  No. error test failures =       0
  Last step size used =    0.52455E+07
  Index compenent largest error =        0

 ...  255 /1593

 No. steps =      26   No. f-s =     702   No. J-s =       1   No. LU-s =       7
  No. nonlinear iterations =      31
  No. nonlinear convergence failures =       0
  No. error test failures =       0
  Last step size used =    0.53128E+07
  Index compenent largest error =        0

 ...  256 /1593

 No. steps =      26   No. f-s =     702   No. J-s =       1   No. LU-s =       7
  No. nonlinear iterations =      31
  No. nonlinear convergence failures =       0
  No. error test failures =       0
  Last step size used =    0.53234E+07
  Index compenent largest error =        0

 ...  257 /1593

 No. steps =      26   No. f-s =     702   No. J-s =       1   No. LU-s =       7
  No. nonlinear iterations =      31
  No. nonlinear convergence failures =       0
  No. error test failures =       0
  Last step size used =    0.54007E+07
  Index compenent largest error =        0

 ...  258 /1593

 No. steps =      25   No. f-s =     701   No. J-s =       1   No. LU-s =       7
  No. nonlinear iterations =      30
  No. nonlinear convergence failures =       0
  No. error test failures =       0
  Last step size used =    0.54344E+07
  Index compenent largest error =        0

 ...  259 /1593

 No. steps =      25   No. f-s =     701   No. J-s =       1   No. LU-s =       7
  No. nonlinear iterations =      30
  No. nonlinear convergence failures =       0
  No. error test failures =       0
  Last step size used =    0.54832E+07
  Index compenent largest error =        0

 ...  260 /1593

 No. steps =      25   No. f-s =     701   No. J-s =       1   No. LU-s =       7
  No. nonlinear iterations =      30
  No. nonlinear convergence failures =       0
  No. error test failures =       0
  Last step size used =    0.55336E+07
  Index compenent largest error =        0

 ...  261 /1593

 No. steps =      25   No. f-s =     701   No. J-s =       1   No. LU-s =       7
  No. nonlinear iterations =      30
  No. nonlinear convergence failures =       0
  No. error test failures =       0
  Last step size used =    0.55546E+07
  Index compenent largest error =        0

 ...  262 /1593

 No. steps =      25   No. f-s =     701   No. J-s =       1   No. LU-s =       7
  No. nonlinear iterations =      30
  No. nonlinear convergence failures =       0
  No. error test failures =       0
  Last step size used =    0.56338E+07
  Index compenent largest error =        0

 ...  263 /1593

 No. steps =      25   No. f-s =     701   No. J-s =       1   No. LU-s =       7
  No. nonlinear iterations =      30
  No. nonlinear convergence failures =       0
  No. error test failures =       0
  Last step size used =    0.56048E+07
  Index compenent largest error =        0

 ...  264 /1593

 No. steps =      25   No. f-s =     701   No. J-s =       1   No. LU-s =       7
  No. nonlinear iterations =      30
  No. nonlinear convergence failures =       0
  No. error test failures =       0
  Last step size used =    0.56990E+07
  Index compenent largest error =        0

 ...  265 /1593

 No. steps =      25   No. f-s =     701   No. J-s =       1   No. LU-s =       7
  No. nonlinear iterations =      30
  No. nonlinear convergence failures =       0
  No. error test failures =       0
  Last step size used =    0.57410E+07
  Index compenent largest error =        0

 ...  266 /1593

 No. steps =      25   No. f-s =     701   No. J-s =       1   No. LU-s =       7
  No. nonlinear iterations =      30
  No. nonlinear convergence failures =       0
  No. error test failures =       0
  Last step size used =    0.57967E+07
  Index compenent largest error =        0

 ...  267 /1593

 No. steps =      25   No. f-s =     701   No. J-s =       1   No. LU-s =       7
  No. nonlinear iterations =      30
  No. nonlinear convergence failures =       0
  No. error test failures =       0
  Last step size used =    0.58195E+07
  Index compenent largest error =        0

 ...  268 /1593

 No. steps =      25   No. f-s =     701   No. J-s =       1   No. LU-s =       7
  No. nonlinear iterations =      30
  No. nonlinear convergence failures =       0
  No. error test failures =       0
  Last step size used =    0.58660E+07
  Index compenent largest error =        0

 ...  269 /1593

 No. steps =      25   No. f-s =     701   No. J-s =       1   No. LU-s =       7
  No. nonlinear iterations =      30
  No. nonlinear convergence failures =       0
  No. error test failures =       0
  Last step size used =    0.59654E+07
  Index compenent largest error =        0

 ...  270 /1593

 No. steps =      25   No. f-s =     701   No. J-s =       1   No. LU-s =       7
  No. nonlinear iterations =      30
  No. nonlinear convergence failures =       0
  No. error test failures =       0
  Last step size used =    0.59222E+07
  Index compenent largest error =        0

 ...  271 /1593

 No. steps =      25   No. f-s =     701   No. J-s =       1   No. LU-s =       7
  No. nonlinear iterations =      30
  No. nonlinear convergence failures =       0
  No. error test failures =       0
  Last step size used =    0.59745E+07
  Index compenent largest error =        0

 ...  272 /1593

 No. steps =      25   No. f-s =     701   No. J-s =       1   No. LU-s =       7
  No. nonlinear iterations =      30
  No. nonlinear convergence failures =       0
  No. error test failures =       0
  Last step size used =    0.60557E+07
  Index compenent largest error =        0

 ...  273 /1593

 No. steps =      24   No. f-s =     700   No. J-s =       1   No. LU-s =       7
  No. nonlinear iterations =      29
  No. nonlinear convergence failures =       0
  No. error test failures =       0
  Last step size used =    0.61156E+07
  Index compenent largest error =        0

 ...  274 /1593

 No. steps =      24   No. f-s =     700   No. J-s =       1   No. LU-s =       7
  No. nonlinear iterations =      29
  No. nonlinear convergence failures =       0
  No. error test failures =       0
  Last step size used =    0.61151E+07
  Index compenent largest error =        0

 ...  275 /1593

 No. steps =      24   No. f-s =     700   No. J-s =       1   No. LU-s =       7
  No. nonlinear iterations =      29
  No. nonlinear convergence failures =       0
  No. error test failures =       0
  Last step size used =    0.61406E+07
  Index compenent largest error =        0

 ...  276 /1593

 No. steps =      24   No. f-s =     700   No. J-s =       1   No. LU-s =       7
  No. nonlinear iterations =      29
  No. nonlinear convergence failures =       0
  No. error test failures =       0
  Last step size used =    0.62072E+07
  Index compenent largest error =        0

 ...  277 /1593

 No. steps =      24   No. f-s =     700   No. J-s =       1   No. LU-s =       7
  No. nonlinear iterations =      29
  No. nonlinear convergence failures =       0
  No. error test failures =       0
  Last step size used =    0.62492E+07
  Index compenent largest error =        0

 ...  278 /1593

 No. steps =      24   No. f-s =     700   No. J-s =       1   No. LU-s =       7
  No. nonlinear iterations =      29
  No. nonlinear convergence failures =       0
  No. error test failures =       0
  Last step size used =    0.63391E+07
  Index compenent largest error =        0

 ...  279 /1593

 No. steps =      24   No. f-s =     700   No. J-s =       1   No. LU-s =       7
  No. nonlinear iterations =      29
  No. nonlinear convergence failures =       0
  No. error test failures =       0
  Last step size used =    0.63316E+07
  Index compenent largest error =        0

 ...  280 /1593

 No. steps =      24   No. f-s =     700   No. J-s =       1   No. LU-s =       7
  No. nonlinear iterations =      29
  No. nonlinear convergence failures =       0
  No. error test failures =       0
  Last step size used =    0.63516E+07
  Index compenent largest error =        0

 ...  281 /1593

 No. steps =      24   No. f-s =     700   No. J-s =       1   No. LU-s =       7
  No. nonlinear iterations =      29
  No. nonlinear convergence failures =       0
  No. error test failures =       0
  Last step size used =    0.64315E+07
  Index compenent largest error =        0

 ...  282 /1593

 No. steps =      24   No. f-s =     700   No. J-s =       1   No. LU-s =       7
  No. nonlinear iterations =      29
  No. nonlinear convergence failures =       0
  No. error test failures =       0
  Last step size used =    0.58146E+07
  Index compenent largest error =        0

 ...  283 /1593

 No. steps =      24   No. f-s =     700   No. J-s =       1   No. LU-s =       7
  No. nonlinear iterations =      29
  No. nonlinear convergence failures =       0
  No. error test failures =       0
  Last step size used =    0.58737E+07
  Index compenent largest error =        0

 ...  284 /1593

 No. steps =      24   No. f-s =     700   No. J-s =       1   No. LU-s =       7
  No. nonlinear iterations =      29
  No. nonlinear convergence failures =       0
  No. error test failures =       0
  Last step size used =    0.59613E+07
  Index compenent largest error =        0

 ...  285 /1593

 No. steps =      24   No. f-s =     700   No. J-s =       1   No. LU-s =       7
  No. nonlinear iterations =      29
  No. nonlinear convergence failures =       0
  No. error test failures =       0
  Last step size used =    0.59930E+07
  Index compenent largest error =        0

 ...  286 /1593

 No. steps =      24   No. f-s =     700   No. J-s =       1   No. LU-s =       7
  No. nonlinear iterations =      29
  No. nonlinear convergence failures =       0
  No. error test failures =       0
  Last step size used =    0.60104E+07
  Index compenent largest error =        0

 ...  287 /1593

 No. steps =      24   No. f-s =     700   No. J-s =       1   No. LU-s =       7
  No. nonlinear iterations =      29
  No. nonlinear convergence failures =       0
  No. error test failures =       0
  Last step size used =    0.60679E+07
  Index compenent largest error =        0

 ...  288 /1593

 No. steps =      24   No. f-s =     700   No. J-s =       1   No. LU-s =       7
  No. nonlinear iterations =      29
  No. nonlinear convergence failures =       0
  No. error test failures =       0
  Last step size used =    0.61558E+07
  Index compenent largest error =        0

 ...  289 /1593

 No. steps =      24   No. f-s =     700   No. J-s =       1   No. LU-s =       7
  No. nonlinear iterations =      29
  No. nonlinear convergence failures =       0
  No. error test failures =       0
  Last step size used =    0.61794E+07
  Index compenent largest error =        0

 ...  290 /1593

 No. steps =      24   No. f-s =     700   No. J-s =       1   No. LU-s =       7
  No. nonlinear iterations =      29
  No. nonlinear convergence failures =       0
  No. error test failures =       0
  Last step size used =    0.62117E+07
  Index compenent largest error =        0

 ...  291 /1593

 No. steps =      24   No. f-s =     700   No. J-s =       1   No. LU-s =       7
  No. nonlinear iterations =      29
  No. nonlinear convergence failures =       0
  No. error test failures =       0
  Last step size used =    0.62594E+07
  Index compenent largest error =        0

 ...  292 /1593

 No. steps =      24   No. f-s =     700   No. J-s =       1   No. LU-s =       7
  No. nonlinear iterations =      29
  No. nonlinear convergence failures =       0
  No. error test failures =       0
  Last step size used =    0.63111E+07
  Index compenent largest error =        0

 ...  293 /1593

 No. steps =      24   No. f-s =     700   No. J-s =       1   No. LU-s =       7
  No. nonlinear iterations =      29
  No. nonlinear convergence failures =       0
  No. error test failures =       0
  Last step size used =    0.63411E+07
  Index compenent largest error =        0

 ...  294 /1593

 No. steps =      24   No. f-s =     700   No. J-s =       1   No. LU-s =       7
  No. nonlinear iterations =      29
  No. nonlinear convergence failures =       0
  No. error test failures =       0
  Last step size used =    0.63698E+07
  Index compenent largest error =        0

 ...  295 /1593

 No. steps =      23   No. f-s =     699   No. J-s =       1   No. LU-s =       7
  No. nonlinear iterations =      28
  No. nonlinear convergence failures =       0
  No. error test failures =       0
  Last step size used =    0.64613E+07
  Index compenent largest error =        0

 ...  296 /1593

 No. steps =      23   No. f-s =     699   No. J-s =       1   No. LU-s =       7
  No. nonlinear iterations =      28
  No. nonlinear convergence failures =       0
  No. error test failures =       0
  Last step size used =    0.65206E+07
  Index compenent largest error =        0

 ...  297 /1593

 No. steps =      23   No. f-s =     699   No. J-s =       1   No. LU-s =       7
  No. nonlinear iterations =      28
  No. nonlinear convergence failures =       0
  No. error test failures =       0
  Last step size used =    0.65682E+07
  Index compenent largest error =        0

 ...  298 /1593

 No. steps =      23   No. f-s =     699   No. J-s =       1   No. LU-s =       7
  No. nonlinear iterations =      28
  No. nonlinear convergence failures =       0
  No. error test failures =       0
  Last step size used =    0.65695E+07
  Index compenent largest error =        0

 ...  299 /1593

 No. steps =      23   No. f-s =     699   No. J-s =       1   No. LU-s =       7
  No. nonlinear iterations =      28
  No. nonlinear convergence failures =       0
  No. error test failures =       0
  Last step size used =    0.66561E+07
  Index compenent largest error =        0

 ...  300 /1593

 No. steps =      23   No. f-s =     699   No. J-s =       1   No. LU-s =       7
  No. nonlinear iterations =      28
  No. nonlinear convergence failures =       0
  No. error test failures =       0
  Last step size used =    0.66909E+07
  Index compenent largest error =        0

 ...  301 /1593

 No. steps =      23   No. f-s =     699   No. J-s =       1   No. LU-s =       7
  No. nonlinear iterations =      28
  No. nonlinear convergence failures =       0
  No. error test failures =       0
  Last step size used =    0.67477E+07
  Index compenent largest error =        0

 ...  302 /1593

 No. steps =      23   No. f-s =     699   No. J-s =       1   No. LU-s =       7
  No. nonlinear iterations =      28
  No. nonlinear convergence failures =       0
  No. error test failures =       0
  Last step size used =    0.68914E+07
  Index compenent largest error =        0

 ...  303 /1593

 No. steps =      23   No. f-s =     699   No. J-s =       1   No. LU-s =       7
  No. nonlinear iterations =      28
  No. nonlinear convergence failures =       0
  No. error test failures =       0
  Last step size used =    0.67435E+07
  Index compenent largest error =        0

 ...  304 /1593

 No. steps =      23   No. f-s =     699   No. J-s =       1   No. LU-s =       7
  No. nonlinear iterations =      28
  No. nonlinear convergence failures =       0
  No. error test failures =       0
  Last step size used =    0.68697E+07
  Index compenent largest error =        0

 ...  305 /1593

 No. steps =      23   No. f-s =     699   No. J-s =       1   No. LU-s =       7
  No. nonlinear iterations =      28
  No. nonlinear convergence failures =       0
  No. error test failures =       0
  Last step size used =    0.69109E+07
  Index compenent largest error =        0

 ...  306 /1593

 No. steps =      23   No. f-s =     699   No. J-s =       1   No. LU-s =       7
  No. nonlinear iterations =      28
  No. nonlinear convergence failures =       0
  No. error test failures =       0
  Last step size used =    0.69526E+07
  Index compenent largest error =        0

 ...  307 /1593

 No. steps =      23   No. f-s =     699   No. J-s =       1   No. LU-s =       7
  No. nonlinear iterations =      28
  No. nonlinear convergence failures =       0
  No. error test failures =       0
  Last step size used =    0.70422E+07
  Index compenent largest error =        0

 ...  308 /1593

 No. steps =      23   No. f-s =     699   No. J-s =       1   No. LU-s =       7
  No. nonlinear iterations =      28
  No. nonlinear convergence failures =       0
  No. error test failures =       0
  Last step size used =    0.71279E+07
  Index compenent largest error =        0

 ...  309 /1593

 No. steps =      23   No. f-s =     699   No. J-s =       1   No. LU-s =       7
  No. nonlinear iterations =      28
  No. nonlinear convergence failures =       0
  No. error test failures =       0
  Last step size used =    0.71238E+07
  Index compenent largest error =        0

 ...  310 /1593

 No. steps =      23   No. f-s =     699   No. J-s =       1   No. LU-s =       7
  No. nonlinear iterations =      28
  No. nonlinear convergence failures =       0
  No. error test failures =       0
  Last step size used =    0.71603E+07
  Index compenent largest error =        0

 ...  311 /1593

 No. steps =      23   No. f-s =     699   No. J-s =       1   No. LU-s =       7
  No. nonlinear iterations =      28
  No. nonlinear convergence failures =       0
  No. error test failures =       0
  Last step size used =    0.72106E+07
  Index compenent largest error =        0

 ...  312 /1593

 No. steps =      23   No. f-s =     699   No. J-s =       1   No. LU-s =       7
  No. nonlinear iterations =      28
  No. nonlinear convergence failures =       0
  No. error test failures =       0
  Last step size used =    0.73869E+07
  Index compenent largest error =        0

 ...  313 /1593

 No. steps =      23   No. f-s =     699   No. J-s =       1   No. LU-s =       7
  No. nonlinear iterations =      28
  No. nonlinear convergence failures =       0
  No. error test failures =       0
  Last step size used =    0.73306E+07
  Index compenent largest error =        0

 ...  314 /1593

 No. steps =      23   No. f-s =     699   No. J-s =       1   No. LU-s =       7
  No. nonlinear iterations =      28
  No. nonlinear convergence failures =       0
  No. error test failures =       0
  Last step size used =    0.73673E+07
  Index compenent largest error =        0


 Calling analyse subroutine ...
 ... done!


    ... DONE!
 +++++++++++++++++++++++++++++++++++++++++++++++++++


+------------------ Job Report: 10049820 (COMPLETED) ------------------+
| Memory (RAM)  [                    ]  0.1% (1 MB peak / 1 GB)        |
| CPU           [#############       ] 69.0% average                   |
| Time          [>                   ]  0.2% (0-00:01:24 / 0-12:00:00) |
|                                                                      |
| Lustre Filesystem:                                                   |
|   No data available                                                  |
|                                                                      |
| Warnings:                                                            |
|   - Too much memory requested                                        |
|   - CPU usage is low                                                 |
|   - Too much time requested                                          |
+----------------------------------------------------------------------+
