Starting job 10049821, array task 1 on dave21
Chemistry type: Crich
Analysis mode: true
Found 35 valid particle IDs in /fred/oz304/beckers/Chemistry/traces/wind_v10/trace_output_with_av (max ID=300000)
✓ Analysis params file already exists: /fred/oz304/beckers/Chemistry/evolving_model/param/analysis_params_Crich.txt
SLURM task 1: processing particle 29823
Running Crich evolving_model on 1 phantom particle trace(s) from wind_v10

 +++++++++++++++++++++++++++++++++++++++++++++++++++
 +++++        ENVELOPE CHEMICAL MODEL         ++++++
 +++++++++++++++++++++++++++++++++++++++++++++++++++

 Version 1.0 authored by Catherine Walsh and Maria 
    Drozdovskaya, Leiden Observatory (01/08/2013)

 Version 1.1 amended by Catherine Walsh (18/05/2014)

 Version 1.2 amended by Catherine Walsh (13/08/2015)

 +++++++++++++++++++++++++++++++++++++++++++++++++++

          Input file =  Crich/param/trace_file_param/file_parameters_29823.txt                

 Physical conditions  = Crich/input/29823.txt                                                 
 Chemical network     = ./rate12_complex.rates                                                
 Species file         = ./rate12_complex_atomic_Crich.specs                                   
 Binding energies     = ./rate12_binding.dat                                                  
 Reaction parameters  = param/reaction_parameters.txt                                         
 Grain parameters     = param/grain_parameters.txt                                            
 Radiation parameters = param/radiation_parameters.txt                                        

 Output file          = Crich/analyse_output/model_output_29823.dat                           
 Rates file           = Crich/analyse_output/model_rates_29823.dat                            
 Analyse file         = Crich/analyse_output/model_analyse_29823.dat                          

 Opening and reading physical conditions file ...

 +++++++++++++++++++++++++++++++++++++++++++++++++++
 Beginning to run model ...
 +++++++++++++++++++++++++++++++++++++++++++++++++++

 Preparing output files ...

 Progress = ...
 ...    1 /1590

 No. steps =    1445   No. f-s =   26914   No. J-s =      37   No. LU-s =     220
  No. nonlinear iterations =    2197
  No. nonlinear convergence failures =       0
  No. error test failures =      65
  Last step size used =    0.82511E+07
  Index compenent largest error =        0

 ...    2 /1590

 No. steps =     296   No. f-s =    5066   No. J-s =       7   No. LU-s =      41
  No. nonlinear iterations =     387
  No. nonlinear convergence failures =       0
  No. error test failures =       4
  Last step size used =    0.11318E+07
  Index compenent largest error =        0

 ...    3 /1590

 No. steps =     358   No. f-s =    5124   No. J-s =       7   No. LU-s =      47
  No. nonlinear iterations =     445
  No. nonlinear convergence failures =       0
  No. error test failures =       6
  Last step size used =    0.23987E+07
  Index compenent largest error =        0

 ...    4 /1590

 No. steps =     259   No. f-s =    3647   No. J-s =       5   No. LU-s =      34
  No. nonlinear iterations =     304
  No. nonlinear convergence failures =       0
  No. error test failures =       4
  Last step size used =    0.78637E+06
  Index compenent largest error =        0

 ...    5 /1590

 No. steps =     222   No. f-s =    2923   No. J-s =       4   No. LU-s =      29
  No. nonlinear iterations =     248
  No. nonlinear convergence failures =       0
  No. error test failures =       0
  Last step size used =    0.17911E+07
  Index compenent largest error =        0

 ...    6 /1590

 No. steps =     198   No. f-s =    2895   No. J-s =       4   No. LU-s =      28
  No. nonlinear iterations =     220
  No. nonlinear convergence failures =       0
  No. error test failures =       0
  Last step size used =    0.31622E+07
  Index compenent largest error =        0

 ...    7 /1590

 No. steps =     169   No. f-s =    2861   No. J-s =       4   No. LU-s =      28
  No. nonlinear iterations =     186
  No. nonlinear convergence failures =       0
  No. error test failures =       0
  Last step size used =    0.37299E+07
  Index compenent largest error =        0

 ...    8 /1590

 No. steps =     153   No. f-s =    2178   No. J-s =       3   No. LU-s =      27
  No. nonlinear iterations =     171
  No. nonlinear convergence failures =       0
  No. error test failures =       0
  Last step size used =    0.34423E+07
  Index compenent largest error =        0

 ...    9 /1590

 No. steps =     148   No. f-s =    2173   No. J-s =       3   No. LU-s =      25
  No. nonlinear iterations =     166
  No. nonlinear convergence failures =       0
  No. error test failures =       0
  Last step size used =    0.25909E+07
  Index compenent largest error =        0


 Calling analyse subroutine ...
 ... done!


    ... DONE!
 +++++++++++++++++++++++++++++++++++++++++++++++++++


+------------------ Job Report: 10049821 (COMPLETED) ------------------+
| Memory (RAM)  No data available                                      |
| CPU           [########            ] 40.0% average                   |
| Time          [>                   ]  0.1% (0-00:00:25 / 0-12:00:00) |
|                                                                      |
| Lustre Filesystem:                                                   |
|   No data available                                                  |
+----------------------------------------------------------------------+
