Starting job 10049827, array task 7 on dave87
Chemistry type: Crich
Analysis mode: true
Found 35 valid particle IDs in /fred/oz304/beckers/Chemistry/traces/wind_v10/trace_output_with_av (max ID=300000)
✓ Analysis params file already exists: /fred/oz304/beckers/Chemistry/evolving_model/param/analysis_params_Crich.txt
SLURM task 7: processing particle 162209
Running Crich evolving_model on 1 phantom particle trace(s) from wind_v10

 +++++++++++++++++++++++++++++++++++++++++++++++++++
 +++++        ENVELOPE CHEMICAL MODEL         ++++++
 +++++++++++++++++++++++++++++++++++++++++++++++++++

 Version 1.0 authored by Catherine Walsh and Maria 
    Drozdovskaya, Leiden Observatory (01/08/2013)

 Version 1.1 amended by Catherine Walsh (18/05/2014)

 Version 1.2 amended by Catherine Walsh (13/08/2015)

 +++++++++++++++++++++++++++++++++++++++++++++++++++

          Input file =  Crich/param/trace_file_param/file_parameters_162209.txt               

 Physical conditions  = Crich/input/162209.txt                                                
 Chemical network     = ./rate12_complex.rates                                                
 Species file         = ./rate12_complex_atomic_Crich.specs                                   
 Binding energies     = ./rate12_binding.dat                                                  
 Reaction parameters  = param/reaction_parameters.txt                                         
 Grain parameters     = param/grain_parameters.txt                                            
 Radiation parameters = param/radiation_parameters.txt                                        

 Output file          = Crich/analyse_output/model_output_162209.dat                          
 Rates file           = Crich/analyse_output/model_rates_162209.dat                           
 Analyse file         = Crich/analyse_output/model_analyse_162209.dat                         

 Opening and reading physical conditions file ...

 +++++++++++++++++++++++++++++++++++++++++++++++++++
 Beginning to run model ...
 +++++++++++++++++++++++++++++++++++++++++++++++++++

 Preparing output files ...

 Progress = ...
 ...    1 /1539

 No. steps =     671   No. f-s =   11016   No. J-s =      15   No. LU-s =     110
  No. nonlinear iterations =     995
  No. nonlinear convergence failures =       0
  No. error test failures =      21
  Last step size used =    0.89881E+08
  Index compenent largest error =        0

 ...    2 /1539

 No. steps =     183   No. f-s =    2891   No. J-s =       4   No. LU-s =      33
  No. nonlinear iterations =     216
  No. nonlinear convergence failures =       0
  No. error test failures =       2
  Last step size used =    0.30289E+07
  Index compenent largest error =        0

 ...    3 /1539

 No. steps =     166   No. f-s =    2867   No. J-s =       4   No. LU-s =      31
  No. nonlinear iterations =     192
  No. nonlinear convergence failures =       0
  No. error test failures =       1
  Last step size used =    0.32968E+07
  Index compenent largest error =        0

 ...    4 /1539

 No. steps =     156   No. f-s =    2189   No. J-s =       3   No. LU-s =      30
  No. nonlinear iterations =     182
  No. nonlinear convergence failures =       0
  No. error test failures =       2
  Last step size used =    0.32525E+07
  Index compenent largest error =        0

 ...    5 /1539

 No. steps =     138   No. f-s =    2162   No. J-s =       3   No. LU-s =      26
  No. nonlinear iterations =     155
  No. nonlinear convergence failures =       0
  No. error test failures =       0
  Last step size used =    0.37977E+07
  Index compenent largest error =        0


 Calling analyse subroutine ...
 ... done!


    ... DONE!
 +++++++++++++++++++++++++++++++++++++++++++++++++++


+------------------ Job Report: 10049827 (COMPLETED) ------------------+
| Memory (RAM)  No data available                                      |
| CPU           [######              ] 31.6% average                   |
| Time          [>                   ]  0.0% (0-00:00:19 / 0-12:00:00) |
|                                                                      |
| Lustre Filesystem:                                                   |
|   No data available                                                  |
+----------------------------------------------------------------------+
