


                   **  CALCULATED COLUMN DENSITIES  **


 H           =   1.917E+17   RH          =   0.000E+00   GH          =   0.000E+00
 H+          =   3.992E+12   H-          =   1.000E+08   GH2         =   0.000E+00
 H2+         =   5.427E+09   RH2         =   0.000E+00   H3+         =   1.727E+11
 He          =   1.873E+21   GHe         =   0.000E+00   He+         =   6.888E+12
 RHe         =   0.000E+00   HeH+        =   7.768E+07   C-          =   1.418E+08
 GC          =   0.000E+00   C+          =   1.980E+16   C           =   1.422E+16
 RC          =   0.000E+00   RCH         =   0.000E+00   CH          =   1.705E+14
 GCH         =   0.000E+00   CH+         =   1.568E+10   CH-         =   4.304E+06
 RCH2        =   0.000E+00   GN          =   0.000E+00   CH2+        =   2.073E+10
 N+          =   5.537E+08   CH2         =   5.231E+13   GCH2        =   0.000E+00
 N           =   1.693E+16   RN          =   0.000E+00   RCH3        =   0.000E+00
 NH+         =   5.430E+06   CH3         =   5.122E+13   CH3+        =   6.852E+11
 GCH3        =   0.000E+00   RNH         =   0.000E+00   NH          =   3.454E+12
 GNH         =   0.000E+00   GO          =   0.000E+00   O-          =   1.012E+07
 RO          =   0.000E+00   CH4         =   3.746E+16   CH4+        =   1.154E+08
 NH2         =   5.053E+12   RCH4        =   0.000E+00   RNH2        =   0.000E+00
 O+          =   2.889E+07   NH2+        =   1.900E+07   O           =   1.311E+16
 GCH4        =   0.000E+00   GNH2        =   0.000E+00   CH5+        =   6.204E+09
 OH          =   1.752E+14   RNH3        =   0.000E+00   OH+         =   7.939E+07
 ROH         =   0.000E+00   GOH         =   0.000E+00   OH-         =   1.317E+07
 NH3+        =   1.158E+10   NH3         =   6.394E+14   GNH3        =   0.000E+00
 RH2O        =   0.000E+00   H2O         =   2.744E+16   H2O+        =   8.398E+07
 GH2O        =   0.000E+00   NH4+        =   9.649E+11   F+          =   1.222E+04
 F           =   1.216E+12   GF          =   0.000E+00   H3O+        =   1.093E+11
 RF          =   0.000E+00   GHF         =   0.000E+00   RHF         =   0.000E+00
 HF          =   1.859E+14   HF+         =   3.525E+03   H2F+        =   8.281E+08
 Na+         =   4.349E+12   GNa         =   0.000E+00   Na          =   1.058E+14
 RNa         =   0.000E+00   C2          =   2.081E+15   Mg          =   1.090E+14
 RC2         =   0.000E+00   RMg         =   0.000E+00   C2-         =   1.487E+07
 GMg         =   0.000E+00   C2+         =   3.277E+10   Mg+         =   1.187E+12
 GC2         =   0.000E+00   RC2H        =   0.000E+00   GC2H        =   0.000E+00
 C2H-        =   6.785E+09   C2H         =   1.064E+15   C2H+        =   3.172E+10
 CN          =   3.891E+15   GC2H2       =   0.000E+00   GCN         =   0.000E+00
 CN-         =   5.301E+10   C2H2        =   4.696E+17   C2H2+       =   2.085E+12
 CN+         =   1.994E+06   RC2H2       =   0.000E+00   RCN         =   0.000E+00
 GHNC        =   0.000E+00   HCN+        =   8.005E+06   RHNC        =   0.000E+00
 HCN         =   4.379E+17   HNC         =   1.081E+14   GHCN        =   0.000E+00
 GC2H3       =   0.000E+00   RC2H3       =   0.000E+00   C2H3        =   4.061E+12
 C2H3+       =   1.105E+13   RHCN        =   0.000E+00   H2CN        =   5.432E+11
 RN2         =   0.000E+00   Si+         =   3.785E+15   CO          =   8.805E+18
 GSi         =   0.000E+00   RC2H4       =   0.000E+00   GCO         =   0.000E+00
 N2+         =   3.226E+05   GC2H4       =   0.000E+00   RCO         =   0.000E+00
 C2H4        =   7.255E+14   C2H4+       =   5.250E+10   GN2         =   0.000E+00
 RSi         =   0.000E+00   RH2CN       =   0.000E+00   N2          =   4.360E+17
 H2NC+       =   1.739E+09   CO+         =   4.637E+07   HCNH+       =   3.545E+13
 Si          =   1.293E+15   GH2CN       =   0.000E+00   CH2NH       =   3.668E+08
 SiH+        =   2.211E+09   RHCO        =   0.000E+00   GCH2NH      =   0.000E+00
 SiH         =   5.504E+12   N2H+        =   3.848E+09   C2H5        =   3.904E+10
 C2H5+       =   2.873E+09   GHCO        =   0.000E+00   RCH2NH      =   0.000E+00
 HOC+        =   4.605E+08   GSiH        =   0.000E+00   GC2H5       =   0.000E+00
 RC2H5       =   0.000E+00   HCO         =   1.888E+11   RSiH        =   0.000E+00
 HCO+        =   3.543E+11   GCH3NH      =   0.000E+00   RCH2NH2     =   0.000E+00
 CH2NH2+     =   1.017E+06   RSiH2       =   0.000E+00   SiH2+       =   1.167E+09
 SiH2        =   9.088E+06   C2H6        =   1.645E+11   C2H6+       =   1.366E+08
 CH3NH       =   0.000E+00   RCH3NH      =   0.000E+00   GCH2NH2     =   0.000E+00
 GSiH2       =   0.000E+00   NO+         =   9.228E+09   GC2H6       =   0.000E+00
 CH3NH+      =   1.258E+08   CH2NH2      =   0.000E+00   NO          =   6.733E+12
 GNO         =   0.000E+00   RH2CO       =   0.000E+00   H2CO+       =   1.737E+09
 RNO         =   0.000E+00   GH2CO       =   0.000E+00   RC2H6       =   0.000E+00
 H2CO        =   1.249E+12   SiH3+       =   1.224E+06   P+          =   3.809E+12
 GHNO        =   0.000E+00   RCH3NH2     =   0.000E+00   CH3O        =   7.372E+02
 RSiH3       =   0.000E+00   SiH3        =   3.537E+02   GCH2OH      =   0.000E+00
 HNO         =   1.260E+11   GSiH3       =   0.000E+00   RCH2OH      =   0.000E+00
 CF+         =   6.285E+10   H3CO+       =   1.230E+08   C2H7+       =   2.870E+04
 P           =   8.165E+11   CH3NH2+     =   1.685E+05   RHNO        =   0.000E+00
 GCH3NH2     =   0.000E+00   HNO+        =   1.710E+06   RP          =   0.000E+00
 RCH3O       =   0.000E+00   CH3NH2      =   7.287E+07   GCH3O       =   0.000E+00
 GP          =   0.000E+00   CH2OH       =   1.222E+08   S-          =   4.507E+07
 GPH         =   0.000E+00   GS          =   0.000E+00   RO2         =   0.000E+00
 GCH3OH      =   0.000E+00   O2          =   1.554E+12   PH+         =   4.252E+06
 GO2         =   0.000E+00   RCH3OH      =   0.000E+00   CH3NH3+     =   1.274E+08
 RS          =   0.000E+00   RPH         =   0.000E+00   CH3OH+      =   1.261E+03
 S           =   1.898E+15   CH3OH       =   1.299E+07   SiH4+       =   7.011E-08
 SiH4        =   3.265E+02   GHNOH       =   0.000E+00   GSiH4       =   0.000E+00
 H2NO+       =   4.716E+05   O2-         =   2.657E-05   RHNOH       =   0.000E+00
 RSiH4       =   0.000E+00   HNOH        =   0.000E+00   HNOH+       =   7.777E-11
 PH          =   3.445E+09   O2+         =   4.873E+08   S+          =   1.321E+15
 GPH2        =   0.000E+00   HS+         =   1.765E+09   NH2OH       =   0.000E+00
 RPH2        =   0.000E+00   CH3OH2+     =   5.999E+06   RHS         =   0.000E+00
 PH2         =   1.410E+04   SiH5+       =   4.839E+01   GNH2OH      =   0.000E+00
 NH2OH+      =   4.856E-11   PH2+        =   3.254E+06   RO2H        =   0.000E+00
 RNH2OH      =   0.000E+00   O2H         =   3.795E+05   GO2H        =   0.000E+00
 GHS         =   0.000E+00   HS          =   2.963E+13   O2H+        =   2.041E+02
 GH2S        =   0.000E+00   H2S+        =   5.323E+09   H2O2        =   6.561E+01
 RH2S        =   0.000E+00   H2S         =   4.423E+13   GH2O2       =   0.000E+00
 NH3OH+      =   0.000E+00   PH3+        =   2.996E+02   RH2O2       =   0.000E+00
 Cl          =   1.036E+14   GCl         =   0.000E+00   H3S+        =   9.936E+08
 RCl         =   0.000E+00   Cl+         =   1.344E+10   C3-         =   1.084E+09
 GHCl        =   0.000E+00   C3+         =   7.460E+09   HCl+        =   6.784E+09
 RHCl        =   0.000E+00   HCl         =   3.478E+15   C3          =   2.855E+14
 GC3         =   0.000E+00   RC3         =   0.000E+00   GC3H        =   0.000E+00
 C3H-        =   3.325E+10   C3H+        =   1.287E+11   C3H         =   2.937E+14
 RC3H        =   0.000E+00   H2Cl+       =   3.872E+10   C2N+        =   1.038E+10
 RC2N        =   0.000E+00   C2N         =   2.253E+13   H2CCC       =   2.297E+13
 C3H2+       =   2.256E+11   C3H2        =   6.457E+13   CNC+        =   5.887E+11
 GC2N        =   0.000E+00   GH2CCC      =   0.000E+00   RC3H2       =   0.000E+00
 RH2CCC      =   0.000E+00   GC3H2       =   0.000E+00   GCH2CCH     =   0.000E+00
 C3H3+       =   1.241E+11   RCH2CCH     =   0.000E+00   CH2CCH      =   9.608E+13
 RHCCN       =   0.000E+00   HCCN        =   0.000E+00   C2NH+       =   3.097E+10
 CH2CCH+     =   6.659E+10   GHCCN       =   0.000E+00   GCH3CCH     =   0.000E+00
 CH2CCH2     =   2.656E+11   RSiC        =   0.000E+00   GCH2CN      =   0.000E+00
 CH3CCH      =   1.277E+12   CH2CN+      =   1.220E+10   RCH3CCH     =   0.000E+00
 GSiC        =   0.000E+00   RCH2CN      =   0.000E+00   C2O         =   1.102E+12
 GC2O        =   0.000E+00   SiC+        =   3.239E+09   GCH2CCH2    =   0.000E+00
 SiC         =   1.959E+14   C2O+        =   3.004E+08   RCH2CCH2    =   0.000E+00
 CH2CN       =   1.083E+11   C3H4+       =   5.136E+09   RC2O        =   0.000E+00
 GCH3CN      =   0.000E+00   CH3CN+      =   1.841E+06   HC2O+       =   5.092E+09
 HC2O        =   1.240E+06   RCH3CN      =   0.000E+00   CH3CN       =   5.480E+12
 GHC2O       =   0.000E+00   GHCSi       =   0.000E+00   HCSi        =   2.822E+13
 C3H5+       =   1.323E+11   RHC2O       =   0.000E+00   RHCSi       =   0.000E+00
 HCSi+       =   3.376E+09   CH2CO+      =   1.130E+09   GCH3CHCH2   =   0.000E+00
 RSiCH2      =   0.000E+00   SiCH2+      =   6.895E+11   GCH2CO      =   0.000E+00
 RCH2CO      =   0.000E+00   RCH3CHCH2   =   0.000E+00   NH2CN       =   1.626E+11
 GSiCH2      =   0.000E+00   RCNO        =   0.000E+00   OCN+        =   2.272E+02
 GNH2CN      =   0.000E+00   CH3CHCH2    =   1.562E+12   CNO         =   9.987E+00
 GSiN        =   0.000E+00   OCN         =   4.881E+12   ROCN        =   0.000E+00
 SiCH2       =   4.080E+11   C3H6+       =   3.659E+09   SiN         =   7.533E+12
 GOCN        =   0.000E+00   CH3CNH+     =   5.161E+11   CH2CO       =   9.684E+10
 GCNO        =   0.000E+00   SiN+        =   1.665E+10   RNH2CN      =   0.000E+00
 RSiN        =   0.000E+00   CP+         =   1.042E+06   HOCN+       =   6.477E+03
 HCNO        =   1.845E+09   RSiCH3      =   0.000E+00   SiCH3+      =   6.348E+06
 GCH3CO      =   0.000E+00   NH2CNH+     =   9.133E+05   HCNO+       =   4.685E-01
 GHOCN       =   0.000E+00   HOCN        =   8.756E+08   GHCNO       =   0.000E+00
 RCH3CO      =   0.000E+00   RHOCN       =   0.000E+00   RHCNO       =   0.000E+00
 HNSi        =   1.772E+11   HNSi+       =   8.140E+03   GSiCH3      =   0.000E+00
 CH3CO+      =   1.541E+08   GHONC       =   0.000E+00   CH3CO       =   4.308E+06
 HONC+       =   6.094E-05   RHNSi       =   0.000E+00   HONC        =   8.114E+04
 GCP         =   0.000E+00   GHNCO       =   0.000E+00   GHNSi       =   0.000E+00
 C3H7+       =   3.182E+11   HNCO+       =   6.477E+03   CP          =   2.014E+12
 RCP         =   0.000E+00   RHNCO       =   0.000E+00   RHONC       =   0.000E+00
 HNCO        =   1.088E+09   SiCH3       =   1.836E+08   N2O+        =   4.676E+05
 RSiO        =   0.000E+00   CH3CHO      =   2.150E+09   GN2O        =   0.000E+00
 GCS         =   0.000E+00   GCO2        =   0.000E+00   RCH3CHO     =   0.000E+00
 GHNCHO      =   0.000E+00   CS          =   1.146E+17   N2O         =   4.489E+08
 CO2+        =   1.557E+01   GCH3CHO     =   0.000E+00   RCO2        =   0.000E+00
 SiO+        =   2.376E+09   H2OCN+      =   2.437E+07   H2CNO+      =   4.384E+03
 SiNH2+      =   1.017E+10   NH2CO       =   0.000E+00   HCNOH+      =   4.384E+03
 RHNCHO      =   0.000E+00   HCP         =   2.688E+14   HCP+        =   1.346E+06
 GSiO        =   0.000E+00   RCS         =   0.000E+00   RN2O        =   0.000E+00
 SiO         =   5.359E+16   CO2         =   3.346E+12   GNH2CO      =   0.000E+00
 HNCHO       =   0.000E+00   HNCOH+      =   4.879E+07   GHCP        =   0.000E+00
 CH3CHO+     =   2.136E+06   RNH2CO      =   0.000E+00   H2NCO+      =   2.443E+07
 RHCP        =   0.000E+00   CS+         =   1.012E+10   SiCH4+      =   5.515E+06
 GHCS        =   0.000E+00   COOH        =   0.000E+00   PN+         =   2.336E+02
 CH3OCH2     =   2.800E-06   NH2CHO+     =   0.000E+00   RHCS        =   0.000E+00
 PN          =   2.955E+09   RPN         =   0.000E+00   RCOOH       =   0.000E+00
 CH3CHOH+    =   8.345E+07   RNH2CHO     =   0.000E+00   HCS+        =   8.670E+11
 HN2O+       =   1.323E+02   GNH2CHO     =   0.000E+00   SiOH+       =   6.983E+12
 PCH2+       =   3.233E+09   NH2CHO      =   1.726E+08   GPN         =   0.000E+00
 HCO2+       =   5.703E+07   GCOOH       =   0.000E+00   HCS         =   2.662E+11
 C2H5OH      =   1.572E+03   H2SiO+      =   2.012E+03   HCOOH       =   6.894E+07
 CH2PH       =   3.237E+04   GHCOOH      =   0.000E+00   HPN+        =   4.096E+02
 GH2SiO      =   0.000E+00   RHCOOH      =   0.000E+00   RH2SiO      =   0.000E+00
 NS+         =   2.488E+09   H2CS        =   2.259E+12   RH2CS       =   0.000E+00
 GNS         =   0.000E+00   NS          =   2.849E+12   RCH2PH      =   0.000E+00
 GCH3OCH3    =   0.000E+00   GC2H5OH     =   0.000E+00   C2H5OH+     =   3.940E+00
 H2CS+       =   1.110E+09   GNO2        =   0.000E+00   RCH3OCH3    =   0.000E+00
 RC2H5OH     =   0.000E+00   NO2         =   1.917E+07   PCH3+       =   6.344E+03
 RNO2        =   0.000E+00   H2SiO       =   1.069E+01   GH2CS       =   0.000E+00
 CH3OCH3     =   2.338E-01   RNS         =   0.000E+00   CH3OCH3+    =   1.087E-03
 NO2+        =   1.799E+02   NH2CH2O+    =   6.749E+03   HCOOH+      =   9.280E+04
 GCH2PH      =   0.000E+00   HCOOH2+     =   1.893E+07   H3CS+       =   1.855E+10
 RPO         =   0.000E+00   GPO         =   0.000E+00   PNH2+       =   2.831E+05
 HNS+        =   4.176E+06   PCH4+       =   2.066E+03   C2H5OH2+    =   4.006E+02
 PO+         =   1.859E+08   CCl+        =   3.704E+09   CH3OCH4+    =   2.505E-02
 PO          =   4.342E+09   H3SiO+      =   5.286E-02   RCCl        =   0.000E+00
 SiF+        =   1.189E+11   CCl         =   1.242E+09   GCCl        =   0.000E+00
 GO3         =   0.000E+00   GHPO        =   0.000E+00   SO          =   1.589E+12
 RO3         =   0.000E+00   PNH3+       =   1.639E+02   RHPO        =   0.000E+00
 C4          =   1.916E+13   SO+         =   5.337E+10   O3          =   0.000E+00
 HPO+        =   8.445E+07   GC4         =   0.000E+00   C4+         =   1.063E+09
 HPO         =   1.374E+05   GSO         =   0.000E+00   RSO         =   0.000E+00
 C4-         =   1.395E+12   RC4         =   0.000E+00   GC4H        =   0.000E+00
 H2CCl+      =   3.270E+07   RC4H        =   0.000E+00   HSO+        =   6.478E+06
 H2PO+       =   3.938E+03   C4H         =   1.082E+14   C4H+        =   3.230E+09
 C4H-        =   6.419E+12   GC3N        =   0.000E+00   RC3N        =   0.000E+00
 C3N         =   1.059E+14   C4H2        =   1.174E+14   RC4H2       =   0.000E+00
 C4H2+       =   2.255E+11   C3N+        =   1.356E+06   C3N-        =   3.182E+11
 GC4H2       =   0.000E+00   ClO         =   4.499E-08   GHC3N       =   0.000E+00
 HNC3        =   1.115E+12   RClO        =   0.000E+00   C4H3        =   4.947E+11
 C4H3+       =   2.061E+12   RC4H3       =   0.000E+00   RHNC3       =   0.000E+00
 ClO+        =   3.762E-13   GC4H3       =   0.000E+00   HC3N+       =   1.716E+09
 GHNC3       =   0.000E+00   RHC3N       =   0.000E+00   HC3N        =   1.172E+15
 GClO        =   0.000E+00   C2N2+       =   4.067E+06   RCH2CHCCH   =   0.000E+00
 C3O+        =   1.779E+02   C3O         =   3.663E+09   C4H4+       =   6.921E+07
 GCH2CHCCH   =   0.000E+00   SiC2+       =   8.967E+09   RC3O        =   0.000E+00
 GNCCN       =   0.000E+00   GSiC2       =   0.000E+00   HC3NH+      =   6.610E+11
 SiC2        =   2.031E+17   NCCN        =   2.833E+13   CH2CHCCH    =   7.468E+10
 GC3O        =   0.000E+00   RNCCN       =   0.000E+00   RSiC2       =   0.000E+00
 RSiC2H      =   0.000E+00   SiC2H       =   5.067E+14   C4H5+       =   7.742E+09
 HC3O+       =   2.961E+07   CH2CHCN+    =   1.460E+09   CH2CHCN     =   2.140E+12
 GSiC2H      =   0.000E+00   RCH2CHCN    =   0.000E+00   NCCNH+      =   2.273E+09
 GCH2CHCN    =   0.000E+00   SiC2H+      =   8.218E+12   C4H6        =   7.564E+09
 GSiC2H2     =   0.000E+00   SiC2H2+     =   2.789E+10   C2H4CN      =   0.000E+00
 C3H2O+      =   1.006E+07   RSiNC       =   0.000E+00   GSiNC       =   0.000E+00
 RSiC2H2     =   0.000E+00   CH2CHCNH+   =   8.071E+08   RC4H6       =   0.000E+00
 RC2H4CN     =   0.000E+00   SiNC+       =   1.845E+11   SiNC        =   2.001E+09
 SiC2H2      =   1.695E+12   GC4H6       =   0.000E+00   GC2H4CN     =   0.000E+00
 SiC2H3+     =   2.442E+11   GC2H5CN     =   0.000E+00   RCCP        =   0.000E+00
 C2H5CN      =   8.255E+06   C4H7+       =   8.412E+06   GCCP        =   0.000E+00
 H3C3O+      =   5.788E+08   RC2H5CN     =   0.000E+00   CCP         =   7.876E+10
 CCP+        =   2.194E+08   SiNCH+      =   1.354E+08   RHC2P       =   0.000E+00
 Fe          =   1.087E+14   RFe         =   0.000E+00   GFe         =   0.000E+00
 GHC2P       =   0.000E+00   HC2P+       =   3.048E+09   C2S+        =   1.217E+09
 RC2S        =   0.000E+00   C2S         =   1.202E+14   C2H5CNH+    =   2.355E+05
 HC2P        =   6.350E+07   Fe+         =   1.545E+12   GC2S        =   0.000E+00
 HC2S+       =   1.710E+12   PC2H2+      =   1.667E+06   RCH3COCH3   =   0.000E+00
 CH3COCH3+   =   6.352E+00   GCH3COCH3   =   0.000E+00   OHCCHO      =   0.000E+00
 GOHCCHO     =   0.000E+00   PC2H3+      =   1.253E+02   OHCCHO+     =   0.000E+00
 ROHCCHO     =   0.000E+00   CH3COCH3    =   2.662E+03   HOCHCHO     =   0.000E+00
 GHOCH2CO    =   0.000E+00   PC2H4+      =   2.892E+01   C2O2H3+     =   0.000E+00
 OHCCH2O+    =   0.000E+00   CH3CS+      =   2.324E+08   CH3COCH4+   =   1.574E+02
 OCH2CHO     =   0.000E+00   COOCH3+     =   3.066E-13   RHOCH2CO    =   0.000E+00
 GCOOCH3     =   0.000E+00   GOCH2CHO    =   0.000E+00   GCH2COOH    =   0.000E+00
 GHOCHCHO    =   0.000E+00   COOCH3      =   4.814E-08   RCH2COOH    =   0.000E+00
 RHOCHCHO    =   0.000E+00   RCOOCH3     =   0.000E+00   ROCH2CHO    =   0.000E+00
 HOCH2CO     =   0.000E+00   HOCH2CO+    =   0.000E+00   CH2COOH     =   0.000E+00
 OCS+        =   6.990E+10   GSiS        =   0.000E+00   C5          =   2.313E+13
 ROCS        =   0.000E+00   OCS         =   2.011E+13   GOCS        =   0.000E+00
 SiS         =   6.466E+16   HOCH2CHO    =   0.000E+00   HCOOCH3     =   6.362E+00
 SiO2        =   2.627E+11   SiS+        =   1.224E+12   HCOOCH3+    =   1.367E-03
 RSiS        =   0.000E+00   CH3COOH+    =   0.000E+00   CH3COOH     =   0.000E+00
 GSiO2       =   0.000E+00   GHOCH2CHO   =   0.000E+00   C2O2H4+     =   0.000E+00
 RC5         =   0.000E+00   C5-         =   7.735E+12   GHCOOCH3    =   0.000E+00
 GCH3COOH    =   0.000E+00   RHOCH2CHO   =   0.000E+00   HOCH2CHO+   =   0.000E+00
 GC5         =   0.000E+00   RHCOOCH3    =   0.000E+00   RCH3COOH    =   0.000E+00
 C5+         =   1.570E+08   RSiO2       =   0.000E+00   RC5H        =   0.000E+00
 H5C2O2+     =   6.019E-01   GC5H        =   0.000E+00   HOCS+       =   8.839E+07
 HSiO2+      =   1.756E+06   C5H-        =   5.069E+12   CH3COOH2+   =   0.000E+00
 GHOCH2CH2O  =   0.000E+00   HOCH2CH2O+  =   0.000E+00   RHOCH2CH2O  =   0.000E+00
 HSiS+       =   1.490E+11   C5H         =   1.604E+13   C5H+        =   2.396E+10
 HOCH2CH2O   =   0.000E+00   CH2OHCH2OH  =   0.000E+00   GC4N        =   0.000E+00
 GCH2OHCH2OH =   0.000E+00   CH2OHCH2OH+ =   0.000E+00   RCH2OHCH2OH =   0.000E+00
 C4N+        =   2.316E+09   C4N         =   1.317E+12   RC4N        =   0.000E+00
 GC5H2       =   0.000E+00   C5H2        =   6.342E+13   RC5H2       =   0.000E+00
 C5H2+       =   4.973E+10   HC4N+       =   4.819E+04   C5H3+       =   2.503E+11
 CH2OHCH2OHH+=   0.000E+00   RS2         =   0.000E+00   SO2+        =   2.834E+01
 GCH3C4H     =   0.000E+00   SO2         =   5.325E+09   CH3C4H+     =   7.287E+09
 GS2         =   0.000E+00   H2C4N+      =   1.456E+06   S2          =   3.462E+11
 RCH3C4H     =   0.000E+00   SiC3+       =   6.908E+11   S2+         =   4.020E+09
 GSiC3       =   0.000E+00   SiC3        =   2.939E+13   GSO2        =   0.000E+00
 RSiC3       =   0.000E+00   RSO2        =   0.000E+00   CH3C4H      =   1.408E+12
 SiC3H       =   5.213E+12   RSiC3H      =   0.000E+00   GSiC3H      =   0.000E+00
 CH3C3N      =   9.621E+11   HSO2+       =   3.801E+03   C5H5+       =   1.731E+11
 HS2         =   6.969E+07   GCH3C3N     =   0.000E+00   RHS2        =   0.000E+00
 HS2+        =   1.236E+07   CH3C3N+     =   1.448E+06   RCH3C3N     =   0.000E+00
 GHS2        =   0.000E+00   SiC3H+      =   2.025E+11   SiC3H2+     =   1.316E+11
 H2S2+       =   3.964E+06   H2S2        =   2.325E+07   RH2S2       =   0.000E+00
 CH3C3NH+    =   3.105E+08   GH2S2       =   0.000E+00   NCCNCH3+    =   2.498E+05
 GC3P        =   0.000E+00   RC3P        =   0.000E+00   C3P         =   3.094E+07
 H3S2+       =   2.528E+06   C3S         =   3.389E+13   C3S+        =   1.135E+11
 GC3S        =   0.000E+00   PC3H+       =   7.726E+05   RC3S        =   0.000E+00
 HC3S+       =   3.103E+10   GC6         =   0.000E+00   C6+         =   1.162E+10
 RC6         =   0.000E+00   C6-         =   9.546E+12   C6          =   5.170E+12
 C6H         =   5.076E+13   C6H+        =   1.413E+10   C6H-        =   3.202E+13
 GC6H        =   0.000E+00   RC6H        =   0.000E+00   RC6H2       =   0.000E+00
 C5N+        =   8.596E+04   C6H2        =   1.076E+14   C6H2+       =   3.183E+10
 RC5N        =   0.000E+00   C5N         =   2.086E+12   NHCH2COOH   =   0.000E+00
 GC5N        =   0.000E+00   GC6H2       =   0.000E+00   C5N-        =   1.772E+12
 RNHCH2COOH  =   0.000E+00   GNHCH2COOH  =   0.000E+00   GHC5N       =   0.000E+00
 C6H3+       =   4.670E+09   RHC5N       =   0.000E+00   HC5N+       =   2.156E+05
 NH2CH2COOH+ =   0.000E+00   RNH2CH2COOH =   0.000E+00   NH2CH2COOH  =   0.000E+00
 HC5N        =   5.009E+13   GNH2CH2COOH =   0.000E+00   SiC4+       =   2.677E+11
 NH2CH2COOH2+=   0.000E+00   RSiC4       =   0.000E+00   SiC4        =   3.702E+12
 GSiC4       =   0.000E+00   C6H4+       =   1.379E+10   HC5NH+      =   1.588E+08
 SiC4H+      =   1.341E+12   C6H5+       =   2.738E+08   H3C5N+      =   1.981E+07
 RC6H6       =   0.000E+00   GC6H6       =   0.000E+00   C6H6        =   1.021E+13
 C6H6+       =   2.497E+08   GC4P        =   0.000E+00   C4P         =   1.232E+07
 RC4P        =   0.000E+00   C4P+        =   6.380E-01   C6H7+       =   8.035E+11
 GC4S        =   0.000E+00   PC4H+       =   8.793E+05   C4S+        =   4.066E+10
 C4S         =   7.384E+11   RC4S        =   0.000E+00   HC4S+       =   2.617E+10
 RC7         =   0.000E+00   C7          =   4.752E+12   GC7         =   0.000E+00
 C7-         =   2.688E+13   C7+         =   4.741E+09   C7H-        =   2.145E+13
 RC7H        =   0.000E+00   C7H         =   1.127E+13   GC7H        =   0.000E+00
 C7H+        =   2.566E+10   GC7H2       =   0.000E+00   RC7H2       =   0.000E+00
 C7H2        =   5.525E+13   C7H2+       =   1.334E+10   C7H3+       =   3.278E+09
 RCH3C6H     =   0.000E+00   CH3C6H      =   1.333E+11   C7H4+       =   2.170E+09
 GCH3C6H     =   0.000E+00   GCH3C5N     =   0.000E+00   CH3C5N      =   5.544E+08
 RCH3C5N     =   0.000E+00   C7H5+       =   3.507E+09   CH3C5NH+    =   4.084E+06
 RC8         =   0.000E+00   C8-         =   2.455E+13   C8+         =   2.003E+10
 GC8         =   0.000E+00   C8          =   1.248E+13   C8H-        =   1.263E+13
 C8H         =   2.024E+13   C8H+        =   1.553E+09   RC8H        =   0.000E+00
 GC8H        =   0.000E+00   GC8H2       =   0.000E+00   C7N+        =   6.583E+07
 C7N         =   3.750E+12   C8H2        =   3.991E+13   RC8H2       =   0.000E+00
 C8H2+       =   2.330E+10   RC7N        =   0.000E+00   GC7N        =   0.000E+00
 HC7N        =   2.355E+13   GHC7N       =   0.000E+00   HC7N+       =   3.806E+09
 C8H3+       =   1.268E+09   RHC7N       =   0.000E+00   H2C7N+      =   3.905E+09
 C8H4+       =   6.872E+08   H3C7N+      =   6.837E+06   C8H5+       =   1.088E+06
 C9+         =   1.200E+10   C9-         =   2.967E+13   GC9         =   0.000E+00
 RC9         =   0.000E+00   C9          =   5.124E+12   C9H         =   5.728E+12
 C9H+        =   1.618E+10   GC9H        =   0.000E+00   C9H-        =   1.177E+13
 RC9H        =   0.000E+00   C9H2        =   4.764E+13   C9H2+       =   9.614E+09
 RC9H2       =   0.000E+00   GC9H2       =   0.000E+00   C9H3+       =   3.973E+08
 C9H4+       =   1.851E+08   CH3C7N      =   2.631E+08   C9H5+       =   2.455E+04
 GCH3C7N     =   0.000E+00   RCH3C7N     =   0.000E+00   CH3C7NH+    =   1.881E+06
 GC10        =   0.000E+00   C10+        =   2.576E+10   C10         =   5.944E+12
 RC10        =   0.000E+00   C10-        =   1.164E+13   C10H+       =   1.435E+10
 GC10H       =   0.000E+00   C10H        =   5.566E+12   RC10H       =   0.000E+00
 C10H-       =   3.434E+12   GC9N        =   0.000E+00   C10H2+      =   8.701E+09
 RC9N        =   0.000E+00   GC10H2      =   0.000E+00   C9N+        =   3.036E+07
 C10H2       =   1.324E+13   C9N         =   1.708E+12   RC10H2      =   0.000E+00
 C10H3+      =   1.162E+07   GHC9N       =   0.000E+00   HC9N        =   3.073E+12
 HC9N+       =   8.057E+08   RHC9N       =   0.000E+00   H2C9N+      =   2.364E+08
 H3C9N+      =   4.154E+05   RC11        =   0.000E+00   C11+        =   9.766E+09
 GC11        =   0.000E+00   C11         =   9.221E+11   e-          =   2.487E+16
 H2          =   1.102E+22
