


                   **  CALCULATED COLUMN DENSITIES  **


 H           =   9.971E+16   RH          =   0.000E+00   GH          =   0.000E+00
 H+          =   2.632E+11   H-          =   5.647E+07   GH2         =   0.000E+00
 H2+         =   6.070E+08   RH2         =   0.000E+00   H3+         =   7.937E+10
 He          =   1.343E+21   GHe         =   0.000E+00   He+         =   1.708E+11
 RHe         =   0.000E+00   HeH+        =   8.887E+06   C-          =   6.083E+07
 GC          =   0.000E+00   C+          =   8.053E+15   C           =   5.362E+15
 RC          =   0.000E+00   RCH         =   0.000E+00   CH          =   2.054E+14
 GCH         =   0.000E+00   CH+         =   2.063E+10   CH-         =   7.813E+05
 RCH2        =   0.000E+00   GN          =   0.000E+00   CH2+        =   2.028E+10
 N+          =   4.673E+06   CH2         =   1.118E+14   GCH2        =   0.000E+00
 N           =   7.990E+15   RN          =   0.000E+00   RCH3        =   0.000E+00
 NH+         =   1.281E+06   CH3         =   4.548E+13   CH3+        =   1.379E+12
 GCH3        =   0.000E+00   RNH         =   0.000E+00   NH          =   2.603E+12
 GNH         =   0.000E+00   GO          =   0.000E+00   O-          =   2.132E+06
 RO          =   0.000E+00   CH4         =   2.702E+16   CH4+        =   2.913E+08
 NH2         =   3.500E+12   RCH4        =   0.000E+00   RNH2        =   0.000E+00
 O+          =   1.443E+06   NH2+        =   2.620E+07   O           =   3.950E+15
 GCH4        =   0.000E+00   GNH2        =   0.000E+00   CH5+        =   1.170E+10
 OH          =   1.507E+14   RNH3        =   0.000E+00   OH+         =   1.078E+07
 ROH         =   0.000E+00   GOH         =   0.000E+00   OH-         =   6.766E+06
 NH3+        =   1.550E+10   NH3         =   4.620E+14   GNH3        =   0.000E+00
 RH2O        =   0.000E+00   H2O         =   1.981E+16   H2O+        =   1.106E+08
 GH2O        =   0.000E+00   NH4+        =   4.698E+11   F+          =   9.124E+03
 F           =   4.922E+11   GF          =   0.000E+00   H3O+        =   1.810E+11
 RF          =   0.000E+00   GHF         =   0.000E+00   RHF         =   0.000E+00
 HF          =   1.337E+14   HF+         =   2.586E+03   H2F+        =   4.083E+08
 Na+         =   1.492E+12   GNa         =   0.000E+00   Na          =   7.752E+13
 RNa         =   0.000E+00   C2          =   1.329E+15   Mg          =   7.803E+13
 RC2         =   0.000E+00   RMg         =   0.000E+00   C2-         =   1.381E+07
 GMg         =   0.000E+00   C2+         =   5.352E+10   Mg+         =   9.756E+11
 GC2         =   0.000E+00   RC2H        =   0.000E+00   GC2H        =   0.000E+00
 C2H-        =   2.045E+09   C2H         =   1.065E+15   C2H+        =   5.202E+10
 CN          =   2.746E+15   GC2H2       =   0.000E+00   GCN         =   0.000E+00
 CN-         =   6.375E+09   C2H2        =   3.401E+17   C2H2+       =   3.866E+12
 CN+         =   4.299E+06   RC2H2       =   0.000E+00   RCN         =   0.000E+00
 GHNC        =   0.000E+00   HCN+        =   1.037E+07   RHNC        =   0.000E+00
 HCN         =   3.166E+17   HNC         =   6.786E+13   GHCN        =   0.000E+00
 GC2H3       =   0.000E+00   RC2H3       =   0.000E+00   C2H3        =   1.978E+12
 C2H3+       =   2.083E+13   RHCN        =   0.000E+00   H2CN        =   4.622E+11
 RN2         =   0.000E+00   Si+         =   2.136E+15   CO          =   6.318E+18
 GSi         =   0.000E+00   RC2H4       =   0.000E+00   GCO         =   0.000E+00
 N2+         =   2.677E+05   GC2H4       =   0.000E+00   RCO         =   0.000E+00
 C2H4        =   5.238E+14   C2H4+       =   6.057E+10   GN2         =   0.000E+00
 RSi         =   0.000E+00   RH2CN       =   0.000E+00   N2          =   3.137E+17
 H2NC+       =   1.473E+09   CO+         =   1.851E+08   HCNH+       =   3.265E+13
 Si          =   4.222E+14   GH2CN       =   0.000E+00   CH2NH       =   3.066E+08
 SiH+        =   2.251E+09   RHCO        =   0.000E+00   GCH2NH      =   0.000E+00
 SiH         =   2.219E+12   N2H+        =   2.307E+09   C2H5        =   2.382E+10
 C2H5+       =   6.389E+09   GHCO        =   0.000E+00   RCH2NH      =   0.000E+00
 HOC+        =   8.767E+08   GSiH        =   0.000E+00   GC2H5       =   0.000E+00
 RC2H5       =   0.000E+00   HCO         =   2.455E+11   RSiH        =   0.000E+00
 HCO+        =   2.900E+11   GCH3NH      =   0.000E+00   RCH2NH2     =   0.000E+00
 CH2NH2+     =   4.457E+05   RSiH2       =   0.000E+00   SiH2+       =   8.663E+08
 SiH2        =   3.643E+06   C2H6        =   6.124E+10   C2H6+       =   9.514E+07
 CH3NH       =   0.000E+00   RCH3NH      =   0.000E+00   GCH2NH2     =   0.000E+00
 GSiH2       =   0.000E+00   NO+         =   6.380E+09   GC2H6       =   0.000E+00
 CH3NH+      =   1.591E+08   CH2NH2      =   0.000E+00   NO          =   3.086E+12
 GNO         =   0.000E+00   RH2CO       =   0.000E+00   H2CO+       =   1.504E+09
 RNO         =   0.000E+00   GH2CO       =   0.000E+00   RC2H6       =   0.000E+00
 H2CO        =   5.294E+11   SiH3+       =   7.517E+05   P+          =   1.694E+12
 GHNO        =   0.000E+00   RCH3NH2     =   0.000E+00   CH3O        =   1.471E+02
 RSiH3       =   0.000E+00   SiH3        =   7.712E+01   GCH2OH      =   0.000E+00
 HNO         =   4.273E+10   GSiH3       =   0.000E+00   RCH2OH      =   0.000E+00
 CF+         =   4.699E+10   H3CO+       =   4.478E+07   C2H7+       =   1.363E+04
 P           =   3.864E+11   CH3NH2+     =   2.373E+05   RHNO        =   0.000E+00
 GCH3NH2     =   0.000E+00   HNO+        =   8.908E+05   RP          =   0.000E+00
 RCH3O       =   0.000E+00   CH3NH2      =   6.938E+07   GCH3O       =   0.000E+00
 GP          =   0.000E+00   CH2OH       =   1.299E+07   S-          =   1.629E+07
 GPH         =   0.000E+00   GS          =   0.000E+00   RO2         =   0.000E+00
 GCH3OH      =   0.000E+00   O2          =   6.173E+11   PH+         =   2.032E+06
 GO2         =   0.000E+00   RCH3OH      =   0.000E+00   CH3NH3+     =   1.375E+08
 RS          =   0.000E+00   RPH         =   0.000E+00   CH3OH+      =   1.972E+03
 S           =   6.674E+14   CH3OH       =   6.166E+06   SiH4+       =   1.816E-08
 SiH4        =   5.439E+01   GHNOH       =   0.000E+00   GSiH4       =   0.000E+00
 H2NO+       =   7.958E+04   O2-         =   4.182E-05   RHNOH       =   0.000E+00
 RSiH4       =   0.000E+00   HNOH        =   0.000E+00   HNOH+       =   0.000E+00
 PH          =   1.095E+09   O2+         =   3.464E+08   S+          =   8.671E+14
 GPH2        =   0.000E+00   HS+         =   8.892E+08   NH2OH       =   0.000E+00
 RPH2        =   0.000E+00   CH3OH2+     =   9.441E+06   RHS         =   0.000E+00
 PH2         =   1.695E+03   SiH5+       =   1.650E+01   GNH2OH      =   0.000E+00
 NH2OH+      =   0.000E+00   PH2+        =   8.400E+05   RO2H        =   0.000E+00
 RNH2OH      =   0.000E+00   O2H         =   1.126E+05   GO2H        =   0.000E+00
 GHS         =   0.000E+00   HS          =   1.369E+13   O2H+        =   1.205E+02
 GH2S        =   0.000E+00   H2S+        =   4.047E+09   H2O2        =   2.845E+00
 RH2S        =   0.000E+00   H2S         =   3.095E+13   GH2O2       =   0.000E+00
 NH3OH+      =   0.000E+00   PH3+        =   5.172E+01   RH2O2       =   0.000E+00
 Cl          =   5.397E+13   GCl         =   0.000E+00   H3S+        =   1.934E+09
 RCl         =   0.000E+00   Cl+         =   1.214E+09   C3-         =   6.903E+08
 GHCl        =   0.000E+00   C3+         =   1.921E+10   HCl+        =   8.330E+08
 RHCl        =   0.000E+00   HCl         =   2.514E+15   C3          =   1.221E+14
 GC3         =   0.000E+00   RC3         =   0.000E+00   GC3H        =   0.000E+00
 C3H-        =   1.453E+10   C3H+        =   2.671E+11   C3H         =   1.435E+14
 RC3H        =   0.000E+00   H2Cl+       =   3.303E+10   C2N+        =   1.066E+10
 RC2N        =   0.000E+00   C2N         =   7.945E+12   H2CCC       =   9.791E+12
 C3H2+       =   2.395E+11   C3H2        =   4.081E+13   CNC+        =   5.036E+11
 GC2N        =   0.000E+00   GH2CCC      =   0.000E+00   RC3H2       =   0.000E+00
 RH2CCC      =   0.000E+00   GC3H2       =   0.000E+00   GCH2CCH     =   0.000E+00
 C3H3+       =   1.391E+11   RCH2CCH     =   0.000E+00   CH2CCH      =   7.244E+13
 RHCCN       =   0.000E+00   HCCN        =   0.000E+00   C2NH+       =   3.882E+10
 CH2CCH+     =   1.590E+11   GHCCN       =   0.000E+00   GCH3CCH     =   0.000E+00
 CH2CCH2     =   1.138E+11   RSiC        =   0.000E+00   GCH2CN      =   0.000E+00
 CH3CCH      =   1.124E+12   CH2CN+      =   1.793E+10   RCH3CCH     =   0.000E+00
 GSiC        =   0.000E+00   RCH2CN      =   0.000E+00   C2O         =   5.803E+11
 GC2O        =   0.000E+00   SiC+        =   4.720E+09   GCH2CCH2    =   0.000E+00
 SiC         =   7.700E+13   C2O+        =   3.046E+08   RCH2CCH2    =   0.000E+00
 CH2CN       =   2.557E+10   C3H4+       =   5.836E+09   RC2O        =   0.000E+00
 GCH3CN      =   0.000E+00   CH3CN+      =   6.362E+06   HC2O+       =   6.256E+09
 HC2O        =   1.048E+05   RCH3CN      =   0.000E+00   CH3CN       =   4.588E+12
 GHC2O       =   0.000E+00   GHCSi       =   0.000E+00   HCSi        =   1.685E+13
 C3H5+       =   2.206E+11   RHC2O       =   0.000E+00   RHCSi       =   0.000E+00
 HCSi+       =   4.954E+09   CH2CO+      =   9.999E+08   GCH3CHCH2   =   0.000E+00
 RSiCH2      =   0.000E+00   SiCH2+      =   6.105E+11   GCH2CO      =   0.000E+00
 RCH2CO      =   0.000E+00   RCH3CHCH2   =   0.000E+00   NH2CN       =   4.541E+10
 GSiCH2      =   0.000E+00   RCNO        =   0.000E+00   OCN+        =   1.617E+02
 GNH2CN      =   0.000E+00   CH3CHCH2    =   7.165E+11   CNO         =   7.988E+00
 GSiN        =   0.000E+00   OCN         =   3.282E+12   ROCN        =   0.000E+00
 SiCH2       =   1.887E+11   C3H6+       =   1.646E+09   SiN         =   1.390E+12
 GOCN        =   0.000E+00   CH3CNH+     =   6.597E+11   CH2CO       =   2.489E+10
 GCNO        =   0.000E+00   SiN+        =   9.702E+09   RNH2CN      =   0.000E+00
 RSiN        =   0.000E+00   CP+         =   2.224E+06   HOCN+       =   5.713E+03
 HCNO        =   9.658E+08   RSiCH3      =   0.000E+00   SiCH3+      =   8.145E+06
 GCH3CO      =   0.000E+00   NH2CNH+     =   1.303E+05   HCNO+       =   3.586E-01
 GHOCN       =   0.000E+00   HOCN        =   2.226E+08   GHCNO       =   0.000E+00
 RCH3CO      =   0.000E+00   RHOCN       =   0.000E+00   RHCNO       =   0.000E+00
 HNSi        =   1.116E+11   HNSi+       =   2.286E+03   GSiCH3      =   0.000E+00
 CH3CO+      =   1.729E+08   GHONC       =   0.000E+00   CH3CO       =   4.088E+05
 HONC+       =   2.113E-05   RHNSi       =   0.000E+00   HONC        =   1.754E+04
 GCP         =   0.000E+00   GHNCO       =   0.000E+00   GHNSi       =   0.000E+00
 C3H7+       =   2.013E+11   HNCO+       =   5.713E+03   CP          =   1.288E+12
 RCP         =   0.000E+00   RHNCO       =   0.000E+00   RHONC       =   0.000E+00
 HNCO        =   3.226E+08   SiCH3       =   1.425E+08   N2O+        =   9.913E+04
 RSiO        =   0.000E+00   CH3CHO      =   6.208E+08   GN2O        =   0.000E+00
 GCS         =   0.000E+00   GCO2        =   0.000E+00   RCH3CHO     =   0.000E+00
 GHNCHO      =   0.000E+00   CS          =   8.267E+16   N2O         =   6.000E+07
 CO2+        =   7.555E+00   GCH3CHO     =   0.000E+00   RCO2        =   0.000E+00
 SiO+        =   4.216E+09   H2OCN+      =   8.106E+06   H2CNO+      =   1.217E+03
 SiNH2+      =   9.253E+09   NH2CO       =   0.000E+00   HCNOH+      =   1.217E+03
 RHNCHO      =   0.000E+00   HCP         =   1.941E+14   HCP+        =   3.037E+06
 GSiO        =   0.000E+00   RCS         =   0.000E+00   RN2O        =   0.000E+00
 SiO         =   3.867E+16   CO2         =   1.123E+12   GNH2CO      =   0.000E+00
 HNCHO       =   0.000E+00   HNCOH+      =   1.623E+07   GHCP        =   0.000E+00
 CH3CHO+     =   1.013E+06   RNH2CO      =   0.000E+00   H2NCO+      =   8.126E+06
 RHCP        =   0.000E+00   CS+         =   1.581E+10   SiCH4+      =   8.233E+06
 GHCS        =   0.000E+00   COOH        =   0.000E+00   PN+         =   2.172E+01
 CH3OCH2     =   7.195E-06   NH2CHO+     =   0.000E+00   RHCS        =   0.000E+00
 PN          =   2.695E+08   RPN         =   0.000E+00   RCOOH       =   0.000E+00
 CH3CHOH+    =   6.264E+07   RNH2CHO     =   0.000E+00   HCS+        =   7.389E+11
 HN2O+       =   1.050E+01   GNH2CHO     =   0.000E+00   SiOH+       =   6.951E+12
 PCH2+       =   1.845E+09   NH2CHO      =   2.607E+07   GPN         =   0.000E+00
 HCO2+       =   3.290E+07   GCOOH       =   0.000E+00   HCS         =   3.403E+11
 C2H5OH      =   4.816E+02   H2SiO+      =   8.226E+02   HCOOH       =   1.026E+07
 CH2PH       =   5.085E+03   GHCOOH      =   0.000E+00   HPN+        =   3.894E+01
 GH2SiO      =   0.000E+00   RHCOOH      =   0.000E+00   RH2SiO      =   0.000E+00
 NS+         =   1.528E+09   H2CS        =   8.365E+11   RH2CS       =   0.000E+00
 GNS         =   0.000E+00   NS          =   7.394E+11   RCH2PH      =   0.000E+00
 GCH3OCH3    =   0.000E+00   GC2H5OH     =   0.000E+00   C2H5OH+     =   2.043E+00
 H2CS+       =   5.515E+08   GNO2        =   0.000E+00   RCH3OCH3    =   0.000E+00
 RC2H5OH     =   0.000E+00   NO2         =   3.282E+06   PCH3+       =   1.543E+03
 RNO2        =   0.000E+00   H2SiO       =   1.097E+00   GH2CS       =   0.000E+00
 CH3OCH3     =   3.631E-01   RNS         =   0.000E+00   CH3OCH3+    =   2.187E-03
 NO2+        =   1.339E+02   NH2CH2O+    =   6.023E+02   HCOOH+      =   2.263E+04
 GCH2PH      =   0.000E+00   HCOOH2+     =   7.999E+06   H3CS+       =   1.509E+10
 RPO         =   0.000E+00   GPO         =   0.000E+00   PNH2+       =   1.560E+05
 HNS+        =   6.032E+05   PCH4+       =   4.822E+02   C2H5OH2+    =   2.178E+02
 PO+         =   1.012E+08   CCl+        =   2.095E+09   CH3OCH4+    =   4.962E-02
 PO          =   1.339E+09   H3SiO+      =   9.825E-03   RCCl        =   0.000E+00
 SiF+        =   7.581E+10   CCl         =   9.467E+08   GCCl        =   0.000E+00
 GO3         =   0.000E+00   GHPO        =   0.000E+00   SO          =   3.969E+11
 RO3         =   0.000E+00   PNH3+       =   3.795E+01   RHPO        =   0.000E+00
 C4          =   8.272E+12   SO+         =   4.804E+10   O3          =   0.000E+00
 HPO+        =   4.015E+07   GC4         =   0.000E+00   C4+         =   1.500E+09
 HPO         =   1.889E+04   GSO         =   0.000E+00   RSO         =   0.000E+00
 C4-         =   7.211E+11   RC4         =   0.000E+00   GC4H        =   0.000E+00
 H2CCl+      =   3.415E+07   RC4H        =   0.000E+00   HSO+        =   9.547E+05
 H2PO+       =   8.476E+02   C4H         =   4.971E+13   C4H+        =   4.202E+09
 C4H-        =   3.699E+12   GC3N        =   0.000E+00   RC3N        =   0.000E+00
 C3N         =   2.064E+13   C4H2        =   5.619E+13   RC4H2       =   0.000E+00
 C4H2+       =   1.771E+11   C3N+        =   2.541E+06   C3N-        =   7.151E+10
 GC4H2       =   0.000E+00   ClO         =   2.737E-08   GHC3N       =   0.000E+00
 HNC3        =   2.789E+11   RClO        =   0.000E+00   C4H3        =   1.471E+11
 C4H3+       =   3.203E+12   RC4H3       =   0.000E+00   RHNC3       =   0.000E+00
 ClO+        =   4.198E-13   GC4H3       =   0.000E+00   HC3N+       =   2.970E+09
 GHNC3       =   0.000E+00   RHC3N       =   0.000E+00   HC3N        =   3.582E+14
 GClO        =   0.000E+00   C2N2+       =   3.733E+06   RCH2CHCCH   =   0.000E+00
 C3O+        =   1.747E+02   C3O         =   1.593E+09   C4H4+       =   4.719E+07
 GCH2CHCCH   =   0.000E+00   SiC2+       =   1.547E+10   RC3O        =   0.000E+00
 GNCCN       =   0.000E+00   GSiC2       =   0.000E+00   HC3NH+      =   1.905E+11
 SiC2        =   1.464E+17   NCCN        =   8.959E+12   CH2CHCCH    =   3.148E+10
 GC3O        =   0.000E+00   RNCCN       =   0.000E+00   RSiC2       =   0.000E+00
 RSiC2H      =   0.000E+00   SiC2H       =   2.463E+14   C4H5+       =   8.313E+09
 HC3O+       =   1.469E+07   CH2CHCN+    =   7.342E+08   CH2CHCN     =   5.294E+11
 GSiC2H      =   0.000E+00   RCH2CHCN    =   0.000E+00   NCCNH+      =   9.254E+08
 GCH2CHCN    =   0.000E+00   SiC2H+      =   7.452E+12   C4H6        =   2.593E+09
 GSiC2H2     =   0.000E+00   SiC2H2+     =   2.441E+10   C2H4CN      =   0.000E+00
 C3H2O+      =   8.085E+06   RSiNC       =   0.000E+00   GSiNC       =   0.000E+00
 RSiC2H2     =   0.000E+00   CH2CHCNH+   =   2.256E+08   RC4H6       =   0.000E+00
 RC2H4CN     =   0.000E+00   SiNC+       =   1.787E+11   SiNC        =   9.875E+08
 SiC2H2      =   5.276E+11   GC4H6       =   0.000E+00   GC2H4CN     =   0.000E+00
 SiC2H3+     =   7.244E+10   GC2H5CN     =   0.000E+00   RCCP        =   0.000E+00
 C2H5CN      =   1.556E+07   C4H7+       =   7.209E+06   GCCP        =   0.000E+00
 H3C3O+      =   3.333E+08   RC2H5CN     =   0.000E+00   CCP         =   3.597E+10
 CCP+        =   1.635E+08   SiNCH+      =   9.247E+07   RHC2P       =   0.000E+00
 Fe          =   7.776E+13   RFe         =   0.000E+00   GFe         =   0.000E+00
 GHC2P       =   0.000E+00   HC2P+       =   2.002E+09   C2S+        =   2.588E+09
 RC2S        =   0.000E+00   C2S         =   7.159E+13   C2H5CNH+    =   6.278E+05
 HC2P        =   1.730E+07   Fe+         =   1.249E+12   GC2S        =   0.000E+00
 HC2S+       =   1.758E+12   PC2H2+      =   7.864E+05   RCH3COCH3   =   0.000E+00
 CH3COCH3+   =   3.398E+00   GCH3COCH3   =   0.000E+00   OHCCHO      =   0.000E+00
 GOHCCHO     =   0.000E+00   PC2H3+      =   3.032E+01   OHCCHO+     =   0.000E+00
 ROHCCHO     =   0.000E+00   CH3COCH3    =   1.042E+03   HOCHCHO     =   0.000E+00
 GHOCH2CO    =   0.000E+00   PC2H4+      =   7.721E+00   C2O2H3+     =   0.000E+00
 OHCCH2O+    =   0.000E+00   CH3CS+      =   2.012E+08   CH3COCH4+   =   9.098E+01
 OCH2CHO     =   0.000E+00   COOCH3+     =   4.917E-13   RHOCH2CO    =   0.000E+00
 GCOOCH3     =   0.000E+00   GOCH2CHO    =   0.000E+00   GCH2COOH    =   0.000E+00
 GHOCHCHO    =   0.000E+00   COOCH3      =   6.553E-09   RCH2COOH    =   0.000E+00
 RHOCHCHO    =   0.000E+00   RCOOCH3     =   0.000E+00   ROCH2CHO    =   0.000E+00
 HOCH2CO     =   0.000E+00   HOCH2CO+    =   0.000E+00   CH2COOH     =   0.000E+00
 OCS+        =   3.177E+10   GSiS        =   0.000E+00   C5          =   3.768E+12
 ROCS        =   0.000E+00   OCS         =   5.360E+12   GOCS        =   0.000E+00
 SiS         =   4.669E+16   HOCH2CHO    =   0.000E+00   HCOOCH3     =   2.315E+00
 SiO2        =   6.728E+10   SiS+        =   1.210E+12   HCOOCH3+    =   7.321E-04
 RSiS        =   0.000E+00   CH3COOH+    =   0.000E+00   CH3COOH     =   0.000E+00
 GSiO2       =   0.000E+00   GHOCH2CHO   =   0.000E+00   C2O2H4+     =   0.000E+00
 RC5         =   0.000E+00   C5-         =   1.256E+12   GHCOOCH3    =   0.000E+00
 GCH3COOH    =   0.000E+00   RHOCH2CHO   =   0.000E+00   HOCH2CHO+   =   0.000E+00
 GC5         =   0.000E+00   RHCOOCH3    =   0.000E+00   RCH3COOH    =   0.000E+00
 C5+         =   1.552E+08   RSiO2       =   0.000E+00   RC5H        =   0.000E+00
 H5C2O2+     =   3.135E-01   GC5H        =   0.000E+00   HOCS+       =   1.466E+07
 HSiO2+      =   2.427E+05   C5H-        =   9.363E+11   CH3COOH2+   =   0.000E+00
 GHOCH2CH2O  =   0.000E+00   HOCH2CH2O+  =   0.000E+00   RHOCH2CH2O  =   0.000E+00
 HSiS+       =   7.732E+10   C5H         =   3.138E+12   C5H+        =   9.351E+09
 HOCH2CH2O   =   0.000E+00   CH2OHCH2OH  =   0.000E+00   GC4N        =   0.000E+00
 GCH2OHCH2OH =   0.000E+00   CH2OHCH2OH+ =   0.000E+00   RCH2OHCH2OH =   0.000E+00
 C4N+        =   2.094E+09   C4N         =   2.440E+11   RC4N        =   0.000E+00
 GC5H2       =   0.000E+00   C5H2        =   1.279E+13   RC5H2       =   0.000E+00
 C5H2+       =   3.371E+10   HC4N+       =   5.916E+04   C5H3+       =   1.288E+11
 CH2OHCH2OHH+=   0.000E+00   RS2         =   0.000E+00   SO2+        =   3.898E+00
 GCH3C4H     =   0.000E+00   SO2         =   5.539E+08   CH3C4H+     =   5.362E+09
 GS2         =   0.000E+00   H2C4N+      =   9.225E+05   S2          =   5.075E+10
 RCH3C4H     =   0.000E+00   SiC3+       =   3.390E+11   S2+         =   1.289E+09
 GSiC3       =   0.000E+00   SiC3        =   1.002E+13   GSO2        =   0.000E+00
 RSiC3       =   0.000E+00   RSO2        =   0.000E+00   CH3C4H      =   7.357E+11
 SiC3H       =   3.215E+12   RSiC3H      =   0.000E+00   GSiC3H      =   0.000E+00
 CH3C3N      =   3.176E+11   HSO2+       =   2.005E+02   C5H5+       =   1.960E+11
 HS2         =   4.283E+07   GCH3C3N     =   0.000E+00   RHS2        =   0.000E+00
 HS2+        =   8.472E+06   CH3C3N+     =   9.120E+05   RCH3C3N     =   0.000E+00
 GHS2        =   0.000E+00   SiC3H+      =   1.170E+11   SiC3H2+     =   1.220E+11
 H2S2+       =   6.029E+06   H2S2        =   4.884E+06   RH2S2       =   0.000E+00
 CH3C3NH+    =   1.379E+08   GH2S2       =   0.000E+00   NCCNCH3+    =   1.697E+05
 GC3P        =   0.000E+00   RC3P        =   0.000E+00   C3P         =   9.057E+06
 H3S2+       =   7.904E+05   C3S         =   1.070E+13   C3S+        =   6.041E+10
 GC3S        =   0.000E+00   PC3H+       =   3.340E+05   RC3S        =   0.000E+00
 HC3S+       =   2.035E+10   GC6         =   0.000E+00   C6+         =   1.882E+09
 RC6         =   0.000E+00   C6-         =   1.227E+12   C6          =   6.588E+11
 C6H         =   8.879E+12   C6H+        =   2.511E+09   C6H-        =   5.608E+12
 GC6H        =   0.000E+00   RC6H        =   0.000E+00   RC6H2       =   0.000E+00
 C5N+        =   3.209E+04   C6H2        =   2.462E+13   C6H2+       =   1.038E+10
 RC5N        =   0.000E+00   C5N         =   4.994E+11   NHCH2COOH   =   0.000E+00
 GC5N        =   0.000E+00   GC6H2       =   0.000E+00   C5N-        =   4.401E+11
 RNHCH2COOH  =   0.000E+00   GNHCH2COOH  =   0.000E+00   GHC5N       =   0.000E+00
 C6H3+       =   2.960E+09   RHC5N       =   0.000E+00   HC5N+       =   1.166E+05
 NH2CH2COOH+ =   0.000E+00   RNH2CH2COOH =   0.000E+00   NH2CH2COOH  =   0.000E+00
 HC5N        =   7.935E+12   GNH2CH2COOH =   0.000E+00   SiC4+       =   1.075E+11
 NH2CH2COOH2+=   0.000E+00   RSiC4       =   0.000E+00   SiC4        =   5.800E+11
 GSiC4       =   0.000E+00   C6H4+       =   9.944E+09   HC5NH+      =   2.986E+07
 SiC4H+      =   5.347E+11   C6H5+       =   4.462E+08   H3C5N+      =   8.670E+06
 RC6H6       =   0.000E+00   GC6H6       =   0.000E+00   C6H6        =   4.911E+12
 C6H6+       =   2.049E+08   GC4P        =   0.000E+00   C4P         =   2.537E+06
 RC4P        =   0.000E+00   C4P+        =   8.384E-02   C6H7+       =   8.458E+11
 GC4S        =   0.000E+00   PC4H+       =   2.592E+05   C4S+        =   1.693E+10
 C4S         =   2.198E+11   RC4S        =   0.000E+00   HC4S+       =   1.711E+10
 RC7         =   0.000E+00   C7          =   5.604E+11   GC7         =   0.000E+00
 C7-         =   3.296E+12   C7+         =   7.479E+08   C7H-        =   2.436E+12
 RC7H        =   0.000E+00   C7H         =   1.249E+12   GC7H        =   0.000E+00
 C7H+        =   3.581E+09   GC7H2       =   0.000E+00   RC7H2       =   0.000E+00
 C7H2        =   4.833E+12   C7H2+       =   1.663E+09   C7H3+       =   1.397E+09
 RCH3C6H     =   0.000E+00   CH3C6H      =   4.807E+10   C7H4+       =   1.016E+09
 GCH3C6H     =   0.000E+00   GCH3C5N     =   0.000E+00   CH3C5N      =   1.018E+08
 RCH3C5N     =   0.000E+00   C7H5+       =   1.988E+09   CH3C5NH+    =   1.009E+06
 RC8         =   0.000E+00   C8-         =   1.951E+12   C8+         =   2.011E+09
 GC8         =   0.000E+00   C8          =   9.449E+11   C8H-        =   8.827E+11
 C8H         =   1.313E+12   C8H+        =   1.771E+08   RC8H        =   0.000E+00
 GC8H        =   0.000E+00   GC8H2       =   0.000E+00   C7N+        =   7.418E+06
 C7N         =   2.748E+11   C8H2        =   2.052E+12   RC8H2       =   0.000E+00
 C8H2+       =   1.930E+09   RC7N        =   0.000E+00   GC7N        =   0.000E+00
 HC7N        =   2.213E+12   GHC7N       =   0.000E+00   HC7N+       =   5.629E+08
 C8H3+       =   5.958E+08   RHC7N       =   0.000E+00   H2C7N+      =   3.737E+08
 C8H4+       =   2.858E+08   H3C7N+      =   8.644E+05   C8H5+       =   2.587E+05
 C9+         =   9.688E+08   C9-         =   1.846E+12   GC9         =   0.000E+00
 RC9         =   0.000E+00   C9          =   3.034E+11   C9H         =   2.187E+11
 C9H+        =   8.821E+08   GC9H        =   0.000E+00   C9H-        =   4.911E+11
 RC9H        =   0.000E+00   C9H2        =   1.052E+12   C9H2+       =   2.944E+08
 RC9H2       =   0.000E+00   GC9H2       =   0.000E+00   C9H3+       =   9.236E+07
 C9H4+       =   4.351E+07   CH3C7N      =   2.840E+07   C9H5+       =   2.628E+03
 GCH3C7N     =   0.000E+00   RCH3C7N     =   0.000E+00   CH3C7NH+    =   2.832E+05
 GC10        =   0.000E+00   C10+        =   9.747E+08   C10         =   2.127E+11
 RC10        =   0.000E+00   C10-        =   4.391E+11   C10H+       =   3.616E+08
 GC10H       =   0.000E+00   C10H        =   1.008E+11   RC10H       =   0.000E+00
 C10H-       =   6.852E+10   GC9N        =   0.000E+00   C10H2+      =   1.533E+08
 RC9N        =   0.000E+00   GC10H2      =   0.000E+00   C9N+        =   1.779E+06
 C10H2       =   1.718E+11   C9N         =   4.894E+10   RC10H2      =   0.000E+00
 C10H3+      =   1.538E+06   GHC9N       =   0.000E+00   HC9N        =   8.396E+10
 HC9N+       =   3.160E+07   RHC9N       =   0.000E+00   H2C9N+      =   7.241E+06
 H3C9N+      =   3.747E+04   RC11        =   0.000E+00   C11+        =   2.430E+08
 GC11        =   0.000E+00   C11         =   5.539E+09   e-          =   1.117E+16
 H2          =   7.900E+21
