Starting job 10465012, array task 46 on dave100
Processing pair: pigru_00460  pigru_00470

 Phantom analysis (trace): You data, we analyse

 opening database from /fred/oz304/tdanilov/pigru/pigru.in with 50 entries

 >>> reading setup from file: /fred/oz304/tdanilov/pigru/pigru_00460 on unit   9
 FT:Phantom:2024.0.0:11b3a72 (hydro+Tdust): 09/09/2024 07:44:51.4
 npart =      2406617
 npart(total) =               2406617
 adiabatic eos: gamma =    1.2000000000000000     
 ERROR: could not find cs_min in header
 ERROR: could not find mtot_in in header
 time =    460.00000000000000     

--> ALLOCATING ALL ARRAYS
------------------------------------------------------------
 Total memory allocated to arrays:    4.966 GB n =      5200000
------------------------------------------------------------
 reading particles          1:   2406617, from block     1 lims=         1-   2406617

WARNING! sink particle vwind not found


WARNING! sink particle Twind not found


WARNING! sink particle ieject not found


WARNING! sink particle sftype not found


WARNING! sink particle nseed not found


WARNING! sink particle Rbondi not found


WARNING! sink particle Pr_Bondi not found

 got   29 sink properties from    2 sink particles
 ----------------------------------------------------------
 ID| Mass     | Racc     | Macc     | hsoft    | Lsink    |
 ----------------------------------------------------------
  1|  1.4     |  1.9     |  0.0     |  0.0     | 7.99E-03 |
  2| 0.70     | 5.00E-02 | 1.74E-06 |  0.0     |  0.0     |
 ----------------------------------------------------------

WARNING: iseed_sink not in dump

 <<< finished reading (hydro) file 

Performing analysis type trace               
Input file name is /fred/oz304/tdanilov/pigru/pigru_00460
 Reading config from trace.cfg
   Tracking particle ID range:        10000  to        10100  (         101  particles)
   Skipping first         5000  particles (boundary)
 Creating trace_output directory in: /fred/oz304/beckers/pigru_out/trace_output/
 Tracking          101  particles
 === Initialisation complete: tracking          101  particles (IDs        10000 -       10100 ) ===

 >>> reading setup from file: /fred/oz304/tdanilov/pigru/pigru_00470 on unit   9
 FT:Phantom:2024.0.0:11b3a72 (hydro+Tdust): 09/09/2024 12:44:30.6
 npart =      2456251
 npart(total) =               2456251
 adiabatic eos: gamma =    1.2000000000000000     
 ERROR: could not find cs_min in header
 ERROR: could not find mtot_in in header
 time =    470.00000000000000     
 reading particles          1:   2456251, from block     1 lims=         1-   2456251

WARNING! sink particle vwind not found


WARNING! sink particle Twind not found


WARNING! sink particle ieject not found


WARNING! sink particle sftype not found


WARNING! sink particle nseed not found


WARNING! sink particle Rbondi not found


WARNING! sink particle Pr_Bondi not found

 got   29 sink properties from    2 sink particles
 ----------------------------------------------------------
 ID| Mass     | Racc     | Macc     | hsoft    | Lsink    |
 ----------------------------------------------------------
  1|  1.4     |  1.9     |  0.0     |  0.0     | 7.99E-03 |
  2| 0.70     | 5.00E-02 | 1.83E-06 |  0.0     |  0.0     |
 ----------------------------------------------------------

WARNING: iseed_sink not in dump

 <<< finished reading (hydro) file 

Performing analysis type trace               
Input file name is /fred/oz304/tdanilov/pigru/pigru_00470
 /fred/oz304/tdanilov/pigru/pigru_00470: not first step data, timestep =    2360682531.3386970      npart =      2456251 nprev =      2406617
   Loaded A_V for      2456251  particles from AV/AV_00470
 Filling empty file for particle                 10059
 Filling empty file for particle                 10060
 Filling empty file for particle                 10061
 Filling empty file for particle                 10066
 Filling empty file for particle                 10068
 Filling empty file for particle                 10070
 Filling empty file for particle                 10071
 Filling empty file for particle                 10072
 Filling empty file for particle                 10073
 Filling empty file for particle                 10074
 Filling empty file for particle                 10075
 Filling empty file for particle                 10078
 Filling empty file for particle                 10080
 Filling empty file for particle                 10082
 Filling empty file for particle                 10083
 Filling empty file for particle                 10084
 Filling empty file for particle                 10085
 Filling empty file for particle                 10086
 Filling empty file for particle                 10087
 Filling empty file for particle                 10088
 Filling empty file for particle                 10089
 Filling empty file for particle                 10090
 Filling empty file for particle                 10091
 Filling empty file for particle                 10092
 Filling empty file for particle                 10093
 Filling empty file for particle                 10094
 Filling empty file for particle                 10095
 Filling empty file for particle                 10098
 Filling empty file for particle                 10099
 Filling empty file for particle                 10100
 === Analysis of /fred/oz304/tdanilov/pigru/pigru_00470 complete ===

 Phantom analysis: may your paper be a happy one

Pair (460, 470) complete.

+------------------ Job Report: 10465059 (COMPLETED) ------------------+
| Memory (RAM)  No data available                                      |
| CPU           No data available                                      |
| Time          [>                   ]  0.0% (0-00:00:11 / 0-12:00:00) |
|                                                                      |
| Lustre Filesystem:                                                   |
|   No data available                                                  |
+----------------------------------------------------------------------+
