


                   **  CALCULATED COLUMN DENSITIES  **


 H           =   1.822E+16   RH          =   0.000E+00   GH          =   0.000E+00
 H+          =   2.853E+11   H-          =   7.640E+06   GH2         =   0.000E+00
 H2+         =   2.929E+09   RH2         =   0.000E+00   H3+         =   6.177E+10
 He          =   4.683E+19   GHe         =   0.000E+00   He+         =   1.899E+11
 RHe         =   0.000E+00   HeH+        =   4.167E+07   C-          =   6.702E+06
 GC          =   0.000E+00   C+          =   2.443E+15   C           =   1.257E+15
 RC          =   0.000E+00   RCH         =   0.000E+00   CH          =   5.851E+13
 GCH         =   0.000E+00   CH+         =   4.972E+10   CH-         =   1.430E+04
 RCH2        =   0.000E+00   GN          =   0.000E+00   CH2+        =   4.449E+10
 N+          =   9.930E+07   CH2         =   9.716E+13   GCH2        =   0.000E+00
 N           =   1.285E+15   RN          =   0.000E+00   RCH3        =   0.000E+00
 NH+         =   2.536E+06   CH3         =   2.266E+13   CH3+        =   3.359E+12
 GCH3        =   0.000E+00   RNH         =   0.000E+00   NH          =   7.441E+11
 GNH         =   0.000E+00   GO          =   0.000E+00   O-          =   1.369E+06
 RO          =   0.000E+00   CH4         =   8.176E+14   CH4+        =   7.902E+08
 NH2         =   1.044E+12   RCH4        =   0.000E+00   RNH2        =   0.000E+00
 O+          =   3.517E+07   NH2+        =   5.913E+07   O           =   2.580E+15
 GCH4        =   0.000E+00   GNH2        =   0.000E+00   CH5+        =   2.271E+10
 OH          =   4.138E+13   RNH3        =   0.000E+00   OH+         =   9.316E+07
 ROH         =   0.000E+00   GOH         =   0.000E+00   OH-         =   8.706E+05
 NH3+        =   1.828E+10   NH3         =   1.402E+13   GNH3        =   0.000E+00
 RH2O        =   0.000E+00   H2O         =   6.822E+14   H2O+        =   3.866E+08
 GH2O        =   0.000E+00   NH4+        =   3.635E+10   F+          =   4.758E+03
 F           =   5.847E+10   GF          =   0.000E+00   H3O+        =   3.064E+11
 RF          =   0.000E+00   GHF         =   0.000E+00   RHF         =   0.000E+00
 HF          =   4.597E+12   HF+         =   1.323E+03   H2F+        =   4.612E+06
 Na+         =   1.136E+11   GNa         =   0.000E+00   Na          =   2.641E+12
 RNa         =   0.000E+00   C2          =   2.601E+14   Mg          =   2.639E+12
 RC2         =   0.000E+00   RMg         =   0.000E+00   C2-         =   2.622E+06
 GMg         =   0.000E+00   C2+         =   1.105E+11   Mg+         =   1.163E+11
 GC2         =   0.000E+00   RC2H        =   0.000E+00   GC2H        =   0.000E+00
 C2H-        =   2.033E+07   C2H         =   3.668E+14   C2H+        =   1.043E+11
 CN          =   6.016E+14   GC2H2       =   0.000E+00   GCN         =   0.000E+00
 CN-         =   1.065E+08   C2H2        =   1.113E+16   C2H2+       =   7.260E+12
 CN+         =   4.922E+06   RC2H2       =   0.000E+00   RCN         =   0.000E+00
 GHNC        =   0.000E+00   HCN+        =   9.488E+06   RHNC        =   0.000E+00
 HCN         =   1.017E+16   HNC         =   1.956E+13   GHCN        =   0.000E+00
 GC2H3       =   0.000E+00   RC2H3       =   0.000E+00   C2H3        =   2.908E+11
 C2H3+       =   3.964E+13   RHCN        =   0.000E+00   H2CN        =   6.299E+10
 RN2         =   0.000E+00   Si+         =   3.727E+14   CO          =   2.180E+17
 GSi         =   0.000E+00   RC2H4       =   0.000E+00   GCO         =   0.000E+00
 N2+         =   1.669E+05   GC2H4       =   0.000E+00   RCO         =   0.000E+00
 C2H4        =   1.442E+13   C2H4+       =   5.660E+10   GN2         =   0.000E+00
 RSi         =   0.000E+00   RH2CN       =   0.000E+00   N2          =   1.060E+16
 H2NC+       =   1.759E+09   CO+         =   2.688E+08   HCNH+       =   2.077E+13
 Si          =   1.475E+14   GH2CN       =   0.000E+00   CH2NH       =   9.884E+07
 SiH+        =   2.124E+09   RHCO        =   0.000E+00   GCH2NH      =   0.000E+00
 SiH         =   9.725E+10   N2H+        =   7.949E+08   C2H5        =   1.086E+09
 C2H5+       =   1.271E+10   GHCO        =   0.000E+00   RCH2NH      =   0.000E+00
 HOC+        =   1.039E+09   GSiH        =   0.000E+00   GC2H5       =   0.000E+00
 RC2H5       =   0.000E+00   HCO         =   8.324E+10   RSiH        =   0.000E+00
 HCO+        =   1.824E+11   GCH3NH      =   0.000E+00   RCH2NH2     =   0.000E+00
 CH2NH2+     =   5.112E+03   RSiH2       =   0.000E+00   SiH2+       =   2.768E+08
 SiH2        =   3.389E+05   C2H6        =   2.116E+09   C2H6+       =   1.412E+07
 CH3NH       =   0.000E+00   RCH3NH      =   0.000E+00   GCH2NH2     =   0.000E+00
 GSiH2       =   0.000E+00   NO+         =   1.113E+09   GC2H6       =   0.000E+00
 CH3NH+      =   6.338E+07   CH2NH2      =   0.000E+00   NO          =   1.208E+11
 GNO         =   0.000E+00   RH2CO       =   0.000E+00   H2CO+       =   1.141E+09
 RNO         =   0.000E+00   GH2CO       =   0.000E+00   RC2H6       =   0.000E+00
 H2CO        =   5.323E+10   SiH3+       =   1.728E+05   P+          =   2.228E+11
 GHNO        =   0.000E+00   RCH3NH2     =   0.000E+00   CH3O        =   5.592E+01
 RSiH3       =   0.000E+00   SiH3        =   1.877E+00   GCH2OH      =   0.000E+00
 HNO         =   2.436E+09   GSiH3       =   0.000E+00   RCH2OH      =   0.000E+00
 CF+         =   1.070E+10   H3CO+       =   8.561E+06   C2H7+       =   1.289E+03
 P           =   7.138E+10   CH3NH2+     =   1.857E+05   RHNO        =   0.000E+00
 GCH3NH2     =   0.000E+00   HNO+        =   6.514E+05   RP          =   0.000E+00
 RCH3O       =   0.000E+00   CH3NH2      =   1.695E+07   GCH3O       =   0.000E+00
 GP          =   0.000E+00   CH2OH       =   5.477E+04   S-          =   2.122E+06
 GPH         =   0.000E+00   GS          =   0.000E+00   RO2         =   0.000E+00
 GCH3OH      =   0.000E+00   O2          =   4.332E+10   PH+         =   3.182E+05
 GO2         =   0.000E+00   RCH3OH      =   0.000E+00   CH3NH3+     =   5.931E+07
 RS          =   0.000E+00   RPH         =   0.000E+00   CH3OH+      =   3.663E+03
 S           =   1.210E+14   CH3OH       =   1.753E+06   SiH4+       =   1.306E-09
 SiH4        =   1.037E+00   GHNOH       =   0.000E+00   GSiH4       =   0.000E+00
 H2NO+       =   5.021E+03   O2-         =   1.069E-05   RHNOH       =   0.000E+00
 RSiH4       =   0.000E+00   HNOH        =   0.000E+00   HNOH+       =   0.000E+00
 PH          =   4.676E+07   O2+         =   1.346E+08   S+          =   1.375E+14
 GPH2        =   0.000E+00   HS+         =   3.760E+08   NH2OH       =   0.000E+00
 RPH2        =   0.000E+00   CH3OH2+     =   4.806E+06   RHS         =   0.000E+00
 PH2         =   1.990E+01   SiH5+       =   7.817E-01   GNH2OH      =   0.000E+00
 NH2OH+      =   0.000E+00   PH2+        =   7.558E+04   RO2H        =   0.000E+00
 RNH2OH      =   0.000E+00   O2H         =   1.552E+03   GO2H        =   0.000E+00
 GHS         =   0.000E+00   HS          =   1.750E+12   O2H+        =   4.165E+01
 GH2S        =   0.000E+00   H2S+        =   1.046E+09   H2O2        =   3.105E-03
 RH2S        =   0.000E+00   H2S         =   8.496E+11   GH2O2       =   0.000E+00
 NH3OH+      =   0.000E+00   PH3+        =   3.431E+00   RH2O2       =   0.000E+00
 Cl          =   8.635E+12   GCl         =   0.000E+00   H3S+        =   6.151E+09
 RCl         =   0.000E+00   Cl+         =   1.062E+10   C3-         =   1.130E+08
 GHCl        =   0.000E+00   C3+         =   8.985E+09   HCl+        =   5.355E+09
 RHCl        =   0.000E+00   HCl         =   8.083E+13   C3          =   1.062E+13
 GC3         =   0.000E+00   RC3         =   0.000E+00   GC3H        =   0.000E+00
 C3H-        =   1.693E+09   C3H+        =   1.773E+11   C3H         =   1.298E+13
 RC3H        =   0.000E+00   H2Cl+       =   5.211E+10   C2N+        =   7.321E+09
 RC2N        =   0.000E+00   C2N         =   5.589E+11   H2CCC       =   3.852E+11
 C3H2+       =   1.124E+11   C3H2        =   3.912E+12   CNC+        =   3.338E+11
 GC2N        =   0.000E+00   GH2CCC      =   0.000E+00   RC3H2       =   0.000E+00
 RH2CCC      =   0.000E+00   GC3H2       =   0.000E+00   GCH2CCH     =   0.000E+00
 C3H3+       =   1.516E+11   RCH2CCH     =   0.000E+00   CH2CCH      =   7.046E+12
 RHCCN       =   0.000E+00   HCCN        =   0.000E+00   C2NH+       =   4.519E+10
 CH2CCH+     =   2.342E+11   GHCCN       =   0.000E+00   GCH3CCH     =   0.000E+00
 CH2CCH2     =   4.993E+09   RSiC        =   0.000E+00   GCH2CN      =   0.000E+00
 CH3CCH      =   2.549E+11   CH2CN+      =   1.776E+10   RCH3CCH     =   0.000E+00
 GSiC        =   0.000E+00   RCH2CN      =   0.000E+00   C2O         =   3.378E+10
 GC2O        =   0.000E+00   SiC+        =   3.423E+09   GCH2CCH2    =   0.000E+00
 SiC         =   6.392E+12   C2O+        =   2.739E+07   RCH2CCH2    =   0.000E+00
 CH2CN       =   7.713E+08   C3H4+       =   3.352E+09   RC2O        =   0.000E+00
 GCH3CN      =   0.000E+00   CH3CN+      =   1.865E+07   HC2O+       =   6.687E+09
 HC2O        =   3.770E+02   RCH3CN      =   0.000E+00   CH3CN       =   1.404E+12
 GHC2O       =   0.000E+00   GHCSi       =   0.000E+00   HCSi        =   1.420E+12
 C3H5+       =   2.333E+11   RHC2O       =   0.000E+00   RHCSi       =   0.000E+00
 HCSi+       =   3.518E+09   CH2CO+      =   7.042E+08   GCH3CHCH2   =   0.000E+00
 RSiCH2      =   0.000E+00   SiCH2+      =   2.744E+11   GCH2CO      =   0.000E+00
 RCH2CO      =   0.000E+00   RCH3CHCH2   =   0.000E+00   NH2CN       =   9.531E+08
 GSiCH2      =   0.000E+00   RCNO        =   0.000E+00   OCN+        =   9.143E+01
 GNH2CN      =   0.000E+00   CH3CHCH2    =   2.843E+10   CNO         =   2.435E-01
 GSiN        =   0.000E+00   OCN         =   2.289E+11   ROCN        =   0.000E+00
 SiCH2       =   2.469E+10   C3H6+       =   1.133E+08   SiN         =   2.152E+10
 GOCN        =   0.000E+00   CH3CNH+     =   2.550E+11   CH2CO       =   1.297E+09
 GCNO        =   0.000E+00   SiN+        =   1.695E+09   RNH2CN      =   0.000E+00
 RSiN        =   0.000E+00   CP+         =   1.073E+06   HOCN+       =   1.938E+03
 HCNO        =   1.990E+07   RSiCH3      =   0.000E+00   SiCH3+      =   1.159E+07
 GCH3CO      =   0.000E+00   NH2CNH+     =   2.650E+03   HCNO+       =   2.485E-02
 GHOCN       =   0.000E+00   HOCN        =   4.086E+06   GHCNO       =   0.000E+00
 RCH3CO      =   0.000E+00   RHOCN       =   0.000E+00   RHCNO       =   0.000E+00
 HNSi        =   9.087E+09   HNSi+       =   2.645E+02   GSiCH3      =   0.000E+00
 CH3CO+      =   8.827E+07   GHONC       =   0.000E+00   CH3CO       =   1.529E+04
 HONC+       =   5.948E-07   RHNSi       =   0.000E+00   HONC        =   1.059E+02
 GCP         =   0.000E+00   GHNCO       =   0.000E+00   GHNSi       =   0.000E+00
 C3H7+       =   2.282E+10   HNCO+       =   1.938E+03   CP          =   3.218E+11
 RCP         =   0.000E+00   RHNCO       =   0.000E+00   RHONC       =   0.000E+00
 HNCO        =   6.086E+06   SiCH3       =   4.706E+07   N2O+        =   1.455E+03
 RSiO        =   0.000E+00   CH3CHO      =   3.740E+07   GN2O        =   0.000E+00
 GCS         =   0.000E+00   GCO2        =   0.000E+00   RCH3CHO     =   0.000E+00
 GHNCHO      =   0.000E+00   CS          =   2.718E+15   N2O         =   1.813E+05
 CO2+        =   1.448E+00   GCH3CHO     =   0.000E+00   RCO2        =   0.000E+00
 SiO+        =   5.226E+09   H2OCN+      =   3.691E+05   H2CNO+      =   3.300E+01
 SiNH2+      =   2.774E+09   NH2CO       =   0.000E+00   HCNOH+      =   3.300E+01
 RHNCHO      =   0.000E+00   HCP         =   6.269E+12   HCP+        =   1.637E+06
 GSiO        =   0.000E+00   RCS         =   0.000E+00   RN2O        =   0.000E+00
 SiO         =   1.153E+15   CO2         =   8.411E+10   GNH2CO      =   0.000E+00
 HNCHO       =   0.000E+00   HNCOH+      =   7.386E+05   GHCP        =   0.000E+00
 CH3CHO+     =   2.115E+05   RNH2CO      =   0.000E+00   H2NCO+      =   3.695E+05
 RHCP        =   0.000E+00   CS+         =   6.403E+09   SiCH4+      =   1.169E+07
 GHCS        =   0.000E+00   COOH        =   0.000E+00   PN+         =   2.067E-01
 CH3OCH2     =   4.428E-06   NH2CHO+     =   0.000E+00   RHCS        =   0.000E+00
 PN          =   1.016E+06   RPN         =   0.000E+00   RCOOH       =   0.000E+00
 CH3CHOH+    =   1.772E+07   RNH2CHO     =   0.000E+00   HCS+        =   4.441E+11
 HN2O+       =   6.760E-02   GNH2CHO     =   0.000E+00   SiOH+       =   4.361E+12
 PCH2+       =   2.497E+08   NH2CHO      =   3.723E+05   GPN         =   0.000E+00
 HCO2+       =   1.162E+07   GCOOH       =   0.000E+00   HCS         =   7.076E+10
 C2H5OH      =   2.570E+01   H2SiO+      =   8.476E+01   HCOOH       =   2.153E+05
 CH2PH       =   1.134E+02   GHCOOH      =   0.000E+00   HPN+        =   7.240E-01
 GH2SiO      =   0.000E+00   RHCOOH      =   0.000E+00   RH2SiO      =   0.000E+00
 NS+         =   2.219E+08   H2CS        =   6.425E+10   RH2CS       =   0.000E+00
 GNS         =   0.000E+00   NS          =   9.583E+09   RCH2PH      =   0.000E+00
 GCH3OCH3    =   0.000E+00   GC2H5OH     =   0.000E+00   C2H5OH+     =   3.213E-01
 H2CS+       =   8.765E+07   GNO2        =   0.000E+00   RCH3OCH3    =   0.000E+00
 RC2H5OH     =   0.000E+00   NO2         =   5.426E+04   PCH3+       =   2.132E+02
 RNO2        =   0.000E+00   H2SiO       =   6.539E-03   GH2CS       =   0.000E+00
 CH3OCH3     =   1.461E-01   RNS         =   0.000E+00   CH3OCH3+    =   3.125E-03
 NO2+        =   4.182E+01   NH2CH2O+    =   1.209E+01   HCOOH+      =   2.071E+03
 GCH2PH      =   0.000E+00   HCOOH2+     =   1.395E+05   H3CS+       =   6.075E+09
 RPO         =   0.000E+00   GPO         =   0.000E+00   PNH2+       =   3.296E+04
 HNS+        =   3.199E+04   PCH4+       =   3.761E+01   C2H5OH2+    =   3.137E+01
 PO+         =   1.723E+07   CCl+        =   1.178E+09   CH3OCH4+    =   7.030E-02
 PO          =   5.702E+07   H3SiO+      =   2.050E-04   RCCl        =   0.000E+00
 SiF+        =   1.681E+10   CCl         =   1.320E+08   GCCl        =   0.000E+00
 GO3         =   0.000E+00   GHPO        =   0.000E+00   SO          =   1.164E+10
 RO3         =   0.000E+00   PNH3+       =   3.772E+00   RHPO        =   0.000E+00
 C4          =   1.443E+12   SO+         =   1.228E+10   O3          =   0.000E+00
 HPO+        =   8.593E+06   GC4         =   0.000E+00   C4+         =   2.232E+08
 HPO         =   4.849E+02   GSO         =   0.000E+00   RSO         =   0.000E+00
 C4-         =   8.953E+10   RC4         =   0.000E+00   GC4H        =   0.000E+00
 H2CCl+      =   1.405E+07   RC4H        =   0.000E+00   HSO+        =   2.134E+05
 H2PO+       =   9.020E+01   C4H         =   1.185E+13   C4H+        =   6.625E+08
 C4H-        =   6.351E+11   GC3N        =   0.000E+00   RC3N        =   0.000E+00
 C3N         =   5.764E+11   C4H2        =   1.098E+13   RC4H2       =   0.000E+00
 C4H2+       =   1.277E+11   C3N+        =   1.961E+06   C3N-        =   1.559E+09
 GC4H2       =   0.000E+00   ClO         =   9.183E-09   GHC3N       =   0.000E+00
 HNC3        =   1.279E+10   RClO        =   0.000E+00   C4H3        =   1.135E+10
 C4H3+       =   4.161E+12   RC4H3       =   0.000E+00   RHNC3       =   0.000E+00
 ClO+        =   1.279E-12   GC4H3       =   0.000E+00   HC3N+       =   3.492E+09
 GHNC3       =   0.000E+00   RHC3N       =   0.000E+00   HC3N        =   1.022E+13
 GClO        =   0.000E+00   C2N2+       =   1.944E+06   RCH2CHCCH   =   0.000E+00
 C3O+        =   3.956E+01   C3O         =   1.391E+08   C4H4+       =   1.869E+07
 GCH2CHCCH   =   0.000E+00   SiC2+       =   7.231E+09   RC3O        =   0.000E+00
 GNCCN       =   0.000E+00   GSiC2       =   0.000E+00   HC3NH+      =   1.526E+10
 SiC2        =   4.890E+15   NCCN        =   2.652E+11   CH2CHCCH    =   2.803E+09
 GC3O        =   0.000E+00   RNCCN       =   0.000E+00   RSiC2       =   0.000E+00
 RSiC2H      =   0.000E+00   SiC2H       =   1.980E+13   C4H5+       =   3.630E+09
 HC3O+       =   7.043E+06   CH2CHCN+    =   7.503E+07   CH2CHCN     =   9.699E+09
 GSiC2H      =   0.000E+00   RCH2CHCN    =   0.000E+00   NCCNH+      =   9.025E+07
 GCH2CHCN    =   0.000E+00   SiC2H+      =   2.481E+12   C4H6        =   1.262E+07
 GSiC2H2     =   0.000E+00   SiC2H2+     =   2.418E+10   C2H4CN      =   0.000E+00
 C3H2O+      =   3.263E+06   RSiNC       =   0.000E+00   GSiNC       =   0.000E+00
 RSiC2H2     =   0.000E+00   CH2CHCNH+   =   1.194E+07   RC4H6       =   0.000E+00
 RC2H4CN     =   0.000E+00   SiNC+       =   6.606E+10   SiNC        =   4.876E+07
 SiC2H2      =   3.662E+10   GC4H6       =   0.000E+00   GC2H4CN     =   0.000E+00
 SiC2H3+     =   2.201E+09   GC2H5CN     =   0.000E+00   RCCP        =   0.000E+00
 C2H5CN      =   5.536E+06   C4H7+       =   2.310E+06   GCCP        =   0.000E+00
 H3C3O+      =   6.338E+07   RC2H5CN     =   0.000E+00   CCP         =   1.550E+09
 CCP+        =   7.945E+07   SiNCH+      =   1.638E+07   RHC2P       =   0.000E+00
 Fe          =   2.516E+12   RFe         =   0.000E+00   GFe         =   0.000E+00
 GHC2P       =   0.000E+00   HC2P+       =   4.193E+08   C2S+        =   8.872E+08
 RC2S        =   0.000E+00   C2S         =   4.783E+12   C2H5CNH+    =   8.164E+05
 HC2P        =   6.970E+05   Fe+         =   2.393E+11   GC2S        =   0.000E+00
 HC2S+       =   7.074E+11   PC2H2+      =   1.607E+05   RCH3COCH3   =   0.000E+00
 CH3COCH3+   =   3.992E-01   GCH3COCH3   =   0.000E+00   OHCCHO      =   0.000E+00
 GOHCCHO     =   0.000E+00   PC2H3+      =   3.866E+00   OHCCHO+     =   0.000E+00
 ROHCCHO     =   0.000E+00   CH3COCH3    =   4.011E+01   HOCHCHO     =   0.000E+00
 GHOCH2CO    =   0.000E+00   PC2H4+      =   5.112E-01   C2O2H3+     =   0.000E+00
 OHCCH2O+    =   0.000E+00   CH3CS+      =   8.232E+07   CH3COCH4+   =   1.370E+01
 OCH2CHO     =   0.000E+00   COOCH3+     =   5.732E-12   RHOCH2CO    =   0.000E+00
 GCOOCH3     =   0.000E+00   GOCH2CHO    =   0.000E+00   GCH2COOH    =   0.000E+00
 GHOCHCHO    =   0.000E+00   COOCH3      =   1.496E-08   RCH2COOH    =   0.000E+00
 RHOCHCHO    =   0.000E+00   RCOOCH3     =   0.000E+00   ROCH2CHO    =   0.000E+00
 HOCH2CO     =   0.000E+00   HOCH2CO+    =   0.000E+00   CH2COOH     =   0.000E+00
 OCS+        =   4.336E+09   GSiS        =   0.000E+00   C5          =   2.167E+11
 ROCS        =   0.000E+00   OCS         =   2.089E+11   GOCS        =   0.000E+00
 SiS         =   1.583E+15   HOCH2CHO    =   0.000E+00   HCOOCH3     =   1.358E-01
 SiO2        =   2.177E+09   SiS+        =   5.316E+11   HCOOCH3+    =   1.096E-04
 RSiS        =   0.000E+00   CH3COOH+    =   0.000E+00   CH3COOH     =   0.000E+00
 GSiO2       =   0.000E+00   GHOCH2CHO   =   0.000E+00   C2O2H4+     =   0.000E+00
 RC5         =   0.000E+00   C5-         =   4.419E+10   GHCOOCH3    =   0.000E+00
 GCH3COOH    =   0.000E+00   RHOCH2CHO   =   0.000E+00   HOCH2CHO+   =   0.000E+00
 GC5         =   0.000E+00   RHCOOCH3    =   0.000E+00   RCH3COOH    =   0.000E+00
 C5+         =   1.249E+07   RSiO2       =   0.000E+00   RC5H        =   0.000E+00
 H5C2O2+     =   5.007E-02   GC5H        =   0.000E+00   HOCS+       =   7.290E+05
 HSiO2+      =   9.029E+03   C5H-        =   4.336E+10   CH3COOH2+   =   0.000E+00
 GHOCH2CH2O  =   0.000E+00   HOCH2CH2O+  =   0.000E+00   RHOCH2CH2O  =   0.000E+00
 HSiS+       =   9.479E+09   C5H         =   1.955E+11   C5H+        =   1.814E+09
 HOCH2CH2O   =   0.000E+00   CH2OHCH2OH  =   0.000E+00   GC4N        =   0.000E+00
 GCH2OHCH2OH =   0.000E+00   CH2OHCH2OH+ =   0.000E+00   RCH2OHCH2OH =   0.000E+00
 C4N+        =   1.822E+08   C4N         =   6.048E+09   RC4N        =   0.000E+00
 GC5H2       =   0.000E+00   C5H2        =   6.851E+11   RC5H2       =   0.000E+00
 C5H2+       =   1.288E+10   HC4N+       =   4.103E+04   C5H3+       =   1.167E+10
 CH2OHCH2OHH+=   0.000E+00   RS2         =   0.000E+00   SO2+        =   3.433E-02
 GCH3C4H     =   0.000E+00   SO2         =   2.125E+06   CH3C4H+     =   9.362E+08
 GS2         =   0.000E+00   H2C4N+      =   9.367E+04   S2          =   6.261E+08
 RCH3C4H     =   0.000E+00   SiC3+       =   2.421E+10   S2+         =   6.568E+07
 GSiC3       =   0.000E+00   SiC3        =   1.815E+11   GSO2        =   0.000E+00
 RSiC3       =   0.000E+00   RSO2        =   0.000E+00   CH3C4H      =   1.155E+11
 SiC3H       =   6.546E+10   RSiC3H      =   0.000E+00   GSiC3H      =   0.000E+00
 CH3C3N      =   7.429E+09   HSO2+       =   7.991E-01   C5H5+       =   3.679E+10
 HS2         =   2.591E+07   GCH3C3N     =   0.000E+00   RHS2        =   0.000E+00
 HS2+        =   2.882E+06   CH3C3N+     =   9.155E+04   RCH3C3N     =   0.000E+00
 GHS2        =   0.000E+00   SiC3H+      =   7.826E+09   SiC3H2+     =   1.015E+10
 H2S2+       =   9.992E+06   H2S2        =   1.389E+05   RH2S2       =   0.000E+00
 CH3C3NH+    =   1.672E+07   GH2S2       =   0.000E+00   NCCNCH3+    =   2.638E+04
 GC3P        =   0.000E+00   RC3P        =   0.000E+00   C3P         =   4.215E+05
 H3S2+       =   5.640E+04   C3S         =   4.454E+11   C3S+        =   5.867E+09
 GC3S        =   0.000E+00   PC3H+       =   6.931E+04   RC3S        =   0.000E+00
 HC3S+       =   2.046E+09   GC6         =   0.000E+00   C6+         =   9.338E+07
 RC6         =   0.000E+00   C6-         =   3.270E+10   C6          =   2.818E+10
 C6H         =   5.857E+11   C6H+        =   1.814E+08   C6H-        =   2.785E+11
 GC6H        =   0.000E+00   RC6H        =   0.000E+00   RC6H2       =   0.000E+00
 C5N+        =   2.277E+03   C6H2        =   1.716E+12   C6H2+       =   2.406E+09
 RC5N        =   0.000E+00   C5N         =   1.594E+10   NHCH2COOH   =   0.000E+00
 GC5N        =   0.000E+00   GC6H2       =   0.000E+00   C5N-        =   7.044E+09
 RNHCH2COOH  =   0.000E+00   GNHCH2COOH  =   0.000E+00   GHC5N       =   0.000E+00
 C6H3+       =   1.602E+09   RHC5N       =   0.000E+00   HC5N+       =   2.645E+04
 NH2CH2COOH+ =   0.000E+00   RNH2CH2COOH =   0.000E+00   NH2CH2COOH  =   0.000E+00
 HC5N        =   8.994E+10   GNH2CH2COOH =   0.000E+00   SiC4+       =   1.396E+10
 NH2CH2COOH2+=   0.000E+00   RSiC4       =   0.000E+00   SiC4        =   1.542E+10
 GSiC4       =   0.000E+00   C6H4+       =   6.087E+09   HC5NH+      =   4.962E+06
 SiC4H+      =   4.766E+09   C6H5+       =   5.885E+08   H3C5N+      =   2.057E+06
 RC6H6       =   0.000E+00   GC6H6       =   0.000E+00   C6H6        =   9.766E+11
 C6H6+       =   7.416E+07   GC4P        =   0.000E+00   C4P         =   1.222E+05
 RC4P        =   0.000E+00   C4P+        =   5.188E-03   C6H7+       =   1.940E+11
 GC4S        =   0.000E+00   PC4H+       =   5.702E+04   C4S+        =   1.782E+09
 C4S         =   1.456E+10   RC4S        =   0.000E+00   HC4S+       =   6.942E+09
 RC7         =   0.000E+00   C7          =   6.966E+09   GC7         =   0.000E+00
 C7-         =   2.771E+10   C7+         =   2.090E+07   C7H-        =   2.705E+10
 RC7H        =   0.000E+00   C7H         =   1.988E+10   GC7H        =   0.000E+00
 C7H+        =   1.137E+08   GC7H2       =   0.000E+00   RC7H2       =   0.000E+00
 C7H2        =   1.902E+10   C7H2+       =   7.129E+07   C7H3+       =   2.307E+08
 RCH3C6H     =   0.000E+00   CH3C6H      =   2.017E+09   C7H4+       =   1.134E+08
 GCH3C6H     =   0.000E+00   GCH3C5N     =   0.000E+00   CH3C5N      =   9.771E+05
 RCH3C5N     =   0.000E+00   C7H5+       =   1.739E+08   CH3C5NH+    =   3.701E+04
 RC8         =   0.000E+00   C8-         =   4.229E+09   C8+         =   1.510E+07
 GC8         =   0.000E+00   C8          =   2.971E+09   C8H-        =   2.694E+09
 C8H         =   6.304E+09   C8H+        =   8.586E+05   RC8H        =   0.000E+00
 GC8H        =   0.000E+00   GC8H2       =   0.000E+00   C7N+        =   7.772E+04
 C7N         =   7.248E+08   C8H2        =   7.960E+09   RC8H2       =   0.000E+00
 C8H2+       =   5.822E+07   RC7N        =   0.000E+00   GC7N        =   0.000E+00
 HC7N        =   1.189E+10   GHC7N       =   0.000E+00   HC7N+       =   1.258E+07
 C8H3+       =   2.165E+08   RHC7N       =   0.000E+00   H2C7N+      =   5.053E+06
 C8H4+       =   5.729E+07   H3C7N+      =   2.668E+04   C8H5+       =   2.147E+04
 C9+         =   1.614E+06   C9-         =   1.247E+09   GC9         =   0.000E+00
 RC9         =   0.000E+00   C9          =   3.021E+08   C9H         =   3.124E+08
 C9H+        =   2.121E+06   GC9H        =   0.000E+00   C9H-        =   4.621E+08
 RC9H        =   0.000E+00   C9H2        =   5.533E+08   C9H2+       =   3.501E+06
 RC9H2       =   0.000E+00   GC9H2       =   0.000E+00   C9H3+       =   1.048E+07
 C9H4+       =   5.342E+06   CH3C7N      =   1.319E+05   C9H5+       =   8.337E+01
 GCH3C7N     =   0.000E+00   RCH3C7N     =   0.000E+00   CH3C7NH+    =   4.972E+03
 GC10        =   0.000E+00   C10+        =   5.588E+05   C10         =   6.644E+07
 RC10        =   0.000E+00   C10-        =   9.470E+07   C10H+       =   4.827E+05
 GC10H       =   0.000E+00   C10H        =   2.943E+07   RC10H       =   0.000E+00
 C10H-       =   1.563E+07   GC9N        =   0.000E+00   C10H2+      =   6.060E+05
 RC9N        =   0.000E+00   GC10H2      =   0.000E+00   C9N+        =   1.151E+03
 C10H2       =   2.976E+07   C9N         =   7.385E+06   RC10H2      =   0.000E+00
 C10H3+      =   7.000E+04   GHC9N       =   0.000E+00   HC9N        =   8.400E+07
 HC9N+       =   1.067E+05   RHC9N       =   0.000E+00   H2C9N+      =   3.099E+04
 H3C9N+      =   6.304E+02   RC11        =   0.000E+00   C11+        =   4.755E+04
 GC11        =   0.000E+00   C11         =   1.978E+05   e-          =   3.056E+15
 H2          =   2.755E+20
