Starting job 10318071, array task 15 on gina301
Processing dump 150
/fred/oz304/tdanilov/pigru/pigru_00150
/fred/oz304/tdanilov/pigru/pigru.setup
Index(['iorig', 'x', 'y', 'z', 'vx', 'vy', 'vz', 'u', 'Tdust', 'h', 'alpha',
       'divv', 'rho', 'mass', 'gamma', 'mu', 'p', 'cs', 'temp', 'kappa',
       'Gamma', 'r', 'theta', 'phi', 'speed'],
      dtype='str')
Real simulation time: 753409318.5123501 seconds

Time to read in data: 0.8529083728790283 seconds

Computing and saving to /fred/oz304/beckers/pigru/PhotoData/boundary150.txt.

Time to calculate the delauney mesh: 87.50829768180847 seconds

Tracing 768 rays
Writing parameters...
Writing points...
Writing rays...
Writing boundary...
Writing chemistry...
Writing species...
Writing thermodynamics...
Writing temperature...
Writing turbulence...
Writing lines...
Writing lineProducingSpecies...
Writing linedata...
ncolpoar = 1
--- colpoar = 0
Writing collisionPartner...
(l, c) = 0, 0
Writing quadrature...
Writing populations...
Writing radiation...
Writing frequencies...
Writing dust...
                                           
-------------------------------------------
  Reading Model...                         
-------------------------------------------
 model file = /fred/oz304/beckers/pigru/Models/Model150.hdf5
-------------------------------------------
Reading parameters...
Reading points...
Reading rays...
Reading boundary...
Reading chemistry...
Reading species...
Reading thermodynamics...
Reading temperature...
Reading turbulence...
Reading lines...
Reading lineProducingSpecies...
Reading linedata...
read num 0
read sym test
nlev = 2
nrad = 1
Reading collisionPartner...
Reading quadrature...
Reading radiation...
Reading frequencies...
Not using scattering!
Reading dust...
No dust/continuum data found.
                                           
-------------------------------------------
  Model read, parameters:                  
-------------------------------------------
  npoints    = 804627
  nrays      = 192
  nboundary  = 14225
  nfreqs     = 1
  nspecs     = 3
  nlspecs    = 1
  nlines     = 1
  nquads     = 1
-------------------------------------------
                                           
--- rr = 0
--- rr = 1
--- rr = 2
--- rr = 3
--- rr = 4
--- rr = 5
--- rr = 6
--- rr = 7
--- rr = 8
--- rr = 9
--- rr = 10
--- rr = 11
--- rr = 12
--- rr = 13
--- rr = 14
--- rr = 15
--- rr = 16
--- rr = 17
--- rr = 18
--- rr = 19
--- rr = 20
--- rr = 21
--- rr = 22
--- rr = 23
--- rr = 24
--- rr = 25
--- rr = 26
--- rr = 27
--- rr = 28
--- rr = 29
--- rr = 30
