Starting job 10350242, array task 530 on dave301
Processing dump 530
/fred/oz304/beckers/v20a25/wind_00530
/fred/oz304/beckers/v20a25/wind.setup
Index(['iorig', 'x', 'y', 'z', 'vx', 'vy', 'vz', 'u', 'mu', 'gamma', 'Tdust',
       'h', 'alpha', 'divv', 'rho', 'mass', 'p', 'cs', 'temp', 'kappa',
       'Gamma', 'r', 'theta', 'phi', 'speed'],
      dtype='str')
Real simulation time: 26620462587.436367 seconds

Time to read in data: 1.2978758811950684 seconds

Computing and saving to /fred/oz304/beckers/v20a25_out/PhotoData/boundary530.txt.

Time to calculate the delauney mesh: 643.2142314910889 seconds

Tracing 768 rays
Writing parameters...
Writing points...
Writing rays...
Writing boundary...
Writing chemistry...
Writing species...
Writing thermodynamics...
Writing temperature...
Writing turbulence...
Writing lines...
Writing lineProducingSpecies...
Writing linedata...
ncolpoar = 1
--- colpoar = 0
Writing collisionPartner...
(l, c) = 0, 0
Writing quadrature...
Writing populations...
Writing radiation...
Writing frequencies...
Writing dust...
                                           
-------------------------------------------
  Reading Model...                         
-------------------------------------------
 model file = /fred/oz304/beckers/v20a25_out/Models/Model530.hdf5
-------------------------------------------
Reading parameters...
Reading points...
Reading rays...
Reading boundary...
Reading chemistry...
Reading species...
Reading thermodynamics...
Reading temperature...
Reading turbulence...
Reading lines...
Reading lineProducingSpecies...
Reading linedata...
read num 0
read sym test
nlev = 2
nrad = 1
Reading collisionPartner...
Reading quadrature...
Reading radiation...
Reading frequencies...
Not using scattering!
Reading dust...
No dust/continuum data found.
                                           
-------------------------------------------
  Model read, parameters:                  
-------------------------------------------
  npoints    = 2733088
  nrays      = 192
  nboundary  = 80023
  nfreqs     = 1
  nspecs     = 3
  nlspecs    = 1
  nlines     = 1
  nquads     = 1
-------------------------------------------
                                           
--- rr = 0
--- rr = 1
--- rr = 2
--- rr = 3
--- rr = 4
--- rr = 5
--- rr = 6
--- rr = 7
--- rr = 8
--- rr = 9
--- rr = 10
--- rr = 11
--- rr = 12
--- rr = 13
--- rr = 14
--- rr = 15
--- rr = 16
--- rr = 17
--- rr = 18
--- rr = 19
--- rr = 20
--- rr = 21
--- rr = 22
--- rr = 23
--- rr = 24
--- rr = 25
--- rr = 26
--- rr = 27
--- rr = 28
--- rr = 29
--- rr = 30
--- rr = 31
--- rr = 32
--- rr = 33
--- rr = 34
--- rr = 35
--- rr = 36
--- rr = 37
--- rr = 38
--- rr = 39
--- rr = 40
--- rr = 41
--- rr = 42
--- rr = 43
--- rr = 44
--- rr = 45
--- rr = 46
--- rr = 47
--- rr = 48
--- rr = 49
--- rr = 50
--- rr = 51
--- rr = 52
--- rr = 53
--- rr = 54
--- rr = 55
--- rr = 56
--- rr = 57
--- rr = 58
--- rr = 59
--- rr = 60
--- rr = 61
--- rr = 62
--- rr = 63
--- rr = 64
--- rr = 65
--- rr = 66
--- rr = 67
--- rr = 68
--- rr = 69
--- rr = 70
--- rr = 71
--- rr = 72
--- rr = 73
--- rr = 74
--- rr = 75
--- rr = 76
--- rr = 77
--- rr = 78
--- rr = 79
--- rr = 80
--- rr = 81
--- rr = 82
--- rr = 83
--- rr = 84
--- rr = 85
--- rr = 86
--- rr = 87
--- rr = 88
--- rr = 89
--- rr = 90
--- rr = 91
--- rr = 92
--- rr = 93
--- rr = 94
--- rr = 95
All rays processed.
Total unique indices for Magritte: 128603

Time to trace rays: 16.52292513847351 seconds

Not considering all radiative transitions on the data file but only the specified ones!

Time to create Magritte model: 25.903808116912842 seconds


Time to calculate column densities points: 859.2781910896301 seconds

Saved A_V binary for 2733088 particles to /fred/oz304/beckers/v20a25_out/AV/AV_00530

Total runtime: 1559.7506909370422 seconds

+------------------ Job Report: 10350774 (COMPLETED) ------------------+
| Memory (RAM)  [#######             ] 39.1% (12.5 GB peak / 32 GB)    |
| CPU           [################### ] 98.1% average                   |
| Time          [>                   ]  3.6% (0-00:26:14 / 0-12:00:00) |
|                                                                      |
| Lustre Filesystem:                                                   |
|   Path    Total Read    Total Write      Total IOPS                  |
|   ------  ------------  -------------  ------------                  |
|   /apps   0 B           0 B                     15                   |
|   /fred   260.7 MB      816.1 MB               204                   |
|   OS      0 B           0 B                      3                   |
|                                                                      |
| Warnings:                                                            |
|   - Too much memory requested                                        |
|   - Too much time requested                                          |
+----------------------------------------------------------------------+
