


                   **  CALCULATED COLUMN DENSITIES  **


 H           =   1.324E+21   RH          =   0.000E+00   GH          =   0.000E+00
 H+          =   3.166E+13   H-          =   3.963E+05   GH2         =   0.000E+00
 H2+         =   1.215E+09   RH2         =   0.000E+00   H3+         =   1.835E+10
 He          =   1.873E+20   GHe         =   0.000E+00   He+         =   1.763E+12
 RHe         =   0.000E+00   HeH+        =   1.562E+07   C-          =   3.729E+01
 GC          =   0.000E+00   C+          =   2.610E+15   C           =   8.639E+14
 RC          =   0.000E+00   RCH         =   0.000E+00   CH          =   1.196E+10
 GCH         =   0.000E+00   CH+         =   2.576E+09   CH-         =   4.953E-10
 RCH2        =   0.000E+00   GN          =   0.000E+00   CH2+        =   3.067E+09
 N+          =   1.145E+08   CH2         =   1.588E+09   GCH2        =   0.000E+00
 N           =   2.681E+16   RN          =   0.000E+00   RCH3        =   0.000E+00
 NH+         =   4.724E+06   CH3         =   1.408E+08   CH3+        =   6.721E+10
 GCH3        =   0.000E+00   RNH         =   0.000E+00   NH          =   1.195E+11
 GNH         =   0.000E+00   GO          =   0.000E+00   O-          =   1.262E+04
 RO          =   0.000E+00   CH4         =   1.734E+06   CH4+        =   5.694E+04
 NH2         =   5.871E+08   RCH4        =   0.000E+00   RNH2        =   0.000E+00
 O+          =   1.303E+09   NH2+        =   9.289E+06   O           =   2.611E+17
 GCH4        =   0.000E+00   GNH2        =   0.000E+00   CH5+        =   3.173E+04
 OH          =   2.104E+15   RNH3        =   0.000E+00   OH+         =   3.151E+14
 ROH         =   0.000E+00   GOH         =   0.000E+00   OH-         =   5.811E-01
 NH3+        =   3.039E+07   NH3         =   2.458E+13   GNH3        =   0.000E+00
 RH2O        =   0.000E+00   H2O         =   8.454E+15   H2O+        =   4.690E+14
 GH2O        =   0.000E+00   NH4+        =   1.238E+05   F+          =   3.386E+04
 F           =   6.071E+11   GF          =   0.000E+00   H3O+        =   7.946E+15
 RF          =   0.000E+00   GHF         =   0.000E+00   RHF         =   0.000E+00
 HF          =   1.026E+13   HF+         =   9.217E+03   H2F+        =   7.473E+04
 Na+         =   1.062E+13   GNa         =   0.000E+00   Na          =   3.932E+11
 RNa         =   0.000E+00   C2          =   3.146E+08   Mg          =   4.018E+11
 RC2         =   0.000E+00   RMg         =   0.000E+00   C2-         =   1.141E-02
 GMg         =   0.000E+00   C2+         =   2.256E+06   Mg+         =   1.062E+13
 GC2         =   0.000E+00   RC2H        =   0.000E+00   GC2H        =   0.000E+00
 C2H-        =   3.562E-03   C2H         =   2.802E+07   C2H+        =   4.034E+06
 CN          =   7.813E+12   GC2H2       =   0.000E+00   GCN         =   0.000E+00
 CN-         =   1.339E-01   C2H2        =   1.264E+08   C2H2+       =   9.497E+07
 CN+         =   2.568E+04   RC2H2       =   0.000E+00   RCN         =   0.000E+00
 GHNC        =   0.000E+00   HCN+        =   2.146E+07   RHNC        =   0.000E+00
 HCN         =   1.161E+14   HNC         =   6.510E+10   GHCN        =   0.000E+00
 GC2H3       =   0.000E+00   RC2H3       =   0.000E+00   C2H3        =   2.134E+02
 C2H3+       =   3.666E+06   RHCN        =   0.000E+00   H2CN        =   2.507E+03
 RN2         =   0.000E+00   Si+         =   2.977E+16   CO          =   3.275E+17
 GSi         =   0.000E+00   RC2H4       =   0.000E+00   GCO         =   0.000E+00
 N2+         =   5.703E+05   GC2H4       =   0.000E+00   RCO         =   0.000E+00
 C2H4        =   3.345E-01   C2H4+       =   5.145E+02   GN2         =   0.000E+00
 RSi         =   0.000E+00   RH2CN       =   0.000E+00   N2          =   3.108E+16
 H2NC+       =   9.845E+06   CO+         =   1.696E+07   HCNH+       =   3.131E+11
 Si          =   2.771E+13   GH2CN       =   0.000E+00   CH2NH       =   1.074E+00
 SiH+        =   9.340E+07   RHCO        =   0.000E+00   GCH2NH      =   0.000E+00
 SiH         =   2.119E+07   N2H+        =   4.540E+11   C2H5        =   2.075E-03
 C2H5+       =   2.182E-02   GHCO        =   0.000E+00   RCH2NH      =   0.000E+00
 HOC+        =   4.191E+07   GSiH        =   0.000E+00   GC2H5       =   0.000E+00
 RC2H5       =   0.000E+00   HCO         =   4.350E+03   RSiH        =   0.000E+00
 HCO+        =   2.144E+13   GCH3NH      =   0.000E+00   RCH2NH2     =   0.000E+00
 CH2NH2+     =   7.512E-04   RSiH2       =   0.000E+00   SiH2+       =   1.672E+09
 SiH2        =   1.218E+01   C2H6        =   5.253E-02   C2H6+       =   1.462E-04
 CH3NH       =   0.000E+00   RCH3NH      =   0.000E+00   GCH2NH2     =   0.000E+00
 GSiH2       =   0.000E+00   NO+         =   2.534E+11   GC2H6       =   0.000E+00
 CH3NH+      =   8.012E-01   CH2NH2      =   0.000E+00   NO          =   8.428E+04
 GNO         =   0.000E+00   RH2CO       =   0.000E+00   H2CO+       =   4.250E+07
 RNO         =   0.000E+00   GH2CO       =   0.000E+00   RC2H6       =   0.000E+00
 H2CO        =   1.824E+04   SiH3+       =   4.221E+01   P+          =   9.825E+13
 GHNO        =   0.000E+00   RCH3NH2     =   0.000E+00   CH3O        =   2.360E-09
 RSiH3       =   0.000E+00   SiH3        =   2.054E-07   GCH2OH      =   0.000E+00
 HNO         =   1.166E+06   GSiH3       =   0.000E+00   RCH2OH      =   0.000E+00
 CF+         =   6.157E+09   H3CO+       =   5.689E+02   C2H7+       =   2.638E-11
 P           =   4.058E+05   CH3NH2+     =   5.055E-05   RHNO        =   0.000E+00
 GCH3NH2     =   0.000E+00   HNO+        =   7.365E+10   RP          =   0.000E+00
 RCH3O       =   0.000E+00   CH3NH2      =   2.584E-03   GCH3O       =   0.000E+00
 GP          =   0.000E+00   CH2OH       =   6.618E-04   S-          =   1.516E+04
 GPH         =   0.000E+00   GS          =   0.000E+00   RO2         =   0.000E+00
 GCH3OH      =   0.000E+00   O2          =   3.017E+13   PH+         =   1.381E+04
 GO2         =   0.000E+00   RCH3OH      =   0.000E+00   CH3NH3+     =   4.023E-03
 RS          =   0.000E+00   RPH         =   0.000E+00   CH3OH+      =   1.075E-04
 S           =   4.154E+15   CH3OH       =   1.420E-07   SiH4+       =   1.400E-12
 SiH4        =   5.592E-05   GHNOH       =   0.000E+00   GSiH4       =   0.000E+00
 H2NO+       =   2.113E+02   O2-         =   7.031E-10   RHNOH       =   0.000E+00
 RSiH4       =   0.000E+00   HNOH        =   0.000E+00   HNOH+       =   0.000E+00
 PH          =   2.294E+08   O2+         =   8.618E+12   S+          =   2.271E+16
 GPH2        =   0.000E+00   HS+         =   4.326E+04   NH2OH       =   0.000E+00
 RPH2        =   0.000E+00   CH3OH2+     =   6.946E-03   RHS         =   0.000E+00
 PH2         =   1.888E-02   SiH5+       =   9.161E-07   GNH2OH      =   0.000E+00
 NH2OH+      =   0.000E+00   PH2+        =   4.578E+06   RO2H        =   0.000E+00
 RNH2OH      =   0.000E+00   O2H         =   6.501E-01   GO2H        =   0.000E+00
 GHS         =   0.000E+00   HS          =   7.408E+10   O2H+        =   5.427E+01
 GH2S        =   0.000E+00   H2S+        =   3.053E+08   H2O2        =   2.868E-06
 RH2S        =   0.000E+00   H2S         =   6.881E+14   GH2O2       =   0.000E+00
 NH3OH+      =   0.000E+00   PH3+        =   9.546E-03   RH2O2       =   0.000E+00
 Cl          =   8.928E+12   GCl         =   0.000E+00   H3S+        =   4.451E+07
 RCl         =   0.000E+00   Cl+         =   5.793E+08   C3-         =   1.840E-06
 GHCl        =   0.000E+00   C3+         =   5.196E+03   HCl+        =   3.080E+08
 RHCl        =   0.000E+00   HCl         =   2.087E+12   C3          =   4.662E+04
 GC3         =   0.000E+00   RC3         =   0.000E+00   GC3H        =   0.000E+00
 C3H-        =   1.296E-07   C3H+        =   1.013E+04   C3H         =   2.823E+02
 RC3H        =   0.000E+00   H2Cl+       =   1.155E+09   C2N+        =   2.034E+05
 RC2N        =   0.000E+00   C2N         =   4.484E+05   H2CCC       =   5.215E+02
 C3H2+       =   1.381E+02   C3H2        =   1.153E+03   CNC+        =   4.128E+08
 GC2N        =   0.000E+00   GH2CCC      =   0.000E+00   RC3H2       =   0.000E+00
 RH2CCC      =   0.000E+00   GC3H2       =   0.000E+00   GCH2CCH     =   0.000E+00
 C3H3+       =   2.522E+02   RCH2CCH     =   0.000E+00   CH2CCH      =   1.511E+02
 RHCCN       =   0.000E+00   HCCN        =   0.000E+00   C2NH+       =   3.411E+04
 CH2CCH+     =   6.677E+02   GHCCN       =   0.000E+00   GCH3CCH     =   0.000E+00
 CH2CCH2     =   3.514E-02   RSiC        =   0.000E+00   GCH2CN      =   0.000E+00
 CH3CCH      =   1.841E+01   CH2CN+      =   6.008E+04   RCH3CCH     =   0.000E+00
 GSiC        =   0.000E+00   RCH2CN      =   0.000E+00   C2O         =   8.177E+05
 GC2O        =   0.000E+00   SiC+        =   4.787E+05   GCH2CCH2    =   0.000E+00
 SiC         =   2.581E+08   C2O+        =   9.076E+01   RCH2CCH2    =   0.000E+00
 CH2CN       =   9.144E+05   C3H4+       =   2.608E-01   RC2O        =   0.000E+00
 GCH3CN      =   0.000E+00   CH3CN+      =   3.392E+05   HC2O+       =   1.045E+05
 HC2O        =   1.165E-05   RCH3CN      =   0.000E+00   CH3CN       =   1.613E+04
 GHC2O       =   0.000E+00   GHCSi       =   0.000E+00   HCSi        =   2.624E+06
 C3H5+       =   1.527E+01   RHC2O       =   0.000E+00   RHCSi       =   0.000E+00
 HCSi+       =   5.739E+05   CH2CO+      =   1.463E+04   GCH3CHCH2   =   0.000E+00
 RSiCH2      =   0.000E+00   SiCH2+      =   9.131E+06   GCH2CO      =   0.000E+00
 RCH2CO      =   0.000E+00   RCH3CHCH2   =   0.000E+00   NH2CN       =   1.280E-02
 GSiCH2      =   0.000E+00   RCNO        =   0.000E+00   OCN+        =   2.004E+02
 GNH2CN      =   0.000E+00   CH3CHCH2    =   7.413E-01   CNO         =   3.937E-16
 GSiN        =   0.000E+00   OCN         =   2.007E+07   ROCN        =   0.000E+00
 SiCH2       =   6.476E+00   C3H6+       =   5.016E-02   SiN         =   1.626E+07
 GOCN        =   0.000E+00   CH3CNH+     =   5.373E+06   CH2CO       =   1.355E+04
 GCNO        =   0.000E+00   SiN+        =   2.360E+08   RNH2CN      =   0.000E+00
 RSiN        =   0.000E+00   CP+         =   2.485E-01   HOCN+       =   9.799E+01
 HCNO        =   2.334E-06   RSiCH3      =   0.000E+00   SiCH3+      =   4.474E-03
 GCH3CO      =   0.000E+00   NH2CNH+     =   1.178E-08   HCNO+       =   7.216E-16
 GHOCN       =   0.000E+00   HOCN        =   1.033E+05   GHCNO       =   0.000E+00
 RCH3CO      =   0.000E+00   RHOCN       =   0.000E+00   RHCNO       =   0.000E+00
 HNSi        =   5.240E+06   HNSi+       =   1.048E+04   GSiCH3      =   0.000E+00
 CH3CO+      =   2.591E+04   GHONC       =   0.000E+00   CH3CO       =   2.527E-08
 HONC+       =   2.019E-20   RHNSi       =   0.000E+00   HONC        =   4.093E-14
 GCP         =   0.000E+00   GHNCO       =   0.000E+00   GHNSi       =   0.000E+00
 C3H7+       =   8.842E-02   HNCO+       =   9.799E+01   CP          =   7.695E+04
 RCP         =   0.000E+00   RHNCO       =   0.000E+00   RHONC       =   0.000E+00
 HNCO        =   9.175E+04   SiCH3       =   2.245E-01   N2O+        =   2.425E-04
 RSiO        =   0.000E+00   CH3CHO      =   4.115E-07   GN2O        =   0.000E+00
 GCS         =   0.000E+00   GCO2        =   0.000E+00   RCH3CHO     =   0.000E+00
 GHNCHO      =   0.000E+00   CS          =   2.191E+12   N2O         =   8.054E+00
 CO2+        =   2.543E+01   GCH3CHO     =   0.000E+00   RCO2        =   0.000E+00
 SiO+        =   2.958E+11   H2OCN+      =   2.881E+03   H2CNO+      =   5.293E-15
 SiNH2+      =   3.241E+05   NH2CO       =   0.000E+00   HCNOH+      =   5.293E-15
 RHNCHO      =   0.000E+00   HCP         =   2.819E+02   HCP+        =   5.667E-01
 GSiO        =   0.000E+00   RCS         =   0.000E+00   RN2O        =   0.000E+00
 SiO         =   1.066E+15   CO2         =   3.187E+13   GNH2CO      =   0.000E+00
 HNCHO       =   0.000E+00   HNCOH+      =   5.762E+03   GHCP        =   0.000E+00
 CH3CHO+     =   2.308E-03   RNH2CO      =   0.000E+00   H2NCO+      =   2.881E+03
 RHCP        =   0.000E+00   CS+         =   9.425E+05   SiCH4+      =   5.203E-03
 GHCS        =   0.000E+00   COOH        =   0.000E+00   PN+         =   1.076E+04
 CH3OCH2     =   4.196E-21   NH2CHO+     =   0.000E+00   RHCS        =   0.000E+00
 PN          =   6.064E+11   RPN         =   0.000E+00   RCOOH       =   0.000E+00
 CH3CHOH+    =   4.509E+00   RNH2CHO     =   0.000E+00   HCS+        =   1.054E+07
 HN2O+       =   2.738E-06   GNH2CHO     =   0.000E+00   SiOH+       =   3.337E+12
 PCH2+       =   2.842E+01   NH2CHO      =   1.706E-06   GPN         =   0.000E+00
 HCO2+       =   1.344E+09   GCOOH       =   0.000E+00   HCS         =   1.849E+03
 C2H5OH      =   4.364E-12   H2SiO+      =   1.652E-01   HCOOH       =   4.880E-03
 CH2PH       =   9.621E-07   GHCOOH      =   0.000E+00   HPN+        =   2.216E+07
 GH2SiO      =   0.000E+00   RHCOOH      =   0.000E+00   RH2SiO      =   0.000E+00
 NS+         =   4.076E+08   H2CS        =   6.396E+04   RH2CS       =   0.000E+00
 GNS         =   0.000E+00   NS          =   4.447E+08   RCH2PH      =   0.000E+00
 GCH3OCH3    =   0.000E+00   GC2H5OH     =   0.000E+00   C2H5OH+     =   2.349E-15
 H2CS+       =   1.622E+03   GNO2        =   0.000E+00   RCH3OCH3    =   0.000E+00
 RC2H5OH     =   0.000E+00   NO2         =   7.068E+01   PCH3+       =   2.644E-10
 RNO2        =   0.000E+00   H2SiO       =   1.452E-06   GH2CS       =   0.000E+00
 CH3OCH3     =   2.898E-20   RNS         =   0.000E+00   CH3OCH3+    =   2.256E-19
 NO2+        =   6.014E+04   NH2CH2O+    =   2.479E-10   HCOOH+      =   3.457E-02
 GCH2PH      =   0.000E+00   HCOOH2+     =   1.296E-01   H3CS+       =   5.549E+02
 RPO         =   0.000E+00   GPO         =   0.000E+00   PNH2+       =   2.381E+00
 HNS+        =   1.234E+03   PCH4+       =   2.473E-07   C2H5OH2+    =   1.643E-12
 PO+         =   8.580E+09   CCl+        =   4.957E+06   CH3OCH4+    =   7.662E-19
 PO          =   3.047E+12   H3SiO+      =   2.705E-07   RCCl        =   0.000E+00
 SiF+        =   1.457E+11   CCl         =   3.349E+03   GCCl        =   0.000E+00
 GO3         =   0.000E+00   GHPO        =   0.000E+00   SO          =   1.203E+14
 RO3         =   0.000E+00   PNH3+       =   9.892E-07   RHPO        =   0.000E+00
 C4          =   6.324E+00   SO+         =   2.316E+12   O3          =   0.000E+00
 HPO+        =   1.503E+03   GC4         =   0.000E+00   C4+         =   1.367E+00
 HPO         =   7.994E-03   GSO         =   0.000E+00   RSO         =   0.000E+00
 C4-         =   3.410E-02   RC4         =   0.000E+00   GC4H        =   0.000E+00
 H2CCl+      =   7.410E+01   RC4H        =   0.000E+00   HSO+        =   8.226E+10
 H2PO+       =   4.662E-05   C4H         =   1.127E+01   C4H+        =   2.362E+00
 C4H-        =   3.330E-02   GC3N        =   0.000E+00   RC3N        =   0.000E+00
 C3N         =   2.386E+03   C4H2        =   1.823E+00   RC4H2       =   0.000E+00
 C4H2+       =   3.175E-01   C3N+        =   2.259E-01   C3N-        =   3.644E-02
 GC4H2       =   0.000E+00   ClO         =   1.312E-05   GHC3N       =   0.000E+00
 HNC3        =   3.065E+00   RClO        =   0.000E+00   C4H3        =   1.938E-02
 C4H3+       =   2.503E-01   RC4H3       =   0.000E+00   RHNC3       =   0.000E+00
 ClO+        =   1.112E-11   GC4H3       =   0.000E+00   HC3N+       =   1.355E+01
 GHNC3       =   0.000E+00   RHC3N       =   0.000E+00   HC3N        =   5.994E+02
 GClO        =   0.000E+00   C2N2+       =   1.486E+02   RCH2CHCCH   =   0.000E+00
 C3O+        =   1.863E-05   C3O         =   9.616E-01   C4H4+       =   6.968E-04
 GCH2CHCCH   =   0.000E+00   SiC2+       =   2.567E+03   RC3O        =   0.000E+00
 GNCCN       =   0.000E+00   GSiC2       =   0.000E+00   HC3NH+      =   1.487E+01
 SiC2        =   6.150E+06   NCCN        =   1.440E+03   CH2CHCCH    =   4.534E-07
 GC3O        =   0.000E+00   RNCCN       =   0.000E+00   RSiC2       =   0.000E+00
 RSiC2H      =   0.000E+00   SiC2H       =   9.273E+02   C4H5+       =   1.003E-06
 HC3O+       =   3.224E-04   CH2CHCN+    =   6.149E-04   CH2CHCN     =   1.181E-05
 GSiC2H      =   0.000E+00   RCH2CHCN    =   0.000E+00   NCCNH+      =   2.766E+03
 GCH2CHCN    =   0.000E+00   SiC2H+      =   1.351E+05   C4H6        =   1.035E-08
 GSiC2H2     =   0.000E+00   SiC2H2+     =   1.809E+01   C2H4CN      =   0.000E+00
 C3H2O+      =   6.921E-01   RSiNC       =   0.000E+00   GSiNC       =   0.000E+00
 RSiC2H2     =   0.000E+00   CH2CHCNH+   =   2.291E-06   RC4H6       =   0.000E+00
 RC2H4CN     =   0.000E+00   SiNC+       =   3.087E+08   SiNC        =   2.082E+06
 SiC2H2      =   9.690E+01   GC4H6       =   0.000E+00   GC2H4CN     =   0.000E+00
 SiC2H3+     =   6.452E-01   GC2H5CN     =   0.000E+00   RCCP        =   0.000E+00
 C2H5CN      =   5.096E-07   C4H7+       =   2.380E-16   GCCP        =   0.000E+00
 H3C3O+      =   3.191E-02   RC2H5CN     =   0.000E+00   CCP         =   8.748E+03
 CCP+        =   4.651E-02   SiNCH+      =   3.919E+05   RHC2P       =   0.000E+00
 Fe          =   4.017E+11   RFe         =   0.000E+00   GFe         =   0.000E+00
 GHC2P       =   0.000E+00   HC2P+       =   1.273E+03   C2S+        =   2.627E+03
 RC2S        =   0.000E+00   C2S         =   2.060E+07   C2H5CNH+    =   1.958E-06
 HC2P        =   9.145E-04   Fe+         =   1.062E+13   GC2S        =   0.000E+00
 HC2S+       =   3.271E+05   PC2H2+      =   6.879E-05   RCH3COCH3   =   0.000E+00
 CH3COCH3+   =   1.579E-17   GCH3COCH3   =   0.000E+00   OHCCHO      =   0.000E+00
 GOHCCHO     =   0.000E+00   PC2H3+      =   8.548E-15   OHCCHO+     =   0.000E+00
 ROHCCHO     =   0.000E+00   CH3COCH3    =   2.395E-18   HOCHCHO     =   0.000E+00
 GHOCH2CO    =   0.000E+00   PC2H4+      =   4.102E-14   C2O2H3+     =   0.000E+00
 OHCCH2O+    =   0.000E+00   CH3CS+      =   5.197E-05   CH3COCH4+   =   3.295E-17
 OCH2CHO     =   0.000E+00   COOCH3+     =   3.971E-27   RHOCH2CO    =   0.000E+00
 GCOOCH3     =   0.000E+00   GOCH2CHO    =   0.000E+00   GCH2COOH    =   0.000E+00
 GHOCHCHO    =   0.000E+00   COOCH3      =   2.304E-21   RCH2COOH    =   0.000E+00
 RHOCHCHO    =   0.000E+00   RCOOCH3     =   0.000E+00   ROCH2CHO    =   0.000E+00
 HOCH2CO     =   0.000E+00   HOCH2CO+    =   0.000E+00   CH2COOH     =   0.000E+00
 OCS+        =   1.010E+03   GSiS        =   0.000E+00   C5          =   2.184E-01
 ROCS        =   0.000E+00   OCS         =   5.042E+04   GOCS        =   0.000E+00
 SiS         =   3.747E+13   HOCH2CHO    =   0.000E+00   HCOOCH3     =   5.873E-20
 SiO2        =   3.311E+06   SiS+        =   7.017E+02   HCOOCH3+    =   3.069E-24
 RSiS        =   0.000E+00   CH3COOH+    =   0.000E+00   CH3COOH     =   0.000E+00
 GSiO2       =   0.000E+00   GHOCH2CHO   =   0.000E+00   C2O2H4+     =   0.000E+00
 RC5         =   0.000E+00   C5-         =   1.310E-03   GHCOOCH3    =   0.000E+00
 GCH3COOH    =   0.000E+00   RHOCH2CHO   =   0.000E+00   HOCH2CHO+   =   0.000E+00
 GC5         =   0.000E+00   RHCOOCH3    =   0.000E+00   RCH3COOH    =   0.000E+00
 C5+         =   9.638E-03   RSiO2       =   0.000E+00   RC5H        =   0.000E+00
 H5C2O2+     =   2.579E-20   GC5H        =   0.000E+00   HOCS+       =   1.475E-01
 HSiO2+      =   1.841E+01   C5H-        =   7.883E-05   CH3COOH2+   =   0.000E+00
 GHOCH2CH2O  =   0.000E+00   HOCH2CH2O+  =   0.000E+00   RHOCH2CH2O  =   0.000E+00
 HSiS+       =   6.538E+05   C5H         =   1.224E-02   C5H+        =   6.299E-03
 HOCH2CH2O   =   0.000E+00   CH2OHCH2OH  =   0.000E+00   GC4N        =   0.000E+00
 GCH2OHCH2OH =   0.000E+00   CH2OHCH2OH+ =   0.000E+00   RCH2OHCH2OH =   0.000E+00
 C4N+        =   3.188E-03   C4N         =   4.245E-03   RC4N        =   0.000E+00
 GC5H2       =   0.000E+00   C5H2        =   9.639E-02   RC5H2       =   0.000E+00
 C5H2+       =   2.637E-05   HC4N+       =   5.278E-07   C5H3+       =   6.326E-09
 CH2OHCH2OHH+=   0.000E+00   RS2         =   0.000E+00   SO2+        =   2.562E-05
 GCH3C4H     =   0.000E+00   SO2         =   1.463E+14   CH3C4H+     =   1.682E-10
 GS2         =   0.000E+00   H2C4N+      =   4.288E-07   S2          =   9.449E+04
 RCH3C4H     =   0.000E+00   SiC3+       =   2.589E+00   S2+         =   3.371E+03
 GSiC3       =   0.000E+00   SiC3        =   7.836E+01   GSO2        =   0.000E+00
 RSiC3       =   0.000E+00   RSO2        =   0.000E+00   CH3C4H      =   1.355E-08
 SiC3H       =   1.714E+01   RSiC3H      =   0.000E+00   GSiC3H      =   0.000E+00
 CH3C3N      =   4.083E-04   HSO2+       =   3.126E-02   C5H5+       =   1.397E-11
 HS2         =   9.038E+02   GCH3C3N     =   0.000E+00   RHS2        =   0.000E+00
 HS2+        =   6.304E+03   CH3C3N+     =   3.503E-07   RCH3C3N     =   0.000E+00
 GHS2        =   0.000E+00   SiC3H+      =   1.808E+00   SiC3H2+     =   1.369E-01
 H2S2+       =   1.072E+04   H2S2        =   3.887E+00   RH2S2       =   0.000E+00
 CH3C3NH+    =   6.240E-07   GH2S2       =   0.000E+00   NCCNCH3+    =   6.672E-08
 GC3P        =   0.000E+00   RC3P        =   0.000E+00   C3P         =   5.196E-11
 H3S2+       =   8.531E-01   C3S         =   1.937E+02   C3S+        =   1.765E+01
 GC3S        =   0.000E+00   PC3H+       =   3.909E-12   RC3S        =   0.000E+00
 HC3S+       =   1.741E+00   GC6         =   0.000E+00   C6+         =   1.310E-04
 RC6         =   0.000E+00   C6-         =   1.079E-04   C6          =   9.780E-04
 C6H         =   8.744E-03   C6H+        =   6.013E-05   C6H-        =   4.547E-04
 GC6H        =   0.000E+00   RC6H        =   0.000E+00   RC6H2       =   0.000E+00
 C5N+        =   1.579E-07   C6H2        =   1.392E-02   C6H2+       =   1.750E-04
 RC5N        =   0.000E+00   C5N         =   2.341E-06   NHCH2COOH   =   0.000E+00
 GC5N        =   0.000E+00   GC6H2       =   0.000E+00   C5N-        =   1.083E-07
 RNHCH2COOH  =   0.000E+00   GNHCH2COOH  =   0.000E+00   GHC5N       =   0.000E+00
 C6H3+       =   1.396E-10   RHC5N       =   0.000E+00   HC5N+       =   1.883E-07
 NH2CH2COOH+ =   0.000E+00   RNH2CH2COOH =   0.000E+00   NH2CH2COOH  =   0.000E+00
 HC5N        =   2.603E-05   GNH2CH2COOH =   0.000E+00   SiC4+       =   2.957E-02
 NH2CH2COOH2+=   0.000E+00   RSiC4       =   0.000E+00   SiC4        =   4.479E-04
 GSiC4       =   0.000E+00   C6H4+       =   1.336E-13   HC5NH+      =   1.142E-07
 SiC4H+      =   3.682E-06   C6H5+       =   2.724E-14   H3C5N+      =   1.764E-11
 RC6H6       =   0.000E+00   GC6H6       =   0.000E+00   C6H6        =   1.461E-11
 C6H6+       =   2.966E-16   GC4P        =   0.000E+00   C4P         =   1.680E-13
 RC4P        =   0.000E+00   C4P+        =   1.981E-18   C6H7+       =   8.656E-15
 GC4S        =   0.000E+00   PC4H+       =   1.495E-14   C4S+        =   7.435E-03
 C4S         =   2.024E-02   RC4S        =   0.000E+00   HC4S+       =   3.481E-04
 RC7         =   0.000E+00   C7          =   5.024E-05   GC7         =   0.000E+00
 C7-         =   3.410E-05   C7+         =   8.341E-06   C7H-        =   3.965E-11
 RC7H        =   0.000E+00   C7H         =   5.677E-04   GC7H        =   0.000E+00
 C7H+        =   1.615E-05   GC7H2       =   0.000E+00   RC7H2       =   0.000E+00
 C7H2        =   1.892E-09   C7H2+       =   3.096E-11   C7H3+       =   6.635E-12
 RCH3C6H     =   0.000E+00   CH3C6H      =   9.074E-14   C7H4+       =   9.130E-16
 GCH3C6H     =   0.000E+00   GCH3C5N     =   0.000E+00   CH3C5N      =   1.947E-13
 RCH3C5N     =   0.000E+00   C7H5+       =   1.596E-16   CH3C5NH+    =   3.496E-15
 RC8         =   0.000E+00   C8-         =   1.559E-08   C8+         =   9.422E-07
 GC8         =   0.000E+00   C8          =   5.940E-08   C8H-        =   7.107E-14
 C8H         =   2.946E-07   C8H+        =   3.709E-09   RC8H        =   0.000E+00
 GC8H        =   0.000E+00   GC8H2       =   0.000E+00   C7N+        =   2.917E-09
 C7N         =   1.327E-09   C8H2        =   4.971E-12   RC8H2       =   0.000E+00
 C8H2+       =   1.617E-09   RC7N        =   0.000E+00   GC7N        =   0.000E+00
 HC7N        =   8.067E-11   GHC7N       =   0.000E+00   HC7N+       =   1.786E-09
 C8H3+       =   7.731E-15   RHC7N       =   0.000E+00   H2C7N+      =   4.107E-12
 C8H4+       =   3.888E-17   H3C7N+      =   7.086E-19   C8H5+       =   6.413E-22
 C9+         =   2.310E-10   C9-         =   4.008E-11   GC9         =   0.000E+00
 RC9         =   0.000E+00   C9          =   3.531E-11   C9H         =   3.245E-10
 C9H+        =   8.023E-12   GC9H        =   0.000E+00   C9H-        =   1.282E-16
 RC9H        =   0.000E+00   C9H2        =   8.750E-15   C9H2+       =   1.568E-15
 RC9H2       =   0.000E+00   GC9H2       =   0.000E+00   C9H3+       =   5.435E-18
 C9H4+       =   3.800E-20   CH3C7N      =   4.705E-19   C9H5+       =   1.370E-29
 GCH3C7N     =   0.000E+00   RCH3C7N     =   0.000E+00   CH3C7NH+    =   1.009E-20
 GC10        =   0.000E+00   C10+        =   6.934E-13   C10         =   7.595E-14
 RC10        =   0.000E+00   C10-        =   2.311E-14   C10H+       =   6.149E-15
 GC10H       =   0.000E+00   C10H        =   2.551E-13   RC10H       =   0.000E+00
 C10H-       =   6.417E-15   GC9N        =   0.000E+00   C10H2+      =   9.400E-15
 RC9N        =   0.000E+00   GC10H2      =   0.000E+00   C9N+        =   1.081E-15
 C10H2       =   7.094E-13   C9N         =   6.211E-14   RC10H2      =   0.000E+00
 C10H3+      =   5.986E-22   GHC9N       =   0.000E+00   HC9N        =   3.673E-17
 HC9N+       =   7.435E-16   RHC9N       =   0.000E+00   H2C9N+      =   1.876E-18
 H3C9N+      =   3.570E-24   RC11        =   0.000E+00   C11+        =   1.111E-15
 GC11        =   0.000E+00   C11         =   5.507E-17   e-          =   6.396E+16
 H2          =   4.390E+20
