  **  PHYSICAL PARAMETERS  **


   RADIUS      n(H2)       TEMP.       A_V         RAD.FIELD   K(ICOR)     K(ICOIP)    K(ICOAP)    DELTA_AUV   T_DUST      NMONO       ALL_ICE     
   2.050E+013  3.755E+009  3.255E+003  4.116E+001  7.516E-086  0.000E+000  0.000E+000  0.000E+000 -1.718E+002  1.781E+003  0.000E+000  0.000E+000
   2.197E+013  3.270E+009  3.144E+003  3.841E+001  2.722E-080  0.000E+000  0.000E+000  0.000E+000 -1.590E+002  1.781E+003         NaN  0.000E+000
   2.354E+013  2.848E+009  3.037E+003  3.585E+001  4.198E-075  0.000E+000  0.000E+000  0.000E+000 -1.471E+002  1.781E+003         NaN  0.000E+000
   2.522E+013  2.481E+009  2.934E+003  3.346E+001  2.921E-070  0.000E+000  0.000E+000  0.000E+000 -1.360E+002  1.781E+003         NaN  0.000E+000
   2.702E+013  2.161E+009  2.835E+003  3.122E+001  9.670E-066  0.000E+000  0.000E+000  0.000E+000 -1.256E+002  1.781E+003         NaN  0.000E+000
   2.896E+013  1.882E+009  2.738E+003  2.914E+001  1.602E-061  0.000E+000  0.000E+000  0.000E+000 -1.159E+002  1.781E+003         NaN  0.000E+000
   3.103E+013  1.639E+009  2.646E+003  2.719E+001  1.392E-057  0.000E+000  0.000E+000  0.000E+000 -1.068E+002  1.781E+003         NaN  0.000E+000
   3.325E+013  1.427E+009  2.556E+003  2.538E+001  6.632E-054  0.000E+000  0.000E+000  0.000E+000 -9.840E+001  1.781E+003         NaN  0.000E+000
   3.562E+013  1.243E+009  2.469E+003  2.369E+001  1.804E-050  0.000E+000  0.000E+000  0.000E+000 -9.052E+001  1.781E+003         NaN  0.000E+000
   3.817E+013  1.083E+009  2.385E+003  2.210E+001  2.914E-047  0.000E+000  0.000E+000  0.000E+000 -8.317E+001  1.781E+003         NaN  0.000E+000
   4.090E+013  9.431E+008  2.304E+003  2.063E+001  2.896E-044  0.000E+000  0.000E+000  0.000E+000 -7.631E+001  1.781E+003         NaN  0.000E+000
   4.383E+013  8.214E+008  2.226E+003  1.925E+001  1.831E-041  0.000E+000  0.000E+000  0.000E+000 -6.990E+001  1.781E+003         NaN  0.000E+000
   4.696E+013  7.154E+008  2.150E+003  1.797E+001  7.596E-039  0.000E+000  0.000E+000  0.000E+000 -6.393E+001  1.781E+003         NaN  0.000E+000
   5.032E+013  6.231E+008  2.077E+003  1.677E+001  2.129E-036  0.000E+000  0.000E+000  0.000E+000 -5.835E+001  1.781E+003         NaN  0.000E+000
   5.392E+013  5.427E+008  2.007E+003  1.565E+001  4.136E-034  0.000E+000  0.000E+000  0.000E+000 -5.315E+001  1.781E+003         NaN  0.000E+000
   5.778E+013  4.727E+008  1.939E+003  1.460E+001  5.711E-032  0.000E+000  0.000E+000  0.000E+000 -4.829E+001  1.781E+003         NaN  0.000E+000
   6.191E+013  4.117E+008  1.873E+003  1.363E+001  5.731E-030  0.000E+000  0.000E+000  0.000E+000 -4.376E+001  1.781E+003         NaN  0.000E+000
   6.634E+013  3.586E+008  1.809E+003  1.272E+001  4.267E-028  0.000E+000  0.000E+000  0.000E+000 -3.953E+001  1.781E+003         NaN  0.000E+000
   7.108E+013  3.123E+008  1.748E+003  1.187E+001  2.403E-026  0.000E+000  0.000E+000  0.000E+000 -3.558E+001  1.781E+003         NaN  0.000E+000
   7.616E+013  2.720E+008  1.689E+003  1.108E+001  1.042E-024  0.000E+000  0.000E+000  0.000E+000 -3.190E+001  1.781E+003         NaN  0.000E+000
   8.161E+013  2.369E+008  1.631E+003  1.034E+001  3.535E-023  0.000E+000  0.000E+000  0.000E+000 -2.846E+001  1.781E+003         NaN  0.000E+000
   8.745E+013  2.063E+008  1.576E+003  9.649E+000  9.538E-022  0.000E+000  0.000E+000  0.000E+000 -2.525E+001  1.781E+003         NaN  0.000E+000
   9.370E+013  1.797E+008  1.522E+003  9.005E+000  2.076E-020  0.000E+000  0.000E+000  0.000E+000 -2.225E+001  1.781E+003         NaN  0.000E+000
   1.004E+014  1.565E+008  1.471E+003  8.404E+000  3.695E-019  0.000E+000  0.000E+000  0.000E+000 -1.946E+001  1.781E+003         NaN  0.000E+000
   1.076E+014  1.363E+008  1.421E+003  7.843E+000  5.446E-018  0.000E+000  0.000E+000  0.000E+000 -1.685E+001  1.781E+003         NaN  0.000E+000
   1.153E+014  1.187E+008  1.372E+003  7.319E+000  6.730E-017  0.000E+000  0.000E+000  0.000E+000 -1.442E+001  1.781E+003         NaN  0.000E+000
   1.235E+014  1.034E+008  1.326E+003  6.831E+000  7.051E-016  0.000E+000  0.000E+000  0.000E+000 -1.215E+001  1.781E+003         NaN  0.000E+000
   1.324E+014  9.007E+007  1.281E+003  6.375E+000  6.331E-015  0.000E+000  0.000E+000  0.000E+000 -1.003E+001  1.781E+003         NaN  0.000E+000
   1.418E+014  7.845E+007  1.237E+003  5.949E+000  4.921E-014  0.000E+000  0.000E+000  0.000E+000 -8.047E+000  1.781E+003         NaN  0.000E+000
   1.520E+014  6.832E+007  1.195E+003  5.552E+000  3.342E-013  0.000E+000  0.000E+000  0.000E+000 -6.201E+000  1.781E+003         NaN  0.000E+000
   1.628E+014  5.951E+007  1.155E+003  5.182E+000  2.002E-012  0.000E+000  0.000E+000  0.000E+000 -4.477E+000  1.781E+003         NaN  0.000E+000
   1.745E+014  5.183E+007  1.116E+003  4.836E+000  1.066E-011  0.000E+000  0.000E+000  0.000E+000 -2.869E+000  1.781E+003         NaN  0.000E+000
   1.870E+014  4.514E+007  1.078E+003  4.513E+000  5.088E-011  0.000E+000  0.000E+000  0.000E+000 -1.368E+000  1.781E+003         NaN  0.000E+000
   2.003E+014  3.932E+007  1.041E+003  4.212E+000  2.193E-010  0.000E+000  0.000E+000  0.000E+000  3.267E-002  1.781E+003         NaN  0.000E+000
   2.147E+014  3.424E+007  1.006E+003  3.931E+000  8.596E-010  6.380E-023  0.000E+000  0.000E+000  1.340E+000  1.781E+003         NaN  0.000E+000
   2.300E+014  2.982E+007  9.716E+002  3.668E+000  3.084E-009  2.604E-022  0.000E+000  0.000E+000  2.560E+000  1.781E+003         NaN  0.000E+000
   2.465E+014  2.598E+007  9.387E+002  3.424E+000  1.019E-008  7.749E-022  0.000E+000  0.000E+000  3.698E+000  1.781E+003         NaN  0.000E+000
   2.641E+014  2.262E+007  9.068E+002  3.195E+000  3.120E-008  2.033E-021  0.000E+000  0.000E+000  4.761E+000  1.781E+003         NaN  0.000E+000
   2.830E+014  1.970E+007  8.760E+002  2.982E+000  8.896E-008  5.754E-021  0.000E+000  0.000E+000  5.753E+000  1.781E+003         NaN  0.000E+000
   3.032E+014  1.716E+007  8.463E+002  2.783E+000  2.374E-007  1.568E-020  0.000E+000  0.000E+000  6.678E+000  1.781E+003         NaN  0.000E+000
   3.249E+014  1.495E+007  8.175E+002  2.597E+000  5.954E-007  3.938E-020  0.000E+000  0.000E+000  7.542E+000  1.781E+003         NaN  0.000E+000
   3.481E+014  1.302E+007  7.898E+002  2.424E+000  1.410E-006  1.115E-019  0.000E+000  0.000E+000  8.348E+000  1.781E+003         NaN  0.000E+000
   3.730E+014  1.134E+007  7.630E+002  2.262E+000  3.166E-006  2.220E-019  0.000E+000  0.000E+000  9.100E+000  1.781E+003         NaN  0.000E+000
   3.997E+014  9.876E+006  7.371E+002  2.111E+000  6.758E-006  4.753E-019  0.000E+000  0.000E+000  9.802E+000  1.781E+003         NaN  0.000E+000
   4.283E+014  8.601E+006  7.120E+002  1.970E+000  1.377E-005  1.081E-018  0.000E+000  0.000E+000  1.046E+001  1.781E+003         NaN  0.000E+000
   4.589E+014  7.491E+006  6.879E+002  1.839E+000  2.685E-005  2.224E-018  0.000E+000  0.000E+000  1.107E+001  1.781E+003         NaN  0.000E+000
   4.918E+014  6.525E+006  6.645E+002  1.716E+000  5.024E-005  4.209E-018  0.000E+000  0.000E+000  1.164E+001  1.781E+003         NaN  0.000E+000
   5.269E+014  5.683E+006  6.420E+002  1.601E+000  9.047E-005  7.439E-018  0.000E+000  0.000E+000  1.217E+001  1.781E+003         NaN  0.000E+000
   5.646E+014  4.950E+006  6.202E+002  1.494E+000  1.571E-004  1.476E-017  0.000E+000  0.000E+000  1.267E+001  1.781E+003         NaN  0.000E+000
   6.050E+014  4.311E+006  5.991E+002  1.395E+000  2.638E-004  2.366E-017  0.000E+000  0.000E+000  1.313E+001  1.781E+003         NaN  0.000E+000
   6.483E+014  3.755E+006  5.788E+002  1.302E+000  4.290E-004  4.013E-017  0.000E+000  0.000E+000  1.357E+001  1.781E+003         NaN  0.000E+000
   6.946E+014  3.270E+006  5.591E+002  1.215E+000  6.772E-004  7.024E-017  0.000E+000  0.000E+000  1.397E+001  1.781E+003         NaN  0.000E+000
   7.443E+014  2.848E+006  5.401E+002  1.134E+000  1.039E-003  1.166E-016  0.000E+000  0.000E+000  1.435E+001  1.781E+003         NaN  0.000E+000
   7.975E+014  2.481E+006  5.218E+002  1.058E+000  1.554E-003  1.867E-016  0.000E+000  0.000E+000  1.470E+001  1.781E+003         NaN  0.000E+000
   8.546E+014  2.161E+006  5.041E+002  9.874E-001  2.268E-003  2.838E-016  0.000E+000  0.000E+000  1.503E+001  1.781E+003         NaN  0.000E+000
   9.157E+014  1.882E+006  4.870E+002  9.215E-001  3.234E-003  4.130E-016  0.000E+000  0.000E+000  1.533E+001  1.781E+003         NaN  0.000E+000
   9.812E+014  1.639E+006  4.704E+002  8.600E-001  4.513E-003  6.173E-016  0.000E+000  0.000E+000  1.562E+001  1.781E+003         NaN  0.000E+000
   1.051E+015  1.427E+006  4.545E+002  8.026E-001  6.173E-003  9.120E-016  0.000E+000  0.000E+000  1.589E+001  1.781E+003         NaN  0.000E+000
   1.127E+015  1.243E+006  4.390E+002  7.490E-001  8.287E-003  1.360E-015  0.000E+000  0.000E+000  1.614E+001  1.781E+003         NaN  0.000E+000
   1.207E+015  1.083E+006  4.241E+002  6.990E-001  1.093E-002  1.908E-015  0.000E+000  0.000E+000  1.637E+001  1.781E+003         NaN  0.000E+000
   1.293E+015  9.431E+005  4.097E+002  6.523E-001  1.419E-002  2.584E-015  0.000E+000  0.000E+000  1.658E+001  1.781E+003         NaN  0.000E+000
   1.386E+015  8.214E+005  3.958E+002  6.088E-001  1.813E-002  3.621E-015  0.000E+000  0.000E+000  1.679E+001  1.781E+003         NaN  0.000E+000
   1.485E+015  7.154E+005  3.824E+002  5.682E-001  2.284E-002  4.850E-015  0.000E+000  0.000E+000  1.698E+001  1.781E+003         NaN  0.000E+000
   1.591E+015  6.231E+005  3.694E+002  5.302E-001  2.839E-002  6.358E-015  0.000E+000  0.000E+000  1.715E+001  1.781E+003         NaN  0.000E+000
   1.705E+015  5.427E+005  3.569E+002  4.949E-001  3.484E-002  8.436E-015  0.000E+000  0.000E+000  1.732E+001  1.781E+003         NaN  0.000E+000
   1.827E+015  4.727E+005  3.448E+002  4.618E-001  4.226E-002  1.092E-014  0.000E+000  0.000E+000  1.747E+001  1.781E+003         NaN  0.000E+000
   1.958E+015  4.117E+005  3.330E+002  4.310E-001  5.069E-002  1.390E-014  0.000E+000  0.000E+000  1.761E+001  1.781E+003         NaN  0.000E+000
   2.098E+015  3.586E+005  3.217E+002  4.022E-001  6.017E-002  1.767E-014  0.000E+000  0.000E+000  1.775E+001  1.781E+003         NaN  0.000E+000
   2.248E+015  3.123E+005  3.108E+002  3.754E-001  7.072E-002  2.254E-014  0.000E+000  0.000E+000  1.787E+001  1.781E+003         NaN  0.000E+000
   2.409E+015  2.720E+005  3.003E+002  3.503E-001  8.235E-002  2.804E-014  0.000E+000  0.000E+000  1.799E+001  1.781E+003         NaN  0.000E+000
   2.581E+015  2.369E+005  2.901E+002  3.269E-001  9.506E-002  3.514E-014  0.000E+000  0.000E+000  1.810E+001  1.781E+003         NaN  0.000E+000
   2.765E+015  2.063E+005  2.802E+002  3.051E-001  1.088E-001  4.256E-014  0.000E+000  0.000E+000  1.820E+001  1.781E+003         NaN  0.000E+000
   2.963E+015  1.797E+005  2.707E+002  2.848E-001  1.236E-001  5.184E-014  0.000E+000  0.000E+000  1.829E+001  1.781E+003         NaN  0.000E+000
   3.175E+015  1.565E+005  2.615E+002  2.658E-001  1.394E-001  6.222E-014  0.000E+000  0.000E+000  1.838E+001  1.781E+003         NaN  0.000E+000
   3.402E+015  1.363E+005  2.526E+002  2.480E-001  1.561E-001  7.484E-014  0.000E+000  0.000E+000  1.846E+001  1.781E+003         NaN  0.000E+000
   3.645E+015  1.187E+005  2.441E+002  2.315E-001  1.737E-001  9.054E-014  0.000E+000  0.000E+000  1.854E+001  1.781E+003         NaN  0.000E+000
   3.906E+015  1.034E+005  2.358E+002  2.160E-001  1.921E-001  1.056E-013  0.000E+000  0.000E+000  1.861E+001  1.781E+003         NaN  0.000E+000
   4.186E+015  9.007E+004  2.278E+002  2.016E-001  2.112E-001  1.248E-013  0.000E+000  0.000E+000  1.868E+001  1.781E+003         NaN  0.000E+000
   4.485E+015  7.845E+004  2.200E+002  1.881E-001  2.310E-001  1.487E-013  0.000E+000  0.000E+000  1.874E+001  1.781E+003         NaN  0.000E+000
   4.806E+015  6.832E+004  2.126E+002  1.756E-001  2.513E-001  1.717E-013  0.000E+000  0.000E+000  1.880E+001  1.781E+003         NaN  0.000E+000
   5.149E+015  5.951E+004  2.054E+002  1.639E-001  2.721E-001  1.972E-013  0.000E+000  0.000E+000  1.886E+001  1.781E+003         NaN  0.000E+000
   5.518E+015  5.183E+004  1.984E+002  1.529E-001  2.933E-001  2.285E-013  0.000E+000  0.000E+000  1.891E+001  1.781E+003         NaN  0.000E+000
   5.912E+015  4.514E+004  1.917E+002  1.427E-001  3.149E-001  2.663E-013  0.000E+000  0.000E+000  1.895E+001  1.781E+003         NaN  0.000E+000
   6.335E+015  3.932E+004  1.851E+002  1.332E-001  3.367E-001  3.007E-013  0.000E+000  0.000E+000  1.900E+001  1.781E+003         NaN  0.000E+000
   6.788E+015  3.424E+004  1.789E+002  1.243E-001  3.586E-001  3.446E-013  0.000E+000  0.000E+000  1.904E+001  1.781E+003         NaN  0.000E+000
   7.274E+015  2.982E+004  1.728E+002  1.160E-001  3.806E-001  3.890E-013  0.000E+000  0.000E+000  1.908E+001  1.781E+003         NaN  0.000E+000
   7.794E+015  2.598E+004  1.669E+002  1.083E-001  4.026E-001  4.469E-013  0.000E+000  0.000E+000  1.911E+001  1.781E+003         NaN  0.000E+000
   8.351E+015  2.262E+004  1.613E+002  1.010E-001  4.246E-001  4.990E-013  0.000E+000  0.000E+000  1.915E+001  1.781E+003         NaN  0.000E+000
   8.949E+015  1.970E+004  1.558E+002  9.429E-002  4.464E-001  5.677E-013  0.000E+000  0.000E+000  1.918E+001  1.781E+003         NaN  0.000E+000
   9.589E+015  1.716E+004  1.505E+002  8.800E-002  4.681E-001  6.291E-013  0.000E+000  0.000E+000  1.921E+001  1.781E+003         NaN  0.000E+000
   1.027E+016  1.495E+004  1.454E+002  8.213E-002  4.895E-001  7.084E-013  0.000E+000  0.000E+000  1.924E+001  1.781E+003         NaN  0.000E+000
   1.101E+016  1.302E+004  1.404E+002  7.664E-002  5.105E-001  7.908E-013  0.000E+000  0.000E+000  1.926E+001  1.781E+003         NaN  0.000E+000
   1.180E+016  1.134E+004  1.357E+002  7.153E-002  5.313E-001  8.841E-013  0.000E+000  0.000E+000  1.929E+001  1.781E+003         NaN  0.000E+000
   1.264E+016  9.876E+003  1.311E+002  6.675E-002  5.516E-001  9.791E-013  0.000E+000  0.000E+000  1.931E+001  1.781E+003         NaN  0.000E+000
   1.354E+016  8.601E+003  1.266E+002  6.230E-002  5.715E-001  1.085E-012  0.000E+000  0.000E+000  1.933E+001  1.781E+003         NaN  0.000E+000
   1.451E+016  7.491E+003  1.223E+002  5.814E-002  5.909E-001  1.204E-012  0.000E+000  0.000E+000  1.935E+001  1.781E+003         NaN  0.000E+000
   1.555E+016  6.525E+003  1.182E+002  5.426E-002  6.098E-001  1.334E-012  0.000E+000  0.000E+000  1.937E+001  1.781E+003         NaN  0.000E+000
   1.666E+016  5.683E+003  1.142E+002  5.064E-002  6.281E-001  1.466E-012  0.000E+000  0.000E+000  1.938E+001  1.781E+003         NaN  0.000E+000
   1.785E+016  4.950E+003  1.103E+002  4.726E-002  6.459E-001  1.625E-012  0.000E+000  0.000E+000  1.940E+001  1.781E+003         NaN  0.000E+000
   1.913E+016  4.311E+003  1.065E+002  4.410E-002  6.631E-001  1.782E-012  0.000E+000  0.000E+000  1.941E+001  1.781E+003         NaN  0.000E+000
   2.050E+016  3.755E+003  1.029E+002  4.116E-002  6.798E-001  1.963E-012  0.000E+000  0.000E+000  1.943E+001  1.781E+003         NaN  0.000E+000
   2.197E+016  3.270E+003  9.943E+001  3.841E-002  6.958E-001  2.163E-012  0.000E+000  0.000E+000  1.944E+001  1.781E+003         NaN  0.000E+000
   2.354E+016  2.848E+003  9.605E+001  3.585E-002  7.113E-001  2.381E-012  0.000E+000  0.000E+000  1.945E+001  1.781E+003         NaN  0.000E+000
   2.522E+016  2.481E+003  9.279E+001  3.346E-002  7.261E-001  2.603E-012  0.000E+000  0.000E+000  1.946E+001  1.781E+003         NaN  0.000E+000
   2.702E+016  2.161E+003  8.964E+001  3.122E-002  7.404E-001  2.860E-012  0.000E+000  0.000E+000  1.947E+001  1.781E+003         NaN  0.000E+000
   2.896E+016  1.882E+003  8.660E+001  2.914E-002  7.540E-001  3.132E-012  0.000E+000  0.000E+000  1.948E+001  1.781E+003         NaN  0.000E+000
   3.103E+016  1.639E+003  8.366E+001  2.719E-002  7.671E-001  3.437E-012  0.000E+000  0.000E+000  1.949E+001  1.781E+003         NaN  0.000E+000
   3.325E+016  1.427E+003  8.082E+001  2.538E-002  7.796E-001  3.792E-012  0.000E+000  0.000E+000  1.950E+001  1.781E+003         NaN  0.000E+000
   3.562E+016  1.243E+003  7.807E+001  2.369E-002  7.915E-001  4.160E-012  0.000E+000  0.000E+000  1.951E+001  1.781E+003         NaN  0.000E+000
   3.817E+016  1.083E+003  7.542E+001  2.210E-002  8.029E-001  4.584E-012  0.000E+000  0.000E+000  1.952E+001  1.781E+003         NaN  0.000E+000
   4.090E+016  9.431E+002  7.286E+001  2.063E-002  8.138E-001  5.009E-012  0.000E+000  0.000E+000  1.952E+001  1.781E+003         NaN  0.000E+000
   4.383E+016  8.214E+002  7.039E+001  1.925E-002  8.242E-001  5.521E-012  0.000E+000  0.000E+000  1.953E+001  1.781E+003         NaN  0.000E+000
   4.696E+016  7.154E+002  6.800E+001  1.797E-002  8.340E-001  6.146E-012  0.000E+000  0.000E+000  1.953E+001  1.781E+003         NaN  0.000E+000
   5.032E+016  6.231E+002  6.569E+001  1.677E-002  8.434E-001  6.825E-012  0.000E+000  0.000E+000  1.954E+001  1.781E+003         NaN  0.000E+000
   5.392E+016  5.427E+002  6.346E+001  1.565E-002  8.523E-001  7.552E-012  0.000E+000  0.000E+000  1.955E+001  1.781E+003         NaN  0.000E+000
   5.778E+016  4.727E+002  6.131E+001  1.460E-002  8.607E-001  8.476E-012  0.000E+000  0.000E+000  1.955E+001  1.781E+003         NaN  0.000E+000
   6.191E+016  4.117E+002  5.923E+001  1.363E-002  8.688E-001  9.501E-012  0.000E+000  0.000E+000  1.955E+001  1.781E+003         NaN  0.000E+000
   6.634E+016  3.586E+002  5.721E+001  1.272E-002  8.764E-001  1.064E-011  0.000E+000  0.000E+000  1.956E+001  1.781E+003         NaN  0.000E+000
   7.108E+016  3.123E+002  5.527E+001  1.187E-002  8.836E-001  1.209E-011  0.000E+000  0.000E+000  1.956E+001  1.781E+003         NaN  0.000E+000
   7.616E+016  2.720E+002  5.340E+001  1.108E-002  8.904E-001  1.397E-011  0.000E+000  0.000E+000  1.957E+001  1.781E+003         NaN  0.000E+000
   8.161E+016  2.369E+002  5.158E+001  1.034E-002  8.969E-001  1.647E-011  0.000E+000  0.000E+000  1.957E+001  1.781E+003         NaN  0.000E+000
   8.745E+016  2.063E+002  4.983E+001  9.649E-003  9.030E-001  2.004E-011  0.000E+000  0.000E+000  1.957E+001  1.781E+003         NaN  0.000E+000
   9.370E+016  1.797E+002  4.814E+001  9.005E-003  9.088E-001  2.420E-011  0.000E+000  0.000E+000  1.958E+001  1.781E+003         NaN  0.000E+000
   1.004E+017  1.565E+002  4.651E+001  8.404E-003  9.143E-001  3.188E-011  0.000E+000  0.000E+000  1.958E+001  1.781E+003         NaN  0.000E+000
