  **  PHYSICAL PARAMETERS  **


   RADIUS      n(H2)       TEMP.       A_V         RAD.FIELD   K(ICOR)     K(ICOIP)    K(ICOAP)    DELTA_AUV   T_DUST      NMONO       ALL_ICE     
   2.050E+014  3.755E+007  1.029E+003  4.116E+000  3.493E-010  0.000E+000  0.000E+000  0.000E+000  4.785E-001  6.544E+002  0.000E+000  0.000E+000
   2.197E+014  3.270E+007  9.943E+002  3.841E+000  1.329E-009  2.501E-022  0.000E+000  0.000E+000  1.756E+000  6.544E+002         NaN  0.000E+000
   2.354E+014  2.848E+007  9.605E+002  3.585E+000  4.635E-009  9.047E-022  0.000E+000  0.000E+000  2.948E+000  6.544E+002         NaN  0.000E+000
   2.522E+014  2.481E+007  9.279E+002  3.346E+000  1.492E-008  2.613E-021  0.000E+000  0.000E+000  4.061E+000  6.544E+002         NaN  0.000E+000
   2.702E+014  2.161E+007  8.964E+002  3.122E+000  4.458E-008  7.812E-021  0.000E+000  0.000E+000  5.099E+000  6.544E+002         NaN  0.000E+000
   2.896E+014  1.882E+007  8.660E+002  2.914E+000  1.243E-007  2.189E-020  0.000E+000  0.000E+000  6.068E+000  6.544E+002         NaN  0.000E+000
   3.103E+014  1.639E+007  8.366E+002  2.719E+000  3.247E-007  5.915E-020  0.000E+000  0.000E+000  6.973E+000  6.544E+002         NaN  0.000E+000
   3.325E+014  1.427E+007  8.082E+002  2.538E+000  7.986E-007  1.558E-019  0.000E+000  0.000E+000  7.817E+000  6.544E+002         NaN  0.000E+000
   3.562E+014  1.243E+007  7.807E+002  2.369E+000  1.857E-006  3.653E-019  0.000E+000  0.000E+000  8.604E+000  6.544E+002         NaN  0.000E+000
   3.817E+014  1.083E+007  7.542E+002  2.210E+000  4.098E-006  7.443E-019  0.000E+000  0.000E+000  9.340E+000  6.544E+002         NaN  0.000E+000
   4.090E+014  9.431E+006  7.286E+002  2.063E+000  8.611E-006  1.812E-018  0.000E+000  0.000E+000  1.003E+001  6.544E+002         NaN  0.000E+000
   4.383E+014  8.214E+006  7.039E+002  1.925E+000  1.728E-005  3.611E-018  0.000E+000  0.000E+000  1.067E+001  6.544E+002         NaN  0.000E+000
   4.696E+014  7.154E+006  6.800E+002  1.797E+000  3.323E-005  6.685E-018  0.000E+000  0.000E+000  1.126E+001  6.544E+002         NaN  0.000E+000
   5.032E+014  6.231E+006  6.569E+002  1.677E+000  6.138E-005  1.338E-017  0.000E+000  0.000E+000  1.182E+001  6.544E+002         NaN  0.000E+000
   5.392E+014  5.427E+006  6.346E+002  1.565E+000  1.092E-004  2.431E-017  0.000E+000  0.000E+000  1.234E+001  6.544E+002         NaN  0.000E+000
   5.778E+014  4.727E+006  6.131E+002  1.460E+000  1.874E-004  4.524E-017  0.000E+000  0.000E+000  1.283E+001  6.544E+002         NaN  0.000E+000
   6.191E+014  4.117E+006  5.923E+002  1.363E+000  3.113E-004  7.506E-017  0.000E+000  0.000E+000  1.328E+001  6.544E+002         NaN  0.000E+000
   6.634E+014  3.586E+006  5.721E+002  1.272E+000  5.011E-004  1.294E-016  0.000E+000  0.000E+000  1.370E+001  6.544E+002         NaN  0.000E+000
   7.108E+014  3.123E+006  5.527E+002  1.187E+000  7.836E-004  2.174E-016  0.000E+000  0.000E+000  1.410E+001  6.544E+002         NaN  0.000E+000
   7.616E+014  2.720E+006  5.340E+002  1.108E+000  1.192E-003  3.445E-016  0.000E+000  0.000E+000  1.447E+001  6.544E+002         NaN  0.000E+000
   8.161E+014  2.369E+006  5.158E+002  1.034E+000  1.768E-003  5.827E-016  0.000E+000  0.000E+000  1.481E+001  6.544E+002         NaN  0.000E+000
   8.745E+014  2.063E+006  4.983E+002  9.649E-001  2.559E-003  8.527E-016  0.000E+000  0.000E+000  1.513E+001  6.544E+002         NaN  0.000E+000
   9.370E+014  1.797E+006  4.814E+002  9.005E-001  3.622E-003  1.277E-015  0.000E+000  0.000E+000  1.543E+001  6.544E+002         NaN  0.000E+000
   1.004E+015  1.565E+006  4.651E+002  8.404E-001  5.020E-003  1.893E-015  0.000E+000  0.000E+000  1.571E+001  6.544E+002         NaN  0.000E+000
   1.076E+015  1.363E+006  4.493E+002  7.843E-001  6.824E-003  2.743E-015  0.000E+000  0.000E+000  1.597E+001  6.544E+002         NaN  0.000E+000
   1.153E+015  1.187E+006  4.340E+002  7.319E-001  9.106E-003  3.897E-015  0.000E+000  0.000E+000  1.621E+001  6.544E+002         NaN  0.000E+000
   1.235E+015  1.034E+006  4.193E+002  6.831E-001  1.195E-002  5.556E-015  0.000E+000  0.000E+000  1.644E+001  6.544E+002         NaN  0.000E+000
   1.324E+015  9.007E+005  4.051E+002  6.375E-001  1.542E-002  7.566E-015  0.000E+000  0.000E+000  1.665E+001  6.544E+002         NaN  0.000E+000
   1.418E+015  7.845E+005  3.913E+002  5.949E-001  1.961E-002  1.066E-014  0.000E+000  0.000E+000  1.685E+001  6.544E+002         NaN  0.000E+000
   1.520E+015  6.832E+005  3.780E+002  5.552E-001  2.459E-002  1.407E-014  0.000E+000  0.000E+000  1.704E+001  6.544E+002         NaN  0.000E+000
   1.628E+015  5.951E+005  3.652E+002  5.182E-001  3.044E-002  1.858E-014  0.000E+000  0.000E+000  1.721E+001  6.544E+002         NaN  0.000E+000
   1.745E+015  5.183E+005  3.528E+002  4.836E-001  3.721E-002  2.415E-014  0.000E+000  0.000E+000  1.737E+001  6.544E+002         NaN  0.000E+000
   1.870E+015  4.514E+005  3.408E+002  4.513E-001  4.496E-002  3.136E-014  0.000E+000  0.000E+000  1.752E+001  6.544E+002         NaN  0.000E+000
   2.003E+015  3.932E+005  3.292E+002  4.212E-001  5.373E-002  4.201E-014  0.000E+000  0.000E+000  1.766E+001  6.544E+002         NaN  0.000E+000
   2.147E+015  3.424E+005  3.181E+002  3.931E-001  6.357E-002  5.115E-014  0.000E+000  0.000E+000  1.779E+001  6.544E+002         NaN  0.000E+000
   2.300E+015  2.982E+005  3.073E+002  3.668E-001  7.448E-002  6.663E-014  0.000E+000  0.000E+000  1.791E+001  6.544E+002         NaN  0.000E+000
   2.465E+015  2.598E+005  2.968E+002  3.424E-001  8.647E-002  8.019E-014  0.000E+000  0.000E+000  1.803E+001  6.544E+002         NaN  0.000E+000
   2.641E+015  2.262E+005  2.868E+002  3.195E-001  9.953E-002  9.935E-014  0.000E+000  0.000E+000  1.813E+001  6.544E+002         NaN  0.000E+000
   2.830E+015  1.970E+005  2.770E+002  2.982E-001  1.136E-001  1.204E-013  0.000E+000  0.000E+000  1.823E+001  6.544E+002         NaN  0.000E+000
   3.032E+015  1.716E+005  2.676E+002  2.783E-001  1.288E-001  1.464E-013  0.000E+000  0.000E+000  1.832E+001  6.544E+002         NaN  0.000E+000
   3.249E+015  1.495E+005  2.585E+002  2.597E-001  1.449E-001  1.812E-013  0.000E+000  0.000E+000  1.841E+001  6.544E+002         NaN  0.000E+000
   3.481E+015  1.302E+005  2.498E+002  2.424E-001  1.619E-001  2.141E-013  0.000E+000  0.000E+000  1.849E+001  6.544E+002         NaN  0.000E+000
   3.730E+015  1.134E+005  2.413E+002  2.262E-001  1.797E-001  2.564E-013  0.000E+000  0.000E+000  1.857E+001  6.544E+002         NaN  0.000E+000
   3.997E+015  9.876E+004  2.331E+002  2.111E-001  1.984E-001  3.016E-013  0.000E+000  0.000E+000  1.864E+001  6.544E+002         NaN  0.000E+000
   4.283E+015  8.601E+004  2.252E+002  1.970E-001  2.177E-001  3.578E-013  0.000E+000  0.000E+000  1.870E+001  6.544E+002         NaN  0.000E+000
   4.589E+015  7.491E+004  2.175E+002  1.839E-001  2.377E-001  4.172E-013  0.000E+000  0.000E+000  1.876E+001  6.544E+002         NaN  0.000E+000
   4.918E+015  6.525E+004  2.101E+002  1.716E-001  2.582E-001  4.797E-013  0.000E+000  0.000E+000  1.882E+001  6.544E+002         NaN  0.000E+000
   5.269E+015  5.683E+004  2.030E+002  1.601E-001  2.792E-001  5.545E-013  0.000E+000  0.000E+000  1.887E+001  6.544E+002         NaN  0.000E+000
   5.646E+015  4.950E+004  1.961E+002  1.494E-001  3.005E-001  6.430E-013  0.000E+000  0.000E+000  1.892E+001  6.544E+002         NaN  0.000E+000
   6.050E+015  4.311E+004  1.895E+002  1.395E-001  3.221E-001  7.461E-013  0.000E+000  0.000E+000  1.897E+001  6.544E+002         NaN  0.000E+000
   6.483E+015  3.755E+004  1.830E+002  1.302E-001  3.440E-001  8.533E-013  0.000E+000  0.000E+000  1.901E+001  6.544E+002         NaN  0.000E+000
   6.946E+015  3.270E+004  1.768E+002  1.215E-001  3.659E-001  9.642E-013  0.000E+000  0.000E+000  1.905E+001  6.544E+002         NaN  0.000E+000
   7.443E+015  2.848E+004  1.708E+002  1.134E-001  3.879E-001  1.085E-012  0.000E+000  0.000E+000  1.909E+001  6.544E+002         NaN  0.000E+000
   7.975E+015  2.481E+004  1.650E+002  1.058E-001  4.100E-001  1.230E-012  0.000E+000  0.000E+000  1.913E+001  6.544E+002         NaN  0.000E+000
   8.546E+015  2.161E+004  1.594E+002  9.874E-002  4.319E-001  1.387E-012  0.000E+000  0.000E+000  1.916E+001  6.544E+002         NaN  0.000E+000
   9.157E+015  1.882E+004  1.540E+002  9.215E-002  4.537E-001  1.566E-012  0.000E+000  0.000E+000  1.919E+001  6.544E+002         NaN  0.000E+000
   9.812E+015  1.639E+004  1.488E+002  8.600E-002  4.752E-001  1.762E-012  0.000E+000  0.000E+000  1.922E+001  6.544E+002         NaN  0.000E+000
   1.051E+016  1.427E+004  1.437E+002  8.026E-002  4.965E-001  1.985E-012  0.000E+000  0.000E+000  1.924E+001  6.544E+002         NaN  0.000E+000
   1.127E+016  1.243E+004  1.388E+002  7.490E-002  5.175E-001  2.207E-012  0.000E+000  0.000E+000  1.927E+001  6.544E+002         NaN  0.000E+000
   1.207E+016  1.083E+004  1.341E+002  6.990E-002  5.381E-001  2.463E-012  0.000E+000  0.000E+000  1.929E+001  6.544E+002         NaN  0.000E+000
   1.293E+016  9.431E+003  1.296E+002  6.523E-002  5.583E-001  2.725E-012  0.000E+000  0.000E+000  1.931E+001  6.544E+002         NaN  0.000E+000
   1.386E+016  8.214E+003  1.252E+002  6.088E-002  5.780E-001  3.032E-012  0.000E+000  0.000E+000  1.933E+001  6.544E+002         NaN  0.000E+000
   1.485E+016  7.154E+003  1.209E+002  5.682E-002  5.972E-001  3.345E-012  0.000E+000  0.000E+000  1.935E+001  6.544E+002         NaN  0.000E+000
   1.591E+016  6.231E+003  1.168E+002  5.302E-002  6.159E-001  3.752E-012  0.000E+000  0.000E+000  1.937E+001  6.544E+002         NaN  0.000E+000
   1.705E+016  5.427E+003  1.129E+002  4.949E-002  6.341E-001  4.140E-012  0.000E+000  0.000E+000  1.939E+001  6.544E+002         NaN  0.000E+000
   1.827E+016  4.727E+003  1.090E+002  4.618E-002  6.517E-001  4.537E-012  0.000E+000  0.000E+000  1.940E+001  6.544E+002         NaN  0.000E+000
   1.958E+016  4.117E+003  1.053E+002  4.310E-002  6.688E-001  5.025E-012  0.000E+000  0.000E+000  1.942E+001  6.544E+002         NaN  0.000E+000
   2.098E+016  3.586E+003  1.017E+002  4.022E-002  6.852E-001  5.555E-012  0.000E+000  0.000E+000  1.943E+001  6.544E+002         NaN  0.000E+000
   2.248E+016  3.123E+003  9.829E+001  3.754E-002  7.010E-001  6.149E-012  0.000E+000  0.000E+000  1.944E+001  6.544E+002         NaN  0.000E+000
   2.409E+016  2.720E+003  9.495E+001  3.503E-002  7.163E-001  6.808E-012  0.000E+000  0.000E+000  1.946E+001  6.544E+002         NaN  0.000E+000
   2.581E+016  2.369E+003  9.173E+001  3.269E-002  7.309E-001  7.533E-012  0.000E+000  0.000E+000  1.947E+001  6.544E+002         NaN  0.000E+000
   2.765E+016  2.063E+003  8.862E+001  3.051E-002  7.450E-001  8.310E-012  0.000E+000  0.000E+000  1.948E+001  6.544E+002         NaN  0.000E+000
   2.963E+016  1.797E+003  8.561E+001  2.848E-002  7.584E-001  9.265E-012  0.000E+000  0.000E+000  1.949E+001  6.544E+002         NaN  0.000E+000
   3.175E+016  1.565E+003  8.270E+001  2.658E-002  7.713E-001  1.026E-011  0.000E+000  0.000E+000  1.949E+001  6.544E+002         NaN  0.000E+000
   3.402E+016  1.363E+003  7.989E+001  2.480E-002  7.836E-001  1.158E-011  0.000E+000  0.000E+000  1.950E+001  6.544E+002         NaN  0.000E+000
   3.645E+016  1.187E+003  7.718E+001  2.315E-002  7.954E-001  1.296E-011  0.000E+000  0.000E+000  1.951E+001  6.544E+002         NaN  0.000E+000
   3.906E+016  1.034E+003  7.456E+001  2.160E-002  8.066E-001  1.448E-011  0.000E+000  0.000E+000  1.952E+001  6.544E+002         NaN  0.000E+000
   4.186E+016  9.007E+002  7.203E+001  2.016E-002  8.173E-001  1.646E-011  0.000E+000  0.000E+000  1.952E+001  6.544E+002         NaN  0.000E+000
   4.485E+016  7.845E+002  6.958E+001  1.881E-002  8.275E-001  1.889E-011  0.000E+000  0.000E+000  1.953E+001  6.544E+002         NaN  0.000E+000
   4.806E+016  6.832E+002  6.722E+001  1.756E-002  8.372E-001  2.172E-011  0.000E+000  0.000E+000  1.954E+001  6.544E+002         NaN  0.000E+000
   5.149E+016  5.951E+002  6.494E+001  1.639E-002  8.464E-001  2.583E-011  0.000E+000  0.000E+000  1.954E+001  6.544E+002         NaN  0.000E+000
   5.518E+016  5.183E+002  6.273E+001  1.529E-002  8.551E-001  3.034E-011  0.000E+000  0.000E+000  1.955E+001  6.544E+002         NaN  0.000E+000
   5.912E+016  4.514E+002  6.061E+001  1.427E-002  8.635E-001  3.713E-011  0.000E+000  0.000E+000  1.955E+001  6.544E+002         NaN  0.000E+000
   6.335E+016  3.932E+002  5.855E+001  1.332E-002  8.713E-001  4.844E-011  0.000E+000  0.000E+000  1.956E+001  6.544E+002         NaN  0.000E+000
   6.788E+016  3.424E+002  5.656E+001  1.243E-002  8.788E-001  6.400E-011  0.000E+000  0.000E+000  1.956E+001  6.544E+002         NaN  0.000E+000
   7.274E+016  2.982E+002  5.464E+001  1.160E-002  8.859E-001  8.575E-011  0.000E+000  0.000E+000  1.956E+001  6.544E+002         NaN  0.000E+000
   7.794E+016  2.598E+002  5.278E+001  1.083E-002  8.926E-001  1.151E-010  0.000E+000  0.000E+000  1.957E+001  6.544E+002         NaN  0.000E+000
   8.351E+016  2.262E+002  5.099E+001  1.010E-002  8.990E-001  1.455E-010  0.000E+000  0.000E+000  1.957E+001  6.544E+002         NaN  0.000E+000
   8.949E+016  1.970E+002  4.926E+001  9.429E-003  9.050E-001  1.676E-010  0.000E+000  0.000E+000  1.957E+001  6.544E+002         NaN  0.000E+000
   9.589E+016  1.716E+002  4.759E+001  8.800E-003  9.107E-001  1.764E-010  0.000E+000  0.000E+000  1.958E+001  6.544E+002         NaN  0.000E+000
   1.027E+017  1.495E+002  4.597E+001  8.213E-003  9.161E-001  1.799E-010  0.000E+000  0.000E+000  1.958E+001  6.544E+002         NaN  0.000E+000
   1.101E+017  1.302E+002  4.441E+001  7.664E-003  9.212E-001  1.819E-010  0.000E+000  0.000E+000  1.958E+001  6.544E+002         NaN  0.000E+000
   1.180E+017  1.134E+002  4.291E+001  7.153E-003  9.260E-001  1.831E-010  0.000E+000  0.000E+000  1.958E+001  6.544E+002         NaN  0.000E+000
   1.264E+017  9.876E+001  4.145E+001  6.675E-003  9.305E-001  1.841E-010  0.000E+000  0.000E+000  1.959E+001  6.544E+002         NaN  0.000E+000
   1.354E+017  8.601E+001  4.004E+001  6.230E-003  9.348E-001  1.850E-010  0.000E+000  0.000E+000  1.959E+001  6.544E+002         NaN  0.000E+000
   1.451E+017  7.491E+001  3.868E+001  5.814E-003  9.388E-001  1.858E-010  0.000E+000  0.000E+000  1.959E+001  6.544E+002         NaN  0.000E+000
   1.555E+017  6.525E+001  3.737E+001  5.426E-003  9.426E-001  1.866E-010  0.000E+000  0.000E+000  1.959E+001  6.544E+002         NaN  0.000E+000
   1.666E+017  5.683E+001  3.610E+001  5.064E-003  9.461E-001  1.873E-010  0.000E+000  0.000E+000  1.959E+001  6.544E+002         NaN  0.000E+000
   1.785E+017  4.950E+001  3.487E+001  4.726E-003  9.495E-001  1.881E-010  0.000E+000  0.000E+000  1.960E+001  6.544E+002         NaN  0.000E+000
   1.913E+017  4.311E+001  3.369E+001  4.410E-003  9.527E-001  1.887E-010  0.000E+000  0.000E+000  1.960E+001  6.544E+002         NaN  0.000E+000
   2.050E+017  3.755E+001  3.255E+001  4.116E-003  9.557E-001  1.894E-010  0.000E+000  0.000E+000  1.960E+001  6.544E+002         NaN  0.000E+000
   2.197E+017  3.270E+001  3.144E+001  3.841E-003  9.585E-001  1.900E-010  0.000E+000  0.000E+000  1.960E+001  6.544E+002         NaN  0.000E+000
   2.354E+017  2.848E+001  3.037E+001  3.585E-003  9.611E-001  1.906E-010  0.000E+000  0.000E+000  1.960E+001  6.544E+002         NaN  0.000E+000
   2.522E+017  2.481E+001  2.934E+001  3.346E-003  9.636E-001  1.911E-010  0.000E+000  0.000E+000  1.960E+001  6.544E+002         NaN  0.000E+000
   2.702E+017  2.161E+001  2.835E+001  3.122E-003  9.659E-001  1.916E-010  0.000E+000  0.000E+000  1.960E+001  6.544E+002         NaN  0.000E+000
   2.896E+017  1.882E+001  2.738E+001  2.914E-003  9.681E-001  1.921E-010  0.000E+000  0.000E+000  1.960E+001  6.544E+002         NaN  0.000E+000
   3.103E+017  1.639E+001  2.646E+001  2.719E-003  9.701E-001  1.925E-010  0.000E+000  0.000E+000  1.961E+001  6.544E+002         NaN  0.000E+000
   3.325E+017  1.427E+001  2.556E+001  2.538E-003  9.720E-001  1.930E-010  0.000E+000  0.000E+000  1.961E+001  6.544E+002         NaN  0.000E+000
   3.562E+017  1.243E+001  2.469E+001  2.369E-003  9.738E-001  1.934E-010  0.000E+000  0.000E+000  1.961E+001  6.544E+002         NaN  0.000E+000
   3.817E+017  1.083E+001  2.385E+001  2.210E-003  9.755E-001  1.937E-010  0.000E+000  0.000E+000  1.961E+001  6.544E+002         NaN  0.000E+000
   4.090E+017  9.431E+000  2.304E+001  2.063E-003  9.771E-001  1.940E-010  0.000E+000  0.000E+000  1.961E+001  6.544E+002         NaN  0.000E+000
   4.383E+017  8.214E+000  2.226E+001  1.925E-003  9.786E-001  1.944E-010  0.000E+000  0.000E+000  1.961E+001  6.544E+002         NaN  0.000E+000
   4.696E+017  7.154E+000  2.150E+001  1.797E-003  9.800E-001  1.947E-010  0.000E+000  0.000E+000  1.961E+001  6.544E+002         NaN  0.000E+000
   5.032E+017  6.231E+000  2.077E+001  1.677E-003  9.813E-001  1.950E-010  0.000E+000  0.000E+000  1.961E+001  6.544E+002         NaN  0.000E+000
   5.392E+017  5.427E+000  2.007E+001  1.565E-003  9.825E-001  1.953E-010  0.000E+000  0.000E+000  1.961E+001  6.544E+002         NaN  0.000E+000
   5.778E+017  4.727E+000  1.939E+001  1.460E-003  9.836E-001  1.956E-010  0.000E+000  0.000E+000  1.961E+001  6.544E+002         NaN  0.000E+000
   6.191E+017  4.117E+000  1.873E+001  1.363E-003  9.847E-001  1.958E-010  0.000E+000  0.000E+000  1.961E+001  6.544E+002         NaN  0.000E+000
   6.634E+017  3.586E+000  1.809E+001  1.272E-003  9.857E-001  1.961E-010  0.000E+000  0.000E+000  1.961E+001  6.544E+002         NaN  0.000E+000
   7.108E+017  3.123E+000  1.748E+001  1.187E-003  9.866E-001  1.963E-010  0.000E+000  0.000E+000  1.961E+001  6.544E+002         NaN  0.000E+000
   7.616E+017  2.720E+000  1.689E+001  1.108E-003  9.875E-001  1.965E-010  0.000E+000  0.000E+000  1.961E+001  6.544E+002         NaN  0.000E+000
   8.161E+017  2.369E+000  1.631E+001  1.034E-003  9.883E-001  1.967E-010  0.000E+000  0.000E+000  1.961E+001  6.544E+002         NaN  0.000E+000
   8.745E+017  2.063E+000  1.576E+001  9.649E-004  9.891E-001  1.969E-010  0.000E+000  0.000E+000  1.961E+001  6.544E+002         NaN  0.000E+000
   9.370E+017  1.797E+000  1.522E+001  9.005E-004  9.898E-001  1.971E-010  0.000E+000  0.000E+000  1.961E+001  6.544E+002         NaN  0.000E+000
   1.004E+018  1.565E+000  1.471E+001  8.404E-004  9.905E-001  1.972E-010  0.000E+000  0.000E+000  1.961E+001  6.544E+002         NaN  0.000E+000
