Starting job 10319926, array task 51 on dave72
Processing pair: pigru_00510  pigru_00520

 Phantom analysis (trace): You data, we analyse

 opening database from /fred/oz304/tdanilov/pigru/pigru.in with 50 entries

 >>> reading setup from file: /fred/oz304/tdanilov/pigru/pigru_00510 on unit   9
 FT:Phantom:2024.0.0:11b3a72 (hydro+Tdust): 09/09/2024 23:08:21.8
 npart =      2667980
 npart(total) =               2667980
 adiabatic eos: gamma =    1.2000000000000000     
 ERROR: could not find cs_min in header
 ERROR: could not find mtot_in in header
 time =    510.00000000000000     

--> ALLOCATING ALL ARRAYS
------------------------------------------------------------
 Total memory allocated to arrays:    4.966 GB n =      5200000
------------------------------------------------------------
 reading particles          1:   2667980, from block     1 lims=         1-   2667980

WARNING! sink particle vwind not found


WARNING! sink particle Twind not found


WARNING! sink particle ieject not found


WARNING! sink particle sftype not found


WARNING! sink particle nseed not found


WARNING! sink particle Rbondi not found


WARNING! sink particle Pr_Bondi not found

 got   29 sink properties from    2 sink particles
 ----------------------------------------------------------
 ID| Mass     | Racc     | Macc     | hsoft    | Lsink    |
 ----------------------------------------------------------
  1|  1.4     |  1.9     |  0.0     |  0.0     | 7.99E-03 |
  2| 0.70     | 5.00E-02 | 1.92E-06 |  0.0     |  0.0     |
 ----------------------------------------------------------

WARNING: iseed_sink not in dump

 <<< finished reading (hydro) file 

Performing analysis type trace               
Input file name is /fred/oz304/tdanilov/pigru/pigru_00510
 Reading config from trace.cfg
   Tracking particle ID range:        10000  to        10100  (         101  particles)
   Skipping first         5000  particles (boundary)
 Creating trace_output directory in: /fred/oz304/beckers/pigru/trace_output/
 Tracking          101  particles
 === Initialisation complete: tracking          101  particles (IDs        10000 -       10100 ) ===

 >>> reading setup from file: /fred/oz304/tdanilov/pigru/pigru_00520 on unit   9
 FT:Phantom:2024.0.0:11b3a72 (hydro+Tdust): 10/09/2024 04:07:37.0
 npart =      2717616
 npart(total) =               2717616
 adiabatic eos: gamma =    1.2000000000000000     
 ERROR: could not find cs_min in header
 ERROR: could not find mtot_in in header
 time =    520.00000000000000     
 reading particles          1:   2717616, from block     1 lims=         1-   2717616

WARNING! sink particle vwind not found


WARNING! sink particle Twind not found


WARNING! sink particle ieject not found


WARNING! sink particle sftype not found


WARNING! sink particle nseed not found


WARNING! sink particle Rbondi not found


WARNING! sink particle Pr_Bondi not found

 got   29 sink properties from    2 sink particles
 ----------------------------------------------------------
 ID| Mass     | Racc     | Macc     | hsoft    | Lsink    |
 ----------------------------------------------------------
  1|  1.4     |  1.9     |  0.0     |  0.0     | 7.99E-03 |
  2| 0.70     | 5.00E-02 | 2.01E-06 |  0.0     |  0.0     |
 ----------------------------------------------------------

WARNING: iseed_sink not in dump

 <<< finished reading (hydro) file 

Performing analysis type trace               
Input file name is /fred/oz304/tdanilov/pigru/pigru_00520
 /fred/oz304/tdanilov/pigru/pigru_00520: not first step data, timestep =    2611818970.8428135      npart =      2717616 nprev =      2667980
   Loaded A_V for      2717614  particles from AV/AV_00520
 Creating new file for particle               2553630
 Creating new file for particle               2665249
 === Analysis of /fred/oz304/tdanilov/pigru/pigru_00520 complete ===

 Phantom analysis: may your paper be a happy one

Pair (510, 520) complete.

+------------------ Job Report: 10319981 (COMPLETED) ------------------+
| Memory (RAM)  No data available                                      |
| CPU           No data available                                      |
| Time          [>                   ]  0.0% (0-00:00:09 / 0-12:00:00) |
|                                                                      |
| Lustre Filesystem:                                                   |
|   No data available                                                  |
+----------------------------------------------------------------------+
