Starting job 10319926, array task 22 on dave82
Processing pair: pigru_00220  pigru_00230

 Phantom analysis (trace): You data, we analyse

 opening database from /fred/oz304/tdanilov/pigru/pigru.in with 50 entries

 >>> reading setup from file: /fred/oz304/tdanilov/pigru/pigru_00220 on unit   9
 FT:Phantom:2024.0.0:11b3a72 (hydro+Tdust): 06/09/2024 23:06:13.5
 npart =      1171792
 npart(total) =               1171792
 adiabatic eos: gamma =    1.2000000000000000     
 ERROR: could not find cs_min in header
 ERROR: could not find mtot_in in header
 time =    220.00000000000000     

--> ALLOCATING ALL ARRAYS
------------------------------------------------------------
 Total memory allocated to arrays:    4.966 GB n =      5200000
------------------------------------------------------------
 reading particles          1:   1171792, from block     1 lims=         1-   1171792

WARNING! sink particle vwind not found


WARNING! sink particle Twind not found


WARNING! sink particle ieject not found


WARNING! sink particle sftype not found


WARNING! sink particle nseed not found


WARNING! sink particle Rbondi not found


WARNING! sink particle Pr_Bondi not found

 got   29 sink properties from    2 sink particles
 ----------------------------------------------------------
 ID| Mass     | Racc     | Macc     | hsoft    | Lsink    |
 ----------------------------------------------------------
  1|  1.4     |  1.9     |  0.0     |  0.0     | 7.99E-03 |
  2| 0.70     | 5.00E-02 | 4.96E-07 |  0.0     |  0.0     |
 ----------------------------------------------------------

WARNING: iseed_sink not in dump

 <<< finished reading (hydro) file 

Performing analysis type trace               
Input file name is /fred/oz304/tdanilov/pigru/pigru_00220
 Reading config from trace.cfg
   Tracking particle ID range:        10000  to        10100  (         101  particles)
   Skipping first         5000  particles (boundary)
 Creating trace_output directory in: /fred/oz304/beckers/pigru/trace_output/
 Tracking          101  particles
 === Initialisation complete: tracking          101  particles (IDs        10000 -       10100 ) ===

 >>> reading setup from file: /fred/oz304/tdanilov/pigru/pigru_00230 on unit   9
 FT:Phantom:2024.0.0:11b3a72 (hydro+Tdust): 07/09/2024 00:53:50.3
 npart =      1221869
 npart(total) =               1221869
 adiabatic eos: gamma =    1.2000000000000000     
 ERROR: could not find cs_min in header
 ERROR: could not find mtot_in in header
 time =    230.00000000000000     
 reading particles          1:   1221869, from block     1 lims=         1-   1221869

WARNING! sink particle vwind not found


WARNING! sink particle Twind not found


WARNING! sink particle ieject not found


WARNING! sink particle sftype not found


WARNING! sink particle nseed not found


WARNING! sink particle Rbondi not found


WARNING! sink particle Pr_Bondi not found

 got   29 sink properties from    2 sink particles
 ----------------------------------------------------------
 ID| Mass     | Racc     | Macc     | hsoft    | Lsink    |
 ----------------------------------------------------------
  1|  1.4     |  1.9     |  0.0     |  0.0     | 7.99E-03 |
  2| 0.70     | 5.00E-02 | 5.78E-07 |  0.0     |  0.0     |
 ----------------------------------------------------------

WARNING: iseed_sink not in dump

 <<< finished reading (hydro) file 

Performing analysis type trace               
Input file name is /fred/oz304/tdanilov/pigru/pigru_00230
 /fred/oz304/tdanilov/pigru/pigru_00230: not first step data, timestep =    1155227621.7189367      npart =      1221869 nprev =      1171792
   Loaded A_V for      1221869  particles from AV/AV_00230
 Filling empty file for particle                 10069
 Creating new file for particle                 10070
 Creating new file for particle                 10071
 Filling empty file for particle                 10073
 === Analysis of /fred/oz304/tdanilov/pigru/pigru_00230 complete ===

 Phantom analysis: may your paper be a happy one

Pair (220, 230) complete.

+------------------ Job Report: 10319952 (COMPLETED) ------------------+
| Memory (RAM)  No data available                                      |
| CPU           No data available                                      |
| Time          [>                   ]  0.0% (0-00:00:09 / 0-12:00:00) |
|                                                                      |
| Lustre Filesystem:                                                   |
|   No data available                                                  |
+----------------------------------------------------------------------+
