Starting job 10319810, array task 38 on dave5
Processing pair: pigru_00380  pigru_00390

 Phantom analysis (trace): You data, we analyse

 opening database from /fred/oz304/tdanilov/pigru/pigru.in with 50 entries

 >>> reading setup from file: /fred/oz304/tdanilov/pigru/pigru_00380 on unit   9
 FT:Phantom:2024.0.0:11b3a72 (hydro+Tdust): 08/09/2024 06:38:44.5
 npart =      1998850
 npart(total) =               1998850
 adiabatic eos: gamma =    1.2000000000000000     
 ERROR: could not find cs_min in header
 ERROR: could not find mtot_in in header
 time =    380.00000000000000     

--> ALLOCATING ALL ARRAYS
------------------------------------------------------------
 Total memory allocated to arrays:    4.966 GB n =      5200000
------------------------------------------------------------
 reading particles          1:   1998850, from block     1 lims=         1-   1998850

WARNING! sink particle vwind not found


WARNING! sink particle Twind not found


WARNING! sink particle ieject not found


WARNING! sink particle sftype not found


WARNING! sink particle nseed not found


WARNING! sink particle Rbondi not found


WARNING! sink particle Pr_Bondi not found

 got   29 sink properties from    2 sink particles
 ----------------------------------------------------------
 ID| Mass     | Racc     | Macc     | hsoft    | Lsink    |
 ----------------------------------------------------------
  1|  1.4     |  1.9     |  0.0     |  0.0     | 7.99E-03 |
  2| 0.70     | 5.00E-02 | 1.28E-06 |  0.0     |  0.0     |
 ----------------------------------------------------------

WARNING: iseed_sink not in dump

 <<< finished reading (hydro) file 

Performing analysis type trace               
Input file name is /fred/oz304/tdanilov/pigru/pigru_00380
 Reading config from trace.cfg
   Tracking particle ID range:        10000  to        10100  (         101  particles)
   Skipping first         5000  particles (boundary)
 Creating trace_output directory in: /fred/oz304/beckers/pigru/trace_output/
 Tracking          101  particles
 === Initialisation complete: tracking          101  particles (IDs        10000 -       10100 ) ===

 >>> reading setup from file: /fred/oz304/tdanilov/pigru/pigru_00390 on unit   9
 FT:Phantom:2024.0.0:11b3a72 (hydro+Tdust): 08/09/2024 10:39:19.9
 npart =      2045323
 npart(total) =               2045323
 adiabatic eos: gamma =    1.2000000000000000     
 ERROR: could not find cs_min in header
 ERROR: could not find mtot_in in header
 time =    390.00000000000000     
 reading particles          1:   2045323, from block     1 lims=         1-   2045323

WARNING! sink particle vwind not found


WARNING! sink particle Twind not found


WARNING! sink particle ieject not found


WARNING! sink particle sftype not found


WARNING! sink particle nseed not found


WARNING! sink particle Rbondi not found


WARNING! sink particle Pr_Bondi not found

 got   29 sink properties from    2 sink particles
 ----------------------------------------------------------
 ID| Mass     | Racc     | Macc     | hsoft    | Lsink    |
 ----------------------------------------------------------
  1|  1.4     |  1.9     |  0.0     |  0.0     | 7.99E-03 |
  2| 0.70     | 5.00E-02 | 1.39E-06 |  0.0     |  0.0     |
 ----------------------------------------------------------

WARNING: iseed_sink not in dump

 <<< finished reading (hydro) file 

Performing analysis type trace               
Input file name is /fred/oz304/tdanilov/pigru/pigru_00390
 /fred/oz304/tdanilov/pigru/pigru_00390: not first step data, timestep =    1958864228.1321101      npart =      2045323 nprev =      1998850
   Loaded A_V for      2045322  particles from AV/AV_00390
 Creating new file for particle               1829986
 === Analysis of /fred/oz304/tdanilov/pigru/pigru_00390 complete ===

 Phantom analysis: may your paper be a happy one

Pair (380, 390) complete.

+------------------ Job Report: 10319850 (COMPLETED) ------------------+
| Memory (RAM)  No data available                                      |
| CPU           No data available                                      |
| Time          [>                   ]  0.0% (0-00:00:08 / 0-12:00:00) |
|                                                                      |
| Lustre Filesystem:                                                   |
|   No data available                                                  |
+----------------------------------------------------------------------+
