Starting job 10319810, array task 7 on dave72
Processing pair: pigru_00070  pigru_00080

 Phantom analysis (trace): You data, we analyse

 opening database from /fred/oz304/tdanilov/pigru/pigru.in with 50 entries

 >>> reading setup from file: /fred/oz304/tdanilov/pigru/pigru_00070 on unit   9
 FT:Phantom:2024.0.0:11b3a72 (hydro+Tdust): 06/09/2024 12:57:30.4
 npart =       381261
 npart(total) =                381261
 adiabatic eos: gamma =    1.2000000000000000     
 ERROR: could not find cs_min in header
 ERROR: could not find mtot_in in header
 time =    70.000000000000000     

--> ALLOCATING ALL ARRAYS
------------------------------------------------------------
 Total memory allocated to arrays:    4.966 GB n =      5200000
------------------------------------------------------------
 reading particles          1:    381261, from block     1 lims=         1-    381261

WARNING! sink particle vwind not found


WARNING! sink particle Twind not found


WARNING! sink particle ieject not found


WARNING! sink particle sftype not found


WARNING! sink particle nseed not found


WARNING! sink particle Rbondi not found


WARNING! sink particle Pr_Bondi not found

 got   29 sink properties from    2 sink particles
 ----------------------------------------------------------
 ID| Mass     | Racc     | Macc     | hsoft    | Lsink    |
 ----------------------------------------------------------
  1|  1.4     |  1.9     |  0.0     |  0.0     | 7.99E-03 |
  2| 0.70     | 5.00E-02 | 1.26E-07 |  0.0     |  0.0     |
 ----------------------------------------------------------

WARNING: iseed_sink not in dump

 <<< finished reading (hydro) file 

Performing analysis type trace               
Input file name is /fred/oz304/tdanilov/pigru/pigru_00070
 Reading config from trace.cfg
   Tracking particle ID range:        10000  to        10100  (         101  particles)
   Skipping first         5000  particles (boundary)
 Creating trace_output directory in: /fred/oz304/beckers/pigru/trace_output/
 Tracking          101  particles
 === Initialisation complete: tracking          101  particles (IDs        10000 -       10100 ) ===

 >>> reading setup from file: /fred/oz304/tdanilov/pigru/pigru_00080 on unit   9
 FT:Phantom:2024.0.0:11b3a72 (hydro+Tdust): 06/09/2024 13:14:34.5
 npart =       434591
 npart(total) =                434591
 adiabatic eos: gamma =    1.2000000000000000     
 ERROR: could not find cs_min in header
 ERROR: could not find mtot_in in header
 time =    80.000000000000000     
 reading particles          1:    434591, from block     1 lims=         1-    434591

WARNING! sink particle vwind not found


WARNING! sink particle Twind not found


WARNING! sink particle ieject not found


WARNING! sink particle sftype not found


WARNING! sink particle nseed not found


WARNING! sink particle Rbondi not found


WARNING! sink particle Pr_Bondi not found

 got   29 sink properties from    2 sink particles
 ----------------------------------------------------------
 ID| Mass     | Racc     | Macc     | hsoft    | Lsink    |
 ----------------------------------------------------------
  1|  1.4     |  1.9     |  0.0     |  0.0     | 7.99E-03 |
  2| 0.70     | 5.00E-02 | 1.40E-07 |  0.0     |  0.0     |
 ----------------------------------------------------------

WARNING: iseed_sink not in dump

 <<< finished reading (hydro) file 

Performing analysis type trace               
Input file name is /fred/oz304/tdanilov/pigru/pigru_00080
 /fred/oz304/tdanilov/pigru/pigru_00080: not first step data, timestep =    401818303.20658672      npart =       434591 nprev =       381261
   Loaded A_V for       434591  particles from AV/AV_00080
 === Analysis of /fred/oz304/tdanilov/pigru/pigru_00080 complete ===

 Phantom analysis: may your paper be a happy one

Pair (70, 80) complete.

+------------------ Job Report: 10319819 (COMPLETED) ------------------+
| Memory (RAM)  No data available                                      |
| CPU           No data available                                      |
| Time          [>                   ]  0.0% (0-00:00:09 / 0-12:00:00) |
|                                                                      |
| Lustre Filesystem:                                                   |
|   No data available                                                  |
+----------------------------------------------------------------------+
