


                   **  CALCULATED COLUMN DENSITIES  **


 H           =   1.541E+16   RH          =   0.000E+00   GH          =   0.000E+00
 H+          =   2.635E+10   H-          =   7.081E+06   GH2         =   0.000E+00
 H2+         =   5.609E+08   RH2         =   0.000E+00   H3+         =   6.030E+10
 He          =   4.683E+20   GHe         =   0.000E+00   He+         =   9.874E+10
 RHe         =   0.000E+00   HeH+        =   8.207E+06   C-          =   2.735E+06
 GC          =   0.000E+00   C+          =   6.751E+14   C           =   4.649E+14
 RC          =   0.000E+00   RCH         =   0.000E+00   CH          =   1.515E+11
 GCH         =   0.000E+00   CH+         =   4.264E+08   CH-         =   3.954E-02
 RCH2        =   0.000E+00   GN          =   0.000E+00   CH2+        =   6.757E+08
 N+          =   3.089E+06   CH2         =   2.206E+11   GCH2        =   0.000E+00
 N           =   8.237E+14   RN          =   0.000E+00   RCH3        =   0.000E+00
 NH+         =   2.326E+06   CH3         =   1.235E+11   CH3+        =   2.539E+10
 GCH3        =   0.000E+00   RNH         =   0.000E+00   NH          =   7.517E+12
 GNH         =   0.000E+00   GO          =   0.000E+00   O-          =   7.260E+05
 RO          =   0.000E+00   CH4         =   6.159E+11   CH4+        =   2.287E+05
 NH2         =   1.096E+13   RCH4        =   0.000E+00   RNH2        =   0.000E+00
 O+          =   2.581E+07   NH2+        =   5.449E+08   O           =   4.388E+15
 GCH4        =   0.000E+00   GNH2        =   0.000E+00   CH5+        =   5.714E+06
 OH          =   2.658E+15   RNH3        =   0.000E+00   OH+         =   1.595E+09
 ROH         =   0.000E+00   GOH         =   0.000E+00   OH-         =   2.024E+08
 NH3+        =   1.279E+11   NH3         =   1.695E+15   GNH3        =   0.000E+00
 RH2O        =   0.000E+00   H2O         =   5.881E+17   H2O+        =   2.643E+10
 GH2O        =   0.000E+00   NH4+        =   6.536E+11   F+          =   5.959E+03
 F           =   1.008E+12   GF          =   0.000E+00   H3O+        =   8.066E+12
 RF          =   0.000E+00   GHF         =   0.000E+00   RHF         =   0.000E+00
 HF          =   2.652E+13   HF+         =   1.687E+03   H2F+        =   1.979E+07
 Na+         =   1.700E+11   GNa         =   0.000E+00   Na          =   2.738E+13
 RNa         =   0.000E+00   C2          =   1.011E+10   Mg          =   2.737E+13
 RC2         =   0.000E+00   RMg         =   0.000E+00   C2-         =   1.140E+02
 GMg         =   0.000E+00   C2+         =   3.446E+07   Mg+         =   1.839E+11
 GC2         =   0.000E+00   RC2H        =   0.000E+00   GC2H        =   0.000E+00
 C2H-        =   2.008E+01   C2H         =   1.473E+09   C2H+        =   3.116E+07
 CN          =   3.794E+12   GC2H2       =   0.000E+00   GCN         =   0.000E+00
 CN-         =   1.405E+07   C2H2        =   3.517E+08   C2H2+       =   3.442E+08
 CN+         =   1.208E+07   RC2H2       =   0.000E+00   RCN         =   0.000E+00
 GHNC        =   0.000E+00   HCN+        =   1.765E+07   RHNC        =   0.000E+00
 HCN         =   7.067E+14   HNC         =   1.711E+11   GHCN        =   0.000E+00
 GC2H3       =   0.000E+00   RC2H3       =   0.000E+00   C2H3        =   3.941E+05
 C2H3+       =   2.523E+07   RHCN        =   0.000E+00   H2CN        =   1.540E+08
 RN2         =   0.000E+00   Si+         =   6.580E+14   CO          =   8.253E+17
 GSi         =   0.000E+00   RC2H4       =   0.000E+00   GCO         =   0.000E+00
 N2+         =   2.991E+05   GC2H4       =   0.000E+00   RCO         =   0.000E+00
 C2H4        =   1.393E+06   C2H4+       =   1.465E+05   GN2         =   0.000E+00
 RSi         =   0.000E+00   RH2CN       =   0.000E+00   N2          =   1.098E+17
 H2NC+       =   3.700E+08   CO+         =   6.283E+09   HCNH+       =   1.656E+11
 Si          =   5.473E+14   GH2CN       =   0.000E+00   CH2NH       =   1.445E+08
 SiH+        =   7.414E+10   RHCO        =   0.000E+00   GCH2NH      =   0.000E+00
 SiH         =   1.627E+09   N2H+        =   1.149E+09   C2H5        =   2.580E+02
 C2H5+       =   5.104E+04   GHCO        =   0.000E+00   RCH2NH      =   0.000E+00
 HOC+        =   2.323E+10   GSiH        =   0.000E+00   GC2H5       =   0.000E+00
 RC2H5       =   0.000E+00   HCO         =   1.291E+09   RSiH        =   0.000E+00
 HCO+        =   8.725E+11   GCH3NH      =   0.000E+00   RCH2NH2     =   0.000E+00
 CH2NH2+     =   1.565E+04   RSiH2       =   0.000E+00   SiH2+       =   4.553E+08
 SiH2        =   1.383E+07   C2H6        =   8.350E+02   C2H6+       =   1.694E+00
 CH3NH       =   0.000E+00   RCH3NH      =   0.000E+00   GCH2NH2     =   0.000E+00
 GSiH2       =   0.000E+00   NO+         =   3.332E+10   GC2H6       =   0.000E+00
 CH3NH+      =   9.541E+08   CH2NH2      =   0.000E+00   NO          =   5.792E+12
 GNO         =   0.000E+00   RH2CO       =   0.000E+00   H2CO+       =   2.613E+07
 RNO         =   0.000E+00   GH2CO       =   0.000E+00   RC2H6       =   0.000E+00
 H2CO        =   1.689E+09   SiH3+       =   5.018E+06   P+          =   6.827E+11
 GHNO        =   0.000E+00   RCH3NH2     =   0.000E+00   CH3O        =   8.845E+04
 RSiH3       =   0.000E+00   SiH3        =   2.342E+01   GCH2OH      =   0.000E+00
 HNO         =   2.194E+11   GSiH3       =   0.000E+00   RCH2OH      =   0.000E+00
 CF+         =   2.320E+09   H3CO+       =   1.381E+06   C2H7+       =   5.747E-05
 P           =   5.780E+11   CH3NH2+     =   3.127E+04   RHNO        =   0.000E+00
 GCH3NH2     =   0.000E+00   HNO+        =   1.299E+07   RP          =   0.000E+00
 RCH3O       =   0.000E+00   CH3NH2      =   1.119E+07   GCH3O       =   0.000E+00
 GP          =   0.000E+00   CH2OH       =   9.543E+04   S-          =   2.284E+07
 GPH         =   0.000E+00   GS          =   0.000E+00   RO2         =   0.000E+00
 GCH3OH      =   0.000E+00   O2          =   1.503E+13   PH+         =   1.902E+07
 GO2         =   0.000E+00   RCH3OH      =   0.000E+00   CH3NH3+     =   3.688E+08
 RS          =   0.000E+00   RPH         =   0.000E+00   CH3OH+      =   6.850E+04
 S           =   7.139E+14   CH3OH       =   3.218E+08   SiH4+       =   1.544E-08
 SiH4        =   8.284E+01   GHNOH       =   0.000E+00   GSiH4       =   0.000E+00
 H2NO+       =   1.003E+06   O2-         =   4.188E-02   RHNOH       =   0.000E+00
 RSiH4       =   0.000E+00   HNOH        =   0.000E+00   HNOH+       =   0.000E+00
 PH          =   2.627E+10   O2+         =   3.073E+10   S+          =   3.983E+14
 GPH2        =   0.000E+00   HS+         =   4.594E+10   NH2OH       =   0.000E+00
 RPH2        =   0.000E+00   CH3OH2+     =   1.123E+09   RHS         =   0.000E+00
 PH2         =   1.323E+03   SiH5+       =   7.321E+00   GNH2OH      =   0.000E+00
 NH2OH+      =   0.000E+00   PH2+        =   2.708E+05   RO2H        =   0.000E+00
 RNH2OH      =   0.000E+00   O2H         =   1.600E+05   GO2H        =   0.000E+00
 GHS         =   0.000E+00   HS          =   4.622E+14   O2H+        =   1.406E+04
 GH2S        =   0.000E+00   H2S+        =   2.134E+12   H2O2        =   4.233E+06
 RH2S        =   0.000E+00   H2S         =   4.696E+16   GH2O2       =   0.000E+00
 NH3OH+      =   0.000E+00   PH3+        =   1.456E+02   RH2O2       =   0.000E+00
 Cl          =   1.245E+12   GCl         =   0.000E+00   H3S+        =   3.085E+13
 RCl         =   0.000E+00   Cl+         =   4.354E+07   C3-         =   1.683E+00
 GHCl        =   0.000E+00   C3+         =   3.323E+05   HCl+        =   3.115E+07
 RHCl        =   0.000E+00   HCl         =   2.630E+13   C3          =   2.804E+06
 GC3         =   0.000E+00   RC3         =   0.000E+00   GC3H        =   0.000E+00
 C3H-        =   4.533E+00   C3H+        =   1.134E+06   C3H         =   1.735E+06
 RC3H        =   0.000E+00   H2Cl+       =   1.331E+09   C2N+        =   8.391E+06
 RC2N        =   0.000E+00   C2N         =   1.273E+06   H2CCC       =   9.732E+04
 C3H2+       =   8.123E+04   C3H2        =   7.978E+05   CNC+        =   2.253E+08
 GC2N        =   0.000E+00   GH2CCC      =   0.000E+00   RC3H2       =   0.000E+00
 RH2CCC      =   0.000E+00   GC3H2       =   0.000E+00   GCH2CCH     =   0.000E+00
 C3H3+       =   3.640E+04   RCH2CCH     =   0.000E+00   CH2CCH      =   1.314E+05
 RHCCN       =   0.000E+00   HCCN        =   0.000E+00   C2NH+       =   6.012E+04
 CH2CCH+     =   1.735E+05   GHCCN       =   0.000E+00   GCH3CCH     =   0.000E+00
 CH2CCH2     =   1.675E+02   RSiC        =   0.000E+00   GCH2CN      =   0.000E+00
 CH3CCH      =   2.822E+04   CH2CN+      =   8.012E+04   RCH3CCH     =   0.000E+00
 GSiC        =   0.000E+00   RCH2CN      =   0.000E+00   C2O         =   1.884E+07
 GC2O        =   0.000E+00   SiC+        =   1.692E+08   GCH2CCH2    =   0.000E+00
 SiC         =   1.188E+11   C2O+        =   5.572E+03   RCH2CCH2    =   0.000E+00
 CH2CN       =   1.247E+04   C3H4+       =   3.578E+02   RC2O        =   0.000E+00
 GCH3CN      =   0.000E+00   CH3CN+      =   8.760E+02   HC2O+       =   9.581E+04
 HC2O        =   1.409E+01   RCH3CN      =   0.000E+00   CH3CN       =   1.179E+09
 GHC2O       =   0.000E+00   GHCSi       =   0.000E+00   HCSi        =   3.272E+10
 C3H5+       =   2.258E+04   RHC2O       =   0.000E+00   RHCSi       =   0.000E+00
 HCSi+       =   1.639E+08   CH2CO+      =   1.100E+05   GCH3CHCH2   =   0.000E+00
 RSiCH2      =   0.000E+00   SiCH2+      =   4.495E+09   GCH2CO      =   0.000E+00
 RCH2CO      =   0.000E+00   RCH3CHCH2   =   0.000E+00   NH2CN       =   6.109E+07
 GSiCH2      =   0.000E+00   RCNO        =   0.000E+00   OCN+        =   9.441E+01
 GNH2CN      =   0.000E+00   CH3CHCH2    =   1.987E+03   CNO         =   1.010E-01
 GSiN        =   0.000E+00   OCN         =   1.038E+11   ROCN        =   0.000E+00
 SiCH2       =   5.104E+08   C3H6+       =   7.329E-01   SiN         =   3.102E+11
 GOCN        =   0.000E+00   CH3CNH+     =   2.744E+09   CH2CO       =   4.365E+06
 GCNO        =   0.000E+00   SiN+        =   1.990E+10   RNH2CN      =   0.000E+00
 RSiN        =   0.000E+00   CP+         =   1.496E+02   HOCN+       =   1.378E+03
 HCNO        =   2.012E+06   RSiCH3      =   0.000E+00   SiCH3+      =   4.388E+03
 GCH3CO      =   0.000E+00   NH2CNH+     =   1.680E+02   HCNO+       =   5.356E-03
 GHOCN       =   0.000E+00   HOCN        =   2.026E+06   GHCNO       =   0.000E+00
 RCH3CO      =   0.000E+00   RHOCN       =   0.000E+00   RHCNO       =   0.000E+00
 HNSi        =   3.010E+11   HNSi+       =   5.590E+02   GSiCH3      =   0.000E+00
 CH3CO+      =   9.297E+06   GHONC       =   0.000E+00   CH3CO       =   6.447E-02
 HONC+       =   1.366E-07   RHNSi       =   0.000E+00   HONC        =   1.187E+01
 GCP         =   0.000E+00   GHNCO       =   0.000E+00   GHNSi       =   0.000E+00
 C3H7+       =   5.063E+02   HNCO+       =   1.445E+03   CP          =   2.698E+07
 RCP         =   0.000E+00   RHNCO       =   0.000E+00   RHONC       =   0.000E+00
 HNCO        =   2.299E+06   SiCH3       =   4.323E+04   N2O+        =   3.375E+05
 RSiO        =   0.000E+00   CH3CHO      =   1.983E+01   GN2O        =   0.000E+00
 GCS         =   0.000E+00   GCO2        =   0.000E+00   RCH3CHO     =   0.000E+00
 GHNCHO      =   0.000E+00   CS          =   1.526E+14   N2O         =   8.110E+07
 CO2+        =   4.451E+02   GCH3CHO     =   0.000E+00   RCO2        =   0.000E+00
 SiO+        =   1.168E+11   H2OCN+      =   2.282E+05   H2CNO+      =   1.866E+00
 SiNH2+      =   5.100E+10   NH2CO       =   0.000E+00   HCNOH+      =   1.866E+00
 RHNCHO      =   0.000E+00   HCP         =   4.407E+05   HCP+        =   1.478E+02
 GSiO        =   0.000E+00   RCS         =   0.000E+00   RN2O        =   0.000E+00
 SiO         =   7.343E+16   CO2         =   8.178E+14   GNH2CO      =   0.000E+00
 HNCHO       =   0.000E+00   HNCOH+      =   4.645E+05   GHCP        =   0.000E+00
 CH3CHO+     =   6.698E-02   RNH2CO      =   0.000E+00   H2NCO+      =   2.363E+05
 RHCP        =   0.000E+00   CS+         =   1.088E+08   SiCH4+      =   7.060E+03
 GHCS        =   0.000E+00   COOH        =   0.000E+00   PN+         =   2.233E+05
 CH3OCH2     =   1.024E-04   NH2CHO+     =   0.000E+00   RHCS        =   0.000E+00
 PN          =   4.133E+13   RPN         =   0.000E+00   RCOOH       =   0.000E+00
 CH3CHOH+    =   1.780E+00   RNH2CHO     =   0.000E+00   HCS+        =   5.320E+09
 HN2O+       =   2.389E+02   GNH2CHO     =   0.000E+00   SiOH+       =   3.348E+13
 PCH2+       =   9.001E+04   NH2CHO      =   1.192E+05   GPN         =   0.000E+00
 HCO2+       =   1.515E+09   GCOOH       =   0.000E+00   HCS         =   9.790E+08
 C2H5OH      =   4.773E-05   H2SiO+      =   8.623E+03   HCOOH       =   2.147E+07
 CH2PH       =   1.430E+00   GHCOOH      =   0.000E+00   HPN+        =   6.921E+08
 GH2SiO      =   0.000E+00   RHCOOH      =   0.000E+00   RH2SiO      =   0.000E+00
 NS+         =   1.304E+10   H2CS        =   1.044E+10   RH2CS       =   0.000E+00
 GNS         =   0.000E+00   NS          =   1.748E+12   RCH2PH      =   0.000E+00
 GCH3OCH3    =   0.000E+00   GC2H5OH     =   0.000E+00   C2H5OH+     =   3.091E-07
 H2CS+       =   4.035E+07   GNO2        =   0.000E+00   RCH3OCH3    =   0.000E+00
 RC2H5OH     =   0.000E+00   NO2         =   2.402E+07   PCH3+       =   4.619E+00
 RNO2        =   0.000E+00   H2SiO       =   8.622E-01   GH2CS       =   0.000E+00
 CH3OCH3     =   6.458E-02   RNS         =   0.000E+00   CH3OCH3+    =   2.760E-04
 NO2+        =   2.310E+04   NH2CH2O+    =   3.211E+01   HCOOH+      =   1.087E+05
 GCH2PH      =   0.000E+00   HCOOH2+     =   8.479E+06   H3CS+       =   2.693E+10
 RPO         =   0.000E+00   GPO         =   0.000E+00   PNH2+       =   2.377E+06
 HNS+        =   4.836E+06   PCH4+       =   3.416E-01   C2H5OH2+    =   3.518E-05
 PO+         =   3.530E+09   CCl+        =   4.319E+06   CH3OCH4+    =   3.993E-01
 PO          =   2.122E+14   H3SiO+      =   8.112E-02   RCCl        =   0.000E+00
 SiF+        =   1.557E+10   CCl         =   3.861E+04   GCCl        =   0.000E+00
 GO3         =   0.000E+00   GHPO        =   0.000E+00   SO          =   8.284E+15
 RO3         =   0.000E+00   PNH3+       =   2.275E+03   RHPO        =   0.000E+00
 C4          =   4.401E+03   SO+         =   6.465E+12   O3          =   0.000E+00
 HPO+        =   3.002E+09   GC4         =   0.000E+00   C4+         =   6.965E+02
 HPO         =   2.651E+06   GSO         =   0.000E+00   RSO         =   0.000E+00
 C4-         =   3.671E+02   RC4         =   0.000E+00   GC4H        =   0.000E+00
 H2CCl+      =   3.130E+04   RC4H        =   0.000E+00   HSO+        =   2.633E+09
 H2PO+       =   3.321E+05   C4H         =   1.036E+04   C4H+        =   1.373E+03
 C4H-        =   9.019E+02   GC3N        =   0.000E+00   RC3N        =   0.000E+00
 C3N         =   1.141E+04   C4H2        =   1.321E+02   RC4H2       =   0.000E+00
 C4H2+       =   7.893E+02   C3N+        =   1.134E+01   C3N-        =   1.599E+01
 GC4H2       =   0.000E+00   ClO         =   2.454E-07   GHC3N       =   0.000E+00
 HNC3        =   1.739E+01   RClO        =   0.000E+00   C4H3        =   5.609E+01
 C4H3+       =   1.104E+01   RC4H3       =   0.000E+00   RHNC3       =   0.000E+00
 ClO+        =   6.915E-12   GC4H3       =   0.000E+00   HC3N+       =   9.971E+01
 GHNC3       =   0.000E+00   RHC3N       =   0.000E+00   HC3N        =   6.879E+03
 GClO        =   0.000E+00   C2N2+       =   9.264E+01   RCH2CHCCH   =   0.000E+00
 C3O+        =   8.274E-03   C3O         =   4.593E+01   C4H4+       =   1.363E-04
 GCH2CHCCH   =   0.000E+00   SiC2+       =   1.273E+06   RC3O        =   0.000E+00
 GNCCN       =   0.000E+00   GSiC2       =   0.000E+00   HC3NH+      =   1.012E+01
 SiC2        =   4.808E+08   NCCN        =   8.897E+06   CH2CHCCH    =   4.477E-02
 GC3O        =   0.000E+00   RNCCN       =   0.000E+00   RSiC2       =   0.000E+00
 RSiC2H      =   0.000E+00   SiC2H       =   1.659E+06   C4H5+       =   9.532E-03
 HC3O+       =   8.239E+00   CH2CHCN+    =   6.662E-01   CH2CHCN     =   7.452E+00
 GSiC2H      =   0.000E+00   RCH2CHCN    =   0.000E+00   NCCNH+      =   1.269E+03
 GCH2CHCN    =   0.000E+00   SiC2H+      =   3.589E+07   C4H6        =   1.800E-03
 GSiC2H2     =   0.000E+00   SiC2H2+     =   2.671E+03   C2H4CN      =   0.000E+00
 C3H2O+      =   5.395E+00   RSiNC       =   0.000E+00   GSiNC       =   0.000E+00
 RSiC2H2     =   0.000E+00   CH2CHCNH+   =   4.720E-02   RC4H6       =   0.000E+00
 RC2H4CN     =   0.000E+00   SiNC+       =   1.037E+09   SiNC        =   1.312E+07
 SiC2H2      =   2.302E+04   GC4H6       =   0.000E+00   GC2H4CN     =   0.000E+00
 SiC2H3+     =   8.132E+02   GC2H5CN     =   0.000E+00   RCCP        =   0.000E+00
 C2H5CN      =   2.642E+01   C4H7+       =   5.822E-09   GCCP        =   0.000E+00
 H3C3O+      =   2.132E+00   RC2H5CN     =   0.000E+00   CCP         =   3.825E+03
 CCP+        =   3.421E+01   SiNCH+      =   2.339E+06   RHC2P       =   0.000E+00
 Fe          =   2.727E+13   RFe         =   0.000E+00   GFe         =   0.000E+00
 GHC2P       =   0.000E+00   HC2P+       =   4.597E+02   C2S+        =   3.094E+04
 RC2S        =   0.000E+00   C2S         =   2.438E+07   C2H5CNH+    =   1.152E+01
 HC2P        =   1.030E+00   Fe+         =   2.781E+11   GC2S        =   0.000E+00
 HC2S+       =   1.126E+06   PC2H2+      =   1.906E-01   RCH3COCH3   =   0.000E+00
 CH3COCH3+   =   3.144E-10   GCH3COCH3   =   0.000E+00   OHCCHO      =   0.000E+00
 GOHCCHO     =   0.000E+00   PC2H3+      =   2.781E-05   OHCCHO+     =   0.000E+00
 ROHCCHO     =   0.000E+00   CH3COCH3    =   5.602E-08   HOCHCHO     =   0.000E+00
 GHOCH2CO    =   0.000E+00   PC2H4+      =   6.566E-07   C2O2H3+     =   0.000E+00
 OHCCH2O+    =   0.000E+00   CH3CS+      =   5.006E+01   CH3COCH4+   =   1.077E-08
 OCH2CHO     =   0.000E+00   COOCH3+     =   5.958E-12   RHOCH2CO    =   0.000E+00
 GCOOCH3     =   0.000E+00   GOCH2CHO    =   0.000E+00   GCH2COOH    =   0.000E+00
 GHOCHCHO    =   0.000E+00   COOCH3      =   4.100E-07   RCH2COOH    =   0.000E+00
 RHOCHCHO    =   0.000E+00   RCOOCH3     =   0.000E+00   ROCH2CHO    =   0.000E+00
 HOCH2CO     =   0.000E+00   HOCH2CO+    =   0.000E+00   CH2COOH     =   0.000E+00
 OCS+        =   6.030E+08   GSiS        =   0.000E+00   C5          =   4.611E+02
 ROCS        =   0.000E+00   OCS         =   6.465E+10   GOCS        =   0.000E+00
 SiS         =   2.613E+15   HOCH2CHO    =   0.000E+00   HCOOCH3     =   4.666E-02
 SiO2        =   6.638E+11   SiS+        =   2.192E+11   HCOOCH3+    =   2.621E-07
 RSiS        =   0.000E+00   CH3COOH+    =   0.000E+00   CH3COOH     =   0.000E+00
 GSiO2       =   0.000E+00   GHOCH2CHO   =   0.000E+00   C2O2H4+     =   0.000E+00
 RC5         =   0.000E+00   C5-         =   6.922E+01   GHCOOCH3    =   0.000E+00
 GCH3COOH    =   0.000E+00   RHOCH2CHO   =   0.000E+00   HOCH2CHO+   =   0.000E+00
 GC5         =   0.000E+00   RHCOOCH3    =   0.000E+00   RCH3COOH    =   0.000E+00
 C5+         =   2.456E+00   RSiO2       =   0.000E+00   RC5H        =   0.000E+00
 H5C2O2+     =   1.292E-01   GC5H        =   0.000E+00   HOCS+       =   5.876E+07
 HSiO2+      =   2.590E+06   C5H-        =   2.927E+00   CH3COOH2+   =   0.000E+00
 GHOCH2CH2O  =   0.000E+00   HOCH2CH2O+  =   0.000E+00   RHOCH2CH2O  =   0.000E+00
 HSiS+       =   5.796E+08   C5H         =   1.010E+01   C5H+        =   5.702E+00
 HOCH2CH2O   =   0.000E+00   CH2OHCH2OH  =   0.000E+00   GC4N        =   0.000E+00
 GCH2OHCH2OH =   0.000E+00   CH2OHCH2OH+ =   0.000E+00   RCH2OHCH2OH =   0.000E+00
 C4N+        =   2.859E-01   C4N         =   2.028E+00   RC4N        =   0.000E+00
 GC5H2       =   0.000E+00   C5H2        =   2.780E+00   RC5H2       =   0.000E+00
 C5H2+       =   2.510E-02   HC4N+       =   3.936E-04   C5H3+       =   8.119E-04
 CH2OHCH2OHH+=   0.000E+00   RS2         =   0.000E+00   SO2+        =   2.702E+05
 GCH3C4H     =   0.000E+00   SO2         =   1.004E+16   CH3C4H+     =   4.739E-05
 GS2         =   0.000E+00   H2C4N+      =   4.128E-04   S2          =   1.848E+12
 RCH3C4H     =   0.000E+00   SiC3+       =   1.310E+04   S2+         =   1.052E+12
 GSiC3       =   0.000E+00   SiC3        =   1.243E+04   GSO2        =   0.000E+00
 RSiC3       =   0.000E+00   RSO2        =   0.000E+00   CH3C4H      =   2.938E-03
 SiC3H       =   2.599E+03   RSiC3H      =   0.000E+00   GSiC3H      =   0.000E+00
 CH3C3N      =   1.511E+00   HSO2+       =   1.071E+08   C5H5+       =   7.235E-06
 HS2         =   8.152E+11   GCH3C3N     =   0.000E+00   RHS2        =   0.000E+00
 HS2+        =   7.294E+10   CH3C3N+     =   3.870E-04   RCH3C3N     =   0.000E+00
 GHS2        =   0.000E+00   SiC3H+      =   9.138E+02   SiC3H2+     =   1.287E+02
 H2S2+       =   2.467E+11   H2S2        =   4.421E+09   RH2S2       =   0.000E+00
 CH3C3NH+    =   2.178E-03   GH2S2       =   0.000E+00   NCCNCH3+    =   6.224E-04
 GC3P        =   0.000E+00   RC3P        =   0.000E+00   C3P         =   1.409E-01
 H3S2+       =   1.235E+09   C3S         =   1.725E+04   C3S+        =   2.513E+03
 GC3S        =   0.000E+00   PC3H+       =   1.669E-02   RC3S        =   0.000E+00
 HC3S+       =   7.308E+02   GC6         =   0.000E+00   C6+         =   1.168E-01
 RC6         =   0.000E+00   C6-         =   5.650E-01   C6          =   4.476E-01
 C6H         =   3.226E-01   C6H+        =   1.183E-02   C6H-        =   1.621E-01
 GC6H        =   0.000E+00   RC6H        =   0.000E+00   RC6H2       =   0.000E+00
 C5N+        =   4.159E-05   C6H2        =   4.361E-03   C6H2+       =   7.247E-05
 RC5N        =   0.000E+00   C5N         =   9.647E-02   NHCH2COOH   =   0.000E+00
 GC5N        =   0.000E+00   GC6H2       =   0.000E+00   C5N-        =   2.899E-02
 RNHCH2COOH  =   0.000E+00   GNHCH2COOH  =   0.000E+00   GHC5N       =   0.000E+00
 C6H3+       =   2.072E-06   RHC5N       =   0.000E+00   HC5N+       =   5.885E-05
 NH2CH2COOH+ =   0.000E+00   RNH2CH2COOH =   0.000E+00   NH2CH2COOH  =   0.000E+00
 HC5N        =   8.100E-03   GNH2CH2COOH =   0.000E+00   SiC4+       =   1.789E+01
 NH2CH2COOH2+=   0.000E+00   RSiC4       =   0.000E+00   SiC4        =   6.640E-01
 GSiC4       =   0.000E+00   C6H4+       =   2.447E-07   HC5NH+      =   1.207E-04
 SiC4H+      =   2.905E-02   C6H5+       =   2.845E-08   H3C5N+      =   3.944E-07
 RC6H6       =   0.000E+00   GC6H6       =   0.000E+00   C6H6        =   1.057E-06
 C6H6+       =   6.209E-10   GC4P        =   0.000E+00   C4P         =   4.635E-04
 RC4P        =   0.000E+00   C4P+        =   1.896E-11   C6H7+       =   1.027E-08
 GC4S        =   0.000E+00   PC4H+       =   8.432E-05   C4S+        =   7.760E+00
 C4S         =   1.202E+00   RC4S        =   0.000E+00   HC4S+       =   8.161E-02
 RC7         =   0.000E+00   C7          =   3.216E-03   GC7         =   0.000E+00
 C7-         =   1.084E-02   C7+         =   9.597E-05   C7H-        =   1.160E-03
 RC7H        =   0.000E+00   C7H         =   7.225E-04   GC7H        =   0.000E+00
 C7H+        =   3.872E-05   GC7H2       =   0.000E+00   RC7H2       =   0.000E+00
 C7H2        =   6.221E-05   C7H2+       =   1.911E-07   C7H3+       =   4.293E-09
 RCH3C6H     =   0.000E+00   CH3C6H      =   2.884E-08   C7H4+       =   2.583E-10
 GCH3C6H     =   0.000E+00   GCH3C5N     =   0.000E+00   CH3C5N      =   2.160E-10
 RCH3C5N     =   0.000E+00   C7H5+       =   2.154E-10   CH3C5NH+    =   7.183E-12
 RC8         =   0.000E+00   C8-         =   7.686E-05   C8+         =   1.822E-06
 GC8         =   0.000E+00   C8          =   5.753E-05   C8H-        =   5.992E-06
 C8H         =   9.526E-06   C8H+        =   2.206E-08   RC8H        =   0.000E+00
 GC8H        =   0.000E+00   GC8H2       =   0.000E+00   C7N+        =   1.593E-08
 C7N         =   1.302E-05   C8H2        =   4.555E-07   RC8H2       =   0.000E+00
 C8H2+       =   5.210E-08   RC7N        =   0.000E+00   GC7N        =   0.000E+00
 HC7N        =   6.224E-08   GHC7N       =   0.000E+00   HC7N+       =   4.225E-08
 C8H3+       =   6.893E-12   RHC7N       =   0.000E+00   H2C7N+      =   4.552E-10
 C8H4+       =   4.699E-13   H3C7N+      =   3.629E-14   C8H5+       =   4.283E-18
 C9+         =   1.828E-08   C9-         =   1.274E-06   GC9         =   0.000E+00
 RC9         =   0.000E+00   C9          =   3.726E-07   C9H         =   3.954E-08
 C9H+        =   1.990E-09   GC9H        =   0.000E+00   C9H-        =   8.108E-08
 RC9H        =   0.000E+00   C9H2        =   5.520E-09   C9H2+       =   1.706E-11
 RC9H2       =   0.000E+00   GC9H2       =   0.000E+00   C9H3+       =   6.965E-14
 C9H4+       =   1.025E-15   CH3C7N      =   1.652E-15   C9H5+       =   3.161E-22
 GCH3C7N     =   0.000E+00   RCH3C7N     =   0.000E+00   CH3C7NH+    =   5.929E-17
 GC10        =   0.000E+00   C10+        =   1.966E-10   C10         =   5.002E-09
 RC10        =   0.000E+00   C10-        =   6.219E-09   C10H+       =   9.094E-12
 GC10H       =   0.000E+00   C10H        =   4.066E-10   RC10H       =   0.000E+00
 C10H-       =   2.770E-10   GC9N        =   0.000E+00   C10H2+      =   2.736E-13
 RC9N        =   0.000E+00   GC10H2      =   0.000E+00   C9N+        =   9.321E-13
 C10H2       =   2.320E-11   C9N         =   8.465E-10   RC10H2      =   0.000E+00
 C10H3+      =   8.484E-17   GHC9N       =   0.000E+00   HC9N        =   4.212E-12
 HC9N+       =   2.650E-12   RHC9N       =   0.000E+00   H2C9N+      =   2.982E-14
 H3C9N+      =   3.551E-19   RC11        =   0.000E+00   C11+        =   1.921E-12
 GC11        =   0.000E+00   C11         =   5.543E-13   e-          =   1.829E+15
 H2          =   2.754E+21
