


                   **  CALCULATED COLUMN DENSITIES  **


 H           =   1.298E+17   RH          =   0.000E+00   GH          =   0.000E+00
 H+          =   2.632E+12   H-          =   2.085E+08   GH2         =   0.000E+00
 H2+         =   5.576E+09   RH2         =   0.000E+00   H3+         =   2.909E+11
 He          =   6.245E+21   GHe         =   0.000E+00   He+         =   4.255E+12
 RHe         =   0.000E+00   HeH+        =   8.007E+07   C-          =   1.162E+08
 GC          =   0.000E+00   C+          =   3.004E+16   C           =   1.374E+16
 RC          =   0.000E+00   RCH         =   0.000E+00   CH          =   3.740E+14
 GCH         =   0.000E+00   CH+         =   3.690E+10   CH-         =   7.322E+06
 RCH2        =   0.000E+00   GN          =   0.000E+00   CH2+        =   4.514E+10
 N+          =   5.697E+08   CH2         =   1.149E+14   GCH2        =   0.000E+00
 N           =   1.804E+16   RN          =   0.000E+00   RCH3        =   0.000E+00
 NH+         =   7.431E+06   CH3         =   5.944E+13   CH3+        =   1.699E+12
 GCH3        =   0.000E+00   RNH         =   0.000E+00   NH          =   3.451E+12
 GNH         =   0.000E+00   GO          =   0.000E+00   O-          =   1.497E+07
 RO          =   0.000E+00   CH4         =   1.274E+17   CH4+        =   2.609E+08
 NH2         =   5.679E+12   RCH4        =   0.000E+00   RNH2        =   0.000E+00
 O+          =   2.400E+07   NH2+        =   4.660E+07   O           =   1.853E+16
 GCH4        =   0.000E+00   GNH2        =   0.000E+00   CH5+        =   1.598E+10
 OH          =   2.380E+14   RNH3        =   0.000E+00   OH+         =   7.342E+07
 ROH         =   0.000E+00   GOH         =   0.000E+00   OH-         =   3.661E+07
 NH3+        =   2.825E+10   NH3         =   2.180E+15   GNH3        =   0.000E+00
 RH2O        =   0.000E+00   H2O         =   9.298E+16   H2O+        =   1.545E+08
 GH2O        =   0.000E+00   NH4+        =   2.729E+12   F+          =   1.690E+04
 F           =   2.645E+12   GF          =   0.000E+00   H3O+        =   1.599E+11
 RF          =   0.000E+00   GHF         =   0.000E+00   RHF         =   0.000E+00
 HF          =   6.217E+14   HF+         =   4.916E+03   H2F+        =   2.287E+09
 Na+         =   6.976E+12   GNa         =   0.000E+00   Na          =   3.603E+14
 RNa         =   0.000E+00   C2          =   3.909E+15   Mg          =   3.659E+14
 RC2         =   0.000E+00   RMg         =   0.000E+00   C2-         =   4.612E+07
 GMg         =   0.000E+00   C2+         =   7.910E+10   Mg+         =   1.421E+12
 GC2         =   0.000E+00   RC2H        =   0.000E+00   GC2H        =   0.000E+00
 C2H-        =   1.564E+10   C2H         =   2.895E+15   C2H+        =   7.600E+10
 CN          =   4.989E+15   GC2H2       =   0.000E+00   GCN         =   0.000E+00
 CN-         =   3.824E+10   C2H2        =   1.592E+18   C2H2+       =   3.682E+12
 CN+         =   7.604E+06   RC2H2       =   0.000E+00   RCN         =   0.000E+00
 GHNC        =   0.000E+00   HCN+        =   2.736E+07   RHNC        =   0.000E+00
 HCN         =   1.489E+18   HNC         =   1.032E+14   GHCN        =   0.000E+00
 GC2H3       =   0.000E+00   RC2H3       =   0.000E+00   C2H3        =   7.144E+12
 C2H3+       =   1.282E+13   RHCN        =   0.000E+00   H2CN        =   5.149E+11
 RN2         =   0.000E+00   Si+         =   4.861E+15   CO          =   2.937E+19
 GSi         =   0.000E+00   RC2H4       =   0.000E+00   GCO         =   0.000E+00
 N2+         =   9.370E+05   GC2H4       =   0.000E+00   RCO         =   0.000E+00
 C2H4        =   2.487E+15   C2H4+       =   1.574E+11   GN2         =   0.000E+00
 RSi         =   0.000E+00   RH2CN       =   0.000E+00   N2          =   1.464E+18
 H2NC+       =   3.780E+09   CO+         =   2.748E+08   HCNH+       =   5.930E+13
 Si          =   1.044E+15   GH2CN       =   0.000E+00   CH2NH       =   4.962E+08
 SiH+        =   4.228E+09   RHCO        =   0.000E+00   GCH2NH      =   0.000E+00
 SiH         =   3.975E+12   N2H+        =   9.134E+09   C2H5        =   7.544E+10
 C2H5+       =   4.210E+09   GHCO        =   0.000E+00   RCH2NH      =   0.000E+00
 HOC+        =   1.559E+09   GSiH        =   0.000E+00   GC2H5       =   0.000E+00
 RC2H5       =   0.000E+00   HCO         =   3.546E+11   RSiH        =   0.000E+00
 HCO+        =   7.458E+11   GCH3NH      =   0.000E+00   RCH2NH2     =   0.000E+00
 CH2NH2+     =   3.840E+06   RSiH2       =   0.000E+00   SiH2+       =   1.051E+09
 SiH2        =   1.400E+07   C2H6        =   1.655E+11   C2H6+       =   1.726E+08
 CH3NH       =   0.000E+00   RCH3NH      =   0.000E+00   GCH2NH2     =   0.000E+00
 GSiH2       =   0.000E+00   NO+         =   6.898E+09   GC2H6       =   0.000E+00
 CH3NH+      =   2.534E+08   CH2NH2      =   0.000E+00   NO          =   4.170E+12
 GNO         =   0.000E+00   RH2CO       =   0.000E+00   H2CO+       =   1.356E+09
 RNO         =   0.000E+00   GH2CO       =   0.000E+00   RC2H6       =   0.000E+00
 H2CO        =   6.019E+11   SiH3+       =   2.779E+06   P+          =   4.230E+12
 GHNO        =   0.000E+00   RCH3NH2     =   0.000E+00   CH3O        =   5.251E+02
 RSiH3       =   0.000E+00   SiH3        =   3.963E+02   GCH2OH      =   0.000E+00
 HNO         =   6.489E+10   GSiH3       =   0.000E+00   RCH2OH      =   0.000E+00
 CF+         =   3.361E+10   H3CO+       =   3.281E+07   C2H7+       =   3.170E+04
 P           =   6.655E+11   CH3NH2+     =   3.834E+05   RHNO        =   0.000E+00
 GCH3NH2     =   0.000E+00   HNO+        =   1.598E+06   RP          =   0.000E+00
 RCH3O       =   0.000E+00   CH3NH2      =   1.230E+08   GCH3O       =   0.000E+00
 GP          =   0.000E+00   CH2OH       =   1.199E+09   S-          =   2.857E+07
 GPH         =   0.000E+00   GS          =   0.000E+00   RO2         =   0.000E+00
 GCH3OH      =   0.000E+00   O2          =   9.608E+11   PH+         =   4.186E+06
 GO2         =   0.000E+00   RCH3OH      =   0.000E+00   CH3NH3+     =   2.741E+08
 RS          =   0.000E+00   RPH         =   0.000E+00   CH3OH+      =   2.046E+03
 S           =   1.454E+15   CH3OH       =   2.339E+07   SiH4+       =   2.210E-07
 SiH4        =   2.974E+02   GHNOH       =   0.000E+00   GSiH4       =   0.000E+00
 H2NO+       =   2.679E+05   O2-         =   1.298E-07   RHNOH       =   0.000E+00
 RSiH4       =   0.000E+00   HNOH        =   0.000E+00   HNOH+       =  -7.221E-10
 PH          =   3.286E+09   O2+         =   3.377E+08   S+          =   1.944E+15
 GPH2        =   0.000E+00   HS+         =   1.862E+09   NH2OH       =   0.000E+00
 RPH2        =   0.000E+00   CH3OH2+     =   8.875E+06   RHS         =   0.000E+00
 PH2         =   1.141E+04   SiH5+       =   7.688E+01   GNH2OH      =   0.000E+00
 NH2OH+      =   4.705E-10   PH2+        =   3.482E+06   RO2H        =   0.000E+00
 RNH2OH      =   0.000E+00   O2H         =   1.487E+05   GO2H        =   0.000E+00
 GHS         =   0.000E+00   HS          =   1.760E+13   O2H+        =   1.824E+02
 GH2S        =   0.000E+00   H2S+        =   8.531E+09   H2O2        =   6.276E+00
 RH2S        =   0.000E+00   H2S         =   1.477E+14   GH2O2       =   0.000E+00
 NH3OH+      =   0.000E+00   PH3+        =   3.807E+02   RH2O2       =   0.000E+00
 Cl          =   1.100E+14   GCl         =   0.000E+00   H3S+        =   1.435E+09
 RCl         =   0.000E+00   Cl+         =   1.137E+10   C3-         =   3.081E+09
 GHCl        =   0.000E+00   C3+         =   1.559E+10   HCl+        =   5.902E+09
 RHCl        =   0.000E+00   HCl         =   1.183E+16   C3          =   1.648E+14
 GC3         =   0.000E+00   RC3         =   0.000E+00   GC3H        =   0.000E+00
 C3H-        =   6.297E+10   C3H+        =   1.128E+11   C3H         =   1.504E+14
 RC3H        =   0.000E+00   H2Cl+       =   4.015E+10   C2N+        =   1.080E+10
 RC2N        =   0.000E+00   C2N         =   2.264E+13   H2CCC       =   1.906E+13
 C3H2+       =   1.581E+11   C3H2        =   4.345E+13   CNC+        =   1.215E+12
 GC2N        =   0.000E+00   GH2CCC      =   0.000E+00   RC3H2       =   0.000E+00
 RH2CCC      =   0.000E+00   GC3H2       =   0.000E+00   GCH2CCH     =   0.000E+00
 C3H3+       =   1.288E+11   RCH2CCH     =   0.000E+00   CH2CCH      =   7.105E+13
 RHCCN       =   0.000E+00   HCCN        =   0.000E+00   C2NH+       =   1.759E+10
 CH2CCH+     =   3.075E+10   GHCCN       =   0.000E+00   GCH3CCH     =   0.000E+00
 CH2CCH2     =   3.065E+11   RSiC        =   0.000E+00   GCH2CN      =   0.000E+00
 CH3CCH      =   8.656E+11   CH2CN+      =   3.309E+10   RCH3CCH     =   0.000E+00
 GSiC        =   0.000E+00   RCH2CN      =   0.000E+00   C2O         =   1.297E+12
 GC2O        =   0.000E+00   SiC+        =   9.360E+09   GCH2CCH2    =   0.000E+00
 SiC         =   1.342E+14   C2O+        =   5.220E+08   RCH2CCH2    =   0.000E+00
 CH2CN       =   7.159E+10   C3H4+       =   3.842E+09   RC2O        =   0.000E+00
 GCH3CN      =   0.000E+00   CH3CN+      =   6.804E+06   HC2O+       =   3.711E+09
 HC2O        =   8.090E+06   RCH3CN      =   0.000E+00   CH3CN       =   7.054E+12
 GHC2O       =   0.000E+00   GHCSi       =   0.000E+00   HCSi        =   3.363E+13
 C3H5+       =   7.550E+10   RHC2O       =   0.000E+00   RHCSi       =   0.000E+00
 HCSi+       =   9.721E+09   CH2CO+      =   1.373E+09   GCH3CHCH2   =   0.000E+00
 RSiCH2      =   0.000E+00   SiCH2+      =   1.053E+12   GCH2CO      =   0.000E+00
 RCH2CO      =   0.000E+00   RCH3CHCH2   =   0.000E+00   NH2CN       =   2.271E+11
 GSiCH2      =   0.000E+00   RCNO        =   0.000E+00   OCN+        =   5.986E+02
 GNH2CN      =   0.000E+00   CH3CHCH2    =   1.790E+12   CNO         =   4.036E+01
 GSiN        =   0.000E+00   OCN         =   8.495E+12   ROCN        =   0.000E+00
 SiCH2       =   2.695E+11   C3H6+       =   1.879E+09   SiN         =   2.018E+12
 GOCN        =   0.000E+00   CH3CNH+     =   9.865E+11   CH2CO       =   7.935E+10
 GCNO        =   0.000E+00   SiN+        =   1.480E+10   RNH2CN      =   0.000E+00
 RSiN        =   0.000E+00   CP+         =   2.267E+06   HOCN+       =   4.086E+04
 HCNO        =   1.025E+09   RSiCH3      =   0.000E+00   SiCH3+      =   1.123E+07
 GCH3CO      =   0.000E+00   NH2CNH+     =   1.448E+06   HCNO+       =   1.196E+00
 GHOCN       =   0.000E+00   HOCN        =   1.669E+09   GHCNO       =   0.000E+00
 RCH3CO      =   0.000E+00   RHOCN       =   0.000E+00   RHCNO       =   0.000E+00
 HNSi        =   1.697E+11   HNSi+       =   5.641E+03   GSiCH3      =   0.000E+00
 CH3CO+      =   4.367E+08   GHONC       =   0.000E+00   CH3CO       =   4.971E+07
 HONC+       =   1.590E-04   RHNSi       =   0.000E+00   HONC        =   4.928E+04
 GCP         =   0.000E+00   GHNCO       =   0.000E+00   GHNSi       =   0.000E+00
 C3H7+       =   5.383E+11   HNCO+       =   4.086E+04   CP          =   1.929E+12
 RCP         =   0.000E+00   RHNCO       =   0.000E+00   RHONC       =   0.000E+00
 HNCO        =   1.796E+09   SiCH3       =   2.740E+08   N2O+        =   1.463E+05
 RSiO        =   0.000E+00   CH3CHO      =   2.056E+09   GN2O        =   0.000E+00
 GCS         =   0.000E+00   GCO2        =   0.000E+00   RCH3CHO     =   0.000E+00
 GHNCHO      =   0.000E+00   CS          =   3.871E+17   N2O         =   9.861E+07
 CO2+        =   1.390E+01   GCH3CHO     =   0.000E+00   RCO2        =   0.000E+00
 SiO+        =   7.523E+09   H2OCN+      =   5.563E+07   H2CNO+      =   2.829E+03
 SiNH2+      =   1.494E+10   NH2CO       =   0.000E+00   HCNOH+      =   2.829E+03
 RHNCHO      =   0.000E+00   HCP         =   9.115E+14   HCP+        =   3.138E+06
 GSiO        =   0.000E+00   RCS         =   0.000E+00   RN2O        =   0.000E+00
 SiO         =   1.826E+17   CO2         =   1.095E+12   GNH2CO      =   0.000E+00
 HNCHO       =   0.000E+00   HNCOH+      =   1.115E+08   GHCP        =   0.000E+00
 CH3CHO+     =   2.121E+06   RNH2CO      =   0.000E+00   H2NCO+      =   5.584E+07
 RHCP        =   0.000E+00   CS+         =   2.300E+10   SiCH4+      =   1.229E+07
 GHCS        =   0.000E+00   COOH        =   0.000E+00   PN+         =   1.584E+02
 CH3OCH2     =   1.088E-06   NH2CHO+     =   0.000E+00   RHCS        =   0.000E+00
 PN          =   1.225E+09   RPN         =   0.000E+00   RCOOH       =   0.000E+00
 CH3CHOH+    =   2.170E+08   RNH2CHO     =   0.000E+00   HCS+        =   1.709E+12
 HN2O+       =   2.176E+01   GNH2CHO     =   0.000E+00   SiOH+       =   1.058E+13
 PCH2+       =   6.452E+09   NH2CHO      =   2.653E+07   GPN         =   0.000E+00
 HCO2+       =   1.136E+08   GCOOH       =   0.000E+00   HCS         =   4.170E+11
 C2H5OH      =   5.079E+03   H2SiO+      =   2.783E+03   HCOOH       =   1.022E+08
 CH2PH       =   2.129E+04   GHCOOH      =   0.000E+00   HPN+        =   1.507E+02
 GH2SiO      =   0.000E+00   RHCOOH      =   0.000E+00   RH2SiO      =   0.000E+00
 NS+         =   1.570E+09   H2CS        =   9.962E+11   RH2CS       =   0.000E+00
 GNS         =   0.000E+00   NS          =   7.019E+11   RCH2PH      =   0.000E+00
 GCH3OCH3    =   0.000E+00   GC2H5OH     =   0.000E+00   C2H5OH+     =   1.632E+01
 H2CS+       =   4.954E+08   GNO2        =   0.000E+00   RCH3OCH3    =   0.000E+00
 RC2H5OH     =   0.000E+00   NO2         =   3.938E+06   PCH3+       =   4.286E+03
 RNO2        =   0.000E+00   H2SiO       =   4.757E+00   GH2CS       =   0.000E+00
 CH3OCH3     =   5.654E-01   RNS         =   0.000E+00   CH3OCH3+    =   3.338E-03
 NO2+        =   1.348E+02   NH2CH2O+    =   1.149E+03   HCOOH+      =   1.229E+05
 GCH2PH      =   0.000E+00   HCOOH2+     =   5.562E+07   H3CS+       =   1.696E+10
 RPO         =   0.000E+00   GPO         =   0.000E+00   PNH2+       =   3.558E+05
 HNS+        =   1.131E+06   PCH4+       =   2.147E+03   C2H5OH2+    =   1.931E+03
 PO+         =   2.279E+08   CCl+        =   8.742E+09   CH3OCH4+    =   6.945E-02
 PO          =   3.573E+09   H3SiO+      =   4.659E-02   RCCl        =   0.000E+00
 SiF+        =   1.190E+11   CCl         =   4.094E+09   GCCl        =   0.000E+00
 GO3         =   0.000E+00   GHPO        =   0.000E+00   SO          =   6.444E+11
 RO3         =   0.000E+00   PNH3+       =   1.723E+02   RHPO        =   0.000E+00
 C4          =   3.052E+13   SO+         =   6.326E+10   O3          =   0.000E+00
 HPO+        =   9.309E+07   GC4         =   0.000E+00   C4+         =   1.431E+09
 HPO         =   8.852E+04   GSO         =   0.000E+00   RSO         =   0.000E+00
 C4-         =   2.402E+12   RC4         =   0.000E+00   GC4H        =   0.000E+00
 H2CCl+      =   1.310E+08   RC4H        =   0.000E+00   HSO+        =   3.532E+06
 H2PO+       =   3.806E+03   C4H         =   2.030E+14   C4H+        =   3.952E+09
 C4H-        =   1.394E+13   GC3N        =   0.000E+00   RC3N        =   0.000E+00
 C3N         =   3.581E+14   C4H2        =   2.209E+14   RC4H2       =   0.000E+00
 C4H2+       =   4.335E+11   C3N+        =   2.710E+06   C3N-        =   7.408E+11
 GC4H2       =   0.000E+00   ClO         =   8.814E-09   GHC3N       =   0.000E+00
 HNC3        =   6.233E+11   RClO        =   0.000E+00   C4H3        =   5.893E+11
 C4H3+       =   2.055E+12   RC4H3       =   0.000E+00   RHNC3       =   0.000E+00
 ClO+        =   3.803E-14   GC4H3       =   0.000E+00   HC3N+       =   3.851E+09
 GHNC3       =   0.000E+00   RHC3N       =   0.000E+00   HC3N        =   7.397E+14
 GClO        =   0.000E+00   C2N2+       =   4.379E+06   RCH2CHCCH   =   0.000E+00
 C3O+        =   6.667E+02   C3O         =   7.176E+09   C4H4+       =   3.782E+07
 GCH2CHCCH   =   0.000E+00   SiC2+       =   2.033E+10   RC3O        =   0.000E+00
 GNCCN       =   0.000E+00   GSiC2       =   0.000E+00   HC3NH+      =   5.036E+11
 SiC2        =   6.835E+17   NCCN        =   1.052E+13   CH2CHCCH    =   1.199E+11
 GC3O        =   0.000E+00   RNCCN       =   0.000E+00   RSiC2       =   0.000E+00
 RSiC2H      =   0.000E+00   SiC2H       =   3.068E+14   C4H5+       =   1.371E+10
 HC3O+       =   4.481E+07   CH2CHCN+    =   1.958E+09   CH2CHCN     =   1.707E+12
 GSiC2H      =   0.000E+00   RCH2CHCN    =   0.000E+00   NCCNH+      =   8.241E+08
 GCH2CHCN    =   0.000E+00   SiC2H+      =   1.207E+13   C4H6        =   7.382E+09
 GSiC2H2     =   0.000E+00   SiC2H2+     =   3.680E+10   C2H4CN      =   0.000E+00
 C3H2O+      =   3.463E+07   RSiNC       =   0.000E+00   GSiNC       =   0.000E+00
 RSiC2H2     =   0.000E+00   CH2CHCNH+   =   6.652E+08   RC4H6       =   0.000E+00
 RC2H4CN     =   0.000E+00   SiNC+       =   1.691E+11   SiNC        =   2.898E+09
 SiC2H2      =   1.799E+12   GC4H6       =   0.000E+00   GC2H4CN     =   0.000E+00
 SiC2H3+     =   6.809E+11   GC2H5CN     =   0.000E+00   RCCP        =   0.000E+00
 C2H5CN      =   1.810E+07   C4H7+       =   1.031E+07   GCCP        =   0.000E+00
 H3C3O+      =   1.902E+09   RC2H5CN     =   0.000E+00   CCP         =   1.325E+10
 CCP+        =   3.945E+08   SiNCH+      =   3.011E+08   RHC2P       =   0.000E+00
 Fe          =   3.655E+14   RFe         =   0.000E+00   GFe         =   0.000E+00
 GHC2P       =   0.000E+00   HC2P+       =   9.977E+08   C2S+        =   2.139E+09
 RC2S        =   0.000E+00   C2S         =   5.363E+13   C2H5CNH+    =   5.781E+05
 HC2P        =   3.405E+07   Fe+         =   1.824E+12   GC2S        =   0.000E+00
 HC2S+       =   1.163E+12   PC2H2+      =   1.586E+06   RCH3COCH3   =   0.000E+00
 CH3COCH3+   =   1.035E+01   GCH3COCH3   =   0.000E+00   OHCCHO      =   0.000E+00
 GOHCCHO     =   0.000E+00   PC2H3+      =   9.431E+01   OHCCHO+     =   0.000E+00
 ROHCCHO     =   0.000E+00   CH3COCH3    =   3.246E+03   HOCHCHO     =   0.000E+00
 GHOCH2CO    =   0.000E+00   PC2H4+      =   3.782E+01   C2O2H3+     =   0.000E+00
 OHCCH2O+    =   0.000E+00   CH3CS+      =   2.431E+08   CH3COCH4+   =   2.789E+02
 OCH2CHO     =   0.000E+00   COOCH3+     =   2.725E-14   RHOCH2CO    =   0.000E+00
 GCOOCH3     =   0.000E+00   GOCH2CHO    =   0.000E+00   GCH2COOH    =   0.000E+00
 GHOCHCHO    =   0.000E+00   COOCH3      =   6.505E-09   RCH2COOH    =   0.000E+00
 RHOCHCHO    =   0.000E+00   RCOOCH3     =   0.000E+00   ROCH2CHO    =   0.000E+00
 HOCH2CO     =   0.000E+00   HOCH2CO+    =   0.000E+00   CH2COOH     =   0.000E+00
 OCS+        =   4.369E+10   GSiS        =   0.000E+00   C5          =   1.752E+13
 ROCS        =   0.000E+00   OCS         =   1.074E+13   GOCS        =   0.000E+00
 SiS         =   2.184E+17   HOCH2CHO    =   0.000E+00   HCOOCH3     =   1.881E+00
 SiO2        =   1.335E+11   SiS+        =   2.249E+12   HCOOCH3+    =   7.930E-04
 RSiS        =   0.000E+00   CH3COOH+    =   0.000E+00   CH3COOH     =   0.000E+00
 GSiO2       =   0.000E+00   GHOCH2CHO   =   0.000E+00   C2O2H4+     =   0.000E+00
 RC5         =   0.000E+00   C5-         =   6.200E+12   GHCOOCH3    =   0.000E+00
 GCH3COOH    =   0.000E+00   RHOCH2CHO   =   0.000E+00   HOCH2CHO+   =   0.000E+00
 GC5         =   0.000E+00   RHCOOCH3    =   0.000E+00   RCH3COOH    =   0.000E+00
 C5+         =   1.764E+08   RSiO2       =   0.000E+00   RC5H        =   0.000E+00
 H5C2O2+     =   2.620E-01   GC5H        =   0.000E+00   HOCS+       =   6.116E+07
 HSiO2+      =   1.083E+06   C5H-        =   3.316E+12   CH3COOH2+   =   0.000E+00
 GHOCH2CH2O  =   0.000E+00   HOCH2CH2O+  =   0.000E+00   RHOCH2CH2O  =   0.000E+00
 HSiS+       =   3.600E+11   C5H         =   1.071E+13   C5H+        =   2.022E+10
 HOCH2CH2O   =   0.000E+00   CH2OHCH2OH  =   0.000E+00   GC4N        =   0.000E+00
 GCH2OHCH2OH =   0.000E+00   CH2OHCH2OH+ =   0.000E+00   RCH2OHCH2OH =   0.000E+00
 C4N+        =   1.211E+09   C4N         =   8.666E+11   RC4N        =   0.000E+00
 GC5H2       =   0.000E+00   C5H2        =   2.403E+13   RC5H2       =   0.000E+00
 C5H2+       =   3.262E+10   HC4N+       =   3.214E+04   C5H3+       =   5.523E+11
 CH2OHCH2OHH+=   0.000E+00   RS2         =   0.000E+00   SO2+        =   1.581E+01
 GCH3C4H     =   0.000E+00   SO2         =   9.311E+08   CH3C4H+     =   5.830E+09
 GS2         =   0.000E+00   H2C4N+      =   2.724E+06   S2          =   6.744E+10
 RCH3C4H     =   0.000E+00   SiC3+       =   3.274E+11   S2+         =   1.434E+09
 GSiC3       =   0.000E+00   SiC3        =   2.190E+13   GSO2        =   0.000E+00
 RSiC3       =   0.000E+00   RSO2        =   0.000E+00   CH3C4H      =   1.287E+12
 SiC3H       =   2.886E+12   RSiC3H      =   0.000E+00   GSiC3H      =   0.000E+00
 CH3C3N      =   3.199E+11   HSO2+       =   1.033E+03   C5H5+       =   3.224E+11
 HS2         =   3.500E+07   GCH3C3N     =   0.000E+00   RHS2        =   0.000E+00
 HS2+        =   1.403E+07   CH3C3N+     =   2.690E+06   RCH3C3N     =   0.000E+00
 GHS2        =   0.000E+00   SiC3H+      =   1.443E+11   SiC3H2+     =   1.141E+11
 H2S2+       =   2.048E+06   H2S2        =   1.800E+07   RH2S2       =   0.000E+00
 CH3C3NH+    =   4.664E+08   GH2S2       =   0.000E+00   NCCNCH3+    =   1.426E+05
 GC3P        =   0.000E+00   RC3P        =   0.000E+00   C3P         =   6.164E+06
 H3S2+       =   3.704E+06   C3S         =   5.133E+13   C3S+        =   4.566E+10
 GC3S        =   0.000E+00   PC3H+       =   2.115E+05   RC3S        =   0.000E+00
 HC3S+       =   1.680E+10   GC6         =   0.000E+00   C6+         =   5.402E+09
 RC6         =   0.000E+00   C6-         =   6.685E+12   C6          =   3.550E+12
 C6H         =   4.830E+13   C6H+        =   5.020E+09   C6H-        =   2.921E+13
 GC6H        =   0.000E+00   RC6H        =   0.000E+00   RC6H2       =   0.000E+00
 C5N+        =   4.839E+04   C6H2        =   1.100E+14   C6H2+       =   5.948E+10
 RC5N        =   0.000E+00   C5N         =   3.667E+12   NHCH2COOH   =   0.000E+00
 GC5N        =   0.000E+00   GC6H2       =   0.000E+00   C5N-        =   3.258E+12
 RNHCH2COOH  =   0.000E+00   GNHCH2COOH  =   0.000E+00   GHC5N       =   0.000E+00
 C6H3+       =   1.354E+10   RHC5N       =   0.000E+00   HC5N+       =   2.091E+05
 NH2CH2COOH+ =   0.000E+00   RNH2CH2COOH =   0.000E+00   NH2CH2COOH  =   0.000E+00
 HC5N        =   4.207E+13   GNH2CH2COOH =   0.000E+00   SiC4+       =   4.980E+11
 NH2CH2COOH2+=   0.000E+00   RSiC4       =   0.000E+00   SiC4        =   4.648E+12
 GSiC4       =   0.000E+00   C6H4+       =   2.592E+10   HC5NH+      =   2.204E+08
 SiC4H+      =   3.184E+12   C6H5+       =   2.686E+08   H3C5N+      =   4.037E+07
 RC6H6       =   0.000E+00   GC6H6       =   0.000E+00   C6H6        =   7.626E+12
 C6H6+       =   1.060E+08   GC4P        =   0.000E+00   C4P         =   4.664E+06
 RC4P        =   0.000E+00   C4P+        =   4.301E-01   C6H7+       =   1.476E+12
 GC4S        =   0.000E+00   PC4H+       =   6.981E+05   C4S+        =   4.869E+10
 C4S         =   3.121E+11   RC4S        =   0.000E+00   HC4S+       =   1.650E+10
 RC7         =   0.000E+00   C7          =   3.003E+12   GC7         =   0.000E+00
 C7-         =   1.762E+13   C7+         =   2.129E+09   C7H-        =   1.323E+13
 RC7H        =   0.000E+00   C7H         =   6.696E+12   GC7H        =   0.000E+00
 C7H+        =   1.427E+10   GC7H2       =   0.000E+00   RC7H2       =   0.000E+00
 C7H2        =   1.708E+13   C7H2+       =   6.056E+09   C7H3+       =   2.123E+09
 RCH3C6H     =   0.000E+00   CH3C6H      =   9.193E+10   C7H4+       =   1.445E+09
 GCH3C6H     =   0.000E+00   GCH3C5N     =   0.000E+00   CH3C5N      =   1.182E+09
 RCH3C5N     =   0.000E+00   C7H5+       =   1.990E+09   CH3C5NH+    =   1.625E+07
 RC8         =   0.000E+00   C8-         =   1.235E+13   C8+         =   7.735E+09
 GC8         =   0.000E+00   C8          =   6.008E+12   C8H-        =   5.393E+12
 C8H         =   7.919E+12   C8H+        =   5.258E+08   RC8H        =   0.000E+00
 GC8H        =   0.000E+00   GC8H2       =   0.000E+00   C7N+        =   3.499E+07
 C7N         =   1.839E+12   C8H2        =   1.105E+13   RC8H2       =   0.000E+00
 C8H2+       =   1.020E+10   RC7N        =   0.000E+00   GC7N        =   0.000E+00
 HC7N        =   1.746E+13   GHC7N       =   0.000E+00   HC7N+       =   4.173E+09
 C8H3+       =   2.835E+09   RHC7N       =   0.000E+00   H2C7N+      =   4.535E+09
 C8H4+       =   1.267E+09   H3C7N+      =   2.668E+07   C8H5+       =   6.137E+06
 C9+         =   3.918E+09   C9-         =   1.342E+13   GC9         =   0.000E+00
 RC9         =   0.000E+00   C9          =   2.215E+12   C9H         =   1.586E+12
 C9H+        =   4.112E+09   GC9H        =   0.000E+00   C9H-        =   3.617E+12
 RC9H        =   0.000E+00   C9H2        =   5.783E+12   C9H2+       =   1.604E+09
 RC9H2       =   0.000E+00   GC9H2       =   0.000E+00   C9H3+       =   2.873E+08
 C9H4+       =   8.973E+07   CH3C7N      =   5.189E+08   C9H5+       =   1.014E+05
 GCH3C7N     =   0.000E+00   RCH3C7N     =   0.000E+00   CH3C7NH+    =   6.571E+06
 GC10        =   0.000E+00   C10+        =   5.236E+09   C10         =   2.278E+12
 RC10        =   0.000E+00   C10-        =   4.691E+12   C10H+       =   2.555E+09
 GC10H       =   0.000E+00   C10H        =   1.005E+12   RC10H       =   0.000E+00
 C10H-       =   7.014E+11   GC9N        =   0.000E+00   C10H2+      =   1.180E+09
 RC9N        =   0.000E+00   GC10H2      =   0.000E+00   C9N+        =   1.079E+07
 C10H2       =   1.382E+12   C9N         =   4.300E+11   RC10H2      =   0.000E+00
 C10H3+      =   8.995E+06   GHC9N       =   0.000E+00   HC9N        =   1.240E+12
 HC9N+       =   3.715E+08   RHC9N       =   0.000E+00   H2C9N+      =   2.026E+08
 H3C9N+      =   1.605E+06   RC11        =   0.000E+00   C11+        =   1.730E+09
 GC11        =   0.000E+00   C11         =   8.665E+10   e-          =   3.696E+16
 H2          =   3.673E+22
