


                   **  CALCULATED COLUMN DENSITIES  **


 H           =   2.189E+16   RH          =   0.000E+00   GH          =   0.000E+00
 H+          =   1.117E+11   H-          =   1.002E+07   GH2         =   0.000E+00
 H2+         =   5.569E+08   RH2         =   0.000E+00   H3+         =   4.374E+10
 He          =   4.683E+20   GHe         =   0.000E+00   He+         =   7.130E+10
 RHe         =   0.000E+00   HeH+        =   8.085E+06   C-          =   6.711E+06
 GC          =   0.000E+00   C+          =   1.946E+15   C           =   1.259E+15
 RC          =   0.000E+00   RCH         =   0.000E+00   CH          =   5.852E+13
 GCH         =   0.000E+00   CH+         =   4.955E+10   CH-         =   1.522E+04
 RCH2        =   0.000E+00   GN          =   0.000E+00   CH2+        =   4.423E+10
 N+          =   3.560E+06   CH2         =   9.783E+13   GCH2        =   0.000E+00
 N           =   1.233E+15   RN          =   0.000E+00   RCH3        =   0.000E+00
 NH+         =   1.083E+06   CH3         =   2.622E+13   CH3+        =   3.372E+12
 GCH3        =   0.000E+00   RNH         =   0.000E+00   NH          =   8.210E+11
 GNH         =   0.000E+00   GO          =   0.000E+00   O-          =   1.277E+06
 RO          =   0.000E+00   CH4         =   9.498E+15   CH4+        =   7.948E+08
 NH2         =   1.084E+12   RCH4        =   0.000E+00   RNH2        =   0.000E+00
 O+          =   3.570E+06   NH2+        =   5.856E+07   O           =   2.170E+15
 GCH4        =   0.000E+00   GNH2        =   0.000E+00   CH5+        =   2.292E+10
 OH          =   4.181E+13   RNH3        =   0.000E+00   OH+         =   3.373E+07
 ROH         =   0.000E+00   GOH         =   0.000E+00   OH-         =   1.386E+06
 NH3+        =   1.866E+10   NH3         =   1.633E+14   GNH3        =   0.000E+00
 RH2O        =   0.000E+00   H2O         =   7.020E+15   H2O+        =   3.614E+08
 GH2O        =   0.000E+00   NH4+        =   6.426E+10   F+          =   4.774E+03
 F           =   4.986E+10   GF          =   0.000E+00   H3O+        =   3.218E+11
 RF          =   0.000E+00   GHF         =   0.000E+00   RHF         =   0.000E+00
 HF          =   4.676E+13   HF+         =   1.328E+03   H2F+        =   2.313E+07
 Na+         =   1.316E+11   GNa         =   0.000E+00   Na          =   2.742E+13
 RNa         =   0.000E+00   C2          =   2.593E+14   Mg          =   2.744E+13
 RC2         =   0.000E+00   RMg         =   0.000E+00   C2-         =   2.611E+06
 GMg         =   0.000E+00   C2+         =   1.103E+11   Mg+         =   1.135E+11
 GC2         =   0.000E+00   RC2H        =   0.000E+00   GC2H        =   0.000E+00
 C2H-        =   6.616E+07   C2H         =   3.637E+14   C2H+        =   1.041E+11
 CN          =   6.017E+14   GC2H2       =   0.000E+00   GCN         =   0.000E+00
 CN-         =   1.891E+08   C2H2        =   1.163E+17   C2H2+       =   7.209E+12
 CN+         =   5.043E+06   RC2H2       =   0.000E+00   RCN         =   0.000E+00
 GHNC        =   0.000E+00   HCN+        =   9.694E+06   RHNC        =   0.000E+00
 HCN         =   1.116E+17   HNC         =   2.117E+13   GHCN        =   0.000E+00
 GC2H3       =   0.000E+00   RC2H3       =   0.000E+00   C2H3        =   2.760E+15
 C2H3+       =   4.020E+13   RHCN        =   0.000E+00   H2CN        =   6.886E+10
 RN2         =   0.000E+00   Si+         =   3.583E+14   CO          =   2.202E+18
 GSi         =   0.000E+00   RC2H4       =   0.000E+00   GCO         =   0.000E+00
 N2+         =   1.697E+05   GC2H4       =   0.000E+00   RCO         =   0.000E+00
 C2H4        =   7.145E+14   C2H4+       =   2.491E+11   GN2         =   0.000E+00
 RSi         =   0.000E+00   RH2CN       =   0.000E+00   N2          =   1.098E+17
 H2NC+       =   1.778E+09   CO+         =   2.716E+08   HCNH+       =   2.573E+13
 Si          =   1.584E+14   GH2CN       =   0.000E+00   CH2NH       =   1.030E+08
 SiH+        =   2.234E+09   RHCO        =   0.000E+00   GCH2NH      =   0.000E+00
 SiH         =   9.697E+10   N2H+        =   8.968E+08   C2H5        =   2.887E+11
 C2H5+       =   9.634E+10   GHCO        =   0.000E+00   RCH2NH      =   0.000E+00
 HOC+        =   1.053E+09   GSiH        =   0.000E+00   GC2H5       =   0.000E+00
 RC2H5       =   0.000E+00   HCO         =   1.032E+11   RSiH        =   0.000E+00
 HCO+        =   1.967E+11   GCH3NH      =   0.000E+00   RCH2NH2     =   0.000E+00
 CH2NH2+     =   1.493E+04   RSiH2       =   0.000E+00   SiH2+       =   2.926E+08
 SiH2        =   3.716E+05   C2H6        =   2.285E+13   C2H6+       =   3.645E+09
 CH3NH       =   0.000E+00   RCH3NH      =   0.000E+00   GCH2NH2     =   0.000E+00
 GSiH2       =   0.000E+00   NO+         =   1.128E+09   GC2H6       =   0.000E+00
 CH3NH+      =   7.443E+07   CH2NH2      =   0.000E+00   NO          =   1.225E+11
 GNO         =   0.000E+00   RH2CO       =   0.000E+00   H2CO+       =   1.342E+09
 RNO         =   0.000E+00   GH2CO       =   0.000E+00   RC2H6       =   0.000E+00
 H2CO        =   7.079E+11   SiH3+       =   2.034E+05   P+          =   2.107E+11
 GHNO        =   0.000E+00   RCH3NH2     =   0.000E+00   CH3O        =   2.563E+02
 RSiH3       =   0.000E+00   SiH3        =   2.417E+00   GCH2OH      =   0.000E+00
 HNO         =   2.475E+09   GSiH3       =   0.000E+00   RCH2OH      =   0.000E+00
 CF+         =   1.072E+10   H3CO+       =   7.486E+07   C2H7+       =   1.377E+06
 P           =   7.237E+10   CH3NH2+     =   1.908E+05   RHNO        =   0.000E+00
 GCH3NH2     =   0.000E+00   HNO+        =   6.584E+05   RP          =   0.000E+00
 RCH3O       =   0.000E+00   CH3NH2      =   1.751E+07   GCH3O       =   0.000E+00
 GP          =   0.000E+00   CH2OH       =   4.119E+06   S-          =   2.138E+06
 GPH         =   0.000E+00   GS          =   0.000E+00   RO2         =   0.000E+00
 GCH3OH      =   0.000E+00   O2          =   4.362E+10   PH+         =   3.270E+05
 GO2         =   0.000E+00   RCH3OH      =   0.000E+00   CH3NH3+     =   6.464E+07
 RS          =   0.000E+00   RPH         =   0.000E+00   CH3OH+      =   3.792E+03
 S           =   1.234E+14   CH3OH       =   1.877E+06   SiH4+       =   1.500E-09
 SiH4        =   1.478E+00   GHNOH       =   0.000E+00   GSiH4       =   0.000E+00
 H2NO+       =   5.141E+03   O2-         =   1.073E-05   RHNOH       =   0.000E+00
 RSiH4       =   0.000E+00   HNOH        =   0.000E+00   HNOH+       =   0.000E+00
 PH          =   4.940E+07   O2+         =   1.355E+08   S+          =   1.293E+14
 GPH2        =   0.000E+00   HS+         =   4.470E+08   NH2OH       =   0.000E+00
 RPH2        =   0.000E+00   CH3OH2+     =   6.321E+06   RHS         =   0.000E+00
 PH2         =   2.059E+01   SiH5+       =   1.205E+00   GNH2OH      =   0.000E+00
 NH2OH+      =   0.000E+00   PH2+        =   7.587E+04   RO2H        =   0.000E+00
 RNH2OH      =   0.000E+00   O2H         =   4.009E+03   GO2H        =   0.000E+00
 GHS         =   0.000E+00   HS          =   4.588E+12   O2H+        =   4.200E+01
 GH2S        =   0.000E+00   H2S+        =   1.918E+09   H2O2        =   3.428E-02
 RH2S        =   0.000E+00   H2S         =   1.220E+13   GH2O2       =   0.000E+00
 NH3OH+      =   0.000E+00   PH3+        =   3.597E+00   RH2O2       =   0.000E+00
 Cl          =   8.492E+12   GCl         =   0.000E+00   H3S+        =   1.296E+10
 RCl         =   0.000E+00   Cl+         =   1.430E+09   C3-         =   1.106E+08
 GHCl        =   0.000E+00   C3+         =   8.971E+09   HCl+        =   9.018E+08
 RHCl        =   0.000E+00   HCl         =   8.868E+14   C3          =   1.125E+13
 GC3         =   0.000E+00   RC3         =   0.000E+00   GC3H        =   0.000E+00
 C3H-        =   1.669E+09   C3H+        =   1.768E+11   C3H         =   1.380E+13
 RC3H        =   0.000E+00   H2Cl+       =   4.663E+10   C2N+        =   7.364E+09
 RC2N        =   0.000E+00   C2N         =   5.593E+11   H2CCC       =   3.991E+11
 C3H2+       =   1.128E+11   C3H2        =   4.447E+12   CNC+        =   3.364E+11
 GC2N        =   0.000E+00   GH2CCC      =   0.000E+00   RC3H2       =   0.000E+00
 RH2CCC      =   0.000E+00   GC3H2       =   0.000E+00   GCH2CCH     =   0.000E+00
 C3H3+       =   2.089E+11   RCH2CCH     =   0.000E+00   CH2CCH      =   7.481E+12
 RHCCN       =   0.000E+00   HCCN        =   0.000E+00   C2NH+       =   4.608E+10
 CH2CCH+     =   2.378E+11   GHCCN       =   0.000E+00   GCH3CCH     =   0.000E+00
 CH2CCH2     =   2.566E+11   RSiC        =   0.000E+00   GCH2CN      =   0.000E+00
 CH3CCH      =   5.366E+11   CH2CN+      =   1.786E+10   RCH3CCH     =   0.000E+00
 GSiC        =   0.000E+00   RCH2CN      =   0.000E+00   C2O         =   3.365E+10
 GC2O        =   0.000E+00   SiC+        =   3.422E+09   GCH2CCH2    =   0.000E+00
 SiC         =   6.440E+12   C2O+        =   2.738E+07   RCH2CCH2    =   0.000E+00
 CH2CN       =   1.954E+11   C3H4+       =   7.134E+09   RC2O        =   0.000E+00
 GCH3CN      =   0.000E+00   CH3CN+      =   1.890E+07   HC2O+       =   6.555E+09
 HC2O        =   3.295E+04   RCH3CN      =   0.000E+00   CH3CN       =   1.439E+12
 GHC2O       =   0.000E+00   GHCSi       =   0.000E+00   HCSi        =   1.434E+12
 C3H5+       =   2.619E+11   RHC2O       =   0.000E+00   RHCSi       =   0.000E+00
 HCSi+       =   3.519E+09   CH2CO+      =   2.655E+09   GCH3CHCH2   =   0.000E+00
 RSiCH2      =   0.000E+00   SiCH2+      =   2.781E+11   GCH2CO      =   0.000E+00
 RCH2CO      =   0.000E+00   RCH3CHCH2   =   0.000E+00   NH2CN       =   9.696E+08
 GSiCH2      =   0.000E+00   RCNO        =   0.000E+00   OCN+        =   9.306E+01
 GNH2CN      =   0.000E+00   CH3CHCH2    =   5.447E+10   CNO         =   2.474E-01
 GSiN        =   0.000E+00   OCN         =   2.313E+11   ROCN        =   0.000E+00
 SiCH2       =   2.883E+10   C3H6+       =   1.485E+08   SiN         =   2.206E+10
 GOCN        =   0.000E+00   CH3CNH+     =   3.019E+11   CH2CO       =   1.739E+11
 GCNO        =   0.000E+00   SiN+        =   1.806E+09   RNH2CN      =   0.000E+00
 RSiN        =   0.000E+00   CP+         =   1.071E+06   HOCN+       =   1.949E+03
 HCNO        =   2.029E+07   RSiCH3      =   0.000E+00   SiCH3+      =   1.195E+07
 GCH3CO      =   0.000E+00   NH2CNH+     =   2.713E+03   HCNO+       =   2.526E-02
 GHOCN       =   0.000E+00   HOCN        =   4.206E+06   GHCNO       =   0.000E+00
 RCH3CO      =   0.000E+00   RHOCN       =   0.000E+00   RHCNO       =   0.000E+00
 HNSi        =   9.533E+09   HNSi+       =   2.661E+02   GSiCH3      =   0.000E+00
 CH3CO+      =   9.288E+07   GHONC       =   0.000E+00   CH3CO       =   1.275E+05
 HONC+       =   6.049E-07   RHNSi       =   0.000E+00   HONC        =   1.080E+02
 GCP         =   0.000E+00   GHNCO       =   0.000E+00   GHNSi       =   0.000E+00
 C3H7+       =   2.705E+10   HNCO+       =   1.949E+03   CP          =   3.462E+11
 RCP         =   0.000E+00   RHNCO       =   0.000E+00   RHONC       =   0.000E+00
 HNCO        =   6.245E+06   SiCH3       =   4.781E+07   N2O+        =   1.540E+03
 RSiO        =   0.000E+00   CH3CHO      =   4.809E+08   GN2O        =   0.000E+00
 GCS         =   0.000E+00   GCO2        =   0.000E+00   RCH3CHO     =   0.000E+00
 GHNCHO      =   0.000E+00   CS          =   2.900E+16   N2O         =   1.926E+05
 CO2+        =   1.462E+00   GCH3CHO     =   0.000E+00   RCO2        =   0.000E+00
 SiO+        =   5.245E+09   H2OCN+      =   5.293E+05   H2CNO+      =   3.366E+01
 SiNH2+      =   2.993E+09   NH2CO       =   0.000E+00   HCNOH+      =   3.366E+01
 RHNCHO      =   0.000E+00   HCP         =   6.824E+13   HCP+        =   1.634E+06
 GSiO        =   0.000E+00   RCS         =   0.000E+00   RN2O        =   0.000E+00
 SiO         =   1.359E+16   CO2         =   8.957E+10   GNH2CO      =   0.000E+00
 HNCHO       =   0.000E+00   HNCOH+      =   1.059E+06   GHCP        =   0.000E+00
 CH3CHO+     =   3.292E+06   RNH2CO      =   0.000E+00   H2NCO+      =   5.300E+05
 RHCP        =   0.000E+00   CS+         =   6.401E+09   SiCH4+      =   1.205E+07
 GHCS        =   0.000E+00   COOH        =   0.000E+00   PN+         =   1.825E-01
 CH3OCH2     =   4.640E-06   NH2CHO+     =   0.000E+00   RHCS        =   0.000E+00
 PN          =   1.022E+06   RPN         =   0.000E+00   RCOOH       =   0.000E+00
 CH3CHOH+    =   2.366E+07   RNH2CHO     =   0.000E+00   HCS+        =   5.263E+11
 HN2O+       =   7.368E-02   GNH2CHO     =   0.000E+00   SiOH+       =   5.347E+12
 PCH2+       =   3.641E+08   NH2CHO      =   8.120E+05   GPN         =   0.000E+00
 HCO2+       =   1.184E+07   GCOOH       =   0.000E+00   HCS         =   7.171E+10
 C2H5OH      =   1.609E+02   H2SiO+      =   8.764E+01   HCOOH       =   2.628E+05
 CH2PH       =   1.213E+02   GHCOOH      =   0.000E+00   HPN+        =   7.709E-01
 GH2SiO      =   0.000E+00   RHCOOH      =   0.000E+00   RH2SiO      =   0.000E+00
 NS+         =   2.405E+08   H2CS        =   6.786E+10   RH2CS       =   0.000E+00
 GNS         =   0.000E+00   NS          =   1.451E+10   RCH2PH      =   0.000E+00
 GCH3OCH3    =   0.000E+00   GC2H5OH     =   0.000E+00   C2H5OH+     =   1.931E+00
 H2CS+       =   9.997E+07   GNO2        =   0.000E+00   RCH3OCH3    =   0.000E+00
 RC2H5OH     =   0.000E+00   NO2         =   5.497E+04   PCH3+       =   2.365E+02
 RNO2        =   0.000E+00   H2SiO       =   7.727E-03   GH2CS       =   0.000E+00
 CH3OCH3     =   1.504E-01   RNS         =   0.000E+00   CH3OCH3+    =   3.214E-03
 NO2+        =   4.263E+01   NH2CH2O+    =   4.133E+01   HCOOH+      =   2.333E+03
 GCH2PH      =   0.000E+00   HCOOH2+     =   3.832E+05   H3CS+       =   6.243E+09
 RPO         =   0.000E+00   GPO         =   0.000E+00   PNH2+       =   3.492E+04
 HNS+        =   4.406E+04   PCH4+       =   4.150E+01   C2H5OH2+    =   2.207E+02
 PO+         =   1.761E+07   CCl+        =   1.186E+09   CH3OCH4+    =   7.252E-02
 PO          =   5.890E+07   H3SiO+      =   2.331E-04   RCCl        =   0.000E+00
 SiF+        =   1.740E+10   CCl         =   1.330E+08   GCCl        =   0.000E+00
 GO3         =   0.000E+00   GHPO        =   0.000E+00   SO          =   1.313E+10
 RO3         =   0.000E+00   PNH3+       =   4.193E+00   RHPO        =   0.000E+00
 C4          =   1.443E+12   SO+         =   1.248E+10   O3          =   0.000E+00
 HPO+        =   8.958E+06   GC4         =   0.000E+00   C4+         =   2.286E+08
 HPO         =   5.158E+02   GSO         =   0.000E+00   RSO         =   0.000E+00
 C4-         =   8.889E+10   RC4         =   0.000E+00   GC4H        =   0.000E+00
 H2CCl+      =   1.427E+07   RC4H        =   0.000E+00   HSO+        =   2.213E+05
 H2PO+       =   9.804E+01   C4H         =   1.238E+13   C4H+        =   6.752E+08
 C4H-        =   6.436E+11   GC3N        =   0.000E+00   RC3N        =   0.000E+00
 C3N         =   5.734E+11   C4H2        =   1.158E+13   RC4H2       =   0.000E+00
 C4H2+       =   1.280E+11   C3N+        =   1.957E+06   C3N-        =   1.547E+09
 GC4H2       =   0.000E+00   ClO         =   1.030E-07   GHC3N       =   0.000E+00
 HNC3        =   1.267E+10   RClO        =   0.000E+00   C4H3        =   1.466E+10
 C4H3+       =   5.048E+12   RC4H3       =   0.000E+00   RHNC3       =   0.000E+00
 ClO+        =   1.030E-11   GC4H3       =   0.000E+00   HC3N+       =   3.462E+09
 GHNC3       =   0.000E+00   RHC3N       =   0.000E+00   HC3N        =   1.007E+13
 GClO        =   0.000E+00   C2N2+       =   1.936E+06   RCH2CHCCH   =   0.000E+00
 C3O+        =   3.961E+01   C3O         =   1.411E+08   C4H4+       =   2.623E+07
 GCH2CHCCH   =   0.000E+00   SiC2+       =   7.228E+09   RC3O        =   0.000E+00
 GNCCN       =   0.000E+00   GSiC2       =   0.000E+00   HC3NH+      =   1.569E+10
 SiC2        =   5.126E+16   NCCN        =   2.689E+11   CH2CHCCH    =   5.870E+13
 GC3O        =   0.000E+00   RNCCN       =   0.000E+00   RSiC2       =   0.000E+00
 RSiC2H      =   0.000E+00   SiC2H       =   2.493E+13   C4H5+       =   2.925E+10
 HC3O+       =   6.913E+06   CH2CHCN+    =   3.822E+08   CH2CHCN     =   5.480E+10
 GSiC2H      =   0.000E+00   RCH2CHCN    =   0.000E+00   NCCNH+      =   9.155E+07
 GCH2CHCN    =   0.000E+00   SiC2H+      =   2.590E+12   C4H6        =   1.716E+12
 GSiC2H2     =   0.000E+00   SiC2H2+     =   9.292E+10   C2H4CN      =   0.000E+00
 C3H2O+      =   3.246E+06   RSiNC       =   0.000E+00   GSiNC       =   0.000E+00
 RSiC2H2     =   0.000E+00   CH2CHCNH+   =   5.562E+07   RC4H6       =   0.000E+00
 RC2H4CN     =   0.000E+00   SiNC+       =   7.424E+10   SiNC        =   4.969E+07
 SiC2H2      =   2.534E+11   GC4H6       =   0.000E+00   GC2H4CN     =   0.000E+00
 SiC2H3+     =   8.433E+09   GC2H5CN     =   0.000E+00   RCCP        =   0.000E+00
 C2H5CN      =   5.626E+06   C4H7+       =   5.234E+08   GCCP        =   0.000E+00
 H3C3O+      =   6.591E+07   RC2H5CN     =   0.000E+00   CCP         =   1.577E+09
 CCP+        =   7.971E+07   SiNCH+      =   1.690E+07   RHC2P       =   0.000E+00
 Fe          =   2.731E+13   RFe         =   0.000E+00   GFe         =   0.000E+00
 GHC2P       =   0.000E+00   HC2P+       =   4.288E+08   C2S+        =   8.860E+08
 RC2S        =   0.000E+00   C2S         =   4.806E+12   C2H5CNH+    =   8.305E+05
 HC2P        =   2.633E+06   Fe+         =   2.418E+11   GC2S        =   0.000E+00
 HC2S+       =   7.147E+11   PC2H2+      =   9.346E+05   RCH3COCH3   =   0.000E+00
 CH3COCH3+   =   9.871E+00   GCH3COCH3   =   0.000E+00   OHCCHO      =   0.000E+00
 GOHCCHO     =   0.000E+00   PC2H3+      =   2.521E+01   OHCCHO+     =   0.000E+00
 ROHCCHO     =   0.000E+00   CH3COCH3    =   9.016E+02   HOCHCHO     =   0.000E+00
 GHOCH2CO    =   0.000E+00   PC2H4+      =   3.364E+00   C2O2H3+     =   0.000E+00
 OHCCH2O+    =   0.000E+00   CH3CS+      =   4.956E+08   CH3COCH4+   =   2.707E+02
 OCH2CHO     =   0.000E+00   COOCH3+     =   1.700E-10   RHOCH2CO    =   0.000E+00
 GCOOCH3     =   0.000E+00   GOCH2CHO    =   0.000E+00   GCH2COOH    =   0.000E+00
 GHOCHCHO    =   0.000E+00   COOCH3      =   2.310E-06   RCH2COOH    =   0.000E+00
 RHOCHCHO    =   0.000E+00   RCOOCH3     =   0.000E+00   ROCH2CHO    =   0.000E+00
 HOCH2CO     =   0.000E+00   HOCH2CO+    =   0.000E+00   CH2COOH     =   0.000E+00
 OCS+        =   4.394E+09   GSiS        =   0.000E+00   C5          =   2.203E+11
 ROCS        =   0.000E+00   OCS         =   2.181E+11   GOCS        =   0.000E+00
 SiS         =   1.641E+16   HOCH2CHO    =   0.000E+00   HCOOCH3     =   4.278E-01
 SiO2        =   2.231E+09   SiS+        =   5.336E+11   HCOOCH3+    =   1.560E-04
 RSiS        =   0.000E+00   CH3COOH+    =   0.000E+00   CH3COOH     =   0.000E+00
 GSiO2       =   0.000E+00   GHOCH2CHO   =   0.000E+00   C2O2H4+     =   0.000E+00
 RC5         =   0.000E+00   C5-         =   4.559E+10   GHCOOCH3    =   0.000E+00
 GCH3COOH    =   0.000E+00   RHOCH2CHO   =   0.000E+00   HOCH2CHO+   =   0.000E+00
 GC5         =   0.000E+00   RHCOOCH3    =   0.000E+00   RCH3COOH    =   0.000E+00
 C5+         =   1.244E+07   RSiO2       =   0.000E+00   RC5H        =   0.000E+00
 H5C2O2+     =   1.011E+00   GC5H        =   0.000E+00   HOCS+       =   7.741E+05
 HSiO2+      =   9.331E+03   C5H-        =   5.282E+10   CH3COOH2+   =   0.000E+00
 GHOCH2CH2O  =   0.000E+00   HOCH2CH2O+  =   0.000E+00   RHOCH2CH2O  =   0.000E+00
 HSiS+       =   1.751E+10   C5H         =   2.611E+11   C5H+        =   1.842E+09
 HOCH2CH2O   =   0.000E+00   CH2OHCH2OH  =   0.000E+00   GC4N        =   0.000E+00
 GCH2OHCH2OH =   0.000E+00   CH2OHCH2OH+ =   0.000E+00   RCH2OHCH2OH =   0.000E+00
 C4N+        =   1.813E+08   C4N         =   6.138E+09   RC4N        =   0.000E+00
 GC5H2       =   0.000E+00   C5H2        =   1.047E+12   RC5H2       =   0.000E+00
 C5H2+       =   1.333E+10   HC4N+       =   4.084E+04   C5H3+       =   5.477E+10
 CH2OHCH2OHH+=   0.000E+00   RS2         =   0.000E+00   SO2+        =   3.655E-02
 GCH3C4H     =   0.000E+00   SO2         =   2.381E+06   CH3C4H+     =   1.894E+09
 GS2         =   0.000E+00   H2C4N+      =   3.138E+05   S2          =   1.259E+09
 RCH3C4H     =   0.000E+00   SiC3+       =   2.492E+10   S2+         =   8.260E+07
 GSiC3       =   0.000E+00   SiC3        =   1.918E+11   GSO2        =   0.000E+00
 RSiC3       =   0.000E+00   RSO2        =   0.000E+00   CH3C4H      =   1.753E+11
 SiC3H       =   6.944E+10   RSiC3H      =   0.000E+00   GSiC3H      =   0.000E+00
 CH3C3N      =   1.631E+10   HSO2+       =   8.908E-01   C5H5+       =   1.170E+11
 HS2         =   5.203E+07   GCH3C3N     =   0.000E+00   RHS2        =   0.000E+00
 HS2+        =   5.805E+06   CH3C3N+     =   3.034E+05   RCH3C3N     =   0.000E+00
 GHS2        =   0.000E+00   SiC3H+      =   8.630E+09   SiC3H2+     =   1.078E+10
 H2S2+       =   2.038E+07   H2S2        =   2.839E+05   RH2S2       =   0.000E+00
 CH3C3NH+    =   2.270E+07   GH2S2       =   0.000E+00   NCCNCH3+    =   2.686E+04
 GC3P        =   0.000E+00   RC3P        =   0.000E+00   C3P         =   4.252E+05
 H3S2+       =   1.173E+05   C3S         =   4.413E+11   C3S+        =   5.983E+09
 GC3S        =   0.000E+00   PC3H+       =   7.000E+04   RC3S        =   0.000E+00
 HC3S+       =   2.221E+09   GC6         =   0.000E+00   C6+         =   9.897E+07
 RC6         =   0.000E+00   C6-         =   3.558E+10   C6          =   3.104E+10
 C6H         =   6.860E+11   C6H+        =   1.919E+08   C6H-        =   3.145E+11
 GC6H        =   0.000E+00   RC6H        =   0.000E+00   RC6H2       =   0.000E+00
 C5N+        =   2.267E+03   C6H2        =   2.389E+12   C6H2+       =   2.772E+09
 RC5N        =   0.000E+00   C5N         =   1.566E+10   NHCH2COOH   =   0.000E+00
 GC5N        =   0.000E+00   GC6H2       =   0.000E+00   C5N-        =   6.916E+09
 RNHCH2COOH  =   0.000E+00   GNHCH2COOH  =   0.000E+00   GHC5N       =   0.000E+00
 C6H3+       =   1.690E+09   RHC5N       =   0.000E+00   HC5N+       =   2.656E+04
 NH2CH2COOH+ =   0.000E+00   RNH2CH2COOH =   0.000E+00   NH2CH2COOH  =   0.000E+00
 HC5N        =   8.858E+10   GNH2CH2COOH =   0.000E+00   SiC4+       =   1.389E+10
 NH2CH2COOH2+=   0.000E+00   RSiC4       =   0.000E+00   SiC4        =   1.920E+10
 GSiC4       =   0.000E+00   C6H4+       =   1.860E+10   HC5NH+      =   6.956E+06
 SiC4H+      =   1.520E+10   C6H5+       =   7.205E+08   H3C5N+      =   3.786E+06
 RC6H6       =   0.000E+00   GC6H6       =   0.000E+00   C6H6        =   1.549E+12
 C6H6+       =   9.106E+07   GC4P        =   0.000E+00   C4P         =   1.228E+05
 RC4P        =   0.000E+00   C4P+        =   5.186E-03   C6H7+       =   5.985E+11
 GC4S        =   0.000E+00   PC4H+       =   5.782E+04   C4S+        =   1.762E+09
 C4S         =   1.459E+10   RC4S        =   0.000E+00   HC4S+       =   7.199E+09
 RC7         =   0.000E+00   C7          =   7.651E+09   GC7         =   0.000E+00
 C7-         =   3.029E+10   C7+         =   2.203E+07   C7H-        =   3.058E+10
 RC7H        =   0.000E+00   C7H         =   2.304E+10   GC7H        =   0.000E+00
 C7H+        =   1.242E+08   GC7H2       =   0.000E+00   RC7H2       =   0.000E+00
 C7H2        =   2.271E+10   C7H2+       =   8.671E+07   C7H3+       =   3.057E+08
 RCH3C6H     =   0.000E+00   CH3C6H      =   2.447E+09   C7H4+       =   1.564E+08
 GCH3C6H     =   0.000E+00   GCH3C5N     =   0.000E+00   CH3C5N      =   9.600E+05
 RCH3C5N     =   0.000E+00   C7H5+       =   2.128E+08   CH3C5NH+    =   3.639E+04
 RC8         =   0.000E+00   C8-         =   4.641E+09   C8+         =   1.647E+07
 GC8         =   0.000E+00   C8          =   3.276E+09   C8H-        =   3.013E+09
 C8H         =   7.206E+09   C8H+        =   9.371E+05   RC8H        =   0.000E+00
 GC8H        =   0.000E+00   GC8H2       =   0.000E+00   C7N+        =   8.391E+04
 C7N         =   7.910E+08   C8H2        =   9.094E+09   RC8H2       =   0.000E+00
 C8H2+       =   6.760E+07   RC7N        =   0.000E+00   GC7N        =   0.000E+00
 HC7N        =   1.314E+10   GHC7N       =   0.000E+00   HC7N+       =   1.367E+07
 C8H3+       =   2.607E+08   RHC7N       =   0.000E+00   H2C7N+      =   5.659E+06
 C8H4+       =   8.064E+07   H3C7N+      =   3.222E+04   C8H5+       =   2.197E+04
 C9+         =   1.757E+06   C9-         =   1.380E+09   GC9         =   0.000E+00
 RC9         =   0.000E+00   C9          =   3.362E+08   C9H         =   4.207E+08
 C9H+        =   2.396E+06   GC9H        =   0.000E+00   C9H-        =   5.747E+08
 RC9H        =   0.000E+00   C9H2        =   8.128E+08   C9H2+       =   4.518E+06
 RC9H2       =   0.000E+00   GC9H2       =   0.000E+00   C9H3+       =   2.128E+07
 C9H4+       =   1.136E+07   CH3C7N      =   1.442E+05   C9H5+       =   1.375E+02
 GCH3C7N     =   0.000E+00   RCH3C7N     =   0.000E+00   CH3C7NH+    =   5.454E+03
 GC10        =   0.000E+00   C10+        =   6.219E+05   C10         =   7.339E+07
 RC10        =   0.000E+00   C10-        =   1.044E+08   C10H+       =   5.458E+05
 GC10H       =   0.000E+00   C10H        =   3.372E+07   RC10H       =   0.000E+00
 C10H-       =   1.771E+07   GC9N        =   0.000E+00   C10H2+      =   6.737E+05
 RC9N        =   0.000E+00   GC10H2      =   0.000E+00   C9N+        =   1.258E+03
 C10H2       =   3.296E+07   C9N         =   8.217E+06   RC10H2      =   0.000E+00
 C10H3+      =   7.797E+04   GHC9N       =   0.000E+00   HC9N        =   9.280E+07
 HC9N+       =   1.172E+05   RHC9N       =   0.000E+00   H2C9N+      =   3.578E+04
 H3C9N+      =   9.840E+02   RC11        =   0.000E+00   C11+        =   5.263E+04
 GC11        =   0.000E+00   C11         =   2.245E+05   e-          =   2.542E+15
 H2          =   2.755E+21
