  **  PHYSICAL PARAMETERS  **


   RADIUS      n(H2)       TEMP.       A_V         RAD.FIELD   K(ICOR)     K(ICOIP)    K(ICOAP)    DELTA_AUV   T_DUST      NMONO       ALL_ICE     
   2.050E+013  2.682E+008  3.255E+003  2.940E+000  1.093E-007  0.000E+000  0.000E+000  0.000E+000 -1.227E+001  1.781E+003  0.000E+000  0.000E+000
   2.197E+013  2.336E+008  3.144E+003  2.744E+000  2.878E-007  3.717E-020  0.000E+000  0.000E+000 -1.136E+001  1.781E+003         NaN  0.000E+000
   2.354E+013  2.034E+008  3.037E+003  2.561E+000  7.133E-007  9.249E-020  0.000E+000  0.000E+000 -1.051E+001  1.781E+003         NaN  0.000E+000
   2.522E+013  1.772E+008  2.934E+003  2.390E+000  1.671E-006  2.419E-019  0.000E+000  0.000E+000 -9.711E+000  1.781E+003         NaN  0.000E+000
   2.702E+013  1.543E+008  2.835E+003  2.230E+000  3.711E-006  5.267E-019  0.000E+000  0.000E+000 -8.969E+000  1.781E+003         NaN  0.000E+000
   2.896E+013  1.344E+008  2.738E+003  2.081E+000  7.845E-006  1.244E-018  0.000E+000  0.000E+000 -8.277E+000  1.781E+003         NaN  0.000E+000
   3.103E+013  1.171E+008  2.646E+003  1.942E+000  1.584E-005  2.284E-018  0.000E+000  0.000E+000 -7.631E+000  1.781E+003         NaN  0.000E+000
   3.325E+013  1.020E+008  2.556E+003  1.813E+000  3.061E-005  4.681E-018  0.000E+000  0.000E+000 -7.028E+000  1.781E+003         NaN  0.000E+000
   3.562E+013  8.881E+007  2.469E+003  1.692E+000  5.683E-005  9.743E-018  0.000E+000  0.000E+000 -6.466E+000  1.781E+003         NaN  0.000E+000
   3.817E+013  7.735E+007  2.385E+003  1.579E+000  1.016E-004  1.640E-017  0.000E+000  0.000E+000 -5.941E+000  1.781E+003         NaN  0.000E+000
   4.090E+013  6.737E+007  2.304E+003  1.474E+000  1.751E-004  2.966E-017  0.000E+000  0.000E+000 -5.451E+000  1.781E+003         NaN  0.000E+000
   4.383E+013  5.867E+007  2.226E+003  1.375E+000  2.921E-004  5.286E-017  0.000E+000  0.000E+000 -4.993E+000  1.781E+003         NaN  0.000E+000
   4.696E+013  5.110E+007  2.150E+003  1.283E+000  4.721E-004  8.968E-017  0.000E+000  0.000E+000 -4.566E+000  1.781E+003         NaN  0.000E+000
   5.032E+013  4.451E+007  2.077E+003  1.198E+000  7.408E-004  1.605E-016  0.000E+000  0.000E+000 -4.168E+000  1.781E+003         NaN  0.000E+000
   5.392E+013  3.876E+007  2.007E+003  1.118E+000  1.131E-003  2.595E-016  0.000E+000  0.000E+000 -3.796E+000  1.781E+003         NaN  0.000E+000
   5.778E+013  3.376E+007  1.939E+003  1.043E+000  1.682E-003  3.844E-016  0.000E+000  0.000E+000 -3.449E+000  1.781E+003         NaN  0.000E+000
   6.191E+013  2.941E+007  1.873E+003  9.735E-001  2.443E-003  6.003E-016  0.000E+000  0.000E+000 -3.126E+000  1.781E+003         NaN  0.000E+000
   6.634E+013  2.561E+007  1.809E+003  9.086E-001  3.467E-003  9.629E-016  0.000E+000  0.000E+000 -2.823E+000  1.781E+003         NaN  0.000E+000
   7.108E+013  2.231E+007  1.748E+003  8.479E-001  4.819E-003  1.429E-015  0.000E+000  0.000E+000 -2.542E+000  1.781E+003         NaN  0.000E+000
   7.616E+013  1.943E+007  1.689E+003  7.913E-001  6.565E-003  1.947E-015  0.000E+000  0.000E+000 -2.278E+000  1.781E+003         NaN  0.000E+000
   8.161E+013  1.692E+007  1.631E+003  7.385E-001  8.782E-003  2.885E-015  0.000E+000  0.000E+000 -2.033E+000  1.781E+003         NaN  0.000E+000
   8.745E+013  1.474E+007  1.576E+003  6.892E-001  1.154E-002  4.277E-015  0.000E+000  0.000E+000 -1.804E+000  1.781E+003         NaN  0.000E+000
   9.370E+013  1.284E+007  1.522E+003  6.432E-001  1.493E-002  5.699E-015  0.000E+000  0.000E+000 -1.590E+000  1.781E+003         NaN  0.000E+000
   1.004E+014  1.118E+007  1.471E+003  6.003E-001  1.903E-002  7.820E-015  0.000E+000  0.000E+000 -1.390E+000  1.781E+003         NaN  0.000E+000
   1.076E+014  9.737E+006  1.421E+003  5.602E-001  2.390E-002  1.004E-014  0.000E+000  0.000E+000 -1.204E+000  1.781E+003         NaN  0.000E+000
   1.153E+014  8.481E+006  1.372E+003  5.228E-001  2.963E-002  1.339E-014  0.000E+000  0.000E+000 -1.030E+000  1.781E+003         NaN  0.000E+000
   1.235E+014  7.387E+006  1.326E+003  4.879E-001  3.628E-002  1.750E-014  0.000E+000  0.000E+000 -8.676E-001  1.781E+003         NaN  0.000E+000
   1.324E+014  6.433E+006  1.281E+003  4.554E-001  4.390E-002  2.378E-014  0.000E+000  0.000E+000 -7.161E-001  1.781E+003         NaN  0.000E+000
   1.418E+014  5.603E+006  1.237E+003  4.250E-001  5.254E-002  2.927E-014  0.000E+000  0.000E+000 -5.748E-001  1.781E+003         NaN  0.000E+000
   1.520E+014  4.880E+006  1.195E+003  3.966E-001  6.224E-002  3.788E-014  0.000E+000  0.000E+000 -4.429E-001  1.781E+003         NaN  0.000E+000
   1.628E+014  4.250E+006  1.155E+003  3.701E-001  7.301E-002  4.767E-014  0.000E+000  0.000E+000 -3.198E-001  1.781E+003         NaN  0.000E+000
   1.745E+014  3.702E+006  1.116E+003  3.454E-001  8.486E-002  5.859E-014  0.000E+000  0.000E+000 -2.049E-001  1.781E+003         NaN  0.000E+000
   1.870E+014  3.224E+006  1.078E+003  3.224E-001  9.778E-002  7.315E-014  0.000E+000  0.000E+000 -9.772E-002  1.781E+003         NaN  0.000E+000
   2.003E+014  2.808E+006  1.041E+003  3.009E-001  1.118E-001  9.155E-014  0.000E+000  0.000E+000  2.334E-003  1.781E+003         NaN  0.000E+000
   2.147E+014  2.446E+006  1.006E+003  2.808E-001  1.268E-001  1.077E-013  0.000E+000  0.000E+000  9.571E-002  1.781E+003         NaN  0.000E+000
   2.300E+014  2.130E+006  9.716E+002  2.620E-001  1.427E-001  1.310E-013  0.000E+000  0.000E+000  1.829E-001  1.781E+003         NaN  0.000E+000
   2.465E+014  1.855E+006  9.387E+002  2.445E-001  1.596E-001  1.561E-013  0.000E+000  0.000E+000  2.642E-001  1.781E+003         NaN  0.000E+000
   2.641E+014  1.616E+006  9.068E+002  2.282E-001  1.774E-001  1.868E-013  0.000E+000  0.000E+000  3.401E-001  1.781E+003         NaN  0.000E+000
   2.830E+014  1.407E+006  8.760E+002  2.130E-001  1.959E-001  2.196E-013  0.000E+000  0.000E+000  4.109E-001  1.781E+003         NaN  0.000E+000
   3.032E+014  1.226E+006  8.463E+002  1.988E-001  2.152E-001  2.575E-013  0.000E+000  0.000E+000  4.770E-001  1.781E+003         NaN  0.000E+000
   3.249E+014  1.068E+006  8.175E+002  1.855E-001  2.351E-001  3.042E-013  0.000E+000  0.000E+000  5.387E-001  1.781E+003         NaN  0.000E+000
   3.481E+014  9.299E+005  7.898E+002  1.731E-001  2.555E-001  3.518E-013  0.000E+000  0.000E+000  5.963E-001  1.781E+003         NaN  0.000E+000
   3.730E+014  8.099E+005  7.630E+002  1.616E-001  2.764E-001  4.067E-013  0.000E+000  0.000E+000  6.500E-001  1.781E+003         NaN  0.000E+000
   3.997E+014  7.054E+005  7.371E+002  1.508E-001  2.977E-001  4.719E-013  0.000E+000  0.000E+000  7.002E-001  1.781E+003         NaN  0.000E+000
   4.283E+014  6.144E+005  7.120E+002  1.407E-001  3.193E-001  5.465E-013  0.000E+000  0.000E+000  7.470E-001  1.781E+003         NaN  0.000E+000
   4.589E+014  5.351E+005  6.879E+002  1.313E-001  3.411E-001  6.279E-013  0.000E+000  0.000E+000  7.906E-001  1.781E+003         NaN  0.000E+000
   4.918E+014  4.661E+005  6.645E+002  1.226E-001  3.631E-001  7.034E-013  0.000E+000  0.000E+000  8.314E-001  1.781E+003         NaN  0.000E+000
   5.269E+014  4.059E+005  6.420E+002  1.144E-001  3.851E-001  8.073E-013  0.000E+000  0.000E+000  8.694E-001  1.781E+003         NaN  0.000E+000
   5.646E+014  3.535E+005  6.202E+002  1.067E-001  4.071E-001  9.430E-013  0.000E+000  0.000E+000  9.049E-001  1.781E+003         NaN  0.000E+000
   6.050E+014  3.079E+005  5.991E+002  9.962E-002  4.291E-001  1.027E-012  0.000E+000  0.000E+000  9.381E-001  1.781E+003         NaN  0.000E+000
   6.483E+014  2.682E+005  5.788E+002  9.297E-002  4.509E-001  1.156E-012  0.000E+000  0.000E+000  9.690E-001  1.781E+003         NaN  0.000E+000
   6.946E+014  2.336E+005  5.591E+002  8.677E-002  4.725E-001  1.292E-012  0.000E+000  0.000E+000  9.978E-001  1.781E+003         NaN  0.000E+000
   7.443E+014  2.034E+005  5.401E+002  8.098E-002  4.938E-001  1.459E-012  0.000E+000  0.000E+000  1.025E+000  1.781E+003         NaN  0.000E+000
   7.975E+014  1.772E+005  5.218E+002  7.557E-002  5.148E-001  1.611E-012  0.000E+000  0.000E+000  1.050E+000  1.781E+003         NaN  0.000E+000
   8.546E+014  1.543E+005  5.041E+002  7.053E-002  5.354E-001  1.799E-012  0.000E+000  0.000E+000  1.073E+000  1.781E+003         NaN  0.000E+000
   9.157E+014  1.344E+005  4.870E+002  6.582E-002  5.557E-001  2.003E-012  0.000E+000  0.000E+000  1.095E+000  1.781E+003         NaN  0.000E+000
   9.812E+014  1.171E+005  4.704E+002  6.143E-002  5.755E-001  2.224E-012  0.000E+000  0.000E+000  1.116E+000  1.781E+003         NaN  0.000E+000
   1.051E+015  1.020E+005  4.545E+002  5.733E-002  5.948E-001  2.476E-012  0.000E+000  0.000E+000  1.135E+000  1.781E+003         NaN  0.000E+000
   1.127E+015  8.881E+004  4.390E+002  5.350E-002  6.136E-001  2.731E-012  0.000E+000  0.000E+000  1.153E+000  1.781E+003         NaN  0.000E+000
   1.207E+015  7.735E+004  4.241E+002  4.993E-002  6.318E-001  2.990E-012  0.000E+000  0.000E+000  1.169E+000  1.781E+003         NaN  0.000E+000
   1.293E+015  6.737E+004  4.097E+002  4.660E-002  6.495E-001  3.285E-012  0.000E+000  0.000E+000  1.185E+000  1.781E+003         NaN  0.000E+000
   1.386E+015  5.867E+004  3.958E+002  4.349E-002  6.666E-001  3.612E-012  0.000E+000  0.000E+000  1.199E+000  1.781E+003         NaN  0.000E+000
   1.485E+015  5.110E+004  3.824E+002  4.058E-002  6.831E-001  4.002E-012  0.000E+000  0.000E+000  1.213E+000  1.781E+003         NaN  0.000E+000
   1.591E+015  4.451E+004  3.694E+002  3.787E-002  6.990E-001  4.395E-012  0.000E+000  0.000E+000  1.225E+000  1.781E+003         NaN  0.000E+000
   1.705E+015  3.876E+004  3.569E+002  3.535E-002  7.143E-001  4.764E-012  0.000E+000  0.000E+000  1.237E+000  1.781E+003         NaN  0.000E+000
   1.827E+015  3.376E+004  3.448E+002  3.299E-002  7.291E-001  5.240E-012  0.000E+000  0.000E+000  1.248E+000  1.781E+003         NaN  0.000E+000
   1.958E+015  2.941E+004  3.330E+002  3.079E-002  7.432E-001  5.781E-012  0.000E+000  0.000E+000  1.258E+000  1.781E+003         NaN  0.000E+000
   2.098E+015  2.561E+004  3.217E+002  2.873E-002  7.567E-001  6.339E-012  0.000E+000  0.000E+000  1.268E+000  1.781E+003         NaN  0.000E+000
   2.248E+015  2.231E+004  3.108E+002  2.681E-002  7.697E-001  6.849E-012  0.000E+000  0.000E+000  1.277E+000  1.781E+003         NaN  0.000E+000
   2.409E+015  1.943E+004  3.003E+002  2.502E-002  7.821E-001  7.362E-012  0.000E+000  0.000E+000  1.285E+000  1.781E+003         NaN  0.000E+000
   2.581E+015  1.692E+004  2.901E+002  2.335E-002  7.939E-001  8.050E-012  0.000E+000  0.000E+000  1.293E+000  1.781E+003         NaN  0.000E+000
   2.765E+015  1.474E+004  2.802E+002  2.179E-002  8.052E-001  8.710E-012  0.000E+000  0.000E+000  1.300E+000  1.781E+003         NaN  0.000E+000
   2.963E+015  1.284E+004  2.707E+002  2.034E-002  8.160E-001  9.487E-012  0.000E+000  0.000E+000  1.307E+000  1.781E+003         NaN  0.000E+000
   3.175E+015  1.118E+004  2.615E+002  1.898E-002  8.262E-001  1.034E-011  0.000E+000  0.000E+000  1.313E+000  1.781E+003         NaN  0.000E+000
   3.402E+015  9.737E+003  2.526E+002  1.772E-002  8.360E-001  1.120E-011  0.000E+000  0.000E+000  1.319E+000  1.781E+003         NaN  0.000E+000
   3.645E+015  8.481E+003  2.441E+002  1.653E-002  8.452E-001  1.223E-011  0.000E+000  0.000E+000  1.324E+000  1.781E+003         NaN  0.000E+000
   3.906E+015  7.387E+003  2.358E+002  1.543E-002  8.540E-001  1.322E-011  0.000E+000  0.000E+000  1.330E+000  1.781E+003         NaN  0.000E+000
   4.186E+015  6.433E+003  2.278E+002  1.440E-002  8.624E-001  1.428E-011  0.000E+000  0.000E+000  1.334E+000  1.781E+003         NaN  0.000E+000
   4.485E+015  5.603E+003  2.200E+002  1.344E-002  8.704E-001  1.548E-011  0.000E+000  0.000E+000  1.339E+000  1.781E+003         NaN  0.000E+000
   4.806E+015  4.880E+003  2.126E+002  1.254E-002  8.779E-001  1.671E-011  0.000E+000  0.000E+000  1.343E+000  1.781E+003         NaN  0.000E+000
   5.149E+015  4.250E+003  2.054E+002  1.170E-002  8.850E-001  1.821E-011  0.000E+000  0.000E+000  1.347E+000  1.781E+003         NaN  0.000E+000
   5.518E+015  3.702E+003  1.984E+002  1.092E-002  8.918E-001  1.966E-011  0.000E+000  0.000E+000  1.350E+000  1.781E+003         NaN  0.000E+000
   5.912E+015  3.224E+003  1.917E+002  1.019E-002  8.982E-001  2.126E-011  0.000E+000  0.000E+000  1.354E+000  1.781E+003         NaN  0.000E+000
   6.335E+015  2.808E+003  1.851E+002  9.514E-003  9.043E-001  2.340E-011  0.000E+000  0.000E+000  1.357E+000  1.781E+003         NaN  0.000E+000
   6.788E+015  2.446E+003  1.789E+002  8.879E-003  9.100E-001  2.497E-011  0.000E+000  0.000E+000  1.360E+000  1.781E+003         NaN  0.000E+000
   7.274E+015  2.130E+003  1.728E+002  8.286E-003  9.154E-001  2.737E-011  0.000E+000  0.000E+000  1.363E+000  1.781E+003         NaN  0.000E+000
   7.794E+015  1.855E+003  1.669E+002  7.733E-003  9.205E-001  2.940E-011  0.000E+000  0.000E+000  1.365E+000  1.781E+003         NaN  0.000E+000
   8.351E+015  1.616E+003  1.613E+002  7.217E-003  9.254E-001  3.187E-011  0.000E+000  0.000E+000  1.368E+000  1.781E+003         NaN  0.000E+000
   8.949E+015  1.407E+003  1.558E+002  6.735E-003  9.299E-001  3.467E-011  0.000E+000  0.000E+000  1.370E+000  1.781E+003         NaN  0.000E+000
   9.589E+015  1.226E+003  1.505E+002  6.286E-003  9.342E-001  3.774E-011  0.000E+000  0.000E+000  1.372E+000  1.781E+003         NaN  0.000E+000
   1.027E+016  1.068E+003  1.454E+002  5.866E-003  9.383E-001  4.081E-011  0.000E+000  0.000E+000  1.374E+000  1.781E+003         NaN  0.000E+000
   1.101E+016  9.299E+002  1.404E+002  5.475E-003  9.421E-001  4.439E-011  0.000E+000  0.000E+000  1.376E+000  1.781E+003         NaN  0.000E+000
   1.180E+016  8.099E+002  1.357E+002  5.109E-003  9.457E-001  4.842E-011  0.000E+000  0.000E+000  1.378E+000  1.781E+003         NaN  0.000E+000
   1.264E+016  7.054E+002  1.311E+002  4.768E-003  9.491E-001  5.285E-011  0.000E+000  0.000E+000  1.379E+000  1.781E+003         NaN  0.000E+000
   1.354E+016  6.144E+002  1.266E+002  4.450E-003  9.523E-001  5.754E-011  0.000E+000  0.000E+000  1.381E+000  1.781E+003         NaN  0.000E+000
   1.451E+016  5.351E+002  1.223E+002  4.153E-003  9.553E-001  6.292E-011  0.000E+000  0.000E+000  1.382E+000  1.781E+003         NaN  0.000E+000
   1.555E+016  4.661E+002  1.182E+002  3.876E-003  9.581E-001  6.840E-011  0.000E+000  0.000E+000  1.383E+000  1.781E+003         NaN  0.000E+000
   1.666E+016  4.059E+002  1.142E+002  3.617E-003  9.608E-001  7.450E-011  0.000E+000  0.000E+000  1.384E+000  1.781E+003         NaN  0.000E+000
   1.785E+016  3.535E+002  1.103E+002  3.376E-003  9.632E-001  8.095E-011  0.000E+000  0.000E+000  1.386E+000  1.781E+003         NaN  0.000E+000
   1.913E+016  3.079E+002  1.065E+002  3.150E-003  9.656E-001  8.806E-011  0.000E+000  0.000E+000  1.387E+000  1.781E+003         NaN  0.000E+000
   2.050E+016  2.682E+002  1.029E+002  2.940E-003  9.678E-001  9.650E-011  0.000E+000  0.000E+000  1.388E+000  1.781E+003         NaN  0.000E+000
   2.197E+016  2.336E+002  9.943E+001  2.744E-003  9.698E-001  1.049E-010  0.000E+000  0.000E+000  1.389E+000  1.781E+003         NaN  0.000E+000
   2.354E+016  2.034E+002  9.605E+001  2.561E-003  9.718E-001  1.128E-010  0.000E+000  0.000E+000  1.389E+000  1.781E+003         NaN  0.000E+000
   2.522E+016  1.772E+002  9.279E+001  2.390E-003  9.736E-001  1.223E-010  0.000E+000  0.000E+000  1.390E+000  1.781E+003         NaN  0.000E+000
   2.702E+016  1.543E+002  8.964E+001  2.230E-003  9.753E-001  1.312E-010  0.000E+000  0.000E+000  1.391E+000  1.781E+003         NaN  0.000E+000
   2.896E+016  1.344E+002  8.660E+001  2.081E-003  9.769E-001  1.415E-010  0.000E+000  0.000E+000  1.392E+000  1.781E+003         NaN  0.000E+000
   3.103E+016  1.171E+002  8.366E+001  1.942E-003  9.784E-001  1.495E-010  0.000E+000  0.000E+000  1.392E+000  1.781E+003         NaN  0.000E+000
   3.325E+016  1.020E+002  8.082E+001  1.813E-003  9.798E-001  1.581E-010  0.000E+000  0.000E+000  1.393E+000  1.781E+003         NaN  0.000E+000
   3.562E+016  8.881E+001  7.807E+001  1.692E-003  9.811E-001  1.660E-010  0.000E+000  0.000E+000  1.393E+000  1.781E+003         NaN  0.000E+000
   3.817E+016  7.735E+001  7.542E+001  1.579E-003  9.823E-001  1.735E-010  0.000E+000  0.000E+000  1.394E+000  1.781E+003         NaN  0.000E+000
   4.090E+016  6.737E+001  7.286E+001  1.474E-003  9.835E-001  1.789E-010  0.000E+000  0.000E+000  1.394E+000  1.781E+003         NaN  0.000E+000
   4.383E+016  5.867E+001  7.039E+001  1.375E-003  9.846E-001  1.840E-010  0.000E+000  0.000E+000  1.395E+000  1.781E+003         NaN  0.000E+000
   4.696E+016  5.110E+001  6.800E+001  1.283E-003  9.856E-001  1.875E-010  0.000E+000  0.000E+000  1.395E+000  1.781E+003         NaN  0.000E+000
   5.032E+016  4.451E+001  6.569E+001  1.198E-003  9.865E-001  1.904E-010  0.000E+000  0.000E+000  1.396E+000  1.781E+003         NaN  0.000E+000
   5.392E+016  3.876E+001  6.346E+001  1.118E-003  9.874E-001  1.927E-010  0.000E+000  0.000E+000  1.396E+000  1.781E+003         NaN  0.000E+000
   5.778E+016  3.376E+001  6.131E+001  1.043E-003  9.882E-001  1.942E-010  0.000E+000  0.000E+000  1.396E+000  1.781E+003         NaN  0.000E+000
   6.191E+016  2.941E+001  5.923E+001  9.735E-004  9.890E-001  1.953E-010  0.000E+000  0.000E+000  1.397E+000  1.781E+003         NaN  0.000E+000
   6.634E+016  2.561E+001  5.721E+001  9.086E-004  9.897E-001  1.961E-010  0.000E+000  0.000E+000  1.397E+000  1.781E+003         NaN  0.000E+000
   7.108E+016  2.231E+001  5.527E+001  8.479E-004  9.904E-001  1.967E-010  0.000E+000  0.000E+000  1.397E+000  1.781E+003         NaN  0.000E+000
   7.616E+016  1.943E+001  5.340E+001  7.913E-004  9.910E-001  1.971E-010  0.000E+000  0.000E+000  1.398E+000  1.781E+003         NaN  0.000E+000
   8.161E+016  1.692E+001  5.158E+001  7.385E-004  9.916E-001  1.974E-010  0.000E+000  0.000E+000  1.398E+000  1.781E+003         NaN  0.000E+000
   8.745E+016  1.474E+001  4.983E+001  6.892E-004  9.922E-001  1.976E-010  0.000E+000  0.000E+000  1.398E+000  1.781E+003         NaN  0.000E+000
   9.370E+016  1.284E+001  4.814E+001  6.432E-004  9.927E-001  1.978E-010  0.000E+000  0.000E+000  1.398E+000  1.781E+003         NaN  0.000E+000
   1.004E+017  1.118E+001  4.651E+001  6.003E-004  9.932E-001  1.979E-010  0.000E+000  0.000E+000  1.399E+000  1.781E+003         NaN  0.000E+000
