


                   **  CALCULATED COLUMN DENSITIES  **


 H           =   5.184E+16   RH          =   0.000E+00   GH          =   0.000E+00
 H+          =   5.774E+11   H-          =   1.862E+07   GH2         =   0.000E+00
 H2+         =   3.620E+09   RH2         =   0.000E+00   H3+         =   6.622E+10
 He          =   9.367E+19   GHe         =   0.000E+00   He+         =   5.975E+11
 RHe         =   0.000E+00   HeH+        =   5.169E+07   C-          =   1.730E+07
 GC          =   0.000E+00   C+          =   4.898E+15   C           =   1.813E+15
 RC          =   0.000E+00   RCH         =   0.000E+00   CH          =   9.231E+13
 GCH         =   0.000E+00   CH+         =   2.445E+10   CH-         =   4.863E+04
 RCH2        =   0.000E+00   GN          =   0.000E+00   CH2+        =   2.399E+10
 N+          =   2.009E+08   CH2         =   1.621E+14   GCH2        =   0.000E+00
 N           =   3.061E+15   RN          =   0.000E+00   RCH3        =   0.000E+00
 NH+         =   3.151E+06   CH3         =   4.018E+13   CH3+        =   2.356E+12
 GCH3        =   0.000E+00   RNH         =   0.000E+00   NH          =   1.395E+12
 GNH         =   0.000E+00   GO          =   0.000E+00   O-          =   2.589E+06
 RO          =   0.000E+00   CH4         =   1.628E+15   CH4+        =   3.850E+08
 NH2         =   1.788E+12   RCH4        =   0.000E+00   RNH2        =   0.000E+00
 O+          =   3.444E+07   NH2+        =   3.059E+07   O           =   3.862E+15
 GCH4        =   0.000E+00   GNH2        =   0.000E+00   CH5+        =   1.285E+10
 OH          =   6.535E+13   RNH3        =   0.000E+00   OH+         =   8.575E+07
 ROH         =   0.000E+00   GOH         =   0.000E+00   OH-         =   1.737E+06
 NH3+        =   1.198E+10   NH3         =   2.791E+13   GNH3        =   0.000E+00
 RH2O        =   0.000E+00   H2O         =   1.368E+15   H2O+        =   2.300E+08
 GH2O        =   0.000E+00   NH4+        =   5.588E+10   F+          =   6.285E+03
 F           =   1.242E+11   GF          =   0.000E+00   H3O+        =   2.512E+11
 RF          =   0.000E+00   GHF         =   0.000E+00   RHF         =   0.000E+00
 HF          =   9.181E+12   HF+         =   1.732E+03   H2F+        =   1.090E+07
 Na+         =   4.761E+11   GNa         =   0.000E+00   Na          =   5.034E+12
 RNa         =   0.000E+00   C2          =   3.580E+14   Mg          =   5.099E+12
 RC2         =   0.000E+00   RMg         =   0.000E+00   C2-         =   3.649E+06
 GMg         =   0.000E+00   C2+         =   5.411E+10   Mg+         =   4.104E+11
 GC2         =   0.000E+00   RC2H        =   0.000E+00   GC2H        =   0.000E+00
 C2H-        =   5.943E+07   C2H         =   4.829E+14   C2H+        =   5.243E+10
 CN          =   9.069E+14   GC2H2       =   0.000E+00   GCN         =   0.000E+00
 CN-         =   6.407E+08   C2H2        =   2.234E+16   C2H2+       =   4.912E+12
 CN+         =   3.421E+06   RC2H2       =   0.000E+00   RCN         =   0.000E+00
 GHNC        =   0.000E+00   HCN+        =   6.758E+06   RHNC        =   0.000E+00
 HCN         =   2.043E+16   HNC         =   4.752E+13   GHCN        =   0.000E+00
 GC2H3       =   0.000E+00   RC2H3       =   0.000E+00   C2H3        =   8.696E+11
 C2H3+       =   2.912E+13   RHCN        =   0.000E+00   H2CN        =   2.871E+11
 RN2         =   0.000E+00   Si+         =   8.330E+14   CO          =   4.374E+17
 GSi         =   0.000E+00   RC2H4       =   0.000E+00   GCO         =   0.000E+00
 N2+         =   1.357E+05   GC2H4       =   0.000E+00   RCO         =   0.000E+00
 C2H4        =   2.901E+13   C2H4+       =   4.254E+10   GN2         =   0.000E+00
 RSi         =   0.000E+00   RH2CN       =   0.000E+00   N2          =   2.104E+16
 H2NC+       =   1.746E+09   CO+         =   1.906E+08   HCNH+       =   2.606E+13
 Si          =   2.348E+14   GH2CN       =   0.000E+00   CH2NH       =   2.102E+08
 SiH+        =   2.236E+09   RHCO        =   0.000E+00   GCH2NH      =   0.000E+00
 SiH         =   5.997E+11   N2H+        =   8.355E+08   C2H5        =   3.446E+09
 C2H5+       =   1.046E+10   GHCO        =   0.000E+00   RCH2NH      =   0.000E+00
 HOC+        =   8.087E+08   GSiH        =   0.000E+00   GC2H5       =   0.000E+00
 RC2H5       =   0.000E+00   HCO         =   2.244E+11   RSiH        =   0.000E+00
 HCO+        =   1.768E+11   GCH3NH      =   0.000E+00   RCH2NH2     =   0.000E+00
 CH2NH2+     =   1.700E+04   RSiH2       =   0.000E+00   SiH2+       =   5.984E+08
 SiH2        =   1.309E+06   C2H6        =   8.633E+09   C2H6+       =   2.309E+07
 CH3NH       =   0.000E+00   RCH3NH      =   0.000E+00   GCH2NH2     =   0.000E+00
 GSiH2       =   0.000E+00   NO+         =   2.846E+09   GC2H6       =   0.000E+00
 CH3NH+      =   6.490E+07   CH2NH2      =   0.000E+00   NO          =   7.351E+11
 GNO         =   0.000E+00   RH2CO       =   0.000E+00   H2CO+       =   1.348E+09
 RNO         =   0.000E+00   GH2CO       =   0.000E+00   RC2H6       =   0.000E+00
 H2CO        =   2.205E+11   SiH3+       =   3.570E+05   P+          =   5.828E+11
 GHNO        =   0.000E+00   RCH3NH2     =   0.000E+00   CH3O        =   3.845E+02
 RSiH3       =   0.000E+00   SiH3        =   1.546E+01   GCH2OH      =   0.000E+00
 HNO         =   9.930E+09   GSiH3       =   0.000E+00   RCH2OH      =   0.000E+00
 CF+         =   2.222E+10   H3CO+       =   2.519E+07   C2H7+       =   3.135E+03
 P           =   1.668E+11   CH3NH2+     =   1.987E+05   RHNO        =   0.000E+00
 GCH3NH2     =   0.000E+00   HNO+        =   5.031E+05   RP          =   0.000E+00
 RCH3O       =   0.000E+00   CH3NH2      =   3.879E+07   GCH3O       =   0.000E+00
 GP          =   0.000E+00   CH2OH       =   6.439E+05   S-          =   6.261E+06
 GPH         =   0.000E+00   GS          =   0.000E+00   RO2         =   0.000E+00
 GCH3OH      =   0.000E+00   O2          =   1.350E+11   PH+         =   9.022E+05
 GO2         =   0.000E+00   RCH3OH      =   0.000E+00   CH3NH3+     =   6.274E+07
 RS          =   0.000E+00   RPH         =   0.000E+00   CH3OH+      =   3.928E+03
 S           =   2.639E+14   CH3OH       =   4.285E+06   SiH4+       =   3.803E-09
 SiH4        =   9.527E+00   GHNOH       =   0.000E+00   GSiH4       =   0.000E+00
 H2NO+       =   1.536E+04   O2-         =   5.623E-05   RHNOH       =   0.000E+00
 RSiH4       =   0.000E+00   HNOH        =   0.000E+00   HNOH+       =   0.000E+00
 PH          =   3.520E+08   O2+         =   1.718E+08   S+          =   3.313E+14
 GPH2        =   0.000E+00   HS+         =   4.457E+08   NH2OH       =   0.000E+00
 RPH2        =   0.000E+00   CH3OH2+     =   5.343E+06   RHS         =   0.000E+00
 PH2         =   1.816E+02   SiH5+       =   3.830E+00   GNH2OH      =   0.000E+00
 NH2OH+      =   0.000E+00   PH2+        =   2.154E+05   RO2H        =   0.000E+00
 RNH2OH      =   0.000E+00   O2H         =   2.254E+04   GO2H        =   0.000E+00
 GHS         =   0.000E+00   HS          =   7.371E+12   O2H+        =   5.104E+01
 GH2S        =   0.000E+00   H2S+        =   9.004E+08   H2O2        =   1.087E-01
 RH2S        =   0.000E+00   H2S         =   1.826E+12   GH2O2       =   0.000E+00
 NH3OH+      =   0.000E+00   PH3+        =   1.058E+01   RH2O2       =   0.000E+00
 Cl          =   1.659E+13   GCl         =   0.000E+00   H3S+        =   5.184E+09
 RCl         =   0.000E+00   Cl+         =   1.225E+10   C3-         =   1.999E+08
 GHCl        =   0.000E+00   C3+         =   1.530E+10   HCl+        =   6.145E+09
 RHCl        =   0.000E+00   HCl         =   1.624E+14   C3          =   4.134E+13
 GC3         =   0.000E+00   RC3         =   0.000E+00   GC3H        =   0.000E+00
 C3H-        =   4.856E+09   C3H+        =   2.909E+11   C3H         =   5.337E+13
 RC3H        =   0.000E+00   H2Cl+       =   4.190E+10   C2N+        =   8.658E+09
 RC2N        =   0.000E+00   C2N         =   2.211E+12   H2CCC       =   1.593E+12
 C3H2+       =   1.531E+11   C3H2        =   1.573E+13   CNC+        =   3.712E+11
 GC2N        =   0.000E+00   GH2CCC      =   0.000E+00   RC3H2       =   0.000E+00
 RH2CCC      =   0.000E+00   GC3H2       =   0.000E+00   GCH2CCH     =   0.000E+00
 C3H3+       =   1.581E+11   RCH2CCH     =   0.000E+00   CH2CCH      =   3.095E+13
 RHCCN       =   0.000E+00   HCCN        =   0.000E+00   C2NH+       =   5.204E+10
 CH2CCH+     =   2.764E+11   GHCCN       =   0.000E+00   GCH3CCH     =   0.000E+00
 CH2CCH2     =   1.946E+10   RSiC        =   0.000E+00   GCH2CN      =   0.000E+00
 CH3CCH      =   6.139E+11   CH2CN+      =   1.298E+10   RCH3CCH     =   0.000E+00
 GSiC        =   0.000E+00   RCH2CN      =   0.000E+00   C2O         =   1.134E+11
 GC2O        =   0.000E+00   SiC+        =   2.825E+09   GCH2CCH2    =   0.000E+00
 SiC         =   2.561E+13   C2O+        =   8.287E+07   RCH2CCH2    =   0.000E+00
 CH2CN       =   6.527E+09   C3H4+       =   4.523E+09   RC2O        =   0.000E+00
 GCH3CN      =   0.000E+00   CH3CN+      =   1.390E+07   HC2O+       =   5.486E+09
 HC2O        =   4.788E+03   RCH3CN      =   0.000E+00   CH3CN       =   3.467E+12
 GHC2O       =   0.000E+00   GHCSi       =   0.000E+00   HCSi        =   6.289E+12
 C3H5+       =   2.534E+11   RHC2O       =   0.000E+00   RHCSi       =   0.000E+00
 HCSi+       =   3.217E+09   CH2CO+      =   5.834E+08   GCH3CHCH2   =   0.000E+00
 RSiCH2      =   0.000E+00   SiCH2+      =   4.643E+11   GCH2CO      =   0.000E+00
 RCH2CO      =   0.000E+00   RCH3CHCH2   =   0.000E+00   NH2CN       =   2.819E+09
 GSiCH2      =   0.000E+00   RCNO        =   0.000E+00   OCN+        =   7.816E+01
 GNH2CN      =   0.000E+00   CH3CHCH2    =   1.130E+11   CNO         =   3.232E+00
 GSiN        =   0.000E+00   OCN         =   6.397E+11   ROCN        =   0.000E+00
 SiCH2       =   1.198E+11   C3H6+       =   4.367E+08   SiN         =   2.541E+11
 GOCN        =   0.000E+00   CH3CNH+     =   2.851E+11   CH2CO       =   6.599E+09
 GCNO        =   0.000E+00   SiN+        =   4.338E+09   RNH2CN      =   0.000E+00
 RSiN        =   0.000E+00   CP+         =   1.181E+06   HOCN+       =   1.717E+03
 HCNO        =   3.940E+08   RSiCH3      =   0.000E+00   SiCH3+      =   9.606E+06
 GCH3CO      =   0.000E+00   NH2CNH+     =   5.961E+03   HCNO+       =   1.944E-01
 GHOCN       =   0.000E+00   HOCN        =   1.844E+07   GHCNO       =   0.000E+00
 RCH3CO      =   0.000E+00   RHOCN       =   0.000E+00   RHCNO       =   0.000E+00
 HNSi        =   4.302E+10   HNSi+       =   8.167E+02   GSiCH3      =   0.000E+00
 CH3CO+      =   8.851E+07   GHONC       =   0.000E+00   CH3CO       =   1.200E+05
 HONC+       =   6.128E-06   RHNSi       =   0.000E+00   HONC        =   3.228E+03
 GCP         =   0.000E+00   GHNCO       =   0.000E+00   GHNSi       =   0.000E+00
 C3H7+       =   4.818E+10   HNCO+       =   1.717E+03   CP          =   6.516E+11
 RCP         =   0.000E+00   RHNCO       =   0.000E+00   RHONC       =   0.000E+00
 HNCO        =   5.810E+07   SiCH3       =   9.283E+07   N2O+        =   1.201E+04
 RSiO        =   0.000E+00   CH3CHO      =   1.122E+08   GN2O        =   0.000E+00
 GCS         =   0.000E+00   GCO2        =   0.000E+00   RCH3CHO     =   0.000E+00
 GHNCHO      =   0.000E+00   CS          =   5.387E+15   N2O         =   3.943E+06
 CO2+        =   2.443E+00   GCH3CHO     =   0.000E+00   RCO2        =   0.000E+00
 SiO+        =   3.404E+09   H2OCN+      =   6.492E+05   H2CNO+      =   3.526E+02
 SiNH2+      =   5.668E+09   NH2CO       =   0.000E+00   HCNOH+      =   3.526E+02
 RHNCHO      =   0.000E+00   HCP         =   1.236E+13   HCP+        =   1.663E+06
 GSiO        =   0.000E+00   RCS         =   0.000E+00   RN2O        =   0.000E+00
 SiO         =   2.295E+15   CO2         =   2.628E+11   GNH2CO      =   0.000E+00
 HNCHO       =   0.000E+00   HNCOH+      =   1.299E+06   GHCP        =   0.000E+00
 CH3CHO+     =   3.209E+05   RNH2CO      =   0.000E+00   H2NCO+      =   6.500E+05
 RHCP        =   0.000E+00   CS+         =   7.648E+09   SiCH4+      =   9.518E+06
 GHCS        =   0.000E+00   COOH        =   0.000E+00   PN+         =   3.200E+00
 CH3OCH2     =   5.905E-05   NH2CHO+     =   0.000E+00   RHCS        =   0.000E+00
 PN          =   2.887E+07   RPN         =   0.000E+00   RCOOH       =   0.000E+00
 CH3CHOH+    =   2.455E+07   RNH2CHO     =   0.000E+00   HCS+        =   4.087E+11
 HN2O+       =   8.221E-01   GNH2CHO     =   0.000E+00   SiOH+       =   4.824E+12
 PCH2+       =   3.574E+08   NH2CHO      =   5.572E+06   GPN         =   0.000E+00
 HCO2+       =   1.163E+07   GCOOH       =   0.000E+00   HCS         =   3.193E+11
 C2H5OH      =   7.038E+01   H2SiO+      =   2.015E+02   HCOOH       =   1.166E+06
 CH2PH       =   8.853E+02   GHCOOH      =   0.000E+00   HPN+        =   8.539E+00
 GH2SiO      =   0.000E+00   RHCOOH      =   0.000E+00   RH2SiO      =   0.000E+00
 NS+         =   6.304E+08   H2CS        =   3.549E+11   RH2CS       =   0.000E+00
 GNS         =   0.000E+00   NS          =   1.617E+11   RCH2PH      =   0.000E+00
 GCH3OCH3    =   0.000E+00   GC2H5OH     =   0.000E+00   C2H5OH+     =   4.627E-01
 H2CS+       =   2.329E+08   GNO2        =   0.000E+00   RCH3OCH3    =   0.000E+00
 RC2H5OH     =   0.000E+00   NO2         =   4.337E+05   PCH3+       =   6.243E+02
 RNO2        =   0.000E+00   H2SiO       =   1.117E-01   GH2CS       =   0.000E+00
 CH3OCH3     =   4.438E-01   RNS         =   0.000E+00   CH3OCH3+    =   4.159E-03
 NO2+        =   5.780E+01   NH2CH2O+    =   1.330E+02   HCOOH+      =   5.426E+03
 GCH2PH      =   0.000E+00   HCOOH2+     =   2.845E+05   H3CS+       =   1.089E+10
 RPO         =   0.000E+00   GPO         =   0.000E+00   PNH2+       =   7.341E+04
 HNS+        =   1.652E+05   PCH4+       =   1.277E+02   C2H5OH2+    =   4.469E+01
 PO+         =   4.633E+07   CCl+        =   1.318E+09   CH3OCH4+    =   8.900E-02
 PO          =   4.496E+08   H3SiO+      =   9.643E-04   RCCl        =   0.000E+00
 SiF+        =   3.891E+10   CCl         =   3.763E+08   GCCl        =   0.000E+00
 GO3         =   0.000E+00   GHPO        =   0.000E+00   SO          =   7.269E+10
 RO3         =   0.000E+00   PNH3+       =   1.124E+01   RHPO        =   0.000E+00
 C4          =   3.017E+12   SO+         =   2.548E+10   O3          =   0.000E+00
 HPO+        =   2.436E+07   GC4         =   0.000E+00   C4+         =   6.990E+08
 HPO         =   4.356E+03   GSO         =   0.000E+00   RSO         =   0.000E+00
 C4-         =   2.170E+11   RC4         =   0.000E+00   GC4H        =   0.000E+00
 H2CCl+      =   1.599E+07   RC4H        =   0.000E+00   HSO+        =   3.026E+05
 H2PO+       =   3.125E+02   C4H         =   2.264E+13   C4H+        =   1.967E+09
 C4H-        =   1.330E+12   GC3N        =   0.000E+00   RC3N        =   0.000E+00
 C3N         =   1.488E+12   C4H2        =   2.382E+13   RC4H2       =   0.000E+00
 C4H2+       =   1.320E+11   C3N+        =   2.619E+06   C3N-        =   5.540E+09
 GC4H2       =   0.000E+00   ClO         =   1.851E-08   GHC3N       =   0.000E+00
 HNC3        =   2.824E+10   RClO        =   0.000E+00   C4H3        =   5.638E+10
 C4H3+       =   4.276E+12   RC4H3       =   0.000E+00   RHNC3       =   0.000E+00
 ClO+        =   1.653E-12   GC4H3       =   0.000E+00   HC3N+       =   2.297E+09
 GHNC3       =   0.000E+00   RHC3N       =   0.000E+00   HC3N        =   3.540E+13
 GClO        =   0.000E+00   C2N2+       =   2.179E+06   RCH2CHCCH   =   0.000E+00
 C3O+        =   5.890E+01   C3O         =   3.467E+08   C4H4+       =   3.667E+07
 GCH2CHCCH   =   0.000E+00   SiC2+       =   8.845E+09   RC3O        =   0.000E+00
 GNCCN       =   0.000E+00   GSiC2       =   0.000E+00   HC3NH+      =   2.047E+10
 SiC2        =   9.753E+15   NCCN        =   1.504E+12   CH2CHCCH    =   1.095E+10
 GC3O        =   0.000E+00   RNCCN       =   0.000E+00   RSiC2       =   0.000E+00
 RSiC2H      =   0.000E+00   SiC2H       =   9.289E+13   C4H5+       =   5.723E+09
 HC3O+       =   8.313E+06   CH2CHCN+    =   1.000E+08   CH2CHCN     =   3.109E+10
 GSiC2H      =   0.000E+00   RCH2CHCN    =   0.000E+00   NCCNH+      =   2.373E+08
 GCH2CHCN    =   0.000E+00   SiC2H+      =   4.634E+12   C4H6        =   9.951E+07
 GSiC2H2     =   0.000E+00   SiC2H2+     =   2.726E+10   C2H4CN      =   0.000E+00
 C3H2O+      =   2.955E+06   RSiNC       =   0.000E+00   GSiNC       =   0.000E+00
 RSiC2H2     =   0.000E+00   CH2CHCNH+   =   2.118E+07   RC4H6       =   0.000E+00
 RC2H4CN     =   0.000E+00   SiNC+       =   1.506E+11   SiNC        =   2.780E+08
 SiC2H2      =   1.840E+11   GC4H6       =   0.000E+00   GC2H4CN     =   0.000E+00
 SiC2H3+     =   6.181E+09   GC2H5CN     =   0.000E+00   RCCP        =   0.000E+00
 C2H5CN      =   1.737E+07   C4H7+       =   4.092E+06   GCCP        =   0.000E+00
 H3C3O+      =   8.280E+07   RC2H5CN     =   0.000E+00   CCP         =   1.552E+10
 CCP+        =   8.391E+07   SiNCH+      =   3.807E+07   RHC2P       =   0.000E+00
 Fe          =   4.933E+12   RFe         =   0.000E+00   GFe         =   0.000E+00
 GHC2P       =   0.000E+00   HC2P+       =   1.473E+09   C2S+        =   1.968E+09
 RC2S        =   0.000E+00   C2S         =   3.210E+13   C2H5CNH+    =   1.101E+06
 HC2P        =   4.202E+06   Fe+         =   5.768E+11   GC2S        =   0.000E+00
 HC2S+       =   1.491E+12   PC2H2+      =   3.866E+05   RCH3COCH3   =   0.000E+00
 CH3COCH3+   =   8.770E-01   GCH3COCH3   =   0.000E+00   OHCCHO      =   0.000E+00
 GOHCCHO     =   0.000E+00   PC2H3+      =   1.179E+01   OHCCHO+     =   0.000E+00
 ROHCCHO     =   0.000E+00   CH3COCH3    =   1.889E+02   HOCHCHO     =   0.000E+00
 GHOCH2CO    =   0.000E+00   PC2H4+      =   1.872E+00   C2O2H3+     =   0.000E+00
 OHCCH2O+    =   0.000E+00   CH3CS+      =   1.456E+08   CH3COCH4+   =   2.692E+01
 OCH2CHO     =   0.000E+00   COOCH3+     =   1.631E-10   RHOCH2CO    =   0.000E+00
 GCOOCH3     =   0.000E+00   GOCH2CHO    =   0.000E+00   GCH2COOH    =   0.000E+00
 GHOCHCHO    =   0.000E+00   COOCH3      =   6.395E-07   RCH2COOH    =   0.000E+00
 RHOCHCHO    =   0.000E+00   RCOOCH3     =   0.000E+00   ROCH2CHO    =   0.000E+00
 HOCH2CO     =   0.000E+00   HOCH2CO+    =   0.000E+00   CH2COOH     =   0.000E+00
 OCS+        =   7.730E+09   GSiS        =   0.000E+00   C5          =   7.964E+11
 ROCS        =   0.000E+00   OCS         =   7.315E+11   GOCS        =   0.000E+00
 SiS         =   3.108E+15   HOCH2CHO    =   0.000E+00   HCOOCH3     =   1.300E+00
 SiO2        =   8.141E+09   SiS+        =   7.035E+11   HCOOCH3+    =   4.835E-04
 RSiS        =   0.000E+00   CH3COOH+    =   0.000E+00   CH3COOH     =   0.000E+00
 GSiO2       =   0.000E+00   GHOCH2CHO   =   0.000E+00   C2O2H4+     =   0.000E+00
 RC5         =   0.000E+00   C5-         =   2.187E+11   GHCOOCH3    =   0.000E+00
 GCH3COOH    =   0.000E+00   RHOCH2CHO   =   0.000E+00   HOCH2CHO+   =   0.000E+00
 GC5         =   0.000E+00   RHCOOCH3    =   0.000E+00   RCH3COOH    =   0.000E+00
 C5+         =   3.835E+07   RSiO2       =   0.000E+00   RC5H        =   0.000E+00
 H5C2O2+     =   2.133E-01   GC5H        =   0.000E+00   HOCS+       =   2.049E+06
 HSiO2+      =   2.471E+04   C5H-        =   1.850E+11   CH3COOH2+   =   0.000E+00
 GHOCH2CH2O  =   0.000E+00   HOCH2CH2O+  =   0.000E+00   RHOCH2CH2O  =   0.000E+00
 HSiS+       =   1.525E+10   C5H         =   7.311E+11   C5H+        =   2.859E+09
 HOCH2CH2O   =   0.000E+00   CH2OHCH2OH  =   0.000E+00   GC4N        =   0.000E+00
 GCH2OHCH2OH =   0.000E+00   CH2OHCH2OH+ =   0.000E+00   RCH2OHCH2OH =   0.000E+00
 C4N+        =   6.234E+08   C4N         =   4.048E+10   RC4N        =   0.000E+00
 GC5H2       =   0.000E+00   C5H2        =   3.735E+12   RC5H2       =   0.000E+00
 C5H2+       =   2.266E+10   HC4N+       =   5.806E+04   C5H3+       =   1.991E+10
 CH2OHCH2OHH+=   0.000E+00   RS2         =   0.000E+00   SO2+        =   3.216E-01
 GCH3C4H     =   0.000E+00   SO2         =   3.807E+07   CH3C4H+     =   2.368E+09
 GS2         =   0.000E+00   H2C4N+      =   1.416E+05   S2          =   1.002E+10
 RCH3C4H     =   0.000E+00   SiC3+       =   1.132E+11   S2+         =   3.011E+08
 GSiC3       =   0.000E+00   SiC3        =   2.083E+12   GSO2        =   0.000E+00
 RSiC3       =   0.000E+00   RSO2        =   0.000E+00   CH3C4H      =   4.378E+11
 SiC3H       =   1.008E+12   RSiC3H      =   0.000E+00   GSiC3H      =   0.000E+00
 CH3C3N      =   4.589E+10   HSO2+       =   8.752E+00   C5H5+       =   8.143E+10
 HS2         =   8.965E+07   GCH3C3N     =   0.000E+00   RHS2        =   0.000E+00
 HS2+        =   5.517E+06   CH3C3N+     =   1.400E+05   RCH3C3N     =   0.000E+00
 GHS2        =   0.000E+00   SiC3H+      =   3.714E+10   SiC3H2+     =   5.636E+10
 H2S2+       =   1.619E+07   H2S2        =   1.019E+06   RH2S2       =   0.000E+00
 CH3C3NH+    =   2.954E+07   GH2S2       =   0.000E+00   NCCNCH3+    =   7.439E+04
 GC3P        =   0.000E+00   RC3P        =   0.000E+00   C3P         =   2.451E+06
 H3S2+       =   2.053E+05   C3S         =   1.682E+12   C3S+        =   2.404E+10
 GC3S        =   0.000E+00   PC3H+       =   1.309E+05   RC3S        =   0.000E+00
 HC3S+       =   8.408E+09   GC6         =   0.000E+00   C6+         =   4.152E+08
 RC6         =   0.000E+00   C6-         =   1.807E+11   C6          =   1.207E+11
 C6H         =   2.491E+12   C6H+        =   5.832E+08   C6H-        =   1.365E+12
 GC6H        =   0.000E+00   RC6H        =   0.000E+00   RC6H2       =   0.000E+00
 C5N+        =   7.286E+03   C6H2        =   9.136E+12   C6H2+       =   5.482E+09
 RC5N        =   0.000E+00   C5N         =   5.700E+10   NHCH2COOH   =   0.000E+00
 GC5N        =   0.000E+00   GC6H2       =   0.000E+00   C5N-        =   4.083E+10
 RNHCH2COOH  =   0.000E+00   GNHCH2COOH  =   0.000E+00   GHC5N       =   0.000E+00
 C6H3+       =   1.932E+09   RHC5N       =   0.000E+00   HC5N+       =   5.600E+04
 NH2CH2COOH+ =   0.000E+00   RNH2CH2COOH =   0.000E+00   NH2CH2COOH  =   0.000E+00
 HC5N        =   5.556E+11   GNH2CH2COOH =   0.000E+00   SiC4+       =   3.558E+10
 NH2CH2COOH2+=   0.000E+00   RSiC4       =   0.000E+00   SiC4        =   1.212E+11
 GSiC4       =   0.000E+00   C6H4+       =   8.612E+09   HC5NH+      =   1.249E+07
 SiC4H+      =   1.836E+10   C6H5+       =   6.078E+08   H3C5N+      =   5.260E+06
 RC6H6       =   0.000E+00   GC6H6       =   0.000E+00   C6H6        =   3.652E+12
 C6H6+       =   1.869E+08   GC4P        =   0.000E+00   C4P         =   6.683E+05
 RC4P        =   0.000E+00   C4P+        =   1.756E-02   C6H7+       =   4.416E+11
 GC4S        =   0.000E+00   PC4H+       =   1.204E+05   C4S+        =   4.685E+09
 C4S         =   7.805E+10   RC4S        =   0.000E+00   HC4S+       =   1.410E+10
 RC7         =   0.000E+00   C7          =   6.224E+10   GC7         =   0.000E+00
 C7-         =   3.234E+11   C7+         =   1.327E+08   C7H-        =   3.047E+11
 RC7H        =   0.000E+00   C7H         =   1.850E+11   GC7H        =   0.000E+00
 C7H+        =   6.291E+08   GC7H2       =   0.000E+00   RC7H2       =   0.000E+00
 C7H2        =   5.308E+11   C7H2+       =   4.036E+08   C7H3+       =   7.359E+08
 RCH3C6H     =   0.000E+00   CH3C6H      =   1.487E+10   C7H4+       =   3.807E+08
 GCH3C6H     =   0.000E+00   GCH3C5N     =   0.000E+00   CH3C5N      =   7.419E+06
 RCH3C5N     =   0.000E+00   C7H5+       =   6.733E+08   CH3C5NH+    =   1.028E+05
 RC8         =   0.000E+00   C8-         =   9.538E+10   C8+         =   2.048E+08
 GC8         =   0.000E+00   C8          =   5.120E+10   C8H-        =   4.882E+10
 C8H         =   8.691E+10   C8H+        =   1.637E+07   RC8H        =   0.000E+00
 GC8H        =   0.000E+00   GC8H2       =   0.000E+00   C7N+        =   7.903E+05
 C7N         =   1.578E+10   C8H2        =   1.296E+11   RC8H2       =   0.000E+00
 C8H2+       =   2.836E+08   RC7N        =   0.000E+00   GC7N        =   0.000E+00
 HC7N        =   1.570E+11   GHC7N       =   0.000E+00   HC7N+       =   7.260E+07
 C8H3+       =   4.833E+08   RHC7N       =   0.000E+00   H2C7N+      =   3.056E+07
 C8H4+       =   1.825E+08   H3C7N+      =   1.307E+05   C8H5+       =   5.143E+04
 C9+         =   4.671E+07   C9-         =   5.196E+10   GC9         =   0.000E+00
 RC9         =   0.000E+00   C9          =   9.502E+09   C9H         =   8.200E+09
 C9H+        =   4.188E+07   GC9H        =   0.000E+00   C9H-        =   1.601E+10
 RC9H        =   0.000E+00   C9H2        =   3.014E+10   C9H2+       =   2.880E+07
 RC9H2       =   0.000E+00   GC9H2       =   0.000E+00   C9H3+       =   4.544E+07
 C9H4+       =   2.527E+07   CH3C7N      =   2.190E+06   C9H5+       =   2.796E+02
 GCH3C7N     =   0.000E+00   RCH3C7N     =   0.000E+00   CH3C7NH+    =   2.999E+04
 GC10        =   0.000E+00   C10+        =   2.706E+07   C10         =   3.548E+09
 RC10        =   0.000E+00   C10-        =   6.624E+09   C10H+       =   1.036E+07
 GC10H       =   0.000E+00   C10H        =   1.765E+09   RC10H       =   0.000E+00
 C10H-       =   1.091E+09   GC9N        =   0.000E+00   C10H2+      =   7.024E+06
 RC9N        =   0.000E+00   GC10H2      =   0.000E+00   C9N+        =   5.381E+04
 C10H2       =   2.434E+09   C9N         =   6.587E+08   RC10H2      =   0.000E+00
 C10H3+      =   3.658E+05   GHC9N       =   0.000E+00   HC9N        =   2.715E+09
 HC9N+       =   1.663E+06   RHC9N       =   0.000E+00   H2C9N+      =   3.725E+05
 H3C9N+      =   3.962E+03   RC11        =   0.000E+00   C11+        =   3.922E+06
 GC11        =   0.000E+00   C11         =   3.110E+07   e-          =   6.175E+15
 H2          =   5.509E+20
