


                   **  CALCULATED COLUMN DENSITIES  **


 H           =   1.532E+17   RH          =   0.000E+00   GH          =   0.000E+00
 H+          =   6.023E+12   H-          =   7.040E+07   GH2         =   0.000E+00
 H2+         =   5.510E+09   RH2         =   0.000E+00   H3+         =   2.684E+11
 He          =   1.873E+21   GHe         =   0.000E+00   He+         =   1.015E+13
 RHe         =   0.000E+00   HeH+        =   8.032E+07   C-          =   2.522E+06
 GC          =   0.000E+00   C+          =   6.965E+15   C           =   3.109E+14
 RC          =   0.000E+00   RCH         =   0.000E+00   CH          =   1.880E+12
 GCH         =   0.000E+00   CH+         =   4.454E+09   CH-         =   1.187E+00
 RCH2        =   0.000E+00   GN          =   0.000E+00   CH2+        =   8.056E+09
 N+          =   3.733E+08   CH2         =   6.724E+11   GCH2        =   0.000E+00
 N           =   1.109E+16   RN          =   0.000E+00   RCH3        =   0.000E+00
 NH+         =   4.662E+06   CH3         =   2.158E+11   CH3+        =   5.926E+10
 GCH3        =   0.000E+00   RNH         =   0.000E+00   NH          =   1.796E+13
 GNH         =   0.000E+00   GO          =   0.000E+00   O-          =   9.379E+06
 RO          =   0.000E+00   CH4         =   4.848E+12   CH4+        =   2.346E+04
 NH2         =   4.143E+13   RCH4        =   0.000E+00   RNH2        =   0.000E+00
 O+          =   3.578E+07   NH2+        =   6.583E+07   O           =   6.095E+16
 GCH4        =   0.000E+00   GNH2        =   0.000E+00   CH5+        =   8.877E+06
 OH          =   1.165E+16   RNH3        =   0.000E+00   OH+         =   2.471E+08
 ROH         =   0.000E+00   GOH         =   0.000E+00   OH-         =   1.018E+10
 NH3+        =   1.006E+11   NH3         =   6.658E+15   GNH3        =   0.000E+00
 RH2O        =   0.000E+00   H2O         =   2.309E+18   H2O+        =   3.422E+09
 GH2O        =   0.000E+00   NH4+        =   7.905E+12   F+          =   2.492E+04
 F           =   4.599E+12   GF          =   0.000E+00   H3O+        =   4.843E+12
 RF          =   0.000E+00   GHF         =   0.000E+00   RHF         =   0.000E+00
 HF          =   1.055E+14   HF+         =   7.166E+03   H2F+        =   7.282E+08
 Na+         =   3.006E+12   GNa         =   0.000E+00   Na          =   1.072E+14
 RNa         =   0.000E+00   C2          =   8.916E+10   Mg          =   1.073E+14
 RC2         =   0.000E+00   RMg         =   0.000E+00   C2-         =   1.545E+03
 GMg         =   0.000E+00   C2+         =   1.927E+08   Mg+         =   2.901E+12
 GC2         =   0.000E+00   RC2H        =   0.000E+00   GC2H        =   0.000E+00
 C2H-        =   3.651E+02   C2H         =   1.745E+10   C2H+        =   1.627E+08
 CN          =   2.179E+13   GC2H2       =   0.000E+00   GCN         =   0.000E+00
 CN-         =   8.664E+09   C2H2        =   1.323E+09   C2H2+       =   1.370E+09
 CN+         =   1.585E+05   RC2H2       =   0.000E+00   RCN         =   0.000E+00
 GHNC        =   0.000E+00   HCN+        =   3.627E+05   RHNC        =   0.000E+00
 HCN         =   2.771E+15   HNC         =   5.909E+12   GHCN        =   0.000E+00
 GC2H3       =   0.000E+00   RC2H3       =   0.000E+00   C2H3        =   1.619E+07
 C2H3+       =   5.495E+07   RHCN        =   0.000E+00   H2CN        =   1.051E+08
 RN2         =   0.000E+00   Si+         =   4.974E+15   CO          =   3.299E+18
 GSi         =   0.000E+00   RC2H4       =   0.000E+00   GCO         =   0.000E+00
 N2+         =   6.834E+05   GC2H4       =   0.000E+00   RCO         =   0.000E+00
 C2H4        =   5.500E+07   C2H4+       =   1.458E+06   GN2         =   0.000E+00
 RSi         =   0.000E+00   RH2CN       =   0.000E+00   N2          =   4.352E+17
 H2NC+       =   3.892E+09   CO+         =   4.073E+07   HCNH+       =   4.177E+11
 Si          =   2.343E+15   GH2CN       =   0.000E+00   CH2NH       =   1.263E+10
 SiH+        =   6.385E+10   RHCO        =   0.000E+00   GCH2NH      =   0.000E+00
 SiH         =   2.651E+10   N2H+        =   4.399E+09   C2H5        =   7.722E+04
 C2H5+       =   2.405E+04   GHCO        =   0.000E+00   RCH2NH      =   0.000E+00
 HOC+        =   3.666E+08   GSiH        =   0.000E+00   GC2H5       =   0.000E+00
 RC2H5       =   0.000E+00   HCO         =   1.745E+10   RSiH        =   0.000E+00
 HCO+        =   8.326E+10   GCH3NH      =   0.000E+00   RCH2NH2     =   0.000E+00
 CH2NH2+     =   6.138E+05   RSiH2       =   0.000E+00   SiH2+       =   1.159E+09
 SiH2        =   2.798E+08   C2H6        =   5.071E+04   C2H6+       =   1.860E+02
 CH3NH       =   0.000E+00   RCH3NH      =   0.000E+00   GCH2NH2     =   0.000E+00
 GSiH2       =   0.000E+00   NO+         =   2.312E+11   GC2H6       =   0.000E+00
 CH3NH+      =   8.668E+09   CH2NH2      =   0.000E+00   NO          =   3.266E+14
 GNO         =   0.000E+00   RH2CO       =   0.000E+00   H2CO+       =   1.271E+07
 RNO         =   0.000E+00   GH2CO       =   0.000E+00   RC2H6       =   0.000E+00
 H2CO        =   1.977E+10   SiH3+       =   2.810E+07   P+          =   1.002E+13
 GHNO        =   0.000E+00   RCH3NH2     =   0.000E+00   CH3O        =   2.294E+06
 RSiH3       =   0.000E+00   SiH3        =   7.574E+02   GCH2OH      =   0.000E+00
 HNO         =   1.321E+13   GSiH3       =   0.000E+00   RCH2OH      =   0.000E+00
 CF+         =   4.274E+09   H3CO+       =   2.349E+06   C2H7+       =   3.528E-05
 P           =   4.609E+12   CH3NH2+     =   1.635E+05   RHNO        =   0.000E+00
 GCH3NH2     =   0.000E+00   HNO+        =   4.661E+07   RP          =   0.000E+00
 RCH3O       =   0.000E+00   CH3NH2      =   1.152E+09   GCH3O       =   0.000E+00
 GP          =   0.000E+00   CH2OH       =   4.547E+06   S-          =   1.201E+08
 GPH         =   0.000E+00   GS          =   0.000E+00   RO2         =   0.000E+00
 GCH3OH      =   0.000E+00   O2          =   1.934E+15   PH+         =   7.524E+07
 GO2         =   0.000E+00   RCH3OH      =   0.000E+00   CH3NH3+     =   7.310E+09
 RS          =   0.000E+00   RPH         =   0.000E+00   CH3OH+      =   2.266E+05
 S           =   4.298E+15   CH3OH       =   2.926E+10   SiH4+       =   1.900E-07
 SiH4        =   9.475E+03   GHNOH       =   0.000E+00   GSiH4       =   0.000E+00
 H2NO+       =   8.530E+06   O2-         =   1.645E+00   RHNOH       =   0.000E+00
 RSiH4       =   0.000E+00   HNOH        =   0.000E+00   HNOH+       =  -3.902E-13
 PH          =   3.555E+11   O2+         =   2.564E+11   S+          =   3.990E+15
 GPH2        =   0.000E+00   HS+         =   7.844E+10   NH2OH       =   0.000E+00
 RPH2        =   0.000E+00   CH3OH2+     =   3.260E+09   RHS         =   0.000E+00
 PH2         =   1.795E+05   SiH5+       =   5.845E+01   GNH2OH      =   0.000E+00
 NH2OH+      =   1.537E-13   PH2+        =   4.738E+06   RO2H        =   0.000E+00
 RNH2OH      =   0.000E+00   O2H         =   1.986E+06   GO2H        =   0.000E+00
 GHS         =   0.000E+00   HS          =   9.969E+14   O2H+        =   3.036E+05
 GH2S        =   0.000E+00   H2S+        =   2.668E+12   H2O2        =   7.728E+05
 RH2S        =   0.000E+00   H2S         =   1.853E+17   GH2O2       =   0.000E+00
 NH3OH+      =   0.000E+00   PH3+        =   5.094E+03   RH2O2       =   0.000E+00
 Cl          =   7.123E+12   GCl         =   0.000E+00   H3S+        =   9.106E+12
 RCl         =   0.000E+00   Cl+         =   4.091E+08   C3-         =   3.449E+02
 GHCl        =   0.000E+00   C3+         =   3.381E+06   HCl+        =   2.640E+08
 RHCl        =   0.000E+00   HCl         =   1.031E+14   C3          =   5.345E+07
 GC3         =   0.000E+00   RC3         =   0.000E+00   GC3H        =   0.000E+00
 C3H-        =   1.021E+03   C3H+        =   6.777E+06   C3H         =   3.901E+07
 RC3H        =   0.000E+00   H2Cl+       =   1.747E+09   C2N+        =   2.490E+06
 RC2N        =   0.000E+00   C2N         =   6.101E+07   H2CCC       =   2.039E+06
 C3H2+       =   3.076E+05   C3H2        =   3.231E+07   CNC+        =   2.836E+07
 GC2N        =   0.000E+00   GH2CCC      =   0.000E+00   RC3H2       =   0.000E+00
 RH2CCC      =   0.000E+00   GC3H2       =   0.000E+00   GCH2CCH     =   0.000E+00
 C3H3+       =   3.317E+05   RCH2CCH     =   0.000E+00   CH2CCH      =   1.048E+07
 RHCCN       =   0.000E+00   HCCN        =   0.000E+00   C2NH+       =   1.596E+06
 CH2CCH+     =   8.662E+05   GHCCN       =   0.000E+00   GCH3CCH     =   0.000E+00
 CH2CCH2     =   7.265E+04   RSiC        =   0.000E+00   GCH2CN      =   0.000E+00
 CH3CCH      =   2.218E+06   CH2CN+      =   1.780E+05   RCH3CCH     =   0.000E+00
 GSiC        =   0.000E+00   RCH2CN      =   0.000E+00   C2O         =   6.169E+08
 GC2O        =   0.000E+00   SiC+        =   7.108E+07   GCH2CCH2    =   0.000E+00
 SiC         =   1.261E+11   C2O+        =   1.131E+05   RCH2CCH2    =   0.000E+00
 CH2CN       =   1.302E+05   C3H4+       =   6.638E+03   RC2O        =   0.000E+00
 GCH3CN      =   0.000E+00   CH3CN+      =   4.903E+02   HC2O+       =   2.883E+05
 HC2O        =   1.770E+04   RCH3CN      =   0.000E+00   CH3CN       =   1.019E+11
 GHC2O       =   0.000E+00   GHCSi       =   0.000E+00   HCSi        =   8.203E+10
 C3H5+       =   4.416E+05   RHC2O       =   0.000E+00   RHCSi       =   0.000E+00
 HCSi+       =   7.229E+07   CH2CO+      =   7.405E+04   GCH3CHCH2   =   0.000E+00
 RSiCH2      =   0.000E+00   SiCH2+      =   5.401E+09   GCH2CO      =   0.000E+00
 RCH2CO      =   0.000E+00   RCH3CHCH2   =   0.000E+00   NH2CN       =   1.554E+10
 GSiCH2      =   0.000E+00   RCNO        =   0.000E+00   OCN+        =   9.307E+01
 GNH2CN      =   0.000E+00   CH3CHCH2    =   9.702E+05   CNO         =   1.681E+00
 GSiN        =   0.000E+00   OCN         =   2.240E+12   ROCN        =   0.000E+00
 SiCH2       =   1.483E+09   C3H6+       =   1.856E+02   SiN         =   4.009E+12
 GOCN        =   0.000E+00   CH3CNH+     =   2.355E+10   CH2CO       =   5.318E+08
 GCNO        =   0.000E+00   SiN+        =   4.386E+10   RNH2CN      =   0.000E+00
 RSiN        =   0.000E+00   CP+         =   1.493E+01   HOCN+       =   2.818E+03
 HCNO        =   7.821E+07   RSiCH3      =   0.000E+00   SiCH3+      =   1.508E+03
 GCH3CO      =   0.000E+00   NH2CNH+     =   1.524E+04   HCNO+       =   3.090E-02
 GHOCN       =   0.000E+00   HOCN        =   4.910E+08   GHCNO       =   0.000E+00
 RCH3CO      =   0.000E+00   RHOCN       =   0.000E+00   RHCNO       =   0.000E+00
 HNSi        =   4.464E+12   HNSi+       =   3.620E+03   GSiCH3      =   0.000E+00
 CH3CO+      =   1.748E+08   GHONC       =   0.000E+00   CH3CO       =   4.321E+02
 HONC+       =   6.019E-06   RHNSi       =   0.000E+00   HONC        =   4.797E+03
 GCP         =   0.000E+00   GHNCO       =   0.000E+00   GHNSi       =   0.000E+00
 C3H7+       =   4.676E+04   HNCO+       =   2.818E+03   CP          =   1.973E+08
 RCP         =   0.000E+00   RHNCO       =   0.000E+00   RHONC       =   0.000E+00
 HNCO        =   4.995E+08   SiCH3       =   1.915E+05   N2O+        =   2.576E+07
 RSiO        =   0.000E+00   CH3CHO      =   6.880E+03   GN2O        =   0.000E+00
 GCS         =   0.000E+00   GCO2        =   0.000E+00   RCH3CHO     =   0.000E+00
 GHNCHO      =   0.000E+00   CS          =   5.918E+14   N2O         =   7.065E+10
 CO2+        =   1.722E+03   GCH3CHO     =   0.000E+00   RCO2        =   0.000E+00
 SiO+        =   1.160E+11   H2OCN+      =   1.005E+07   H2CNO+      =   1.715E+02
 SiNH2+      =   1.290E+11   NH2CO       =   0.000E+00   HCNOH+      =   1.715E+02
 RHNCHO      =   0.000E+00   HCP         =   2.443E+06   HCP+        =   1.498E+01
 GSiO        =   0.000E+00   RCS         =   0.000E+00   RN2O        =   0.000E+00
 SiO         =   2.914E+17   CO2         =   3.310E+15   GNH2CO      =   0.000E+00
 HNCHO       =   0.000E+00   HNCOH+      =   2.019E+07   GHCP        =   0.000E+00
 CH3CHO+     =   4.900E+00   RNH2CO      =   0.000E+00   H2NCO+      =   1.013E+07
 RHCP        =   0.000E+00   CS+         =   1.334E+08   SiCH4+      =   3.468E+03
 GHCS        =   0.000E+00   COOH        =   0.000E+00   PN+         =   1.414E+07
 CH3OCH2     =   1.866E-02   NH2CHO+     =   0.000E+00   RHCS        =   0.000E+00
 PN          =   1.667E+14   RPN         =   0.000E+00   RCOOH       =   0.000E+00
 CH3CHOH+    =   7.639E+00   RNH2CHO     =   0.000E+00   HCS+        =   2.672E+10
 HN2O+       =   1.177E+05   GNH2CHO     =   0.000E+00   SiOH+       =   6.574E+13
 PCH2+       =   5.464E+04   NH2CHO      =   2.511E+07   GPN         =   0.000E+00
 HCO2+       =   4.735E+08   GCOOH       =   0.000E+00   HCS         =   5.337E+09
 C2H5OH      =   3.059E-02   H2SiO+      =   2.660E+05   HCOOH       =   3.677E+09
 CH2PH       =   4.019E+01   GHCOOH      =   0.000E+00   HPN+        =   5.973E+09
 GH2SiO      =   0.000E+00   RHCOOH      =   0.000E+00   RH2SiO      =   0.000E+00
 NS+         =   2.723E+10   H2CS        =   7.633E+11   RH2CS       =   0.000E+00
 GNS         =   0.000E+00   NS          =   1.846E+13   RCH2PH      =   0.000E+00
 GCH3OCH3    =   0.000E+00   GC2H5OH     =   0.000E+00   C2H5OH+     =   2.613E-05
 H2CS+       =   1.120E+08   GNO2        =   0.000E+00   RCH3OCH3    =   0.000E+00
 RC2H5OH     =   0.000E+00   NO2         =   4.761E+10   PCH3+       =   2.366E+01
 RNO2        =   0.000E+00   H2SiO       =   3.537E+03   GH2CS       =   0.000E+00
 CH3OCH3     =   1.288E+02   RNS         =   0.000E+00   CH3OCH3+    =   2.736E-02
 NO2+        =   5.490E+05   NH2CH2O+    =   8.597E+03   HCOOH+      =   1.192E+06
 GCH2PH      =   0.000E+00   HCOOH2+     =   1.786E+08   H3CS+       =   2.526E+11
 RPO         =   0.000E+00   GPO         =   0.000E+00   PNH2+       =   4.927E+06
 HNS+        =   1.997E+07   PCH4+       =   1.821E+00   C2H5OH2+    =  -4.628E-01
 PO+         =   1.115E+10   CCl+        =   2.208E+07   CH3OCH4+    =   1.225E+02
 PO          =   8.376E+14   H3SiO+      =   1.474E+02   RCCl        =   0.000E+00
 SiF+        =   7.031E+10   CCl         =   5.620E+06   GCCl        =   0.000E+00
 GO3         =   0.000E+00   GHPO        =   0.000E+00   SO          =   3.312E+16
 RO3         =   0.000E+00   PNH3+       =   2.789E+04   RHPO        =   0.000E+00
 C4          =   4.763E+05   SO+         =   1.149E+13   O3          =   0.000E+00
 HPO+        =   6.951E+09   GC4         =   0.000E+00   C4+         =   2.173E+04
 HPO         =   2.466E+08   GSO         =   0.000E+00   RSO         =   0.000E+00
 C4-         =   5.816E+04   RC4         =   0.000E+00   GC4H        =   0.000E+00
 H2CCl+      =   1.719E+06   RC4H        =   0.000E+00   HSO+        =   1.443E+11
 H2PO+       =   4.722E+06   C4H         =   1.107E+06   C4H+        =   4.356E+04
 C4H-        =   1.361E+05   GC3N        =   0.000E+00   RC3N        =   0.000E+00
 C3N         =   2.557E+05   C4H2        =   2.042E+04   RC4H2       =   0.000E+00
 C4H2+       =   1.751E+04   C3N+        =   9.188E+01   C3N-        =   5.741E+02
 GC4H2       =   0.000E+00   ClO         =   6.400E-09   GHC3N       =   0.000E+00
 HNC3        =   8.909E+01   RClO        =   0.000E+00   C4H3        =   1.666E+03
 C4H3+       =   7.138E+01   RC4H3       =   0.000E+00   RHNC3       =   0.000E+00
 ClO+        =   3.180E-15   GC4H3       =   0.000E+00   HC3N+       =   3.394E+02
 GHNC3       =   0.000E+00   RHC3N       =   0.000E+00   HC3N        =   1.314E+05
 GClO        =   0.000E+00   C2N2+       =   6.314E+02   RCH2CHCCH   =   0.000E+00
 C3O+        =   2.148E-02   C3O         =   6.510E+02   C4H4+       =   2.379E-04
 GCH2CHCCH   =   0.000E+00   SiC2+       =   1.591E+06   RC3O        =   0.000E+00
 GNCCN       =   0.000E+00   GSiC2       =   0.000E+00   HC3NH+      =   3.425E+01
 SiC2        =   3.551E+09   NCCN        =   3.119E+09   CH2CHCCH    =   2.447E+01
 GC3O        =   0.000E+00   RNCCN       =   0.000E+00   RSiC2       =   0.000E+00
 RSiC2H      =   0.000E+00   SiC2H       =   4.402E+07   C4H5+       =   6.105E-01
 HC3O+       =   1.427E+00   CH2CHCN+    =   1.746E+01   CH2CHCN     =   3.061E+03
 GSiC2H      =   0.000E+00   RCH2CHCN    =   0.000E+00   NCCNH+      =   5.922E+04
 GCH2CHCN    =   0.000E+00   SiC2H+      =   3.778E+07   C4H6        =   6.804E+00
 GSiC2H2     =   0.000E+00   SiC2H2+     =   1.858E+04   C2H4CN      =   0.000E+00
 C3H2O+      =   1.023E+02   RSiNC       =   0.000E+00   GSiNC       =   0.000E+00
 RSiC2H2     =   0.000E+00   CH2CHCNH+   =   6.940E-01   RC4H6       =   0.000E+00
 RC2H4CN     =   0.000E+00   SiNC+       =   3.673E+09   SiNC        =   5.124E+07
 SiC2H2      =   1.701E+06   GC4H6       =   0.000E+00   GC2H4CN     =   0.000E+00
 SiC2H3+     =   6.172E+04   GC2H5CN     =   0.000E+00   RCCP        =   0.000E+00
 C2H5CN      =   1.410E+04   C4H7+       =   3.197E-07   GCCP        =   0.000E+00
 H3C3O+      =   2.811E+01   RC2H5CN     =   0.000E+00   CCP         =   7.545E+04
 CCP+        =   2.583E+01   SiNCH+      =   2.127E+06   RHC2P       =   0.000E+00
 Fe          =   1.072E+14   RFe         =   0.000E+00   GFe         =   0.000E+00
 GHC2P       =   0.000E+00   HC2P+       =   1.896E+03   C2S+        =   4.418E+05
 RC2S        =   0.000E+00   C2S         =   1.239E+09   C2H5CNH+    =   2.600E+03
 HC2P        =   3.083E+01   Fe+         =   3.016E+12   GC2S        =   0.000E+00
 HC2S+       =   7.857E+06   PC2H2+      =   1.029E+00   RCH3COCH3   =   0.000E+00
 CH3COCH3+   =   9.126E-08   GCH3COCH3   =   0.000E+00   OHCCHO      =   0.000E+00
 GOHCCHO     =   0.000E+00   PC2H3+      =   4.150E-04   OHCCHO+     =   0.000E+00
 ROHCCHO     =   0.000E+00   CH3COCH3    =   2.557E-05   HOCHCHO     =   0.000E+00
 GHOCH2CO    =   0.000E+00   PC2H4+      =   1.427E-05   C2O2H3+     =   0.000E+00
 OHCCH2O+    =   0.000E+00   CH3CS+      =   2.891E+02   CH3COCH4+   =   1.842E-06
 OCH2CHO     =   0.000E+00   COOCH3+     =   1.715E-11   RHOCH2CO    =   0.000E+00
 GCOOCH3     =   0.000E+00   GOCH2CHO    =   0.000E+00   GCH2COOH    =   0.000E+00
 GHOCHCHO    =   0.000E+00   COOCH3      =   2.197E-05   RCH2COOH    =   0.000E+00
 RHOCHCHO    =   0.000E+00   RCOOCH3     =   0.000E+00   ROCH2CHO    =   0.000E+00
 HOCH2CO     =   0.000E+00   HOCH2CO+    =   0.000E+00   CH2COOH     =   0.000E+00
 OCS+        =   5.413E+09   GSiS        =   0.000E+00   C5          =   1.745E+05
 ROCS        =   0.000E+00   OCS         =   4.621E+12   GOCS        =   0.000E+00
 SiS         =   1.025E+16   HOCH2CHO    =   0.000E+00   HCOOCH3     =   4.374E+01
 SiO2        =   1.327E+14   SiS+        =   5.814E+11   HCOOCH3+    =   2.282E-04
 RSiS        =   0.000E+00   CH3COOH+    =   0.000E+00   CH3COOH     =   0.000E+00
 GSiO2       =   0.000E+00   GHOCH2CHO   =   0.000E+00   C2O2H4+     =   0.000E+00
 RC5         =   0.000E+00   C5-         =   5.533E+04   GHCOOCH3    =   0.000E+00
 GCH3COOH    =   0.000E+00   RHOCH2CHO   =   0.000E+00   HOCH2CHO+   =   0.000E+00
 GC5         =   0.000E+00   RHCOOCH3    =   0.000E+00   RCH3COOH    =   0.000E+00
 C5+         =   2.215E+02   RSiO2       =   0.000E+00   RC5H        =   0.000E+00
 H5C2O2+     =   2.657E+01   GC5H        =   0.000E+00   HOCS+       =   3.908E+07
 HSiO2+      =   1.229E+08   C5H-        =   3.118E+03   CH3COOH2+   =   0.000E+00
 GHOCH2CH2O  =   0.000E+00   HOCH2CH2O+  =   0.000E+00   RHOCH2CH2O  =   0.000E+00
 HSiS+       =   1.819E+09   C5H         =   7.191E+03   C5H+        =   4.651E+02
 HOCH2CH2O   =   0.000E+00   CH2OHCH2OH  =   0.000E+00   GC4N        =   0.000E+00
 GCH2OHCH2OH =   0.000E+00   CH2OHCH2OH+ =   0.000E+00   RCH2OHCH2OH =   0.000E+00
 C4N+        =   1.087E+01   C4N         =   1.470E+03   RC4N        =   0.000E+00
 GC5H2       =   0.000E+00   C5H2        =   8.653E+03   RC5H2       =   0.000E+00
 C5H2+       =   3.704E-01   HC4N+       =   1.242E-02   C5H3+       =   1.608E-02
 CH2OHCH2OHH+=   0.000E+00   RS2         =   0.000E+00   SO2+        =   2.050E+06
 GCH3C4H     =   0.000E+00   SO2         =   4.000E+16   CH3C4H+     =   1.868E-03
 GS2         =   0.000E+00   H2C4N+      =   1.294E-02   S2          =   5.492E+13
 RCH3C4H     =   0.000E+00   SiC3+       =   4.952E+04   S2+         =   2.629E+12
 GSiC3       =   0.000E+00   SiC3        =   3.680E+06   GSO2        =   0.000E+00
 RSiC3       =   0.000E+00   RSO2        =   0.000E+00   CH3C4H      =   5.005E+00
 SiC3H       =   1.672E+06   RSiC3H      =   0.000E+00   GSiC3H      =   0.000E+00
 CH3C3N      =   2.461E+01   HSO2+       =   5.426E+08   C5H5+       =   2.404E-04
 HS2         =   1.936E+12   GCH3C3N     =   0.000E+00   RHS2        =   0.000E+00
 HS2+        =   2.160E+11   CH3C3N+     =   1.206E-02   RCH3C3N     =   0.000E+00
 GHS2        =   0.000E+00   SiC3H+      =   3.735E+04   SiC3H2+     =   1.140E+04
 H2S2+       =   1.001E+11   H2S2        =   5.413E+11   RH2S2       =   0.000E+00
 CH3C3NH+    =   5.882E-02   GH2S2       =   0.000E+00   NCCNCH3+    =   2.170E-02
 GC3P        =   0.000E+00   RC3P        =   0.000E+00   C3P         =   4.356E-02
 H3S2+       =   5.481E+10   C3S         =   6.275E+06   C3S+        =   4.108E+04
 GC3S        =   0.000E+00   PC3H+       =   9.644E-04   RC3S        =   0.000E+00
 HC3S+       =   3.319E+04   GC6         =   0.000E+00   C6+         =   3.506E+01
 RC6         =   0.000E+00   C6-         =   8.819E+02   C6          =   4.646E+02
 C6H         =   1.576E+03   C6H+        =   6.633E+00   C6H-        =   1.161E+03
 GC6H        =   0.000E+00   RC6H        =   0.000E+00   RC6H2       =   0.000E+00
 C5N+        =   4.727E-03   C6H2        =   1.828E+02   C6H2+       =   1.758E-01
 RC5N        =   0.000E+00   C5N         =   4.368E+02   NHCH2COOH   =   0.000E+00
 GC5N        =   0.000E+00   GC6H2       =   0.000E+00   C5N-        =   3.586E+02
 RNHCH2COOH  =   0.000E+00   GNHCH2COOH  =   0.000E+00   GHC5N       =   0.000E+00
 C6H3+       =   1.271E-03   RHC5N       =   0.000E+00   HC5N+       =   6.565E-03
 NH2CH2COOH+ =   0.000E+00   RNH2CH2COOH =   0.000E+00   NH2CH2COOH  =   0.000E+00
 HC5N        =   7.789E+01   GNH2CH2COOH =   0.000E+00   SiC4+       =   4.122E+03
 NH2CH2COOH2+=   0.000E+00   RSiC4       =   0.000E+00   SiC4        =   3.114E+01
 GSiC4       =   0.000E+00   C6H4+       =   1.055E-05   HC5NH+      =   1.036E-02
 SiC4H+      =   1.296E-01   C6H5+       =   2.192E-06   H3C5N+      =   8.039E-07
 RC6H6       =   0.000E+00   GC6H6       =   0.000E+00   C6H6        =   6.290E-04
 C6H6+       =   1.737E-07   GC4P        =   0.000E+00   C4P         =   9.440E-04
 RC4P        =   0.000E+00   C4P+        =   6.277E-10   C6H7+       =   6.940E-07
 GC4S        =   0.000E+00   PC4H+       =   3.185E-05   C4S+        =   1.045E+03
 C4S         =   8.117E+02   RC4S        =   0.000E+00   HC4S+       =   5.413E+00
 RC7         =   0.000E+00   C7          =   9.299E+00   GC7         =   0.000E+00
 C7-         =   5.033E+01   C7+         =   1.503E-01   C7H-        =   1.086E+01
 RC7H        =   0.000E+00   C7H         =   4.942E+00   GC7H        =   0.000E+00
 C7H+        =   1.356E-01   GC7H2       =   0.000E+00   RC7H2       =   0.000E+00
 C7H2        =   3.133E+00   C7H2+       =   2.260E-03   C7H3+       =   3.110E-06
 RCH3C6H     =   0.000E+00   CH3C6H      =   4.942E-04   C7H4+       =   1.238E-07
 GCH3C6H     =   0.000E+00   GCH3C5N     =   0.000E+00   CH3C5N      =   1.282E-05
 RCH3C5N     =   0.000E+00   C7H5+       =   6.357E-08   CH3C5NH+    =   1.294E-07
 RC8         =   0.000E+00   C8-         =   4.560E-01   C8+         =   7.028E-03
 GC8         =   0.000E+00   C8          =   2.337E-01   C8H-        =   1.037E-01
 C8H         =   1.381E-01   C8H+        =   2.741E-04   RC8H        =   0.000E+00
 GC8H        =   0.000E+00   GC8H2       =   0.000E+00   C7N+        =   9.186E-05
 C7N         =   5.061E-01   C8H2        =   4.783E-02   RC8H2       =   0.000E+00
 C8H2+       =   8.887E-04   RC7N        =   0.000E+00   GC7N        =   0.000E+00
 HC7N        =   2.968E-03   GHC7N       =   0.000E+00   HC7N+       =   3.846E-04
 C8H3+       =   6.251E-08   RHC7N       =   0.000E+00   H2C7N+      =   6.088E-06
 C8H4+       =   2.201E-09   H3C7N+      =   6.103E-10   C8H5+       =   2.223E-15
 C9+         =   8.631E-05   C9-         =   1.182E-02   GC9         =   0.000E+00
 RC9         =   0.000E+00   C9          =   2.133E-03   C9H         =   5.763E-04
 C9H+        =   2.439E-05   GC9H        =   0.000E+00   C9H-        =   1.399E-03
 RC9H        =   0.000E+00   C9H2        =   6.633E-04   C9H2+       =   4.444E-07
 RC9H2       =   0.000E+00   GC9H2       =   0.000E+00   C9H3+       =   1.157E-09
 C9H4+       =   2.433E-11   CH3C7N      =   5.041E-10   C9H5+       =   5.295E-19
 GCH3C7N     =   0.000E+00   RCH3C7N     =   0.000E+00   CH3C7NH+    =   5.118E-12
 GC10        =   0.000E+00   C10+        =   1.223E-06   C10         =   2.576E-05
 RC10        =   0.000E+00   C10-        =   4.943E-05   C10H+       =   8.951E-08
 GC10H       =   0.000E+00   C10H        =   4.603E-06   RC10H       =   0.000E+00
 C10H-       =   3.428E-06   GC9N        =   0.000E+00   C10H2+      =   5.532E-09
 RC9N        =   0.000E+00   GC10H2      =   0.000E+00   C9N+        =   1.090E-08
 C10H2       =   2.395E-06   C9N         =   7.788E-05   RC10H2      =   0.000E+00
 C10H3+      =   3.158E-12   GHC9N       =   0.000E+00   HC9N        =   4.881E-07
 HC9N+       =   5.434E-08   RHC9N       =   0.000E+00   H2C9N+      =   9.750E-10
 H3C9N+      =   3.571E-14   RC11        =   0.000E+00   C11+        =   8.708E-09
 GC11        =   0.000E+00   C11         =   2.331E-09   e-          =   1.612E+16
 H2          =   1.102E+22
