  **  PHYSICAL PARAMETERS  **


   RADIUS      n(H2)       TEMP.       A_V         RAD.FIELD   K(ICOR)     K(ICOIP)    K(ICOAP)    DELTA_AUV   T_DUST      NMONO       ALL_ICE     
   2.050E+014  2.682E+006  1.029E+003  2.940E-001  1.167E-001  0.000E+000  0.000E+000  0.000E+000  3.418E-002  6.544E+002  0.000E+000  0.000E+000
   2.197E+014  2.336E+006  9.943E+002  2.744E-001  1.320E-001  3.057E-013  0.000E+000  0.000E+000  1.254E-001  6.544E+002         NaN  0.000E+000
   2.354E+014  2.034E+006  9.605E+002  2.561E-001  1.483E-001  3.673E-013  0.000E+000  0.000E+000  2.106E-001  6.544E+002         NaN  0.000E+000
   2.522E+014  1.772E+006  9.279E+002  2.390E-001  1.655E-001  4.389E-013  0.000E+000  0.000E+000  2.901E-001  6.544E+002         NaN  0.000E+000
   2.702E+014  1.543E+006  8.964E+002  2.230E-001  1.835E-001  5.277E-013  0.000E+000  0.000E+000  3.642E-001  6.544E+002         NaN  0.000E+000
   2.896E+014  1.344E+006  8.660E+002  2.081E-001  2.023E-001  6.160E-013  0.000E+000  0.000E+000  4.334E-001  6.544E+002         NaN  0.000E+000
   3.103E+014  1.171E+006  8.366E+002  1.942E-001  2.218E-001  7.452E-013  0.000E+000  0.000E+000  4.980E-001  6.544E+002         NaN  0.000E+000
   3.325E+014  1.020E+006  8.082E+002  1.813E-001  2.418E-001  8.477E-013  0.000E+000  0.000E+000  5.583E-001  6.544E+002         NaN  0.000E+000
   3.562E+014  8.881E+005  7.807E+002  1.692E-001  2.624E-001  9.827E-013  0.000E+000  0.000E+000  6.146E-001  6.544E+002         NaN  0.000E+000
   3.817E+014  7.735E+005  7.542E+002  1.579E-001  2.835E-001  1.151E-012  0.000E+000  0.000E+000  6.671E-001  6.544E+002         NaN  0.000E+000
   4.090E+014  6.737E+005  7.286E+002  1.474E-001  3.049E-001  1.314E-012  0.000E+000  0.000E+000  7.161E-001  6.544E+002         NaN  0.000E+000
   4.383E+014  5.867E+005  7.039E+002  1.375E-001  3.266E-001  1.505E-012  0.000E+000  0.000E+000  7.618E-001  6.544E+002         NaN  0.000E+000
   4.696E+014  5.110E+005  6.800E+002  1.283E-001  3.484E-001  1.770E-012  0.000E+000  0.000E+000  8.045E-001  6.544E+002         NaN  0.000E+000
   5.032E+014  4.451E+005  6.569E+002  1.198E-001  3.704E-001  1.976E-012  0.000E+000  0.000E+000  8.444E-001  6.544E+002         NaN  0.000E+000
   5.392E+014  3.876E+005  6.346E+002  1.118E-001  3.924E-001  2.231E-012  0.000E+000  0.000E+000  8.815E-001  6.544E+002         NaN  0.000E+000
   5.778E+014  3.376E+005  6.131E+002  1.043E-001  4.144E-001  2.529E-012  0.000E+000  0.000E+000  9.162E-001  6.544E+002         NaN  0.000E+000
   6.191E+014  2.941E+005  5.923E+002  9.735E-002  4.364E-001  2.859E-012  0.000E+000  0.000E+000  9.486E-001  6.544E+002         NaN  0.000E+000
   6.634E+014  2.561E+005  5.721E+002  9.086E-002  4.581E-001  3.224E-012  0.000E+000  0.000E+000  9.788E-001  6.544E+002         NaN  0.000E+000
   7.108E+014  2.231E+005  5.527E+002  8.479E-002  4.796E-001  3.581E-012  0.000E+000  0.000E+000  1.007E+000  6.544E+002         NaN  0.000E+000
   7.616E+014  1.943E+005  5.340E+002  7.913E-002  5.008E-001  4.098E-012  0.000E+000  0.000E+000  1.033E+000  6.544E+002         NaN  0.000E+000
   8.161E+014  1.692E+005  5.158E+002  7.385E-002  5.217E-001  4.494E-012  0.000E+000  0.000E+000  1.058E+000  6.544E+002         NaN  0.000E+000
   8.745E+014  1.474E+005  4.983E+002  6.892E-002  5.422E-001  5.030E-012  0.000E+000  0.000E+000  1.081E+000  6.544E+002         NaN  0.000E+000
   9.370E+014  1.284E+005  4.814E+002  6.432E-002  5.623E-001  5.575E-012  0.000E+000  0.000E+000  1.102E+000  6.544E+002         NaN  0.000E+000
   1.004E+015  1.118E+005  4.651E+002  6.003E-002  5.820E-001  6.128E-012  0.000E+000  0.000E+000  1.122E+000  6.544E+002         NaN  0.000E+000
   1.076E+015  9.737E+004  4.493E+002  5.602E-002  6.011E-001  6.829E-012  0.000E+000  0.000E+000  1.141E+000  6.544E+002         NaN  0.000E+000
   1.153E+015  8.481E+004  4.340E+002  5.228E-002  6.197E-001  7.502E-012  0.000E+000  0.000E+000  1.158E+000  6.544E+002         NaN  0.000E+000
   1.235E+015  7.387E+004  4.193E+002  4.879E-002  6.378E-001  8.277E-012  0.000E+000  0.000E+000  1.174E+000  6.544E+002         NaN  0.000E+000
   1.324E+015  6.433E+004  4.051E+002  4.554E-002  6.552E-001  9.121E-012  0.000E+000  0.000E+000  1.190E+000  6.544E+002         NaN  0.000E+000
   1.418E+015  5.603E+004  3.913E+002  4.250E-002  6.722E-001  9.974E-012  0.000E+000  0.000E+000  1.204E+000  6.544E+002         NaN  0.000E+000
   1.520E+015  4.880E+004  3.780E+002  3.966E-002  6.885E-001  1.105E-011  0.000E+000  0.000E+000  1.217E+000  6.544E+002         NaN  0.000E+000
   1.628E+015  4.250E+004  3.652E+002  3.701E-002  7.042E-001  1.209E-011  0.000E+000  0.000E+000  1.229E+000  6.544E+002         NaN  0.000E+000
   1.745E+015  3.702E+004  3.528E+002  3.454E-002  7.193E-001  1.314E-011  0.000E+000  0.000E+000  1.241E+000  6.544E+002         NaN  0.000E+000
   1.870E+015  3.224E+004  3.408E+002  3.224E-002  7.338E-001  1.454E-011  0.000E+000  0.000E+000  1.251E+000  6.544E+002         NaN  0.000E+000
   2.003E+015  2.808E+004  3.292E+002  3.009E-002  7.478E-001  1.580E-011  0.000E+000  0.000E+000  1.261E+000  6.544E+002         NaN  0.000E+000
   2.147E+015  2.446E+004  3.181E+002  2.808E-002  7.611E-001  1.731E-011  0.000E+000  0.000E+000  1.271E+000  6.544E+002         NaN  0.000E+000
   2.300E+015  2.130E+004  3.073E+002  2.620E-002  7.739E-001  1.889E-011  0.000E+000  0.000E+000  1.279E+000  6.544E+002         NaN  0.000E+000
   2.465E+015  1.855E+004  2.968E+002  2.445E-002  7.861E-001  2.057E-011  0.000E+000  0.000E+000  1.288E+000  6.544E+002         NaN  0.000E+000
   2.641E+015  1.616E+004  2.868E+002  2.282E-002  7.977E-001  2.226E-011  0.000E+000  0.000E+000  1.295E+000  6.544E+002         NaN  0.000E+000
   2.830E+015  1.407E+004  2.770E+002  2.130E-002  8.088E-001  2.434E-011  0.000E+000  0.000E+000  1.302E+000  6.544E+002         NaN  0.000E+000
   3.032E+015  1.226E+004  2.676E+002  1.988E-002  8.194E-001  2.627E-011  0.000E+000  0.000E+000  1.309E+000  6.544E+002         NaN  0.000E+000
   3.249E+015  1.068E+004  2.585E+002  1.855E-002  8.295E-001  2.849E-011  0.000E+000  0.000E+000  1.315E+000  6.544E+002         NaN  0.000E+000
   3.481E+015  9.299E+003  2.498E+002  1.731E-002  8.391E-001  3.082E-011  0.000E+000  0.000E+000  1.321E+000  6.544E+002         NaN  0.000E+000
   3.730E+015  8.099E+003  2.413E+002  1.616E-002  8.482E-001  3.379E-011  0.000E+000  0.000E+000  1.326E+000  6.544E+002         NaN  0.000E+000
   3.997E+015  7.054E+003  2.331E+002  1.508E-002  8.569E-001  3.629E-011  0.000E+000  0.000E+000  1.331E+000  6.544E+002         NaN  0.000E+000
   4.283E+015  6.144E+003  2.252E+002  1.407E-002  8.651E-001  3.929E-011  0.000E+000  0.000E+000  1.336E+000  6.544E+002         NaN  0.000E+000
   4.589E+015  5.351E+003  2.175E+002  1.313E-002  8.729E-001  4.278E-011  0.000E+000  0.000E+000  1.340E+000  6.544E+002         NaN  0.000E+000
   4.918E+015  4.661E+003  2.101E+002  1.226E-002  8.803E-001  4.626E-011  0.000E+000  0.000E+000  1.344E+000  6.544E+002         NaN  0.000E+000
   5.269E+015  4.059E+003  2.030E+002  1.144E-002  8.873E-001  4.962E-011  0.000E+000  0.000E+000  1.348E+000  6.544E+002         NaN  0.000E+000
   5.646E+015  3.535E+003  1.961E+002  1.067E-002  8.940E-001  5.379E-011  0.000E+000  0.000E+000  1.352E+000  6.544E+002         NaN  0.000E+000
   6.050E+015  3.079E+003  1.895E+002  9.962E-003  9.003E-001  5.791E-011  0.000E+000  0.000E+000  1.355E+000  6.544E+002         NaN  0.000E+000
   6.483E+015  2.682E+003  1.830E+002  9.297E-003  9.062E-001  6.203E-011  0.000E+000  0.000E+000  1.358E+000  6.544E+002         NaN  0.000E+000
   6.946E+015  2.336E+003  1.768E+002  8.677E-003  9.118E-001  6.675E-011  0.000E+000  0.000E+000  1.361E+000  6.544E+002         NaN  0.000E+000
   7.443E+015  2.034E+003  1.708E+002  8.098E-003  9.171E-001  7.138E-011  0.000E+000  0.000E+000  1.364E+000  6.544E+002         NaN  0.000E+000
   7.975E+015  1.772E+003  1.650E+002  7.557E-003  9.222E-001  7.657E-011  0.000E+000  0.000E+000  1.366E+000  6.544E+002         NaN  0.000E+000
   8.546E+015  1.543E+003  1.594E+002  7.053E-003  9.269E-001  8.174E-011  0.000E+000  0.000E+000  1.368E+000  6.544E+002         NaN  0.000E+000
   9.157E+015  1.344E+003  1.540E+002  6.582E-003  9.314E-001  8.795E-011  0.000E+000  0.000E+000  1.371E+000  6.544E+002         NaN  0.000E+000
   9.812E+015  1.171E+003  1.488E+002  6.143E-003  9.356E-001  9.328E-011  0.000E+000  0.000E+000  1.373E+000  6.544E+002         NaN  0.000E+000
   1.051E+016  1.020E+003  1.437E+002  5.733E-003  9.396E-001  9.923E-011  0.000E+000  0.000E+000  1.375E+000  6.544E+002         NaN  0.000E+000
   1.127E+016  8.881E+002  1.388E+002  5.350E-003  9.433E-001  1.055E-010  0.000E+000  0.000E+000  1.376E+000  6.544E+002         NaN  0.000E+000
   1.207E+016  7.735E+002  1.341E+002  4.993E-003  9.469E-001  1.115E-010  0.000E+000  0.000E+000  1.378E+000  6.544E+002         NaN  0.000E+000
   1.293E+016  6.737E+002  1.296E+002  4.660E-003  9.502E-001  1.177E-010  0.000E+000  0.000E+000  1.380E+000  6.544E+002         NaN  0.000E+000
   1.386E+016  5.867E+002  1.252E+002  4.349E-003  9.533E-001  1.244E-010  0.000E+000  0.000E+000  1.381E+000  6.544E+002         NaN  0.000E+000
   1.485E+016  5.110E+002  1.209E+002  4.058E-003  9.562E-001  1.310E-010  0.000E+000  0.000E+000  1.382E+000  6.544E+002         NaN  0.000E+000
   1.591E+016  4.451E+002  1.168E+002  3.787E-003  9.590E-001  1.374E-010  0.000E+000  0.000E+000  1.384E+000  6.544E+002         NaN  0.000E+000
   1.705E+016  3.876E+002  1.129E+002  3.535E-003  9.616E-001  1.437E-010  0.000E+000  0.000E+000  1.385E+000  6.544E+002         NaN  0.000E+000
   1.827E+016  3.376E+002  1.090E+002  3.299E-003  9.640E-001  1.503E-010  0.000E+000  0.000E+000  1.386E+000  6.544E+002         NaN  0.000E+000
   1.958E+016  2.941E+002  1.053E+002  3.079E-003  9.663E-001  1.557E-010  0.000E+000  0.000E+000  1.387E+000  6.544E+002         NaN  0.000E+000
   2.098E+016  2.561E+002  1.017E+002  2.873E-003  9.685E-001  1.613E-010  0.000E+000  0.000E+000  1.388E+000  6.544E+002         NaN  0.000E+000
   2.248E+016  2.231E+002  9.829E+001  2.681E-003  9.705E-001  1.669E-010  0.000E+000  0.000E+000  1.389E+000  6.544E+002         NaN  0.000E+000
   2.409E+016  1.943E+002  9.495E+001  2.502E-003  9.724E-001  1.715E-010  0.000E+000  0.000E+000  1.390E+000  6.544E+002         NaN  0.000E+000
   2.581E+016  1.692E+002  9.173E+001  2.335E-003  9.742E-001  1.756E-010  0.000E+000  0.000E+000  1.390E+000  6.544E+002         NaN  0.000E+000
   2.765E+016  1.474E+002  8.862E+001  2.179E-003  9.758E-001  1.799E-010  0.000E+000  0.000E+000  1.391E+000  6.544E+002         NaN  0.000E+000
   2.963E+016  1.284E+002  8.561E+001  2.034E-003  9.774E-001  1.832E-010  0.000E+000  0.000E+000  1.392E+000  6.544E+002         NaN  0.000E+000
   3.175E+016  1.118E+002  8.270E+001  1.898E-003  9.789E-001  1.859E-010  0.000E+000  0.000E+000  1.392E+000  6.544E+002         NaN  0.000E+000
   3.402E+016  9.737E+001  7.989E+001  1.772E-003  9.802E-001  1.881E-010  0.000E+000  0.000E+000  1.393E+000  6.544E+002         NaN  0.000E+000
   3.645E+016  8.481E+001  7.718E+001  1.653E-003  9.815E-001  1.903E-010  0.000E+000  0.000E+000  1.394E+000  6.544E+002         NaN  0.000E+000
   3.906E+016  7.387E+001  7.456E+001  1.543E-003  9.827E-001  1.918E-010  0.000E+000  0.000E+000  1.394E+000  6.544E+002         NaN  0.000E+000
   4.186E+016  6.433E+001  7.203E+001  1.440E-003  9.839E-001  1.931E-010  0.000E+000  0.000E+000  1.395E+000  6.544E+002         NaN  0.000E+000
   4.485E+016  5.603E+001  6.958E+001  1.344E-003  9.849E-001  1.941E-010  0.000E+000  0.000E+000  1.395E+000  6.544E+002         NaN  0.000E+000
   4.806E+016  4.880E+001  6.722E+001  1.254E-003  9.859E-001  1.949E-010  0.000E+000  0.000E+000  1.395E+000  6.544E+002         NaN  0.000E+000
   5.149E+016  4.250E+001  6.494E+001  1.170E-003  9.868E-001  1.955E-010  0.000E+000  0.000E+000  1.396E+000  6.544E+002         NaN  0.000E+000
   5.518E+016  3.702E+001  6.273E+001  1.092E-003  9.877E-001  1.960E-010  0.000E+000  0.000E+000  1.396E+000  6.544E+002         NaN  0.000E+000
   5.912E+016  3.224E+001  6.061E+001  1.019E-003  9.885E-001  1.964E-010  0.000E+000  0.000E+000  1.397E+000  6.544E+002         NaN  0.000E+000
   6.335E+016  2.808E+001  5.855E+001  9.514E-004  9.893E-001  1.967E-010  0.000E+000  0.000E+000  1.397E+000  6.544E+002         NaN  0.000E+000
   6.788E+016  2.446E+001  5.656E+001  8.879E-004  9.900E-001  1.970E-010  0.000E+000  0.000E+000  1.397E+000  6.544E+002         NaN  0.000E+000
   7.274E+016  2.130E+001  5.464E+001  8.286E-004  9.906E-001  1.972E-010  0.000E+000  0.000E+000  1.397E+000  6.544E+002         NaN  0.000E+000
   7.794E+016  1.855E+001  5.278E+001  7.733E-004  9.912E-001  1.974E-010  0.000E+000  0.000E+000  1.398E+000  6.544E+002         NaN  0.000E+000
   8.351E+016  1.616E+001  5.099E+001  7.217E-004  9.918E-001  1.976E-010  0.000E+000  0.000E+000  1.398E+000  6.544E+002         NaN  0.000E+000
   8.949E+016  1.407E+001  4.926E+001  6.735E-004  9.924E-001  1.977E-010  0.000E+000  0.000E+000  1.398E+000  6.544E+002         NaN  0.000E+000
   9.589E+016  1.226E+001  4.759E+001  6.286E-004  9.929E-001  1.978E-010  0.000E+000  0.000E+000  1.398E+000  6.544E+002         NaN  0.000E+000
   1.027E+017  1.068E+001  4.597E+001  5.866E-004  9.933E-001  1.980E-010  0.000E+000  0.000E+000  1.399E+000  6.544E+002         NaN  0.000E+000
   1.101E+017  9.299E+000  4.441E+001  5.475E-004  9.938E-001  1.981E-010  0.000E+000  0.000E+000  1.399E+000  6.544E+002         NaN  0.000E+000
   1.180E+017  8.099E+000  4.291E+001  5.109E-004  9.942E-001  1.982E-010  0.000E+000  0.000E+000  1.399E+000  6.544E+002         NaN  0.000E+000
   1.264E+017  7.054E+000  4.145E+001  4.768E-004  9.946E-001  1.983E-010  0.000E+000  0.000E+000  1.399E+000  6.544E+002         NaN  0.000E+000
   1.354E+017  6.144E+000  4.004E+001  4.450E-004  9.949E-001  1.984E-010  0.000E+000  0.000E+000  1.399E+000  6.544E+002         NaN  0.000E+000
   1.451E+017  5.351E+000  3.868E+001  4.153E-004  9.953E-001  1.985E-010  0.000E+000  0.000E+000  1.399E+000  6.544E+002         NaN  0.000E+000
   1.555E+017  4.661E+000  3.737E+001  3.876E-004  9.956E-001  1.986E-010  0.000E+000  0.000E+000  1.399E+000  6.544E+002         NaN  0.000E+000
   1.666E+017  4.059E+000  3.610E+001  3.617E-004  9.959E-001  1.987E-010  0.000E+000  0.000E+000  1.400E+000  6.544E+002         NaN  0.000E+000
   1.785E+017  3.535E+000  3.487E+001  3.376E-004  9.961E-001  1.987E-010  0.000E+000  0.000E+000  1.400E+000  6.544E+002         NaN  0.000E+000
   1.913E+017  3.079E+000  3.369E+001  3.150E-004  9.964E-001  1.988E-010  0.000E+000  0.000E+000  1.400E+000  6.544E+002         NaN  0.000E+000
   2.050E+017  2.682E+000  3.255E+001  2.940E-004  9.966E-001  1.989E-010  0.000E+000  0.000E+000  1.400E+000  6.544E+002         NaN  0.000E+000
   2.197E+017  2.336E+000  3.144E+001  2.744E-004  9.969E-001  1.989E-010  0.000E+000  0.000E+000  1.400E+000  6.544E+002         NaN  0.000E+000
   2.354E+017  2.034E+000  3.037E+001  2.561E-004  9.971E-001  1.990E-010  0.000E+000  0.000E+000  1.400E+000  6.544E+002         NaN  0.000E+000
   2.522E+017  1.772E+000  2.934E+001  2.390E-004  9.973E-001  1.991E-010  0.000E+000  0.000E+000  1.400E+000  6.544E+002         NaN  0.000E+000
   2.702E+017  1.543E+000  2.835E+001  2.230E-004  9.975E-001  1.991E-010  0.000E+000  0.000E+000  1.400E+000  6.544E+002         NaN  0.000E+000
   2.896E+017  1.344E+000  2.738E+001  2.081E-004  9.976E-001  1.992E-010  0.000E+000  0.000E+000  1.400E+000  6.544E+002         NaN  0.000E+000
   3.103E+017  1.171E+000  2.646E+001  1.942E-004  9.978E-001  1.992E-010  0.000E+000  0.000E+000  1.400E+000  6.544E+002         NaN  0.000E+000
   3.325E+017  1.020E+000  2.556E+001  1.813E-004  9.979E-001  1.993E-010  0.000E+000  0.000E+000  1.400E+000  6.544E+002         NaN  0.000E+000
   3.562E+017  8.881E-001  2.469E+001  1.692E-004  9.981E-001  1.993E-010  0.000E+000  0.000E+000  1.401E+000  6.544E+002         NaN  0.000E+000
   3.817E+017  7.735E-001  2.385E+001  1.579E-004  9.982E-001  1.993E-010  0.000E+000  0.000E+000  1.401E+000  6.544E+002         NaN  0.000E+000
   4.090E+017  6.737E-001  2.304E+001  1.474E-004  9.983E-001  1.994E-010  0.000E+000  0.000E+000  1.401E+000  6.544E+002         NaN  0.000E+000
   4.383E+017  5.867E-001  2.226E+001  1.375E-004  9.984E-001  1.994E-010  0.000E+000  0.000E+000  1.401E+000  6.544E+002         NaN  0.000E+000
   4.696E+017  5.110E-001  2.150E+001  1.283E-004  9.985E-001  1.994E-010  0.000E+000  0.000E+000  1.401E+000  6.544E+002         NaN  0.000E+000
   5.032E+017  4.451E-001  2.077E+001  1.198E-004  9.986E-001  1.995E-010  0.000E+000  0.000E+000  1.401E+000  6.544E+002         NaN  0.000E+000
   5.392E+017  3.876E-001  2.007E+001  1.118E-004  9.987E-001  1.995E-010  0.000E+000  0.000E+000  1.401E+000  6.544E+002         NaN  0.000E+000
   5.778E+017  3.376E-001  1.939E+001  1.043E-004  9.988E-001  1.995E-010  0.000E+000  0.000E+000  1.401E+000  6.544E+002         NaN  0.000E+000
   6.191E+017  2.941E-001  1.873E+001  9.735E-005  9.989E-001  1.996E-010  0.000E+000  0.000E+000  1.401E+000  6.544E+002         NaN  0.000E+000
   6.634E+017  2.561E-001  1.809E+001  9.086E-005  9.990E-001  1.996E-010  0.000E+000  0.000E+000  1.401E+000  6.544E+002         NaN  0.000E+000
   7.108E+017  2.231E-001  1.748E+001  8.479E-005  9.990E-001  1.996E-010  0.000E+000  0.000E+000  1.401E+000  6.544E+002         NaN  0.000E+000
   7.616E+017  1.943E-001  1.689E+001  7.913E-005  9.991E-001  1.996E-010  0.000E+000  0.000E+000  1.401E+000  6.544E+002         NaN  0.000E+000
   8.161E+017  1.692E-001  1.631E+001  7.385E-005  9.992E-001  1.997E-010  0.000E+000  0.000E+000  1.401E+000  6.544E+002         NaN  0.000E+000
   8.745E+017  1.474E-001  1.576E+001  6.892E-005  9.992E-001  1.997E-010  0.000E+000  0.000E+000  1.401E+000  6.544E+002         NaN  0.000E+000
   9.370E+017  1.284E-001  1.522E+001  6.432E-005  9.993E-001  1.997E-010  0.000E+000  0.000E+000  1.401E+000  6.544E+002         NaN  0.000E+000
   1.004E+018  1.118E-001  1.471E+001  6.003E-005  9.993E-001  1.997E-010  0.000E+000  0.000E+000  1.401E+000  6.544E+002         NaN  0.000E+000
