Starting job 10175700, array task 439 on dave34
Chemistry type: Crich
Analysis mode: false
Found 462 valid particle IDs in /fred/oz304/beckers/Chemistry/traces/wind_v10/trace_output_with_av
Returning 460 particle IDs (after start_index=2 offset)
SLURM task 439: processing particle 3951753
Running Crich evolving_model on 1 phantom particle trace(s) from wind_v10

 +++++++++++++++++++++++++++++++++++++++++++++++++++
 +++++        ENVELOPE CHEMICAL MODEL         ++++++
 +++++++++++++++++++++++++++++++++++++++++++++++++++

 Version 1.0 authored by Catherine Walsh and Maria 
    Drozdovskaya, Leiden Observatory (01/08/2013)

 Version 1.1 amended by Catherine Walsh (18/05/2014)

 Version 1.2 amended by Catherine Walsh (13/08/2015)

 +++++++++++++++++++++++++++++++++++++++++++++++++++

          Input file =  Crich/param/trace_file_param/file_parameters_3951753.txt              

 Physical conditions  = Crich/input/3951753.txt                                               
 Chemical network     = ./rate12_complex.rates                                                
 Species file         = ./rate12_complex_atomic_Crich.specs                                   
 Binding energies     = ./rate12_binding.dat                                                  
 Reaction parameters  = param/reaction_parameters.txt                                         
 Grain parameters     = param/grain_parameters.txt                                            
 Radiation parameters = param/radiation_parameters.txt                                        

 Output file          = Crich/output/model_output_3951753.dat                                 
 Rates file           = Crich/output/model_rates_3951753.dat                                  

 Opening and reading physical conditions file ...

 +++++++++++++++++++++++++++++++++++++++++++++++++++
 Beginning to run model ...
 +++++++++++++++++++++++++++++++++++++++++++++++++++

 Preparing output files ...

 Progress = ...
 ...    1 /  71

 No. steps =    1004   No. f-s =   18202   No. J-s =      25   No. LU-s =     161
  No. nonlinear iterations =    1501
  No. nonlinear convergence failures =       0
  No. error test failures =      46
  Last step size used =    0.41584E+09
  Index compenent largest error = ********

 ...    2 /  71

 No. steps =     185   No. f-s =    2890   No. J-s =       4   No. LU-s =      34
  No. nonlinear iterations =     215
  No. nonlinear convergence failures =       0
  No. error test failures =       2
  Last step size used =    0.31805E+07
  Index compenent largest error = ********

 ...    3 /  71

 No. steps =     308   No. f-s =    4377   No. J-s =       6   No. LU-s =      48
  No. nonlinear iterations =     366
  No. nonlinear convergence failures =       0
  No. error test failures =       8
  Last step size used =    0.27118E+07
  Index compenent largest error = ********

 ...    4 /  71

 No. steps =     362   No. f-s =    5823   No. J-s =       8   No. LU-s =      55
  No. nonlinear iterations =     476
  No. nonlinear convergence failures =       0
  No. error test failures =      13
  Last step size used =    0.70374E+06
  Index compenent largest error = ********

 ...    5 /  71

 No. steps =     186   No. f-s =    2884   No. J-s =       4   No. LU-s =      31
  No. nonlinear iterations =     209
  No. nonlinear convergence failures =       0
  No. error test failures =       0
  Last step size used =    0.15053E+07
  Index compenent largest error = ********

 ...    6 /  71

 No. steps =     187   No. f-s =    2885   No. J-s =       4   No. LU-s =      32
  No. nonlinear iterations =     210
  No. nonlinear convergence failures =       0
  No. error test failures =       0
  Last step size used =    0.41657E+07
  Index compenent largest error = ********

 ...    7 /  71

 No. steps =     197   No. f-s =    2901   No. J-s =       4   No. LU-s =      32
  No. nonlinear iterations =     226
  No. nonlinear convergence failures =       0
  No. error test failures =       1
  Last step size used =    0.35902E+07
  Index compenent largest error = ********

 ...    8 /  71

 No. steps =     188   No. f-s =    2886   No. J-s =       4   No. LU-s =      29
  No. nonlinear iterations =     211
  No. nonlinear convergence failures =       0
  No. error test failures =       0
  Last step size used =    0.39861E+07
  Index compenent largest error = ********

 ...    9 /  71

 No. steps =     178   No. f-s =    2877   No. J-s =       4   No. LU-s =      31
  No. nonlinear iterations =     202
  No. nonlinear convergence failures =       0
  No. error test failures =       1
  Last step size used =    0.28580E+07
  Index compenent largest error = ********

 ...   10 /  71

 No. steps =     165   No. f-s =    2861   No. J-s =       4   No. LU-s =      28
  No. nonlinear iterations =     186
  No. nonlinear convergence failures =       0
  No. error test failures =       0
  Last step size used =    0.35729E+07
  Index compenent largest error = ********

 ...   11 /  71

 No. steps =     157   No. f-s =    2182   No. J-s =       3   No. LU-s =      28
  No. nonlinear iterations =     175
  No. nonlinear convergence failures =       0
  No. error test failures =       0
  Last step size used =    0.32446E+07
  Index compenent largest error = ********

 ...   12 /  71

 No. steps =     147   No. f-s =    2170   No. J-s =       3   No. LU-s =      28
  No. nonlinear iterations =     163
  No. nonlinear convergence failures =       0
  No. error test failures =       0
  Last step size used =    0.34341E+07
  Index compenent largest error = ********

 ...   13 /  71

 No. steps =     145   No. f-s =    2168   No. J-s =       3   No. LU-s =      27
  No. nonlinear iterations =     161
  No. nonlinear convergence failures =       0
  No. error test failures =       0
  Last step size used =    0.28687E+07
  Index compenent largest error = ********

 ...   14 /  71

 No. steps =     140   No. f-s =    2165   No. J-s =       3   No. LU-s =      26
  No. nonlinear iterations =     158
  No. nonlinear convergence failures =       0
  No. error test failures =       0
  Last step size used =    0.33117E+07
  Index compenent largest error = ********

 ...   15 /  71

 No. steps =     137   No. f-s =    2160   No. J-s =       3   No. LU-s =      26
  No. nonlinear iterations =     153
  No. nonlinear convergence failures =       0
  No. error test failures =       0
  Last step size used =    0.38858E+07
  Index compenent largest error = ********

 ...   16 /  71

 No. steps =     133   No. f-s =    2156   No. J-s =       3   No. LU-s =      26
  No. nonlinear iterations =     149
  No. nonlinear convergence failures =       0
  No. error test failures =       0
  Last step size used =    0.28801E+07
  Index compenent largest error = ********

 ...   17 /  71

 No. steps =     130   No. f-s =    2152   No. J-s =       3   No. LU-s =      25
  No. nonlinear iterations =     145
  No. nonlinear convergence failures =       0
  No. error test failures =       0
  Last step size used =    0.38576E+07
  Index compenent largest error = ********

 ...   18 /  71

 No. steps =     133   No. f-s =    2159   No. J-s =       3   No. LU-s =      25
  No. nonlinear iterations =     152
  No. nonlinear convergence failures =       0
  No. error test failures =       1
  Last step size used =    0.25835E+07
  Index compenent largest error = ********

 ...   19 /  71

 No. steps =     169   No. f-s =    2883   No. J-s =       4   No. LU-s =      33
  No. nonlinear iterations =     208
  No. nonlinear convergence failures =       0
  No. error test failures =       5
  Last step size used =    0.27216E+07
  Index compenent largest error = ********

 ...   20 /  71

 No. steps =     153   No. f-s =    2181   No. J-s =       3   No. LU-s =      24
  No. nonlinear iterations =     174
  No. nonlinear convergence failures =       0
  No. error test failures =       0
  Last step size used =    0.23616E+07
  Index compenent largest error = ********

 ...   21 /  71

 No. steps =     118   No. f-s =    2139   No. J-s =       3   No. LU-s =      22
  No. nonlinear iterations =     132
  No. nonlinear convergence failures =       0
  No. error test failures =       0
  Last step size used =    0.39036E+07
  Index compenent largest error = ********

 ...   22 /  71

 No. steps =     126   No. f-s =    2144   No. J-s =       3   No. LU-s =      24
  No. nonlinear iterations =     137
  No. nonlinear convergence failures =       0
  No. error test failures =       0
  Last step size used =    0.26252E+07
  Index compenent largest error = ********

 ...   23 /  71

 No. steps =     133   No. f-s =    2157   No. J-s =       3   No. LU-s =      24
  No. nonlinear iterations =     150
  No. nonlinear convergence failures =       0
  No. error test failures =       0
  Last step size used =    0.33574E+07
  Index compenent largest error = ********

 ...   24 /  71

 No. steps =     128   No. f-s =    2152   No. J-s =       3   No. LU-s =      24
  No. nonlinear iterations =     145
  No. nonlinear convergence failures =       0
  No. error test failures =       0
  Last step size used =    0.32534E+07
  Index compenent largest error = ********

 ...   25 /  71

 No. steps =     124   No. f-s =    2146   No. J-s =       3   No. LU-s =      24
  No. nonlinear iterations =     139
  No. nonlinear convergence failures =       0
  No. error test failures =       0
  Last step size used =    0.35677E+07
  Index compenent largest error = ********

 ...   26 /  71

 No. steps =     122   No. f-s =    2144   No. J-s =       3   No. LU-s =      24
  No. nonlinear iterations =     137
  No. nonlinear convergence failures =       0
  No. error test failures =       0
  Last step size used =    0.37023E+07
  Index compenent largest error = ********

 ...   27 /  71

 No. steps =     120   No. f-s =    2143   No. J-s =       3   No. LU-s =      23
  No. nonlinear iterations =     136
  No. nonlinear convergence failures =       0
  No. error test failures =       0
  Last step size used =    0.28790E+07
  Index compenent largest error = ********

 ...   28 /  71

 No. steps =     118   No. f-s =    2136   No. J-s =       3   No. LU-s =      22
  No. nonlinear iterations =     129
  No. nonlinear convergence failures =       0
  No. error test failures =       0
  Last step size used =    0.33400E+07
  Index compenent largest error = ********

 ...   29 /  71

 No. steps =     116   No. f-s =    2136   No. J-s =       3   No. LU-s =      23
  No. nonlinear iterations =     129
  No. nonlinear convergence failures =       0
  No. error test failures =       0
  Last step size used =    0.45147E+07
  Index compenent largest error = ********

 ...   30 /  71

 No. steps =     113   No. f-s =    2132   No. J-s =       3   No. LU-s =      22
  No. nonlinear iterations =     125
  No. nonlinear convergence failures =       0
  No. error test failures =       0
  Last step size used =    0.33997E+07
  Index compenent largest error = ********

 ...   31 /  71

 No. steps =     112   No. f-s =    2131   No. J-s =       3   No. LU-s =      22
  No. nonlinear iterations =     124
  No. nonlinear convergence failures =       0
  No. error test failures =       0
  Last step size used =    0.38984E+07
  Index compenent largest error = ********

 ...   32 /  71

 No. steps =     109   No. f-s =    2129   No. J-s =       3   No. LU-s =      22
  No. nonlinear iterations =     122
  No. nonlinear convergence failures =       0
  No. error test failures =       0
  Last step size used =    0.40277E+07
  Index compenent largest error = ********

 ...   33 /  71

 No. steps =     108   No. f-s =    2127   No. J-s =       3   No. LU-s =      22
  No. nonlinear iterations =     120
  No. nonlinear convergence failures =       0
  No. error test failures =       0
  Last step size used =    0.48441E+07
  Index compenent largest error = ********

 ...   34 /  71

 No. steps =     104   No. f-s =    1455   No. J-s =       2   No. LU-s =      21
  No. nonlinear iterations =     116
  No. nonlinear convergence failures =       0
  No. error test failures =       0
  Last step size used =    0.39475E+07
  Index compenent largest error = ********

 ...   35 /  71

 No. steps =      95   No. f-s =    1450   No. J-s =       2   No. LU-s =      22
  No. nonlinear iterations =     111
  No. nonlinear convergence failures =       0
  No. error test failures =       0
  Last step size used =    0.39594E+07
  Index compenent largest error = ********

 ...   36 /  71

 No. steps =     115   No. f-s =    2141   No. J-s =       3   No. LU-s =      24
  No. nonlinear iterations =     134
  No. nonlinear convergence failures =       0
  No. error test failures =       1
  Last step size used =    0.42747E+07
  Index compenent largest error = ********

 ...   37 /  71

 No. steps =     120   No. f-s =    2141   No. J-s =       3   No. LU-s =      22
  No. nonlinear iterations =     134
  No. nonlinear convergence failures =       0
  No. error test failures =       0
  Last step size used =    0.38101E+07
  Index compenent largest error = ********

 ...   38 /  71

 No. steps =     109   No. f-s =    2127   No. J-s =       3   No. LU-s =      21
  No. nonlinear iterations =     120
  No. nonlinear convergence failures =       0
  No. error test failures =       0
  Last step size used =    0.39162E+07
  Index compenent largest error = ********

 ...   39 /  71

 No. steps =      78   No. f-s =    1428   No. J-s =       2   No. LU-s =      20
  No. nonlinear iterations =      89
  No. nonlinear convergence failures =       0
  No. error test failures =       0
  Last step size used =    0.76379E+07
  Index compenent largest error = ********

 ...   40 /  71

 No. steps =      87   No. f-s =    1436   No. J-s =       2   No. LU-s =      20
  No. nonlinear iterations =      97
  No. nonlinear convergence failures =       0
  No. error test failures =       0
  Last step size used =    0.48772E+07
  Index compenent largest error = ********

 ...   41 /  71

 No. steps =      97   No. f-s =    1449   No. J-s =       2   No. LU-s =      21
  No. nonlinear iterations =     110
  No. nonlinear convergence failures =       0
  No. error test failures =       0
  Last step size used =    0.49648E+07
  Index compenent largest error = ********

 ...   42 /  71

 No. steps =     105   No. f-s =    1458   No. J-s =       2   No. LU-s =      22
  No. nonlinear iterations =     119
  No. nonlinear convergence failures =       0
  No. error test failures =       0
  Last step size used =    0.48519E+07
  Index compenent largest error = ********

 ...   43 /  71

 No. steps =     104   No. f-s =    1456   No. J-s =       2   No. LU-s =      22
  No. nonlinear iterations =     117
  No. nonlinear convergence failures =       0
  No. error test failures =       0
  Last step size used =    0.33157E+07
  Index compenent largest error = ********

 ...   44 /  71

 No. steps =     103   No. f-s =    1456   No. J-s =       2   No. LU-s =      22
  No. nonlinear iterations =     117
  No. nonlinear convergence failures =       0
  No. error test failures =       0
  Last step size used =    0.36404E+07
  Index compenent largest error = ********

 ...   45 /  71

 No. steps =     103   No. f-s =    1453   No. J-s =       2   No. LU-s =      22
  No. nonlinear iterations =     114
  No. nonlinear convergence failures =       0
  No. error test failures =       0
  Last step size used =    0.34071E+07
  Index compenent largest error = ********

 ...   46 /  71

 No. steps =     104   No. f-s =    1457   No. J-s =       2   No. LU-s =      21
  No. nonlinear iterations =     118
  No. nonlinear convergence failures =       0
  No. error test failures =       0
  Last step size used =    0.40723E+07
  Index compenent largest error = ********

 ...   47 /  71

 No. steps =     102   No. f-s =    1450   No. J-s =       2   No. LU-s =      22
  No. nonlinear iterations =     111
  No. nonlinear convergence failures =       0
  No. error test failures =       0
  Last step size used =    0.35520E+07
  Index compenent largest error = ********

 ...   48 /  71

 No. steps =      99   No. f-s =    1448   No. J-s =       2   No. LU-s =      21
  No. nonlinear iterations =     109
  No. nonlinear convergence failures =       0
  No. error test failures =       0
  Last step size used =    0.37174E+07
  Index compenent largest error = ********

 ...   49 /  71

 No. steps =      98   No. f-s =    1447   No. J-s =       2   No. LU-s =      21
  No. nonlinear iterations =     108
  No. nonlinear convergence failures =       0
  No. error test failures =       0
  Last step size used =    0.42550E+07
  Index compenent largest error = ********

 ...   50 /  71

 No. steps =      96   No. f-s =    1445   No. J-s =       2   No. LU-s =      21
  No. nonlinear iterations =     106
  No. nonlinear convergence failures =       0
  No. error test failures =       0
  Last step size used =    0.55524E+07
  Index compenent largest error = ********

 ...   51 /  71

 No. steps =      95   No. f-s =    1447   No. J-s =       2   No. LU-s =      20
  No. nonlinear iterations =     108
  No. nonlinear convergence failures =       0
  No. error test failures =       0
  Last step size used =    0.46802E+07
  Index compenent largest error = ********

 ...   52 /  71

 No. steps =      95   No. f-s =    1447   No. J-s =       2   No. LU-s =      20
  No. nonlinear iterations =     108
  No. nonlinear convergence failures =       0
  No. error test failures =       0
  Last step size used =    0.52034E+07
  Index compenent largest error = ********

 ...   53 /  71

 No. steps =      94   No. f-s =    1444   No. J-s =       2   No. LU-s =      21
  No. nonlinear iterations =     105
  No. nonlinear convergence failures =       0
  No. error test failures =       0
  Last step size used =    0.49207E+07
  Index compenent largest error = ********

 ...   54 /  71

 No. steps =      90   No. f-s =    1440   No. J-s =       2   No. LU-s =      20
  No. nonlinear iterations =     101
  No. nonlinear convergence failures =       0
  No. error test failures =       0
  Last step size used =    0.60097E+07
  Index compenent largest error = ********

 ...   55 /  71

 No. steps =      79   No. f-s =    1433   No. J-s =       2   No. LU-s =      20
  No. nonlinear iterations =      94
  No. nonlinear convergence failures =       0
  No. error test failures =       0
  Last step size used =    0.48821E+07
  Index compenent largest error = ********

 ...   56 /  71

 No. steps =      77   No. f-s =    1425   No. J-s =       2   No. LU-s =      20
  No. nonlinear iterations =      86
  No. nonlinear convergence failures =       0
  No. error test failures =       0
  Last step size used =    0.49847E+07
  Index compenent largest error = ********

 ...   57 /  71

 No. steps =      73   No. f-s =    1427   No. J-s =       2   No. LU-s =      16
  No. nonlinear iterations =      88
  No. nonlinear convergence failures =       0
  No. error test failures =       0
  Last step size used =    0.49518E+07
  Index compenent largest error = ********

 ...   58 /  71

 No. steps =      77   No. f-s =    1426   No. J-s =       2   No. LU-s =      17
  No. nonlinear iterations =      87
  No. nonlinear convergence failures =       0
  No. error test failures =       0
  Last step size used =    0.41809E+07
  Index compenent largest error = ********

 ...   59 /  71

 No. steps =      77   No. f-s =    1433   No. J-s =       2   No. LU-s =      19
  No. nonlinear iterations =      94
  No. nonlinear convergence failures =       0
  No. error test failures =       1
  Last step size used =    0.52868E+07
  Index compenent largest error = ********

 ...   60 /  71

 No. steps =      70   No. f-s =    1419   No. J-s =       2   No. LU-s =      19
  No. nonlinear iterations =      80
  No. nonlinear convergence failures =       0
  No. error test failures =       0
  Last step size used =    0.83833E+07
  Index compenent largest error = ********

 ...   61 /  71

 No. steps =      59   No. f-s =    1405   No. J-s =       2   No. LU-s =      18
  No. nonlinear iterations =      66
  No. nonlinear convergence failures =       0
  No. error test failures =       0
  Last step size used =    0.88750E+07
  Index compenent largest error = ********

 ...   62 /  71

 No. steps =      71   No. f-s =    1417   No. J-s =       2   No. LU-s =      19
  No. nonlinear iterations =      78
  No. nonlinear convergence failures =       0
  No. error test failures =       0
  Last step size used =    0.75681E+07
  Index compenent largest error = ********

 ...   63 /  71

 No. steps =      75   No. f-s =    1425   No. J-s =       2   No. LU-s =      20
  No. nonlinear iterations =      86
  No. nonlinear convergence failures =       0
  No. error test failures =       0
  Last step size used =    0.60502E+07
  Index compenent largest error = ********

 ...   64 /  71

 No. steps =      78   No. f-s =    1428   No. J-s =       2   No. LU-s =      19
  No. nonlinear iterations =      89
  No. nonlinear convergence failures =       0
  No. error test failures =       0
  Last step size used =    0.49790E+07
  Index compenent largest error = ********

 ...   65 /  71

 No. steps =      81   No. f-s =    1431   No. J-s =       2   No. LU-s =      19
  No. nonlinear iterations =      92
  No. nonlinear convergence failures =       0
  No. error test failures =       0
  Last step size used =    0.54458E+07
  Index compenent largest error = ********

 ...   66 /  71

 No. steps =      81   No. f-s =    1432   No. J-s =       2   No. LU-s =      19
  No. nonlinear iterations =      93
  No. nonlinear convergence failures =       0
  No. error test failures =       0
  Last step size used =    0.57258E+07
  Index compenent largest error = ********

 ...   67 /  71

 No. steps =      83   No. f-s =    1430   No. J-s =       2   No. LU-s =      20
  No. nonlinear iterations =      91
  No. nonlinear convergence failures =       0
  No. error test failures =       0
  Last step size used =    0.52985E+07
  Index compenent largest error = ********

 ...   68 /  71

 No. steps =      82   No. f-s =    1431   No. J-s =       2   No. LU-s =      20
  No. nonlinear iterations =      92
  No. nonlinear convergence failures =       0
  No. error test failures =       0
  Last step size used =    0.57271E+07
  Index compenent largest error = ********

 ...   69 /  71

 No. steps =      82   No. f-s =    1430   No. J-s =       2   No. LU-s =      20
  No. nonlinear iterations =      91
  No. nonlinear convergence failures =       0
  No. error test failures =       0
  Last step size used =    0.51355E+07
  Index compenent largest error = ********

 ...   70 /  71

 No. steps =      83   No. f-s =    1438   No. J-s =       2   No. LU-s =      20
  No. nonlinear iterations =      99
  No. nonlinear convergence failures =       0
  No. error test failures =       0
  Last step size used =    0.56158E+07
  Index compenent largest error = ********

 ...   71 /  71

 No. steps =      82   No. f-s =    1432   No. J-s =       2   No. LU-s =      19
  No. nonlinear iterations =      93
  No. nonlinear convergence failures =       0
  No. error test failures =       0
  Last step size used =    0.60559E+07
  Index compenent largest error = ********


    ... DONE!
 +++++++++++++++++++++++++++++++++++++++++++++++++++


+------------------ Job Report: 10176485 (COMPLETED) ------------------+
| Memory (RAM)  No data available                                      |
| CPU           [############        ] 63.9% average                   |
| Time          [>                   ]  1.0% (0-00:00:36 / 0-01:00:00) |
|                                                                      |
| Lustre Filesystem:                                                   |
|   No data available                                                  |
+----------------------------------------------------------------------+
