Starting job 10175700, array task 422 on dave28
Chemistry type: Crich
Analysis mode: false
Found 462 valid particle IDs in /fred/oz304/beckers/Chemistry/traces/wind_v10/trace_output_with_av
Returning 460 particle IDs (after start_index=2 offset)
SLURM task 422: processing particle 3811093
Running Crich evolving_model on 1 phantom particle trace(s) from wind_v10

 +++++++++++++++++++++++++++++++++++++++++++++++++++
 +++++        ENVELOPE CHEMICAL MODEL         ++++++
 +++++++++++++++++++++++++++++++++++++++++++++++++++

 Version 1.0 authored by Catherine Walsh and Maria 
    Drozdovskaya, Leiden Observatory (01/08/2013)

 Version 1.1 amended by Catherine Walsh (18/05/2014)

 Version 1.2 amended by Catherine Walsh (13/08/2015)

 +++++++++++++++++++++++++++++++++++++++++++++++++++

          Input file =  Crich/param/trace_file_param/file_parameters_3811093.txt              

 Physical conditions  = Crich/input/3811093.txt                                               
 Chemical network     = ./rate12_complex.rates                                                
 Species file         = ./rate12_complex_atomic_Crich.specs                                   
 Binding energies     = ./rate12_binding.dat                                                  
 Reaction parameters  = param/reaction_parameters.txt                                         
 Grain parameters     = param/grain_parameters.txt                                            
 Radiation parameters = param/radiation_parameters.txt                                        

 Output file          = Crich/output/model_output_3811093.dat                                 
 Rates file           = Crich/output/model_rates_3811093.dat                                  

 Opening and reading physical conditions file ...

 +++++++++++++++++++++++++++++++++++++++++++++++++++
 Beginning to run model ...
 +++++++++++++++++++++++++++++++++++++++++++++++++++

 Preparing output files ...

 Progress = ...
 ...    1 / 125

 No. steps =    2422   No. f-s =   41850   No. J-s =      57   No. LU-s =     342
  No. nonlinear iterations =    3773
  No. nonlinear convergence failures =       0
  No. error test failures =     117
  Last step size used =    0.58147E+09
  Index compenent largest error = ********

 ...    2 / 125

 No. steps =     236   No. f-s =    3632   No. J-s =       5   No. LU-s =      37
  No. nonlinear iterations =     289
  No. nonlinear convergence failures =       0
  No. error test failures =       2
  Last step size used =    0.26988E+07
  Index compenent largest error = ********

 ...    3 / 125

 No. steps =     283   No. f-s =    5057   No. J-s =       7   No. LU-s =      40
  No. nonlinear iterations =     378
  No. nonlinear convergence failures =       0
  No. error test failures =       0
  Last step size used =    0.17546E+07
  Index compenent largest error = ********

 ...    4 / 125

 No. steps =     366   No. f-s =    5123   No. J-s =       7   No. LU-s =      48
  No. nonlinear iterations =     444
  No. nonlinear convergence failures =       0
  No. error test failures =       7
  Last step size used =    0.21045E+07
  Index compenent largest error = ********

 ...    5 / 125

 No. steps =     279   No. f-s =    3693   No. J-s =       5   No. LU-s =      47
  No. nonlinear iterations =     350
  No. nonlinear convergence failures =       0
  No. error test failures =      11
  Last step size used =    0.15637E+07
  Index compenent largest error = ********

 ...    6 / 125

 No. steps =     232   No. f-s =    3614   No. J-s =       5   No. LU-s =      34
  No. nonlinear iterations =     271
  No. nonlinear convergence failures =       0
  No. error test failures =       2
  Last step size used =    0.25064E+07
  Index compenent largest error = ********

 ...    7 / 125

 No. steps =     241   No. f-s =    3642   No. J-s =       5   No. LU-s =      41
  No. nonlinear iterations =     299
  No. nonlinear convergence failures =       0
  No. error test failures =       8
  Last step size used =    0.25102E+07
  Index compenent largest error = ********

 ...    8 / 125

 No. steps =     214   No. f-s =    2921   No. J-s =       4   No. LU-s =      30
  No. nonlinear iterations =     246
  No. nonlinear convergence failures =       0
  No. error test failures =       1
  Last step size used =    0.14192E+07
  Index compenent largest error = ********

 ...    9 / 125

 No. steps =     198   No. f-s =    2902   No. J-s =       4   No. LU-s =      29
  No. nonlinear iterations =     227
  No. nonlinear convergence failures =       0
  No. error test failures =       1
  Last step size used =    0.23110E+07
  Index compenent largest error = ********

 ...   10 / 125

 No. steps =     187   No. f-s =    2888   No. J-s =       4   No. LU-s =      28
  No. nonlinear iterations =     213
  No. nonlinear convergence failures =       0
  No. error test failures =       1
  Last step size used =    0.26008E+07
  Index compenent largest error = ********

 ...   11 / 125

 No. steps =     171   No. f-s =    2199   No. J-s =       3   No. LU-s =      27
  No. nonlinear iterations =     192
  No. nonlinear convergence failures =       0
  No. error test failures =       0
  Last step size used =    0.28761E+07
  Index compenent largest error = ********

 ...   12 / 125

 No. steps =     160   No. f-s =    2189   No. J-s =       3   No. LU-s =      27
  No. nonlinear iterations =     182
  No. nonlinear convergence failures =       0
  No. error test failures =       0
  Last step size used =    0.30792E+07
  Index compenent largest error = ********

 ...   13 / 125

 No. steps =     153   No. f-s =    2181   No. J-s =       3   No. LU-s =      26
  No. nonlinear iterations =     174
  No. nonlinear convergence failures =       0
  No. error test failures =       0
  Last step size used =    0.24206E+07
  Index compenent largest error = ********

 ...   14 / 125

 No. steps =     139   No. f-s =    2159   No. J-s =       3   No. LU-s =      26
  No. nonlinear iterations =     152
  No. nonlinear convergence failures =       0
  No. error test failures =       0
  Last step size used =    0.32031E+07
  Index compenent largest error = ********

 ...   15 / 125

 No. steps =     186   No. f-s =    2887   No. J-s =       4   No. LU-s =      31
  No. nonlinear iterations =     212
  No. nonlinear convergence failures =       0
  No. error test failures =       1
  Last step size used =    0.30213E+07
  Index compenent largest error = ********

 ...   16 / 125

 No. steps =     179   No. f-s =    2880   No. J-s =       4   No. LU-s =      32
  No. nonlinear iterations =     205
  No. nonlinear convergence failures =       0
  No. error test failures =       1
  Last step size used =    0.27336E+07
  Index compenent largest error = ********

 ...   17 / 125

 No. steps =     157   No. f-s =    2182   No. J-s =       3   No. LU-s =      28
  No. nonlinear iterations =     175
  No. nonlinear convergence failures =       0
  No. error test failures =       0
  Last step size used =    0.31059E+07
  Index compenent largest error = ********

 ...   18 / 125

 No. steps =     118   No. f-s =    2133   No. J-s =       3   No. LU-s =      25
  No. nonlinear iterations =     126
  No. nonlinear convergence failures =       0
  No. error test failures =       0
  Last step size used =    0.48937E+07
  Index compenent largest error = ********

 ...   19 / 125

 No. steps =     152   No. f-s =    2179   No. J-s =       3   No. LU-s =      26
  No. nonlinear iterations =     172
  No. nonlinear convergence failures =       0
  No. error test failures =       0
  Last step size used =    0.25204E+07
  Index compenent largest error = ********

 ...   20 / 125

 No. steps =     156   No. f-s =    2183   No. J-s =       3   No. LU-s =      26
  No. nonlinear iterations =     176
  No. nonlinear convergence failures =       0
  No. error test failures =       0
  Last step size used =    0.31472E+07
  Index compenent largest error = ********

 ...   21 / 125

 No. steps =     156   No. f-s =    2183   No. J-s =       3   No. LU-s =      25
  No. nonlinear iterations =     176
  No. nonlinear convergence failures =       0
  No. error test failures =       0
  Last step size used =    0.33508E+07
  Index compenent largest error = ********

 ...   22 / 125

 No. steps =     154   No. f-s =    2180   No. J-s =       3   No. LU-s =      25
  No. nonlinear iterations =     173
  No. nonlinear convergence failures =       0
  No. error test failures =       0
  Last step size used =    0.27936E+07
  Index compenent largest error = ********

 ...   23 / 125

 No. steps =     151   No. f-s =    2175   No. J-s =       3   No. LU-s =      24
  No. nonlinear iterations =     168
  No. nonlinear convergence failures =       0
  No. error test failures =       0
  Last step size used =    0.29230E+07
  Index compenent largest error = ********

 ...   24 / 125

 No. steps =     149   No. f-s =    2173   No. J-s =       3   No. LU-s =      23
  No. nonlinear iterations =     166
  No. nonlinear convergence failures =       0
  No. error test failures =       0
  Last step size used =    0.27858E+07
  Index compenent largest error = ********

 ...   25 / 125

 No. steps =     141   No. f-s =    2167   No. J-s =       3   No. LU-s =      24
  No. nonlinear iterations =     160
  No. nonlinear convergence failures =       0
  No. error test failures =       0
  Last step size used =    0.27584E+07
  Index compenent largest error = ********

 ...   26 / 125

 No. steps =     138   No. f-s =    2164   No. J-s =       3   No. LU-s =      24
  No. nonlinear iterations =     157
  No. nonlinear convergence failures =       0
  No. error test failures =       0
  Last step size used =    0.28181E+07
  Index compenent largest error = ********

 ...   27 / 125

 No. steps =     134   No. f-s =    2159   No. J-s =       3   No. LU-s =      25
  No. nonlinear iterations =     152
  No. nonlinear convergence failures =       0
  No. error test failures =       0
  Last step size used =    0.41444E+07
  Index compenent largest error = ********

 ...   28 / 125

 No. steps =     131   No. f-s =    2155   No. J-s =       3   No. LU-s =      24
  No. nonlinear iterations =     148
  No. nonlinear convergence failures =       0
  No. error test failures =       0
  Last step size used =    0.35955E+07
  Index compenent largest error = ********

 ...   29 / 125

 No. steps =     129   No. f-s =    2154   No. J-s =       3   No. LU-s =      24
  No. nonlinear iterations =     147
  No. nonlinear convergence failures =       0
  No. error test failures =       0
  Last step size used =    0.50473E+07
  Index compenent largest error = ********

 ...   30 / 125

 No. steps =     122   No. f-s =    2144   No. J-s =       3   No. LU-s =      25
  No. nonlinear iterations =     137
  No. nonlinear convergence failures =       0
  No. error test failures =       0
  Last step size used =    0.46714E+07
  Index compenent largest error = ********

 ...   31 / 125

 No. steps =     113   No. f-s =    2131   No. J-s =       3   No. LU-s =      24
  No. nonlinear iterations =     124
  No. nonlinear convergence failures =       0
  No. error test failures =       0
  Last step size used =    0.42442E+07
  Index compenent largest error = ********

 ...   32 / 125

 No. steps =     115   No. f-s =    2135   No. J-s =       3   No. LU-s =      23
  No. nonlinear iterations =     128
  No. nonlinear convergence failures =       0
  No. error test failures =       0
  Last step size used =    0.31090E+07
  Index compenent largest error = ********

 ...   33 / 125

 No. steps =     145   No. f-s =    2169   No. J-s =       3   No. LU-s =      23
  No. nonlinear iterations =     162
  No. nonlinear convergence failures =       0
  No. error test failures =       0
  Last step size used =    0.26111E+07
  Index compenent largest error = ********

 ...   34 / 125

 No. steps =     148   No. f-s =    2173   No. J-s =       3   No. LU-s =      25
  No. nonlinear iterations =     166
  No. nonlinear convergence failures =       0
  No. error test failures =       0
  Last step size used =    0.36519E+07
  Index compenent largest error = ********

 ...   35 / 125

 No. steps =     131   No. f-s =    2152   No. J-s =       3   No. LU-s =      24
  No. nonlinear iterations =     145
  No. nonlinear convergence failures =       0
  No. error test failures =       0
  Last step size used =    0.41618E+07
  Index compenent largest error = ********

 ...   36 / 125

 No. steps =      99   No. f-s =    1443   No. J-s =       2   No. LU-s =      22
  No. nonlinear iterations =     104
  No. nonlinear convergence failures =       0
  No. error test failures =       0
  Last step size used =    0.61337E+07
  Index compenent largest error = ********

 ...   37 / 125

 No. steps =     119   No. f-s =    2142   No. J-s =       3   No. LU-s =      24
  No. nonlinear iterations =     135
  No. nonlinear convergence failures =       0
  No. error test failures =       1
  Last step size used =    0.24749E+07
  Index compenent largest error = ********

 ...   38 / 125

 No. steps =     122   No. f-s =    2144   No. J-s =       3   No. LU-s =      24
  No. nonlinear iterations =     137
  No. nonlinear convergence failures =       0
  No. error test failures =       0
  Last step size used =    0.39268E+07
  Index compenent largest error = ********

 ...   39 / 125

 No. steps =     121   No. f-s =    2146   No. J-s =       3   No. LU-s =      24
  No. nonlinear iterations =     139
  No. nonlinear convergence failures =       0
  No. error test failures =       0
  Last step size used =    0.42317E+07
  Index compenent largest error = ********

 ...   40 / 125

 No. steps =     124   No. f-s =    2146   No. J-s =       3   No. LU-s =      24
  No. nonlinear iterations =     139
  No. nonlinear convergence failures =       0
  No. error test failures =       0
  Last step size used =    0.40748E+07
  Index compenent largest error = ********

 ...   41 / 125

 No. steps =     125   No. f-s =    2149   No. J-s =       3   No. LU-s =      23
  No. nonlinear iterations =     142
  No. nonlinear convergence failures =       0
  No. error test failures =       0
  Last step size used =    0.28552E+07
  Index compenent largest error = ********

 ...   42 / 125

 No. steps =     124   No. f-s =    2146   No. J-s =       3   No. LU-s =      24
  No. nonlinear iterations =     139
  No. nonlinear convergence failures =       0
  No. error test failures =       0
  Last step size used =    0.45136E+07
  Index compenent largest error = ********

 ...   43 / 125

 No. steps =     122   No. f-s =    2143   No. J-s =       3   No. LU-s =      23
  No. nonlinear iterations =     136
  No. nonlinear convergence failures =       0
  No. error test failures =       0
  Last step size used =    0.29229E+07
  Index compenent largest error = ********

 ...   44 / 125

 No. steps =     119   No. f-s =    2144   No. J-s =       3   No. LU-s =      24
  No. nonlinear iterations =     137
  No. nonlinear convergence failures =       0
  No. error test failures =       0
  Last step size used =    0.47385E+07
  Index compenent largest error = ********

 ...   45 / 125

 No. steps =     117   No. f-s =    2138   No. J-s =       3   No. LU-s =      23
  No. nonlinear iterations =     131
  No. nonlinear convergence failures =       0
  No. error test failures =       0
  Last step size used =    0.33505E+07
  Index compenent largest error = ********

 ...   46 / 125

 No. steps =     113   No. f-s =    2137   No. J-s =       3   No. LU-s =      23
  No. nonlinear iterations =     130
  No. nonlinear convergence failures =       0
  No. error test failures =       0
  Last step size used =    0.37167E+07
  Index compenent largest error = ********

 ...   47 / 125

 No. steps =     111   No. f-s =    2128   No. J-s =       3   No. LU-s =      24
  No. nonlinear iterations =     121
  No. nonlinear convergence failures =       0
  No. error test failures =       0
  Last step size used =    0.49068E+07
  Index compenent largest error = ********

 ...   48 / 125

 No. steps =     109   No. f-s =    1459   No. J-s =       2   No. LU-s =      22
  No. nonlinear iterations =     120
  No. nonlinear convergence failures =       0
  No. error test failures =       0
  Last step size used =    0.31360E+07
  Index compenent largest error = ********

 ...   49 / 125

 No. steps =     107   No. f-s =    1455   No. J-s =       2   No. LU-s =      22
  No. nonlinear iterations =     116
  No. nonlinear convergence failures =       0
  No. error test failures =       0
  Last step size used =    0.36448E+07
  Index compenent largest error = ********

 ...   50 / 125

 No. steps =     103   No. f-s =    1450   No. J-s =       2   No. LU-s =      22
  No. nonlinear iterations =     111
  No. nonlinear convergence failures =       0
  No. error test failures =       0
  Last step size used =    0.33732E+07
  Index compenent largest error = ********

 ...   51 / 125

 No. steps =      97   No. f-s =    1447   No. J-s =       2   No. LU-s =      21
  No. nonlinear iterations =     108
  No. nonlinear convergence failures =       0
  No. error test failures =       0
  Last step size used =    0.39189E+07
  Index compenent largest error = ********

 ...   52 / 125

 No. steps =      83   No. f-s =    1430   No. J-s =       2   No. LU-s =      20
  No. nonlinear iterations =      91
  No. nonlinear convergence failures =       0
  No. error test failures =       0
  Last step size used =    0.61432E+07
  Index compenent largest error = ********

 ...   53 / 125

 No. steps =      88   No. f-s =    1436   No. J-s =       2   No. LU-s =      20
  No. nonlinear iterations =      97
  No. nonlinear convergence failures =       0
  No. error test failures =       0
  Last step size used =    0.48115E+07
  Index compenent largest error = ********

 ...   54 / 125

 No. steps =      95   No. f-s =    1443   No. J-s =       2   No. LU-s =      22
  No. nonlinear iterations =     104
  No. nonlinear convergence failures =       0
  No. error test failures =       0
  Last step size used =    0.46215E+07
  Index compenent largest error = ********

 ...   55 / 125

 No. steps =      96   No. f-s =    1446   No. J-s =       2   No. LU-s =      21
  No. nonlinear iterations =     107
  No. nonlinear convergence failures =       0
  No. error test failures =       0
  Last step size used =    0.51830E+07
  Index compenent largest error = ********

 ...   56 / 125

 No. steps =      93   No. f-s =    1441   No. J-s =       2   No. LU-s =      21
  No. nonlinear iterations =     102
  No. nonlinear convergence failures =       0
  No. error test failures =       0
  Last step size used =    0.37439E+07
  Index compenent largest error = ********

 ...   57 / 125

 No. steps =      84   No. f-s =    1434   No. J-s =       2   No. LU-s =      20
  No. nonlinear iterations =      95
  No. nonlinear convergence failures =       0
  No. error test failures =       0
  Last step size used =    0.50980E+07
  Index compenent largest error = ********

 ...   58 / 125

 No. steps =      68   No. f-s =    1414   No. J-s =       2   No. LU-s =      20
  No. nonlinear iterations =      75
  No. nonlinear convergence failures =       0
  No. error test failures =       0
  Last step size used =    0.54316E+07
  Index compenent largest error = ********

 ...   59 / 125

 No. steps =      77   No. f-s =    1421   No. J-s =       2   No. LU-s =      19
  No. nonlinear iterations =      82
  No. nonlinear convergence failures =       0
  No. error test failures =       0
  Last step size used =    0.51351E+07
  Index compenent largest error = ********

 ...   60 / 125

 No. steps =      86   No. f-s =    1433   No. J-s =       2   No. LU-s =      21
  No. nonlinear iterations =      94
  No. nonlinear convergence failures =       0
  No. error test failures =       0
  Last step size used =    0.54645E+07
  Index compenent largest error = ********

 ...   61 / 125

 No. steps =      93   No. f-s =    1440   No. J-s =       2   No. LU-s =      21
  No. nonlinear iterations =     101
  No. nonlinear convergence failures =       0
  No. error test failures =       0
  Last step size used =    0.49325E+07
  Index compenent largest error = ********

 ...   62 / 125

 No. steps =      94   No. f-s =    1442   No. J-s =       2   No. LU-s =      22
  No. nonlinear iterations =     103
  No. nonlinear convergence failures =       0
  No. error test failures =       0
  Last step size used =    0.47754E+07
  Index compenent largest error = ********

 ...   63 / 125

 No. steps =      96   No. f-s =    1445   No. J-s =       2   No. LU-s =      22
  No. nonlinear iterations =     106
  No. nonlinear convergence failures =       0
  No. error test failures =       0
  Last step size used =    0.49368E+07
  Index compenent largest error = ********

 ...   64 / 125

 No. steps =      98   No. f-s =    1447   No. J-s =       2   No. LU-s =      21
  No. nonlinear iterations =     108
  No. nonlinear convergence failures =       0
  No. error test failures =       0
  Last step size used =    0.43708E+07
  Index compenent largest error = ********

 ...   65 / 125

 No. steps =      98   No. f-s =    1444   No. J-s =       2   No. LU-s =      22
  No. nonlinear iterations =     105
  No. nonlinear convergence failures =       0
  No. error test failures =       0
  Last step size used =    0.48221E+07
  Index compenent largest error = ********

 ...   66 / 125

 No. steps =      99   No. f-s =    1446   No. J-s =       2   No. LU-s =      22
  No. nonlinear iterations =     107
  No. nonlinear convergence failures =       0
  No. error test failures =       0
  Last step size used =    0.44139E+07
  Index compenent largest error = ********

 ...   67 / 125

 No. steps =      98   No. f-s =    1446   No. J-s =       2   No. LU-s =      21
  No. nonlinear iterations =     107
  No. nonlinear convergence failures =       0
  No. error test failures =       0
  Last step size used =    0.41460E+07
  Index compenent largest error = ********

 ...   68 / 125

 No. steps =      98   No. f-s =    1450   No. J-s =       2   No. LU-s =      22
  No. nonlinear iterations =     111
  No. nonlinear convergence failures =       0
  No. error test failures =       0
  Last step size used =    0.52271E+07
  Index compenent largest error = ********

 ...   69 / 125

 No. steps =      98   No. f-s =    1449   No. J-s =       2   No. LU-s =      21
  No. nonlinear iterations =     110
  No. nonlinear convergence failures =       0
  No. error test failures =       0
  Last step size used =    0.42864E+07
  Index compenent largest error = ********

 ...   70 / 125

 No. steps =      97   No. f-s =    1444   No. J-s =       2   No. LU-s =      21
  No. nonlinear iterations =     105
  No. nonlinear convergence failures =       0
  No. error test failures =       0
  Last step size used =    0.47963E+07
  Index compenent largest error = ********

 ...   71 / 125

 No. steps =      95   No. f-s =    1442   No. J-s =       2   No. LU-s =      20
  No. nonlinear iterations =     103
  No. nonlinear convergence failures =       0
  No. error test failures =       0
  Last step size used =    0.33438E+07
  Index compenent largest error = ********

 ...   72 / 125

 No. steps =      93   No. f-s =    1441   No. J-s =       2   No. LU-s =      20
  No. nonlinear iterations =     102
  No. nonlinear convergence failures =       0
  No. error test failures =       0
  Last step size used =    0.32205E+07
  Index compenent largest error = ********

 ...   73 / 125

 No. steps =      91   No. f-s =    1439   No. J-s =       2   No. LU-s =      20
  No. nonlinear iterations =     100
  No. nonlinear convergence failures =       0
  No. error test failures =       0
  Last step size used =    0.40324E+07
  Index compenent largest error = ********

 ...   74 / 125

 No. steps =      86   No. f-s =    1436   No. J-s =       2   No. LU-s =      20
  No. nonlinear iterations =      97
  No. nonlinear convergence failures =       0
  No. error test failures =       0
  Last step size used =    0.38721E+07
  Index compenent largest error = ********

 ...   75 / 125

 No. steps =      81   No. f-s =    1427   No. J-s =       2   No. LU-s =      19
  No. nonlinear iterations =      88
  No. nonlinear convergence failures =       0
  No. error test failures =       0
  Last step size used =    0.39915E+07
  Index compenent largest error = ********

 ...   76 / 125

 No. steps =      79   No. f-s =    1424   No. J-s =       2   No. LU-s =      18
  No. nonlinear iterations =      85
  No. nonlinear convergence failures =       0
  No. error test failures =       0
  Last step size used =    0.52629E+07
  Index compenent largest error = ********

 ...   77 / 125

 No. steps =      65   No. f-s =    1412   No. J-s =       2   No. LU-s =      15
  No. nonlinear iterations =      73
  No. nonlinear convergence failures =       0
  No. error test failures =       0
  Last step size used =    0.54112E+07
  Index compenent largest error = ********

 ...   78 / 125

 No. steps =      67   No. f-s =    1415   No. J-s =       2   No. LU-s =      16
  No. nonlinear iterations =      76
  No. nonlinear convergence failures =       0
  No. error test failures =       0
  Last step size used =    0.46153E+07
  Index compenent largest error = ********

 ...   79 / 125

 No. steps =      70   No. f-s =    1415   No. J-s =       2   No. LU-s =      17
  No. nonlinear iterations =      76
  No. nonlinear convergence failures =       0
  No. error test failures =       0
  Last step size used =    0.47856E+07
  Index compenent largest error = ********

 ...   80 / 125

 No. steps =      69   No. f-s =    1413   No. J-s =       2   No. LU-s =      17
  No. nonlinear iterations =      74
  No. nonlinear convergence failures =       0
  No. error test failures =       0
  Last step size used =    0.41242E+07
  Index compenent largest error = ********

 ...   81 / 125

 No. steps =      66   No. f-s =    1411   No. J-s =       2   No. LU-s =      16
  No. nonlinear iterations =      72
  No. nonlinear convergence failures =       0
  No. error test failures =       0
  Last step size used =    0.48852E+07
  Index compenent largest error = ********

 ...   82 / 125

 No. steps =      58   No. f-s =    1402   No. J-s =       2   No. LU-s =      17
  No. nonlinear iterations =      63
  No. nonlinear convergence failures =       0
  No. error test failures =       0
  Last step size used =    0.76715E+07
  Index compenent largest error = ********

 ...   83 / 125

 No. steps =      67   No. f-s =    1414   No. J-s =       2   No. LU-s =      16
  No. nonlinear iterations =      75
  No. nonlinear convergence failures =       0
  No. error test failures =       0
  Last step size used =    0.43079E+07
  Index compenent largest error = ********

 ...   84 / 125

 No. steps =      72   No. f-s =    1418   No. J-s =       2   No. LU-s =      18
  No. nonlinear iterations =      79
  No. nonlinear convergence failures =       0
  No. error test failures =       0
  Last step size used =    0.48379E+07
  Index compenent largest error = ********

 ...   85 / 125

 No. steps =      71   No. f-s =    1419   No. J-s =       2   No. LU-s =      18
  No. nonlinear iterations =      80
  No. nonlinear convergence failures =       0
  No. error test failures =       0
  Last step size used =    0.43356E+07
  Index compenent largest error = ********

 ...   86 / 125

 No. steps =      79   No. f-s =    1428   No. J-s =       2   No. LU-s =      18
  No. nonlinear iterations =      89
  No. nonlinear convergence failures =       0
  No. error test failures =       0
  Last step size used =    0.37311E+07
  Index compenent largest error = ********

 ...   87 / 125

 No. steps =      78   No. f-s =    1426   No. J-s =       2   No. LU-s =      18
  No. nonlinear iterations =      87
  No. nonlinear convergence failures =       0
  No. error test failures =       0
  Last step size used =    0.46654E+07
  Index compenent largest error = ********

 ...   88 / 125

 No. steps =      80   No. f-s =    1429   No. J-s =       2   No. LU-s =      19
  No. nonlinear iterations =      90
  No. nonlinear convergence failures =       0
  No. error test failures =       0
  Last step size used =    0.45835E+07
  Index compenent largest error = ********

 ...   89 / 125

 No. steps =      82   No. f-s =    1430   No. J-s =       2   No. LU-s =      19
  No. nonlinear iterations =      91
  No. nonlinear convergence failures =       0
  No. error test failures =       0
  Last step size used =    0.35488E+07
  Index compenent largest error = ********

 ...   90 / 125

 No. steps =      82   No. f-s =    1429   No. J-s =       2   No. LU-s =      20
  No. nonlinear iterations =      90
  No. nonlinear convergence failures =       0
  No. error test failures =       0
  Last step size used =    0.42908E+07
  Index compenent largest error = ********

 ...   91 / 125

 No. steps =      83   No. f-s =    1431   No. J-s =       2   No. LU-s =      19
  No. nonlinear iterations =      92
  No. nonlinear convergence failures =       0
  No. error test failures =       0
  Last step size used =    0.53093E+07
  Index compenent largest error = ********

 ...   92 / 125

 No. steps =      83   No. f-s =    1431   No. J-s =       2   No. LU-s =      19
  No. nonlinear iterations =      92
  No. nonlinear convergence failures =       0
  No. error test failures =       0
  Last step size used =    0.53070E+07
  Index compenent largest error = ********

 ...   93 / 125

 No. steps =      83   No. f-s =    1431   No. J-s =       2   No. LU-s =      19
  No. nonlinear iterations =      92
  No. nonlinear convergence failures =       0
  No. error test failures =       0
  Last step size used =    0.53929E+07
  Index compenent largest error = ********

 ...   94 / 125

 No. steps =      82   No. f-s =    1430   No. J-s =       2   No. LU-s =      18
  No. nonlinear iterations =      91
  No. nonlinear convergence failures =       0
  No. error test failures =       0
  Last step size used =    0.32628E+07
  Index compenent largest error = ********

 ...   95 / 125

 No. steps =      82   No. f-s =    1430   No. J-s =       2   No. LU-s =      18
  No. nonlinear iterations =      91
  No. nonlinear convergence failures =       0
  No. error test failures =       0
  Last step size used =    0.34518E+07
  Index compenent largest error = ********

 ...   96 / 125

 No. steps =      81   No. f-s =    1429   No. J-s =       2   No. LU-s =      18
  No. nonlinear iterations =      90
  No. nonlinear convergence failures =       0
  No. error test failures =       0
  Last step size used =    0.35935E+07
  Index compenent largest error = ********

 ...   97 / 125

 No. steps =      81   No. f-s =    1429   No. J-s =       2   No. LU-s =      18
  No. nonlinear iterations =      90
  No. nonlinear convergence failures =       0
  No. error test failures =       0
  Last step size used =    0.37269E+07
  Index compenent largest error = ********

 ...   98 / 125

 No. steps =      80   No. f-s =    1428   No. J-s =       2   No. LU-s =      19
  No. nonlinear iterations =      89
  No. nonlinear convergence failures =       0
  No. error test failures =       0
  Last step size used =    0.43929E+07
  Index compenent largest error = ********

 ...   99 / 125

 No. steps =      79   No. f-s =    1427   No. J-s =       2   No. LU-s =      19
  No. nonlinear iterations =      88
  No. nonlinear convergence failures =       0
  No. error test failures =       0
  Last step size used =    0.47025E+07
  Index compenent largest error = ********

 ...  100 / 125

 No. steps =      78   No. f-s =    1425   No. J-s =       2   No. LU-s =      19
  No. nonlinear iterations =      86
  No. nonlinear convergence failures =       0
  No. error test failures =       0
  Last step size used =    0.50779E+07
  Index compenent largest error = ********

 ...  101 / 125

 No. steps =      77   No. f-s =    1425   No. J-s =       2   No. LU-s =      20
  No. nonlinear iterations =      86
  No. nonlinear convergence failures =       0
  No. error test failures =       0
  Last step size used =    0.74428E+07
  Index compenent largest error = ********

 ...  102 / 125

 No. steps =      75   No. f-s =    1423   No. J-s =       2   No. LU-s =      18
  No. nonlinear iterations =      84
  No. nonlinear convergence failures =       0
  No. error test failures =       0
  Last step size used =    0.68189E+07
  Index compenent largest error = ********

 ...  103 / 125

 No. steps =      73   No. f-s =    1420   No. J-s =       2   No. LU-s =      17
  No. nonlinear iterations =      81
  No. nonlinear convergence failures =       0
  No. error test failures =       0
  Last step size used =    0.47224E+07
  Index compenent largest error = ********

 ...  104 / 125

 No. steps =      72   No. f-s =    1419   No. J-s =       2   No. LU-s =      18
  No. nonlinear iterations =      80
  No. nonlinear convergence failures =       0
  No. error test failures =       0
  Last step size used =    0.55947E+07
  Index compenent largest error = ********

 ...  105 / 125

 No. steps =      73   No. f-s =    1421   No. J-s =       2   No. LU-s =      18
  No. nonlinear iterations =      82
  No. nonlinear convergence failures =       0
  No. error test failures =       0
  Last step size used =    0.58650E+07
  Index compenent largest error = ********

 ...  106 / 125

 No. steps =      70   No. f-s =    1420   No. J-s =       2   No. LU-s =      17
  No. nonlinear iterations =      81
  No. nonlinear convergence failures =       0
  No. error test failures =       0
  Last step size used =    0.50079E+07
  Index compenent largest error = ********

 ...  107 / 125

 No. steps =      70   No. f-s =    1418   No. J-s =       2   No. LU-s =      17
  No. nonlinear iterations =      79
  No. nonlinear convergence failures =       0
  No. error test failures =       0
  Last step size used =    0.50690E+07
  Index compenent largest error = ********

 ...  108 / 125

 No. steps =      70   No. f-s =    1418   No. J-s =       2   No. LU-s =      17
  No. nonlinear iterations =      79
  No. nonlinear convergence failures =       0
  No. error test failures =       0
  Last step size used =    0.46769E+07
  Index compenent largest error = ********

 ...  109 / 125

 No. steps =      68   No. f-s =    1416   No. J-s =       2   No. LU-s =      17
  No. nonlinear iterations =      77
  No. nonlinear convergence failures =       0
  No. error test failures =       0
  Last step size used =    0.60572E+07
  Index compenent largest error = ********

 ...  110 / 125

 No. steps =      68   No. f-s =    1415   No. J-s =       2   No. LU-s =      17
  No. nonlinear iterations =      76
  No. nonlinear convergence failures =       0
  No. error test failures =       0
  Last step size used =    0.51666E+07
  Index compenent largest error = ********

 ...  111 / 125

 No. steps =      68   No. f-s =    1415   No. J-s =       2   No. LU-s =      17
  No. nonlinear iterations =      76
  No. nonlinear convergence failures =       0
  No. error test failures =       0
  Last step size used =    0.53408E+07
  Index compenent largest error = ********

 ...  112 / 125

 No. steps =      68   No. f-s =    1415   No. J-s =       2   No. LU-s =      17
  No. nonlinear iterations =      76
  No. nonlinear convergence failures =       0
  No. error test failures =       0
  Last step size used =    0.53195E+07
  Index compenent largest error = ********

 ...  113 / 125

 No. steps =      68   No. f-s =    1414   No. J-s =       2   No. LU-s =      16
  No. nonlinear iterations =      75
  No. nonlinear convergence failures =       0
  No. error test failures =       0
  Last step size used =    0.40777E+07
  Index compenent largest error = ********

 ...  114 / 125

 No. steps =      69   No. f-s =    1417   No. J-s =       2   No. LU-s =      17
  No. nonlinear iterations =      78
  No. nonlinear convergence failures =       0
  No. error test failures =       0
  Last step size used =    0.55193E+07
  Index compenent largest error = ********

 ...  115 / 125

 No. steps =      69   No. f-s =    1417   No. J-s =       2   No. LU-s =      17
  No. nonlinear iterations =      78
  No. nonlinear convergence failures =       0
  No. error test failures =       0
  Last step size used =    0.52436E+07
  Index compenent largest error = ********

 ...  116 / 125

 No. steps =      67   No. f-s =    1418   No. J-s =       2   No. LU-s =      17
  No. nonlinear iterations =      79
  No. nonlinear convergence failures =       0
  No. error test failures =       0
  Last step size used =    0.69917E+07
  Index compenent largest error = ********

 ...  117 / 125

 No. steps =      68   No. f-s =    1416   No. J-s =       2   No. LU-s =      18
  No. nonlinear iterations =      77
  No. nonlinear convergence failures =       0
  No. error test failures =       0
  Last step size used =    0.78557E+07
  Index compenent largest error = ********

 ...  118 / 125

 No. steps =      69   No. f-s =    1418   No. J-s =       2   No. LU-s =      18
  No. nonlinear iterations =      79
  No. nonlinear convergence failures =       0
  No. error test failures =       0
  Last step size used =    0.74911E+07
  Index compenent largest error = ********

 ...  119 / 125

 No. steps =      68   No. f-s =    1416   No. J-s =       2   No. LU-s =      18
  No. nonlinear iterations =      77
  No. nonlinear convergence failures =       0
  No. error test failures =       0
  Last step size used =    0.77955E+07
  Index compenent largest error = ********

 ...  120 / 125

 No. steps =      68   No. f-s =    1416   No. J-s =       2   No. LU-s =      18
  No. nonlinear iterations =      77
  No. nonlinear convergence failures =       0
  No. error test failures =       0
  Last step size used =    0.79756E+07
  Index compenent largest error = ********

 ...  121 / 125

 No. steps =      68   No. f-s =    1416   No. J-s =       2   No. LU-s =      18
  No. nonlinear iterations =      77
  No. nonlinear convergence failures =       0
  No. error test failures =       0
  Last step size used =    0.79129E+07
  Index compenent largest error = ********

 ...  122 / 125

 No. steps =      69   No. f-s =    1416   No. J-s =       2   No. LU-s =      17
  No. nonlinear iterations =      77
  No. nonlinear convergence failures =       0
  No. error test failures =       0
  Last step size used =    0.44474E+07
  Index compenent largest error = ********

 ...  123 / 125

 No. steps =      69   No. f-s =    1416   No. J-s =       2   No. LU-s =      17
  No. nonlinear iterations =      77
  No. nonlinear convergence failures =       0
  No. error test failures =       0
  Last step size used =    0.45306E+07
  Index compenent largest error = ********

 ...  124 / 125

 No. steps =      68   No. f-s =    1415   No. J-s =       2   No. LU-s =      17
  No. nonlinear iterations =      76
  No. nonlinear convergence failures =       0
  No. error test failures =       0
  Last step size used =    0.47340E+07
  Index compenent largest error = ********

 ...  125 / 125

 No. steps =      69   No. f-s =    1414   No. J-s =       2   No. LU-s =      17
  No. nonlinear iterations =      75
  No. nonlinear convergence failures =       0
  No. error test failures =       0
  Last step size used =    0.49278E+07
  Index compenent largest error = ********


    ... DONE!
 +++++++++++++++++++++++++++++++++++++++++++++++++++


+------------------ Job Report: 10176468 (COMPLETED) ------------------+
| Memory (RAM)  No data available                                      |
| CPU           [#############       ] 68.5% average                   |
| Time          [>                   ]  1.5% (0-00:00:54 / 0-01:00:00) |
|                                                                      |
| Lustre Filesystem:                                                   |
|   Path    Total Read    Total Write      Total IOPS                  |
|   ------  ------------  -------------  ------------                  |
|   /apps   0 B           0 B                     18                   |
|   /fred   8 KB          6 MB                   792                   |
+----------------------------------------------------------------------+
