Starting job 10175700, array task 419 on dave28
Chemistry type: Crich
Analysis mode: false
Found 462 valid particle IDs in /fred/oz304/beckers/Chemistry/traces/wind_v10/trace_output_with_av
Returning 460 particle IDs (after start_index=2 offset)
SLURM task 419: processing particle 3777997
Running Crich evolving_model on 1 phantom particle trace(s) from wind_v10

 +++++++++++++++++++++++++++++++++++++++++++++++++++
 +++++        ENVELOPE CHEMICAL MODEL         ++++++
 +++++++++++++++++++++++++++++++++++++++++++++++++++

 Version 1.0 authored by Catherine Walsh and Maria 
    Drozdovskaya, Leiden Observatory (01/08/2013)

 Version 1.1 amended by Catherine Walsh (18/05/2014)

 Version 1.2 amended by Catherine Walsh (13/08/2015)

 +++++++++++++++++++++++++++++++++++++++++++++++++++

          Input file =  Crich/param/trace_file_param/file_parameters_3777997.txt              

 Physical conditions  = Crich/input/3777997.txt                                               
 Chemical network     = ./rate12_complex.rates                                                
 Species file         = ./rate12_complex_atomic_Crich.specs                                   
 Binding energies     = ./rate12_binding.dat                                                  
 Reaction parameters  = param/reaction_parameters.txt                                         
 Grain parameters     = param/grain_parameters.txt                                            
 Radiation parameters = param/radiation_parameters.txt                                        

 Output file          = Crich/output/model_output_3777997.dat                                 
 Rates file           = Crich/output/model_rates_3777997.dat                                  

 Opening and reading physical conditions file ...

 +++++++++++++++++++++++++++++++++++++++++++++++++++
 Beginning to run model ...
 +++++++++++++++++++++++++++++++++++++++++++++++++++

 Preparing output files ...

 Progress = ...
 ...    1 / 138

 No. steps =    1166   No. f-s =   19887   No. J-s =      27   No. LU-s =     215
  No. nonlinear iterations =    1850
  No. nonlinear convergence failures =       0
  No. error test failures =      73
  Last step size used =    0.36272E+09
  Index compenent largest error = ********

 ...    2 / 138

 No. steps =     198   No. f-s =    2905   No. J-s =       4   No. LU-s =      33
  No. nonlinear iterations =     230
  No. nonlinear convergence failures =       0
  No. error test failures =       2
  Last step size used =    0.21569E+07
  Index compenent largest error = ********

 ...    3 / 138

 No. steps =     172   No. f-s =    2873   No. J-s =       4   No. LU-s =      31
  No. nonlinear iterations =     198
  No. nonlinear convergence failures =       0
  No. error test failures =       1
  Last step size used =    0.26883E+07
  Index compenent largest error = ********

 ...    4 / 138

 No. steps =     163   No. f-s =    2191   No. J-s =       3   No. LU-s =      28
  No. nonlinear iterations =     184
  No. nonlinear convergence failures =       0
  No. error test failures =       0
  Last step size used =    0.27012E+07
  Index compenent largest error = ********

 ...    5 / 138

 No. steps =     153   No. f-s =    2177   No. J-s =       3   No. LU-s =      28
  No. nonlinear iterations =     170
  No. nonlinear convergence failures =       0
  No. error test failures =       0
  Last step size used =    0.36080E+07
  Index compenent largest error = ********

 ...    6 / 138

 No. steps =     146   No. f-s =    2170   No. J-s =       3   No. LU-s =      28
  No. nonlinear iterations =     163
  No. nonlinear convergence failures =       0
  No. error test failures =       0
  Last step size used =    0.38999E+07
  Index compenent largest error = ********

 ...    7 / 138

 No. steps =     140   No. f-s =    2163   No. J-s =       3   No. LU-s =      27
  No. nonlinear iterations =     156
  No. nonlinear convergence failures =       0
  No. error test failures =       0
  Last step size used =    0.44118E+07
  Index compenent largest error = ********

 ...    8 / 138

 No. steps =     137   No. f-s =    2162   No. J-s =       3   No. LU-s =      27
  No. nonlinear iterations =     155
  No. nonlinear convergence failures =       0
  No. error test failures =       0
  Last step size used =    0.39487E+07
  Index compenent largest error = ********

 ...    9 / 138

 No. steps =     226   No. f-s =    3608   No. J-s =       5   No. LU-s =      34
  No. nonlinear iterations =     265
  No. nonlinear convergence failures =       0
  No. error test failures =       2
  Last step size used =    0.18652E+07
  Index compenent largest error = ********

 ...   10 / 138

 No. steps =     185   No. f-s =    2889   No. J-s =       4   No. LU-s =      26
  No. nonlinear iterations =     214
  No. nonlinear convergence failures =       0
  No. error test failures =       1
  Last step size used =    0.21588E+07
  Index compenent largest error = ********

 ...   11 / 138

 No. steps =     129   No. f-s =    2148   No. J-s =       3   No. LU-s =      26
  No. nonlinear iterations =     141
  No. nonlinear convergence failures =       0
  No. error test failures =       0
  Last step size used =    0.40335E+07
  Index compenent largest error = ********

 ...   12 / 138

 No. steps =     128   No. f-s =    2153   No. J-s =       3   No. LU-s =      25
  No. nonlinear iterations =     146
  No. nonlinear convergence failures =       0
  No. error test failures =       0
  Last step size used =    0.31802E+07
  Index compenent largest error = ********

 ...   13 / 138

 No. steps =     117   No. f-s =    2138   No. J-s =       3   No. LU-s =      26
  No. nonlinear iterations =     131
  No. nonlinear convergence failures =       0
  No. error test failures =       0
  Last step size used =    0.42654E+07
  Index compenent largest error = ********

 ...   14 / 138

 No. steps =     147   No. f-s =    2169   No. J-s =       3   No. LU-s =      26
  No. nonlinear iterations =     162
  No. nonlinear convergence failures =       0
  No. error test failures =       0
  Last step size used =    0.33066E+07
  Index compenent largest error = ********

 ...   15 / 138

 No. steps =     155   No. f-s =    2183   No. J-s =       3   No. LU-s =      28
  No. nonlinear iterations =     176
  No. nonlinear convergence failures =       0
  No. error test failures =       1
  Last step size used =    0.39570E+07
  Index compenent largest error = ********

 ...   16 / 138

 No. steps =     153   No. f-s =    2179   No. J-s =       3   No. LU-s =      25
  No. nonlinear iterations =     172
  No. nonlinear convergence failures =       0
  No. error test failures =       0
  Last step size used =    0.31035E+07
  Index compenent largest error = ********

 ...   17 / 138

 No. steps =     138   No. f-s =    2163   No. J-s =       3   No. LU-s =      25
  No. nonlinear iterations =     156
  No. nonlinear convergence failures =       0
  No. error test failures =       0
  Last step size used =    0.29436E+07
  Index compenent largest error = ********

 ...   18 / 138

 No. steps =     132   No. f-s =    2157   No. J-s =       3   No. LU-s =      25
  No. nonlinear iterations =     150
  No. nonlinear convergence failures =       0
  No. error test failures =       0
  Last step size used =    0.37166E+07
  Index compenent largest error = ********

 ...   19 / 138

 No. steps =     127   No. f-s =    2147   No. J-s =       3   No. LU-s =      24
  No. nonlinear iterations =     140
  No. nonlinear convergence failures =       0
  No. error test failures =       0
  Last step size used =    0.42096E+07
  Index compenent largest error = ********

 ...   20 / 138

 No. steps =     125   No. f-s =    2147   No. J-s =       3   No. LU-s =      24
  No. nonlinear iterations =     140
  No. nonlinear convergence failures =       0
  No. error test failures =       0
  Last step size used =    0.34572E+07
  Index compenent largest error = ********

 ...   21 / 138

 No. steps =     122   No. f-s =    2145   No. J-s =       3   No. LU-s =      24
  No. nonlinear iterations =     138
  No. nonlinear convergence failures =       0
  No. error test failures =       0
  Last step size used =    0.43254E+07
  Index compenent largest error = ********

 ...   22 / 138

 No. steps =     120   No. f-s =    2145   No. J-s =       3   No. LU-s =      22
  No. nonlinear iterations =     138
  No. nonlinear convergence failures =       0
  No. error test failures =       0
  Last step size used =    0.26968E+07
  Index compenent largest error = ********

 ...   23 / 138

 No. steps =     118   No. f-s =    2138   No. J-s =       3   No. LU-s =      23
  No. nonlinear iterations =     131
  No. nonlinear convergence failures =       0
  No. error test failures =       0
  Last step size used =    0.43679E+07
  Index compenent largest error = ********

 ...   24 / 138

 No. steps =     115   No. f-s =    1468   No. J-s =       2   No. LU-s =      22
  No. nonlinear iterations =     129
  No. nonlinear convergence failures =       0
  No. error test failures =       0
  Last step size used =    0.26535E+07
  Index compenent largest error = ********

 ...   25 / 138

 No. steps =     112   No. f-s =    2134   No. J-s =       3   No. LU-s =      23
  No. nonlinear iterations =     127
  No. nonlinear convergence failures =       0
  No. error test failures =       0
  Last step size used =    0.44745E+07
  Index compenent largest error = ********

 ...   26 / 138

 No. steps =     110   No. f-s =    2128   No. J-s =       3   No. LU-s =      22
  No. nonlinear iterations =     121
  No. nonlinear convergence failures =       0
  No. error test failures =       0
  Last step size used =    0.43423E+07
  Index compenent largest error = ********

 ...   27 / 138

 No. steps =      99   No. f-s =    1451   No. J-s =       2   No. LU-s =      22
  No. nonlinear iterations =     112
  No. nonlinear convergence failures =       0
  No. error test failures =       0
  Last step size used =    0.56913E+07
  Index compenent largest error = ********

 ...   28 / 138

 No. steps =     122   No. f-s =    2151   No. J-s =       3   No. LU-s =      24
  No. nonlinear iterations =     144
  No. nonlinear convergence failures =       0
  No. error test failures =       1
  Last step size used =    0.25326E+07
  Index compenent largest error = ********

 ...   29 / 138

 No. steps =     133   No. f-s =    2158   No. J-s =       3   No. LU-s =      25
  No. nonlinear iterations =     151
  No. nonlinear convergence failures =       0
  No. error test failures =       1
  Last step size used =    0.29028E+07
  Index compenent largest error = ********

 ...   30 / 138

 No. steps =     119   No. f-s =    2139   No. J-s =       3   No. LU-s =      22
  No. nonlinear iterations =     132
  No. nonlinear convergence failures =       0
  No. error test failures =       0
  Last step size used =    0.30672E+07
  Index compenent largest error = ********

 ...   31 / 138

 No. steps =      93   No. f-s =    1443   No. J-s =       2   No. LU-s =      22
  No. nonlinear iterations =     104
  No. nonlinear convergence failures =       0
  No. error test failures =       0
  Last step size used =    0.40936E+07
  Index compenent largest error = ********

 ...   32 / 138

 No. steps =     102   No. f-s =    1450   No. J-s =       2   No. LU-s =      21
  No. nonlinear iterations =     111
  No. nonlinear convergence failures =       0
  No. error test failures =       0
  Last step size used =    0.39172E+07
  Index compenent largest error = ********

 ...   33 / 138

 No. steps =     113   No. f-s =    2130   No. J-s =       3   No. LU-s =      23
  No. nonlinear iterations =     123
  No. nonlinear convergence failures =       0
  No. error test failures =       0
  Last step size used =    0.43902E+07
  Index compenent largest error = ********

 ...   34 / 138

 No. steps =     112   No. f-s =    2127   No. J-s =       3   No. LU-s =      22
  No. nonlinear iterations =     120
  No. nonlinear convergence failures =       0
  No. error test failures =       0
  Last step size used =    0.41434E+07
  Index compenent largest error = ********

 ...   35 / 138

 No. steps =     110   No. f-s =    2132   No. J-s =       3   No. LU-s =      22
  No. nonlinear iterations =     125
  No. nonlinear convergence failures =       0
  No. error test failures =       0
  Last step size used =    0.41085E+07
  Index compenent largest error = ********

 ...   36 / 138

 No. steps =     109   No. f-s =    1460   No. J-s =       2   No. LU-s =      21
  No. nonlinear iterations =     121
  No. nonlinear convergence failures =       0
  No. error test failures =       0
  Last step size used =    0.29486E+07
  Index compenent largest error = ********

 ...   37 / 138

 No. steps =     105   No. f-s =    1455   No. J-s =       2   No. LU-s =      22
  No. nonlinear iterations =     116
  No. nonlinear convergence failures =       0
  No. error test failures =       0
  Last step size used =    0.45321E+07
  Index compenent largest error = ********

 ...   38 / 138

 No. steps =     105   No. f-s =    1455   No. J-s =       2   No. LU-s =      21
  No. nonlinear iterations =     116
  No. nonlinear convergence failures =       0
  No. error test failures =       0
  Last step size used =    0.36010E+07
  Index compenent largest error = ********

 ...   39 / 138

 No. steps =     105   No. f-s =    1456   No. J-s =       2   No. LU-s =      21
  No. nonlinear iterations =     117
  No. nonlinear convergence failures =       0
  No. error test failures =       0
  Last step size used =    0.32358E+07
  Index compenent largest error = ********

 ...   40 / 138

 No. steps =     102   No. f-s =    1453   No. J-s =       2   No. LU-s =      22
  No. nonlinear iterations =     114
  No. nonlinear convergence failures =       0
  No. error test failures =       0
  Last step size used =    0.45977E+07
  Index compenent largest error = ********

 ...   41 / 138

 No. steps =     100   No. f-s =    1451   No. J-s =       2   No. LU-s =      21
  No. nonlinear iterations =     112
  No. nonlinear convergence failures =       0
  No. error test failures =       0
  Last step size used =    0.31789E+07
  Index compenent largest error = ********

 ...   42 / 138

 No. steps =      99   No. f-s =    1451   No. J-s =       2   No. LU-s =      22
  No. nonlinear iterations =     112
  No. nonlinear convergence failures =       0
  No. error test failures =       0
  Last step size used =    0.51280E+07
  Index compenent largest error = ********

 ...   43 / 138

 No. steps =      98   No. f-s =    1450   No. J-s =       2   No. LU-s =      22
  No. nonlinear iterations =     111
  No. nonlinear convergence failures =       0
  No. error test failures =       0
  Last step size used =    0.57978E+07
  Index compenent largest error = ********

 ...   44 / 138

 No. steps =      95   No. f-s =    1446   No. J-s =       2   No. LU-s =      22
  No. nonlinear iterations =     107
  No. nonlinear convergence failures =       0
  No. error test failures =       0
  Last step size used =    0.56583E+07
  Index compenent largest error = ********

 ...   45 / 138

 No. steps =      97   No. f-s =    1448   No. J-s =       2   No. LU-s =      21
  No. nonlinear iterations =     109
  No. nonlinear convergence failures =       0
  No. error test failures =       0
  Last step size used =    0.50771E+07
  Index compenent largest error = ********

 ...   46 / 138

 No. steps =      93   No. f-s =    1441   No. J-s =       2   No. LU-s =      20
  No. nonlinear iterations =     102
  No. nonlinear convergence failures =       0
  No. error test failures =       0
  Last step size used =    0.36362E+07
  Index compenent largest error = ********

 ...   47 / 138

 No. steps =      84   No. f-s =    1434   No. J-s =       2   No. LU-s =      20
  No. nonlinear iterations =      95
  No. nonlinear convergence failures =       0
  No. error test failures =       0
  Last step size used =    0.39730E+07
  Index compenent largest error = ********

 ...   48 / 138

 No. steps =      77   No. f-s =    1425   No. J-s =       2   No. LU-s =      20
  No. nonlinear iterations =      86
  No. nonlinear convergence failures =       0
  No. error test failures =       0
  Last step size used =    0.63166E+07
  Index compenent largest error = ********

 ...   49 / 138

 No. steps =      81   No. f-s =    1429   No. J-s =       2   No. LU-s =      18
  No. nonlinear iterations =      90
  No. nonlinear convergence failures =       0
  No. error test failures =       0
  Last step size used =    0.39591E+07
  Index compenent largest error = ********

 ...   50 / 138

 No. steps =      80   No. f-s =    1431   No. J-s =       2   No. LU-s =      18
  No. nonlinear iterations =      92
  No. nonlinear convergence failures =       0
  No. error test failures =       0
  Last step size used =    0.36896E+07
  Index compenent largest error = ********

 ...   51 / 138

 No. steps =      81   No. f-s =    1431   No. J-s =       2   No. LU-s =      19
  No. nonlinear iterations =      92
  No. nonlinear convergence failures =       0
  No. error test failures =       0
  Last step size used =    0.50254E+07
  Index compenent largest error = ********

 ...   52 / 138

 No. steps =      71   No. f-s =    1422   No. J-s =       2   No. LU-s =      19
  No. nonlinear iterations =      83
  No. nonlinear convergence failures =       0
  No. error test failures =       0
  Last step size used =    0.55341E+07
  Index compenent largest error = ********

 ...   53 / 138

 No. steps =      59   No. f-s =    1407   No. J-s =       2   No. LU-s =      18
  No. nonlinear iterations =      68
  No. nonlinear convergence failures =       0
  No. error test failures =       0
  Last step size used =    0.49298E+07
  Index compenent largest error = ********

 ...   54 / 138

 No. steps =      71   No. f-s =    1418   No. J-s =       2   No. LU-s =      17
  No. nonlinear iterations =      79
  No. nonlinear convergence failures =       0
  No. error test failures =       0
  Last step size used =    0.45093E+07
  Index compenent largest error = ********

 ...   55 / 138

 No. steps =      75   No. f-s =    1424   No. J-s =       2   No. LU-s =      20
  No. nonlinear iterations =      85
  No. nonlinear convergence failures =       0
  No. error test failures =       0
  Last step size used =    0.59500E+07
  Index compenent largest error = ********

 ...   56 / 138

 No. steps =      81   No. f-s =    1429   No. J-s =       2   No. LU-s =      19
  No. nonlinear iterations =      90
  No. nonlinear convergence failures =       0
  No. error test failures =       0
  Last step size used =    0.44215E+07
  Index compenent largest error = ********

 ...   57 / 138

 No. steps =      85   No. f-s =    1435   No. J-s =       2   No. LU-s =      20
  No. nonlinear iterations =      96
  No. nonlinear convergence failures =       0
  No. error test failures =       0
  Last step size used =    0.60819E+07
  Index compenent largest error = ********

 ...   58 / 138

 No. steps =      86   No. f-s =    1437   No. J-s =       2   No. LU-s =      20
  No. nonlinear iterations =      98
  No. nonlinear convergence failures =       0
  No. error test failures =       0
  Last step size used =    0.42443E+07
  Index compenent largest error = ********

 ...   59 / 138

 No. steps =      86   No. f-s =    1436   No. J-s =       2   No. LU-s =      20
  No. nonlinear iterations =      97
  No. nonlinear convergence failures =       0
  No. error test failures =       0
  Last step size used =    0.57830E+07
  Index compenent largest error = ********

 ...   60 / 138

 No. steps =      86   No. f-s =    1438   No. J-s =       2   No. LU-s =      20
  No. nonlinear iterations =      99
  No. nonlinear convergence failures =       0
  No. error test failures =       0
  Last step size used =    0.58583E+07
  Index compenent largest error = ********

 ...   61 / 138

 No. steps =      86   No. f-s =    1438   No. J-s =       2   No. LU-s =      20
  No. nonlinear iterations =      99
  No. nonlinear convergence failures =       0
  No. error test failures =       0
  Last step size used =    0.60604E+07
  Index compenent largest error = ********

 ...   62 / 138

 No. steps =      87   No. f-s =    1438   No. J-s =       2   No. LU-s =      20
  No. nonlinear iterations =      99
  No. nonlinear convergence failures =       0
  No. error test failures =       0
  Last step size used =    0.38531E+07
  Index compenent largest error = ********

 ...   63 / 138

 No. steps =      86   No. f-s =    1439   No. J-s =       2   No. LU-s =      19
  No. nonlinear iterations =     100
  No. nonlinear convergence failures =       0
  No. error test failures =       0
  Last step size used =    0.39283E+07
  Index compenent largest error = ********

 ...   64 / 138

 No. steps =      85   No. f-s =    1438   No. J-s =       2   No. LU-s =      20
  No. nonlinear iterations =      99
  No. nonlinear convergence failures =       0
  No. error test failures =       0
  Last step size used =    0.50825E+07
  Index compenent largest error = ********

 ...   65 / 138

 No. steps =      86   No. f-s =    1440   No. J-s =       2   No. LU-s =      20
  No. nonlinear iterations =     101
  No. nonlinear convergence failures =       0
  No. error test failures =       0
  Last step size used =    0.49856E+07
  Index compenent largest error = ********

 ...   66 / 138

 No. steps =      86   No. f-s =    1436   No. J-s =       2   No. LU-s =      19
  No. nonlinear iterations =      97
  No. nonlinear convergence failures =       0
  No. error test failures =       0
  Last step size used =    0.40501E+07
  Index compenent largest error = ********

 ...   67 / 138

 No. steps =      84   No. f-s =    1437   No. J-s =       2   No. LU-s =      20
  No. nonlinear iterations =      98
  No. nonlinear convergence failures =       0
  No. error test failures =       0
  Last step size used =    0.46553E+07
  Index compenent largest error = ********

 ...   68 / 138

 No. steps =      83   No. f-s =    1436   No. J-s =       2   No. LU-s =      20
  No. nonlinear iterations =      97
  No. nonlinear convergence failures =       0
  No. error test failures =       0
  Last step size used =    0.50680E+07
  Index compenent largest error = ********

 ...   69 / 138

 No. steps =      83   No. f-s =    1436   No. J-s =       2   No. LU-s =      19
  No. nonlinear iterations =      97
  No. nonlinear convergence failures =       0
  No. error test failures =       0
  Last step size used =    0.55619E+07
  Index compenent largest error = ********

 ...   70 / 138

 No. steps =      82   No. f-s =    1434   No. J-s =       2   No. LU-s =      19
  No. nonlinear iterations =      95
  No. nonlinear convergence failures =       0
  No. error test failures =       0
  Last step size used =    0.61116E+07
  Index compenent largest error = ********

 ...   71 / 138

 No. steps =      78   No. f-s =    1430   No. J-s =       2   No. LU-s =      19
  No. nonlinear iterations =      91
  No. nonlinear convergence failures =       0
  No. error test failures =       0
  Last step size used =    0.61148E+07
  Index compenent largest error = ********

 ...   72 / 138

 No. steps =      76   No. f-s =    1426   No. J-s =       2   No. LU-s =      18
  No. nonlinear iterations =      87
  No. nonlinear convergence failures =       0
  No. error test failures =       0
  Last step size used =    0.63259E+07
  Index compenent largest error = ********

 ...   73 / 138

 No. steps =      74   No. f-s =    1422   No. J-s =       2   No. LU-s =      18
  No. nonlinear iterations =      83
  No. nonlinear convergence failures =       0
  No. error test failures =       0
  Last step size used =    0.49324E+07
  Index compenent largest error = ********

 ...   74 / 138

 No. steps =      72   No. f-s =    1423   No. J-s =       2   No. LU-s =      18
  No. nonlinear iterations =      84
  No. nonlinear convergence failures =       0
  No. error test failures =       0
  Last step size used =    0.44789E+07
  Index compenent largest error = ********

 ...   75 / 138

 No. steps =      65   No. f-s =    1414   No. J-s =       2   No. LU-s =      18
  No. nonlinear iterations =      75
  No. nonlinear convergence failures =       0
  No. error test failures =       0
  Last step size used =    0.62721E+07
  Index compenent largest error = ********

 ...   76 / 138

 No. steps =      65   No. f-s =    1413   No. J-s =       2   No. LU-s =      17
  No. nonlinear iterations =      74
  No. nonlinear convergence failures =       0
  No. error test failures =       0
  Last step size used =    0.47722E+07
  Index compenent largest error = ********

 ...   77 / 138

 No. steps =      61   No. f-s =    1408   No. J-s =       2   No. LU-s =      14
  No. nonlinear iterations =      69
  No. nonlinear convergence failures =       0
  No. error test failures =       0
  Last step size used =    0.59387E+07
  Index compenent largest error = ********

 ...   78 / 138

 No. steps =      62   No. f-s =    1409   No. J-s =       2   No. LU-s =      14
  No. nonlinear iterations =      70
  No. nonlinear convergence failures =       0
  No. error test failures =       0
  Last step size used =    0.56080E+07
  Index compenent largest error = ********

 ...   79 / 138

 No. steps =      60   No. f-s =    1406   No. J-s =       2   No. LU-s =      14
  No. nonlinear iterations =      67
  No. nonlinear convergence failures =       0
  No. error test failures =       0
  Last step size used =    0.51169E+07
  Index compenent largest error = ********

 ...   80 / 138

 No. steps =      61   No. f-s =    1407   No. J-s =       2   No. LU-s =      14
  No. nonlinear iterations =      68
  No. nonlinear convergence failures =       0
  No. error test failures =       0
  Last step size used =    0.62710E+07
  Index compenent largest error = ********

 ...   81 / 138

 No. steps =      62   No. f-s =    1407   No. J-s =       2   No. LU-s =      16
  No. nonlinear iterations =      68
  No. nonlinear convergence failures =       0
  No. error test failures =       0
  Last step size used =    0.55028E+07
  Index compenent largest error = ********

 ...   82 / 138

 No. steps =      65   No. f-s =    1415   No. J-s =       2   No. LU-s =      18
  No. nonlinear iterations =      76
  No. nonlinear convergence failures =       0
  No. error test failures =       0
  Last step size used =    0.62386E+07
  Index compenent largest error = ********

 ...   83 / 138

 No. steps =      62   No. f-s =    1409   No. J-s =       2   No. LU-s =      16
  No. nonlinear iterations =      70
  No. nonlinear convergence failures =       0
  No. error test failures =       0
  Last step size used =    0.70816E+07
  Index compenent largest error = ********

 ...   84 / 138

 No. steps =      64   No. f-s =    1413   No. J-s =       2   No. LU-s =      17
  No. nonlinear iterations =      74
  No. nonlinear convergence failures =       0
  No. error test failures =       0
  Last step size used =    0.49944E+07
  Index compenent largest error = ********

 ...   85 / 138

 No. steps =      67   No. f-s =    1416   No. J-s =       2   No. LU-s =      17
  No. nonlinear iterations =      77
  No. nonlinear convergence failures =       0
  No. error test failures =       0
  Last step size used =    0.51571E+07
  Index compenent largest error = ********

 ...   86 / 138

 No. steps =      68   No. f-s =    1418   No. J-s =       2   No. LU-s =      17
  No. nonlinear iterations =      79
  No. nonlinear convergence failures =       0
  No. error test failures =       0
  Last step size used =    0.45479E+07
  Index compenent largest error = ********

 ...   87 / 138

 No. steps =      69   No. f-s =    1418   No. J-s =       2   No. LU-s =      18
  No. nonlinear iterations =      79
  No. nonlinear convergence failures =       0
  No. error test failures =       0
  Last step size used =    0.72491E+07
  Index compenent largest error = ********

 ...   88 / 138

 No. steps =      69   No. f-s =    1418   No. J-s =       2   No. LU-s =      17
  No. nonlinear iterations =      79
  No. nonlinear convergence failures =       0
  No. error test failures =       0
  Last step size used =    0.48109E+07
  Index compenent largest error = ********

 ...   89 / 138

 No. steps =      71   No. f-s =    1419   No. J-s =       2   No. LU-s =      17
  No. nonlinear iterations =      80
  No. nonlinear convergence failures =       0
  No. error test failures =       0
  Last step size used =    0.47858E+07
  Index compenent largest error = ********

 ...   90 / 138

 No. steps =      70   No. f-s =    1418   No. J-s =       2   No. LU-s =      17
  No. nonlinear iterations =      79
  No. nonlinear convergence failures =       0
  No. error test failures =       0
  Last step size used =    0.49920E+07
  Index compenent largest error = ********

 ...   91 / 138

 No. steps =      71   No. f-s =    1420   No. J-s =       2   No. LU-s =      17
  No. nonlinear iterations =      81
  No. nonlinear convergence failures =       0
  No. error test failures =       0
  Last step size used =    0.46886E+07
  Index compenent largest error = ********

 ...   92 / 138

 No. steps =      72   No. f-s =    1421   No. J-s =       2   No. LU-s =      17
  No. nonlinear iterations =      82
  No. nonlinear convergence failures =       0
  No. error test failures =       0
  Last step size used =    0.42564E+07
  Index compenent largest error = ********

 ...   93 / 138

 No. steps =      71   No. f-s =    1420   No. J-s =       2   No. LU-s =      17
  No. nonlinear iterations =      81
  No. nonlinear convergence failures =       0
  No. error test failures =       0
  Last step size used =    0.45306E+07
  Index compenent largest error = ********

 ...   94 / 138

 No. steps =      70   No. f-s =    1419   No. J-s =       2   No. LU-s =      17
  No. nonlinear iterations =      80
  No. nonlinear convergence failures =       0
  No. error test failures =       0
  Last step size used =    0.48651E+07
  Index compenent largest error = ********

 ...   95 / 138

 No. steps =      69   No. f-s =    1417   No. J-s =       2   No. LU-s =      17
  No. nonlinear iterations =      78
  No. nonlinear convergence failures =       0
  No. error test failures =       0
  Last step size used =    0.55599E+07
  Index compenent largest error = ********

 ...   96 / 138

 No. steps =      70   No. f-s =    1419   No. J-s =       2   No. LU-s =      17
  No. nonlinear iterations =      80
  No. nonlinear convergence failures =       0
  No. error test failures =       0
  Last step size used =    0.53196E+07
  Index compenent largest error = ********

 ...   97 / 138

 No. steps =      69   No. f-s =    1417   No. J-s =       2   No. LU-s =      17
  No. nonlinear iterations =      78
  No. nonlinear convergence failures =       0
  No. error test failures =       0
  Last step size used =    0.56921E+07
  Index compenent largest error = ********

 ...   98 / 138

 No. steps =      68   No. f-s =    1415   No. J-s =       2   No. LU-s =      17
  No. nonlinear iterations =      76
  No. nonlinear convergence failures =       0
  No. error test failures =       0
  Last step size used =    0.47680E+07
  Index compenent largest error = ********

 ...   99 / 138

 No. steps =      69   No. f-s =    1418   No. J-s =       2   No. LU-s =      17
  No. nonlinear iterations =      79
  No. nonlinear convergence failures =       0
  No. error test failures =       0
  Last step size used =    0.52786E+07
  Index compenent largest error = ********

 ...  100 / 138

 No. steps =      68   No. f-s =    1416   No. J-s =       2   No. LU-s =      17
  No. nonlinear iterations =      77
  No. nonlinear convergence failures =       0
  No. error test failures =       0
  Last step size used =    0.54273E+07
  Index compenent largest error = ********

 ...  101 / 138

 No. steps =      67   No. f-s =    1414   No. J-s =       2   No. LU-s =      17
  No. nonlinear iterations =      75
  No. nonlinear convergence failures =       0
  No. error test failures =       0
  Last step size used =    0.52860E+07
  Index compenent largest error = ********

 ...  102 / 138

 No. steps =      67   No. f-s =    1415   No. J-s =       2   No. LU-s =      17
  No. nonlinear iterations =      76
  No. nonlinear convergence failures =       0
  No. error test failures =       0
  Last step size used =    0.57095E+07
  Index compenent largest error = ********

 ...  103 / 138

 No. steps =      66   No. f-s =    1413   No. J-s =       2   No. LU-s =      17
  No. nonlinear iterations =      74
  No. nonlinear convergence failures =       0
  No. error test failures =       0
  Last step size used =    0.55098E+07
  Index compenent largest error = ********

 ...  104 / 138

 No. steps =      66   No. f-s =    1413   No. J-s =       2   No. LU-s =      17
  No. nonlinear iterations =      74
  No. nonlinear convergence failures =       0
  No. error test failures =       0
  Last step size used =    0.57102E+07
  Index compenent largest error = ********

 ...  105 / 138

 No. steps =      65   No. f-s =    1412   No. J-s =       2   No. LU-s =      17
  No. nonlinear iterations =      73
  No. nonlinear convergence failures =       0
  No. error test failures =       0
  Last step size used =    0.62174E+07
  Index compenent largest error = ********

 ...  106 / 138

 No. steps =      65   No. f-s =    1412   No. J-s =       2   No. LU-s =      17
  No. nonlinear iterations =      73
  No. nonlinear convergence failures =       0
  No. error test failures =       0
  Last step size used =    0.62666E+07
  Index compenent largest error = ********

 ...  107 / 138

 No. steps =      61   No. f-s =    1410   No. J-s =       2   No. LU-s =      17
  No. nonlinear iterations =      71
  No. nonlinear convergence failures =       0
  No. error test failures =       0
  Last step size used =    0.66055E+07
  Index compenent largest error = ********

 ...  108 / 138

 No. steps =      63   No. f-s =    1413   No. J-s =       2   No. LU-s =      17
  No. nonlinear iterations =      74
  No. nonlinear convergence failures =       0
  No. error test failures =       0
  Last step size used =    0.78756E+07
  Index compenent largest error = ********

 ...  109 / 138

 No. steps =      60   No. f-s =    1408   No. J-s =       2   No. LU-s =      16
  No. nonlinear iterations =      69
  No. nonlinear convergence failures =       0
  No. error test failures =       0
  Last step size used =    0.44176E+07
  Index compenent largest error = ********

 ...  110 / 138

 No. steps =      60   No. f-s =    1408   No. J-s =       2   No. LU-s =      16
  No. nonlinear iterations =      69
  No. nonlinear convergence failures =       0
  No. error test failures =       0
  Last step size used =    0.45116E+07
  Index compenent largest error = ********

 ...  111 / 138

 No. steps =      60   No. f-s =    1408   No. J-s =       2   No. LU-s =      16
  No. nonlinear iterations =      69
  No. nonlinear convergence failures =       0
  No. error test failures =       0
  Last step size used =    0.44777E+07
  Index compenent largest error = ********

 ...  112 / 138

 No. steps =      63   No. f-s =    1413   No. J-s =       2   No. LU-s =      17
  No. nonlinear iterations =      74
  No. nonlinear convergence failures =       0
  No. error test failures =       0
  Last step size used =    0.86189E+07
  Index compenent largest error = ********

 ...  113 / 138

 No. steps =      61   No. f-s =    1410   No. J-s =       2   No. LU-s =      16
  No. nonlinear iterations =      71
  No. nonlinear convergence failures =       0
  No. error test failures =       0
  Last step size used =    0.60708E+07
  Index compenent largest error = ********

 ...  114 / 138

 No. steps =      61   No. f-s =    1410   No. J-s =       2   No. LU-s =      16
  No. nonlinear iterations =      71
  No. nonlinear convergence failures =       0
  No. error test failures =       0
  Last step size used =    0.61102E+07
  Index compenent largest error = ********

 ...  115 / 138

 No. steps =      62   No. f-s =    1411   No. J-s =       2   No. LU-s =      16
  No. nonlinear iterations =      72
  No. nonlinear convergence failures =       0
  No. error test failures =       0
  Last step size used =    0.60844E+07
  Index compenent largest error = ********

 ...  116 / 138

 No. steps =      60   No. f-s =    1407   No. J-s =       2   No. LU-s =      16
  No. nonlinear iterations =      68
  No. nonlinear convergence failures =       0
  No. error test failures =       0
  Last step size used =    0.42224E+07
  Index compenent largest error = ********

 ...  117 / 138

 No. steps =      60   No. f-s =    1407   No. J-s =       2   No. LU-s =      16
  No. nonlinear iterations =      68
  No. nonlinear convergence failures =       0
  No. error test failures =       0
  Last step size used =    0.53579E+07
  Index compenent largest error = ********

 ...  118 / 138

 No. steps =      60   No. f-s =    1407   No. J-s =       2   No. LU-s =      16
  No. nonlinear iterations =      68
  No. nonlinear convergence failures =       0
  No. error test failures =       0
  Last step size used =    0.43624E+07
  Index compenent largest error = ********

 ...  119 / 138

 No. steps =      59   No. f-s =    1407   No. J-s =       2   No. LU-s =      15
  No. nonlinear iterations =      68
  No. nonlinear convergence failures =       0
  No. error test failures =       0
  Last step size used =    0.47670E+07
  Index compenent largest error = ********

 ...  120 / 138

 No. steps =      59   No. f-s =    1407   No. J-s =       2   No. LU-s =      16
  No. nonlinear iterations =      68
  No. nonlinear convergence failures =       0
  No. error test failures =       0
  Last step size used =    0.56229E+07
  Index compenent largest error = ********

 ...  121 / 138

 No. steps =      61   No. f-s =    1410   No. J-s =       2   No. LU-s =      15
  No. nonlinear iterations =      71
  No. nonlinear convergence failures =       0
  No. error test failures =       0
  Last step size used =    0.42597E+07
  Index compenent largest error = ********

 ...  122 / 138

 No. steps =      60   No. f-s =    1409   No. J-s =       2   No. LU-s =      15
  No. nonlinear iterations =      70
  No. nonlinear convergence failures =       0
  No. error test failures =       0
  Last step size used =    0.47976E+07
  Index compenent largest error = ********

 ...  123 / 138

 No. steps =      59   No. f-s =    1407   No. J-s =       2   No. LU-s =      15
  No. nonlinear iterations =      68
  No. nonlinear convergence failures =       0
  No. error test failures =       0
  Last step size used =    0.48092E+07
  Index compenent largest error = ********

 ...  124 / 138

 No. steps =      60   No. f-s =    1409   No. J-s =       2   No. LU-s =      15
  No. nonlinear iterations =      70
  No. nonlinear convergence failures =       0
  No. error test failures =       0
  Last step size used =    0.48753E+07
  Index compenent largest error = ********

 ...  125 / 138

 No. steps =      60   No. f-s =    1409   No. J-s =       2   No. LU-s =      15
  No. nonlinear iterations =      70
  No. nonlinear convergence failures =       0
  No. error test failures =       0
  Last step size used =    0.50622E+07
  Index compenent largest error = ********

 ...  126 / 138

 No. steps =      59   No. f-s =    1407   No. J-s =       2   No. LU-s =      15
  No. nonlinear iterations =      68
  No. nonlinear convergence failures =       0
  No. error test failures =       0
  Last step size used =    0.50110E+07
  Index compenent largest error = ********

 ...  127 / 138

 No. steps =      58   No. f-s =    1406   No. J-s =       2   No. LU-s =      15
  No. nonlinear iterations =      67
  No. nonlinear convergence failures =       0
  No. error test failures =       0
  Last step size used =    0.54270E+07
  Index compenent largest error = ********

 ...  128 / 138

 No. steps =      60   No. f-s =    1409   No. J-s =       2   No. LU-s =      15
  No. nonlinear iterations =      70
  No. nonlinear convergence failures =       0
  No. error test failures =       0
  Last step size used =    0.46713E+07
  Index compenent largest error = ********

 ...  129 / 138

 No. steps =      58   No. f-s =    1403   No. J-s =       2   No. LU-s =      15
  No. nonlinear iterations =      64
  No. nonlinear convergence failures =       0
  No. error test failures =       0
  Last step size used =    0.44114E+07
  Index compenent largest error = ********

 ...  130 / 138

 No. steps =      55   No. f-s =    1401   No. J-s =       2   No. LU-s =      15
  No. nonlinear iterations =      62
  No. nonlinear convergence failures =       0
  No. error test failures =       0
  Last step size used =    0.56748E+07
  Index compenent largest error = ********

 ...  131 / 138

 No. steps =      58   No. f-s =    1403   No. J-s =       2   No. LU-s =      15
  No. nonlinear iterations =      64
  No. nonlinear convergence failures =       0
  No. error test failures =       0
  Last step size used =    0.46213E+07
  Index compenent largest error = ********

 ...  132 / 138

 No. steps =      58   No. f-s =    1405   No. J-s =       2   No. LU-s =      16
  No. nonlinear iterations =      66
  No. nonlinear convergence failures =       0
  No. error test failures =       0
  Last step size used =    0.64380E+07
  Index compenent largest error = ********

 ...  133 / 138

 No. steps =      57   No. f-s =    1402   No. J-s =       2   No. LU-s =      15
  No. nonlinear iterations =      63
  No. nonlinear convergence failures =       0
  No. error test failures =       0
  Last step size used =    0.47609E+07
  Index compenent largest error = ********

 ...  134 / 138

 No. steps =      57   No. f-s =    1402   No. J-s =       2   No. LU-s =      15
  No. nonlinear iterations =      63
  No. nonlinear convergence failures =       0
  No. error test failures =       0
  Last step size used =    0.49201E+07
  Index compenent largest error = ********

 ...  135 / 138

 No. steps =      56   No. f-s =    1405   No. J-s =       2   No. LU-s =      15
  No. nonlinear iterations =      66
  No. nonlinear convergence failures =       0
  No. error test failures =       0
  Last step size used =    0.48816E+07
  Index compenent largest error = ********

 ...  136 / 138

 No. steps =      56   No. f-s =    1406   No. J-s =       2   No. LU-s =      15
  No. nonlinear iterations =      67
  No. nonlinear convergence failures =       0
  No. error test failures =       0
  Last step size used =    0.48351E+07
  Index compenent largest error = ********

 ...  137 / 138

 No. steps =      53   No. f-s =     732   No. J-s =       1   No. LU-s =      15
  No. nonlinear iterations =      61
  No. nonlinear convergence failures =       0
  No. error test failures =       0
  Last step size used =    0.49709E+07
  Index compenent largest error = ********

 ...  138 / 138

 No. steps =      56   No. f-s =    1406   No. J-s =       2   No. LU-s =      15
  No. nonlinear iterations =      67
  No. nonlinear convergence failures =       0
  No. error test failures =       0
  Last step size used =    0.48441E+07
  Index compenent largest error = ********


    ... DONE!
 +++++++++++++++++++++++++++++++++++++++++++++++++++


+------------------ Job Report: 10176465 (COMPLETED) ------------------+
| Memory (RAM)  [                    ]  0.1% (1 MB peak / 1 GB)        |
| CPU           [#############       ] 67.2% average                   |
| Time          [>                   ]  1.6% (0-00:00:58 / 0-01:00:00) |
|                                                                      |
| Lustre Filesystem:                                                   |
|   Path    Total Read    Total Write    Total IOPS                    |
|   ------  ------------  -------------  ------------                  |
|   /apps   0 B           0 B            18                            |
|   /fred   8 KB          62 MB          4.4 K                         |
+----------------------------------------------------------------------+
