Starting job 10175700, array task 379 on dave28
Chemistry type: Crich
Analysis mode: false
Found 462 valid particle IDs in /fred/oz304/beckers/Chemistry/traces/wind_v10/trace_output_with_av
Returning 460 particle IDs (after start_index=2 offset)
SLURM task 379: processing particle 3438758
Running Crich evolving_model on 1 phantom particle trace(s) from wind_v10

 +++++++++++++++++++++++++++++++++++++++++++++++++++
 +++++        ENVELOPE CHEMICAL MODEL         ++++++
 +++++++++++++++++++++++++++++++++++++++++++++++++++

 Version 1.0 authored by Catherine Walsh and Maria 
    Drozdovskaya, Leiden Observatory (01/08/2013)

 Version 1.1 amended by Catherine Walsh (18/05/2014)

 Version 1.2 amended by Catherine Walsh (13/08/2015)

 +++++++++++++++++++++++++++++++++++++++++++++++++++

          Input file =  Crich/param/trace_file_param/file_parameters_3438758.txt              

 Physical conditions  = Crich/input/3438758.txt                                               
 Chemical network     = ./rate12_complex.rates                                                
 Species file         = ./rate12_complex_atomic_Crich.specs                                   
 Binding energies     = ./rate12_binding.dat                                                  
 Reaction parameters  = param/reaction_parameters.txt                                         
 Grain parameters     = param/grain_parameters.txt                                            
 Radiation parameters = param/radiation_parameters.txt                                        

 Output file          = Crich/output/model_output_3438758.dat                                 
 Rates file           = Crich/output/model_rates_3438758.dat                                  

 Opening and reading physical conditions file ...

 +++++++++++++++++++++++++++++++++++++++++++++++++++
 Beginning to run model ...
 +++++++++++++++++++++++++++++++++++++++++++++++++++

 Preparing output files ...

 Progress = ...
 ...    1 / 270

 No. steps =     990   No. f-s =   16742   No. J-s =      23   No. LU-s =     135
  No. nonlinear iterations =    1377
  No. nonlinear convergence failures =       0
  No. error test failures =      28
  Last step size used =    0.25993E+09
  Index compenent largest error = ********

 ...    2 / 270

 No. steps =     188   No. f-s =    2899   No. J-s =       4   No. LU-s =      35
  No. nonlinear iterations =     224
  No. nonlinear convergence failures =       0
  No. error test failures =       3
  Last step size used =    0.21367E+07
  Index compenent largest error = ********

 ...    3 / 270

 No. steps =     239   No. f-s =    3633   No. J-s =       5   No. LU-s =      40
  No. nonlinear iterations =     290
  No. nonlinear convergence failures =       0
  No. error test failures =       5
  Last step size used =    0.16352E+07
  Index compenent largest error = ********

 ...    4 / 270

 No. steps =     228   No. f-s =    3597   No. J-s =       5   No. LU-s =      31
  No. nonlinear iterations =     254
  No. nonlinear convergence failures =       0
  No. error test failures =       1
  Last step size used =    0.37994E+07
  Index compenent largest error = ********

 ...    5 / 270

 No. steps =     160   No. f-s =    2186   No. J-s =       3   No. LU-s =      29
  No. nonlinear iterations =     179
  No. nonlinear convergence failures =       0
  No. error test failures =       0
  Last step size used =    0.38866E+07
  Index compenent largest error = ********

 ...    6 / 270

 No. steps =     156   No. f-s =    2180   No. J-s =       3   No. LU-s =      30
  No. nonlinear iterations =     173
  No. nonlinear convergence failures =       0
  No. error test failures =       0
  Last step size used =    0.47053E+07
  Index compenent largest error = ********

 ...    7 / 270

 No. steps =     133   No. f-s =    2157   No. J-s =       3   No. LU-s =      29
  No. nonlinear iterations =     150
  No. nonlinear convergence failures =       0
  No. error test failures =       0
  Last step size used =    0.43012E+07
  Index compenent largest error = ********

 ...    8 / 270

 No. steps =     169   No. f-s =    2867   No. J-s =       4   No. LU-s =      30
  No. nonlinear iterations =     192
  No. nonlinear convergence failures =       0
  No. error test failures =       0
  Last step size used =    0.40474E+07
  Index compenent largest error = ********

 ...    9 / 270

 No. steps =     167   No. f-s =    2866   No. J-s =       4   No. LU-s =      30
  No. nonlinear iterations =     191
  No. nonlinear convergence failures =       0
  No. error test failures =       0
  Last step size used =    0.35884E+07
  Index compenent largest error = ********

 ...   10 / 270

 No. steps =     164   No. f-s =    2190   No. J-s =       3   No. LU-s =      29
  No. nonlinear iterations =     183
  No. nonlinear convergence failures =       0
  No. error test failures =       0
  Last step size used =    0.33276E+07
  Index compenent largest error = ********

 ...   11 / 270

 No. steps =     165   No. f-s =    2860   No. J-s =       4   No. LU-s =      29
  No. nonlinear iterations =     185
  No. nonlinear convergence failures =       0
  No. error test failures =       0
  Last step size used =    0.46013E+07
  Index compenent largest error = ********

 ...   12 / 270

 No. steps =     164   No. f-s =    2857   No. J-s =       4   No. LU-s =      29
  No. nonlinear iterations =     182
  No. nonlinear convergence failures =       0
  No. error test failures =       0
  Last step size used =    0.37378E+07
  Index compenent largest error = ********

 ...   13 / 270

 No. steps =     159   No. f-s =    2184   No. J-s =       3   No. LU-s =      28
  No. nonlinear iterations =     177
  No. nonlinear convergence failures =       0
  No. error test failures =       0
  Last step size used =    0.30208E+07
  Index compenent largest error = ********

 ...   14 / 270

 No. steps =     148   No. f-s =    2170   No. J-s =       3   No. LU-s =      28
  No. nonlinear iterations =     163
  No. nonlinear convergence failures =       0
  No. error test failures =       0
  Last step size used =    0.28771E+07
  Index compenent largest error = ********

 ...   15 / 270

 No. steps =     141   No. f-s =    2164   No. J-s =       3   No. LU-s =      28
  No. nonlinear iterations =     157
  No. nonlinear convergence failures =       0
  No. error test failures =       0
  Last step size used =    0.42811E+07
  Index compenent largest error = ********

 ...   16 / 270

 No. steps =     139   No. f-s =    2159   No. J-s =       3   No. LU-s =      27
  No. nonlinear iterations =     152
  No. nonlinear convergence failures =       0
  No. error test failures =       0
  Last step size used =    0.36460E+07
  Index compenent largest error = ********

 ...   17 / 270

 No. steps =     133   No. f-s =    2154   No. J-s =       3   No. LU-s =      26
  No. nonlinear iterations =     147
  No. nonlinear convergence failures =       0
  No. error test failures =       0
  Last step size used =    0.37364E+07
  Index compenent largest error = ********

 ...   18 / 270

 No. steps =     132   No. f-s =    2150   No. J-s =       3   No. LU-s =      25
  No. nonlinear iterations =     143
  No. nonlinear convergence failures =       0
  No. error test failures =       0
  Last step size used =    0.45616E+07
  Index compenent largest error = ********

 ...   19 / 270

 No. steps =     168   No. f-s =    2868   No. J-s =       4   No. LU-s =      30
  No. nonlinear iterations =     193
  No. nonlinear convergence failures =       0
  No. error test failures =       2
  Last step size used =    0.37543E+07
  Index compenent largest error = ********

 ...   20 / 270

 No. steps =     224   No. f-s =    2927   No. J-s =       4   No. LU-s =      29
  No. nonlinear iterations =     252
  No. nonlinear convergence failures =       0
  No. error test failures =       1
  Last step size used =    0.16158E+07
  Index compenent largest error = ********

 ...   21 / 270

 No. steps =     112   No. f-s =    2125   No. J-s =       3   No. LU-s =      24
  No. nonlinear iterations =     118
  No. nonlinear convergence failures =       0
  No. error test failures =       0
  Last step size used =    0.34615E+07
  Index compenent largest error = ********

 ...   22 / 270

 No. steps =     152   No. f-s =    2173   No. J-s =       3   No. LU-s =      27
  No. nonlinear iterations =     166
  No. nonlinear convergence failures =       0
  No. error test failures =       0
  Last step size used =    0.37256E+07
  Index compenent largest error = ********

 ...   23 / 270

 No. steps =     151   No. f-s =    2175   No. J-s =       3   No. LU-s =      27
  No. nonlinear iterations =     168
  No. nonlinear convergence failures =       0
  No. error test failures =       0
  Last step size used =    0.36821E+07
  Index compenent largest error = ********

 ...   24 / 270

 No. steps =     147   No. f-s =    2172   No. J-s =       3   No. LU-s =      27
  No. nonlinear iterations =     165
  No. nonlinear convergence failures =       0
  No. error test failures =       0
  Last step size used =    0.35853E+07
  Index compenent largest error = ********

 ...   25 / 270

 No. steps =     145   No. f-s =    2166   No. J-s =       3   No. LU-s =      27
  No. nonlinear iterations =     159
  No. nonlinear convergence failures =       0
  No. error test failures =       0
  Last step size used =    0.34789E+07
  Index compenent largest error = ********

 ...   26 / 270

 No. steps =     137   No. f-s =    2160   No. J-s =       3   No. LU-s =      25
  No. nonlinear iterations =     153
  No. nonlinear convergence failures =       0
  No. error test failures =       0
  Last step size used =    0.43925E+07
  Index compenent largest error = ********

 ...   27 / 270

 No. steps =     135   No. f-s =    2155   No. J-s =       3   No. LU-s =      25
  No. nonlinear iterations =     148
  No. nonlinear convergence failures =       0
  No. error test failures =       0
  Last step size used =    0.36458E+07
  Index compenent largest error = ********

 ...   28 / 270

 No. steps =     130   No. f-s =    2149   No. J-s =       3   No. LU-s =      25
  No. nonlinear iterations =     142
  No. nonlinear convergence failures =       0
  No. error test failures =       0
  Last step size used =    0.45379E+07
  Index compenent largest error = ********

 ...   29 / 270

 No. steps =     127   No. f-s =    2146   No. J-s =       3   No. LU-s =      24
  No. nonlinear iterations =     139
  No. nonlinear convergence failures =       0
  No. error test failures =       0
  Last step size used =    0.30613E+07
  Index compenent largest error = ********

 ...   30 / 270

 No. steps =     121   No. f-s =    2141   No. J-s =       3   No. LU-s =      24
  No. nonlinear iterations =     134
  No. nonlinear convergence failures =       0
  No. error test failures =       0
  Last step size used =    0.43623E+07
  Index compenent largest error = ********

 ...   31 / 270

 No. steps =     124   No. f-s =    2144   No. J-s =       3   No. LU-s =      24
  No. nonlinear iterations =     137
  No. nonlinear convergence failures =       0
  No. error test failures =       0
  Last step size used =    0.43981E+07
  Index compenent largest error = ********

 ...   32 / 270

 No. steps =     120   No. f-s =    2141   No. J-s =       3   No. LU-s =      24
  No. nonlinear iterations =     134
  No. nonlinear convergence failures =       0
  No. error test failures =       0
  Last step size used =    0.44372E+07
  Index compenent largest error = ********

 ...   33 / 270

 No. steps =     140   No. f-s =    2168   No. J-s =       3   No. LU-s =      27
  No. nonlinear iterations =     161
  No. nonlinear convergence failures =       0
  No. error test failures =       1
  Last step size used =    0.36415E+07
  Index compenent largest error = ********

 ...   34 / 270

 No. steps =     161   No. f-s =    2189   No. J-s =       3   No. LU-s =      27
  No. nonlinear iterations =     182
  No. nonlinear convergence failures =       0
  No. error test failures =       1
  Last step size used =    0.21793E+07
  Index compenent largest error = ********

 ...   35 / 270

 No. steps =     136   No. f-s =    2156   No. J-s =       3   No. LU-s =      24
  No. nonlinear iterations =     149
  No. nonlinear convergence failures =       0
  No. error test failures =       0
  Last step size used =    0.33339E+07
  Index compenent largest error = ********

 ...   36 / 270

 No. steps =     119   No. f-s =    2139   No. J-s =       3   No. LU-s =      23
  No. nonlinear iterations =     132
  No. nonlinear convergence failures =       0
  No. error test failures =       0
  Last step size used =    0.34075E+07
  Index compenent largest error = ********

 ...   37 / 270

 No. steps =     130   No. f-s =    2150   No. J-s =       3   No. LU-s =      24
  No. nonlinear iterations =     143
  No. nonlinear convergence failures =       0
  No. error test failures =       0
  Last step size used =    0.34543E+07
  Index compenent largest error = ********

 ...   38 / 270

 No. steps =     128   No. f-s =    2146   No. J-s =       3   No. LU-s =      24
  No. nonlinear iterations =     139
  No. nonlinear convergence failures =       0
  No. error test failures =       0
  Last step size used =    0.30988E+07
  Index compenent largest error = ********

 ...   39 / 270

 No. steps =     125   No. f-s =    2145   No. J-s =       3   No. LU-s =      24
  No. nonlinear iterations =     138
  No. nonlinear convergence failures =       0
  No. error test failures =       0
  Last step size used =    0.33011E+07
  Index compenent largest error = ********

 ...   40 / 270

 No. steps =     122   No. f-s =    2141   No. J-s =       3   No. LU-s =      24
  No. nonlinear iterations =     134
  No. nonlinear convergence failures =       0
  No. error test failures =       0
  Last step size used =    0.42301E+07
  Index compenent largest error = ********

 ...   41 / 270

 No. steps =     116   No. f-s =    2141   No. J-s =       3   No. LU-s =      25
  No. nonlinear iterations =     134
  No. nonlinear convergence failures =       0
  No. error test failures =       0
  Last step size used =    0.44743E+07
  Index compenent largest error = ********

 ...   42 / 270

 No. steps =     114   No. f-s =    2138   No. J-s =       3   No. LU-s =      24
  No. nonlinear iterations =     131
  No. nonlinear convergence failures =       0
  No. error test failures =       0
  Last step size used =    0.45829E+07
  Index compenent largest error = ********

 ...   43 / 270

 No. steps =     115   No. f-s =    2136   No. J-s =       3   No. LU-s =      24
  No. nonlinear iterations =     129
  No. nonlinear convergence failures =       0
  No. error test failures =       0
  Last step size used =    0.41197E+07
  Index compenent largest error = ********

 ...   44 / 270

 No. steps =     115   No. f-s =    2135   No. J-s =       3   No. LU-s =      23
  No. nonlinear iterations =     128
  No. nonlinear convergence failures =       0
  No. error test failures =       0
  Last step size used =    0.45957E+07
  Index compenent largest error = ********

 ...   45 / 270

 No. steps =     116   No. f-s =    2136   No. J-s =       3   No. LU-s =      22
  No. nonlinear iterations =     129
  No. nonlinear convergence failures =       0
  No. error test failures =       0
  Last step size used =    0.31542E+07
  Index compenent largest error = ********

 ...   46 / 270

 No. steps =     113   No. f-s =    2133   No. J-s =       3   No. LU-s =      24
  No. nonlinear iterations =     126
  No. nonlinear convergence failures =       0
  No. error test failures =       0
  Last step size used =    0.49776E+07
  Index compenent largest error = ********

 ...   47 / 270

 No. steps =      94   No. f-s =    1445   No. J-s =       2   No. LU-s =      22
  No. nonlinear iterations =     106
  No. nonlinear convergence failures =       0
  No. error test failures =       0
  Last step size used =    0.52885E+07
  Index compenent largest error = ********

 ...   48 / 270

 No. steps =     124   No. f-s =    2145   No. J-s =       3   No. LU-s =      23
  No. nonlinear iterations =     138
  No. nonlinear convergence failures =       0
  No. error test failures =       0
  Last step size used =    0.38886E+07
  Index compenent largest error = ********

 ...   49 / 270

 No. steps =     130   No. f-s =    2152   No. J-s =       3   No. LU-s =      24
  No. nonlinear iterations =     145
  No. nonlinear convergence failures =       0
  No. error test failures =       0
  Last step size used =    0.43975E+07
  Index compenent largest error = ********

 ...   50 / 270

 No. steps =     120   No. f-s =    2141   No. J-s =       3   No. LU-s =      24
  No. nonlinear iterations =     134
  No. nonlinear convergence failures =       0
  No. error test failures =       0
  Last step size used =    0.32854E+07
  Index compenent largest error = ********

 ...   51 / 270

 No. steps =      91   No. f-s =    1444   No. J-s =       2   No. LU-s =      23
  No. nonlinear iterations =     105
  No. nonlinear convergence failures =       0
  No. error test failures =       0
  Last step size used =    0.51730E+07
  Index compenent largest error = ********

 ...   52 / 270

 No. steps =     103   No. f-s =    1454   No. J-s =       2   No. LU-s =      22
  No. nonlinear iterations =     115
  No. nonlinear convergence failures =       0
  No. error test failures =       0
  Last step size used =    0.36357E+07
  Index compenent largest error = ********

 ...   53 / 270

 No. steps =     113   No. f-s =    2134   No. J-s =       3   No. LU-s =      24
  No. nonlinear iterations =     127
  No. nonlinear convergence failures =       0
  No. error test failures =       0
  Last step size used =    0.45589E+07
  Index compenent largest error = ********

 ...   54 / 270

 No. steps =     114   No. f-s =    2135   No. J-s =       3   No. LU-s =      24
  No. nonlinear iterations =     128
  No. nonlinear convergence failures =       0
  No. error test failures =       0
  Last step size used =    0.35390E+07
  Index compenent largest error = ********

 ...   55 / 270

 No. steps =     114   No. f-s =    2133   No. J-s =       3   No. LU-s =      23
  No. nonlinear iterations =     126
  No. nonlinear convergence failures =       0
  No. error test failures =       0
  Last step size used =    0.49023E+07
  Index compenent largest error = ********

 ...   56 / 270

 No. steps =     118   No. f-s =    2135   No. J-s =       3   No. LU-s =      23
  No. nonlinear iterations =     128
  No. nonlinear convergence failures =       0
  No. error test failures =       0
  Last step size used =    0.43183E+07
  Index compenent largest error = ********

 ...   57 / 270

 No. steps =     114   No. f-s =    2131   No. J-s =       3   No. LU-s =      22
  No. nonlinear iterations =     124
  No. nonlinear convergence failures =       0
  No. error test failures =       0
  Last step size used =    0.32720E+07
  Index compenent largest error = ********

 ...   58 / 270

 No. steps =     111   No. f-s =    2130   No. J-s =       3   No. LU-s =      23
  No. nonlinear iterations =     123
  No. nonlinear convergence failures =       0
  No. error test failures =       0
  Last step size used =    0.33820E+07
  Index compenent largest error = ********

 ...   59 / 270

 No. steps =     106   No. f-s =    1459   No. J-s =       2   No. LU-s =      23
  No. nonlinear iterations =     120
  No. nonlinear convergence failures =       0
  No. error test failures =       0
  Last step size used =    0.47002E+07
  Index compenent largest error = ********

 ...   60 / 270

 No. steps =     100   No. f-s =    1450   No. J-s =       2   No. LU-s =      23
  No. nonlinear iterations =     111
  No. nonlinear convergence failures =       0
  No. error test failures =       0
  Last step size used =    0.37845E+07
  Index compenent largest error = ********

 ...   61 / 270

 No. steps =      89   No. f-s =    1440   No. J-s =       2   No. LU-s =      22
  No. nonlinear iterations =     101
  No. nonlinear convergence failures =       0
  No. error test failures =       0
  Last step size used =    0.46033E+07
  Index compenent largest error = ********

 ...   62 / 270

 No. steps =      91   No. f-s =    1442   No. J-s =       2   No. LU-s =      22
  No. nonlinear iterations =     103
  No. nonlinear convergence failures =       0
  No. error test failures =       0
  Last step size used =    0.46642E+07
  Index compenent largest error = ********

 ...   63 / 270

 No. steps =     107   No. f-s =    2128   No. J-s =       3   No. LU-s =      22
  No. nonlinear iterations =     121
  No. nonlinear convergence failures =       0
  No. error test failures =       0
  Last step size used =    0.47599E+07
  Index compenent largest error = ********

 ...   64 / 270

 No. steps =     106   No. f-s =    1461   No. J-s =       2   No. LU-s =      22
  No. nonlinear iterations =     122
  No. nonlinear convergence failures =       0
  No. error test failures =       0
  Last step size used =    0.33933E+07
  Index compenent largest error = ********

 ...   65 / 270

 No. steps =     100   No. f-s =    1451   No. J-s =       2   No. LU-s =      22
  No. nonlinear iterations =     112
  No. nonlinear convergence failures =       0
  No. error test failures =       0
  Last step size used =    0.52015E+07
  Index compenent largest error = ********

 ...   66 / 270

 No. steps =      86   No. f-s =    1437   No. J-s =       2   No. LU-s =      21
  No. nonlinear iterations =      98
  No. nonlinear convergence failures =       0
  No. error test failures =       0
  Last step size used =    0.49386E+07
  Index compenent largest error = ********

 ...   67 / 270

 No. steps =      79   No. f-s =    1428   No. J-s =       2   No. LU-s =      20
  No. nonlinear iterations =      89
  No. nonlinear convergence failures =       0
  No. error test failures =       0
  Last step size used =    0.57671E+07
  Index compenent largest error = ********

 ...   68 / 270

 No. steps =      96   No. f-s =    1447   No. J-s =       2   No. LU-s =      22
  No. nonlinear iterations =     108
  No. nonlinear convergence failures =       0
  No. error test failures =       0
  Last step size used =    0.34236E+07
  Index compenent largest error = ********

 ...   69 / 270

 No. steps =      97   No. f-s =    1451   No. J-s =       2   No. LU-s =      22
  No. nonlinear iterations =     112
  No. nonlinear convergence failures =       0
  No. error test failures =       0
  Last step size used =    0.50183E+07
  Index compenent largest error = ********

 ...   70 / 270

 No. steps =     102   No. f-s =    1457   No. J-s =       2   No. LU-s =      22
  No. nonlinear iterations =     118
  No. nonlinear convergence failures =       0
  No. error test failures =       0
  Last step size used =    0.37680E+07
  Index compenent largest error = ********

 ...   71 / 270

 No. steps =     101   No. f-s =    1457   No. J-s =       2   No. LU-s =      23
  No. nonlinear iterations =     118
  No. nonlinear convergence failures =       0
  No. error test failures =       0
  Last step size used =    0.44857E+07
  Index compenent largest error = ********

 ...   72 / 270

 No. steps =     103   No. f-s =    1457   No. J-s =       2   No. LU-s =      22
  No. nonlinear iterations =     118
  No. nonlinear convergence failures =       0
  No. error test failures =       0
  Last step size used =    0.29495E+07
  Index compenent largest error = ********

 ...   73 / 270

 No. steps =     105   No. f-s =    1456   No. J-s =       2   No. LU-s =      23
  No. nonlinear iterations =     117
  No. nonlinear convergence failures =       0
  No. error test failures =       0
  Last step size used =    0.50033E+07
  Index compenent largest error = ********

 ...   74 / 270

 No. steps =     101   No. f-s =    1454   No. J-s =       2   No. LU-s =      22
  No. nonlinear iterations =     115
  No. nonlinear convergence failures =       0
  No. error test failures =       0
  Last step size used =    0.42065E+07
  Index compenent largest error = ********

 ...   75 / 270

 No. steps =      99   No. f-s =    1450   No. J-s =       2   No. LU-s =      23
  No. nonlinear iterations =     111
  No. nonlinear convergence failures =       0
  No. error test failures =       0
  Last step size used =    0.49779E+07
  Index compenent largest error = ********

 ...   76 / 270

 No. steps =      91   No. f-s =    1443   No. J-s =       2   No. LU-s =      21
  No. nonlinear iterations =     104
  No. nonlinear convergence failures =       0
  No. error test failures =       0
  Last step size used =    0.38437E+07
  Index compenent largest error = ********

 ...   77 / 270

 No. steps =      80   No. f-s =    1432   No. J-s =       2   No. LU-s =      21
  No. nonlinear iterations =      93
  No. nonlinear convergence failures =       0
  No. error test failures =       0
  Last step size used =    0.46963E+07
  Index compenent largest error = ********

 ...   78 / 270

 No. steps =      85   No. f-s =    1439   No. J-s =       2   No. LU-s =      20
  No. nonlinear iterations =     100
  No. nonlinear convergence failures =       0
  No. error test failures =       0
  Last step size used =    0.36025E+07
  Index compenent largest error = ********

 ...   79 / 270

 No. steps =      92   No. f-s =    1443   No. J-s =       2   No. LU-s =      20
  No. nonlinear iterations =     104
  No. nonlinear convergence failures =       0
  No. error test failures =       0
  Last step size used =    0.50231E+07
  Index compenent largest error = ********

 ...   80 / 270

 No. steps =      90   No. f-s =    1438   No. J-s =       2   No. LU-s =      21
  No. nonlinear iterations =      99
  No. nonlinear convergence failures =       0
  No. error test failures =       0
  Last step size used =    0.38498E+07
  Index compenent largest error = ********

 ...   81 / 270

 No. steps =      88   No. f-s =    1436   No. J-s =       2   No. LU-s =      20
  No. nonlinear iterations =      97
  No. nonlinear convergence failures =       0
  No. error test failures =       0
  Last step size used =    0.40747E+07
  Index compenent largest error = ********

 ...   82 / 270

 No. steps =      81   No. f-s =    1428   No. J-s =       2   No. LU-s =      20
  No. nonlinear iterations =      89
  No. nonlinear convergence failures =       0
  No. error test failures =       0
  Last step size used =    0.54884E+07
  Index compenent largest error = ********

 ...   83 / 270

 No. steps =      65   No. f-s =    1415   No. J-s =       2   No. LU-s =      19
  No. nonlinear iterations =      76
  No. nonlinear convergence failures =       0
  No. error test failures =       0
  Last step size used =    0.64986E+07
  Index compenent largest error = ********

 ...   84 / 270

 No. steps =      72   No. f-s =    1421   No. J-s =       2   No. LU-s =      19
  No. nonlinear iterations =      82
  No. nonlinear convergence failures =       0
  No. error test failures =       0
  Last step size used =    0.54638E+07
  Index compenent largest error = ********

 ...   85 / 270

 No. steps =      82   No. f-s =    1433   No. J-s =       2   No. LU-s =      20
  No. nonlinear iterations =      94
  No. nonlinear convergence failures =       0
  No. error test failures =       0
  Last step size used =    0.52478E+07
  Index compenent largest error = ********

 ...   86 / 270

 No. steps =      89   No. f-s =    1439   No. J-s =       2   No. LU-s =      21
  No. nonlinear iterations =     100
  No. nonlinear convergence failures =       0
  No. error test failures =       0
  Last step size used =    0.38603E+07
  Index compenent largest error = ********

 ...   87 / 270

 No. steps =      93   No. f-s =    1443   No. J-s =       2   No. LU-s =      22
  No. nonlinear iterations =     104
  No. nonlinear convergence failures =       0
  No. error test failures =       0
  Last step size used =    0.50599E+07
  Index compenent largest error = ********

 ...   88 / 270

 No. steps =      97   No. f-s =    1452   No. J-s =       2   No. LU-s =      23
  No. nonlinear iterations =     113
  No. nonlinear convergence failures =       0
  No. error test failures =       0
  Last step size used =    0.57325E+07
  Index compenent largest error = ********

 ...   89 / 270

 No. steps =      95   No. f-s =    1450   No. J-s =       2   No. LU-s =      21
  No. nonlinear iterations =     111
  No. nonlinear convergence failures =       0
  No. error test failures =       0
  Last step size used =    0.39816E+07
  Index compenent largest error = ********

 ...   90 / 270

 No. steps =      95   No. f-s =    1450   No. J-s =       2   No. LU-s =      21
  No. nonlinear iterations =     111
  No. nonlinear convergence failures =       0
  No. error test failures =       0
  Last step size used =    0.41286E+07
  Index compenent largest error = ********

 ...   91 / 270

 No. steps =      89   No. f-s =    1440   No. J-s =       2   No. LU-s =      21
  No. nonlinear iterations =     101
  No. nonlinear convergence failures =       0
  No. error test failures =       0
  Last step size used =    0.54941E+07
  Index compenent largest error = ********

 ...   92 / 270

 No. steps =      86   No. f-s =    1438   No. J-s =       2   No. LU-s =      22
  No. nonlinear iterations =      99
  No. nonlinear convergence failures =       0
  No. error test failures =       0
  Last step size used =    0.58799E+07
  Index compenent largest error = ********

 ...   93 / 270

 No. steps =      72   No. f-s =    1423   No. J-s =       2   No. LU-s =      21
  No. nonlinear iterations =      84
  No. nonlinear convergence failures =       0
  No. error test failures =       0
  Last step size used =    0.57521E+07
  Index compenent largest error = ********

 ...   94 / 270

 No. steps =      70   No. f-s =    1414   No. J-s =       2   No. LU-s =      18
  No. nonlinear iterations =      75
  No. nonlinear convergence failures =       0
  No. error test failures =       0
  Last step size used =    0.58360E+07
  Index compenent largest error = ********

 ...   95 / 270

 No. steps =      81   No. f-s =    1430   No. J-s =       2   No. LU-s =      19
  No. nonlinear iterations =      91
  No. nonlinear convergence failures =       0
  No. error test failures =       0
  Last step size used =    0.47217E+07
  Index compenent largest error = ********

 ...   96 / 270

 No. steps =      76   No. f-s =    1425   No. J-s =       2   No. LU-s =      19
  No. nonlinear iterations =      86
  No. nonlinear convergence failures =       0
  No. error test failures =       0
  Last step size used =    0.59853E+07
  Index compenent largest error = ********

 ...   97 / 270

 No. steps =      77   No. f-s =    1428   No. J-s =       2   No. LU-s =      19
  No. nonlinear iterations =      89
  No. nonlinear convergence failures =       0
  No. error test failures =       0
  Last step size used =    0.56009E+07
  Index compenent largest error = ********

 ...   98 / 270

 No. steps =      71   No. f-s =    1420   No. J-s =       2   No. LU-s =      19
  No. nonlinear iterations =      81
  No. nonlinear convergence failures =       0
  No. error test failures =       0
  Last step size used =    0.47899E+07
  Index compenent largest error = ********

 ...   99 / 270

 No. steps =      57   No. f-s =    1405   No. J-s =       2   No. LU-s =      17
  No. nonlinear iterations =      66
  No. nonlinear convergence failures =       0
  No. error test failures =       0
  Last step size used =    0.74404E+07
  Index compenent largest error = ********

 ...  100 / 270

 No. steps =      66   No. f-s =    1416   No. J-s =       2   No. LU-s =      19
  No. nonlinear iterations =      77
  No. nonlinear convergence failures =       0
  No. error test failures =       0
  Last step size used =    0.63714E+07
  Index compenent largest error = ********

 ...  101 / 270

 No. steps =      71   No. f-s =    1423   No. J-s =       2   No. LU-s =      19
  No. nonlinear iterations =      84
  No. nonlinear convergence failures =       0
  No. error test failures =       0
  Last step size used =    0.56821E+07
  Index compenent largest error = ********

 ...  102 / 270

 No. steps =      79   No. f-s =    1431   No. J-s =       2   No. LU-s =      20
  No. nonlinear iterations =      92
  No. nonlinear convergence failures =       0
  No. error test failures =       0
  Last step size used =    0.40839E+07
  Index compenent largest error = ********

 ...  103 / 270

 No. steps =      80   No. f-s =    1430   No. J-s =       2   No. LU-s =      20
  No. nonlinear iterations =      91
  No. nonlinear convergence failures =       0
  No. error test failures =       0
  Last step size used =    0.49179E+07
  Index compenent largest error = ********

 ...  104 / 270

 No. steps =      82   No. f-s =    1432   No. J-s =       2   No. LU-s =      19
  No. nonlinear iterations =      93
  No. nonlinear convergence failures =       0
  No. error test failures =       0
  Last step size used =    0.39711E+07
  Index compenent largest error = ********

 ...  105 / 270

 No. steps =      87   No. f-s =    1439   No. J-s =       2   No. LU-s =      21
  No. nonlinear iterations =     100
  No. nonlinear convergence failures =       0
  No. error test failures =       0
  Last step size used =    0.37878E+07
  Index compenent largest error = ********

 ...  106 / 270

 No. steps =      83   No. f-s =    1435   No. J-s =       2   No. LU-s =      20
  No. nonlinear iterations =      96
  No. nonlinear convergence failures =       0
  No. error test failures =       0
  Last step size used =    0.44856E+07
  Index compenent largest error = ********

 ...  107 / 270

 No. steps =      86   No. f-s =    1437   No. J-s =       2   No. LU-s =      20
  No. nonlinear iterations =      98
  No. nonlinear convergence failures =       0
  No. error test failures =       0
  Last step size used =    0.39992E+07
  Index compenent largest error = ********

 ...  108 / 270

 No. steps =      83   No. f-s =    1430   No. J-s =       2   No. LU-s =      21
  No. nonlinear iterations =      91
  No. nonlinear convergence failures =       0
  No. error test failures =       0
  Last step size used =    0.62582E+07
  Index compenent largest error = ********

 ...  109 / 270

 No. steps =      83   No. f-s =    1428   No. J-s =       2   No. LU-s =      21
  No. nonlinear iterations =      89
  No. nonlinear convergence failures =       0
  No. error test failures =       0
  Last step size used =    0.57864E+07
  Index compenent largest error = ********

 ...  110 / 270

 No. steps =      75   No. f-s =    1426   No. J-s =       2   No. LU-s =      20
  No. nonlinear iterations =      87
  No. nonlinear convergence failures =       0
  No. error test failures =       0
  Last step size used =    0.41861E+07
  Index compenent largest error = ********

 ...  111 / 270

 No. steps =      57   No. f-s =    1401   No. J-s =       2   No. LU-s =      18
  No. nonlinear iterations =      62
  No. nonlinear convergence failures =       0
  No. error test failures =       0
  Last step size used =    0.75973E+07
  Index compenent largest error = ********

 ...  112 / 270

 No. steps =      58   No. f-s =    1406   No. J-s =       2   No. LU-s =      19
  No. nonlinear iterations =      67
  No. nonlinear convergence failures =       0
  No. error test failures =       0
  Last step size used =    0.94219E+07
  Index compenent largest error = ********

 ...  113 / 270

 No. steps =      62   No. f-s =    1409   No. J-s =       2   No. LU-s =      17
  No. nonlinear iterations =      70
  No. nonlinear convergence failures =       0
  No. error test failures =       0
  Last step size used =    0.46707E+07
  Index compenent largest error = ********

 ...  114 / 270

 No. steps =      66   No. f-s =    1414   No. J-s =       2   No. LU-s =      18
  No. nonlinear iterations =      75
  No. nonlinear convergence failures =       0
  No. error test failures =       0
  Last step size used =    0.62809E+07
  Index compenent largest error = ********

 ...  115 / 270

 No. steps =      39   No. f-s =     714   No. J-s =       1   No. LU-s =      14
  No. nonlinear iterations =      43
  No. nonlinear convergence failures =       0
  No. error test failures =       0
  Last step size used =    0.96142E+07
  Index compenent largest error = ********

 ...  116 / 270

 No. steps =      58   No. f-s =    1404   No. J-s =       2   No. LU-s =      18
  No. nonlinear iterations =      65
  No. nonlinear convergence failures =       0
  No. error test failures =       0
  Last step size used =    0.53999E+07
  Index compenent largest error = ********

 ...  117 / 270

 No. steps =      71   No. f-s =    1421   No. J-s =       2   No. LU-s =      18
  No. nonlinear iterations =      82
  No. nonlinear convergence failures =       0
  No. error test failures =       0
  Last step size used =    0.59742E+07
  Index compenent largest error = ********

 ...  118 / 270

 No. steps =      73   No. f-s =    1423   No. J-s =       2   No. LU-s =      18
  No. nonlinear iterations =      84
  No. nonlinear convergence failures =       0
  No. error test failures =       0
  Last step size used =    0.45168E+07
  Index compenent largest error = ********

 ...  119 / 270

 No. steps =      76   No. f-s =    1423   No. J-s =       2   No. LU-s =      19
  No. nonlinear iterations =      84
  No. nonlinear convergence failures =       0
  No. error test failures =       0
  Last step size used =    0.57479E+07
  Index compenent largest error = ********

 ...  120 / 270

 No. steps =      79   No. f-s =    1429   No. J-s =       2   No. LU-s =      21
  No. nonlinear iterations =      90
  No. nonlinear convergence failures =       0
  No. error test failures =       0
  Last step size used =    0.62179E+07
  Index compenent largest error = ********

 ...  121 / 270

 No. steps =      82   No. f-s =    1432   No. J-s =       2   No. LU-s =      20
  No. nonlinear iterations =      93
  No. nonlinear convergence failures =       0
  No. error test failures =       0
  Last step size used =    0.50313E+07
  Index compenent largest error = ********

 ...  122 / 270

 No. steps =      76   No. f-s =    1427   No. J-s =       2   No. LU-s =      21
  No. nonlinear iterations =      88
  No. nonlinear convergence failures =       0
  No. error test failures =       0
  Last step size used =    0.59124E+07
  Index compenent largest error = ********

 ...  123 / 270

 No. steps =      76   No. f-s =    1423   No. J-s =       2   No. LU-s =      19
  No. nonlinear iterations =      84
  No. nonlinear convergence failures =       0
  No. error test failures =       0
  Last step size used =    0.66002E+07
  Index compenent largest error = ********

 ...  124 / 270

 No. steps =      76   No. f-s =    1425   No. J-s =       2   No. LU-s =      20
  No. nonlinear iterations =      86
  No. nonlinear convergence failures =       0
  No. error test failures =       0
  Last step size used =    0.55529E+07
  Index compenent largest error = ********

 ...  125 / 270

 No. steps =      75   No. f-s =    1426   No. J-s =       2   No. LU-s =      20
  No. nonlinear iterations =      87
  No. nonlinear convergence failures =       0
  No. error test failures =       0
  Last step size used =    0.44262E+07
  Index compenent largest error = ********

 ...  126 / 270

 No. steps =      73   No. f-s =    1422   No. J-s =       2   No. LU-s =      20
  No. nonlinear iterations =      83
  No. nonlinear convergence failures =       0
  No. error test failures =       0
  Last step size used =    0.65104E+07
  Index compenent largest error = ********

 ...  127 / 270

 No. steps =      61   No. f-s =    1410   No. J-s =       2   No. LU-s =      19
  No. nonlinear iterations =      71
  No. nonlinear convergence failures =       0
  No. error test failures =       0
  Last step size used =    0.90471E+07
  Index compenent largest error = ********

 ...  128 / 270

 No. steps =      61   No. f-s =    1405   No. J-s =       2   No. LU-s =      17
  No. nonlinear iterations =      66
  No. nonlinear convergence failures =       0
  No. error test failures =       0
  Last step size used =    0.61836E+07
  Index compenent largest error = ********

 ...  129 / 270

 No. steps =      71   No. f-s =    1421   No. J-s =       2   No. LU-s =      20
  No. nonlinear iterations =      82
  No. nonlinear convergence failures =       0
  No. error test failures =       0
  Last step size used =    0.54372E+07
  Index compenent largest error = ********

 ...  130 / 270

 No. steps =      65   No. f-s =    1411   No. J-s =       2   No. LU-s =      18
  No. nonlinear iterations =      72
  No. nonlinear convergence failures =       0
  No. error test failures =       0
  Last step size used =    0.51359E+07
  Index compenent largest error = ********

 ...  131 / 270

 No. steps =      56   No. f-s =    1400   No. J-s =       2   No. LU-s =      16
  No. nonlinear iterations =      61
  No. nonlinear convergence failures =       0
  No. error test failures =       0
  Last step size used =    0.55361E+07
  Index compenent largest error = ********

 ...  132 / 270

 No. steps =      70   No. f-s =    1417   No. J-s =       2   No. LU-s =      17
  No. nonlinear iterations =      78
  No. nonlinear convergence failures =       0
  No. error test failures =       0
  Last step size used =    0.45808E+07
  Index compenent largest error = ********

 ...  133 / 270

 No. steps =      73   No. f-s =    1420   No. J-s =       2   No. LU-s =      18
  No. nonlinear iterations =      81
  No. nonlinear convergence failures =       0
  No. error test failures =       0
  Last step size used =    0.51480E+07
  Index compenent largest error = ********

 ...  134 / 270

 No. steps =      64   No. f-s =    1415   No. J-s =       2   No. LU-s =      19
  No. nonlinear iterations =      76
  No. nonlinear convergence failures =       0
  No. error test failures =       0
  Last step size used =    0.63114E+07
  Index compenent largest error = ********

 ...  135 / 270

 No. steps =      72   No. f-s =    1420   No. J-s =       2   No. LU-s =      17
  No. nonlinear iterations =      81
  No. nonlinear convergence failures =       0
  No. error test failures =       0
  Last step size used =    0.40894E+07
  Index compenent largest error = ********

 ...  136 / 270

 No. steps =      71   No. f-s =    1419   No. J-s =       2   No. LU-s =      17
  No. nonlinear iterations =      80
  No. nonlinear convergence failures =       0
  No. error test failures =       0
  Last step size used =    0.43977E+07
  Index compenent largest error = ********

 ...  137 / 270

 No. steps =      72   No. f-s =    1418   No. J-s =       2   No. LU-s =      18
  No. nonlinear iterations =      79
  No. nonlinear convergence failures =       0
  No. error test failures =       0
  Last step size used =    0.56513E+07
  Index compenent largest error = ********

 ...  138 / 270

 No. steps =      73   No. f-s =    1419   No. J-s =       2   No. LU-s =      18
  No. nonlinear iterations =      80
  No. nonlinear convergence failures =       0
  No. error test failures =       0
  Last step size used =    0.57973E+07
  Index compenent largest error = ********

 ...  139 / 270

 No. steps =      74   No. f-s =    1420   No. J-s =       2   No. LU-s =      18
  No. nonlinear iterations =      81
  No. nonlinear convergence failures =       0
  No. error test failures =       0
  Last step size used =    0.62207E+07
  Index compenent largest error = ********

 ...  140 / 270

 No. steps =      69   No. f-s =    1415   No. J-s =       2   No. LU-s =      18
  No. nonlinear iterations =      76
  No. nonlinear convergence failures =       0
  No. error test failures =       0
  Last step size used =    0.49412E+07
  Index compenent largest error = ********

 ...  141 / 270

 No. steps =      74   No. f-s =    1422   No. J-s =       2   No. LU-s =      19
  No. nonlinear iterations =      83
  No. nonlinear convergence failures =       0
  No. error test failures =       0
  Last step size used =    0.45386E+07
  Index compenent largest error = ********

 ...  142 / 270

 No. steps =      72   No. f-s =    1422   No. J-s =       2   No. LU-s =      20
  No. nonlinear iterations =      83
  No. nonlinear convergence failures =       0
  No. error test failures =       0
  Last step size used =    0.63746E+07
  Index compenent largest error = ********

 ...  143 / 270

 No. steps =      64   No. f-s =    1413   No. J-s =       2   No. LU-s =      18
  No. nonlinear iterations =      74
  No. nonlinear convergence failures =       0
  No. error test failures =       0
  Last step size used =    0.55805E+07
  Index compenent largest error = ********

 ...  144 / 270

 No. steps =      70   No. f-s =    1418   No. J-s =       2   No. LU-s =      17
  No. nonlinear iterations =      79
  No. nonlinear convergence failures =       0
  No. error test failures =       0
  Last step size used =    0.46770E+07
  Index compenent largest error = ********

 ...  145 / 270

 No. steps =      55   No. f-s =    1403   No. J-s =       2   No. LU-s =      17
  No. nonlinear iterations =      64
  No. nonlinear convergence failures =       0
  No. error test failures =       0
  Last step size used =    0.76130E+07
  Index compenent largest error = ********

 ...  146 / 270

 No. steps =      70   No. f-s =    1418   No. J-s =       2   No. LU-s =      17
  No. nonlinear iterations =      79
  No. nonlinear convergence failures =       0
  No. error test failures =       0
  Last step size used =    0.48297E+07
  Index compenent largest error = ********

 ...  147 / 270

 No. steps =      56   No. f-s =    1401   No. J-s =       2   No. LU-s =      18
  No. nonlinear iterations =      62
  No. nonlinear convergence failures =       0
  No. error test failures =       0
  Last step size used =    0.67891E+07
  Index compenent largest error = ********

 ...  148 / 270

 No. steps =      68   No. f-s =    1415   No. J-s =       2   No. LU-s =      17
  No. nonlinear iterations =      76
  No. nonlinear convergence failures =       0
  No. error test failures =       0
  Last step size used =    0.52339E+07
  Index compenent largest error = ********

 ...  149 / 270

 No. steps =      63   No. f-s =    1412   No. J-s =       2   No. LU-s =      18
  No. nonlinear iterations =      73
  No. nonlinear convergence failures =       0
  No. error test failures =       0
  Last step size used =    0.56637E+07
  Index compenent largest error = ********

 ...  150 / 270

 No. steps =      64   No. f-s =    1412   No. J-s =       2   No. LU-s =      18
  No. nonlinear iterations =      73
  No. nonlinear convergence failures =       0
  No. error test failures =       0
  Last step size used =    0.71268E+07
  Index compenent largest error = ********

 ...  151 / 270

 No. steps =      69   No. f-s =    1415   No. J-s =       2   No. LU-s =      17
  No. nonlinear iterations =      76
  No. nonlinear convergence failures =       0
  No. error test failures =       0
  Last step size used =    0.51173E+07
  Index compenent largest error = ********

 ...  152 / 270

 No. steps =      72   No. f-s =    1421   No. J-s =       2   No. LU-s =      20
  No. nonlinear iterations =      82
  No. nonlinear convergence failures =       0
  No. error test failures =       0
  Last step size used =    0.59914E+07
  Index compenent largest error = ********

 ...  153 / 270

 No. steps =      70   No. f-s =    1417   No. J-s =       2   No. LU-s =      17
  No. nonlinear iterations =      78
  No. nonlinear convergence failures =       0
  No. error test failures =       0
  Last step size used =    0.44862E+07
  Index compenent largest error = ********

 ...  154 / 270

 No. steps =      71   No. f-s =    1418   No. J-s =       2   No. LU-s =      18
  No. nonlinear iterations =      79
  No. nonlinear convergence failures =       0
  No. error test failures =       0
  Last step size used =    0.56548E+07
  Index compenent largest error = ********

 ...  155 / 270

 No. steps =      70   No. f-s =    1417   No. J-s =       2   No. LU-s =      17
  No. nonlinear iterations =      78
  No. nonlinear convergence failures =       0
  No. error test failures =       0
  Last step size used =    0.45533E+07
  Index compenent largest error = ********

 ...  156 / 270

 No. steps =      72   No. f-s =    1421   No. J-s =       2   No. LU-s =      19
  No. nonlinear iterations =      82
  No. nonlinear convergence failures =       0
  No. error test failures =       0
  Last step size used =    0.64286E+07
  Index compenent largest error = ********

 ...  157 / 270

 No. steps =      67   No. f-s =    1414   No. J-s =       2   No. LU-s =      17
  No. nonlinear iterations =      75
  No. nonlinear convergence failures =       0
  No. error test failures =       0
  Last step size used =    0.61904E+07
  Index compenent largest error = ********

 ...  158 / 270

 No. steps =      65   No. f-s =    1412   No. J-s =       2   No. LU-s =      18
  No. nonlinear iterations =      73
  No. nonlinear convergence failures =       0
  No. error test failures =       0
  Last step size used =    0.73514E+07
  Index compenent largest error = ********

 ...  159 / 270

 No. steps =      65   No. f-s =    1412   No. J-s =       2   No. LU-s =      18
  No. nonlinear iterations =      73
  No. nonlinear convergence failures =       0
  No. error test failures =       0
  Last step size used =    0.75156E+07
  Index compenent largest error = ********

 ...  160 / 270

 No. steps =      62   No. f-s =    1409   No. J-s =       2   No. LU-s =      17
  No. nonlinear iterations =      70
  No. nonlinear convergence failures =       0
  No. error test failures =       0
  Last step size used =    0.67708E+07
  Index compenent largest error = ********

 ...  161 / 270

 No. steps =      67   No. f-s =    1413   No. J-s =       2   No. LU-s =      17
  No. nonlinear iterations =      74
  No. nonlinear convergence failures =       0
  No. error test failures =       0
  Last step size used =    0.65319E+07
  Index compenent largest error = ********

 ...  162 / 270

 No. steps =      69   No. f-s =    1417   No. J-s =       2   No. LU-s =      17
  No. nonlinear iterations =      78
  No. nonlinear convergence failures =       0
  No. error test failures =       0
  Last step size used =    0.50405E+07
  Index compenent largest error = ********

 ...  163 / 270

 No. steps =      69   No. f-s =    1417   No. J-s =       2   No. LU-s =      17
  No. nonlinear iterations =      78
  No. nonlinear convergence failures =       0
  No. error test failures =       0
  Last step size used =    0.52342E+07
  Index compenent largest error = ********

 ...  164 / 270

 No. steps =      65   No. f-s =    1412   No. J-s =       2   No. LU-s =      18
  No. nonlinear iterations =      73
  No. nonlinear convergence failures =       0
  No. error test failures =       0
  Last step size used =    0.73518E+07
  Index compenent largest error = ********

 ...  165 / 270

 No. steps =      62   No. f-s =    1410   No. J-s =       2   No. LU-s =      18
  No. nonlinear iterations =      71
  No. nonlinear convergence failures =       0
  No. error test failures =       0
  Last step size used =    0.70183E+07
  Index compenent largest error = ********

 ...  166 / 270

 No. steps =      69   No. f-s =    1417   No. J-s =       2   No. LU-s =      17
  No. nonlinear iterations =      78
  No. nonlinear convergence failures =       0
  No. error test failures =       0
  Last step size used =    0.52853E+07
  Index compenent largest error = ********

 ...  167 / 270

 No. steps =      64   No. f-s =    1411   No. J-s =       2   No. LU-s =      17
  No. nonlinear iterations =      72
  No. nonlinear convergence failures =       0
  No. error test failures =       0
  Last step size used =    0.48098E+07
  Index compenent largest error = ********

 ...  168 / 270

 No. steps =      61   No. f-s =    1411   No. J-s =       2   No. LU-s =      18
  No. nonlinear iterations =      72
  No. nonlinear convergence failures =       0
  No. error test failures =       0
  Last step size used =    0.64548E+07
  Index compenent largest error = ********

 ...  169 / 270

 No. steps =      62   No. f-s =    1409   No. J-s =       2   No. LU-s =      18
  No. nonlinear iterations =      70
  No. nonlinear convergence failures =       0
  No. error test failures =       0
  Last step size used =    0.55144E+07
  Index compenent largest error = ********

 ...  170 / 270

 No. steps =      62   No. f-s =    1412   No. J-s =       2   No. LU-s =      19
  No. nonlinear iterations =      73
  No. nonlinear convergence failures =       0
  No. error test failures =       0
  Last step size used =    0.95310E+07
  Index compenent largest error = ********

 ...  171 / 270

 No. steps =      62   No. f-s =    1412   No. J-s =       2   No. LU-s =      19
  No. nonlinear iterations =      73
  No. nonlinear convergence failures =       0
  No. error test failures =       0
  Last step size used =    0.96256E+07
  Index compenent largest error = ********

 ...  172 / 270

 No. steps =      67   No. f-s =    1414   No. J-s =       2   No. LU-s =      17
  No. nonlinear iterations =      75
  No. nonlinear convergence failures =       0
  No. error test failures =       0
  Last step size used =    0.68283E+07
  Index compenent largest error = ********

 ...  173 / 270

 No. steps =      67   No. f-s =    1415   No. J-s =       2   No. LU-s =      17
  No. nonlinear iterations =      76
  No. nonlinear convergence failures =       0
  No. error test failures =       0
  Last step size used =    0.65410E+07
  Index compenent largest error = ********

 ...  174 / 270

 No. steps =      68   No. f-s =    1417   No. J-s =       2   No. LU-s =      18
  No. nonlinear iterations =      78
  No. nonlinear convergence failures =       0
  No. error test failures =       0
  Last step size used =    0.82566E+07
  Index compenent largest error = ********

 ...  175 / 270

 No. steps =      67   No. f-s =    1414   No. J-s =       2   No. LU-s =      17
  No. nonlinear iterations =      75
  No. nonlinear convergence failures =       0
  No. error test failures =       0
  Last step size used =    0.67761E+07
  Index compenent largest error = ********

 ...  176 / 270

 No. steps =      62   No. f-s =    1411   No. J-s =       2   No. LU-s =      17
  No. nonlinear iterations =      72
  No. nonlinear convergence failures =       0
  No. error test failures =       0
  Last step size used =    0.78865E+07
  Index compenent largest error = ********

 ...  177 / 270

 No. steps =      69   No. f-s =    1419   No. J-s =       2   No. LU-s =      18
  No. nonlinear iterations =      80
  No. nonlinear convergence failures =       0
  No. error test failures =       0
  Last step size used =    0.46428E+07
  Index compenent largest error = ********

 ...  178 / 270

 No. steps =      66   No. f-s =    1413   No. J-s =       2   No. LU-s =      16
  No. nonlinear iterations =      74
  No. nonlinear convergence failures =       0
  No. error test failures =       0
  Last step size used =    0.47744E+07
  Index compenent largest error = ********

 ...  179 / 270

 No. steps =      58   No. f-s =    1407   No. J-s =       2   No. LU-s =      17
  No. nonlinear iterations =      68
  No. nonlinear convergence failures =       0
  No. error test failures =       0
  Last step size used =    0.68183E+07
  Index compenent largest error = ********

 ...  180 / 270

 No. steps =      65   No. f-s =    1411   No. J-s =       2   No. LU-s =      16
  No. nonlinear iterations =      72
  No. nonlinear convergence failures =       0
  No. error test failures =       0
  Last step size used =    0.49661E+07
  Index compenent largest error = ********

 ...  181 / 270

 No. steps =      60   No. f-s =    1410   No. J-s =       2   No. LU-s =      18
  No. nonlinear iterations =      71
  No. nonlinear convergence failures =       0
  No. error test failures =       0
  Last step size used =    0.76457E+07
  Index compenent largest error = ********

 ...  182 / 270

 No. steps =      65   No. f-s =    1411   No. J-s =       2   No. LU-s =      16
  No. nonlinear iterations =      72
  No. nonlinear convergence failures =       0
  No. error test failures =       0
  Last step size used =    0.50316E+07
  Index compenent largest error = ********

 ...  183 / 270

 No. steps =      63   No. f-s =    1412   No. J-s =       2   No. LU-s =      18
  No. nonlinear iterations =      73
  No. nonlinear convergence failures =       0
  No. error test failures =       0
  Last step size used =    0.77310E+07
  Index compenent largest error = ********

 ...  184 / 270

 No. steps =      66   No. f-s =    1412   No. J-s =       2   No. LU-s =      16
  No. nonlinear iterations =      73
  No. nonlinear convergence failures =       0
  No. error test failures =       0
  Last step size used =    0.45600E+07
  Index compenent largest error = ********

 ...  185 / 270

 No. steps =      62   No. f-s =    1410   No. J-s =       2   No. LU-s =      17
  No. nonlinear iterations =      71
  No. nonlinear convergence failures =       0
  No. error test failures =       0
  Last step size used =    0.65702E+07
  Index compenent largest error = ********

 ...  186 / 270

 No. steps =      63   No. f-s =    1412   No. J-s =       2   No. LU-s =      18
  No. nonlinear iterations =      73
  No. nonlinear convergence failures =       0
  No. error test failures =       0
  Last step size used =    0.77873E+07
  Index compenent largest error = ********

 ...  187 / 270

 No. steps =      61   No. f-s =    1410   No. J-s =       2   No. LU-s =      17
  No. nonlinear iterations =      71
  No. nonlinear convergence failures =       0
  No. error test failures =       0
  Last step size used =    0.64963E+07
  Index compenent largest error = ********

 ...  188 / 270

 No. steps =      62   No. f-s =    1410   No. J-s =       2   No. LU-s =      17
  No. nonlinear iterations =      71
  No. nonlinear convergence failures =       0
  No. error test failures =       0
  Last step size used =    0.53376E+07
  Index compenent largest error = ********

 ...  189 / 270

 No. steps =      61   No. f-s =    1408   No. J-s =       2   No. LU-s =      18
  No. nonlinear iterations =      69
  No. nonlinear convergence failures =       0
  No. error test failures =       0
  Last step size used =    0.90279E+07
  Index compenent largest error = ********

 ...  190 / 270

 No. steps =      60   No. f-s =    1406   No. J-s =       2   No. LU-s =      17
  No. nonlinear iterations =      67
  No. nonlinear convergence failures =       0
  No. error test failures =       0
  Last step size used =    0.50572E+07
  Index compenent largest error = ********

 ...  191 / 270

 No. steps =      61   No. f-s =    1409   No. J-s =       2   No. LU-s =      17
  No. nonlinear iterations =      70
  No. nonlinear convergence failures =       0
  No. error test failures =       0
  Last step size used =    0.55231E+07
  Index compenent largest error = ********

 ...  192 / 270

 No. steps =      60   No. f-s =    1408   No. J-s =       2   No. LU-s =      17
  No. nonlinear iterations =      69
  No. nonlinear convergence failures =       0
  No. error test failures =       0
  Last step size used =    0.66808E+07
  Index compenent largest error = ********

 ...  193 / 270

 No. steps =      60   No. f-s =    1408   No. J-s =       2   No. LU-s =      17
  No. nonlinear iterations =      69
  No. nonlinear convergence failures =       0
  No. error test failures =       0
  Last step size used =    0.62588E+07
  Index compenent largest error = ********

 ...  194 / 270

 No. steps =      61   No. f-s =    1409   No. J-s =       2   No. LU-s =      17
  No. nonlinear iterations =      70
  No. nonlinear convergence failures =       0
  No. error test failures =       0
  Last step size used =    0.55488E+07
  Index compenent largest error = ********

 ...  195 / 270

 No. steps =      61   No. f-s =    1409   No. J-s =       2   No. LU-s =      17
  No. nonlinear iterations =      70
  No. nonlinear convergence failures =       0
  No. error test failures =       0
  Last step size used =    0.57533E+07
  Index compenent largest error = ********

 ...  196 / 270

 No. steps =      64   No. f-s =    1410   No. J-s =       2   No. LU-s =      15
  No. nonlinear iterations =      71
  No. nonlinear convergence failures =       0
  No. error test failures =       0
  Last step size used =    0.63468E+07
  Index compenent largest error = ********

 ...  197 / 270

 No. steps =      61   No. f-s =    1409   No. J-s =       2   No. LU-s =      16
  No. nonlinear iterations =      70
  No. nonlinear convergence failures =       0
  No. error test failures =       0
  Last step size used =    0.46236E+07
  Index compenent largest error = ********

 ...  198 / 270

 No. steps =      60   No. f-s =    1408   No. J-s =       2   No. LU-s =      17
  No. nonlinear iterations =      69
  No. nonlinear convergence failures =       0
  No. error test failures =       0
  Last step size used =    0.67324E+07
  Index compenent largest error = ********

 ...  199 / 270

 No. steps =      60   No. f-s =    1407   No. J-s =       2   No. LU-s =      16
  No. nonlinear iterations =      68
  No. nonlinear convergence failures =       0
  No. error test failures =       0
  Last step size used =    0.53574E+07
  Index compenent largest error = ********

 ...  200 / 270

 No. steps =      56   No. f-s =    1403   No. J-s =       2   No. LU-s =      17
  No. nonlinear iterations =      64
  No. nonlinear convergence failures =       0
  No. error test failures =       0
  Last step size used =    0.76782E+07
  Index compenent largest error = ********

 ...  201 / 270

 No. steps =      60   No. f-s =    1408   No. J-s =       2   No. LU-s =      17
  No. nonlinear iterations =      69
  No. nonlinear convergence failures =       0
  No. error test failures =       0
  Last step size used =    0.65119E+07
  Index compenent largest error = ********

 ...  202 / 270

 No. steps =      60   No. f-s =    1407   No. J-s =       2   No. LU-s =      17
  No. nonlinear iterations =      68
  No. nonlinear convergence failures =       0
  No. error test failures =       0
  Last step size used =    0.66560E+07
  Index compenent largest error = ********

 ...  203 / 270

 No. steps =      60   No. f-s =    1407   No. J-s =       2   No. LU-s =      17
  No. nonlinear iterations =      68
  No. nonlinear convergence failures =       0
  No. error test failures =       0
  Last step size used =    0.66761E+07
  Index compenent largest error = ********

 ...  204 / 270

 No. steps =      60   No. f-s =    1407   No. J-s =       2   No. LU-s =      17
  No. nonlinear iterations =      68
  No. nonlinear convergence failures =       0
  No. error test failures =       0
  Last step size used =    0.69645E+07
  Index compenent largest error = ********

 ...  205 / 270

 No. steps =      61   No. f-s =    1409   No. J-s =       2   No. LU-s =      16
  No. nonlinear iterations =      70
  No. nonlinear convergence failures =       0
  No. error test failures =       0
  Last step size used =    0.46079E+07
  Index compenent largest error = ********

 ...  206 / 270

 No. steps =      60   No. f-s =    1407   No. J-s =       2   No. LU-s =      17
  No. nonlinear iterations =      68
  No. nonlinear convergence failures =       0
  No. error test failures =       0
  Last step size used =    0.69292E+07
  Index compenent largest error = ********

 ...  207 / 270

 No. steps =      61   No. f-s =    1409   No. J-s =       2   No. LU-s =      16
  No. nonlinear iterations =      70
  No. nonlinear convergence failures =       0
  No. error test failures =       0
  Last step size used =    0.61709E+07
  Index compenent largest error = ********

 ...  208 / 270

 No. steps =      60   No. f-s =    1408   No. J-s =       2   No. LU-s =      16
  No. nonlinear iterations =      69
  No. nonlinear convergence failures =       0
  No. error test failures =       0
  Last step size used =    0.62603E+07
  Index compenent largest error = ********

 ...  209 / 270

 No. steps =      62   No. f-s =    1408   No. J-s =       2   No. LU-s =      16
  No. nonlinear iterations =      69
  No. nonlinear convergence failures =       0
  No. error test failures =       0
  Last step size used =    0.60782E+07
  Index compenent largest error = ********

 ...  210 / 270

 No. steps =      60   No. f-s =    1408   No. J-s =       2   No. LU-s =      17
  No. nonlinear iterations =      69
  No. nonlinear convergence failures =       0
  No. error test failures =       0
  Last step size used =    0.69872E+07
  Index compenent largest error = ********

 ...  211 / 270

 No. steps =      56   No. f-s =    1404   No. J-s =       2   No. LU-s =      17
  No. nonlinear iterations =      65
  No. nonlinear convergence failures =       0
  No. error test failures =       0
  Last step size used =    0.83110E+07
  Index compenent largest error = ********

 ...  212 / 270

 No. steps =      59   No. f-s =    1407   No. J-s =       2   No. LU-s =      17
  No. nonlinear iterations =      68
  No. nonlinear convergence failures =       0
  No. error test failures =       0
  Last step size used =    0.82290E+07
  Index compenent largest error = ********

 ...  213 / 270

 No. steps =      59   No. f-s =    1405   No. J-s =       2   No. LU-s =      17
  No. nonlinear iterations =      66
  No. nonlinear convergence failures =       0
  No. error test failures =       0
  Last step size used =    0.58474E+07
  Index compenent largest error = ********

 ...  214 / 270

 No. steps =      61   No. f-s =    1410   No. J-s =       2   No. LU-s =      16
  No. nonlinear iterations =      71
  No. nonlinear convergence failures =       0
  No. error test failures =       0
  Last step size used =    0.48348E+07
  Index compenent largest error = ********

 ...  215 / 270

 No. steps =      59   No. f-s =    1407   No. J-s =       2   No. LU-s =      17
  No. nonlinear iterations =      68
  No. nonlinear convergence failures =       0
  No. error test failures =       0
  Last step size used =    0.84310E+07
  Index compenent largest error = ********

 ...  216 / 270

 No. steps =      62   No. f-s =    1408   No. J-s =       2   No. LU-s =      16
  No. nonlinear iterations =      69
  No. nonlinear convergence failures =       0
  No. error test failures =       0
  Last step size used =    0.62600E+07
  Index compenent largest error = ********

 ...  217 / 270

 No. steps =      57   No. f-s =    1406   No. J-s =       2   No. LU-s =      17
  No. nonlinear iterations =      67
  No. nonlinear convergence failures =       0
  No. error test failures =       0
  Last step size used =    0.71865E+07
  Index compenent largest error = ********

 ...  218 / 270

 No. steps =      62   No. f-s =    1409   No. J-s =       2   No. LU-s =      16
  No. nonlinear iterations =      70
  No. nonlinear convergence failures =       0
  No. error test failures =       0
  Last step size used =    0.52880E+07
  Index compenent largest error = ********

 ...  219 / 270

 No. steps =      62   No. f-s =    1408   No. J-s =       2   No. LU-s =      16
  No. nonlinear iterations =      69
  No. nonlinear convergence failures =       0
  No. error test failures =       0
  Last step size used =    0.60806E+07
  Index compenent largest error = ********

 ...  220 / 270

 No. steps =      59   No. f-s =    1408   No. J-s =       2   No. LU-s =      17
  No. nonlinear iterations =      69
  No. nonlinear convergence failures =       0
  No. error test failures =       0
  Last step size used =    0.82331E+07
  Index compenent largest error = ********

 ...  221 / 270

 No. steps =      56   No. f-s =    1402   No. J-s =       2   No. LU-s =      15
  No. nonlinear iterations =      63
  No. nonlinear convergence failures =       0
  No. error test failures =       0
  Last step size used =    0.78500E+07
  Index compenent largest error = ********

 ...  222 / 270

 No. steps =      57   No. f-s =    1406   No. J-s =       2   No. LU-s =      17
  No. nonlinear iterations =      67
  No. nonlinear convergence failures =       0
  No. error test failures =       0
  Last step size used =    0.72036E+07
  Index compenent largest error = ********

 ...  223 / 270

 No. steps =      58   No. f-s =    1402   No. J-s =       2   No. LU-s =      17
  No. nonlinear iterations =      63
  No. nonlinear convergence failures =       0
  No. error test failures =       0
  Last step size used =    0.66423E+07
  Index compenent largest error = ********

 ...  224 / 270

 No. steps =      57   No. f-s =    1406   No. J-s =       2   No. LU-s =      17
  No. nonlinear iterations =      67
  No. nonlinear convergence failures =       0
  No. error test failures =       0
  Last step size used =    0.72217E+07
  Index compenent largest error = ********

 ...  225 / 270

 No. steps =      57   No. f-s =    1406   No. J-s =       2   No. LU-s =      17
  No. nonlinear iterations =      67
  No. nonlinear convergence failures =       0
  No. error test failures =       0
  Last step size used =    0.71028E+07
  Index compenent largest error = ********

 ...  226 / 270

 No. steps =      59   No. f-s =    1408   No. J-s =       2   No. LU-s =      17
  No. nonlinear iterations =      69
  No. nonlinear convergence failures =       0
  No. error test failures =       0
  Last step size used =    0.86332E+07
  Index compenent largest error = ********

 ...  227 / 270

 No. steps =      59   No. f-s =    1409   No. J-s =       2   No. LU-s =      17
  No. nonlinear iterations =      70
  No. nonlinear convergence failures =       0
  No. error test failures =       0
  Last step size used =    0.84067E+07
  Index compenent largest error = ********

 ...  228 / 270

 No. steps =      57   No. f-s =    1406   No. J-s =       2   No. LU-s =      17
  No. nonlinear iterations =      67
  No. nonlinear convergence failures =       0
  No. error test failures =       0
  Last step size used =    0.76609E+07
  Index compenent largest error = ********

 ...  229 / 270

 No. steps =      57   No. f-s =    1406   No. J-s =       2   No. LU-s =      17
  No. nonlinear iterations =      67
  No. nonlinear convergence failures =       0
  No. error test failures =       0
  Last step size used =    0.71544E+07
  Index compenent largest error = ********

 ...  230 / 270

 No. steps =      60   No. f-s =    1408   No. J-s =       2   No. LU-s =      16
  No. nonlinear iterations =      69
  No. nonlinear convergence failures =       0
  No. error test failures =       0
  Last step size used =    0.65039E+07
  Index compenent largest error = ********

 ...  231 / 270

 No. steps =      56   No. f-s =    1403   No. J-s =       2   No. LU-s =      16
  No. nonlinear iterations =      64
  No. nonlinear convergence failures =       0
  No. error test failures =       0
  Last step size used =    0.71930E+07
  Index compenent largest error = ********

 ...  232 / 270

 No. steps =      54   No. f-s =    1401   No. J-s =       2   No. LU-s =      16
  No. nonlinear iterations =      62
  No. nonlinear convergence failures =       0
  No. error test failures =       0
  Last step size used =    0.69946E+07
  Index compenent largest error = ********

 ...  233 / 270

 No. steps =      52   No. f-s =     732   No. J-s =       1   No. LU-s =      16
  No. nonlinear iterations =      61
  No. nonlinear convergence failures =       0
  No. error test failures =       0
  Last step size used =    0.58827E+07
  Index compenent largest error = ********

 ...  234 / 270

 No. steps =      58   No. f-s =    1403   No. J-s =       2   No. LU-s =      17
  No. nonlinear iterations =      64
  No. nonlinear convergence failures =       0
  No. error test failures =       0
  Last step size used =    0.72202E+07
  Index compenent largest error = ********

 ...  235 / 270

 No. steps =      55   No. f-s =    1403   No. J-s =       2   No. LU-s =      16
  No. nonlinear iterations =      64
  No. nonlinear convergence failures =       0
  No. error test failures =       0
  Last step size used =    0.85805E+07
  Index compenent largest error = ********

 ...  236 / 270

 No. steps =      58   No. f-s =    1405   No. J-s =       2   No. LU-s =      17
  No. nonlinear iterations =      66
  No. nonlinear convergence failures =       0
  No. error test failures =       0
  Last step size used =    0.84191E+07
  Index compenent largest error = ********

 ...  237 / 270

 No. steps =      58   No. f-s =    1405   No. J-s =       2   No. LU-s =      17
  No. nonlinear iterations =      66
  No. nonlinear convergence failures =       0
  No. error test failures =       0
  Last step size used =    0.88301E+07
  Index compenent largest error = ********

 ...  238 / 270

 No. steps =      58   No. f-s =    1405   No. J-s =       2   No. LU-s =      17
  No. nonlinear iterations =      66
  No. nonlinear convergence failures =       0
  No. error test failures =       0
  Last step size used =    0.87899E+07
  Index compenent largest error = ********

 ...  239 / 270

 No. steps =      55   No. f-s =    1403   No. J-s =       2   No. LU-s =      16
  No. nonlinear iterations =      64
  No. nonlinear convergence failures =       0
  No. error test failures =       0
  Last step size used =    0.86072E+07
  Index compenent largest error = ********

 ...  240 / 270

 No. steps =      60   No. f-s =    1408   No. J-s =       2   No. LU-s =      16
  No. nonlinear iterations =      69
  No. nonlinear convergence failures =       0
  No. error test failures =       0
  Last step size used =    0.66518E+07
  Index compenent largest error = ********

 ...  241 / 270

 No. steps =      57   No. f-s =    1403   No. J-s =       2   No. LU-s =      16
  No. nonlinear iterations =      64
  No. nonlinear convergence failures =       0
  No. error test failures =       0
  Last step size used =    0.59403E+07
  Index compenent largest error = ********

 ...  242 / 270

 No. steps =      55   No. f-s =    1403   No. J-s =       2   No. LU-s =      16
  No. nonlinear iterations =      64
  No. nonlinear convergence failures =       0
  No. error test failures =       0
  Last step size used =    0.84944E+07
  Index compenent largest error = ********

 ...  243 / 270

 No. steps =      51   No. f-s =     732   No. J-s =       1   No. LU-s =      17
  No. nonlinear iterations =      61
  No. nonlinear convergence failures =       0
  No. error test failures =       0
  Last step size used =    0.97126E+07
  Index compenent largest error = ********

 ...  244 / 270

 No. steps =      51   No. f-s =     732   No. J-s =       1   No. LU-s =      17
  No. nonlinear iterations =      61
  No. nonlinear convergence failures =       0
  No. error test failures =       0
  Last step size used =    0.10108E+08
  Index compenent largest error = ********

 ...  245 / 270

 No. steps =      57   No. f-s =    1402   No. J-s =       2   No. LU-s =      16
  No. nonlinear iterations =      63
  No. nonlinear convergence failures =       0
  No. error test failures =       0
  Last step size used =    0.61272E+07
  Index compenent largest error = ********

 ...  246 / 270

 No. steps =      57   No. f-s =    1404   No. J-s =       2   No. LU-s =      16
  No. nonlinear iterations =      65
  No. nonlinear convergence failures =       0
  No. error test failures =       0
  Last step size used =    0.58220E+07
  Index compenent largest error = ********

 ...  247 / 270

 No. steps =      58   No. f-s =    1402   No. J-s =       2   No. LU-s =      15
  No. nonlinear iterations =      63
  No. nonlinear convergence failures =       0
  No. error test failures =       0
  Last step size used =    0.49974E+07
  Index compenent largest error = ********

 ...  248 / 270

 No. steps =      58   No. f-s =    1405   No. J-s =       2   No. LU-s =      17
  No. nonlinear iterations =      66
  No. nonlinear convergence failures =       0
  No. error test failures =       0
  Last step size used =    0.87460E+07
  Index compenent largest error = ********

 ...  249 / 270

 No. steps =      57   No. f-s =    1404   No. J-s =       2   No. LU-s =      16
  No. nonlinear iterations =      65
  No. nonlinear convergence failures =       0
  No. error test failures =       0
  Last step size used =    0.57320E+07
  Index compenent largest error = ********

 ...  250 / 270

 No. steps =      56   No. f-s =    1403   No. J-s =       2   No. LU-s =      15
  No. nonlinear iterations =      64
  No. nonlinear convergence failures =       0
  No. error test failures =       0
  Last step size used =    0.73258E+07
  Index compenent largest error = ********

 ...  251 / 270

 No. steps =      59   No. f-s =    1407   No. J-s =       2   No. LU-s =      16
  No. nonlinear iterations =      68
  No. nonlinear convergence failures =       0
  No. error test failures =       0
  Last step size used =    0.61871E+07
  Index compenent largest error = ********

 ...  252 / 270

 No. steps =      57   No. f-s =    1404   No. J-s =       2   No. LU-s =      16
  No. nonlinear iterations =      65
  No. nonlinear convergence failures =       0
  No. error test failures =       0
  Last step size used =    0.59787E+07
  Index compenent largest error = ********

 ...  253 / 270

 No. steps =      54   No. f-s =    1400   No. J-s =       2   No. LU-s =      16
  No. nonlinear iterations =      61
  No. nonlinear convergence failures =       0
  No. error test failures =       0
  Last step size used =    0.71179E+07
  Index compenent largest error = ********

 ...  254 / 270

 No. steps =      58   No. f-s =    1406   No. J-s =       2   No. LU-s =      16
  No. nonlinear iterations =      67
  No. nonlinear convergence failures =       0
  No. error test failures =       0
  Last step size used =    0.54149E+07
  Index compenent largest error = ********

 ...  255 / 270

 No. steps =      50   No. f-s =     730   No. J-s =       1   No. LU-s =      15
  No. nonlinear iterations =      59
  No. nonlinear convergence failures =       0
  No. error test failures =       0
  Last step size used =    0.84155E+07
  Index compenent largest error = ********

 ...  256 / 270

 No. steps =      57   No. f-s =    1402   No. J-s =       2   No. LU-s =      16
  No. nonlinear iterations =      63
  No. nonlinear convergence failures =       0
  No. error test failures =       0
  Last step size used =    0.47877E+07
  Index compenent largest error = ********

 ...  257 / 270

 No. steps =      58   No. f-s =    1405   No. J-s =       2   No. LU-s =      16
  No. nonlinear iterations =      66
  No. nonlinear convergence failures =       0
  No. error test failures =       0
  Last step size used =    0.57124E+07
  Index compenent largest error = ********

 ...  258 / 270

 No. steps =      57   No. f-s =    1404   No. J-s =       2   No. LU-s =      16
  No. nonlinear iterations =      65
  No. nonlinear convergence failures =       0
  No. error test failures =       0
  Last step size used =    0.60169E+07
  Index compenent largest error = ********

 ...  259 / 270

 No. steps =      57   No. f-s =    1404   No. J-s =       2   No. LU-s =      16
  No. nonlinear iterations =      65
  No. nonlinear convergence failures =       0
  No. error test failures =       0
  Last step size used =    0.57813E+07
  Index compenent largest error = ********

 ...  260 / 270

 No. steps =      58   No. f-s =    1406   No. J-s =       2   No. LU-s =      16
  No. nonlinear iterations =      67
  No. nonlinear convergence failures =       0
  No. error test failures =       0
  Last step size used =    0.67145E+07
  Index compenent largest error = ********

 ...  261 / 270

 No. steps =      53   No. f-s =    1400   No. J-s =       2   No. LU-s =      16
  No. nonlinear iterations =      61
  No. nonlinear convergence failures =       0
  No. error test failures =       0
  Last step size used =    0.81039E+07
  Index compenent largest error = ********

 ...  262 / 270

 No. steps =      59   No. f-s =    1407   No. J-s =       2   No. LU-s =      16
  No. nonlinear iterations =      68
  No. nonlinear convergence failures =       0
  No. error test failures =       0
  Last step size used =    0.65873E+07
  Index compenent largest error = ********

 ...  263 / 270

 No. steps =      52   No. f-s =     730   No. J-s =       1   No. LU-s =      15
  No. nonlinear iterations =      59
  No. nonlinear convergence failures =       0
  No. error test failures =       0
  Last step size used =    0.52252E+07
  Index compenent largest error = ********

 ...  264 / 270

 No. steps =      58   No. f-s =    1404   No. J-s =       2   No. LU-s =      16
  No. nonlinear iterations =      65
  No. nonlinear convergence failures =       0
  No. error test failures =       0
  Last step size used =    0.49724E+07
  Index compenent largest error = ********

 ...  265 / 270

 No. steps =      54   No. f-s =    1399   No. J-s =       2   No. LU-s =      16
  No. nonlinear iterations =      60
  No. nonlinear convergence failures =       0
  No. error test failures =       0
  Last step size used =    0.69070E+07
  Index compenent largest error = ********

 ...  266 / 270

 No. steps =      54   No. f-s =    1399   No. J-s =       2   No. LU-s =      16
  No. nonlinear iterations =      60
  No. nonlinear convergence failures =       0
  No. error test failures =       0
  Last step size used =    0.68114E+07
  Index compenent largest error = ********

 ...  267 / 270

 No. steps =      53   No. f-s =     730   No. J-s =       1   No. LU-s =      14
  No. nonlinear iterations =      59
  No. nonlinear convergence failures =       0
  No. error test failures =       0
  Last step size used =    0.49946E+07
  Index compenent largest error = ********

 ...  268 / 270

 No. steps =      55   No. f-s =    1402   No. J-s =       2   No. LU-s =      15
  No. nonlinear iterations =      63
  No. nonlinear convergence failures =       0
  No. error test failures =       0
  Last step size used =    0.81210E+07
  Index compenent largest error = ********

 ...  269 / 270

 No. steps =      57   No. f-s =    1404   No. J-s =       2   No. LU-s =      16
  No. nonlinear iterations =      65
  No. nonlinear convergence failures =       0
  No. error test failures =       0
  Last step size used =    0.59501E+07
  Index compenent largest error = ********

 ...  270 / 270

 No. steps =      57   No. f-s =    1407   No. J-s =       2   No. LU-s =      16
  No. nonlinear iterations =      68
  No. nonlinear convergence failures =       0
  No. error test failures =       0
  Last step size used =    0.81313E+07
  Index compenent largest error = ********


    ... DONE!
 +++++++++++++++++++++++++++++++++++++++++++++++++++


+------------------ Job Report: 10176366 (COMPLETED) ------------------+
| Memory (RAM)  [#                   ]  5.7% (58 MB peak / 1 GB)       |
| CPU           [###############     ] 76.6% average                   |
| Time          [>                   ]  2.6% (0-00:01:34 / 0-01:00:00) |
|                                                                      |
| Lustre Filesystem:                                                   |
|   Path    Total Read    Total Write    Total IOPS                    |
|   ------  ------------  -------------  ------------                  |
|   /apps   0 B           0 B            18                            |
|   /fred   24 KB         99.9 MB        7.1 K                         |
|                                                                      |
| Warnings:                                                            |
|   - Too much memory requested                                        |
|   - Too much time requested                                          |
+----------------------------------------------------------------------+
