Starting job 10175700, array task 436 on dave34
Chemistry type: Crich
Analysis mode: false
Found 462 valid particle IDs in /fred/oz304/beckers/Chemistry/traces/wind_v10/trace_output_with_av
Returning 460 particle IDs (after start_index=2 offset)
SLURM task 436: processing particle 3926931
Running Crich evolving_model on 1 phantom particle trace(s) from wind_v10

 +++++++++++++++++++++++++++++++++++++++++++++++++++
 +++++        ENVELOPE CHEMICAL MODEL         ++++++
 +++++++++++++++++++++++++++++++++++++++++++++++++++

 Version 1.0 authored by Catherine Walsh and Maria 
    Drozdovskaya, Leiden Observatory (01/08/2013)

 Version 1.1 amended by Catherine Walsh (18/05/2014)

 Version 1.2 amended by Catherine Walsh (13/08/2015)

 +++++++++++++++++++++++++++++++++++++++++++++++++++

          Input file =  Crich/param/trace_file_param/file_parameters_3926931.txt              

 Physical conditions  = Crich/input/3926931.txt                                               
 Chemical network     = ./rate12_complex.rates                                                
 Species file         = ./rate12_complex_atomic_Crich.specs                                   
 Binding energies     = ./rate12_binding.dat                                                  
 Reaction parameters  = param/reaction_parameters.txt                                         
 Grain parameters     = param/grain_parameters.txt                                            
 Radiation parameters = param/radiation_parameters.txt                                        

 Output file          = Crich/output/model_output_3926931.dat                                 
 Rates file           = Crich/output/model_rates_3926931.dat                                  

 Opening and reading physical conditions file ...

 +++++++++++++++++++++++++++++++++++++++++++++++++++
 Beginning to run model ...
 +++++++++++++++++++++++++++++++++++++++++++++++++++

 Preparing output files ...

 Progress = ...
 ...    1 /  81

 No. steps =    1043   No. f-s =   18946   No. J-s =      26   No. LU-s =     154
  No. nonlinear iterations =    1577
  No. nonlinear convergence failures =       0
  No. error test failures =      37
  Last step size used =    0.75111E+09
  Index compenent largest error = ********

 ...    2 /  81

 No. steps =     225   No. f-s =    3603   No. J-s =       5   No. LU-s =      37
  No. nonlinear iterations =     260
  No. nonlinear convergence failures =       0
  No. error test failures =       2
  Last step size used =    0.21094E+07
  Index compenent largest error = ********

 ...    3 /  81

 No. steps =     185   No. f-s =    2887   No. J-s =       4   No. LU-s =      33
  No. nonlinear iterations =     212
  No. nonlinear convergence failures =       0
  No. error test failures =       1
  Last step size used =    0.38092E+07
  Index compenent largest error = ********

 ...    4 /  81

 No. steps =     176   No. f-s =    2874   No. J-s =       4   No. LU-s =      32
  No. nonlinear iterations =     199
  No. nonlinear convergence failures =       0
  No. error test failures =       1
  Last step size used =    0.42627E+07
  Index compenent largest error = ********

 ...    5 /  81

 No. steps =     158   No. f-s =    2186   No. J-s =       3   No. LU-s =      28
  No. nonlinear iterations =     179
  No. nonlinear convergence failures =       0
  No. error test failures =       0
  Last step size used =    0.34492E+07
  Index compenent largest error = ********

 ...    6 /  81

 No. steps =     157   No. f-s =    2183   No. J-s =       3   No. LU-s =      27
  No. nonlinear iterations =     176
  No. nonlinear convergence failures =       0
  No. error test failures =       0
  Last step size used =    0.33471E+07
  Index compenent largest error = ********

 ...    7 /  81

 No. steps =     149   No. f-s =    2177   No. J-s =       3   No. LU-s =      27
  No. nonlinear iterations =     170
  No. nonlinear convergence failures =       0
  No. error test failures =       0
  Last step size used =    0.31056E+07
  Index compenent largest error = ********

 ...    8 /  81

 No. steps =     138   No. f-s =    2163   No. J-s =       3   No. LU-s =      27
  No. nonlinear iterations =     156
  No. nonlinear convergence failures =       0
  No. error test failures =       0
  Last step size used =    0.37068E+07
  Index compenent largest error = ********

 ...    9 /  81

 No. steps =     130   No. f-s =    2154   No. J-s =       3   No. LU-s =      26
  No. nonlinear iterations =     147
  No. nonlinear convergence failures =       0
  No. error test failures =       0
  Last step size used =    0.42433E+07
  Index compenent largest error = ********

 ...   10 /  81

 No. steps =     123   No. f-s =    2144   No. J-s =       3   No. LU-s =      24
  No. nonlinear iterations =     137
  No. nonlinear convergence failures =       0
  No. error test failures =       0
  Last step size used =    0.40314E+07
  Index compenent largest error = ********

 ...   11 /  81

 No. steps =     118   No. f-s =    2139   No. J-s =       3   No. LU-s =      25
  No. nonlinear iterations =     132
  No. nonlinear convergence failures =       0
  No. error test failures =       0
  Last step size used =    0.39620E+07
  Index compenent largest error = ********

 ...   12 /  81

 No. steps =     117   No. f-s =    2140   No. J-s =       3   No. LU-s =      26
  No. nonlinear iterations =     133
  No. nonlinear convergence failures =       0
  No. error test failures =       0
  Last step size used =    0.57571E+07
  Index compenent largest error = ********

 ...   13 /  81

 No. steps =     121   No. f-s =    2143   No. J-s =       3   No. LU-s =      24
  No. nonlinear iterations =     136
  No. nonlinear convergence failures =       0
  No. error test failures =       0
  Last step size used =    0.39462E+07
  Index compenent largest error = ********

 ...   14 /  81

 No. steps =     120   No. f-s =    2145   No. J-s =       3   No. LU-s =      24
  No. nonlinear iterations =     138
  No. nonlinear convergence failures =       0
  No. error test failures =       0
  Last step size used =    0.48521E+07
  Index compenent largest error = ********

 ...   15 /  81

 No. steps =     117   No. f-s =    2141   No. J-s =       3   No. LU-s =      24
  No. nonlinear iterations =     134
  No. nonlinear convergence failures =       0
  No. error test failures =       0
  Last step size used =    0.40825E+07
  Index compenent largest error = ********

 ...   16 /  81

 No. steps =     116   No. f-s =    2140   No. J-s =       3   No. LU-s =      24
  No. nonlinear iterations =     133
  No. nonlinear convergence failures =       0
  No. error test failures =       0
  Last step size used =    0.45923E+07
  Index compenent largest error = ********

 ...   17 /  81

 No. steps =     115   No. f-s =    2139   No. J-s =       3   No. LU-s =      23
  No. nonlinear iterations =     132
  No. nonlinear convergence failures =       0
  No. error test failures =       0
  Last step size used =    0.34229E+07
  Index compenent largest error = ********

 ...   18 /  81

 No. steps =     114   No. f-s =    2132   No. J-s =       3   No. LU-s =      24
  No. nonlinear iterations =     125
  No. nonlinear convergence failures =       0
  No. error test failures =       0
  Last step size used =    0.46770E+07
  Index compenent largest error = ********

 ...   19 /  81

 No. steps =     112   No. f-s =    2131   No. J-s =       3   No. LU-s =      23
  No. nonlinear iterations =     124
  No. nonlinear convergence failures =       0
  No. error test failures =       0
  Last step size used =    0.46134E+07
  Index compenent largest error = ********

 ...   20 /  81

 No. steps =     106   No. f-s =    2125   No. J-s =       3   No. LU-s =      24
  No. nonlinear iterations =     118
  No. nonlinear convergence failures =       0
  No. error test failures =       0
  Last step size used =    0.48302E+07
  Index compenent largest error = ********

 ...   21 /  81

 No. steps =     118   No. f-s =    2146   No. J-s =       3   No. LU-s =      25
  No. nonlinear iterations =     139
  No. nonlinear convergence failures =       0
  No. error test failures =       1
  Last step size used =    0.32894E+07
  Index compenent largest error = ********

 ...   22 /  81

 No. steps =     126   No. f-s =    2155   No. J-s =       3   No. LU-s =      25
  No. nonlinear iterations =     148
  No. nonlinear convergence failures =       0
  No. error test failures =       1
  Last step size used =    0.44552E+07
  Index compenent largest error = ********

 ...   23 /  81

 No. steps =     118   No. f-s =    2141   No. J-s =       3   No. LU-s =      25
  No. nonlinear iterations =     134
  No. nonlinear convergence failures =       0
  No. error test failures =       1
  Last step size used =    0.32652E+07
  Index compenent largest error = ********

 ...   24 /  81

 No. steps =     102   No. f-s =    1452   No. J-s =       2   No. LU-s =      21
  No. nonlinear iterations =     113
  No. nonlinear convergence failures =       0
  No. error test failures =       0
  Last step size used =    0.44466E+07
  Index compenent largest error = ********

 ...   25 /  81

 No. steps =     101   No. f-s =    1454   No. J-s =       2   No. LU-s =      23
  No. nonlinear iterations =     115
  No. nonlinear convergence failures =       0
  No. error test failures =       0
  Last step size used =    0.46655E+07
  Index compenent largest error = ********

 ...   26 /  81

 No. steps =     110   No. f-s =    2135   No. J-s =       3   No. LU-s =      24
  No. nonlinear iterations =     128
  No. nonlinear convergence failures =       0
  No. error test failures =       1
  Last step size used =    0.33877E+07
  Index compenent largest error = ********

 ...   27 /  81

 No. steps =     111   No. f-s =    2133   No. J-s =       3   No. LU-s =      22
  No. nonlinear iterations =     126
  No. nonlinear convergence failures =       0
  No. error test failures =       0
  Last step size used =    0.42880E+07
  Index compenent largest error = ********

 ...   28 /  81

 No. steps =     112   No. f-s =    2128   No. J-s =       3   No. LU-s =      23
  No. nonlinear iterations =     121
  No. nonlinear convergence failures =       0
  No. error test failures =       0
  Last step size used =    0.43993E+07
  Index compenent largest error = ********

 ...   29 /  81

 No. steps =     109   No. f-s =    2130   No. J-s =       3   No. LU-s =      23
  No. nonlinear iterations =     123
  No. nonlinear convergence failures =       0
  No. error test failures =       0
  Last step size used =    0.45657E+07
  Index compenent largest error = ********

 ...   30 /  81

 No. steps =     109   No. f-s =    1461   No. J-s =       2   No. LU-s =      22
  No. nonlinear iterations =     122
  No. nonlinear convergence failures =       0
  No. error test failures =       0
  Last step size used =    0.41388E+07
  Index compenent largest error = ********

 ...   31 /  81

 No. steps =     109   No. f-s =    2130   No. J-s =       3   No. LU-s =      22
  No. nonlinear iterations =     123
  No. nonlinear convergence failures =       0
  No. error test failures =       0
  Last step size used =    0.52400E+07
  Index compenent largest error = ********

 ...   32 /  81

 No. steps =     107   No. f-s =    1460   No. J-s =       2   No. LU-s =      22
  No. nonlinear iterations =     121
  No. nonlinear convergence failures =       0
  No. error test failures =       0
  Last step size used =    0.41752E+07
  Index compenent largest error = ********

 ...   33 /  81

 No. steps =     105   No. f-s =    1456   No. J-s =       2   No. LU-s =      22
  No. nonlinear iterations =     117
  No. nonlinear convergence failures =       0
  No. error test failures =       0
  Last step size used =    0.46812E+07
  Index compenent largest error = ********

 ...   34 /  81

 No. steps =     103   No. f-s =    1456   No. J-s =       2   No. LU-s =      21
  No. nonlinear iterations =     117
  No. nonlinear convergence failures =       0
  No. error test failures =       0
  Last step size used =    0.35716E+07
  Index compenent largest error = ********

 ...   35 /  81

 No. steps =     100   No. f-s =    1452   No. J-s =       2   No. LU-s =      21
  No. nonlinear iterations =     113
  No. nonlinear convergence failures =       0
  No. error test failures =       0
  Last step size used =    0.38547E+07
  Index compenent largest error = ********

 ...   36 /  81

 No. steps =     101   No. f-s =    1452   No. J-s =       2   No. LU-s =      21
  No. nonlinear iterations =     113
  No. nonlinear convergence failures =       0
  No. error test failures =       0
  Last step size used =    0.45671E+07
  Index compenent largest error = ********

 ...   37 /  81

 No. steps =     100   No. f-s =    1451   No. J-s =       2   No. LU-s =      20
  No. nonlinear iterations =     112
  No. nonlinear convergence failures =       0
  No. error test failures =       0
  Last step size used =    0.39068E+07
  Index compenent largest error = ********

 ...   38 /  81

 No. steps =      97   No. f-s =    1449   No. J-s =       2   No. LU-s =      21
  No. nonlinear iterations =     110
  No. nonlinear convergence failures =       0
  No. error test failures =       0
  Last step size used =    0.43570E+07
  Index compenent largest error = ********

 ...   39 /  81

 No. steps =      96   No. f-s =    1448   No. J-s =       2   No. LU-s =      21
  No. nonlinear iterations =     109
  No. nonlinear convergence failures =       0
  No. error test failures =       0
  Last step size used =    0.47663E+07
  Index compenent largest error = ********

 ...   40 /  81

 No. steps =      93   No. f-s =    1445   No. J-s =       2   No. LU-s =      21
  No. nonlinear iterations =     106
  No. nonlinear convergence failures =       0
  No. error test failures =       0
  Last step size used =    0.43915E+07
  Index compenent largest error = ********

 ...   41 /  81

 No. steps =      92   No. f-s =    1443   No. J-s =       2   No. LU-s =      21
  No. nonlinear iterations =     104
  No. nonlinear convergence failures =       0
  No. error test failures =       0
  Last step size used =    0.49077E+07
  Index compenent largest error = ********

 ...   42 /  81

 No. steps =      89   No. f-s =    1441   No. J-s =       2   No. LU-s =      20
  No. nonlinear iterations =     102
  No. nonlinear convergence failures =       0
  No. error test failures =       0
  Last step size used =    0.44489E+07
  Index compenent largest error = ********

 ...   43 /  81

 No. steps =      89   No. f-s =    1440   No. J-s =       2   No. LU-s =      20
  No. nonlinear iterations =     101
  No. nonlinear convergence failures =       0
  No. error test failures =       0
  Last step size used =    0.45740E+07
  Index compenent largest error = ********

 ...   44 /  81

 No. steps =      87   No. f-s =    1440   No. J-s =       2   No. LU-s =      22
  No. nonlinear iterations =     101
  No. nonlinear convergence failures =       0
  No. error test failures =       0
  Last step size used =    0.70943E+07
  Index compenent largest error = ********

 ...   45 /  81

 No. steps =      82   No. f-s =    1435   No. J-s =       2   No. LU-s =      20
  No. nonlinear iterations =      96
  No. nonlinear convergence failures =       0
  No. error test failures =       0
  Last step size used =    0.42865E+07
  Index compenent largest error = ********

 ...   46 /  81

 No. steps =      85   No. f-s =    1437   No. J-s =       2   No. LU-s =      21
  No. nonlinear iterations =      98
  No. nonlinear convergence failures =       0
  No. error test failures =       0
  Last step size used =    0.48827E+07
  Index compenent largest error = ********

 ...   47 /  81

 No. steps =      85   No. f-s =    1436   No. J-s =       2   No. LU-s =      21
  No. nonlinear iterations =      97
  No. nonlinear convergence failures =       0
  No. error test failures =       0
  Last step size used =    0.51929E+07
  Index compenent largest error = ********

 ...   48 /  81

 No. steps =      83   No. f-s =    1435   No. J-s =       2   No. LU-s =      21
  No. nonlinear iterations =      96
  No. nonlinear convergence failures =       0
  No. error test failures =       0
  Last step size used =    0.63179E+07
  Index compenent largest error = ********

 ...   49 /  81

 No. steps =      84   No. f-s =    1437   No. J-s =       2   No. LU-s =      20
  No. nonlinear iterations =      98
  No. nonlinear convergence failures =       0
  No. error test failures =       0
  Last step size used =    0.58458E+07
  Index compenent largest error = ********

 ...   50 /  81

 No. steps =      84   No. f-s =    1437   No. J-s =       2   No. LU-s =      20
  No. nonlinear iterations =      98
  No. nonlinear convergence failures =       0
  No. error test failures =       0
  Last step size used =    0.63163E+07
  Index compenent largest error = ********

 ...   51 /  81

 No. steps =      83   No. f-s =    1433   No. J-s =       2   No. LU-s =      20
  No. nonlinear iterations =      94
  No. nonlinear convergence failures =       0
  No. error test failures =       0
  Last step size used =    0.64550E+07
  Index compenent largest error = ********

 ...   52 /  81

 No. steps =      82   No. f-s =    1434   No. J-s =       2   No. LU-s =      20
  No. nonlinear iterations =      95
  No. nonlinear convergence failures =       0
  No. error test failures =       0
  Last step size used =    0.41846E+07
  Index compenent largest error = ********

 ...   53 /  81

 No. steps =      82   No. f-s =    1431   No. J-s =       2   No. LU-s =      19
  No. nonlinear iterations =      92
  No. nonlinear convergence failures =       0
  No. error test failures =       0
  Last step size used =    0.47037E+07
  Index compenent largest error = ********

 ...   54 /  81

 No. steps =      82   No. f-s =    1431   No. J-s =       2   No. LU-s =      19
  No. nonlinear iterations =      92
  No. nonlinear convergence failures =       0
  No. error test failures =       0
  Last step size used =    0.49331E+07
  Index compenent largest error = ********

 ...   55 /  81

 No. steps =      81   No. f-s =    1433   No. J-s =       2   No. LU-s =      18
  No. nonlinear iterations =      94
  No. nonlinear convergence failures =       0
  No. error test failures =       0
  Last step size used =    0.41555E+07
  Index compenent largest error = ********

 ...   56 /  81

 No. steps =      80   No. f-s =    1429   No. J-s =       2   No. LU-s =      19
  No. nonlinear iterations =      90
  No. nonlinear convergence failures =       0
  No. error test failures =       0
  Last step size used =    0.56692E+07
  Index compenent largest error = ********

 ...   57 /  81

 No. steps =      81   No. f-s =    1432   No. J-s =       2   No. LU-s =      19
  No. nonlinear iterations =      93
  No. nonlinear convergence failures =       0
  No. error test failures =       0
  Last step size used =    0.51793E+07
  Index compenent largest error = ********

 ...   58 /  81

 No. steps =      79   No. f-s =    1431   No. J-s =       2   No. LU-s =      18
  No. nonlinear iterations =      92
  No. nonlinear convergence failures =       0
  No. error test failures =       0
  Last step size used =    0.46270E+07
  Index compenent largest error = ********

 ...   59 /  81

 No. steps =      78   No. f-s =    1428   No. J-s =       2   No. LU-s =      18
  No. nonlinear iterations =      89
  No. nonlinear convergence failures =       0
  No. error test failures =       0
  Last step size used =    0.39880E+07
  Index compenent largest error = ********

 ...   60 /  81

 No. steps =      78   No. f-s =    1427   No. J-s =       2   No. LU-s =      18
  No. nonlinear iterations =      88
  No. nonlinear convergence failures =       0
  No. error test failures =       0
  Last step size used =    0.40627E+07
  Index compenent largest error = ********

 ...   61 /  81

 No. steps =      77   No. f-s =    1427   No. J-s =       2   No. LU-s =      18
  No. nonlinear iterations =      88
  No. nonlinear convergence failures =       0
  No. error test failures =       0
  Last step size used =    0.43653E+07
  Index compenent largest error = ********

 ...   62 /  81

 No. steps =      75   No. f-s =    1425   No. J-s =       2   No. LU-s =      18
  No. nonlinear iterations =      86
  No. nonlinear convergence failures =       0
  No. error test failures =       0
  Last step size used =    0.49499E+07
  Index compenent largest error = ********

 ...   63 /  81

 No. steps =      71   No. f-s =    1423   No. J-s =       2   No. LU-s =      18
  No. nonlinear iterations =      84
  No. nonlinear convergence failures =       0
  No. error test failures =       0
  Last step size used =    0.45951E+07
  Index compenent largest error = ********

 ...   64 /  81

 No. steps =      70   No. f-s =    1422   No. J-s =       2   No. LU-s =      18
  No. nonlinear iterations =      83
  No. nonlinear convergence failures =       0
  No. error test failures =       0
  Last step size used =    0.49137E+07
  Index compenent largest error = ********

 ...   65 /  81

 No. steps =      69   No. f-s =    1420   No. J-s =       2   No. LU-s =      18
  No. nonlinear iterations =      81
  No. nonlinear convergence failures =       0
  No. error test failures =       0
  Last step size used =    0.52124E+07
  Index compenent largest error = ********

 ...   66 /  81

 No. steps =      71   No. f-s =    1419   No. J-s =       2   No. LU-s =      18
  No. nonlinear iterations =      80
  No. nonlinear convergence failures =       0
  No. error test failures =       0
  Last step size used =    0.57363E+07
  Index compenent largest error = ********

 ...   67 /  81

 No. steps =      72   No. f-s =    1419   No. J-s =       2   No. LU-s =      18
  No. nonlinear iterations =      80
  No. nonlinear convergence failures =       0
  No. error test failures =       0
  Last step size used =    0.58936E+07
  Index compenent largest error = ********

 ...   68 /  81

 No. steps =      69   No. f-s =    1416   No. J-s =       2   No. LU-s =      18
  No. nonlinear iterations =      77
  No. nonlinear convergence failures =       0
  No. error test failures =       0
  Last step size used =    0.53404E+07
  Index compenent largest error = ********

 ...   69 /  81

 No. steps =      68   No. f-s =    1416   No. J-s =       2   No. LU-s =      18
  No. nonlinear iterations =      77
  No. nonlinear convergence failures =       0
  No. error test failures =       0
  Last step size used =    0.55613E+07
  Index compenent largest error = ********

 ...   70 /  81

 No. steps =      67   No. f-s =    1414   No. J-s =       2   No. LU-s =      17
  No. nonlinear iterations =      75
  No. nonlinear convergence failures =       0
  No. error test failures =       0
  Last step size used =    0.46607E+07
  Index compenent largest error = ********

 ...   71 /  81

 No. steps =      66   No. f-s =    1416   No. J-s =       2   No. LU-s =      17
  No. nonlinear iterations =      77
  No. nonlinear convergence failures =       0
  No. error test failures =       0
  Last step size used =    0.48078E+07
  Index compenent largest error = ********

 ...   72 /  81

 No. steps =      65   No. f-s =    1412   No. J-s =       2   No. LU-s =      16
  No. nonlinear iterations =      73
  No. nonlinear convergence failures =       0
  No. error test failures =       0
  Last step size used =    0.45581E+07
  Index compenent largest error = ********

 ...   73 /  81

 No. steps =      66   No. f-s =    1416   No. J-s =       2   No. LU-s =      17
  No. nonlinear iterations =      77
  No. nonlinear convergence failures =       0
  No. error test failures =       0
  Last step size used =    0.53237E+07
  Index compenent largest error = ********

 ...   74 /  81

 No. steps =      60   No. f-s =    1405   No. J-s =       2   No. LU-s =      16
  No. nonlinear iterations =      66
  No. nonlinear convergence failures =       0
  No. error test failures =       0
  Last step size used =    0.52258E+07
  Index compenent largest error = ********

 ...   75 /  81

 No. steps =      61   No. f-s =    1410   No. J-s =       2   No. LU-s =      17
  No. nonlinear iterations =      71
  No. nonlinear convergence failures =       0
  No. error test failures =       0
  Last step size used =    0.56575E+07
  Index compenent largest error = ********

 ...   76 /  81

 No. steps =      61   No. f-s =    1407   No. J-s =       2   No. LU-s =      16
  No. nonlinear iterations =      68
  No. nonlinear convergence failures =       0
  No. error test failures =       0
  Last step size used =    0.51675E+07
  Index compenent largest error = ********

 ...   77 /  81

 No. steps =      60   No. f-s =    1405   No. J-s =       2   No. LU-s =      17
  No. nonlinear iterations =      66
  No. nonlinear convergence failures =       0
  No. error test failures =       0
  Last step size used =    0.72947E+07
  Index compenent largest error = ********

 ...   78 /  81

 No. steps =      60   No. f-s =    1407   No. J-s =       2   No. LU-s =      16
  No. nonlinear iterations =      68
  No. nonlinear convergence failures =       0
  No. error test failures =       0
  Last step size used =    0.56841E+07
  Index compenent largest error = ********

 ...   79 /  81

 No. steps =      59   No. f-s =    1404   No. J-s =       2   No. LU-s =      16
  No. nonlinear iterations =      65
  No. nonlinear convergence failures =       0
  No. error test failures =       0
  Last step size used =    0.45210E+07
  Index compenent largest error = ********

 ...   80 /  81

 No. steps =      59   No. f-s =    1404   No. J-s =       2   No. LU-s =      16
  No. nonlinear iterations =      65
  No. nonlinear convergence failures =       0
  No. error test failures =       0
  Last step size used =    0.45567E+07
  Index compenent largest error = ********

 ...   81 /  81

 No. steps =      59   No. f-s =    1404   No. J-s =       2   No. LU-s =      16
  No. nonlinear iterations =      65
  No. nonlinear convergence failures =       0
  No. error test failures =       0
  Last step size used =    0.45706E+07
  Index compenent largest error = ********


    ... DONE!
 +++++++++++++++++++++++++++++++++++++++++++++++++++


+------------------ Job Report: 10176482 (COMPLETED) ------------------+
| Memory (RAM)  No data available                                      |
| CPU           [############        ] 61.5% average                   |
| Time          [>                   ]  1.1% (0-00:00:39 / 0-01:00:00) |
|                                                                      |
| Lustre Filesystem:                                                   |
|   No data available                                                  |
+----------------------------------------------------------------------+
