Starting job 10175700, array task 373 on dave93
Chemistry type: Crich
Analysis mode: false
Found 462 valid particle IDs in /fred/oz304/beckers/Chemistry/traces/wind_v10/trace_output_with_av
Returning 460 particle IDs (after start_index=2 offset)
SLURM task 373: processing particle 3389113
Running Crich evolving_model on 1 phantom particle trace(s) from wind_v10

 +++++++++++++++++++++++++++++++++++++++++++++++++++
 +++++        ENVELOPE CHEMICAL MODEL         ++++++
 +++++++++++++++++++++++++++++++++++++++++++++++++++

 Version 1.0 authored by Catherine Walsh and Maria 
    Drozdovskaya, Leiden Observatory (01/08/2013)

 Version 1.1 amended by Catherine Walsh (18/05/2014)

 Version 1.2 amended by Catherine Walsh (13/08/2015)

 +++++++++++++++++++++++++++++++++++++++++++++++++++

          Input file =  Crich/param/trace_file_param/file_parameters_3389113.txt              

 Physical conditions  = Crich/input/3389113.txt                                               
 Chemical network     = ./rate12_complex.rates                                                
 Species file         = ./rate12_complex_atomic_Crich.specs                                   
 Binding energies     = ./rate12_binding.dat                                                  
 Reaction parameters  = param/reaction_parameters.txt                                         
 Grain parameters     = param/grain_parameters.txt                                            
 Radiation parameters = param/radiation_parameters.txt                                        

 Output file          = Crich/output/model_output_3389113.dat                                 
 Rates file           = Crich/output/model_rates_3389113.dat                                  

 Opening and reading physical conditions file ...

 +++++++++++++++++++++++++++++++++++++++++++++++++++
 Beginning to run model ...
 +++++++++++++++++++++++++++++++++++++++++++++++++++

 Preparing output files ...

 Progress = ...
 ...    1 / 289

 No. steps =     901   No. f-s =   15316   No. J-s =      21   No. LU-s =     146
  No. nonlinear iterations =    1287
  No. nonlinear convergence failures =       0
  No. error test failures =      33
  Last step size used =    0.13842E+10
  Index compenent largest error = ********

 ...    2 / 289

 No. steps =     226   No. f-s =    3598   No. J-s =       5   No. LU-s =      36
  No. nonlinear iterations =     255
  No. nonlinear convergence failures =       0
  No. error test failures =       2
  Last step size used =    0.24959E+07
  Index compenent largest error = ********

 ...    3 / 289

 No. steps =     193   No. f-s =    2894   No. J-s =       4   No. LU-s =      34
  No. nonlinear iterations =     219
  No. nonlinear convergence failures =       0
  No. error test failures =       1
  Last step size used =    0.37937E+07
  Index compenent largest error = ********

 ...    4 / 289

 No. steps =     185   No. f-s =    2882   No. J-s =       4   No. LU-s =      32
  No. nonlinear iterations =     207
  No. nonlinear convergence failures =       0
  No. error test failures =       1
  Last step size used =    0.30021E+07
  Index compenent largest error = ********

 ...    5 / 289

 No. steps =     175   No. f-s =    2866   No. J-s =       4   No. LU-s =      30
  No. nonlinear iterations =     191
  No. nonlinear convergence failures =       0
  No. error test failures =       0
  Last step size used =    0.36842E+07
  Index compenent largest error = ********

 ...    6 / 289

 No. steps =     165   No. f-s =    2193   No. J-s =       3   No. LU-s =      29
  No. nonlinear iterations =     186
  No. nonlinear convergence failures =       0
  No. error test failures =       0
  Last step size used =    0.26063E+07
  Index compenent largest error = ********

 ...    7 / 289

 No. steps =     162   No. f-s =    2187   No. J-s =       3   No. LU-s =      29
  No. nonlinear iterations =     180
  No. nonlinear convergence failures =       0
  No. error test failures =       0
  Last step size used =    0.34607E+07
  Index compenent largest error = ********

 ...    8 / 289

 No. steps =     151   No. f-s =    2176   No. J-s =       3   No. LU-s =      28
  No. nonlinear iterations =     169
  No. nonlinear convergence failures =       0
  No. error test failures =       0
  Last step size used =    0.42843E+07
  Index compenent largest error = ********

 ...    9 / 289

 No. steps =     140   No. f-s =    2163   No. J-s =       3   No. LU-s =      27
  No. nonlinear iterations =     156
  No. nonlinear convergence failures =       0
  No. error test failures =       0
  Last step size used =    0.29415E+07
  Index compenent largest error = ********

 ...   10 / 289

 No. steps =     139   No. f-s =    2162   No. J-s =       3   No. LU-s =      27
  No. nonlinear iterations =     155
  No. nonlinear convergence failures =       0
  No. error test failures =       0
  Last step size used =    0.33341E+07
  Index compenent largest error = ********

 ...   11 / 289

 No. steps =     133   No. f-s =    2161   No. J-s =       3   No. LU-s =      27
  No. nonlinear iterations =     154
  No. nonlinear convergence failures =       0
  No. error test failures =       0
  Last step size used =    0.32726E+07
  Index compenent largest error = ********

 ...   12 / 289

 No. steps =     242   No. f-s =    3616   No. J-s =       5   No. LU-s =      31
  No. nonlinear iterations =     273
  No. nonlinear convergence failures =       0
  No. error test failures =       1
  Last step size used =    0.17038E+07
  Index compenent largest error = ********

 ...   13 / 289

 No. steps =     205   No. f-s =    2909   No. J-s =       4   No. LU-s =      28
  No. nonlinear iterations =     234
  No. nonlinear convergence failures =       0
  No. error test failures =       0
  Last step size used =    0.28420E+07
  Index compenent largest error = ********

 ...   14 / 289

 No. steps =     121   No. f-s =    2146   No. J-s =       3   No. LU-s =      26
  No. nonlinear iterations =     139
  No. nonlinear convergence failures =       0
  No. error test failures =       0
  Last step size used =    0.34372E+07
  Index compenent largest error = ********

 ...   15 / 289

 No. steps =     150   No. f-s =    2170   No. J-s =       3   No. LU-s =      28
  No. nonlinear iterations =     163
  No. nonlinear convergence failures =       0
  No. error test failures =       0
  Last step size used =    0.53969E+07
  Index compenent largest error = ********

 ...   16 / 289

 No. steps =     157   No. f-s =    2183   No. J-s =       3   No. LU-s =      28
  No. nonlinear iterations =     176
  No. nonlinear convergence failures =       0
  No. error test failures =       0
  Last step size used =    0.33242E+07
  Index compenent largest error = ********

 ...   17 / 289

 No. steps =     156   No. f-s =    2184   No. J-s =       3   No. LU-s =      27
  No. nonlinear iterations =     177
  No. nonlinear convergence failures =       0
  No. error test failures =       0
  Last step size used =    0.30626E+07
  Index compenent largest error = ********

 ...   18 / 289

 No. steps =     154   No. f-s =    2183   No. J-s =       3   No. LU-s =      26
  No. nonlinear iterations =     176
  No. nonlinear convergence failures =       0
  No. error test failures =       0
  Last step size used =    0.35047E+07
  Index compenent largest error = ********

 ...   19 / 289

 No. steps =     150   No. f-s =    2173   No. J-s =       3   No. LU-s =      26
  No. nonlinear iterations =     166
  No. nonlinear convergence failures =       0
  No. error test failures =       0
  Last step size used =    0.26461E+07
  Index compenent largest error = ********

 ...   20 / 289

 No. steps =     138   No. f-s =    2160   No. J-s =       3   No. LU-s =      26
  No. nonlinear iterations =     153
  No. nonlinear convergence failures =       0
  No. error test failures =       0
  Last step size used =    0.38485E+07
  Index compenent largest error = ********

 ...   21 / 289

 No. steps =     130   No. f-s =    2154   No. J-s =       3   No. LU-s =      24
  No. nonlinear iterations =     147
  No. nonlinear convergence failures =       0
  No. error test failures =       0
  Last step size used =    0.34249E+07
  Index compenent largest error = ********

 ...   22 / 289

 No. steps =     133   No. f-s =    2157   No. J-s =       3   No. LU-s =      25
  No. nonlinear iterations =     150
  No. nonlinear convergence failures =       0
  No. error test failures =       0
  Last step size used =    0.37987E+07
  Index compenent largest error = ********

 ...   23 / 289

 No. steps =     125   No. f-s =    2147   No. J-s =       3   No. LU-s =      24
  No. nonlinear iterations =     140
  No. nonlinear convergence failures =       0
  No. error test failures =       0
  Last step size used =    0.47604E+07
  Index compenent largest error = ********

 ...   24 / 289

 No. steps =     122   No. f-s =    2143   No. J-s =       3   No. LU-s =      24
  No. nonlinear iterations =     136
  No. nonlinear convergence failures =       0
  No. error test failures =       0
  Last step size used =    0.33860E+07
  Index compenent largest error = ********

 ...   25 / 289

 No. steps =     122   No. f-s =    2145   No. J-s =       3   No. LU-s =      24
  No. nonlinear iterations =     138
  No. nonlinear convergence failures =       0
  No. error test failures =       0
  Last step size used =    0.44340E+07
  Index compenent largest error = ********

 ...   26 / 289

 No. steps =     118   No. f-s =    2139   No. J-s =       3   No. LU-s =      24
  No. nonlinear iterations =     132
  No. nonlinear convergence failures =       0
  No. error test failures =       0
  Last step size used =    0.42587E+07
  Index compenent largest error = ********

 ...   27 / 289

 No. steps =     121   No. f-s =    2147   No. J-s =       3   No. LU-s =      24
  No. nonlinear iterations =     140
  No. nonlinear convergence failures =       0
  No. error test failures =       1
  Last step size used =    0.37512E+07
  Index compenent largest error = ********

 ...   28 / 289

 No. steps =     155   No. f-s =    2182   No. J-s =       3   No. LU-s =      25
  No. nonlinear iterations =     175
  No. nonlinear convergence failures =       0
  No. error test failures =       1
  Last step size used =    0.32365E+07
  Index compenent largest error = ********

 ...   29 / 289

 No. steps =     142   No. f-s =    2167   No. J-s =       3   No. LU-s =      25
  No. nonlinear iterations =     160
  No. nonlinear convergence failures =       0
  No. error test failures =       0
  Last step size used =    0.30149E+07
  Index compenent largest error = ********

 ...   30 / 289

 No. steps =     100   No. f-s =    1454   No. J-s =       2   No. LU-s =      23
  No. nonlinear iterations =     115
  No. nonlinear convergence failures =       0
  No. error test failures =       0
  Last step size used =    0.48448E+07
  Index compenent largest error = ********

 ...   31 / 289

 No. steps =     120   No. f-s =    2140   No. J-s =       3   No. LU-s =      24
  No. nonlinear iterations =     133
  No. nonlinear convergence failures =       0
  No. error test failures =       0
  Last step size used =    0.28584E+07
  Index compenent largest error = ********

 ...   32 / 289

 No. steps =     126   No. f-s =    2147   No. J-s =       3   No. LU-s =      23
  No. nonlinear iterations =     140
  No. nonlinear convergence failures =       0
  No. error test failures =       0
  Last step size used =    0.32239E+07
  Index compenent largest error = ********

 ...   33 / 289

 No. steps =     124   No. f-s =    2144   No. J-s =       3   No. LU-s =      24
  No. nonlinear iterations =     137
  No. nonlinear convergence failures =       0
  No. error test failures =       0
  Last step size used =    0.47258E+07
  Index compenent largest error = ********

 ...   34 / 289

 No. steps =     124   No. f-s =    2143   No. J-s =       3   No. LU-s =      23
  No. nonlinear iterations =     136
  No. nonlinear convergence failures =       0
  No. error test failures =       0
  Last step size used =    0.42800E+07
  Index compenent largest error = ********

 ...   35 / 289

 No. steps =     119   No. f-s =    2142   No. J-s =       3   No. LU-s =      24
  No. nonlinear iterations =     135
  No. nonlinear convergence failures =       0
  No. error test failures =       0
  Last step size used =    0.42785E+07
  Index compenent largest error = ********

 ...   36 / 289

 No. steps =     116   No. f-s =    2137   No. J-s =       3   No. LU-s =      23
  No. nonlinear iterations =     130
  No. nonlinear convergence failures =       0
  No. error test failures =       0
  Last step size used =    0.38469E+07
  Index compenent largest error = ********

 ...   37 / 289

 No. steps =     112   No. f-s =    1462   No. J-s =       2   No. LU-s =      22
  No. nonlinear iterations =     123
  No. nonlinear convergence failures =       0
  No. error test failures =       0
  Last step size used =    0.33709E+07
  Index compenent largest error = ********

 ...   38 / 289

 No. steps =     109   No. f-s =    2126   No. J-s =       3   No. LU-s =      22
  No. nonlinear iterations =     119
  No. nonlinear convergence failures =       0
  No. error test failures =       0
  Last step size used =    0.46481E+07
  Index compenent largest error = ********

 ...   39 / 289

 No. steps =     105   No. f-s =    2127   No. J-s =       3   No. LU-s =      24
  No. nonlinear iterations =     120
  No. nonlinear convergence failures =       0
  No. error test failures =       0
  Last step size used =    0.74526E+07
  Index compenent largest error = ********

 ...   40 / 289

 No. steps =     107   No. f-s =    1458   No. J-s =       2   No. LU-s =      21
  No. nonlinear iterations =     119
  No. nonlinear convergence failures =       0
  No. error test failures =       0
  Last step size used =    0.34117E+07
  Index compenent largest error = ********

 ...   41 / 289

 No. steps =     105   No. f-s =    1458   No. J-s =       2   No. LU-s =      21
  No. nonlinear iterations =     119
  No. nonlinear convergence failures =       0
  No. error test failures =       0
  Last step size used =    0.41225E+07
  Index compenent largest error = ********

 ...   42 / 289

 No. steps =     102   No. f-s =    1454   No. J-s =       2   No. LU-s =      22
  No. nonlinear iterations =     115
  No. nonlinear convergence failures =       0
  No. error test failures =       0
  Last step size used =    0.33180E+07
  Index compenent largest error = ********

 ...   43 / 289

 No. steps =      95   No. f-s =    1449   No. J-s =       2   No. LU-s =      21
  No. nonlinear iterations =     110
  No. nonlinear convergence failures =       0
  No. error test failures =       0
  Last step size used =    0.47766E+07
  Index compenent largest error = ********

 ...   44 / 289

 No. steps =      95   No. f-s =    1449   No. J-s =       2   No. LU-s =      22
  No. nonlinear iterations =     110
  No. nonlinear convergence failures =       0
  No. error test failures =       0
  Last step size used =    0.48318E+07
  Index compenent largest error = ********

 ...   45 / 289

 No. steps =     109   No. f-s =    2134   No. J-s =       3   No. LU-s =      22
  No. nonlinear iterations =     127
  No. nonlinear convergence failures =       0
  No. error test failures =       0
  Last step size used =    0.33395E+07
  Index compenent largest error = ********

 ...   46 / 289

 No. steps =     110   No. f-s =    2132   No. J-s =       3   No. LU-s =      21
  No. nonlinear iterations =     125
  No. nonlinear convergence failures =       0
  No. error test failures =       0
  Last step size used =    0.44270E+07
  Index compenent largest error = ********

 ...   47 / 289

 No. steps =      99   No. f-s =    1453   No. J-s =       2   No. LU-s =      22
  No. nonlinear iterations =     114
  No. nonlinear convergence failures =       0
  No. error test failures =       0
  Last step size used =    0.45452E+07
  Index compenent largest error = ********

 ...   48 / 289

 No. steps =      83   No. f-s =    1437   No. J-s =       2   No. LU-s =      22
  No. nonlinear iterations =      98
  No. nonlinear convergence failures =       0
  No. error test failures =       0
  Last step size used =    0.81724E+07
  Index compenent largest error = ********

 ...   49 / 289

 No. steps =      72   No. f-s =    1419   No. J-s =       2   No. LU-s =      19
  No. nonlinear iterations =      80
  No. nonlinear convergence failures =       0
  No. error test failures =       0
  Last step size used =    0.62698E+07
  Index compenent largest error = ********

 ...   50 / 289

 No. steps =      92   No. f-s =    1442   No. J-s =       2   No. LU-s =      21
  No. nonlinear iterations =     103
  No. nonlinear convergence failures =       0
  No. error test failures =       0
  Last step size used =    0.50452E+07
  Index compenent largest error = ********

 ...   51 / 289

 No. steps =     100   No. f-s =    1456   No. J-s =       2   No. LU-s =      22
  No. nonlinear iterations =     117
  No. nonlinear convergence failures =       0
  No. error test failures =       0
  Last step size used =    0.38737E+07
  Index compenent largest error = ********

 ...   52 / 289

 No. steps =     103   No. f-s =    1456   No. J-s =       2   No. LU-s =      22
  No. nonlinear iterations =     117
  No. nonlinear convergence failures =       0
  No. error test failures =       0
  Last step size used =    0.37181E+07
  Index compenent largest error = ********

 ...   53 / 289

 No. steps =     104   No. f-s =    1456   No. J-s =       2   No. LU-s =      22
  No. nonlinear iterations =     117
  No. nonlinear convergence failures =       0
  No. error test failures =       0
  Last step size used =    0.34494E+07
  Index compenent largest error = ********

 ...   54 / 289

 No. steps =     104   No. f-s =    1456   No. J-s =       2   No. LU-s =      22
  No. nonlinear iterations =     117
  No. nonlinear convergence failures =       0
  No. error test failures =       0
  Last step size used =    0.44975E+07
  Index compenent largest error = ********

 ...   55 / 289

 No. steps =     101   No. f-s =    1452   No. J-s =       2   No. LU-s =      22
  No. nonlinear iterations =     113
  No. nonlinear convergence failures =       0
  No. error test failures =       0
  Last step size used =    0.42857E+07
  Index compenent largest error = ********

 ...   56 / 289

 No. steps =     101   No. f-s =    1453   No. J-s =       2   No. LU-s =      20
  No. nonlinear iterations =     114
  No. nonlinear convergence failures =       0
  No. error test failures =       0
  Last step size used =    0.34394E+07
  Index compenent largest error = ********

 ...   57 / 289

 No. steps =      98   No. f-s =    1450   No. J-s =       2   No. LU-s =      20
  No. nonlinear iterations =     111
  No. nonlinear convergence failures =       0
  No. error test failures =       0
  Last step size used =    0.37838E+07
  Index compenent largest error = ********

 ...   58 / 289

 No. steps =      97   No. f-s =    1449   No. J-s =       2   No. LU-s =      20
  No. nonlinear iterations =     110
  No. nonlinear convergence failures =       0
  No. error test failures =       0
  Last step size used =    0.42311E+07
  Index compenent largest error = ********

 ...   59 / 289

 No. steps =      95   No. f-s =    1446   No. J-s =       2   No. LU-s =      20
  No. nonlinear iterations =     107
  No. nonlinear convergence failures =       0
  No. error test failures =       0
  Last step size used =    0.38837E+07
  Index compenent largest error = ********

 ...   60 / 289

 No. steps =      91   No. f-s =    1443   No. J-s =       2   No. LU-s =      20
  No. nonlinear iterations =     104
  No. nonlinear convergence failures =       0
  No. error test failures =       0
  Last step size used =    0.39476E+07
  Index compenent largest error = ********

 ...   61 / 289

 No. steps =      84   No. f-s =    1435   No. J-s =       2   No. LU-s =      20
  No. nonlinear iterations =      96
  No. nonlinear convergence failures =       0
  No. error test failures =       0
  Last step size used =    0.32065E+07
  Index compenent largest error = ********

 ...   62 / 289

 No. steps =      78   No. f-s =    1426   No. J-s =       2   No. LU-s =      21
  No. nonlinear iterations =      87
  No. nonlinear convergence failures =       0
  No. error test failures =       0
  Last step size used =    0.81700E+07
  Index compenent largest error = ********

 ...   63 / 289

 No. steps =      76   No. f-s =    1423   No. J-s =       2   No. LU-s =      18
  No. nonlinear iterations =      84
  No. nonlinear convergence failures =       0
  No. error test failures =       0
  Last step size used =    0.47137E+07
  Index compenent largest error = ********

 ...   64 / 289

 No. steps =      77   No. f-s =    1424   No. J-s =       2   No. LU-s =      18
  No. nonlinear iterations =      85
  No. nonlinear convergence failures =       0
  No. error test failures =       0
  Last step size used =    0.53335E+07
  Index compenent largest error = ********

 ...   65 / 289

 No. steps =      78   No. f-s =    1427   No. J-s =       2   No. LU-s =      18
  No. nonlinear iterations =      88
  No. nonlinear convergence failures =       0
  No. error test failures =       0
  Last step size used =    0.60458E+07
  Index compenent largest error = ********

 ...   66 / 289

 No. steps =      76   No. f-s =    1423   No. J-s =       2   No. LU-s =      18
  No. nonlinear iterations =      84
  No. nonlinear convergence failures =       0
  No. error test failures =       0
  Last step size used =    0.43409E+07
  Index compenent largest error = ********

 ...   67 / 289

 No. steps =      56   No. f-s =    1403   No. J-s =       2   No. LU-s =      19
  No. nonlinear iterations =      64
  No. nonlinear convergence failures =       0
  No. error test failures =       0
  Last step size used =    0.72017E+07
  Index compenent largest error = ********

 ...   68 / 289

 No. steps =      64   No. f-s =    1411   No. J-s =       2   No. LU-s =      18
  No. nonlinear iterations =      72
  No. nonlinear convergence failures =       0
  No. error test failures =       0
  Last step size used =    0.68836E+07
  Index compenent largest error = ********

 ...   69 / 289

 No. steps =      74   No. f-s =    1423   No. J-s =       2   No. LU-s =      20
  No. nonlinear iterations =      84
  No. nonlinear convergence failures =       0
  No. error test failures =       0
  Last step size used =    0.59532E+07
  Index compenent largest error = ********

 ...   70 / 289

 No. steps =      78   No. f-s =    1429   No. J-s =       2   No. LU-s =      19
  No. nonlinear iterations =      90
  No. nonlinear convergence failures =       0
  No. error test failures =       0
  Last step size used =    0.43237E+07
  Index compenent largest error = ********

 ...   71 / 289

 No. steps =      83   No. f-s =    1433   No. J-s =       2   No. LU-s =      20
  No. nonlinear iterations =      94
  No. nonlinear convergence failures =       0
  No. error test failures =       0
  Last step size used =    0.47743E+07
  Index compenent largest error = ********

 ...   72 / 289

 No. steps =      86   No. f-s =    1434   No. J-s =       2   No. LU-s =      20
  No. nonlinear iterations =      95
  No. nonlinear convergence failures =       0
  No. error test failures =       0
  Last step size used =    0.40920E+07
  Index compenent largest error = ********

 ...   73 / 289

 No. steps =      85   No. f-s =    1436   No. J-s =       2   No. LU-s =      20
  No. nonlinear iterations =      97
  No. nonlinear convergence failures =       0
  No. error test failures =       0
  Last step size used =    0.57298E+07
  Index compenent largest error = ********

 ...   74 / 289

 No. steps =      87   No. f-s =    1438   No. J-s =       2   No. LU-s =      20
  No. nonlinear iterations =      99
  No. nonlinear convergence failures =       0
  No. error test failures =       0
  Last step size used =    0.56865E+07
  Index compenent largest error = ********

 ...   75 / 289

 No. steps =      88   No. f-s =    1440   No. J-s =       2   No. LU-s =      20
  No. nonlinear iterations =     101
  No. nonlinear convergence failures =       0
  No. error test failures =       0
  Last step size used =    0.38157E+07
  Index compenent largest error = ********

 ...   76 / 289

 No. steps =      87   No. f-s =    1439   No. J-s =       2   No. LU-s =      21
  No. nonlinear iterations =     100
  No. nonlinear convergence failures =       0
  No. error test failures =       0
  Last step size used =    0.59015E+07
  Index compenent largest error = ********

 ...   77 / 289

 No. steps =      87   No. f-s =    1439   No. J-s =       2   No. LU-s =      19
  No. nonlinear iterations =     100
  No. nonlinear convergence failures =       0
  No. error test failures =       0
  Last step size used =    0.46935E+07
  Index compenent largest error = ********

 ...   78 / 289

 No. steps =      86   No. f-s =    1439   No. J-s =       2   No. LU-s =      19
  No. nonlinear iterations =     100
  No. nonlinear convergence failures =       0
  No. error test failures =       0
  Last step size used =    0.38550E+07
  Index compenent largest error = ********

 ...   79 / 289

 No. steps =      85   No. f-s =    1438   No. J-s =       2   No. LU-s =      19
  No. nonlinear iterations =      99
  No. nonlinear convergence failures =       0
  No. error test failures =       0
  Last step size used =    0.44599E+07
  Index compenent largest error = ********

 ...   80 / 289

 No. steps =      84   No. f-s =    1437   No. J-s =       2   No. LU-s =      19
  No. nonlinear iterations =      98
  No. nonlinear convergence failures =       0
  No. error test failures =       0
  Last step size used =    0.49121E+07
  Index compenent largest error = ********

 ...   81 / 289

 No. steps =      83   No. f-s =    1436   No. J-s =       2   No. LU-s =      19
  No. nonlinear iterations =      97
  No. nonlinear convergence failures =       0
  No. error test failures =       0
  Last step size used =    0.44501E+07
  Index compenent largest error = ********

 ...   82 / 289

 No. steps =      76   No. f-s =    1429   No. J-s =       2   No. LU-s =      18
  No. nonlinear iterations =      90
  No. nonlinear convergence failures =       0
  No. error test failures =       0
  Last step size used =    0.56575E+07
  Index compenent largest error = ********

 ...   83 / 289

 No. steps =      75   No. f-s =    1427   No. J-s =       2   No. LU-s =      18
  No. nonlinear iterations =      88
  No. nonlinear convergence failures =       0
  No. error test failures =       0
  Last step size used =    0.62370E+07
  Index compenent largest error = ********

 ...   84 / 289

 No. steps =      73   No. f-s =    1420   No. J-s =       2   No. LU-s =      18
  No. nonlinear iterations =      81
  No. nonlinear convergence failures =       0
  No. error test failures =       0
  Last step size used =    0.42116E+07
  Index compenent largest error = ********

 ...   85 / 289

 No. steps =      69   No. f-s =    1416   No. J-s =       2   No. LU-s =      18
  No. nonlinear iterations =      77
  No. nonlinear convergence failures =       0
  No. error test failures =       0
  Last step size used =    0.44129E+07
  Index compenent largest error = ********

 ...   86 / 289

 No. steps =      66   No. f-s =    1419   No. J-s =       2   No. LU-s =      20
  No. nonlinear iterations =      80
  No. nonlinear convergence failures =       0
  No. error test failures =       1
  Last step size used =    0.65695E+07
  Index compenent largest error = ********

 ...   87 / 289

 No. steps =      63   No. f-s =    1411   No. J-s =       2   No. LU-s =      16
  No. nonlinear iterations =      72
  No. nonlinear convergence failures =       0
  No. error test failures =       0
  Last step size used =    0.59459E+07
  Index compenent largest error = ********

 ...   88 / 289

 No. steps =      61   No. f-s =    1410   No. J-s =       2   No. LU-s =      18
  No. nonlinear iterations =      71
  No. nonlinear convergence failures =       0
  No. error test failures =       0
  Last step size used =    0.81294E+07
  Index compenent largest error = ********

 ...   89 / 289

 No. steps =      60   No. f-s =    1406   No. J-s =       2   No. LU-s =      17
  No. nonlinear iterations =      67
  No. nonlinear convergence failures =       0
  No. error test failures =       0
  Last step size used =    0.73486E+07
  Index compenent largest error = ********

 ...   90 / 289

 No. steps =      62   No. f-s =    1410   No. J-s =       2   No. LU-s =      17
  No. nonlinear iterations =      71
  No. nonlinear convergence failures =       0
  No. error test failures =       0
  Last step size used =    0.50069E+07
  Index compenent largest error = ********

 ...   91 / 289

 No. steps =      64   No. f-s =    1410   No. J-s =       2   No. LU-s =      17
  No. nonlinear iterations =      71
  No. nonlinear convergence failures =       0
  No. error test failures =       0
  Last step size used =    0.10187E+08
  Index compenent largest error = ********

 ...   92 / 289

 No. steps =      72   No. f-s =    1422   No. J-s =       2   No. LU-s =      18
  No. nonlinear iterations =      83
  No. nonlinear convergence failures =       0
  No. error test failures =       0
  Last step size used =    0.47538E+07
  Index compenent largest error = ********

 ...   93 / 289

 No. steps =      67   No. f-s =    1419   No. J-s =       2   No. LU-s =      20
  No. nonlinear iterations =      80
  No. nonlinear convergence failures =       0
  No. error test failures =       1
  Last step size used =    0.62277E+07
  Index compenent largest error = ********

 ...   94 / 289

 No. steps =      72   No. f-s =    1424   No. J-s =       2   No. LU-s =      19
  No. nonlinear iterations =      85
  No. nonlinear convergence failures =       0
  No. error test failures =       0
  Last step size used =    0.88077E+07
  Index compenent largest error = ********

 ...   95 / 289

 No. steps =      72   No. f-s =    1420   No. J-s =       2   No. LU-s =      18
  No. nonlinear iterations =      81
  No. nonlinear convergence failures =       0
  No. error test failures =       0
  Last step size used =    0.68424E+07
  Index compenent largest error = ********

 ...   96 / 289

 No. steps =      71   No. f-s =    1419   No. J-s =       2   No. LU-s =      18
  No. nonlinear iterations =      80
  No. nonlinear convergence failures =       0
  No. error test failures =       0
  Last step size used =    0.49100E+07
  Index compenent largest error = ********

 ...   97 / 289

 No. steps =      72   No. f-s =    1421   No. J-s =       2   No. LU-s =      18
  No. nonlinear iterations =      82
  No. nonlinear convergence failures =       0
  No. error test failures =       0
  Last step size used =    0.58141E+07
  Index compenent largest error = ********

 ...   98 / 289

 No. steps =      72   No. f-s =    1421   No. J-s =       2   No. LU-s =      18
  No. nonlinear iterations =      82
  No. nonlinear convergence failures =       0
  No. error test failures =       0
  Last step size used =    0.58476E+07
  Index compenent largest error = ********

 ...   99 / 289

 No. steps =      74   No. f-s =    1422   No. J-s =       2   No. LU-s =      18
  No. nonlinear iterations =      83
  No. nonlinear convergence failures =       0
  No. error test failures =       0
  Last step size used =    0.48922E+07
  Index compenent largest error = ********

 ...  100 / 289

 No. steps =      75   No. f-s =    1423   No. J-s =       2   No. LU-s =      18
  No. nonlinear iterations =      84
  No. nonlinear convergence failures =       0
  No. error test failures =       0
  Last step size used =    0.46885E+07
  Index compenent largest error = ********

 ...  101 / 289

 No. steps =      75   No. f-s =    1424   No. J-s =       2   No. LU-s =      18
  No. nonlinear iterations =      85
  No. nonlinear convergence failures =       0
  No. error test failures =       0
  Last step size used =    0.44183E+07
  Index compenent largest error = ********

 ...  102 / 289

 No. steps =      74   No. f-s =    1423   No. J-s =       2   No. LU-s =      18
  No. nonlinear iterations =      84
  No. nonlinear convergence failures =       0
  No. error test failures =       0
  Last step size used =    0.49368E+07
  Index compenent largest error = ********

 ...  103 / 289

 No. steps =      73   No. f-s =    1423   No. J-s =       2   No. LU-s =      19
  No. nonlinear iterations =      84
  No. nonlinear convergence failures =       0
  No. error test failures =       0
  Last step size used =    0.65495E+07
  Index compenent largest error = ********

 ...  104 / 289

 No. steps =      73   No. f-s =    1424   No. J-s =       2   No. LU-s =      18
  No. nonlinear iterations =      85
  No. nonlinear convergence failures =       0
  No. error test failures =       0
  Last step size used =    0.62953E+07
  Index compenent largest error = ********

 ...  105 / 289

 No. steps =      72   No. f-s =    1420   No. J-s =       2   No. LU-s =      17
  No. nonlinear iterations =      81
  No. nonlinear convergence failures =       0
  No. error test failures =       0
  Last step size used =    0.41187E+07
  Index compenent largest error = ********

 ...  106 / 289

 No. steps =      71   No. f-s =    1424   No. J-s =       2   No. LU-s =      19
  No. nonlinear iterations =      85
  No. nonlinear convergence failures =       0
  No. error test failures =       0
  Last step size used =    0.74541E+07
  Index compenent largest error = ********

 ...  107 / 289

 No. steps =      71   No. f-s =    1419   No. J-s =       2   No. LU-s =      18
  No. nonlinear iterations =      80
  No. nonlinear convergence failures =       0
  No. error test failures =       0
  Last step size used =    0.64466E+07
  Index compenent largest error = ********

 ...  108 / 289

 No. steps =      70   No. f-s =    1417   No. J-s =       2   No. LU-s =      18
  No. nonlinear iterations =      78
  No. nonlinear convergence failures =       0
  No. error test failures =       0
  Last step size used =    0.63285E+07
  Index compenent largest error = ********

 ...  109 / 289

 No. steps =      69   No. f-s =    1416   No. J-s =       2   No. LU-s =      17
  No. nonlinear iterations =      77
  No. nonlinear convergence failures =       0
  No. error test failures =       0
  Last step size used =    0.42841E+07
  Index compenent largest error = ********

 ...  110 / 289

 No. steps =      66   No. f-s =    1415   No. J-s =       2   No. LU-s =      18
  No. nonlinear iterations =      76
  No. nonlinear convergence failures =       0
  No. error test failures =       0
  Last step size used =    0.66740E+07
  Index compenent largest error = ********

 ...  111 / 289

 No. steps =      65   No. f-s =    1414   No. J-s =       2   No. LU-s =      17
  No. nonlinear iterations =      75
  No. nonlinear convergence failures =       0
  No. error test failures =       0
  Last step size used =    0.43440E+07
  Index compenent largest error = ********

 ...  112 / 289

 No. steps =      64   No. f-s =    1413   No. J-s =       2   No. LU-s =      17
  No. nonlinear iterations =      74
  No. nonlinear convergence failures =       0
  No. error test failures =       0
  Last step size used =    0.47554E+07
  Index compenent largest error = ********

 ...  113 / 289

 No. steps =      63   No. f-s =    1413   No. J-s =       2   No. LU-s =      17
  No. nonlinear iterations =      74
  No. nonlinear convergence failures =       0
  No. error test failures =       0
  Last step size used =    0.49195E+07
  Index compenent largest error = ********

 ...  114 / 289

 No. steps =      63   No. f-s =    1413   No. J-s =       2   No. LU-s =      17
  No. nonlinear iterations =      74
  No. nonlinear convergence failures =       0
  No. error test failures =       0
  Last step size used =    0.49758E+07
  Index compenent largest error = ********

 ...  115 / 289

 No. steps =      61   No. f-s =    1408   No. J-s =       2   No. LU-s =      17
  No. nonlinear iterations =      69
  No. nonlinear convergence failures =       0
  No. error test failures =       0
  Last step size used =    0.57886E+07
  Index compenent largest error = ********

 ...  116 / 289

 No. steps =      63   No. f-s =    1411   No. J-s =       2   No. LU-s =      17
  No. nonlinear iterations =      72
  No. nonlinear convergence failures =       0
  No. error test failures =       0
  Last step size used =    0.50391E+07
  Index compenent largest error = ********

 ...  117 / 289

 No. steps =      63   No. f-s =    1413   No. J-s =       2   No. LU-s =      17
  No. nonlinear iterations =      74
  No. nonlinear convergence failures =       0
  No. error test failures =       0
  Last step size used =    0.55794E+07
  Index compenent largest error = ********

 ...  118 / 289

 No. steps =      61   No. f-s =    1409   No. J-s =       2   No. LU-s =      17
  No. nonlinear iterations =      70
  No. nonlinear convergence failures =       0
  No. error test failures =       0
  Last step size used =    0.59187E+07
  Index compenent largest error = ********

 ...  119 / 289

 No. steps =      59   No. f-s =    1409   No. J-s =       2   No. LU-s =      17
  No. nonlinear iterations =      70
  No. nonlinear convergence failures =       0
  No. error test failures =       0
  Last step size used =    0.50806E+07
  Index compenent largest error = ********

 ...  120 / 289

 No. steps =      65   No. f-s =    1412   No. J-s =       2   No. LU-s =      17
  No. nonlinear iterations =      73
  No. nonlinear convergence failures =       0
  No. error test failures =       0
  Last step size used =    0.50528E+07
  Index compenent largest error = ********

 ...  121 / 289

 No. steps =      63   No. f-s =    1412   No. J-s =       2   No. LU-s =      16
  No. nonlinear iterations =      73
  No. nonlinear convergence failures =       0
  No. error test failures =       0
  Last step size used =    0.43763E+07
  Index compenent largest error = ********

 ...  122 / 289

 No. steps =      62   No. f-s =    1411   No. J-s =       2   No. LU-s =      16
  No. nonlinear iterations =      72
  No. nonlinear convergence failures =       0
  No. error test failures =       0
  Last step size used =    0.46121E+07
  Index compenent largest error = ********

 ...  123 / 289

 No. steps =      62   No. f-s =    1411   No. J-s =       2   No. LU-s =      16
  No. nonlinear iterations =      72
  No. nonlinear convergence failures =       0
  No. error test failures =       0
  Last step size used =    0.47412E+07
  Index compenent largest error = ********

 ...  124 / 289

 No. steps =      64   No. f-s =    1412   No. J-s =       2   No. LU-s =      17
  No. nonlinear iterations =      73
  No. nonlinear convergence failures =       0
  No. error test failures =       0
  Last step size used =    0.66117E+07
  Index compenent largest error = ********

 ...  125 / 289

 No. steps =      63   No. f-s =    1411   No. J-s =       2   No. LU-s =      17
  No. nonlinear iterations =      72
  No. nonlinear convergence failures =       0
  No. error test failures =       0
  Last step size used =    0.54305E+07
  Index compenent largest error = ********

 ...  126 / 289

 No. steps =      64   No. f-s =    1411   No. J-s =       2   No. LU-s =      17
  No. nonlinear iterations =      72
  No. nonlinear convergence failures =       0
  No. error test failures =       0
  Last step size used =    0.55439E+07
  Index compenent largest error = ********

 ...  127 / 289

 No. steps =      63   No. f-s =    1411   No. J-s =       2   No. LU-s =      16
  No. nonlinear iterations =      72
  No. nonlinear convergence failures =       0
  No. error test failures =       0
  Last step size used =    0.43001E+07
  Index compenent largest error = ********

 ...  128 / 289

 No. steps =      63   No. f-s =    1412   No. J-s =       2   No. LU-s =      16
  No. nonlinear iterations =      73
  No. nonlinear convergence failures =       0
  No. error test failures =       0
  Last step size used =    0.47402E+07
  Index compenent largest error = ********

 ...  129 / 289

 No. steps =      62   No. f-s =    1410   No. J-s =       2   No. LU-s =      16
  No. nonlinear iterations =      71
  No. nonlinear convergence failures =       0
  No. error test failures =       0
  Last step size used =    0.45702E+07
  Index compenent largest error = ********

 ...  130 / 289

 No. steps =      62   No. f-s =    1410   No. J-s =       2   No. LU-s =      16
  No. nonlinear iterations =      71
  No. nonlinear convergence failures =       0
  No. error test failures =       0
  Last step size used =    0.45874E+07
  Index compenent largest error = ********

 ...  131 / 289

 No. steps =      63   No. f-s =    1413   No. J-s =       2   No. LU-s =      17
  No. nonlinear iterations =      74
  No. nonlinear convergence failures =       0
  No. error test failures =       0
  Last step size used =    0.57261E+07
  Index compenent largest error = ********

 ...  132 / 289

 No. steps =      62   No. f-s =    1411   No. J-s =       2   No. LU-s =      16
  No. nonlinear iterations =      72
  No. nonlinear convergence failures =       0
  No. error test failures =       0
  Last step size used =    0.43942E+07
  Index compenent largest error = ********

 ...  133 / 289

 No. steps =      57   No. f-s =    1406   No. J-s =       2   No. LU-s =      17
  No. nonlinear iterations =      67
  No. nonlinear convergence failures =       0
  No. error test failures =       0
  Last step size used =    0.72231E+07
  Index compenent largest error = ********

 ...  134 / 289

 No. steps =      63   No. f-s =    1411   No. J-s =       2   No. LU-s =      16
  No. nonlinear iterations =      72
  No. nonlinear convergence failures =       0
  No. error test failures =       0
  Last step size used =    0.41733E+07
  Index compenent largest error = ********

 ...  135 / 289

 No. steps =      63   No. f-s =    1411   No. J-s =       2   No. LU-s =      16
  No. nonlinear iterations =      72
  No. nonlinear convergence failures =       0
  No. error test failures =       0
  Last step size used =    0.42480E+07
  Index compenent largest error = ********

 ...  136 / 289

 No. steps =      63   No. f-s =    1411   No. J-s =       2   No. LU-s =      16
  No. nonlinear iterations =      72
  No. nonlinear convergence failures =       0
  No. error test failures =       0
  Last step size used =    0.43955E+07
  Index compenent largest error = ********

 ...  137 / 289

 No. steps =      62   No. f-s =    1411   No. J-s =       2   No. LU-s =      16
  No. nonlinear iterations =      72
  No. nonlinear convergence failures =       0
  No. error test failures =       0
  Last step size used =    0.52196E+07
  Index compenent largest error = ********

 ...  138 / 289

 No. steps =      62   No. f-s =    1410   No. J-s =       2   No. LU-s =      16
  No. nonlinear iterations =      71
  No. nonlinear convergence failures =       0
  No. error test failures =       0
  Last step size used =    0.45360E+07
  Index compenent largest error = ********

 ...  139 / 289

 No. steps =      56   No. f-s =    1405   No. J-s =       2   No. LU-s =      17
  No. nonlinear iterations =      66
  No. nonlinear convergence failures =       0
  No. error test failures =       0
  Last step size used =    0.80842E+07
  Index compenent largest error = ********

 ...  140 / 289

 No. steps =      60   No. f-s =    1409   No. J-s =       2   No. LU-s =      16
  No. nonlinear iterations =      70
  No. nonlinear convergence failures =       0
  No. error test failures =       0
  Last step size used =    0.50392E+07
  Index compenent largest error = ********

 ...  141 / 289

 No. steps =      61   No. f-s =    1409   No. J-s =       2   No. LU-s =      16
  No. nonlinear iterations =      70
  No. nonlinear convergence failures =       0
  No. error test failures =       0
  Last step size used =    0.46422E+07
  Index compenent largest error = ********

 ...  142 / 289

 No. steps =      60   No. f-s =    1409   No. J-s =       2   No. LU-s =      16
  No. nonlinear iterations =      70
  No. nonlinear convergence failures =       0
  No. error test failures =       0
  Last step size used =    0.50192E+07
  Index compenent largest error = ********

 ...  143 / 289

 No. steps =      61   No. f-s =    1406   No. J-s =       2   No. LU-s =      16
  No. nonlinear iterations =      67
  No. nonlinear convergence failures =       0
  No. error test failures =       0
  Last step size used =    0.55472E+07
  Index compenent largest error = ********

 ...  144 / 289

 No. steps =      57   No. f-s =    1404   No. J-s =       2   No. LU-s =      16
  No. nonlinear iterations =      65
  No. nonlinear convergence failures =       0
  No. error test failures =       0
  Last step size used =    0.50857E+07
  Index compenent largest error = ********

 ...  145 / 289

 No. steps =      61   No. f-s =    1409   No. J-s =       2   No. LU-s =      16
  No. nonlinear iterations =      70
  No. nonlinear convergence failures =       0
  No. error test failures =       0
  Last step size used =    0.71887E+07
  Index compenent largest error = ********

 ...  146 / 289

 No. steps =      62   No. f-s =    1411   No. J-s =       2   No. LU-s =      16
  No. nonlinear iterations =      72
  No. nonlinear convergence failures =       0
  No. error test failures =       0
  Last step size used =    0.60484E+07
  Index compenent largest error = ********

 ...  147 / 289

 No. steps =      61   No. f-s =    1408   No. J-s =       2   No. LU-s =      16
  No. nonlinear iterations =      69
  No. nonlinear convergence failures =       0
  No. error test failures =       0
  Last step size used =    0.48238E+07
  Index compenent largest error = ********

 ...  148 / 289

 No. steps =      60   No. f-s =    1405   No. J-s =       2   No. LU-s =      16
  No. nonlinear iterations =      66
  No. nonlinear convergence failures =       0
  No. error test failures =       0
  Last step size used =    0.60032E+07
  Index compenent largest error = ********

 ...  149 / 289

 No. steps =      59   No. f-s =    1405   No. J-s =       2   No. LU-s =      17
  No. nonlinear iterations =      66
  No. nonlinear convergence failures =       0
  No. error test failures =       0
  Last step size used =    0.90898E+07
  Index compenent largest error = ********

 ...  150 / 289

 No. steps =      59   No. f-s =    1404   No. J-s =       2   No. LU-s =      16
  No. nonlinear iterations =      65
  No. nonlinear convergence failures =       0
  No. error test failures =       0
  Last step size used =    0.60975E+07
  Index compenent largest error = ********

 ...  151 / 289

 No. steps =      59   No. f-s =    1405   No. J-s =       2   No. LU-s =      17
  No. nonlinear iterations =      66
  No. nonlinear convergence failures =       0
  No. error test failures =       0
  Last step size used =    0.91051E+07
  Index compenent largest error = ********

 ...  152 / 289

 No. steps =      59   No. f-s =    1405   No. J-s =       2   No. LU-s =      17
  No. nonlinear iterations =      66
  No. nonlinear convergence failures =       0
  No. error test failures =       0
  Last step size used =    0.92806E+07
  Index compenent largest error = ********

 ...  153 / 289

 No. steps =      60   No. f-s =    1405   No. J-s =       2   No. LU-s =      16
  No. nonlinear iterations =      66
  No. nonlinear convergence failures =       0
  No. error test failures =       0
  Last step size used =    0.63072E+07
  Index compenent largest error = ********

 ...  154 / 289

 No. steps =      59   No. f-s =    1403   No. J-s =       2   No. LU-s =      15
  No. nonlinear iterations =      64
  No. nonlinear convergence failures =       0
  No. error test failures =       0
  Last step size used =    0.46207E+07
  Index compenent largest error = ********

 ...  155 / 289

 No. steps =      57   No. f-s =    1403   No. J-s =       2   No. LU-s =      15
  No. nonlinear iterations =      64
  No. nonlinear convergence failures =       0
  No. error test failures =       0
  Last step size used =    0.44257E+07
  Index compenent largest error = ********

 ...  156 / 289

 No. steps =      59   No. f-s =    1404   No. J-s =       2   No. LU-s =      16
  No. nonlinear iterations =      65
  No. nonlinear convergence failures =       0
  No. error test failures =       0
  Last step size used =    0.69576E+07
  Index compenent largest error = ********

 ...  157 / 289

 No. steps =      61   No. f-s =    1410   No. J-s =       2   No. LU-s =      15
  No. nonlinear iterations =      71
  No. nonlinear convergence failures =       0
  No. error test failures =       0
  Last step size used =    0.45833E+07
  Index compenent largest error = ********

 ...  158 / 289

 No. steps =      59   No. f-s =    1404   No. J-s =       2   No. LU-s =      16
  No. nonlinear iterations =      65
  No. nonlinear convergence failures =       0
  No. error test failures =       0
  Last step size used =    0.69135E+07
  Index compenent largest error = ********

 ...  159 / 289

 No. steps =      60   No. f-s =    1408   No. J-s =       2   No. LU-s =      15
  No. nonlinear iterations =      69
  No. nonlinear convergence failures =       0
  No. error test failures =       0
  Last step size used =    0.44954E+07
  Index compenent largest error = ********

 ...  160 / 289

 No. steps =      56   No. f-s =    1402   No. J-s =       2   No. LU-s =      15
  No. nonlinear iterations =      63
  No. nonlinear convergence failures =       0
  No. error test failures =       0
  Last step size used =    0.46882E+07
  Index compenent largest error = ********

 ...  161 / 289

 No. steps =      56   No. f-s =    1402   No. J-s =       2   No. LU-s =      15
  No. nonlinear iterations =      63
  No. nonlinear convergence failures =       0
  No. error test failures =       0
  Last step size used =    0.47936E+07
  Index compenent largest error = ********

 ...  162 / 289

 No. steps =      54   No. f-s =     735   No. J-s =       1   No. LU-s =      16
  No. nonlinear iterations =      64
  No. nonlinear convergence failures =       0
  No. error test failures =       0
  Last step size used =    0.65040E+07
  Index compenent largest error = ********

 ...  163 / 289

 No. steps =      58   No. f-s =    1403   No. J-s =       2   No. LU-s =      16
  No. nonlinear iterations =      64
  No. nonlinear convergence failures =       0
  No. error test failures =       0
  Last step size used =    0.67293E+07
  Index compenent largest error = ********

 ...  164 / 289

 No. steps =      58   No. f-s =    1403   No. J-s =       2   No. LU-s =      16
  No. nonlinear iterations =      64
  No. nonlinear convergence failures =       0
  No. error test failures =       0
  Last step size used =    0.68058E+07
  Index compenent largest error = ********

 ...  165 / 289

 No. steps =      56   No. f-s =    1402   No. J-s =       2   No. LU-s =      15
  No. nonlinear iterations =      63
  No. nonlinear convergence failures =       0
  No. error test failures =       0
  Last step size used =    0.50552E+07
  Index compenent largest error = ********

 ...  166 / 289

 No. steps =      57   No. f-s =    1403   No. J-s =       2   No. LU-s =      16
  No. nonlinear iterations =      64
  No. nonlinear convergence failures =       0
  No. error test failures =       0
  Last step size used =    0.65270E+07
  Index compenent largest error = ********

 ...  167 / 289

 No. steps =      58   No. f-s =    1404   No. J-s =       2   No. LU-s =      16
  No. nonlinear iterations =      65
  No. nonlinear convergence failures =       0
  No. error test failures =       0
  Last step size used =    0.61746E+07
  Index compenent largest error = ********

 ...  168 / 289

 No. steps =      58   No. f-s =    1404   No. J-s =       2   No. LU-s =      16
  No. nonlinear iterations =      65
  No. nonlinear convergence failures =       0
  No. error test failures =       0
  Last step size used =    0.62765E+07
  Index compenent largest error = ********

 ...  169 / 289

 No. steps =      58   No. f-s =    1404   No. J-s =       2   No. LU-s =      16
  No. nonlinear iterations =      65
  No. nonlinear convergence failures =       0
  No. error test failures =       0
  Last step size used =    0.62047E+07
  Index compenent largest error = ********

 ...  170 / 289

 No. steps =      57   No. f-s =    1401   No. J-s =       2   No. LU-s =      15
  No. nonlinear iterations =      62
  No. nonlinear convergence failures =       0
  No. error test failures =       0
  Last step size used =    0.51915E+07
  Index compenent largest error = ********

 ...  171 / 289

 No. steps =      55   No. f-s =    1401   No. J-s =       2   No. LU-s =      15
  No. nonlinear iterations =      62
  No. nonlinear convergence failures =       0
  No. error test failures =       0
  Last step size used =    0.54074E+07
  Index compenent largest error = ********

 ...  172 / 289

 No. steps =      55   No. f-s =    1402   No. J-s =       2   No. LU-s =      15
  No. nonlinear iterations =      63
  No. nonlinear convergence failures =       0
  No. error test failures =       0
  Last step size used =    0.53712E+07
  Index compenent largest error = ********

 ...  173 / 289

 No. steps =      54   No. f-s =    1401   No. J-s =       2   No. LU-s =      15
  No. nonlinear iterations =      62
  No. nonlinear convergence failures =       0
  No. error test failures =       0
  Last step size used =    0.56423E+07
  Index compenent largest error = ********

 ...  174 / 289

 No. steps =      54   No. f-s =    1401   No. J-s =       2   No. LU-s =      15
  No. nonlinear iterations =      62
  No. nonlinear convergence failures =       0
  No. error test failures =       0
  Last step size used =    0.56219E+07
  Index compenent largest error = ********

 ...  175 / 289

 No. steps =      54   No. f-s =    1401   No. J-s =       2   No. LU-s =      15
  No. nonlinear iterations =      62
  No. nonlinear convergence failures =       0
  No. error test failures =       0
  Last step size used =    0.55922E+07
  Index compenent largest error = ********

 ...  176 / 289

 No. steps =      55   No. f-s =    1401   No. J-s =       2   No. LU-s =      15
  No. nonlinear iterations =      62
  No. nonlinear convergence failures =       0
  No. error test failures =       0
  Last step size used =    0.56611E+07
  Index compenent largest error = ********

 ...  177 / 289

 No. steps =      57   No. f-s =    1401   No. J-s =       2   No. LU-s =      15
  No. nonlinear iterations =      62
  No. nonlinear convergence failures =       0
  No. error test failures =       0
  Last step size used =    0.57072E+07
  Index compenent largest error = ********

 ...  178 / 289

 No. steps =      55   No. f-s =    1401   No. J-s =       2   No. LU-s =      15
  No. nonlinear iterations =      62
  No. nonlinear convergence failures =       0
  No. error test failures =       0
  Last step size used =    0.55390E+07
  Index compenent largest error = ********

 ...  179 / 289

 No. steps =      57   No. f-s =    1401   No. J-s =       2   No. LU-s =      15
  No. nonlinear iterations =      62
  No. nonlinear convergence failures =       0
  No. error test failures =       0
  Last step size used =    0.57004E+07
  Index compenent largest error = ********

 ...  180 / 289

 No. steps =      57   No. f-s =    1402   No. J-s =       2   No. LU-s =      15
  No. nonlinear iterations =      63
  No. nonlinear convergence failures =       0
  No. error test failures =       0
  Last step size used =    0.55359E+07
  Index compenent largest error = ********

 ...  181 / 289

 No. steps =      55   No. f-s =    1403   No. J-s =       2   No. LU-s =      15
  No. nonlinear iterations =      64
  No. nonlinear convergence failures =       0
  No. error test failures =       0
  Last step size used =    0.55890E+07
  Index compenent largest error = ********

 ...  182 / 289

 No. steps =      53   No. f-s =    1400   No. J-s =       2   No. LU-s =      15
  No. nonlinear iterations =      61
  No. nonlinear convergence failures =       0
  No. error test failures =       0
  Last step size used =    0.64295E+07
  Index compenent largest error = ********

 ...  183 / 289

 No. steps =      53   No. f-s =    1400   No. J-s =       2   No. LU-s =      15
  No. nonlinear iterations =      61
  No. nonlinear convergence failures =       0
  No. error test failures =       0
  Last step size used =    0.63359E+07
  Index compenent largest error = ********

 ...  184 / 289

 No. steps =      50   No. f-s =     728   No. J-s =       1   No. LU-s =      12
  No. nonlinear iterations =      57
  No. nonlinear convergence failures =       0
  No. error test failures =       0
  Last step size used =    0.45308E+07
  Index compenent largest error = ********

 ...  185 / 289

 No. steps =      54   No. f-s =    1402   No. J-s =       2   No. LU-s =      15
  No. nonlinear iterations =      63
  No. nonlinear convergence failures =       0
  No. error test failures =       0
  Last step size used =    0.57321E+07
  Index compenent largest error = ********

 ...  186 / 289

 No. steps =      53   No. f-s =    1400   No. J-s =       2   No. LU-s =      15
  No. nonlinear iterations =      61
  No. nonlinear convergence failures =       0
  No. error test failures =       0
  Last step size used =    0.68231E+07
  Index compenent largest error = ********

 ...  187 / 289

 No. steps =      53   No. f-s =    1400   No. J-s =       2   No. LU-s =      15
  No. nonlinear iterations =      61
  No. nonlinear convergence failures =       0
  No. error test failures =       0
  Last step size used =    0.66657E+07
  Index compenent largest error = ********

 ...  188 / 289

 No. steps =      53   No. f-s =    1400   No. J-s =       2   No. LU-s =      15
  No. nonlinear iterations =      61
  No. nonlinear convergence failures =       0
  No. error test failures =       0
  Last step size used =    0.65844E+07
  Index compenent largest error = ********

 ...  189 / 289

 No. steps =      52   No. f-s =     731   No. J-s =       1   No. LU-s =      14
  No. nonlinear iterations =      60
  No. nonlinear convergence failures =       0
  No. error test failures =       0
  Last step size used =    0.45435E+07
  Index compenent largest error = ********

 ...  190 / 289

 No. steps =      53   No. f-s =    1400   No. J-s =       2   No. LU-s =      15
  No. nonlinear iterations =      61
  No. nonlinear convergence failures =       0
  No. error test failures =       0
  Last step size used =    0.64727E+07
  Index compenent largest error = ********

 ...  191 / 289

 No. steps =      56   No. f-s =    1401   No. J-s =       2   No. LU-s =      15
  No. nonlinear iterations =      62
  No. nonlinear convergence failures =       0
  No. error test failures =       0
  Last step size used =    0.61894E+07
  Index compenent largest error = ********

 ...  192 / 289

 No. steps =      53   No. f-s =    1400   No. J-s =       2   No. LU-s =      15
  No. nonlinear iterations =      61
  No. nonlinear convergence failures =       0
  No. error test failures =       0
  Last step size used =    0.62470E+07
  Index compenent largest error = ********

 ...  193 / 289

 No. steps =      52   No. f-s =     731   No. J-s =       1   No. LU-s =      14
  No. nonlinear iterations =      60
  No. nonlinear convergence failures =       0
  No. error test failures =       0
  Last step size used =    0.49214E+07
  Index compenent largest error = ********

 ...  194 / 289

 No. steps =      49   No. f-s =     728   No. J-s =       1   No. LU-s =      14
  No. nonlinear iterations =      57
  No. nonlinear convergence failures =       0
  No. error test failures =       0
  Last step size used =    0.81168E+07
  Index compenent largest error = ********

 ...  195 / 289

 No. steps =      51   No. f-s =     730   No. J-s =       1   No. LU-s =      14
  No. nonlinear iterations =      59
  No. nonlinear convergence failures =       0
  No. error test failures =       0
  Last step size used =    0.49806E+07
  Index compenent largest error = ********

 ...  196 / 289

 No. steps =      50   No. f-s =     728   No. J-s =       1   No. LU-s =      13
  No. nonlinear iterations =      57
  No. nonlinear convergence failures =       0
  No. error test failures =       0
  Last step size used =    0.50938E+07
  Index compenent largest error = ********

 ...  197 / 289

 No. steps =      49   No. f-s =     727   No. J-s =       1   No. LU-s =      13
  No. nonlinear iterations =      56
  No. nonlinear convergence failures =       0
  No. error test failures =       0
  Last step size used =    0.52727E+07
  Index compenent largest error = ********

 ...  198 / 289

 No. steps =      52   No. f-s =    1399   No. J-s =       2   No. LU-s =      15
  No. nonlinear iterations =      60
  No. nonlinear convergence failures =       0
  No. error test failures =       0
  Last step size used =    0.60674E+07
  Index compenent largest error = ********

 ...  199 / 289

 No. steps =      52   No. f-s =     730   No. J-s =       1   No. LU-s =      14
  No. nonlinear iterations =      59
  No. nonlinear convergence failures =       0
  No. error test failures =       0
  Last step size used =    0.45217E+07
  Index compenent largest error = ********

 ...  200 / 289

 No. steps =      49   No. f-s =     726   No. J-s =       1   No. LU-s =      13
  No. nonlinear iterations =      55
  No. nonlinear convergence failures =       0
  No. error test failures =       0
  Last step size used =    0.89194E+07
  Index compenent largest error = ********

 ...  201 / 289

 No. steps =      51   No. f-s =     730   No. J-s =       1   No. LU-s =      14
  No. nonlinear iterations =      59
  No. nonlinear convergence failures =       0
  No. error test failures =       0
  Last step size used =    0.51760E+07
  Index compenent largest error = ********

 ...  202 / 289

 No. steps =      51   No. f-s =     730   No. J-s =       1   No. LU-s =      14
  No. nonlinear iterations =      59
  No. nonlinear convergence failures =       0
  No. error test failures =       0
  Last step size used =    0.49962E+07
  Index compenent largest error = ********

 ...  203 / 289

 No. steps =      52   No. f-s =     731   No. J-s =       1   No. LU-s =      14
  No. nonlinear iterations =      60
  No. nonlinear convergence failures =       0
  No. error test failures =       0
  Last step size used =    0.46667E+07
  Index compenent largest error = ********

 ...  204 / 289

 No. steps =      51   No. f-s =     730   No. J-s =       1   No. LU-s =      14
  No. nonlinear iterations =      59
  No. nonlinear convergence failures =       0
  No. error test failures =       0
  Last step size used =    0.53756E+07
  Index compenent largest error = ********

 ...  205 / 289

 No. steps =      51   No. f-s =     730   No. J-s =       1   No. LU-s =      14
  No. nonlinear iterations =      59
  No. nonlinear convergence failures =       0
  No. error test failures =       0
  Last step size used =    0.53248E+07
  Index compenent largest error = ********

 ...  206 / 289

 No. steps =      48   No. f-s =     727   No. J-s =       1   No. LU-s =      14
  No. nonlinear iterations =      56
  No. nonlinear convergence failures =       0
  No. error test failures =       0
  Last step size used =    0.88411E+07
  Index compenent largest error = ********

 ...  207 / 289

 No. steps =      48   No. f-s =     725   No. J-s =       1   No. LU-s =      12
  No. nonlinear iterations =      54
  No. nonlinear convergence failures =       0
  No. error test failures =       0
  Last step size used =    0.58625E+07
  Index compenent largest error = ********

 ...  208 / 289

 No. steps =      48   No. f-s =     725   No. J-s =       1   No. LU-s =      12
  No. nonlinear iterations =      54
  No. nonlinear convergence failures =       0
  No. error test failures =       0
  Last step size used =    0.60377E+07
  Index compenent largest error = ********

 ...  209 / 289

 No. steps =      49   No. f-s =     727   No. J-s =       1   No. LU-s =      12
  No. nonlinear iterations =      56
  No. nonlinear convergence failures =       0
  No. error test failures =       0
  Last step size used =    0.49652E+07
  Index compenent largest error = ********

 ...  210 / 289

 No. steps =      51   No. f-s =     730   No. J-s =       1   No. LU-s =      14
  No. nonlinear iterations =      59
  No. nonlinear convergence failures =       0
  No. error test failures =       0
  Last step size used =    0.52197E+07
  Index compenent largest error = ********

 ...  211 / 289

 No. steps =      48   No. f-s =     725   No. J-s =       1   No. LU-s =      12
  No. nonlinear iterations =      54
  No. nonlinear convergence failures =       0
  No. error test failures =       0
  Last step size used =    0.62574E+07
  Index compenent largest error = ********

 ...  212 / 289

 No. steps =      49   No. f-s =     725   No. J-s =       1   No. LU-s =      13
  No. nonlinear iterations =      54
  No. nonlinear convergence failures =       0
  No. error test failures =       0
  Last step size used =    0.63222E+07
  Index compenent largest error = ********

 ...  213 / 289

 No. steps =      50   No. f-s =     729   No. J-s =       1   No. LU-s =      14
  No. nonlinear iterations =      58
  No. nonlinear convergence failures =       0
  No. error test failures =       0
  Last step size used =    0.55755E+07
  Index compenent largest error = ********

 ...  214 / 289

 No. steps =      50   No. f-s =     729   No. J-s =       1   No. LU-s =      14
  No. nonlinear iterations =      58
  No. nonlinear convergence failures =       0
  No. error test failures =       0
  Last step size used =    0.56236E+07
  Index compenent largest error = ********

 ...  215 / 289

 No. steps =      50   No. f-s =     729   No. J-s =       1   No. LU-s =      14
  No. nonlinear iterations =      58
  No. nonlinear convergence failures =       0
  No. error test failures =       0
  Last step size used =    0.57185E+07
  Index compenent largest error = ********

 ...  216 / 289

 No. steps =      50   No. f-s =     728   No. J-s =       1   No. LU-s =      14
  No. nonlinear iterations =      57
  No. nonlinear convergence failures =       0
  No. error test failures =       0
  Last step size used =    0.52807E+07
  Index compenent largest error = ********

 ...  217 / 289

 No. steps =      50   No. f-s =     728   No. J-s =       1   No. LU-s =      14
  No. nonlinear iterations =      57
  No. nonlinear convergence failures =       0
  No. error test failures =       0
  Last step size used =    0.51942E+07
  Index compenent largest error = ********

 ...  218 / 289

 No. steps =      49   No. f-s =     726   No. J-s =       1   No. LU-s =      12
  No. nonlinear iterations =      55
  No. nonlinear convergence failures =       0
  No. error test failures =       0
  Last step size used =    0.49932E+07
  Index compenent largest error = ********

 ...  219 / 289

 No. steps =      47   No. f-s =     725   No. J-s =       1   No. LU-s =      12
  No. nonlinear iterations =      54
  No. nonlinear convergence failures =       0
  No. error test failures =       0
  Last step size used =    0.68546E+07
  Index compenent largest error = ********

 ...  220 / 289

 No. steps =      48   No. f-s =     724   No. J-s =       1   No. LU-s =      13
  No. nonlinear iterations =      53
  No. nonlinear convergence failures =       0
  No. error test failures =       0
  Last step size used =    0.57245E+07
  Index compenent largest error = ********

 ...  221 / 289

 No. steps =      47   No. f-s =     724   No. J-s =       1   No. LU-s =      13
  No. nonlinear iterations =      53
  No. nonlinear convergence failures =       0
  No. error test failures =       0
  Last step size used =    0.64041E+07
  Index compenent largest error = ********

 ...  222 / 289

 No. steps =      50   No. f-s =     729   No. J-s =       1   No. LU-s =      14
  No. nonlinear iterations =      58
  No. nonlinear convergence failures =       0
  No. error test failures =       0
  Last step size used =    0.57930E+07
  Index compenent largest error = ********

 ...  223 / 289

 No. steps =      47   No. f-s =     727   No. J-s =       1   No. LU-s =      14
  No. nonlinear iterations =      56
  No. nonlinear convergence failures =       0
  No. error test failures =       0
  Last step size used =    0.66957E+07
  Index compenent largest error = ********

 ...  224 / 289

 No. steps =      50   No. f-s =     728   No. J-s =       1   No. LU-s =      14
  No. nonlinear iterations =      57
  No. nonlinear convergence failures =       0
  No. error test failures =       0
  Last step size used =    0.55107E+07
  Index compenent largest error = ********

 ...  225 / 289

 No. steps =      48   No. f-s =     726   No. J-s =       1   No. LU-s =      13
  No. nonlinear iterations =      55
  No. nonlinear convergence failures =       0
  No. error test failures =       0
  Last step size used =    0.74116E+07
  Index compenent largest error = ********

 ...  226 / 289

 No. steps =      49   No. f-s =     727   No. J-s =       1   No. LU-s =      14
  No. nonlinear iterations =      56
  No. nonlinear convergence failures =       0
  No. error test failures =       0
  Last step size used =    0.55701E+07
  Index compenent largest error = ********

 ...  227 / 289

 No. steps =      49   No. f-s =     726   No. J-s =       1   No. LU-s =      12
  No. nonlinear iterations =      55
  No. nonlinear convergence failures =       0
  No. error test failures =       0
  Last step size used =    0.51101E+07
  Index compenent largest error = ********

 ...  228 / 289

 No. steps =      47   No. f-s =     727   No. J-s =       1   No. LU-s =      14
  No. nonlinear iterations =      56
  No. nonlinear convergence failures =       0
  No. error test failures =       0
  Last step size used =    0.65674E+07
  Index compenent largest error = ********

 ...  229 / 289

 No. steps =      48   No. f-s =     724   No. J-s =       1   No. LU-s =      13
  No. nonlinear iterations =      53
  No. nonlinear convergence failures =       0
  No. error test failures =       0
  Last step size used =    0.58572E+07
  Index compenent largest error = ********

 ...  230 / 289

 No. steps =      47   No. f-s =     724   No. J-s =       1   No. LU-s =      13
  No. nonlinear iterations =      53
  No. nonlinear convergence failures =       0
  No. error test failures =       0
  Last step size used =    0.61097E+07
  Index compenent largest error = ********

 ...  231 / 289

 No. steps =      47   No. f-s =     723   No. J-s =       1   No. LU-s =      13
  No. nonlinear iterations =      52
  No. nonlinear convergence failures =       0
  No. error test failures =       0
  Last step size used =    0.75648E+07
  Index compenent largest error = ********

 ...  232 / 289

 No. steps =      46   No. f-s =     723   No. J-s =       1   No. LU-s =      13
  No. nonlinear iterations =      52
  No. nonlinear convergence failures =       0
  No. error test failures =       0
  Last step size used =    0.63930E+07
  Index compenent largest error = ********

 ...  233 / 289

 No. steps =      48   No. f-s =     726   No. J-s =       1   No. LU-s =      14
  No. nonlinear iterations =      55
  No. nonlinear convergence failures =       0
  No. error test failures =       0
  Last step size used =    0.76878E+07
  Index compenent largest error = ********

 ...  234 / 289

 No. steps =      47   No. f-s =     724   No. J-s =       1   No. LU-s =      13
  No. nonlinear iterations =      53
  No. nonlinear convergence failures =       0
  No. error test failures =       0
  Last step size used =    0.63117E+07
  Index compenent largest error = ********

 ...  235 / 289

 No. steps =      48   No. f-s =     726   No. J-s =       1   No. LU-s =      14
  No. nonlinear iterations =      55
  No. nonlinear convergence failures =       0
  No. error test failures =       0
  Last step size used =    0.76126E+07
  Index compenent largest error = ********

 ...  236 / 289

 No. steps =      47   No. f-s =     725   No. J-s =       1   No. LU-s =      13
  No. nonlinear iterations =      54
  No. nonlinear convergence failures =       0
  No. error test failures =       0
  Last step size used =    0.49743E+07
  Index compenent largest error = ********

 ...  237 / 289

 No. steps =      47   No. f-s =     724   No. J-s =       1   No. LU-s =      13
  No. nonlinear iterations =      53
  No. nonlinear convergence failures =       0
  No. error test failures =       0
  Last step size used =    0.62003E+07
  Index compenent largest error = ********

 ...  238 / 289

 No. steps =      47   No. f-s =     725   No. J-s =       1   No. LU-s =      13
  No. nonlinear iterations =      54
  No. nonlinear convergence failures =       0
  No. error test failures =       0
  Last step size used =    0.49406E+07
  Index compenent largest error = ********

 ...  239 / 289

 No. steps =      47   No. f-s =     725   No. J-s =       1   No. LU-s =      13
  No. nonlinear iterations =      54
  No. nonlinear convergence failures =       0
  No. error test failures =       0
  Last step size used =    0.51032E+07
  Index compenent largest error = ********

 ...  240 / 289

 No. steps =      48   No. f-s =     725   No. J-s =       1   No. LU-s =      12
  No. nonlinear iterations =      54
  No. nonlinear convergence failures =       0
  No. error test failures =       0
  Last step size used =    0.55385E+07
  Index compenent largest error = ********

 ...  241 / 289

 No. steps =      47   No. f-s =     723   No. J-s =       1   No. LU-s =      13
  No. nonlinear iterations =      52
  No. nonlinear convergence failures =       0
  No. error test failures =       0
  Last step size used =    0.67905E+07
  Index compenent largest error = ********

 ...  242 / 289

 No. steps =      44   No. f-s =     719   No. J-s =       1   No. LU-s =      12
  No. nonlinear iterations =      48
  No. nonlinear convergence failures =       0
  No. error test failures =       0
  Last step size used =    0.56924E+07
  Index compenent largest error = ********

 ...  243 / 289

 No. steps =      47   No. f-s =     723   No. J-s =       1   No. LU-s =      13
  No. nonlinear iterations =      52
  No. nonlinear convergence failures =       0
  No. error test failures =       0
  Last step size used =    0.73201E+07
  Index compenent largest error = ********

 ...  244 / 289

 No. steps =      47   No. f-s =     725   No. J-s =       1   No. LU-s =      13
  No. nonlinear iterations =      54
  No. nonlinear convergence failures =       0
  No. error test failures =       0
  Last step size used =    0.51664E+07
  Index compenent largest error = ********

 ...  245 / 289

 No. steps =      47   No. f-s =     723   No. J-s =       1   No. LU-s =      13
  No. nonlinear iterations =      52
  No. nonlinear convergence failures =       0
  No. error test failures =       0
  Last step size used =    0.68485E+07
  Index compenent largest error = ********

 ...  246 / 289

 No. steps =      47   No. f-s =     725   No. J-s =       1   No. LU-s =      13
  No. nonlinear iterations =      54
  No. nonlinear convergence failures =       0
  No. error test failures =       0
  Last step size used =    0.52267E+07
  Index compenent largest error = ********

 ...  247 / 289

 No. steps =      47   No. f-s =     723   No. J-s =       1   No. LU-s =      13
  No. nonlinear iterations =      52
  No. nonlinear convergence failures =       0
  No. error test failures =       0
  Last step size used =    0.68312E+07
  Index compenent largest error = ********

 ...  248 / 289

 No. steps =      47   No. f-s =     725   No. J-s =       1   No. LU-s =      13
  No. nonlinear iterations =      54
  No. nonlinear convergence failures =       0
  No. error test failures =       0
  Last step size used =    0.52787E+07
  Index compenent largest error = ********

 ...  249 / 289

 No. steps =      47   No. f-s =     725   No. J-s =       1   No. LU-s =      13
  No. nonlinear iterations =      54
  No. nonlinear convergence failures =       0
  No. error test failures =       0
  Last step size used =    0.53058E+07
  Index compenent largest error = ********

 ...  250 / 289

 No. steps =      47   No. f-s =     724   No. J-s =       1   No. LU-s =      12
  No. nonlinear iterations =      53
  No. nonlinear convergence failures =       0
  No. error test failures =       0
  Last step size used =    0.56380E+07
  Index compenent largest error = ********

 ...  251 / 289

 No. steps =      47   No. f-s =     724   No. J-s =       1   No. LU-s =      12
  No. nonlinear iterations =      53
  No. nonlinear convergence failures =       0
  No. error test failures =       0
  Last step size used =    0.58306E+07
  Index compenent largest error = ********

 ...  252 / 289

 No. steps =      46   No. f-s =     722   No. J-s =       1   No. LU-s =      12
  No. nonlinear iterations =      51
  No. nonlinear convergence failures =       0
  No. error test failures =       0
  Last step size used =    0.48628E+07
  Index compenent largest error = ********

 ...  253 / 289

 No. steps =      45   No. f-s =     721   No. J-s =       1   No. LU-s =      12
  No. nonlinear iterations =      50
  No. nonlinear convergence failures =       0
  No. error test failures =       0
  Last step size used =    0.55559E+07
  Index compenent largest error = ********

 ...  254 / 289

 No. steps =      46   No. f-s =     722   No. J-s =       1   No. LU-s =      12
  No. nonlinear iterations =      51
  No. nonlinear convergence failures =       0
  No. error test failures =       0
  Last step size used =    0.48340E+07
  Index compenent largest error = ********

 ...  255 / 289

 No. steps =      46   No. f-s =     722   No. J-s =       1   No. LU-s =      12
  No. nonlinear iterations =      51
  No. nonlinear convergence failures =       0
  No. error test failures =       0
  Last step size used =    0.49252E+07
  Index compenent largest error = ********

 ...  256 / 289

 No. steps =      46   No. f-s =     725   No. J-s =       1   No. LU-s =      12
  No. nonlinear iterations =      54
  No. nonlinear convergence failures =       0
  No. error test failures =       0
  Last step size used =    0.57368E+07
  Index compenent largest error = ********

 ...  257 / 289

 No. steps =      46   No. f-s =     722   No. J-s =       1   No. LU-s =      12
  No. nonlinear iterations =      51
  No. nonlinear convergence failures =       0
  No. error test failures =       0
  Last step size used =    0.48354E+07
  Index compenent largest error = ********

 ...  258 / 289

 No. steps =      48   No. f-s =     724   No. J-s =       1   No. LU-s =      12
  No. nonlinear iterations =      53
  No. nonlinear convergence failures =       0
  No. error test failures =       0
  Last step size used =    0.47118E+07
  Index compenent largest error = ********

 ...  259 / 289

 No. steps =      46   No. f-s =     724   No. J-s =       1   No. LU-s =      13
  No. nonlinear iterations =      53
  No. nonlinear convergence failures =       0
  No. error test failures =       0
  Last step size used =    0.54990E+07
  Index compenent largest error = ********

 ...  260 / 289

 No. steps =      46   No. f-s =     724   No. J-s =       1   No. LU-s =      13
  No. nonlinear iterations =      53
  No. nonlinear convergence failures =       0
  No. error test failures =       0
  Last step size used =    0.58305E+07
  Index compenent largest error = ********

 ...  261 / 289

 No. steps =      46   No. f-s =     724   No. J-s =       1   No. LU-s =      13
  No. nonlinear iterations =      53
  No. nonlinear convergence failures =       0
  No. error test failures =       0
  Last step size used =    0.57777E+07
  Index compenent largest error = ********

 ...  262 / 289

 No. steps =      47   No. f-s =     723   No. J-s =       1   No. LU-s =      12
  No. nonlinear iterations =      52
  No. nonlinear convergence failures =       0
  No. error test failures =       0
  Last step size used =    0.51129E+07
  Index compenent largest error = ********

 ...  263 / 289

 No. steps =      45   No. f-s =     721   No. J-s =       1   No. LU-s =      12
  No. nonlinear iterations =      50
  No. nonlinear convergence failures =       0
  No. error test failures =       0
  Last step size used =    0.54201E+07
  Index compenent largest error = ********

 ...  264 / 289

 No. steps =      44   No. f-s =     720   No. J-s =       1   No. LU-s =      12
  No. nonlinear iterations =      49
  No. nonlinear convergence failures =       0
  No. error test failures =       0
  Last step size used =    0.63277E+07
  Index compenent largest error = ********

 ...  265 / 289

 No. steps =      45   No. f-s =     721   No. J-s =       1   No. LU-s =      12
  No. nonlinear iterations =      50
  No. nonlinear convergence failures =       0
  No. error test failures =       0
  Last step size used =    0.54436E+07
  Index compenent largest error = ********

 ...  266 / 289

 No. steps =      46   No. f-s =     722   No. J-s =       1   No. LU-s =      12
  No. nonlinear iterations =      51
  No. nonlinear convergence failures =       0
  No. error test failures =       0
  Last step size used =    0.53719E+07
  Index compenent largest error = ********

 ...  267 / 289

 No. steps =      45   No. f-s =     723   No. J-s =       1   No. LU-s =      13
  No. nonlinear iterations =      52
  No. nonlinear convergence failures =       0
  No. error test failures =       0
  Last step size used =    0.60913E+07
  Index compenent largest error = ********

 ...  268 / 289

 No. steps =      45   No. f-s =     723   No. J-s =       1   No. LU-s =      13
  No. nonlinear iterations =      52
  No. nonlinear convergence failures =       0
  No. error test failures =       0
  Last step size used =    0.60184E+07
  Index compenent largest error = ********

 ...  269 / 289

 No. steps =      45   No. f-s =     725   No. J-s =       1   No. LU-s =      12
  No. nonlinear iterations =      54
  No. nonlinear convergence failures =       0
  No. error test failures =       0
  Last step size used =    0.64489E+07
  Index compenent largest error = ********

 ...  270 / 289

 No. steps =      45   No. f-s =     723   No. J-s =       1   No. LU-s =      13
  No. nonlinear iterations =      52
  No. nonlinear convergence failures =       0
  No. error test failures =       0
  Last step size used =    0.60283E+07
  Index compenent largest error = ********

 ...  271 / 289

 No. steps =      45   No. f-s =     723   No. J-s =       1   No. LU-s =      13
  No. nonlinear iterations =      52
  No. nonlinear convergence failures =       0
  No. error test failures =       0
  Last step size used =    0.62288E+07
  Index compenent largest error = ********

 ...  272 / 289

 No. steps =      46   No. f-s =     722   No. J-s =       1   No. LU-s =      13
  No. nonlinear iterations =      51
  No. nonlinear convergence failures =       0
  No. error test failures =       0
  Last step size used =    0.67812E+07
  Index compenent largest error = ********

 ...  273 / 289

 No. steps =      46   No. f-s =     722   No. J-s =       1   No. LU-s =      12
  No. nonlinear iterations =      51
  No. nonlinear convergence failures =       0
  No. error test failures =       0
  Last step size used =    0.55806E+07
  Index compenent largest error = ********

 ...  274 / 289

 No. steps =      44   No. f-s =     720   No. J-s =       1   No. LU-s =      12
  No. nonlinear iterations =      49
  No. nonlinear convergence failures =       0
  No. error test failures =       0
  Last step size used =    0.64542E+07
  Index compenent largest error = ********

 ...  275 / 289

 No. steps =      44   No. f-s =     720   No. J-s =       1   No. LU-s =      12
  No. nonlinear iterations =      49
  No. nonlinear convergence failures =       0
  No. error test failures =       0
  Last step size used =    0.62022E+07
  Index compenent largest error = ********

 ...  276 / 289

 No. steps =      45   No. f-s =     721   No. J-s =       1   No. LU-s =      12
  No. nonlinear iterations =      50
  No. nonlinear convergence failures =       0
  No. error test failures =       0
  Last step size used =    0.59369E+07
  Index compenent largest error = ********

 ...  277 / 289

 No. steps =      45   No. f-s =     721   No. J-s =       1   No. LU-s =      12
  No. nonlinear iterations =      50
  No. nonlinear convergence failures =       0
  No. error test failures =       0
  Last step size used =    0.61581E+07
  Index compenent largest error = ********

 ...  278 / 289

 No. steps =      45   No. f-s =     723   No. J-s =       1   No. LU-s =      13
  No. nonlinear iterations =      52
  No. nonlinear convergence failures =       0
  No. error test failures =       0
  Last step size used =    0.63681E+07
  Index compenent largest error = ********

 ...  279 / 289

 No. steps =      46   No. f-s =     722   No. J-s =       1   No. LU-s =      12
  No. nonlinear iterations =      51
  No. nonlinear convergence failures =       0
  No. error test failures =       0
  Last step size used =    0.63261E+07
  Index compenent largest error = ********

 ...  280 / 289

 No. steps =      46   No. f-s =     722   No. J-s =       1   No. LU-s =      13
  No. nonlinear iterations =      51
  No. nonlinear convergence failures =       0
  No. error test failures =       0
  Last step size used =    0.84881E+07
  Index compenent largest error = ********

 ...  281 / 289

 No. steps =      44   No. f-s =     722   No. J-s =       1   No. LU-s =      13
  No. nonlinear iterations =      51
  No. nonlinear convergence failures =       0
  No. error test failures =       0
  Last step size used =    0.67117E+07
  Index compenent largest error = ********

 ...  282 / 289

 No. steps =      46   No. f-s =     722   No. J-s =       1   No. LU-s =      12
  No. nonlinear iterations =      51
  No. nonlinear convergence failures =       0
  No. error test failures =       0
  Last step size used =    0.64374E+07
  Index compenent largest error = ********

 ...  283 / 289

 No. steps =      46   No. f-s =     722   No. J-s =       1   No. LU-s =      12
  No. nonlinear iterations =      51
  No. nonlinear convergence failures =       0
  No. error test failures =       0
  Last step size used =    0.65140E+07
  Index compenent largest error = ********

 ...  284 / 289

 No. steps =      45   No. f-s =     721   No. J-s =       1   No. LU-s =      12
  No. nonlinear iterations =      50
  No. nonlinear convergence failures =       0
  No. error test failures =       0
  Last step size used =    0.63824E+07
  Index compenent largest error = ********

 ...  285 / 289

 No. steps =      41   No. f-s =     715   No. J-s =       1   No. LU-s =      11
  No. nonlinear iterations =      44
  No. nonlinear convergence failures =       0
  No. error test failures =       0
  Last step size used =    0.74079E+07
  Index compenent largest error = ********

 ...  286 / 289

 No. steps =      43   No. f-s =     718   No. J-s =       1   No. LU-s =      11
  No. nonlinear iterations =      47
  No. nonlinear convergence failures =       0
  No. error test failures =       0
  Last step size used =    0.65474E+07
  Index compenent largest error = ********

 ...  287 / 289

 No. steps =      44   No. f-s =     720   No. J-s =       1   No. LU-s =      12
  No. nonlinear iterations =      49
  No. nonlinear convergence failures =       0
  No. error test failures =       0
  Last step size used =    0.61462E+07
  Index compenent largest error = ********

 ...  288 / 289

 No. steps =      46   No. f-s =     722   No. J-s =       1   No. LU-s =      12
  No. nonlinear iterations =      51
  No. nonlinear convergence failures =       0
  No. error test failures =       0
  Last step size used =    0.65746E+07
  Index compenent largest error = ********

 ...  289 / 289

 No. steps =      44   No. f-s =     720   No. J-s =       1   No. LU-s =      12
  No. nonlinear iterations =      49
  No. nonlinear convergence failures =       0
  No. error test failures =       0
  Last step size used =    0.62606E+07
  Index compenent largest error = ********


    ... DONE!
 +++++++++++++++++++++++++++++++++++++++++++++++++++


+------------------ Job Report: 10176360 (COMPLETED) ------------------+
| Memory (RAM)  [#                   ]  5.5% (56 MB peak / 1 GB)       |
| CPU           [##############      ] 70.5% average                   |
| Time          [>                   ]  2.4% (0-00:01:28 / 0-01:00:00) |
|                                                                      |
| Lustre Filesystem:                                                   |
|   Path    Total Read    Total Write    Total IOPS                    |
|   ------  ------------  -------------  ------------                  |
|   /apps   0 B           0 B            18                            |
|   /fred   28 KB         100.9 MB       5 K                           |
|                                                                      |
| Warnings:                                                            |
|   - Too much memory requested                                        |
|   - CPU usage is low                                                 |
|   - Too much time requested                                          |
+----------------------------------------------------------------------+
