Starting job 10175700, array task 428 on dave28
Chemistry type: Crich
Analysis mode: false
Found 462 valid particle IDs in /fred/oz304/beckers/Chemistry/traces/wind_v10/trace_output_with_av
Returning 460 particle IDs (after start_index=2 offset)
SLURM task 428: processing particle 3860738
Running Crich evolving_model on 1 phantom particle trace(s) from wind_v10

 +++++++++++++++++++++++++++++++++++++++++++++++++++
 +++++        ENVELOPE CHEMICAL MODEL         ++++++
 +++++++++++++++++++++++++++++++++++++++++++++++++++

 Version 1.0 authored by Catherine Walsh and Maria 
    Drozdovskaya, Leiden Observatory (01/08/2013)

 Version 1.1 amended by Catherine Walsh (18/05/2014)

 Version 1.2 amended by Catherine Walsh (13/08/2015)

 +++++++++++++++++++++++++++++++++++++++++++++++++++

          Input file =  Crich/param/trace_file_param/file_parameters_3860738.txt              

 Physical conditions  = Crich/input/3860738.txt                                               
 Chemical network     = ./rate12_complex.rates                                                
 Species file         = ./rate12_complex_atomic_Crich.specs                                   
 Binding energies     = ./rate12_binding.dat                                                  
 Reaction parameters  = param/reaction_parameters.txt                                         
 Grain parameters     = param/grain_parameters.txt                                            
 Radiation parameters = param/radiation_parameters.txt                                        

 Output file          = Crich/output/model_output_3860738.dat                                 
 Rates file           = Crich/output/model_rates_3860738.dat                                  

 Opening and reading physical conditions file ...

 +++++++++++++++++++++++++++++++++++++++++++++++++++
 Beginning to run model ...
 +++++++++++++++++++++++++++++++++++++++++++++++++++

 Preparing output files ...

 Progress = ...
 ...    1 / 106

 No. steps =    1025   No. f-s =   17523   No. J-s =      24   No. LU-s =     174
  No. nonlinear iterations =    1490
  No. nonlinear convergence failures =       0
  No. error test failures =      47
  Last step size used =    0.14703E+10
  Index compenent largest error = ********

 ...    2 / 106

 No. steps =     189   No. f-s =    2891   No. J-s =       4   No. LU-s =      34
  No. nonlinear iterations =     216
  No. nonlinear convergence failures =       0
  No. error test failures =       1
  Last step size used =    0.25474E+07
  Index compenent largest error = ********

 ...    3 / 106

 No. steps =     179   No. f-s =    2877   No. J-s =       4   No. LU-s =      33
  No. nonlinear iterations =     202
  No. nonlinear convergence failures =       0
  No. error test failures =       1
  Last step size used =    0.29332E+07
  Index compenent largest error = ********

 ...    4 / 106

 No. steps =     166   No. f-s =    2863   No. J-s =       4   No. LU-s =      29
  No. nonlinear iterations =     188
  No. nonlinear convergence failures =       0
  No. error test failures =       0
  Last step size used =    0.36583E+07
  Index compenent largest error = ********

 ...    5 / 106

 No. steps =     159   No. f-s =    2186   No. J-s =       3   No. LU-s =      28
  No. nonlinear iterations =     179
  No. nonlinear convergence failures =       0
  No. error test failures =       0
  Last step size used =    0.40532E+07
  Index compenent largest error = ********

 ...    6 / 106

 No. steps =     149   No. f-s =    2177   No. J-s =       3   No. LU-s =      27
  No. nonlinear iterations =     170
  No. nonlinear convergence failures =       0
  No. error test failures =       0
  Last step size used =    0.31971E+07
  Index compenent largest error = ********

 ...    7 / 106

 No. steps =     144   No. f-s =    2174   No. J-s =       3   No. LU-s =      28
  No. nonlinear iterations =     167
  No. nonlinear convergence failures =       0
  No. error test failures =       0
  Last step size used =    0.48426E+07
  Index compenent largest error = ********

 ...    8 / 106

 No. steps =     136   No. f-s =    2158   No. J-s =       3   No. LU-s =      26
  No. nonlinear iterations =     151
  No. nonlinear convergence failures =       0
  No. error test failures =       0
  Last step size used =    0.30341E+07
  Index compenent largest error = ********

 ...    9 / 106

 No. steps =     131   No. f-s =    2156   No. J-s =       3   No. LU-s =      26
  No. nonlinear iterations =     149
  No. nonlinear convergence failures =       0
  No. error test failures =       0
  Last step size used =    0.46993E+07
  Index compenent largest error = ********

 ...   10 / 106

 No. steps =     124   No. f-s =    2148   No. J-s =       3   No. LU-s =      24
  No. nonlinear iterations =     141
  No. nonlinear convergence failures =       0
  No. error test failures =       0
  Last step size used =    0.35310E+07
  Index compenent largest error = ********

 ...   11 / 106

 No. steps =     122   No. f-s =    2146   No. J-s =       3   No. LU-s =      25
  No. nonlinear iterations =     139
  No. nonlinear convergence failures =       0
  No. error test failures =       0
  Last step size used =    0.47791E+07
  Index compenent largest error = ********

 ...   12 / 106

 No. steps =     121   No. f-s =    2143   No. J-s =       3   No. LU-s =      24
  No. nonlinear iterations =     136
  No. nonlinear convergence failures =       0
  No. error test failures =       0
  Last step size used =    0.34729E+07
  Index compenent largest error = ********

 ...   13 / 106

 No. steps =     119   No. f-s =    2139   No. J-s =       3   No. LU-s =      24
  No. nonlinear iterations =     132
  No. nonlinear convergence failures =       0
  No. error test failures =       0
  Last step size used =    0.37941E+07
  Index compenent largest error = ********

 ...   14 / 106

 No. steps =     117   No. f-s =    2136   No. J-s =       3   No. LU-s =      24
  No. nonlinear iterations =     129
  No. nonlinear convergence failures =       0
  No. error test failures =       0
  Last step size used =    0.43904E+07
  Index compenent largest error = ********

 ...   15 / 106

 No. steps =     116   No. f-s =    2135   No. J-s =       3   No. LU-s =      24
  No. nonlinear iterations =     128
  No. nonlinear convergence failures =       0
  No. error test failures =       0
  Last step size used =    0.48039E+07
  Index compenent largest error = ********

 ...   16 / 106

 No. steps =     114   No. f-s =    2132   No. J-s =       3   No. LU-s =      23
  No. nonlinear iterations =     125
  No. nonlinear convergence failures =       0
  No. error test failures =       0
  Last step size used =    0.40391E+07
  Index compenent largest error = ********

 ...   17 / 106

 No. steps =     112   No. f-s =    2132   No. J-s =       3   No. LU-s =      24
  No. nonlinear iterations =     125
  No. nonlinear convergence failures =       0
  No. error test failures =       0
  Last step size used =    0.49202E+07
  Index compenent largest error = ********

 ...   18 / 106

 No. steps =     109   No. f-s =    1464   No. J-s =       2   No. LU-s =      22
  No. nonlinear iterations =     125
  No. nonlinear convergence failures =       0
  No. error test failures =       0
  Last step size used =    0.37058E+07
  Index compenent largest error = ********

 ...   19 / 106

 No. steps =     104   No. f-s =    1457   No. J-s =       2   No. LU-s =      23
  No. nonlinear iterations =     118
  No. nonlinear convergence failures =       0
  No. error test failures =       0
  Last step size used =    0.45013E+07
  Index compenent largest error = ********

 ...   20 / 106

 No. steps =     109   No. f-s =    1462   No. J-s =       2   No. LU-s =      22
  No. nonlinear iterations =     123
  No. nonlinear convergence failures =       0
  No. error test failures =       0
  Last step size used =    0.34464E+07
  Index compenent largest error = ********

 ...   21 / 106

 No. steps =     118   No. f-s =    2148   No. J-s =       3   No. LU-s =      24
  No. nonlinear iterations =     141
  No. nonlinear convergence failures =       0
  No. error test failures =       1
  Last step size used =    0.43591E+07
  Index compenent largest error = ********

 ...   22 / 106

 No. steps =     116   No. f-s =    2144   No. J-s =       3   No. LU-s =      25
  No. nonlinear iterations =     137
  No. nonlinear convergence failures =       0
  No. error test failures =       1
  Last step size used =    0.38151E+07
  Index compenent largest error = ********

 ...   23 / 106

 No. steps =     102   No. f-s =    1457   No. J-s =       2   No. LU-s =      23
  No. nonlinear iterations =     118
  No. nonlinear convergence failures =       0
  No. error test failures =       0
  Last step size used =    0.46151E+07
  Index compenent largest error = ********

 ...   24 / 106

 No. steps =      90   No. f-s =    1441   No. J-s =       2   No. LU-s =      23
  No. nonlinear iterations =     102
  No. nonlinear convergence failures =       0
  No. error test failures =       0
  Last step size used =    0.48377E+07
  Index compenent largest error = ********

 ...   25 / 106

 No. steps =     104   No. f-s =    1457   No. J-s =       2   No. LU-s =      24
  No. nonlinear iterations =     118
  No. nonlinear convergence failures =       0
  No. error test failures =       0
  Last step size used =    0.38194E+07
  Index compenent largest error = ********

 ...   26 / 106

 No. steps =     110   No. f-s =    2132   No. J-s =       3   No. LU-s =      22
  No. nonlinear iterations =     125
  No. nonlinear convergence failures =       0
  No. error test failures =       0
  Last step size used =    0.45782E+07
  Index compenent largest error = ********

 ...   27 / 106

 No. steps =     111   No. f-s =    2133   No. J-s =       3   No. LU-s =      22
  No. nonlinear iterations =     126
  No. nonlinear convergence failures =       0
  No. error test failures =       0
  Last step size used =    0.41575E+07
  Index compenent largest error = ********

 ...   28 / 106

 No. steps =     111   No. f-s =    2130   No. J-s =       3   No. LU-s =      22
  No. nonlinear iterations =     123
  No. nonlinear convergence failures =       0
  No. error test failures =       0
  Last step size used =    0.40332E+07
  Index compenent largest error = ********

 ...   29 / 106

 No. steps =     110   No. f-s =    1459   No. J-s =       2   No. LU-s =      22
  No. nonlinear iterations =     120
  No. nonlinear convergence failures =       0
  No. error test failures =       0
  Last step size used =    0.33568E+07
  Index compenent largest error = ********

 ...   30 / 106

 No. steps =     109   No. f-s =    2127   No. J-s =       3   No. LU-s =      23
  No. nonlinear iterations =     120
  No. nonlinear convergence failures =       0
  No. error test failures =       0
  Last step size used =    0.55251E+07
  Index compenent largest error = ********

 ...   31 / 106

 No. steps =     109   No. f-s =    2127   No. J-s =       3   No. LU-s =      23
  No. nonlinear iterations =     120
  No. nonlinear convergence failures =       0
  No. error test failures =       0
  Last step size used =    0.60693E+07
  Index compenent largest error = ********

 ...   32 / 106

 No. steps =     107   No. f-s =    2124   No. J-s =       3   No. LU-s =      22
  No. nonlinear iterations =     117
  No. nonlinear convergence failures =       0
  No. error test failures =       0
  Last step size used =    0.44333E+07
  Index compenent largest error = ********

 ...   33 / 106

 No. steps =     106   No. f-s =    2123   No. J-s =       3   No. LU-s =      22
  No. nonlinear iterations =     116
  No. nonlinear convergence failures =       0
  No. error test failures =       0
  Last step size used =    0.51129E+07
  Index compenent largest error = ********

 ...   34 / 106

 No. steps =     101   No. f-s =    1450   No. J-s =       2   No. LU-s =      21
  No. nonlinear iterations =     111
  No. nonlinear convergence failures =       0
  No. error test failures =       0
  Last step size used =    0.46751E+07
  Index compenent largest error = ********

 ...   35 / 106

 No. steps =     102   No. f-s =    1451   No. J-s =       2   No. LU-s =      21
  No. nonlinear iterations =     112
  No. nonlinear convergence failures =       0
  No. error test failures =       0
  Last step size used =    0.42530E+07
  Index compenent largest error = ********

 ...   36 / 106

 No. steps =      96   No. f-s =    1448   No. J-s =       2   No. LU-s =      20
  No. nonlinear iterations =     109
  No. nonlinear convergence failures =       0
  No. error test failures =       0
  Last step size used =    0.42145E+07
  Index compenent largest error = ********

 ...   37 / 106

 No. steps =      94   No. f-s =    1447   No. J-s =       2   No. LU-s =      20
  No. nonlinear iterations =     108
  No. nonlinear convergence failures =       0
  No. error test failures =       0
  Last step size used =    0.49288E+07
  Index compenent largest error = ********

 ...   38 / 106

 No. steps =      97   No. f-s =    1449   No. J-s =       2   No. LU-s =      22
  No. nonlinear iterations =     110
  No. nonlinear convergence failures =       0
  No. error test failures =       0
  Last step size used =    0.52861E+07
  Index compenent largest error = ********

 ...   39 / 106

 No. steps =      93   No. f-s =    1443   No. J-s =       2   No. LU-s =      22
  No. nonlinear iterations =     104
  No. nonlinear convergence failures =       0
  No. error test failures =       0
  Last step size used =    0.83584E+07
  Index compenent largest error = ********

 ...   40 / 106

 No. steps =      91   No. f-s =    1442   No. J-s =       2   No. LU-s =      20
  No. nonlinear iterations =     103
  No. nonlinear convergence failures =       0
  No. error test failures =       0
  Last step size used =    0.50502E+07
  Index compenent largest error = ********

 ...   41 / 106

 No. steps =      90   No. f-s =    1440   No. J-s =       2   No. LU-s =      20
  No. nonlinear iterations =     101
  No. nonlinear convergence failures =       0
  No. error test failures =       0
  Last step size used =    0.52218E+07
  Index compenent largest error = ********

 ...   42 / 106

 No. steps =      90   No. f-s =    1440   No. J-s =       2   No. LU-s =      20
  No. nonlinear iterations =     101
  No. nonlinear convergence failures =       0
  No. error test failures =       0
  Last step size used =    0.46597E+07
  Index compenent largest error = ********

 ...   43 / 106

 No. steps =      88   No. f-s =    1440   No. J-s =       2   No. LU-s =      20
  No. nonlinear iterations =     101
  No. nonlinear convergence failures =       0
  No. error test failures =       0
  Last step size used =    0.49457E+07
  Index compenent largest error = ********

 ...   44 / 106

 No. steps =      84   No. f-s =    1438   No. J-s =       2   No. LU-s =      21
  No. nonlinear iterations =      99
  No. nonlinear convergence failures =       0
  No. error test failures =       0
  Last step size used =    0.50748E+07
  Index compenent largest error = ********

 ...   45 / 106

 No. steps =      85   No. f-s =    1439   No. J-s =       2   No. LU-s =      20
  No. nonlinear iterations =     100
  No. nonlinear convergence failures =       0
  No. error test failures =       0
  Last step size used =    0.56335E+07
  Index compenent largest error = ********

 ...   46 / 106

 No. steps =      85   No. f-s =    1437   No. J-s =       2   No. LU-s =      21
  No. nonlinear iterations =      98
  No. nonlinear convergence failures =       0
  No. error test failures =       0
  Last step size used =    0.55772E+07
  Index compenent largest error = ********

 ...   47 / 106

 No. steps =      84   No. f-s =    1436   No. J-s =       2   No. LU-s =      19
  No. nonlinear iterations =      97
  No. nonlinear convergence failures =       0
  No. error test failures =       0
  Last step size used =    0.49544E+07
  Index compenent largest error = ********

 ...   48 / 106

 No. steps =      83   No. f-s =    1436   No. J-s =       2   No. LU-s =      19
  No. nonlinear iterations =      97
  No. nonlinear convergence failures =       0
  No. error test failures =       0
  Last step size used =    0.56248E+07
  Index compenent largest error = ********

 ...   49 / 106

 No. steps =      83   No. f-s =    1436   No. J-s =       2   No. LU-s =      19
  No. nonlinear iterations =      97
  No. nonlinear convergence failures =       0
  No. error test failures =       0
  Last step size used =    0.52975E+07
  Index compenent largest error = ********

 ...   50 / 106

 No. steps =      84   No. f-s =    1436   No. J-s =       2   No. LU-s =      20
  No. nonlinear iterations =      97
  No. nonlinear convergence failures =       0
  No. error test failures =       0
  Last step size used =    0.48114E+07
  Index compenent largest error = ********

 ...   51 / 106

 No. steps =      82   No. f-s =    1434   No. J-s =       2   No. LU-s =      19
  No. nonlinear iterations =      95
  No. nonlinear convergence failures =       0
  No. error test failures =       0
  Last step size used =    0.61622E+07
  Index compenent largest error = ********

 ...   52 / 106

 No. steps =      78   No. f-s =    1430   No. J-s =       2   No. LU-s =      20
  No. nonlinear iterations =      91
  No. nonlinear convergence failures =       0
  No. error test failures =       0
  Last step size used =    0.56077E+07
  Index compenent largest error = ********

 ...   53 / 106

 No. steps =      81   No. f-s =    1433   No. J-s =       2   No. LU-s =      18
  No. nonlinear iterations =      94
  No. nonlinear convergence failures =       0
  No. error test failures =       0
  Last step size used =    0.42202E+07
  Index compenent largest error = ********

 ...   54 / 106

 No. steps =      80   No. f-s =    1432   No. J-s =       2   No. LU-s =      18
  No. nonlinear iterations =      93
  No. nonlinear convergence failures =       0
  No. error test failures =       0
  Last step size used =    0.43673E+07
  Index compenent largest error = ********

 ...   55 / 106

 No. steps =      79   No. f-s =    1427   No. J-s =       2   No. LU-s =      19
  No. nonlinear iterations =      88
  No. nonlinear convergence failures =       0
  No. error test failures =       0
  Last step size used =    0.49937E+07
  Index compenent largest error = ********

 ...   56 / 106

 No. steps =      80   No. f-s =    1429   No. J-s =       2   No. LU-s =      20
  No. nonlinear iterations =      90
  No. nonlinear convergence failures =       0
  No. error test failures =       0
  Last step size used =    0.56729E+07
  Index compenent largest error = ********

 ...   57 / 106

 No. steps =      78   No. f-s =    1426   No. J-s =       2   No. LU-s =      19
  No. nonlinear iterations =      87
  No. nonlinear convergence failures =       0
  No. error test failures =       0
  Last step size used =    0.50825E+07
  Index compenent largest error = ********

 ...   58 / 106

 No. steps =      78   No. f-s =    1426   No. J-s =       2   No. LU-s =      19
  No. nonlinear iterations =      87
  No. nonlinear convergence failures =       0
  No. error test failures =       0
  Last step size used =    0.54332E+07
  Index compenent largest error = ********

 ...   59 / 106

 No. steps =      77   No. f-s =    1425   No. J-s =       2   No. LU-s =      18
  No. nonlinear iterations =      86
  No. nonlinear convergence failures =       0
  No. error test failures =       0
  Last step size used =    0.42069E+07
  Index compenent largest error = ********

 ...   60 / 106

 No. steps =      76   No. f-s =    1424   No. J-s =       2   No. LU-s =      18
  No. nonlinear iterations =      85
  No. nonlinear convergence failures =       0
  No. error test failures =       0
  Last step size used =    0.45045E+07
  Index compenent largest error = ********

 ...   61 / 106

 No. steps =      76   No. f-s =    1424   No. J-s =       2   No. LU-s =      18
  No. nonlinear iterations =      85
  No. nonlinear convergence failures =       0
  No. error test failures =       0
  Last step size used =    0.46867E+07
  Index compenent largest error = ********

 ...   62 / 106

 No. steps =      74   No. f-s =    1422   No. J-s =       2   No. LU-s =      18
  No. nonlinear iterations =      83
  No. nonlinear convergence failures =       0
  No. error test failures =       0
  Last step size used =    0.45629E+07
  Index compenent largest error = ********

 ...   63 / 106

 No. steps =      72   No. f-s =    1422   No. J-s =       2   No. LU-s =      18
  No. nonlinear iterations =      83
  No. nonlinear convergence failures =       0
  No. error test failures =       0
  Last step size used =    0.54530E+07
  Index compenent largest error = ********

 ...   64 / 106

 No. steps =      73   No. f-s =    1419   No. J-s =       2   No. LU-s =      18
  No. nonlinear iterations =      80
  No. nonlinear convergence failures =       0
  No. error test failures =       0
  Last step size used =    0.52057E+07
  Index compenent largest error = ********

 ...   65 / 106

 No. steps =      72   No. f-s =    1420   No. J-s =       2   No. LU-s =      17
  No. nonlinear iterations =      81
  No. nonlinear convergence failures =       0
  No. error test failures =       0
  Last step size used =    0.39340E+07
  Index compenent largest error = ********

 ...   66 / 106

 No. steps =      72   No. f-s =    1420   No. J-s =       2   No. LU-s =      17
  No. nonlinear iterations =      81
  No. nonlinear convergence failures =       0
  No. error test failures =       0
  Last step size used =    0.41042E+07
  Index compenent largest error = ********

 ...   67 / 106

 No. steps =      70   No. f-s =    1416   No. J-s =       2   No. LU-s =      17
  No. nonlinear iterations =      77
  No. nonlinear convergence failures =       0
  No. error test failures =       0
  Last step size used =    0.41870E+07
  Index compenent largest error = ********

 ...   68 / 106

 No. steps =      69   No. f-s =    1417   No. J-s =       2   No. LU-s =      18
  No. nonlinear iterations =      78
  No. nonlinear convergence failures =       0
  No. error test failures =       0
  Last step size used =    0.59732E+07
  Index compenent largest error = ********

 ...   69 / 106

 No. steps =      68   No. f-s =    1415   No. J-s =       2   No. LU-s =      17
  No. nonlinear iterations =      76
  No. nonlinear convergence failures =       0
  No. error test failures =       0
  Last step size used =    0.44089E+07
  Index compenent largest error = ********

 ...   70 / 106

 No. steps =      67   No. f-s =    1414   No. J-s =       2   No. LU-s =      16
  No. nonlinear iterations =      75
  No. nonlinear convergence failures =       0
  No. error test failures =       0
  Last step size used =    0.41318E+07
  Index compenent largest error = ********

 ...   71 / 106

 No. steps =      65   No. f-s =    1412   No. J-s =       2   No. LU-s =      17
  No. nonlinear iterations =      73
  No. nonlinear convergence failures =       0
  No. error test failures =       0
  Last step size used =    0.52784E+07
  Index compenent largest error = ********

 ...   72 / 106

 No. steps =      64   No. f-s =    1411   No. J-s =       2   No. LU-s =      16
  No. nonlinear iterations =      72
  No. nonlinear convergence failures =       0
  No. error test failures =       0
  Last step size used =    0.46410E+07
  Index compenent largest error = ********

 ...   73 / 106

 No. steps =      63   No. f-s =    1413   No. J-s =       2   No. LU-s =      16
  No. nonlinear iterations =      74
  No. nonlinear convergence failures =       0
  No. error test failures =       0
  Last step size used =    0.45589E+07
  Index compenent largest error = ********

 ...   74 / 106

 No. steps =      62   No. f-s =    1410   No. J-s =       2   No. LU-s =      16
  No. nonlinear iterations =      71
  No. nonlinear convergence failures =       0
  No. error test failures =       0
  Last step size used =    0.46308E+07
  Index compenent largest error = ********

 ...   75 / 106

 No. steps =      60   No. f-s =    1408   No. J-s =       2   No. LU-s =      16
  No. nonlinear iterations =      69
  No. nonlinear convergence failures =       0
  No. error test failures =       0
  Last step size used =    0.56173E+07
  Index compenent largest error = ********

 ...   76 / 106

 No. steps =      60   No. f-s =    1405   No. J-s =       2   No. LU-s =      17
  No. nonlinear iterations =      66
  No. nonlinear convergence failures =       0
  No. error test failures =       0
  Last step size used =    0.63272E+07
  Index compenent largest error = ********

 ...   77 / 106

 No. steps =      59   No. f-s =    1404   No. J-s =       2   No. LU-s =      16
  No. nonlinear iterations =      65
  No. nonlinear convergence failures =       0
  No. error test failures =       0
  Last step size used =    0.46354E+07
  Index compenent largest error = ********

 ...   78 / 106

 No. steps =      60   No. f-s =    1405   No. J-s =       2   No. LU-s =      16
  No. nonlinear iterations =      66
  No. nonlinear convergence failures =       0
  No. error test failures =       0
  Last step size used =    0.44564E+07
  Index compenent largest error = ********

 ...   79 / 106

 No. steps =      53   No. f-s =     732   No. J-s =       1   No. LU-s =      15
  No. nonlinear iterations =      61
  No. nonlinear convergence failures =       0
  No. error test failures =       0
  Last step size used =    0.53467E+07
  Index compenent largest error = ********

 ...   80 / 106

 No. steps =      54   No. f-s =     734   No. J-s =       1   No. LU-s =      15
  No. nonlinear iterations =      63
  No. nonlinear convergence failures =       0
  No. error test failures =       0
  Last step size used =    0.50496E+07
  Index compenent largest error = ********

 ...   81 / 106

 No. steps =      54   No. f-s =     734   No. J-s =       1   No. LU-s =      15
  No. nonlinear iterations =      63
  No. nonlinear convergence failures =       0
  No. error test failures =       0
  Last step size used =    0.51614E+07
  Index compenent largest error = ********

 ...   82 / 106

 No. steps =      54   No. f-s =    1402   No. J-s =       2   No. LU-s =      16
  No. nonlinear iterations =      63
  No. nonlinear convergence failures =       0
  No. error test failures =       0
  Last step size used =    0.62724E+07
  Index compenent largest error = ********

 ...   83 / 106

 No. steps =      54   No. f-s =    1402   No. J-s =       2   No. LU-s =      17
  No. nonlinear iterations =      63
  No. nonlinear convergence failures =       0
  No. error test failures =       0
  Last step size used =    0.10566E+08
  Index compenent largest error = ********

 ...   84 / 106

 No. steps =      54   No. f-s =     733   No. J-s =       1   No. LU-s =      15
  No. nonlinear iterations =      62
  No. nonlinear convergence failures =       0
  No. error test failures =       0
  Last step size used =    0.52065E+07
  Index compenent largest error = ********

 ...   85 / 106

 No. steps =      52   No. f-s =     730   No. J-s =       1   No. LU-s =      14
  No. nonlinear iterations =      59
  No. nonlinear convergence failures =       0
  No. error test failures =       0
  Last step size used =    0.65387E+07
  Index compenent largest error = ********

 ...   86 / 106

 No. steps =      53   No. f-s =    1399   No. J-s =       2   No. LU-s =      15
  No. nonlinear iterations =      60
  No. nonlinear convergence failures =       0
  No. error test failures =       0
  Last step size used =    0.64235E+07
  Index compenent largest error = ********

 ...   87 / 106

 No. steps =      52   No. f-s =     730   No. J-s =       1   No. LU-s =      13
  No. nonlinear iterations =      59
  No. nonlinear convergence failures =       0
  No. error test failures =       0
  Last step size used =    0.47608E+07
  Index compenent largest error = ********

 ...   88 / 106

 No. steps =      53   No. f-s =    1399   No. J-s =       2   No. LU-s =      15
  No. nonlinear iterations =      60
  No. nonlinear convergence failures =       0
  No. error test failures =       0
  Last step size used =    0.62247E+07
  Index compenent largest error = ********

 ...   89 / 106

 No. steps =      54   No. f-s =    1401   No. J-s =       2   No. LU-s =      15
  No. nonlinear iterations =      62
  No. nonlinear convergence failures =       0
  No. error test failures =       0
  Last step size used =    0.63178E+07
  Index compenent largest error = ********

 ...   90 / 106

 No. steps =      54   No. f-s =    1401   No. J-s =       2   No. LU-s =      15
  No. nonlinear iterations =      62
  No. nonlinear convergence failures =       0
  No. error test failures =       0
  Last step size used =    0.63870E+07
  Index compenent largest error = ********

 ...   91 / 106

 No. steps =      53   No. f-s =    1399   No. J-s =       2   No. LU-s =      15
  No. nonlinear iterations =      60
  No. nonlinear convergence failures =       0
  No. error test failures =       0
  Last step size used =    0.60045E+07
  Index compenent largest error = ********

 ...   92 / 106

 No. steps =      53   No. f-s =    1399   No. J-s =       2   No. LU-s =      15
  No. nonlinear iterations =      60
  No. nonlinear convergence failures =       0
  No. error test failures =       0
  Last step size used =    0.58146E+07
  Index compenent largest error = ********

 ...   93 / 106

 No. steps =      54   No. f-s =    1401   No. J-s =       2   No. LU-s =      15
  No. nonlinear iterations =      62
  No. nonlinear convergence failures =       0
  No. error test failures =       0
  Last step size used =    0.65059E+07
  Index compenent largest error = ********

 ...   94 / 106

 No. steps =      56   No. f-s =    1402   No. J-s =       2   No. LU-s =      15
  No. nonlinear iterations =      63
  No. nonlinear convergence failures =       0
  No. error test failures =       0
  Last step size used =    0.45124E+07
  Index compenent largest error = ********

 ...   95 / 106

 No. steps =      55   No. f-s =    1401   No. J-s =       2   No. LU-s =      15
  No. nonlinear iterations =      62
  No. nonlinear convergence failures =       0
  No. error test failures =       0
  Last step size used =    0.53303E+07
  Index compenent largest error = ********

 ...   96 / 106

 No. steps =      55   No. f-s =    1401   No. J-s =       2   No. LU-s =      15
  No. nonlinear iterations =      62
  No. nonlinear convergence failures =       0
  No. error test failures =       0
  Last step size used =    0.51193E+07
  Index compenent largest error = ********

 ...   97 / 106

 No. steps =      56   No. f-s =    1402   No. J-s =       2   No. LU-s =      15
  No. nonlinear iterations =      63
  No. nonlinear convergence failures =       0
  No. error test failures =       0
  Last step size used =    0.50038E+07
  Index compenent largest error = ********

 ...   98 / 106

 No. steps =      56   No. f-s =    1402   No. J-s =       2   No. LU-s =      15
  No. nonlinear iterations =      63
  No. nonlinear convergence failures =       0
  No. error test failures =       0
  Last step size used =    0.42543E+07
  Index compenent largest error = ********

 ...   99 / 106

 No. steps =      56   No. f-s =    1402   No. J-s =       2   No. LU-s =      15
  No. nonlinear iterations =      63
  No. nonlinear convergence failures =       0
  No. error test failures =       0
  Last step size used =    0.50085E+07
  Index compenent largest error = ********

 ...  100 / 106

 No. steps =      56   No. f-s =    1402   No. J-s =       2   No. LU-s =      15
  No. nonlinear iterations =      63
  No. nonlinear convergence failures =       0
  No. error test failures =       0
  Last step size used =    0.44409E+07
  Index compenent largest error = ********

 ...  101 / 106

 No. steps =      56   No. f-s =    1402   No. J-s =       2   No. LU-s =      15
  No. nonlinear iterations =      63
  No. nonlinear convergence failures =       0
  No. error test failures =       0
  Last step size used =    0.46924E+07
  Index compenent largest error = ********

 ...  102 / 106

 No. steps =      58   No. f-s =    1405   No. J-s =       2   No. LU-s =      15
  No. nonlinear iterations =      66
  No. nonlinear convergence failures =       0
  No. error test failures =       0
  Last step size used =    0.52811E+07
  Index compenent largest error = ********

 ...  103 / 106

 No. steps =      57   No. f-s =    1404   No. J-s =       2   No. LU-s =      15
  No. nonlinear iterations =      65
  No. nonlinear convergence failures =       0
  No. error test failures =       0
  Last step size used =    0.59686E+07
  Index compenent largest error = ********

 ...  104 / 106

 No. steps =      55   No. f-s =    1401   No. J-s =       2   No. LU-s =      15
  No. nonlinear iterations =      62
  No. nonlinear convergence failures =       0
  No. error test failures =       0
  Last step size used =    0.51179E+07
  Index compenent largest error = ********

 ...  105 / 106

 No. steps =      56   No. f-s =    1403   No. J-s =       2   No. LU-s =      15
  No. nonlinear iterations =      64
  No. nonlinear convergence failures =       0
  No. error test failures =       0
  Last step size used =    0.51296E+07
  Index compenent largest error = ********

 ...  106 / 106

 No. steps =      57   No. f-s =    1404   No. J-s =       2   No. LU-s =      15
  No. nonlinear iterations =      65
  No. nonlinear convergence failures =       0
  No. error test failures =       0
  Last step size used =    0.61431E+07
  Index compenent largest error = ********


    ... DONE!
 +++++++++++++++++++++++++++++++++++++++++++++++++++


+------------------ Job Report: 10176474 (COMPLETED) ------------------+
| Memory (RAM)  [                    ]  0.1% (1 MB peak / 1 GB)        |
| CPU           [############        ] 64.6% average                   |
| Time          [>                   ]  1.3% (0-00:00:48 / 0-01:00:00) |
|                                                                      |
| Lustre Filesystem:                                                   |
|   Path    Total Read    Total Write    Total IOPS                    |
|   ------  ------------  -------------  ------------                  |
|   /apps   0 B           0 B            18                            |
|   /fred   4 KB          14 MB          1.1 K                         |
+----------------------------------------------------------------------+
