Starting job 10175700, array task 392 on dave34
Chemistry type: Crich
Analysis mode: false
Found 462 valid particle IDs in /fred/oz304/beckers/Chemistry/traces/wind_v10/trace_output_with_av
Returning 460 particle IDs (after start_index=2 offset)
SLURM task 392: processing particle 3554596
Running Crich evolving_model on 1 phantom particle trace(s) from wind_v10

 +++++++++++++++++++++++++++++++++++++++++++++++++++
 +++++        ENVELOPE CHEMICAL MODEL         ++++++
 +++++++++++++++++++++++++++++++++++++++++++++++++++

 Version 1.0 authored by Catherine Walsh and Maria 
    Drozdovskaya, Leiden Observatory (01/08/2013)

 Version 1.1 amended by Catherine Walsh (18/05/2014)

 Version 1.2 amended by Catherine Walsh (13/08/2015)

 +++++++++++++++++++++++++++++++++++++++++++++++++++

          Input file =  Crich/param/trace_file_param/file_parameters_3554596.txt              

 Physical conditions  = Crich/input/3554596.txt                                               
 Chemical network     = ./rate12_complex.rates                                                
 Species file         = ./rate12_complex_atomic_Crich.specs                                   
 Binding energies     = ./rate12_binding.dat                                                  
 Reaction parameters  = param/reaction_parameters.txt                                         
 Grain parameters     = param/grain_parameters.txt                                            
 Radiation parameters = param/radiation_parameters.txt                                        

 Output file          = Crich/output/model_output_3554596.dat                                 
 Rates file           = Crich/output/model_rates_3554596.dat                                  

 Opening and reading physical conditions file ...

 +++++++++++++++++++++++++++++++++++++++++++++++++++
 Beginning to run model ...
 +++++++++++++++++++++++++++++++++++++++++++++++++++

 Preparing output files ...

 Progress = ...
 ...    1 / 225

 No. steps =    1078   No. f-s =   17663   No. J-s =      24   No. LU-s =     183
  No. nonlinear iterations =    1630
  No. nonlinear convergence failures =       0
  No. error test failures =      58
  Last step size used =    0.93071E+09
  Index compenent largest error = ********

 ...    2 / 225

 No. steps =     211   No. f-s =    2914   No. J-s =       4   No. LU-s =      33
  No. nonlinear iterations =     239
  No. nonlinear convergence failures =       0
  No. error test failures =       1
  Last step size used =    0.29860E+07
  Index compenent largest error = ********

 ...    3 / 225

 No. steps =     184   No. f-s =    2883   No. J-s =       4   No. LU-s =      32
  No. nonlinear iterations =     208
  No. nonlinear convergence failures =       0
  No. error test failures =       1
  Last step size used =    0.26279E+07
  Index compenent largest error = ********

 ...    4 / 225

 No. steps =     176   No. f-s =    2875   No. J-s =       4   No. LU-s =      33
  No. nonlinear iterations =     200
  No. nonlinear convergence failures =       0
  No. error test failures =       1
  Last step size used =    0.36230E+07
  Index compenent largest error = ********

 ...    5 / 225

 No. steps =     158   No. f-s =    2185   No. J-s =       3   No. LU-s =      28
  No. nonlinear iterations =     178
  No. nonlinear convergence failures =       0
  No. error test failures =       0
  Last step size used =    0.38711E+07
  Index compenent largest error = ********

 ...    6 / 225

 No. steps =     154   No. f-s =    2179   No. J-s =       3   No. LU-s =      28
  No. nonlinear iterations =     172
  No. nonlinear convergence failures =       0
  No. error test failures =       0
  Last step size used =    0.40673E+07
  Index compenent largest error = ********

 ...    7 / 225

 No. steps =     149   No. f-s =    2174   No. J-s =       3   No. LU-s =      27
  No. nonlinear iterations =     167
  No. nonlinear convergence failures =       0
  No. error test failures =       0
  Last step size used =    0.27162E+07
  Index compenent largest error = ********

 ...    8 / 225

 No. steps =     142   No. f-s =    2164   No. J-s =       3   No. LU-s =      27
  No. nonlinear iterations =     157
  No. nonlinear convergence failures =       0
  No. error test failures =       0
  Last step size used =    0.30161E+07
  Index compenent largest error = ********

 ...    9 / 225

 No. steps =     134   No. f-s =    2160   No. J-s =       3   No. LU-s =      26
  No. nonlinear iterations =     153
  No. nonlinear convergence failures =       0
  No. error test failures =       0
  Last step size used =    0.35069E+07
  Index compenent largest error = ********

 ...   10 / 225

 No. steps =     131   No. f-s =    2154   No. J-s =       3   No. LU-s =      26
  No. nonlinear iterations =     147
  No. nonlinear convergence failures =       0
  No. error test failures =       0
  Last step size used =    0.40402E+07
  Index compenent largest error = ********

 ...   11 / 225

 No. steps =     127   No. f-s =    2148   No. J-s =       3   No. LU-s =      26
  No. nonlinear iterations =     141
  No. nonlinear convergence failures =       0
  No. error test failures =       0
  Last step size used =    0.47810E+07
  Index compenent largest error = ********

 ...   12 / 225

 No. steps =     126   No. f-s =    2149   No. J-s =       3   No. LU-s =      25
  No. nonlinear iterations =     142
  No. nonlinear convergence failures =       0
  No. error test failures =       0
  Last step size used =    0.43053E+07
  Index compenent largest error = ********

 ...   13 / 225

 No. steps =     119   No. f-s =    2141   No. J-s =       3   No. LU-s =      24
  No. nonlinear iterations =     134
  No. nonlinear convergence failures =       0
  No. error test failures =       0
  Last step size used =    0.40615E+07
  Index compenent largest error = ********

 ...   14 / 225

 No. steps =     117   No. f-s =    2139   No. J-s =       3   No. LU-s =      24
  No. nonlinear iterations =     132
  No. nonlinear convergence failures =       0
  No. error test failures =       0
  Last step size used =    0.47511E+07
  Index compenent largest error = ********

 ...   15 / 225

 No. steps =     116   No. f-s =    2138   No. J-s =       3   No. LU-s =      24
  No. nonlinear iterations =     131
  No. nonlinear convergence failures =       0
  No. error test failures =       0
  Last step size used =    0.40894E+07
  Index compenent largest error = ********

 ...   16 / 225

 No. steps =     112   No. f-s =    2128   No. J-s =       3   No. LU-s =      23
  No. nonlinear iterations =     121
  No. nonlinear convergence failures =       0
  No. error test failures =       0
  Last step size used =    0.45182E+07
  Index compenent largest error = ********

 ...   17 / 225

 No. steps =     104   No. f-s =    1455   No. J-s =       2   No. LU-s =      23
  No. nonlinear iterations =     116
  No. nonlinear convergence failures =       0
  No. error test failures =       0
  Last step size used =    0.47447E+07
  Index compenent largest error = ********

 ...   18 / 225

 No. steps =     117   No. f-s =    2146   No. J-s =       3   No. LU-s =      25
  No. nonlinear iterations =     139
  No. nonlinear convergence failures =       0
  No. error test failures =       1
  Last step size used =    0.48585E+07
  Index compenent largest error = ********

 ...   19 / 225

 No. steps =     138   No. f-s =    2166   No. J-s =       3   No. LU-s =      28
  No. nonlinear iterations =     159
  No. nonlinear convergence failures =       0
  No. error test failures =       2
  Last step size used =    0.46571E+07
  Index compenent largest error = ********

 ...   20 / 225

 No. steps =     134   No. f-s =    2162   No. J-s =       3   No. LU-s =      26
  No. nonlinear iterations =     155
  No. nonlinear convergence failures =       0
  No. error test failures =       1
  Last step size used =    0.40302E+07
  Index compenent largest error = ********

 ...   21 / 225

 No. steps =     116   No. f-s =    2138   No. J-s =       3   No. LU-s =      23
  No. nonlinear iterations =     131
  No. nonlinear convergence failures =       0
  No. error test failures =       0
  Last step size used =    0.32664E+07
  Index compenent largest error = ********

 ...   22 / 225

 No. steps =      89   No. f-s =    1441   No. J-s =       2   No. LU-s =      23
  No. nonlinear iterations =     102
  No. nonlinear convergence failures =       0
  No. error test failures =       0
  Last step size used =    0.53825E+07
  Index compenent largest error = ********

 ...   23 / 225

 No. steps =     113   No. f-s =    2134   No. J-s =       3   No. LU-s =      24
  No. nonlinear iterations =     127
  No. nonlinear convergence failures =       0
  No. error test failures =       0
  Last step size used =    0.35542E+07
  Index compenent largest error = ********

 ...   24 / 225

 No. steps =     110   No. f-s =    2130   No. J-s =       3   No. LU-s =      25
  No. nonlinear iterations =     123
  No. nonlinear convergence failures =       0
  No. error test failures =       0
  Last step size used =    0.69037E+07
  Index compenent largest error = ********

 ...   25 / 225

 No. steps =     111   No. f-s =    2131   No. J-s =       3   No. LU-s =      23
  No. nonlinear iterations =     124
  No. nonlinear convergence failures =       0
  No. error test failures =       0
  Last step size used =    0.42202E+07
  Index compenent largest error = ********

 ...   26 / 225

 No. steps =     114   No. f-s =    2132   No. J-s =       3   No. LU-s =      23
  No. nonlinear iterations =     125
  No. nonlinear convergence failures =       0
  No. error test failures =       0
  Last step size used =    0.45340E+07
  Index compenent largest error = ********

 ...   27 / 225

 No. steps =     114   No. f-s =    2135   No. J-s =       3   No. LU-s =      23
  No. nonlinear iterations =     128
  No. nonlinear convergence failures =       0
  No. error test failures =       0
  Last step size used =    0.42293E+07
  Index compenent largest error = ********

 ...   28 / 225

 No. steps =     113   No. f-s =    2134   No. J-s =       3   No. LU-s =      23
  No. nonlinear iterations =     127
  No. nonlinear convergence failures =       0
  No. error test failures =       0
  Last step size used =    0.48564E+07
  Index compenent largest error = ********

 ...   29 / 225

 No. steps =     111   No. f-s =    2129   No. J-s =       3   No. LU-s =      22
  No. nonlinear iterations =     122
  No. nonlinear convergence failures =       0
  No. error test failures =       0
  Last step size used =    0.37246E+07
  Index compenent largest error = ********

 ...   30 / 225

 No. steps =     110   No. f-s =    2130   No. J-s =       3   No. LU-s =      23
  No. nonlinear iterations =     123
  No. nonlinear convergence failures =       0
  No. error test failures =       0
  Last step size used =    0.50590E+07
  Index compenent largest error = ********

 ...   31 / 225

 No. steps =     107   No. f-s =    1459   No. J-s =       2   No. LU-s =      22
  No. nonlinear iterations =     120
  No. nonlinear convergence failures =       0
  No. error test failures =       0
  Last step size used =    0.33705E+07
  Index compenent largest error = ********

 ...   32 / 225

 No. steps =     105   No. f-s =    1455   No. J-s =       2   No. LU-s =      22
  No. nonlinear iterations =     116
  No. nonlinear convergence failures =       0
  No. error test failures =       0
  Last step size used =    0.49471E+07
  Index compenent largest error = ********

 ...   33 / 225

 No. steps =     103   No. f-s =    1453   No. J-s =       2   No. LU-s =      22
  No. nonlinear iterations =     114
  No. nonlinear convergence failures =       0
  No. error test failures =       0
  Last step size used =    0.58274E+07
  Index compenent largest error = ********

 ...   34 / 225

 No. steps =     102   No. f-s =    1451   No. J-s =       2   No. LU-s =      21
  No. nonlinear iterations =     112
  No. nonlinear convergence failures =       0
  No. error test failures =       0
  Last step size used =    0.45417E+07
  Index compenent largest error = ********

 ...   35 / 225

 No. steps =      99   No. f-s =    1450   No. J-s =       2   No. LU-s =      20
  No. nonlinear iterations =     111
  No. nonlinear convergence failures =       0
  No. error test failures =       0
  Last step size used =    0.45530E+07
  Index compenent largest error = ********

 ...   36 / 225

 No. steps =      98   No. f-s =    1446   No. J-s =       2   No. LU-s =      20
  No. nonlinear iterations =     107
  No. nonlinear convergence failures =       0
  No. error test failures =       0
  Last step size used =    0.36685E+07
  Index compenent largest error = ********

 ...   37 / 225

 No. steps =      98   No. f-s =    1449   No. J-s =       2   No. LU-s =      21
  No. nonlinear iterations =     110
  No. nonlinear convergence failures =       0
  No. error test failures =       0
  Last step size used =    0.38723E+07
  Index compenent largest error = ********

 ...   38 / 225

 No. steps =      95   No. f-s =    1444   No. J-s =       2   No. LU-s =      22
  No. nonlinear iterations =     105
  No. nonlinear convergence failures =       0
  No. error test failures =       0
  Last step size used =    0.55145E+07
  Index compenent largest error = ********

 ...   39 / 225

 No. steps =      92   No. f-s =    1442   No. J-s =       2   No. LU-s =      21
  No. nonlinear iterations =     103
  No. nonlinear convergence failures =       0
  No. error test failures =       0
  Last step size used =    0.45253E+07
  Index compenent largest error = ********

 ...   40 / 225

 No. steps =      91   No. f-s =    1443   No. J-s =       2   No. LU-s =      20
  No. nonlinear iterations =     104
  No. nonlinear convergence failures =       0
  No. error test failures =       0
  Last step size used =    0.45878E+07
  Index compenent largest error = ********

 ...   41 / 225

 No. steps =      91   No. f-s =    1443   No. J-s =       2   No. LU-s =      20
  No. nonlinear iterations =     104
  No. nonlinear convergence failures =       0
  No. error test failures =       0
  Last step size used =    0.49710E+07
  Index compenent largest error = ********

 ...   42 / 225

 No. steps =      89   No. f-s =    1440   No. J-s =       2   No. LU-s =      20
  No. nonlinear iterations =     101
  No. nonlinear convergence failures =       0
  No. error test failures =       0
  Last step size used =    0.52230E+07
  Index compenent largest error = ********

 ...   43 / 225

 No. steps =      88   No. f-s =    1438   No. J-s =       2   No. LU-s =      20
  No. nonlinear iterations =      99
  No. nonlinear convergence failures =       0
  No. error test failures =       0
  Last step size used =    0.53731E+07
  Index compenent largest error = ********

 ...   44 / 225

 No. steps =      87   No. f-s =    1438   No. J-s =       2   No. LU-s =      19
  No. nonlinear iterations =      99
  No. nonlinear convergence failures =       0
  No. error test failures =       0
  Last step size used =    0.37713E+07
  Index compenent largest error = ********

 ...   45 / 225

 No. steps =      87   No. f-s =    1438   No. J-s =       2   No. LU-s =      19
  No. nonlinear iterations =      99
  No. nonlinear convergence failures =       0
  No. error test failures =       0
  Last step size used =    0.39739E+07
  Index compenent largest error = ********

 ...   46 / 225

 No. steps =      86   No. f-s =    1438   No. J-s =       2   No. LU-s =      20
  No. nonlinear iterations =      99
  No. nonlinear convergence failures =       0
  No. error test failures =       0
  Last step size used =    0.62496E+07
  Index compenent largest error = ********

 ...   47 / 225

 No. steps =      83   No. f-s =    1437   No. J-s =       2   No. LU-s =      20
  No. nonlinear iterations =      98
  No. nonlinear convergence failures =       0
  No. error test failures =       0
  Last step size used =    0.66840E+07
  Index compenent largest error = ********

 ...   48 / 225

 No. steps =      81   No. f-s =    1435   No. J-s =       2   No. LU-s =      20
  No. nonlinear iterations =      96
  No. nonlinear convergence failures =       0
  No. error test failures =       0
  Last step size used =    0.56613E+07
  Index compenent largest error = ********

 ...   49 / 225

 No. steps =      83   No. f-s =    1437   No. J-s =       2   No. LU-s =      20
  No. nonlinear iterations =      98
  No. nonlinear convergence failures =       0
  No. error test failures =       0
  Last step size used =    0.71021E+07
  Index compenent largest error = ********

 ...   50 / 225

 No. steps =      80   No. f-s =    1435   No. J-s =       2   No. LU-s =      19
  No. nonlinear iterations =      96
  No. nonlinear convergence failures =       0
  No. error test failures =       0
  Last step size used =    0.39032E+07
  Index compenent largest error = ********

 ...   51 / 225

 No. steps =      79   No. f-s =    1433   No. J-s =       2   No. LU-s =      19
  No. nonlinear iterations =      94
  No. nonlinear convergence failures =       0
  No. error test failures =       0
  Last step size used =    0.46919E+07
  Index compenent largest error = ********

 ...   52 / 225

 No. steps =      80   No. f-s =    1432   No. J-s =       2   No. LU-s =      18
  No. nonlinear iterations =      93
  No. nonlinear convergence failures =       0
  No. error test failures =       0
  Last step size used =    0.44779E+07
  Index compenent largest error = ********

 ...   53 / 225

 No. steps =      80   No. f-s =    1432   No. J-s =       2   No. LU-s =      18
  No. nonlinear iterations =      93
  No. nonlinear convergence failures =       0
  No. error test failures =       0
  Last step size used =    0.44310E+07
  Index compenent largest error = ********

 ...   54 / 225

 No. steps =      79   No. f-s =    1431   No. J-s =       2   No. LU-s =      18
  No. nonlinear iterations =      92
  No. nonlinear convergence failures =       0
  No. error test failures =       0
  Last step size used =    0.48318E+07
  Index compenent largest error = ********

 ...   55 / 225

 No. steps =      79   No. f-s =    1428   No. J-s =       2   No. LU-s =      19
  No. nonlinear iterations =      89
  No. nonlinear convergence failures =       0
  No. error test failures =       0
  Last step size used =    0.40311E+07
  Index compenent largest error = ********

 ...   56 / 225

 No. steps =      78   No. f-s =    1427   No. J-s =       2   No. LU-s =      19
  No. nonlinear iterations =      88
  No. nonlinear convergence failures =       0
  No. error test failures =       0
  Last step size used =    0.42117E+07
  Index compenent largest error = ********

 ...   57 / 225

 No. steps =      77   No. f-s =    1429   No. J-s =       2   No. LU-s =      18
  No. nonlinear iterations =      90
  No. nonlinear convergence failures =       0
  No. error test failures =       0
  Last step size used =    0.56079E+07
  Index compenent largest error = ********

 ...   58 / 225

 No. steps =      76   No. f-s =    1424   No. J-s =       2   No. LU-s =      18
  No. nonlinear iterations =      85
  No. nonlinear convergence failures =       0
  No. error test failures =       0
  Last step size used =    0.46610E+07
  Index compenent largest error = ********

 ...   59 / 225

 No. steps =      72   No. f-s =    1424   No. J-s =       2   No. LU-s =      18
  No. nonlinear iterations =      85
  No. nonlinear convergence failures =       0
  No. error test failures =       0
  Last step size used =    0.40104E+07
  Index compenent largest error = ********

 ...   60 / 225

 No. steps =      72   No. f-s =    1423   No. J-s =       2   No. LU-s =      18
  No. nonlinear iterations =      84
  No. nonlinear convergence failures =       0
  No. error test failures =       0
  Last step size used =    0.49016E+07
  Index compenent largest error = ********

 ...   61 / 225

 No. steps =      72   No. f-s =    1420   No. J-s =       2   No. LU-s =      17
  No. nonlinear iterations =      81
  No. nonlinear convergence failures =       0
  No. error test failures =       0
  Last step size used =    0.39520E+07
  Index compenent largest error = ********

 ...   62 / 225

 No. steps =      70   No. f-s =    1418   No. J-s =       2   No. LU-s =      17
  No. nonlinear iterations =      79
  No. nonlinear convergence failures =       0
  No. error test failures =       0
  Last step size used =    0.50141E+07
  Index compenent largest error = ********

 ...   63 / 225

 No. steps =      70   No. f-s =    1418   No. J-s =       2   No. LU-s =      17
  No. nonlinear iterations =      79
  No. nonlinear convergence failures =       0
  No. error test failures =       0
  Last step size used =    0.50226E+07
  Index compenent largest error = ********

 ...   64 / 225

 No. steps =      66   No. f-s =    1414   No. J-s =       2   No. LU-s =      18
  No. nonlinear iterations =      75
  No. nonlinear convergence failures =       0
  No. error test failures =       0
  Last step size used =    0.61937E+07
  Index compenent largest error = ********

 ...   65 / 225

 No. steps =      66   No. f-s =    1414   No. J-s =       2   No. LU-s =      17
  No. nonlinear iterations =      75
  No. nonlinear convergence failures =       0
  No. error test failures =       0
  Last step size used =    0.51996E+07
  Index compenent largest error = ********

 ...   66 / 225

 No. steps =      63   No. f-s =    1410   No. J-s =       2   No. LU-s =      17
  No. nonlinear iterations =      71
  No. nonlinear convergence failures =       0
  No. error test failures =       0
  Last step size used =    0.62741E+07
  Index compenent largest error = ********

 ...   67 / 225

 No. steps =      61   No. f-s =    1411   No. J-s =       2   No. LU-s =      16
  No. nonlinear iterations =      72
  No. nonlinear convergence failures =       0
  No. error test failures =       0
  Last step size used =    0.41859E+07
  Index compenent largest error = ********

 ...   68 / 225

 No. steps =      63   No. f-s =    1411   No. J-s =       2   No. LU-s =      16
  No. nonlinear iterations =      72
  No. nonlinear convergence failures =       0
  No. error test failures =       0
  Last step size used =    0.39373E+07
  Index compenent largest error = ********

 ...   69 / 225

 No. steps =      64   No. f-s =    1411   No. J-s =       2   No. LU-s =      15
  No. nonlinear iterations =      72
  No. nonlinear convergence failures =       0
  No. error test failures =       0
  Last step size used =    0.47864E+07
  Index compenent largest error = ********

 ...   70 / 225

 No. steps =      64   No. f-s =    1411   No. J-s =       2   No. LU-s =      15
  No. nonlinear iterations =      72
  No. nonlinear convergence failures =       0
  No. error test failures =       0
  Last step size used =    0.48071E+07
  Index compenent largest error = ********

 ...   71 / 225

 No. steps =      59   No. f-s =    1407   No. J-s =       2   No. LU-s =      16
  No. nonlinear iterations =      68
  No. nonlinear convergence failures =       0
  No. error test failures =       0
  Last step size used =    0.51327E+07
  Index compenent largest error = ********

 ...   72 / 225

 No. steps =      52   No. f-s =     730   No. J-s =       1   No. LU-s =      14
  No. nonlinear iterations =      59
  No. nonlinear convergence failures =       0
  No. error test failures =       0
  Last step size used =    0.68157E+07
  Index compenent largest error = ********

 ...   73 / 225

 No. steps =      58   No. f-s =    1405   No. J-s =       2   No. LU-s =      17
  No. nonlinear iterations =      66
  No. nonlinear convergence failures =       0
  No. error test failures =       0
  Last step size used =    0.68682E+07
  Index compenent largest error = ********

 ...   74 / 225

 No. steps =      61   No. f-s =    1408   No. J-s =       2   No. LU-s =      17
  No. nonlinear iterations =      69
  No. nonlinear convergence failures =       0
  No. error test failures =       0
  Last step size used =    0.51467E+07
  Index compenent largest error = ********

 ...   75 / 225

 No. steps =      61   No. f-s =    1409   No. J-s =       2   No. LU-s =      17
  No. nonlinear iterations =      70
  No. nonlinear convergence failures =       0
  No. error test failures =       0
  Last step size used =    0.50906E+07
  Index compenent largest error = ********

 ...   76 / 225

 No. steps =      60   No. f-s =    1410   No. J-s =       2   No. LU-s =      16
  No. nonlinear iterations =      71
  No. nonlinear convergence failures =       0
  No. error test failures =       0
  Last step size used =    0.49428E+07
  Index compenent largest error = ********

 ...   77 / 225

 No. steps =      59   No. f-s =    1404   No. J-s =       2   No. LU-s =      16
  No. nonlinear iterations =      65
  No. nonlinear convergence failures =       0
  No. error test failures =       0
  Last step size used =    0.46651E+07
  Index compenent largest error = ********

 ...   78 / 225

 No. steps =      59   No. f-s =    1405   No. J-s =       2   No. LU-s =      17
  No. nonlinear iterations =      66
  No. nonlinear convergence failures =       0
  No. error test failures =       0
  Last step size used =    0.78787E+07
  Index compenent largest error = ********

 ...   79 / 225

 No. steps =      65   No. f-s =    1415   No. J-s =       2   No. LU-s =      17
  No. nonlinear iterations =      76
  No. nonlinear convergence failures =       0
  No. error test failures =       0
  Last step size used =    0.59691E+07
  Index compenent largest error = ********

 ...   80 / 225

 No. steps =      63   No. f-s =    1410   No. J-s =       2   No. LU-s =      17
  No. nonlinear iterations =      71
  No. nonlinear convergence failures =       0
  No. error test failures =       0
  Last step size used =    0.65676E+07
  Index compenent largest error = ********

 ...   81 / 225

 No. steps =      60   No. f-s =    1410   No. J-s =       2   No. LU-s =      16
  No. nonlinear iterations =      71
  No. nonlinear convergence failures =       0
  No. error test failures =       0
  Last step size used =    0.49763E+07
  Index compenent largest error = ********

 ...   82 / 225

 No. steps =      59   No. f-s =    1405   No. J-s =       2   No. LU-s =      17
  No. nonlinear iterations =      66
  No. nonlinear convergence failures =       0
  No. error test failures =       0
  Last step size used =    0.76648E+07
  Index compenent largest error = ********

 ...   83 / 225

 No. steps =      57   No. f-s =    1403   No. J-s =       2   No. LU-s =      15
  No. nonlinear iterations =      64
  No. nonlinear convergence failures =       0
  No. error test failures =       0
  Last step size used =    0.46178E+07
  Index compenent largest error = ********

 ...   84 / 225

 No. steps =      64   No. f-s =    1414   No. J-s =       2   No. LU-s =      17
  No. nonlinear iterations =      75
  No. nonlinear convergence failures =       0
  No. error test failures =       0
  Last step size used =    0.60635E+07
  Index compenent largest error = ********

 ...   85 / 225

 No. steps =      63   No. f-s =    1414   No. J-s =       2   No. LU-s =      16
  No. nonlinear iterations =      75
  No. nonlinear convergence failures =       0
  No. error test failures =       0
  Last step size used =    0.39790E+07
  Index compenent largest error = ********

 ...   86 / 225

 No. steps =      61   No. f-s =    1410   No. J-s =       2   No. LU-s =      17
  No. nonlinear iterations =      71
  No. nonlinear convergence failures =       0
  No. error test failures =       0
  Last step size used =    0.65441E+07
  Index compenent largest error = ********

 ...   87 / 225

 No. steps =      63   No. f-s =    1414   No. J-s =       2   No. LU-s =      16
  No. nonlinear iterations =      75
  No. nonlinear convergence failures =       0
  No. error test failures =       0
  Last step size used =    0.41514E+07
  Index compenent largest error = ********

 ...   88 / 225

 No. steps =      61   No. f-s =    1409   No. J-s =       2   No. LU-s =      16
  No. nonlinear iterations =      70
  No. nonlinear convergence failures =       0
  No. error test failures =       0
  Last step size used =    0.49153E+07
  Index compenent largest error = ********

 ...   89 / 225

 No. steps =      58   No. f-s =    1404   No. J-s =       2   No. LU-s =      15
  No. nonlinear iterations =      65
  No. nonlinear convergence failures =       0
  No. error test failures =       0
  Last step size used =    0.66291E+07
  Index compenent largest error = ********

 ...   90 / 225

 No. steps =      64   No. f-s =    1413   No. J-s =       2   No. LU-s =      16
  No. nonlinear iterations =      74
  No. nonlinear convergence failures =       0
  No. error test failures =       0
  Last step size used =    0.46355E+07
  Index compenent largest error = ********

 ...   91 / 225

 No. steps =      63   No. f-s =    1412   No. J-s =       2   No. LU-s =      16
  No. nonlinear iterations =      73
  No. nonlinear convergence failures =       0
  No. error test failures =       0
  Last step size used =    0.52282E+07
  Index compenent largest error = ********

 ...   92 / 225

 No. steps =      58   No. f-s =    1404   No. J-s =       2   No. LU-s =      15
  No. nonlinear iterations =      65
  No. nonlinear convergence failures =       0
  No. error test failures =       0
  Last step size used =    0.66422E+07
  Index compenent largest error = ********

 ...   93 / 225

 No. steps =      58   No. f-s =    1405   No. J-s =       2   No. LU-s =      15
  No. nonlinear iterations =      66
  No. nonlinear convergence failures =       0
  No. error test failures =       0
  Last step size used =    0.45728E+07
  Index compenent largest error = ********

 ...   94 / 225

 No. steps =      58   No. f-s =    1404   No. J-s =       2   No. LU-s =      15
  No. nonlinear iterations =      65
  No. nonlinear convergence failures =       0
  No. error test failures =       0
  Last step size used =    0.67004E+07
  Index compenent largest error = ********

 ...   95 / 225

 No. steps =      63   No. f-s =    1409   No. J-s =       2   No. LU-s =      15
  No. nonlinear iterations =      70
  No. nonlinear convergence failures =       0
  No. error test failures =       0
  Last step size used =    0.47894E+07
  Index compenent largest error = ********

 ...   96 / 225

 No. steps =      63   No. f-s =    1412   No. J-s =       2   No. LU-s =      16
  No. nonlinear iterations =      73
  No. nonlinear convergence failures =       0
  No. error test failures =       0
  Last step size used =    0.52638E+07
  Index compenent largest error = ********

 ...   97 / 225

 No. steps =      62   No. f-s =    1407   No. J-s =       2   No. LU-s =      15
  No. nonlinear iterations =      68
  No. nonlinear convergence failures =       0
  No. error test failures =       0
  Last step size used =    0.44728E+07
  Index compenent largest error = ********

 ...   98 / 225

 No. steps =      62   No. f-s =    1408   No. J-s =       2   No. LU-s =      15
  No. nonlinear iterations =      69
  No. nonlinear convergence failures =       0
  No. error test failures =       0
  Last step size used =    0.43646E+07
  Index compenent largest error = ********

 ...   99 / 225

 No. steps =      62   No. f-s =    1408   No. J-s =       2   No. LU-s =      15
  No. nonlinear iterations =      69
  No. nonlinear convergence failures =       0
  No. error test failures =       0
  Last step size used =    0.45061E+07
  Index compenent largest error = ********

 ...  100 / 225

 No. steps =      57   No. f-s =    1404   No. J-s =       2   No. LU-s =      15
  No. nonlinear iterations =      65
  No. nonlinear convergence failures =       0
  No. error test failures =       0
  Last step size used =    0.51254E+07
  Index compenent largest error = ********

 ...  101 / 225

 No. steps =      62   No. f-s =    1411   No. J-s =       2   No. LU-s =      16
  No. nonlinear iterations =      72
  No. nonlinear convergence failures =       0
  No. error test failures =       0
  Last step size used =    0.52684E+07
  Index compenent largest error = ********

 ...  102 / 225

 No. steps =      61   No. f-s =    1405   No. J-s =       2   No. LU-s =      15
  No. nonlinear iterations =      66
  No. nonlinear convergence failures =       0
  No. error test failures =       0
  Last step size used =    0.48814E+07
  Index compenent largest error = ********

 ...  103 / 225

 No. steps =      58   No. f-s =    1404   No. J-s =       2   No. LU-s =      15
  No. nonlinear iterations =      65
  No. nonlinear convergence failures =       0
  No. error test failures =       0
  Last step size used =    0.60750E+07
  Index compenent largest error = ********

 ...  104 / 225

 No. steps =      58   No. f-s =    1404   No. J-s =       2   No. LU-s =      15
  No. nonlinear iterations =      65
  No. nonlinear convergence failures =       0
  No. error test failures =       0
  Last step size used =    0.61016E+07
  Index compenent largest error = ********

 ...  105 / 225

 No. steps =      59   No. f-s =    1403   No. J-s =       2   No. LU-s =      15
  No. nonlinear iterations =      64
  No. nonlinear convergence failures =       0
  No. error test failures =       0
  Last step size used =    0.54239E+07
  Index compenent largest error = ********

 ...  106 / 225

 No. steps =      60   No. f-s =    1406   No. J-s =       2   No. LU-s =      15
  No. nonlinear iterations =      67
  No. nonlinear convergence failures =       0
  No. error test failures =       0
  Last step size used =    0.51188E+07
  Index compenent largest error = ********

 ...  107 / 225

 No. steps =      60   No. f-s =    1405   No. J-s =       2   No. LU-s =      15
  No. nonlinear iterations =      66
  No. nonlinear convergence failures =       0
  No. error test failures =       0
  Last step size used =    0.52726E+07
  Index compenent largest error = ********

 ...  108 / 225

 No. steps =      60   No. f-s =    1406   No. J-s =       2   No. LU-s =      15
  No. nonlinear iterations =      67
  No. nonlinear convergence failures =       0
  No. error test failures =       0
  Last step size used =    0.53007E+07
  Index compenent largest error = ********

 ...  109 / 225

 No. steps =      60   No. f-s =    1405   No. J-s =       2   No. LU-s =      15
  No. nonlinear iterations =      66
  No. nonlinear convergence failures =       0
  No. error test failures =       0
  Last step size used =    0.52516E+07
  Index compenent largest error = ********

 ...  110 / 225

 No. steps =      60   No. f-s =    1406   No. J-s =       2   No. LU-s =      15
  No. nonlinear iterations =      67
  No. nonlinear convergence failures =       0
  No. error test failures =       0
  Last step size used =    0.56007E+07
  Index compenent largest error = ********

 ...  111 / 225

 No. steps =      57   No. f-s =    1403   No. J-s =       2   No. LU-s =      14
  No. nonlinear iterations =      64
  No. nonlinear convergence failures =       0
  No. error test failures =       0
  Last step size used =    0.41732E+07
  Index compenent largest error = ********

 ...  112 / 225

 No. steps =      61   No. f-s =    1406   No. J-s =       2   No. LU-s =      15
  No. nonlinear iterations =      67
  No. nonlinear convergence failures =       0
  No. error test failures =       0
  Last step size used =    0.64818E+07
  Index compenent largest error = ********

 ...  113 / 225

 No. steps =      60   No. f-s =    1404   No. J-s =       2   No. LU-s =      14
  No. nonlinear iterations =      65
  No. nonlinear convergence failures =       0
  No. error test failures =       0
  Last step size used =    0.42982E+07
  Index compenent largest error = ********

 ...  114 / 225

 No. steps =      57   No. f-s =    1403   No. J-s =       2   No. LU-s =      14
  No. nonlinear iterations =      64
  No. nonlinear convergence failures =       0
  No. error test failures =       0
  Last step size used =    0.44041E+07
  Index compenent largest error = ********

 ...  115 / 225

 No. steps =      53   No. f-s =     732   No. J-s =       1   No. LU-s =      14
  No. nonlinear iterations =      61
  No. nonlinear convergence failures =       0
  No. error test failures =       0
  Last step size used =    0.61705E+07
  Index compenent largest error = ********

 ...  116 / 225

 No. steps =      60   No. f-s =    1404   No. J-s =       2   No. LU-s =      14
  No. nonlinear iterations =      65
  No. nonlinear convergence failures =       0
  No. error test failures =       0
  Last step size used =    0.47130E+07
  Index compenent largest error = ********

 ...  117 / 225

 No. steps =      56   No. f-s =    1402   No. J-s =       2   No. LU-s =      14
  No. nonlinear iterations =      63
  No. nonlinear convergence failures =       0
  No. error test failures =       0
  Last step size used =    0.46209E+07
  Index compenent largest error = ********

 ...  118 / 225

 No. steps =      57   No. f-s =    1404   No. J-s =       2   No. LU-s =      14
  No. nonlinear iterations =      65
  No. nonlinear convergence failures =       0
  No. error test failures =       0
  Last step size used =    0.45580E+07
  Index compenent largest error = ********

 ...  119 / 225

 No. steps =      57   No. f-s =    1404   No. J-s =       2   No. LU-s =      14
  No. nonlinear iterations =      65
  No. nonlinear convergence failures =       0
  No. error test failures =       0
  Last step size used =    0.47591E+07
  Index compenent largest error = ********

 ...  120 / 225

 No. steps =      58   No. f-s =    1407   No. J-s =       2   No. LU-s =      15
  No. nonlinear iterations =      68
  No. nonlinear convergence failures =       0
  No. error test failures =       0
  Last step size used =    0.51568E+07
  Index compenent largest error = ********

 ...  121 / 225

 No. steps =      57   No. f-s =    1404   No. J-s =       2   No. LU-s =      14
  No. nonlinear iterations =      65
  No. nonlinear convergence failures =       0
  No. error test failures =       0
  Last step size used =    0.51164E+07
  Index compenent largest error = ********

 ...  122 / 225

 No. steps =      56   No. f-s =    1403   No. J-s =       2   No. LU-s =      14
  No. nonlinear iterations =      64
  No. nonlinear convergence failures =       0
  No. error test failures =       0
  Last step size used =    0.52689E+07
  Index compenent largest error = ********

 ...  123 / 225

 No. steps =      57   No. f-s =    1404   No. J-s =       2   No. LU-s =      15
  No. nonlinear iterations =      65
  No. nonlinear convergence failures =       0
  No. error test failures =       0
  Last step size used =    0.48549E+07
  Index compenent largest error = ********

 ...  124 / 225

 No. steps =      57   No. f-s =    1404   No. J-s =       2   No. LU-s =      15
  No. nonlinear iterations =      65
  No. nonlinear convergence failures =       0
  No. error test failures =       0
  Last step size used =    0.49120E+07
  Index compenent largest error = ********

 ...  125 / 225

 No. steps =      57   No. f-s =    1404   No. J-s =       2   No. LU-s =      15
  No. nonlinear iterations =      65
  No. nonlinear convergence failures =       0
  No. error test failures =       0
  Last step size used =    0.50252E+07
  Index compenent largest error = ********

 ...  126 / 225

 No. steps =      52   No. f-s =    1398   No. J-s =       2   No. LU-s =      14
  No. nonlinear iterations =      59
  No. nonlinear convergence failures =       0
  No. error test failures =       0
  Last step size used =    0.61815E+07
  Index compenent largest error = ********

 ...  127 / 225

 No. steps =      56   No. f-s =    1403   No. J-s =       2   No. LU-s =      15
  No. nonlinear iterations =      64
  No. nonlinear convergence failures =       0
  No. error test failures =       0
  Last step size used =    0.53134E+07
  Index compenent largest error = ********

 ...  128 / 225

 No. steps =      56   No. f-s =    1404   No. J-s =       2   No. LU-s =      15
  No. nonlinear iterations =      65
  No. nonlinear convergence failures =       0
  No. error test failures =       0
  Last step size used =    0.52014E+07
  Index compenent largest error = ********

 ...  129 / 225

 No. steps =      56   No. f-s =    1403   No. J-s =       2   No. LU-s =      15
  No. nonlinear iterations =      64
  No. nonlinear convergence failures =       0
  No. error test failures =       0
  Last step size used =    0.65848E+07
  Index compenent largest error = ********

 ...  130 / 225

 No. steps =      55   No. f-s =     734   No. J-s =       1   No. LU-s =      14
  No. nonlinear iterations =      63
  No. nonlinear convergence failures =       0
  No. error test failures =       0
  Last step size used =    0.44830E+07
  Index compenent largest error = ********

 ...  131 / 225

 No. steps =      55   No. f-s =     734   No. J-s =       1   No. LU-s =      14
  No. nonlinear iterations =      63
  No. nonlinear convergence failures =       0
  No. error test failures =       0
  Last step size used =    0.44861E+07
  Index compenent largest error = ********

 ...  132 / 225

 No. steps =      55   No. f-s =     734   No. J-s =       1   No. LU-s =      14
  No. nonlinear iterations =      63
  No. nonlinear convergence failures =       0
  No. error test failures =       0
  Last step size used =    0.45500E+07
  Index compenent largest error = ********

 ...  133 / 225

 No. steps =      55   No. f-s =     734   No. J-s =       1   No. LU-s =      14
  No. nonlinear iterations =      63
  No. nonlinear convergence failures =       0
  No. error test failures =       0
  Last step size used =    0.45790E+07
  Index compenent largest error = ********

 ...  134 / 225

 No. steps =      54   No. f-s =    1402   No. J-s =       2   No. LU-s =      14
  No. nonlinear iterations =      63
  No. nonlinear convergence failures =       0
  No. error test failures =       0
  Last step size used =    0.55353E+07
  Index compenent largest error = ********

 ...  135 / 225

 No. steps =      54   No. f-s =    1402   No. J-s =       2   No. LU-s =      14
  No. nonlinear iterations =      63
  No. nonlinear convergence failures =       0
  No. error test failures =       0
  Last step size used =    0.56499E+07
  Index compenent largest error = ********

 ...  136 / 225

 No. steps =      53   No. f-s =    1401   No. J-s =       2   No. LU-s =      14
  No. nonlinear iterations =      62
  No. nonlinear convergence failures =       0
  No. error test failures =       0
  Last step size used =    0.59576E+07
  Index compenent largest error = ********

 ...  137 / 225

 No. steps =      51   No. f-s =     730   No. J-s =       1   No. LU-s =      14
  No. nonlinear iterations =      59
  No. nonlinear convergence failures =       0
  No. error test failures =       0
  Last step size used =    0.71407E+07
  Index compenent largest error = ********

 ...  138 / 225

 No. steps =      53   No. f-s =    1401   No. J-s =       2   No. LU-s =      14
  No. nonlinear iterations =      62
  No. nonlinear convergence failures =       0
  No. error test failures =       0
  Last step size used =    0.60289E+07
  Index compenent largest error = ********

 ...  139 / 225

 No. steps =      53   No. f-s =     731   No. J-s =       1   No. LU-s =      13
  No. nonlinear iterations =      60
  No. nonlinear convergence failures =       0
  No. error test failures =       0
  Last step size used =    0.50376E+07
  Index compenent largest error = ********

 ...  140 / 225

 No. steps =      53   No. f-s =    1400   No. J-s =       2   No. LU-s =      14
  No. nonlinear iterations =      61
  No. nonlinear convergence failures =       0
  No. error test failures =       0
  Last step size used =    0.58506E+07
  Index compenent largest error = ********

 ...  141 / 225

 No. steps =      52   No. f-s =     731   No. J-s =       1   No. LU-s =      14
  No. nonlinear iterations =      60
  No. nonlinear convergence failures =       0
  No. error test failures =       0
  Last step size used =    0.79705E+07
  Index compenent largest error = ********

 ...  142 / 225

 No. steps =      51   No. f-s =     730   No. J-s =       1   No. LU-s =      14
  No. nonlinear iterations =      59
  No. nonlinear convergence failures =       0
  No. error test failures =       0
  Last step size used =    0.84336E+07
  Index compenent largest error = ********

 ...  143 / 225

 No. steps =      51   No. f-s =     730   No. J-s =       1   No. LU-s =      14
  No. nonlinear iterations =      59
  No. nonlinear convergence failures =       0
  No. error test failures =       0
  Last step size used =    0.83360E+07
  Index compenent largest error = ********

 ...  144 / 225

 No. steps =      51   No. f-s =     731   No. J-s =       1   No. LU-s =      14
  No. nonlinear iterations =      60
  No. nonlinear convergence failures =       0
  No. error test failures =       0
  Last step size used =    0.81929E+07
  Index compenent largest error = ********

 ...  145 / 225

 No. steps =      52   No. f-s =     728   No. J-s =       1   No. LU-s =      14
  No. nonlinear iterations =      57
  No. nonlinear convergence failures =       0
  No. error test failures =       0
  Last step size used =    0.55100E+07
  Index compenent largest error = ********

 ...  146 / 225

 No. steps =      51   No. f-s =     727   No. J-s =       1   No. LU-s =      14
  No. nonlinear iterations =      56
  No. nonlinear convergence failures =       0
  No. error test failures =       0
  Last step size used =    0.56457E+07
  Index compenent largest error = ********

 ...  147 / 225

 No. steps =      50   No. f-s =     728   No. J-s =       1   No. LU-s =      14
  No. nonlinear iterations =      57
  No. nonlinear convergence failures =       0
  No. error test failures =       0
  Last step size used =    0.75775E+07
  Index compenent largest error = ********

 ...  148 / 225

 No. steps =      48   No. f-s =     727   No. J-s =       1   No. LU-s =      14
  No. nonlinear iterations =      56
  No. nonlinear convergence failures =       0
  No. error test failures =       0
  Last step size used =    0.69445E+07
  Index compenent largest error = ********

 ...  149 / 225

 No. steps =      49   No. f-s =     727   No. J-s =       1   No. LU-s =      14
  No. nonlinear iterations =      56
  No. nonlinear convergence failures =       0
  No. error test failures =       0
  Last step size used =    0.60064E+07
  Index compenent largest error = ********

 ...  150 / 225

 No. steps =      49   No. f-s =     727   No. J-s =       1   No. LU-s =      13
  No. nonlinear iterations =      56
  No. nonlinear convergence failures =       0
  No. error test failures =       0
  Last step size used =    0.49670E+07
  Index compenent largest error = ********

 ...  151 / 225

 No. steps =      50   No. f-s =     728   No. J-s =       1   No. LU-s =      14
  No. nonlinear iterations =      57
  No. nonlinear convergence failures =       0
  No. error test failures =       0
  Last step size used =    0.77526E+07
  Index compenent largest error = ********

 ...  152 / 225

 No. steps =      49   No. f-s =     727   No. J-s =       1   No. LU-s =      13
  No. nonlinear iterations =      56
  No. nonlinear convergence failures =       0
  No. error test failures =       0
  Last step size used =    0.68772E+07
  Index compenent largest error = ********

 ...  153 / 225

 No. steps =      49   No. f-s =     727   No. J-s =       1   No. LU-s =      14
  No. nonlinear iterations =      56
  No. nonlinear convergence failures =       0
  No. error test failures =       0
  Last step size used =    0.61900E+07
  Index compenent largest error = ********

 ...  154 / 225

 No. steps =      48   No. f-s =     726   No. J-s =       1   No. LU-s =      14
  No. nonlinear iterations =      55
  No. nonlinear convergence failures =       0
  No. error test failures =       0
  Last step size used =    0.62520E+07
  Index compenent largest error = ********

 ...  155 / 225

 No. steps =      49   No. f-s =     727   No. J-s =       1   No. LU-s =      13
  No. nonlinear iterations =      56
  No. nonlinear convergence failures =       0
  No. error test failures =       0
  Last step size used =    0.71228E+07
  Index compenent largest error = ********

 ...  156 / 225

 No. steps =      48   No. f-s =     727   No. J-s =       1   No. LU-s =      14
  No. nonlinear iterations =      56
  No. nonlinear convergence failures =       0
  No. error test failures =       0
  Last step size used =    0.72498E+07
  Index compenent largest error = ********

 ...  157 / 225

 No. steps =      48   No. f-s =     727   No. J-s =       1   No. LU-s =      14
  No. nonlinear iterations =      56
  No. nonlinear convergence failures =       0
  No. error test failures =       0
  Last step size used =    0.75526E+07
  Index compenent largest error = ********

 ...  158 / 225

 No. steps =      47   No. f-s =     726   No. J-s =       1   No. LU-s =      13
  No. nonlinear iterations =      55
  No. nonlinear convergence failures =       0
  No. error test failures =       0
  Last step size used =    0.43546E+07
  Index compenent largest error = ********

 ...  159 / 225

 No. steps =      46   No. f-s =     722   No. J-s =       1   No. LU-s =      12
  No. nonlinear iterations =      51
  No. nonlinear convergence failures =       0
  No. error test failures =       0
  Last step size used =    0.68308E+07
  Index compenent largest error = ********

 ...  160 / 225

 No. steps =      47   No. f-s =     724   No. J-s =       1   No. LU-s =      13
  No. nonlinear iterations =      53
  No. nonlinear convergence failures =       0
  No. error test failures =       0
  Last step size used =    0.10369E+08
  Index compenent largest error = ********

 ...  161 / 225

 No. steps =      47   No. f-s =     726   No. J-s =       1   No. LU-s =      13
  No. nonlinear iterations =      55
  No. nonlinear convergence failures =       0
  No. error test failures =       0
  Last step size used =    0.42737E+07
  Index compenent largest error = ********

 ...  162 / 225

 No. steps =      46   No. f-s =     725   No. J-s =       1   No. LU-s =      13
  No. nonlinear iterations =      54
  No. nonlinear convergence failures =       0
  No. error test failures =       0
  Last step size used =    0.47010E+07
  Index compenent largest error = ********

 ...  163 / 225

 No. steps =      46   No. f-s =     722   No. J-s =       1   No. LU-s =      12
  No. nonlinear iterations =      51
  No. nonlinear convergence failures =       0
  No. error test failures =       0
  Last step size used =    0.66847E+07
  Index compenent largest error = ********

 ...  164 / 225

 No. steps =      46   No. f-s =     725   No. J-s =       1   No. LU-s =      13
  No. nonlinear iterations =      54
  No. nonlinear convergence failures =       0
  No. error test failures =       0
  Last step size used =    0.47926E+07
  Index compenent largest error = ********

 ...  165 / 225

 No. steps =      46   No. f-s =     725   No. J-s =       1   No. LU-s =      13
  No. nonlinear iterations =      54
  No. nonlinear convergence failures =       0
  No. error test failures =       0
  Last step size used =    0.46872E+07
  Index compenent largest error = ********

 ...  166 / 225

 No. steps =      46   No. f-s =     724   No. J-s =       1   No. LU-s =      14
  No. nonlinear iterations =      53
  No. nonlinear convergence failures =       0
  No. error test failures =       0
  Last step size used =    0.78261E+07
  Index compenent largest error = ********

 ...  167 / 225

 No. steps =      46   No. f-s =     725   No. J-s =       1   No. LU-s =      13
  No. nonlinear iterations =      54
  No. nonlinear convergence failures =       0
  No. error test failures =       0
  Last step size used =    0.48833E+07
  Index compenent largest error = ********

 ...  168 / 225

 No. steps =      46   No. f-s =     722   No. J-s =       1   No. LU-s =      12
  No. nonlinear iterations =      51
  No. nonlinear convergence failures =       0
  No. error test failures =       0
  Last step size used =    0.73471E+07
  Index compenent largest error = ********

 ...  169 / 225

 No. steps =      43   No. f-s =     720   No. J-s =       1   No. LU-s =      12
  No. nonlinear iterations =      49
  No. nonlinear convergence failures =       0
  No. error test failures =       0
  Last step size used =    0.68836E+07
  Index compenent largest error = ********

 ...  170 / 225

 No. steps =      45   No. f-s =     721   No. J-s =       1   No. LU-s =      11
  No. nonlinear iterations =      50
  No. nonlinear convergence failures =       0
  No. error test failures =       0
  Last step size used =    0.50959E+07
  Index compenent largest error = ********

 ...  171 / 225

 No. steps =      46   No. f-s =     722   No. J-s =       1   No. LU-s =      12
  No. nonlinear iterations =      51
  No. nonlinear convergence failures =       0
  No. error test failures =       0
  Last step size used =    0.73512E+07
  Index compenent largest error = ********

 ...  172 / 225

 No. steps =      46   No. f-s =     724   No. J-s =       1   No. LU-s =      13
  No. nonlinear iterations =      53
  No. nonlinear convergence failures =       0
  No. error test failures =       0
  Last step size used =    0.57733E+07
  Index compenent largest error = ********

 ...  173 / 225

 No. steps =      45   No. f-s =     721   No. J-s =       1   No. LU-s =      11
  No. nonlinear iterations =      50
  No. nonlinear convergence failures =       0
  No. error test failures =       0
  Last step size used =    0.51749E+07
  Index compenent largest error = ********

 ...  174 / 225

 No. steps =      45   No. f-s =     721   No. J-s =       1   No. LU-s =      11
  No. nonlinear iterations =      50
  No. nonlinear convergence failures =       0
  No. error test failures =       0
  Last step size used =    0.52952E+07
  Index compenent largest error = ********

 ...  175 / 225

 No. steps =      45   No. f-s =     721   No. J-s =       1   No. LU-s =      11
  No. nonlinear iterations =      50
  No. nonlinear convergence failures =       0
  No. error test failures =       0
  Last step size used =    0.49821E+07
  Index compenent largest error = ********

 ...  176 / 225

 No. steps =      45   No. f-s =     721   No. J-s =       1   No. LU-s =      11
  No. nonlinear iterations =      50
  No. nonlinear convergence failures =       0
  No. error test failures =       0
  Last step size used =    0.52149E+07
  Index compenent largest error = ********

 ...  177 / 225

 No. steps =      45   No. f-s =     721   No. J-s =       1   No. LU-s =      11
  No. nonlinear iterations =      50
  No. nonlinear convergence failures =       0
  No. error test failures =       0
  Last step size used =    0.50174E+07
  Index compenent largest error = ********

 ...  178 / 225

 No. steps =      44   No. f-s =     720   No. J-s =       1   No. LU-s =      11
  No. nonlinear iterations =      49
  No. nonlinear convergence failures =       0
  No. error test failures =       0
  Last step size used =    0.53904E+07
  Index compenent largest error = ********

 ...  179 / 225

 No. steps =      45   No. f-s =     721   No. J-s =       1   No. LU-s =      11
  No. nonlinear iterations =      50
  No. nonlinear convergence failures =       0
  No. error test failures =       0
  Last step size used =    0.53296E+07
  Index compenent largest error = ********

 ...  180 / 225

 No. steps =      43   No. f-s =     719   No. J-s =       1   No. LU-s =      12
  No. nonlinear iterations =      48
  No. nonlinear convergence failures =       0
  No. error test failures =       0
  Last step size used =    0.72171E+07
  Index compenent largest error = ********

 ...  181 / 225

 No. steps =      43   No. f-s =     720   No. J-s =       1   No. LU-s =      12
  No. nonlinear iterations =      49
  No. nonlinear convergence failures =       0
  No. error test failures =       0
  Last step size used =    0.10053E+08
  Index compenent largest error = ********

 ...  182 / 225

 No. steps =      45   No. f-s =     721   No. J-s =       1   No. LU-s =      11
  No. nonlinear iterations =      50
  No. nonlinear convergence failures =       0
  No. error test failures =       0
  Last step size used =    0.52456E+07
  Index compenent largest error = ********

 ...  183 / 225

 No. steps =      44   No. f-s =     720   No. J-s =       1   No. LU-s =      11
  No. nonlinear iterations =      49
  No. nonlinear convergence failures =       0
  No. error test failures =       0
  Last step size used =    0.54366E+07
  Index compenent largest error = ********

 ...  184 / 225

 No. steps =      43   No. f-s =     720   No. J-s =       1   No. LU-s =      12
  No. nonlinear iterations =      49
  No. nonlinear convergence failures =       0
  No. error test failures =       0
  Last step size used =    0.10307E+08
  Index compenent largest error = ********

 ...  185 / 225

 No. steps =      43   No. f-s =     720   No. J-s =       1   No. LU-s =      12
  No. nonlinear iterations =      49
  No. nonlinear convergence failures =       0
  No. error test failures =       0
  Last step size used =    0.10187E+08
  Index compenent largest error = ********

 ...  186 / 225

 No. steps =      44   No. f-s =     720   No. J-s =       1   No. LU-s =      11
  No. nonlinear iterations =      49
  No. nonlinear convergence failures =       0
  No. error test failures =       0
  Last step size used =    0.55586E+07
  Index compenent largest error = ********

 ...  187 / 225

 No. steps =      43   No. f-s =     720   No. J-s =       1   No. LU-s =      12
  No. nonlinear iterations =      49
  No. nonlinear convergence failures =       0
  No. error test failures =       0
  Last step size used =    0.10214E+08
  Index compenent largest error = ********

 ...  188 / 225

 No. steps =      43   No. f-s =     720   No. J-s =       1   No. LU-s =      12
  No. nonlinear iterations =      49
  No. nonlinear convergence failures =       0
  No. error test failures =       0
  Last step size used =    0.10284E+08
  Index compenent largest error = ********

 ...  189 / 225

 No. steps =      43   No. f-s =     720   No. J-s =       1   No. LU-s =      12
  No. nonlinear iterations =      49
  No. nonlinear convergence failures =       0
  No. error test failures =       0
  Last step size used =    0.98845E+07
  Index compenent largest error = ********

 ...  190 / 225

 No. steps =      43   No. f-s =     720   No. J-s =       1   No. LU-s =      12
  No. nonlinear iterations =      49
  No. nonlinear convergence failures =       0
  No. error test failures =       0
  Last step size used =    0.10204E+08
  Index compenent largest error = ********

 ...  191 / 225

 No. steps =      41   No. f-s =     717   No. J-s =       1   No. LU-s =      11
  No. nonlinear iterations =      46
  No. nonlinear convergence failures =       0
  No. error test failures =       0
  Last step size used =    0.58816E+07
  Index compenent largest error = ********

 ...  192 / 225

 No. steps =      44   No. f-s =     722   No. J-s =       1   No. LU-s =      13
  No. nonlinear iterations =      51
  No. nonlinear convergence failures =       0
  No. error test failures =       0
  Last step size used =    0.59837E+07
  Index compenent largest error = ********

 ...  193 / 225

 No. steps =      43   No. f-s =     720   No. J-s =       1   No. LU-s =      12
  No. nonlinear iterations =      49
  No. nonlinear convergence failures =       0
  No. error test failures =       0
  Last step size used =    0.10408E+08
  Index compenent largest error = ********

 ...  194 / 225

 No. steps =      42   No. f-s =     719   No. J-s =       1   No. LU-s =      13
  No. nonlinear iterations =      48
  No. nonlinear convergence failures =       0
  No. error test failures =       0
  Last step size used =    0.92634E+07
  Index compenent largest error = ********

 ...  195 / 225

 No. steps =      43   No. f-s =     719   No. J-s =       1   No. LU-s =      12
  No. nonlinear iterations =      48
  No. nonlinear convergence failures =       0
  No. error test failures =       0
  Last step size used =    0.78852E+07
  Index compenent largest error = ********

 ...  196 / 225

 No. steps =      44   No. f-s =     720   No. J-s =       1   No. LU-s =      11
  No. nonlinear iterations =      49
  No. nonlinear convergence failures =       0
  No. error test failures =       0
  Last step size used =    0.55195E+07
  Index compenent largest error = ********

 ...  197 / 225

 No. steps =      44   No. f-s =     722   No. J-s =       1   No. LU-s =      13
  No. nonlinear iterations =      51
  No. nonlinear convergence failures =       0
  No. error test failures =       0
  Last step size used =    0.65312E+07
  Index compenent largest error = ********

 ...  198 / 225

 No. steps =      44   No. f-s =     720   No. J-s =       1   No. LU-s =      11
  No. nonlinear iterations =      49
  No. nonlinear convergence failures =       0
  No. error test failures =       0
  Last step size used =    0.55541E+07
  Index compenent largest error = ********

 ...  199 / 225

 No. steps =      42   No. f-s =     719   No. J-s =       1   No. LU-s =      13
  No. nonlinear iterations =      48
  No. nonlinear convergence failures =       0
  No. error test failures =       0
  Last step size used =    0.95762E+07
  Index compenent largest error = ********

 ...  200 / 225

 No. steps =      42   No. f-s =     720   No. J-s =       1   No. LU-s =      12
  No. nonlinear iterations =      49
  No. nonlinear convergence failures =       0
  No. error test failures =       0
  Last step size used =    0.59799E+07
  Index compenent largest error = ********

 ...  201 / 225

 No. steps =      42   No. f-s =     720   No. J-s =       1   No. LU-s =      12
  No. nonlinear iterations =      49
  No. nonlinear convergence failures =       0
  No. error test failures =       0
  Last step size used =    0.61333E+07
  Index compenent largest error = ********

 ...  202 / 225

 No. steps =      41   No. f-s =     717   No. J-s =       1   No. LU-s =      11
  No. nonlinear iterations =      46
  No. nonlinear convergence failures =       0
  No. error test failures =       0
  Last step size used =    0.58130E+07
  Index compenent largest error = ********

 ...  203 / 225

 No. steps =      42   No. f-s =     720   No. J-s =       1   No. LU-s =      12
  No. nonlinear iterations =      49
  No. nonlinear convergence failures =       0
  No. error test failures =       0
  Last step size used =    0.62382E+07
  Index compenent largest error = ********

 ...  204 / 225

 No. steps =      42   No. f-s =     720   No. J-s =       1   No. LU-s =      12
  No. nonlinear iterations =      49
  No. nonlinear convergence failures =       0
  No. error test failures =       0
  Last step size used =    0.61963E+07
  Index compenent largest error = ********

 ...  205 / 225

 No. steps =      42   No. f-s =     719   No. J-s =       1   No. LU-s =      13
  No. nonlinear iterations =      48
  No. nonlinear convergence failures =       0
  No. error test failures =       0
  Last step size used =    0.99617E+07
  Index compenent largest error = ********

 ...  206 / 225

 No. steps =      41   No. f-s =     717   No. J-s =       1   No. LU-s =      12
  No. nonlinear iterations =      46
  No. nonlinear convergence failures =       0
  No. error test failures =       0
  Last step size used =    0.65397E+07
  Index compenent largest error = ********

 ...  207 / 225

 No. steps =      43   No. f-s =     719   No. J-s =       1   No. LU-s =      11
  No. nonlinear iterations =      48
  No. nonlinear convergence failures =       0
  No. error test failures =       0
  Last step size used =    0.60335E+07
  Index compenent largest error = ********

 ...  208 / 225

 No. steps =      43   No. f-s =     719   No. J-s =       1   No. LU-s =      12
  No. nonlinear iterations =      48
  No. nonlinear convergence failures =       0
  No. error test failures =       0
  Last step size used =    0.86884E+07
  Index compenent largest error = ********

 ...  209 / 225

 No. steps =      43   No. f-s =     719   No. J-s =       1   No. LU-s =      12
  No. nonlinear iterations =      48
  No. nonlinear convergence failures =       0
  No. error test failures =       0
  Last step size used =    0.87246E+07
  Index compenent largest error = ********

 ...  210 / 225

 No. steps =      41   No. f-s =     717   No. J-s =       1   No. LU-s =      12
  No. nonlinear iterations =      46
  No. nonlinear convergence failures =       0
  No. error test failures =       0
  Last step size used =    0.67004E+07
  Index compenent largest error = ********

 ...  211 / 225

 No. steps =      41   No. f-s =     717   No. J-s =       1   No. LU-s =      12
  No. nonlinear iterations =      46
  No. nonlinear convergence failures =       0
  No. error test failures =       0
  Last step size used =    0.67116E+07
  Index compenent largest error = ********

 ...  212 / 225

 No. steps =      41   No. f-s =     717   No. J-s =       1   No. LU-s =      11
  No. nonlinear iterations =      46
  No. nonlinear convergence failures =       0
  No. error test failures =       0
  Last step size used =    0.61002E+07
  Index compenent largest error = ********

 ...  213 / 225

 No. steps =      43   No. f-s =     719   No. J-s =       1   No. LU-s =      12
  No. nonlinear iterations =      48
  No. nonlinear convergence failures =       0
  No. error test failures =       0
  Last step size used =    0.90878E+07
  Index compenent largest error = ********

 ...  214 / 225

 No. steps =      41   No. f-s =     719   No. J-s =       1   No. LU-s =      12
  No. nonlinear iterations =      48
  No. nonlinear convergence failures =       0
  No. error test failures =       0
  Last step size used =    0.67942E+07
  Index compenent largest error = ********

 ...  215 / 225

 No. steps =      41   No. f-s =     717   No. J-s =       1   No. LU-s =      12
  No. nonlinear iterations =      46
  No. nonlinear convergence failures =       0
  No. error test failures =       0
  Last step size used =    0.67694E+07
  Index compenent largest error = ********

 ...  216 / 225

 No. steps =      42   No. f-s =     718   No. J-s =       1   No. LU-s =      11
  No. nonlinear iterations =      47
  No. nonlinear convergence failures =       0
  No. error test failures =       0
  Last step size used =    0.61165E+07
  Index compenent largest error = ********

 ...  217 / 225

 No. steps =      42   No. f-s =     718   No. J-s =       1   No. LU-s =      11
  No. nonlinear iterations =      47
  No. nonlinear convergence failures =       0
  No. error test failures =       0
  Last step size used =    0.61095E+07
  Index compenent largest error = ********

 ...  218 / 225

 No. steps =      42   No. f-s =     718   No. J-s =       1   No. LU-s =      11
  No. nonlinear iterations =      47
  No. nonlinear convergence failures =       0
  No. error test failures =       0
  Last step size used =    0.61021E+07
  Index compenent largest error = ********

 ...  219 / 225

 No. steps =      42   No. f-s =     718   No. J-s =       1   No. LU-s =      11
  No. nonlinear iterations =      47
  No. nonlinear convergence failures =       0
  No. error test failures =       0
  Last step size used =    0.63070E+07
  Index compenent largest error = ********

 ...  220 / 225

 No. steps =      42   No. f-s =     718   No. J-s =       1   No. LU-s =      11
  No. nonlinear iterations =      47
  No. nonlinear convergence failures =       0
  No. error test failures =       0
  Last step size used =    0.64183E+07
  Index compenent largest error = ********

 ...  221 / 225

 No. steps =      42   No. f-s =     718   No. J-s =       1   No. LU-s =      11
  No. nonlinear iterations =      47
  No. nonlinear convergence failures =       0
  No. error test failures =       0
  Last step size used =    0.64027E+07
  Index compenent largest error = ********

 ...  222 / 225

 No. steps =      40   No. f-s =     716   No. J-s =       1   No. LU-s =      11
  No. nonlinear iterations =      45
  No. nonlinear convergence failures =       0
  No. error test failures =       0
  Last step size used =    0.61649E+07
  Index compenent largest error = ********

 ...  223 / 225

 No. steps =      40   No. f-s =     716   No. J-s =       1   No. LU-s =      11
  No. nonlinear iterations =      45
  No. nonlinear convergence failures =       0
  No. error test failures =       0
  Last step size used =    0.68601E+07
  Index compenent largest error = ********

 ...  224 / 225

 No. steps =      41   No. f-s =     717   No. J-s =       1   No. LU-s =      11
  No. nonlinear iterations =      46
  No. nonlinear convergence failures =       0
  No. error test failures =       0
  Last step size used =    0.64275E+07
  Index compenent largest error = ********

 ...  225 / 225

 No. steps =      40   No. f-s =     716   No. J-s =       1   No. LU-s =      11
  No. nonlinear iterations =      45
  No. nonlinear convergence failures =       0
  No. error test failures =       0
  Last step size used =    0.67931E+07
  Index compenent largest error = ********


    ... DONE!
 +++++++++++++++++++++++++++++++++++++++++++++++++++


+------------------ Job Report: 10176379 (COMPLETED) ------------------+
| Memory (RAM)  [                    ]  0.0% (0 B peak / 1 GB)         |
| CPU           [##############      ] 71.8% average                   |
| Time          [>                   ]  2.0% (0-00:01:11 / 0-01:00:00) |
|                                                                      |
| Lustre Filesystem:                                                   |
|   Path    Total Read    Total Write    Total IOPS                    |
|   ------  ------------  -------------  ------------                  |
|   /apps   0 B           0 B            18                            |
|   /fred   20 KB         52 MB          3.9 K                         |
|                                                                      |
| Warnings:                                                            |
|   - Too much memory requested                                        |
|   - CPU usage is low                                                 |
|   - Too much time requested                                          |
+----------------------------------------------------------------------+
