Starting job 10175700, array task 416 on dave28
Chemistry type: Crich
Analysis mode: false
Found 462 valid particle IDs in /fred/oz304/beckers/Chemistry/traces/wind_v10/trace_output_with_av
Returning 460 particle IDs (after start_index=2 offset)
SLURM task 416: processing particle 3753174
Running Crich evolving_model on 1 phantom particle trace(s) from wind_v10

 +++++++++++++++++++++++++++++++++++++++++++++++++++
 +++++        ENVELOPE CHEMICAL MODEL         ++++++
 +++++++++++++++++++++++++++++++++++++++++++++++++++

 Version 1.0 authored by Catherine Walsh and Maria 
    Drozdovskaya, Leiden Observatory (01/08/2013)

 Version 1.1 amended by Catherine Walsh (18/05/2014)

 Version 1.2 amended by Catherine Walsh (13/08/2015)

 +++++++++++++++++++++++++++++++++++++++++++++++++++

          Input file =  Crich/param/trace_file_param/file_parameters_3753174.txt              

 Physical conditions  = Crich/input/3753174.txt                                               
 Chemical network     = ./rate12_complex.rates                                                
 Species file         = ./rate12_complex_atomic_Crich.specs                                   
 Binding energies     = ./rate12_binding.dat                                                  
 Reaction parameters  = param/reaction_parameters.txt                                         
 Grain parameters     = param/grain_parameters.txt                                            
 Radiation parameters = param/radiation_parameters.txt                                        

 Output file          = Crich/output/model_output_3753174.dat                                 
 Rates file           = Crich/output/model_rates_3753174.dat                                  

 Opening and reading physical conditions file ...

 +++++++++++++++++++++++++++++++++++++++++++++++++++
 Beginning to run model ...
 +++++++++++++++++++++++++++++++++++++++++++++++++++

 Preparing output files ...

 Progress = ...
 ...    1 / 148

 No. steps =    1054   No. f-s =   18374   No. J-s =      25   No. LU-s =     161
  No. nonlinear iterations =    1673
  No. nonlinear convergence failures =       0
  No. error test failures =      46
  Last step size used =    0.80070E+09
  Index compenent largest error = ********

 ...    2 / 148

 No. steps =     273   No. f-s =    3652   No. J-s =       5   No. LU-s =      37
  No. nonlinear iterations =     309
  No. nonlinear convergence failures =       0
  No. error test failures =       2
  Last step size used =    0.17740E+07
  Index compenent largest error = ********

 ...    3 / 148

 No. steps =     185   No. f-s =    2880   No. J-s =       4   No. LU-s =      33
  No. nonlinear iterations =     205
  No. nonlinear convergence failures =       0
  No. error test failures =       1
  Last step size used =    0.36536E+07
  Index compenent largest error = ********

 ...    4 / 148

 No. steps =     186   No. f-s =    2887   No. J-s =       4   No. LU-s =      34
  No. nonlinear iterations =     212
  No. nonlinear convergence failures =       0
  No. error test failures =       2
  Last step size used =    0.28469E+07
  Index compenent largest error = ********

 ...    5 / 148

 No. steps =     172   No. f-s =    2867   No. J-s =       4   No. LU-s =      29
  No. nonlinear iterations =     192
  No. nonlinear convergence failures =       0
  No. error test failures =       0
  Last step size used =    0.36982E+07
  Index compenent largest error = ********

 ...    6 / 148

 No. steps =     160   No. f-s =    2189   No. J-s =       3   No. LU-s =      29
  No. nonlinear iterations =     182
  No. nonlinear convergence failures =       0
  No. error test failures =       0
  Last step size used =    0.31546E+07
  Index compenent largest error = ********

 ...    7 / 148

 No. steps =     156   No. f-s =    2180   No. J-s =       3   No. LU-s =      29
  No. nonlinear iterations =     173
  No. nonlinear convergence failures =       0
  No. error test failures =       0
  Last step size used =    0.38528E+07
  Index compenent largest error = ********

 ...    8 / 148

 No. steps =     145   No. f-s =    2168   No. J-s =       3   No. LU-s =      28
  No. nonlinear iterations =     161
  No. nonlinear convergence failures =       0
  No. error test failures =       0
  Last step size used =    0.35644E+07
  Index compenent largest error = ********

 ...    9 / 148

 No. steps =     132   No. f-s =    2153   No. J-s =       3   No. LU-s =      26
  No. nonlinear iterations =     146
  No. nonlinear convergence failures =       0
  No. error test failures =       0
  Last step size used =    0.39224E+07
  Index compenent largest error = ********

 ...   10 / 148

 No. steps =     161   No. f-s =    2189   No. J-s =       3   No. LU-s =      30
  No. nonlinear iterations =     182
  No. nonlinear convergence failures =       0
  No. error test failures =       1
  Last step size used =    0.33003E+07
  Index compenent largest error = ********

 ...   11 / 148

 No. steps =     298   No. f-s =    4346   No. J-s =       6   No. LU-s =      34
  No. nonlinear iterations =     335
  No. nonlinear convergence failures =       0
  No. error test failures =       1
  Last step size used =    0.12045E+07
  Index compenent largest error = ********

 ...   12 / 148

 No. steps =     127   No. f-s =    2152   No. J-s =       3   No. LU-s =      26
  No. nonlinear iterations =     145
  No. nonlinear convergence failures =       0
  No. error test failures =       0
  Last step size used =    0.23553E+07
  Index compenent largest error = ********

 ...   13 / 148

 No. steps =     151   No. f-s =    2174   No. J-s =       3   No. LU-s =      27
  No. nonlinear iterations =     167
  No. nonlinear convergence failures =       0
  No. error test failures =       0
  Last step size used =    0.33013E+07
  Index compenent largest error = ********

 ...   14 / 148

 No. steps =     167   No. f-s =    2861   No. J-s =       4   No. LU-s =      26
  No. nonlinear iterations =     186
  No. nonlinear convergence failures =       0
  No. error test failures =       0
  Last step size used =    0.35066E+07
  Index compenent largest error = ********

 ...   15 / 148

 No. steps =     165   No. f-s =    2192   No. J-s =       3   No. LU-s =      27
  No. nonlinear iterations =     185
  No. nonlinear convergence failures =       0
  No. error test failures =       0
  Last step size used =    0.26768E+07
  Index compenent largest error = ********

 ...   16 / 148

 No. steps =     166   No. f-s =    2862   No. J-s =       4   No. LU-s =      27
  No. nonlinear iterations =     187
  No. nonlinear convergence failures =       0
  No. error test failures =       0
  Last step size used =    0.35282E+07
  Index compenent largest error = ********

 ...   17 / 148

 No. steps =     160   No. f-s =    2187   No. J-s =       3   No. LU-s =      27
  No. nonlinear iterations =     180
  No. nonlinear convergence failures =       0
  No. error test failures =       0
  Last step size used =    0.31148E+07
  Index compenent largest error = ********

 ...   18 / 148

 No. steps =     148   No. f-s =    2173   No. J-s =       3   No. LU-s =      27
  No. nonlinear iterations =     166
  No. nonlinear convergence failures =       0
  No. error test failures =       0
  Last step size used =    0.32458E+07
  Index compenent largest error = ********

 ...   19 / 148

 No. steps =     141   No. f-s =    2163   No. J-s =       3   No. LU-s =      26
  No. nonlinear iterations =     156
  No. nonlinear convergence failures =       0
  No. error test failures =       0
  Last step size used =    0.29761E+07
  Index compenent largest error = ********

 ...   20 / 148

 No. steps =     137   No. f-s =    2160   No. J-s =       3   No. LU-s =      26
  No. nonlinear iterations =     153
  No. nonlinear convergence failures =       0
  No. error test failures =       0
  Last step size used =    0.44299E+07
  Index compenent largest error = ********

 ...   21 / 148

 No. steps =     128   No. f-s =    2148   No. J-s =       3   No. LU-s =      24
  No. nonlinear iterations =     141
  No. nonlinear convergence failures =       0
  No. error test failures =       0
  Last step size used =    0.27629E+07
  Index compenent largest error = ********

 ...   22 / 148

 No. steps =     128   No. f-s =    2151   No. J-s =       3   No. LU-s =      25
  No. nonlinear iterations =     144
  No. nonlinear convergence failures =       0
  No. error test failures =       0
  Last step size used =    0.28521E+07
  Index compenent largest error = ********

 ...   23 / 148

 No. steps =     124   No. f-s =    2146   No. J-s =       3   No. LU-s =      24
  No. nonlinear iterations =     139
  No. nonlinear convergence failures =       0
  No. error test failures =       0
  Last step size used =    0.30131E+07
  Index compenent largest error = ********

 ...   24 / 148

 No. steps =     128   No. f-s =    2151   No. J-s =       3   No. LU-s =      24
  No. nonlinear iterations =     144
  No. nonlinear convergence failures =       0
  No. error test failures =       0
  Last step size used =    0.29987E+07
  Index compenent largest error = ********

 ...   25 / 148

 No. steps =     121   No. f-s =    2145   No. J-s =       3   No. LU-s =      24
  No. nonlinear iterations =     138
  No. nonlinear convergence failures =       0
  No. error test failures =       0
  Last step size used =    0.39794E+07
  Index compenent largest error = ********

 ...   26 / 148

 No. steps =     128   No. f-s =    2155   No. J-s =       3   No. LU-s =      25
  No. nonlinear iterations =     148
  No. nonlinear convergence failures =       0
  No. error test failures =       1
  Last step size used =    0.36757E+07
  Index compenent largest error = ********

 ...   27 / 148

 No. steps =     162   No. f-s =    2865   No. J-s =       4   No. LU-s =      25
  No. nonlinear iterations =     190
  No. nonlinear convergence failures =       0
  No. error test failures =       1
  Last step size used =    0.23306E+07
  Index compenent largest error = ********

 ...   28 / 148

 No. steps =     148   No. f-s =    2173   No. J-s =       3   No. LU-s =      24
  No. nonlinear iterations =     166
  No. nonlinear convergence failures =       0
  No. error test failures =       0
  Last step size used =    0.19871E+07
  Index compenent largest error = ********

 ...   29 / 148

 No. steps =     100   No. f-s =    1453   No. J-s =       2   No. LU-s =      24
  No. nonlinear iterations =     114
  No. nonlinear convergence failures =       0
  No. error test failures =       0
  Last step size used =    0.42734E+07
  Index compenent largest error = ********

 ...   30 / 148

 No. steps =     125   No. f-s =    2146   No. J-s =       3   No. LU-s =      24
  No. nonlinear iterations =     139
  No. nonlinear convergence failures =       0
  No. error test failures =       0
  Last step size used =    0.29300E+07
  Index compenent largest error = ********

 ...   31 / 148

 No. steps =     130   No. f-s =    2152   No. J-s =       3   No. LU-s =      24
  No. nonlinear iterations =     145
  No. nonlinear convergence failures =       0
  No. error test failures =       0
  Last step size used =    0.31925E+07
  Index compenent largest error = ********

 ...   32 / 148

 No. steps =     126   No. f-s =    2149   No. J-s =       3   No. LU-s =      25
  No. nonlinear iterations =     142
  No. nonlinear convergence failures =       0
  No. error test failures =       0
  Last step size used =    0.48499E+07
  Index compenent largest error = ********

 ...   33 / 148

 No. steps =     126   No. f-s =    2147   No. J-s =       3   No. LU-s =      24
  No. nonlinear iterations =     140
  No. nonlinear convergence failures =       0
  No. error test failures =       0
  Last step size used =    0.46199E+07
  Index compenent largest error = ********

 ...   34 / 148

 No. steps =     121   No. f-s =    2143   No. J-s =       3   No. LU-s =      24
  No. nonlinear iterations =     136
  No. nonlinear convergence failures =       0
  No. error test failures =       0
  Last step size used =    0.39608E+07
  Index compenent largest error = ********

 ...   35 / 148

 No. steps =     120   No. f-s =    2139   No. J-s =       3   No. LU-s =      22
  No. nonlinear iterations =     132
  No. nonlinear convergence failures =       0
  No. error test failures =       0
  Last step size used =    0.31516E+07
  Index compenent largest error = ********

 ...   36 / 148

 No. steps =     116   No. f-s =    2135   No. J-s =       3   No. LU-s =      22
  No. nonlinear iterations =     128
  No. nonlinear convergence failures =       0
  No. error test failures =       0
  Last step size used =    0.37930E+07
  Index compenent largest error = ********

 ...   37 / 148

 No. steps =     110   No. f-s =    1461   No. J-s =       2   No. LU-s =      22
  No. nonlinear iterations =     122
  No. nonlinear convergence failures =       0
  No. error test failures =       0
  Last step size used =    0.27535E+07
  Index compenent largest error = ********

 ...   38 / 148

 No. steps =     110   No. f-s =    2130   No. J-s =       3   No. LU-s =      23
  No. nonlinear iterations =     123
  No. nonlinear convergence failures =       0
  No. error test failures =       0
  Last step size used =    0.34955E+07
  Index compenent largest error = ********

 ...   39 / 148

 No. steps =     106   No. f-s =    2125   No. J-s =       3   No. LU-s =      23
  No. nonlinear iterations =     118
  No. nonlinear convergence failures =       0
  No. error test failures =       0
  Last step size used =    0.46660E+07
  Index compenent largest error = ********

 ...   40 / 148

 No. steps =     106   No. f-s =    2127   No. J-s =       3   No. LU-s =      23
  No. nonlinear iterations =     120
  No. nonlinear convergence failures =       0
  No. error test failures =       0
  Last step size used =    0.50449E+07
  Index compenent largest error = ********

 ...   41 / 148

 No. steps =     106   No. f-s =    1460   No. J-s =       2   No. LU-s =      22
  No. nonlinear iterations =     121
  No. nonlinear convergence failures =       0
  No. error test failures =       0
  Last step size used =    0.36794E+07
  Index compenent largest error = ********

 ...   42 / 148

 No. steps =      99   No. f-s =    1450   No. J-s =       2   No. LU-s =      22
  No. nonlinear iterations =     111
  No. nonlinear convergence failures =       0
  No. error test failures =       0
  Last step size used =    0.52994E+07
  Index compenent largest error = ********

 ...   43 / 148

 No. steps =      88   No. f-s =    1438   No. J-s =       2   No. LU-s =      20
  No. nonlinear iterations =      99
  No. nonlinear convergence failures =       0
  No. error test failures =       0
  Last step size used =    0.42315E+07
  Index compenent largest error = ********

 ...   44 / 148

 No. steps =     107   No. f-s =    1462   No. J-s =       2   No. LU-s =      21
  No. nonlinear iterations =     123
  No. nonlinear convergence failures =       0
  No. error test failures =       0
  Last step size used =    0.27232E+07
  Index compenent largest error = ********

 ...   45 / 148

 No. steps =     112   No. f-s =    2135   No. J-s =       3   No. LU-s =      21
  No. nonlinear iterations =     128
  No. nonlinear convergence failures =       0
  No. error test failures =       0
  Last step size used =    0.38697E+07
  Index compenent largest error = ********

 ...   46 / 148

 No. steps =     111   No. f-s =    2131   No. J-s =       3   No. LU-s =      22
  No. nonlinear iterations =     124
  No. nonlinear convergence failures =       0
  No. error test failures =       0
  Last step size used =    0.41627E+07
  Index compenent largest error = ********

 ...   47 / 148

 No. steps =      94   No. f-s =    1448   No. J-s =       2   No. LU-s =      20
  No. nonlinear iterations =     109
  No. nonlinear convergence failures =       0
  No. error test failures =       0
  Last step size used =    0.35429E+07
  Index compenent largest error = ********

 ...   48 / 148

 No. steps =      69   No. f-s =    1421   No. J-s =       2   No. LU-s =      20
  No. nonlinear iterations =      82
  No. nonlinear convergence failures =       0
  No. error test failures =       0
  Last step size used =    0.48694E+07
  Index compenent largest error = ********

 ...   49 / 148

 No. steps =      87   No. f-s =    1437   No. J-s =       2   No. LU-s =      20
  No. nonlinear iterations =      98
  No. nonlinear convergence failures =       0
  No. error test failures =       0
  Last step size used =    0.50366E+07
  Index compenent largest error = ********

 ...   50 / 148

 No. steps =      96   No. f-s =    1447   No. J-s =       2   No. LU-s =      21
  No. nonlinear iterations =     108
  No. nonlinear convergence failures =       0
  No. error test failures =       0
  Last step size used =    0.41300E+07
  Index compenent largest error = ********

 ...   51 / 148

 No. steps =     100   No. f-s =    1454   No. J-s =       2   No. LU-s =      23
  No. nonlinear iterations =     115
  No. nonlinear convergence failures =       0
  No. error test failures =       0
  Last step size used =    0.43448E+07
  Index compenent largest error = ********

 ...   52 / 148

 No. steps =     105   No. f-s =    1457   No. J-s =       2   No. LU-s =      23
  No. nonlinear iterations =     118
  No. nonlinear convergence failures =       0
  No. error test failures =       0
  Last step size used =    0.48412E+07
  Index compenent largest error = ********

 ...   53 / 148

 No. steps =     105   No. f-s =    1456   No. J-s =       2   No. LU-s =      22
  No. nonlinear iterations =     117
  No. nonlinear convergence failures =       0
  No. error test failures =       0
  Last step size used =    0.30830E+07
  Index compenent largest error = ********

 ...   54 / 148

 No. steps =     103   No. f-s =    1456   No. J-s =       2   No. LU-s =      22
  No. nonlinear iterations =     117
  No. nonlinear convergence failures =       0
  No. error test failures =       0
  Last step size used =    0.35871E+07
  Index compenent largest error = ********

 ...   55 / 148

 No. steps =     105   No. f-s =    2121   No. J-s =       3   No. LU-s =      23
  No. nonlinear iterations =     114
  No. nonlinear convergence failures =       0
  No. error test failures =       0
  Last step size used =    0.43816E+07
  Index compenent largest error = ********

 ...   56 / 148

 No. steps =     102   No. f-s =    1452   No. J-s =       2   No. LU-s =      22
  No. nonlinear iterations =     113
  No. nonlinear convergence failures =       0
  No. error test failures =       0
  Last step size used =    0.55081E+07
  Index compenent largest error = ********

 ...   57 / 148

 No. steps =     100   No. f-s =    1449   No. J-s =       2   No. LU-s =      21
  No. nonlinear iterations =     110
  No. nonlinear convergence failures =       0
  No. error test failures =       0
  Last step size used =    0.39047E+07
  Index compenent largest error = ********

 ...   58 / 148

 No. steps =     100   No. f-s =    1452   No. J-s =       2   No. LU-s =      21
  No. nonlinear iterations =     113
  No. nonlinear convergence failures =       0
  No. error test failures =       0
  Last step size used =    0.52198E+07
  Index compenent largest error = ********

 ...   59 / 148

 No. steps =      99   No. f-s =    1451   No. J-s =       2   No. LU-s =      21
  No. nonlinear iterations =     112
  No. nonlinear convergence failures =       0
  No. error test failures =       0
  Last step size used =    0.35446E+07
  Index compenent largest error = ********

 ...   60 / 148

 No. steps =      91   No. f-s =    1443   No. J-s =       2   No. LU-s =      21
  No. nonlinear iterations =     104
  No. nonlinear convergence failures =       0
  No. error test failures =       0
  Last step size used =    0.50163E+07
  Index compenent largest error = ********

 ...   61 / 148

 No. steps =      85   No. f-s =    1438   No. J-s =       2   No. LU-s =      21
  No. nonlinear iterations =      99
  No. nonlinear convergence failures =       0
  No. error test failures =       0
  Last step size used =    0.58228E+07
  Index compenent largest error = ********

 ...   62 / 148

 No. steps =      75   No. f-s =    1422   No. J-s =       2   No. LU-s =      19
  No. nonlinear iterations =      83
  No. nonlinear convergence failures =       0
  No. error test failures =       0
  Last step size used =    0.60905E+07
  Index compenent largest error = ********

 ...   63 / 148

 No. steps =      78   No. f-s =    1428   No. J-s =       2   No. LU-s =      18
  No. nonlinear iterations =      89
  No. nonlinear convergence failures =       0
  No. error test failures =       0
  Last step size used =    0.47345E+07
  Index compenent largest error = ********

 ...   64 / 148

 No. steps =      80   No. f-s =    1432   No. J-s =       2   No. LU-s =      20
  No. nonlinear iterations =      93
  No. nonlinear convergence failures =       0
  No. error test failures =       0
  Last step size used =    0.67218E+07
  Index compenent largest error = ********

 ...   65 / 148

 No. steps =      85   No. f-s =    1434   No. J-s =       2   No. LU-s =      20
  No. nonlinear iterations =      95
  No. nonlinear convergence failures =       0
  No. error test failures =       0
  Last step size used =    0.53500E+07
  Index compenent largest error = ********

 ...   66 / 148

 No. steps =      82   No. f-s =    1430   No. J-s =       2   No. LU-s =      20
  No. nonlinear iterations =      91
  No. nonlinear convergence failures =       0
  No. error test failures =       0
  Last step size used =    0.62419E+07
  Index compenent largest error = ********

 ...   67 / 148

 No. steps =      62   No. f-s =    1410   No. J-s =       2   No. LU-s =      18
  No. nonlinear iterations =      71
  No. nonlinear convergence failures =       0
  No. error test failures =       0
  Last step size used =    0.65638E+07
  Index compenent largest error = ********

 ...   68 / 148

 No. steps =      55   No. f-s =    1402   No. J-s =       2   No. LU-s =      17
  No. nonlinear iterations =      63
  No. nonlinear convergence failures =       0
  No. error test failures =       0
  Last step size used =    0.71114E+07
  Index compenent largest error = ********

 ...   69 / 148

 No. steps =      67   No. f-s =    1418   No. J-s =       2   No. LU-s =      19
  No. nonlinear iterations =      79
  No. nonlinear convergence failures =       0
  No. error test failures =       0
  Last step size used =    0.80805E+07
  Index compenent largest error = ********

 ...   70 / 148

 No. steps =      83   No. f-s =    1430   No. J-s =       2   No. LU-s =      20
  No. nonlinear iterations =      91
  No. nonlinear convergence failures =       0
  No. error test failures =       0
  Last step size used =    0.43256E+07
  Index compenent largest error = ********

 ...   71 / 148

 No. steps =      84   No. f-s =    1436   No. J-s =       2   No. LU-s =      20
  No. nonlinear iterations =      97
  No. nonlinear convergence failures =       0
  No. error test failures =       0
  Last step size used =    0.45751E+07
  Index compenent largest error = ********

 ...   72 / 148

 No. steps =      89   No. f-s =    1437   No. J-s =       2   No. LU-s =      21
  No. nonlinear iterations =      98
  No. nonlinear convergence failures =       0
  No. error test failures =       0
  Last step size used =    0.56141E+07
  Index compenent largest error = ********

 ...   73 / 148

 No. steps =      85   No. f-s =    1437   No. J-s =       2   No. LU-s =      20
  No. nonlinear iterations =      98
  No. nonlinear convergence failures =       0
  No. error test failures =       0
  Last step size used =    0.40704E+07
  Index compenent largest error = ********

 ...   74 / 148

 No. steps =      89   No. f-s =    1441   No. J-s =       2   No. LU-s =      21
  No. nonlinear iterations =     102
  No. nonlinear convergence failures =       0
  No. error test failures =       0
  Last step size used =    0.54705E+07
  Index compenent largest error = ********

 ...   75 / 148

 No. steps =      90   No. f-s =    1441   No. J-s =       2   No. LU-s =      20
  No. nonlinear iterations =     102
  No. nonlinear convergence failures =       0
  No. error test failures =       0
  Last step size used =    0.40657E+07
  Index compenent largest error = ********

 ...   76 / 148

 No. steps =      89   No. f-s =    1441   No. J-s =       2   No. LU-s =      20
  No. nonlinear iterations =     102
  No. nonlinear convergence failures =       0
  No. error test failures =       0
  Last step size used =    0.40341E+07
  Index compenent largest error = ********

 ...   77 / 148

 No. steps =      87   No. f-s =    1440   No. J-s =       2   No. LU-s =      20
  No. nonlinear iterations =     101
  No. nonlinear convergence failures =       0
  No. error test failures =       0
  Last step size used =    0.38756E+07
  Index compenent largest error = ********

 ...   78 / 148

 No. steps =      89   No. f-s =    1442   No. J-s =       2   No. LU-s =      21
  No. nonlinear iterations =     103
  No. nonlinear convergence failures =       0
  No. error test failures =       0
  Last step size used =    0.92406E+07
  Index compenent largest error = ********

 ...   79 / 148

 No. steps =      88   No. f-s =    1439   No. J-s =       2   No. LU-s =      21
  No. nonlinear iterations =     100
  No. nonlinear convergence failures =       0
  No. error test failures =       0
  Last step size used =    0.53920E+07
  Index compenent largest error = ********

 ...   80 / 148

 No. steps =      85   No. f-s =    1440   No. J-s =       2   No. LU-s =      20
  No. nonlinear iterations =     101
  No. nonlinear convergence failures =       0
  No. error test failures =       0
  Last step size used =    0.45750E+07
  Index compenent largest error = ********

 ...   81 / 148

 No. steps =      83   No. f-s =    1438   No. J-s =       2   No. LU-s =      20
  No. nonlinear iterations =      99
  No. nonlinear convergence failures =       0
  No. error test failures =       0
  Last step size used =    0.47189E+07
  Index compenent largest error = ********

 ...   82 / 148

 No. steps =      83   No. f-s =    1438   No. J-s =       2   No. LU-s =      20
  No. nonlinear iterations =      99
  No. nonlinear convergence failures =       0
  No. error test failures =       0
  Last step size used =    0.46350E+07
  Index compenent largest error = ********

 ...   83 / 148

 No. steps =      79   No. f-s =    1429   No. J-s =       2   No. LU-s =      20
  No. nonlinear iterations =      90
  No. nonlinear convergence failures =       0
  No. error test failures =       0
  Last step size used =    0.65387E+07
  Index compenent largest error = ********

 ...   84 / 148

 No. steps =      69   No. f-s =    1420   No. J-s =       2   No. LU-s =      19
  No. nonlinear iterations =      81
  No. nonlinear convergence failures =       0
  No. error test failures =       0
  Last step size used =    0.64630E+07
  Index compenent largest error = ********

 ...   85 / 148

 No. steps =      70   No. f-s =    1418   No. J-s =       2   No. LU-s =      18
  No. nonlinear iterations =      79
  No. nonlinear convergence failures =       0
  No. error test failures =       0
  Last step size used =    0.54980E+07
  Index compenent largest error = ********

 ...   86 / 148

 No. steps =      66   No. f-s =    1413   No. J-s =       2   No. LU-s =      15
  No. nonlinear iterations =      74
  No. nonlinear convergence failures =       0
  No. error test failures =       0
  Last step size used =    0.52228E+07
  Index compenent largest error = ********

 ...   87 / 148

 No. steps =      57   No. f-s =    1404   No. J-s =       2   No. LU-s =      18
  No. nonlinear iterations =      65
  No. nonlinear convergence failures =       0
  No. error test failures =       0
  Last step size used =    0.83287E+07
  Index compenent largest error = ********

 ...   88 / 148

 No. steps =      52   No. f-s =     731   No. J-s =       1   No. LU-s =      16
  No. nonlinear iterations =      60
  No. nonlinear convergence failures =       0
  No. error test failures =       0
  Last step size used =    0.57313E+07
  Index compenent largest error = ********

 ...   89 / 148

 No. steps =      44   No. f-s =     722   No. J-s =       1   No. LU-s =      14
  No. nonlinear iterations =      51
  No. nonlinear convergence failures =       0
  No. error test failures =       0
  Last step size used =    0.60396E+07
  Index compenent largest error = ********

 ...   90 / 148

 No. steps =      65   No. f-s =    1412   No. J-s =       2   No. LU-s =      15
  No. nonlinear iterations =      73
  No. nonlinear convergence failures =       0
  No. error test failures =       0
  Last step size used =    0.66459E+07
  Index compenent largest error = ********

 ...   91 / 148

 No. steps =      60   No. f-s =    1406   No. J-s =       2   No. LU-s =      18
  No. nonlinear iterations =      67
  No. nonlinear convergence failures =       0
  No. error test failures =       0
  Last step size used =    0.88123E+07
  Index compenent largest error = ********

 ...   92 / 148

 No. steps =      68   No. f-s =    1416   No. J-s =       2   No. LU-s =      17
  No. nonlinear iterations =      77
  No. nonlinear convergence failures =       0
  No. error test failures =       0
  Last step size used =    0.58942E+07
  Index compenent largest error = ********

 ...   93 / 148

 No. steps =      74   No. f-s =    1424   No. J-s =       2   No. LU-s =      19
  No. nonlinear iterations =      85
  No. nonlinear convergence failures =       0
  No. error test failures =       0
  Last step size used =    0.59469E+07
  Index compenent largest error = ********

 ...   94 / 148

 No. steps =      72   No. f-s =    1420   No. J-s =       2   No. LU-s =      19
  No. nonlinear iterations =      81
  No. nonlinear convergence failures =       0
  No. error test failures =       0
  Last step size used =    0.62672E+07
  Index compenent largest error = ********

 ...   95 / 148

 No. steps =      74   No. f-s =    1424   No. J-s =       2   No. LU-s =      19
  No. nonlinear iterations =      85
  No. nonlinear convergence failures =       0
  No. error test failures =       0
  Last step size used =    0.73583E+07
  Index compenent largest error = ********

 ...   96 / 148

 No. steps =      74   No. f-s =    1426   No. J-s =       2   No. LU-s =      19
  No. nonlinear iterations =      87
  No. nonlinear convergence failures =       0
  No. error test failures =       0
  Last step size used =    0.65008E+07
  Index compenent largest error = ********

 ...   97 / 148

 No. steps =      74   No. f-s =    1426   No. J-s =       2   No. LU-s =      19
  No. nonlinear iterations =      87
  No. nonlinear convergence failures =       0
  No. error test failures =       0
  Last step size used =    0.66767E+07
  Index compenent largest error = ********

 ...   98 / 148

 No. steps =      75   No. f-s =    1424   No. J-s =       2   No. LU-s =      18
  No. nonlinear iterations =      85
  No. nonlinear convergence failures =       0
  No. error test failures =       0
  Last step size used =    0.44182E+07
  Index compenent largest error = ********

 ...   99 / 148

 No. steps =      74   No. f-s =    1422   No. J-s =       2   No. LU-s =      19
  No. nonlinear iterations =      83
  No. nonlinear convergence failures =       0
  No. error test failures =       0
  Last step size used =    0.63495E+07
  Index compenent largest error = ********

 ...  100 / 148

 No. steps =      74   No. f-s =    1422   No. J-s =       2   No. LU-s =      19
  No. nonlinear iterations =      83
  No. nonlinear convergence failures =       0
  No. error test failures =       0
  Last step size used =    0.65449E+07
  Index compenent largest error = ********

 ...  101 / 148

 No. steps =      78   No. f-s =    1427   No. J-s =       2   No. LU-s =      19
  No. nonlinear iterations =      88
  No. nonlinear convergence failures =       0
  No. error test failures =       0
  Last step size used =    0.52889E+07
  Index compenent largest error = ********

 ...  102 / 148

 No. steps =      77   No. f-s =    1425   No. J-s =       2   No. LU-s =      19
  No. nonlinear iterations =      86
  No. nonlinear convergence failures =       0
  No. error test failures =       0
  Last step size used =    0.62123E+07
  Index compenent largest error = ********

 ...  103 / 148

 No. steps =      76   No. f-s =    1424   No. J-s =       2   No. LU-s =      18
  No. nonlinear iterations =      85
  No. nonlinear convergence failures =       0
  No. error test failures =       0
  Last step size used =    0.42110E+07
  Index compenent largest error = ********

 ...  104 / 148

 No. steps =      77   No. f-s =    1425   No. J-s =       2   No. LU-s =      19
  No. nonlinear iterations =      86
  No. nonlinear convergence failures =       0
  No. error test failures =       0
  Last step size used =    0.65814E+07
  Index compenent largest error = ********

 ...  105 / 148

 No. steps =      73   No. f-s =    1422   No. J-s =       2   No. LU-s =      18
  No. nonlinear iterations =      83
  No. nonlinear convergence failures =       0
  No. error test failures =       0
  Last step size used =    0.44447E+07
  Index compenent largest error = ********

 ...  106 / 148

 No. steps =      75   No. f-s =    1422   No. J-s =       2   No. LU-s =      18
  No. nonlinear iterations =      83
  No. nonlinear convergence failures =       0
  No. error test failures =       0
  Last step size used =    0.49044E+07
  Index compenent largest error = ********

 ...  107 / 148

 No. steps =      72   No. f-s =    1419   No. J-s =       2   No. LU-s =      18
  No. nonlinear iterations =      80
  No. nonlinear convergence failures =       0
  No. error test failures =       0
  Last step size used =    0.48613E+07
  Index compenent largest error = ********

 ...  108 / 148

 No. steps =      73   No. f-s =    1420   No. J-s =       2   No. LU-s =      18
  No. nonlinear iterations =      81
  No. nonlinear convergence failures =       0
  No. error test failures =       0
  Last step size used =    0.46939E+07
  Index compenent largest error = ********

 ...  109 / 148

 No. steps =      71   No. f-s =    1418   No. J-s =       2   No. LU-s =      18
  No. nonlinear iterations =      79
  No. nonlinear convergence failures =       0
  No. error test failures =       0
  Last step size used =    0.55976E+07
  Index compenent largest error = ********

 ...  110 / 148

 No. steps =      71   No. f-s =    1418   No. J-s =       2   No. LU-s =      18
  No. nonlinear iterations =      79
  No. nonlinear convergence failures =       0
  No. error test failures =       0
  Last step size used =    0.59973E+07
  Index compenent largest error = ********

 ...  111 / 148

 No. steps =      65   No. f-s =    1415   No. J-s =       2   No. LU-s =      17
  No. nonlinear iterations =      76
  No. nonlinear convergence failures =       0
  No. error test failures =       0
  Last step size used =    0.44789E+07
  Index compenent largest error = ********

 ...  112 / 148

 No. steps =      67   No. f-s =    1416   No. J-s =       2   No. LU-s =      19
  No. nonlinear iterations =      77
  No. nonlinear convergence failures =       0
  No. error test failures =       0
  Last step size used =    0.66977E+07
  Index compenent largest error = ********

 ...  113 / 148

 No. steps =      67   No. f-s =    1416   No. J-s =       2   No. LU-s =      19
  No. nonlinear iterations =      77
  No. nonlinear convergence failures =       0
  No. error test failures =       0
  Last step size used =    0.67511E+07
  Index compenent largest error = ********

 ...  114 / 148

 No. steps =      67   No. f-s =    1418   No. J-s =       2   No. LU-s =      18
  No. nonlinear iterations =      79
  No. nonlinear convergence failures =       0
  No. error test failures =       0
  Last step size used =    0.63439E+07
  Index compenent largest error = ********

 ...  115 / 148

 No. steps =      67   No. f-s =    1416   No. J-s =       2   No. LU-s =      19
  No. nonlinear iterations =      77
  No. nonlinear convergence failures =       0
  No. error test failures =       0
  Last step size used =    0.69836E+07
  Index compenent largest error = ********

 ...  116 / 148

 No. steps =      65   No. f-s =    1412   No. J-s =       2   No. LU-s =      18
  No. nonlinear iterations =      73
  No. nonlinear convergence failures =       0
  No. error test failures =       0
  Last step size used =    0.68022E+07
  Index compenent largest error = ********

 ...  117 / 148

 No. steps =      66   No. f-s =    1418   No. J-s =       2   No. LU-s =      18
  No. nonlinear iterations =      79
  No. nonlinear convergence failures =       0
  No. error test failures =       0
  Last step size used =    0.67020E+07
  Index compenent largest error = ********

 ...  118 / 148

 No. steps =      63   No. f-s =    1410   No. J-s =       2   No. LU-s =      16
  No. nonlinear iterations =      71
  No. nonlinear convergence failures =       0
  No. error test failures =       0
  Last step size used =    0.60818E+07
  Index compenent largest error = ********

 ...  119 / 148

 No. steps =      64   No. f-s =    1411   No. J-s =       2   No. LU-s =      18
  No. nonlinear iterations =      72
  No. nonlinear convergence failures =       0
  No. error test failures =       0
  Last step size used =    0.62272E+07
  Index compenent largest error = ********

 ...  120 / 148

 No. steps =      66   No. f-s =    1417   No. J-s =       2   No. LU-s =      18
  No. nonlinear iterations =      78
  No. nonlinear convergence failures =       0
  No. error test failures =       0
  Last step size used =    0.63425E+07
  Index compenent largest error = ********

 ...  121 / 148

 No. steps =      65   No. f-s =    1417   No. J-s =       2   No. LU-s =      17
  No. nonlinear iterations =      78
  No. nonlinear convergence failures =       0
  No. error test failures =       0
  Last step size used =    0.46139E+07
  Index compenent largest error = ********

 ...  122 / 148

 No. steps =      64   No. f-s =    1411   No. J-s =       2   No. LU-s =      18
  No. nonlinear iterations =      72
  No. nonlinear convergence failures =       0
  No. error test failures =       0
  Last step size used =    0.67711E+07
  Index compenent largest error = ********

 ...  123 / 148

 No. steps =      65   No. f-s =    1417   No. J-s =       2   No. LU-s =      17
  No. nonlinear iterations =      78
  No. nonlinear convergence failures =       0
  No. error test failures =       0
  Last step size used =    0.45160E+07
  Index compenent largest error = ********

 ...  124 / 148

 No. steps =      65   No. f-s =    1417   No. J-s =       2   No. LU-s =      17
  No. nonlinear iterations =      78
  No. nonlinear convergence failures =       0
  No. error test failures =       0
  Last step size used =    0.45746E+07
  Index compenent largest error = ********

 ...  125 / 148

 No. steps =      66   No. f-s =    1416   No. J-s =       2   No. LU-s =      17
  No. nonlinear iterations =      77
  No. nonlinear convergence failures =       0
  No. error test failures =       0
  Last step size used =    0.41444E+07
  Index compenent largest error = ********

 ...  126 / 148

 No. steps =      65   No. f-s =    1415   No. J-s =       2   No. LU-s =      18
  No. nonlinear iterations =      76
  No. nonlinear convergence failures =       0
  No. error test failures =       0
  Last step size used =    0.59073E+07
  Index compenent largest error = ********

 ...  127 / 148

 No. steps =      65   No. f-s =    1416   No. J-s =       2   No. LU-s =      17
  No. nonlinear iterations =      77
  No. nonlinear convergence failures =       0
  No. error test failures =       0
  Last step size used =    0.45788E+07
  Index compenent largest error = ********

 ...  128 / 148

 No. steps =      66   No. f-s =    1416   No. J-s =       2   No. LU-s =      17
  No. nonlinear iterations =      77
  No. nonlinear convergence failures =       0
  No. error test failures =       0
  Last step size used =    0.43550E+07
  Index compenent largest error = ********

 ...  129 / 148

 No. steps =      62   No. f-s =    1409   No. J-s =       2   No. LU-s =      17
  No. nonlinear iterations =      70
  No. nonlinear convergence failures =       0
  No. error test failures =       0
  Last step size used =    0.54828E+07
  Index compenent largest error = ********

 ...  130 / 148

 No. steps =      63   No. f-s =    1410   No. J-s =       2   No. LU-s =      17
  No. nonlinear iterations =      71
  No. nonlinear convergence failures =       0
  No. error test failures =       0
  Last step size used =    0.46599E+07
  Index compenent largest error = ********

 ...  131 / 148

 No. steps =      67   No. f-s =    1414   No. J-s =       2   No. LU-s =      18
  No. nonlinear iterations =      75
  No. nonlinear convergence failures =       0
  No. error test failures =       0
  Last step size used =    0.61040E+07
  Index compenent largest error = ********

 ...  132 / 148

 No. steps =      64   No. f-s =    1413   No. J-s =       2   No. LU-s =      17
  No. nonlinear iterations =      74
  No. nonlinear convergence failures =       0
  No. error test failures =       0
  Last step size used =    0.69253E+07
  Index compenent largest error = ********

 ...  133 / 148

 No. steps =      62   No. f-s =    1409   No. J-s =       2   No. LU-s =      17
  No. nonlinear iterations =      70
  No. nonlinear convergence failures =       0
  No. error test failures =       0
  Last step size used =    0.52121E+07
  Index compenent largest error = ********

 ...  134 / 148

 No. steps =      64   No. f-s =    1413   No. J-s =       2   No. LU-s =      17
  No. nonlinear iterations =      74
  No. nonlinear convergence failures =       0
  No. error test failures =       0
  Last step size used =    0.69468E+07
  Index compenent largest error = ********

 ...  135 / 148

 No. steps =      63   No. f-s =    1411   No. J-s =       2   No. LU-s =      17
  No. nonlinear iterations =      72
  No. nonlinear convergence failures =       0
  No. error test failures =       0
  Last step size used =    0.47796E+07
  Index compenent largest error = ********

 ...  136 / 148

 No. steps =      64   No. f-s =    1413   No. J-s =       2   No. LU-s =      17
  No. nonlinear iterations =      74
  No. nonlinear convergence failures =       0
  No. error test failures =       0
  Last step size used =    0.67056E+07
  Index compenent largest error = ********

 ...  137 / 148

 No. steps =      65   No. f-s =    1414   No. J-s =       2   No. LU-s =      17
  No. nonlinear iterations =      75
  No. nonlinear convergence failures =       0
  No. error test failures =       0
  Last step size used =    0.64855E+07
  Index compenent largest error = ********

 ...  138 / 148

 No. steps =      62   No. f-s =    1409   No. J-s =       2   No. LU-s =      17
  No. nonlinear iterations =      70
  No. nonlinear convergence failures =       0
  No. error test failures =       0
  Last step size used =    0.54387E+07
  Index compenent largest error = ********

 ...  139 / 148

 No. steps =      62   No. f-s =    1409   No. J-s =       2   No. LU-s =      17
  No. nonlinear iterations =      70
  No. nonlinear convergence failures =       0
  No. error test failures =       0
  Last step size used =    0.54676E+07
  Index compenent largest error = ********

 ...  140 / 148

 No. steps =      59   No. f-s =    1407   No. J-s =       2   No. LU-s =      17
  No. nonlinear iterations =      68
  No. nonlinear convergence failures =       0
  No. error test failures =       0
  Last step size used =    0.60649E+07
  Index compenent largest error = ********

 ...  141 / 148

 No. steps =      60   No. f-s =    1409   No. J-s =       2   No. LU-s =      17
  No. nonlinear iterations =      70
  No. nonlinear convergence failures =       0
  No. error test failures =       0
  Last step size used =    0.54540E+07
  Index compenent largest error = ********

 ...  142 / 148

 No. steps =      61   No. f-s =    1409   No. J-s =       2   No. LU-s =      17
  No. nonlinear iterations =      70
  No. nonlinear convergence failures =       0
  No. error test failures =       0
  Last step size used =    0.55088E+07
  Index compenent largest error = ********

 ...  143 / 148

 No. steps =      62   No. f-s =    1410   No. J-s =       2   No. LU-s =      17
  No. nonlinear iterations =      71
  No. nonlinear convergence failures =       0
  No. error test failures =       0
  Last step size used =    0.51953E+07
  Index compenent largest error = ********

 ...  144 / 148

 No. steps =      60   No. f-s =    1410   No. J-s =       2   No. LU-s =      17
  No. nonlinear iterations =      71
  No. nonlinear convergence failures =       0
  No. error test failures =       0
  Last step size used =    0.44290E+07
  Index compenent largest error = ********

 ...  145 / 148

 No. steps =      61   No. f-s =    1409   No. J-s =       2   No. LU-s =      17
  No. nonlinear iterations =      70
  No. nonlinear convergence failures =       0
  No. error test failures =       0
  Last step size used =    0.55962E+07
  Index compenent largest error = ********

 ...  146 / 148

 No. steps =      59   No. f-s =    1408   No. J-s =       2   No. LU-s =      17
  No. nonlinear iterations =      69
  No. nonlinear convergence failures =       0
  No. error test failures =       0
  Last step size used =    0.58946E+07
  Index compenent largest error = ********

 ...  147 / 148

 No. steps =      61   No. f-s =    1409   No. J-s =       2   No. LU-s =      17
  No. nonlinear iterations =      70
  No. nonlinear convergence failures =       0
  No. error test failures =       0
  Last step size used =    0.59246E+07
  Index compenent largest error = ********

 ...  148 / 148

 No. steps =      61   No. f-s =    1409   No. J-s =       2   No. LU-s =      17
  No. nonlinear iterations =      70
  No. nonlinear convergence failures =       0
  No. error test failures =       0
  Last step size used =    0.56789E+07
  Index compenent largest error = ********


    ... DONE!
 +++++++++++++++++++++++++++++++++++++++++++++++++++


+------------------ Job Report: 10176462 (COMPLETED) ------------------+
| Memory (RAM)  [                    ]  0.0% (0 B peak / 1 GB)         |
| CPU           [##############      ] 71.4% average                   |
| Time          [>                   ]  1.8% (0-00:01:03 / 0-01:00:00) |
|                                                                      |
| Lustre Filesystem:                                                   |
|   Path    Total Read    Total Write    Total IOPS                    |
|   ------  ------------  -------------  ------------                  |
|   /apps   0 B           0 B            18                            |
|   /fred   12 KB         58.1 MB        4 K                           |
|                                                                      |
| Warnings:                                                            |
|   - Too much memory requested                                        |
|   - CPU usage is low                                                 |
|   - Too much time requested                                          |
+----------------------------------------------------------------------+
