Starting job 10175700, array task 386 on dave28
Chemistry type: Crich
Analysis mode: false
Found 462 valid particle IDs in /fred/oz304/beckers/Chemistry/traces/wind_v10/trace_output_with_av
Returning 460 particle IDs (after start_index=2 offset)
SLURM task 386: processing particle 3504951
Running Crich evolving_model on 1 phantom particle trace(s) from wind_v10

 +++++++++++++++++++++++++++++++++++++++++++++++++++
 +++++        ENVELOPE CHEMICAL MODEL         ++++++
 +++++++++++++++++++++++++++++++++++++++++++++++++++

 Version 1.0 authored by Catherine Walsh and Maria 
    Drozdovskaya, Leiden Observatory (01/08/2013)

 Version 1.1 amended by Catherine Walsh (18/05/2014)

 Version 1.2 amended by Catherine Walsh (13/08/2015)

 +++++++++++++++++++++++++++++++++++++++++++++++++++

          Input file =  Crich/param/trace_file_param/file_parameters_3504951.txt              

 Physical conditions  = Crich/input/3504951.txt                                               
 Chemical network     = ./rate12_complex.rates                                                
 Species file         = ./rate12_complex_atomic_Crich.specs                                   
 Binding energies     = ./rate12_binding.dat                                                  
 Reaction parameters  = param/reaction_parameters.txt                                         
 Grain parameters     = param/grain_parameters.txt                                            
 Radiation parameters = param/radiation_parameters.txt                                        

 Output file          = Crich/output/model_output_3504951.dat                                 
 Rates file           = Crich/output/model_rates_3504951.dat                                  

 Opening and reading physical conditions file ...

 +++++++++++++++++++++++++++++++++++++++++++++++++++
 Beginning to run model ...
 +++++++++++++++++++++++++++++++++++++++++++++++++++

 Preparing output files ...

 Progress = ...
 ...    1 / 244

 No. steps =     972   No. f-s =   16843   No. J-s =      23   No. LU-s =     158
  No. nonlinear iterations =    1478
  No. nonlinear convergence failures =       0
  No. error test failures =      46
  Last step size used =    0.28555E+09
  Index compenent largest error = ********

 ...    2 / 244

 No. steps =     374   No. f-s =    5805   No. J-s =       8   No. LU-s =      52
  No. nonlinear iterations =     458
  No. nonlinear convergence failures =       0
  No. error test failures =      10
  Last step size used =    0.59865E+06
  Index compenent largest error = ********

 ...    3 / 244

 No. steps =     190   No. f-s =    2891   No. J-s =       4   No. LU-s =      36
  No. nonlinear iterations =     216
  No. nonlinear convergence failures =       0
  No. error test failures =       2
  Last step size used =    0.32410E+07
  Index compenent largest error = ********

 ...    4 / 244

 No. steps =     180   No. f-s =    2879   No. J-s =       4   No. LU-s =      31
  No. nonlinear iterations =     204
  No. nonlinear convergence failures =       0
  No. error test failures =       0
  Last step size used =    0.29354E+07
  Index compenent largest error = ********

 ...    5 / 244

 No. steps =     187   No. f-s =    2885   No. J-s =       4   No. LU-s =      30
  No. nonlinear iterations =     210
  No. nonlinear convergence failures =       0
  No. error test failures =       0
  Last step size used =    0.40699E+07
  Index compenent largest error = ********

 ...    6 / 244

 No. steps =     177   No. f-s =    2869   No. J-s =       4   No. LU-s =      30
  No. nonlinear iterations =     194
  No. nonlinear convergence failures =       0
  No. error test failures =       0
  Last step size used =    0.33751E+07
  Index compenent largest error = ********

 ...    7 / 244

 No. steps =     172   No. f-s =    2872   No. J-s =       4   No. LU-s =      32
  No. nonlinear iterations =     197
  No. nonlinear convergence failures =       0
  No. error test failures =       1
  Last step size used =    0.42059E+07
  Index compenent largest error = ********

 ...    8 / 244

 No. steps =     166   No. f-s =    2859   No. J-s =       4   No. LU-s =      29
  No. nonlinear iterations =     184
  No. nonlinear convergence failures =       0
  No. error test failures =       0
  Last step size used =    0.36481E+07
  Index compenent largest error = ********

 ...    9 / 244

 No. steps =     157   No. f-s =    2184   No. J-s =       3   No. LU-s =      29
  No. nonlinear iterations =     177
  No. nonlinear convergence failures =       0
  No. error test failures =       0
  Last step size used =    0.39839E+07
  Index compenent largest error = ********

 ...   10 / 244

 No. steps =     148   No. f-s =    2174   No. J-s =       3   No. LU-s =      27
  No. nonlinear iterations =     167
  No. nonlinear convergence failures =       0
  No. error test failures =       0
  Last step size used =    0.29123E+07
  Index compenent largest error = ********

 ...   11 / 244

 No. steps =     142   No. f-s =    2167   No. J-s =       3   No. LU-s =      27
  No. nonlinear iterations =     160
  No. nonlinear convergence failures =       0
  No. error test failures =       0
  Last step size used =    0.33818E+07
  Index compenent largest error = ********

 ...   12 / 244

 No. steps =     127   No. f-s =    2153   No. J-s =       3   No. LU-s =      25
  No. nonlinear iterations =     146
  No. nonlinear convergence failures =       0
  No. error test failures =       0
  Last step size used =    0.31180E+07
  Index compenent largest error = ********

 ...   13 / 244

 No. steps =     129   No. f-s =    2152   No. J-s =       3   No. LU-s =      25
  No. nonlinear iterations =     145
  No. nonlinear convergence failures =       0
  No. error test failures =       0
  Last step size used =    0.29117E+07
  Index compenent largest error = ********

 ...   14 / 244

 No. steps =     280   No. f-s =    3675   No. J-s =       5   No. LU-s =      40
  No. nonlinear iterations =     332
  No. nonlinear convergence failures =       0
  No. error test failures =       6
  Last step size used =    0.15192E+07
  Index compenent largest error = ********

 ...   15 / 244

 No. steps =     180   No. f-s =    2874   No. J-s =       4   No. LU-s =      26
  No. nonlinear iterations =     199
  No. nonlinear convergence failures =       0
  No. error test failures =       0
  Last step size used =    0.17462E+07
  Index compenent largest error = ********

 ...   16 / 244

 No. steps =     140   No. f-s =    2162   No. J-s =       3   No. LU-s =      26
  No. nonlinear iterations =     155
  No. nonlinear convergence failures =       0
  No. error test failures =       0
  Last step size used =    0.32858E+07
  Index compenent largest error = ********

 ...   17 / 244

 No. steps =     156   No. f-s =    2178   No. J-s =       3   No. LU-s =      28
  No. nonlinear iterations =     171
  No. nonlinear convergence failures =       0
  No. error test failures =       0
  Last step size used =    0.34000E+07
  Index compenent largest error = ********

 ...   18 / 244

 No. steps =     157   No. f-s =    2182   No. J-s =       3   No. LU-s =      28
  No. nonlinear iterations =     175
  No. nonlinear convergence failures =       0
  No. error test failures =       0
  Last step size used =    0.45477E+07
  Index compenent largest error = ********

 ...   19 / 244

 No. steps =     156   No. f-s =    2189   No. J-s =       3   No. LU-s =      27
  No. nonlinear iterations =     182
  No. nonlinear convergence failures =       0
  No. error test failures =       1
  Last step size used =    0.22445E+07
  Index compenent largest error = ********

 ...   20 / 244

 No. steps =     146   No. f-s =    2170   No. J-s =       3   No. LU-s =      26
  No. nonlinear iterations =     163
  No. nonlinear convergence failures =       0
  No. error test failures =       0
  Last step size used =    0.26534E+07
  Index compenent largest error = ********

 ...   21 / 244

 No. steps =     142   No. f-s =    2166   No. J-s =       3   No. LU-s =      25
  No. nonlinear iterations =     159
  No. nonlinear convergence failures =       0
  No. error test failures =       0
  Last step size used =    0.26886E+07
  Index compenent largest error = ********

 ...   22 / 244

 No. steps =     137   No. f-s =    2160   No. J-s =       3   No. LU-s =      26
  No. nonlinear iterations =     153
  No. nonlinear convergence failures =       0
  No. error test failures =       0
  Last step size used =    0.41858E+07
  Index compenent largest error = ********

 ...   23 / 244

 No. steps =     131   No. f-s =    2159   No. J-s =       3   No. LU-s =      24
  No. nonlinear iterations =     152
  No. nonlinear convergence failures =       0
  No. error test failures =       0
  Last step size used =    0.36537E+07
  Index compenent largest error = ********

 ...   24 / 244

 No. steps =     128   No. f-s =    2147   No. J-s =       3   No. LU-s =      24
  No. nonlinear iterations =     140
  No. nonlinear convergence failures =       0
  No. error test failures =       0
  Last step size used =    0.41512E+07
  Index compenent largest error = ********

 ...   25 / 244

 No. steps =     126   No. f-s =    2145   No. J-s =       3   No. LU-s =      23
  No. nonlinear iterations =     138
  No. nonlinear convergence failures =       0
  No. error test failures =       0
  Last step size used =    0.30237E+07
  Index compenent largest error = ********

 ...   26 / 244

 No. steps =     124   No. f-s =    2145   No. J-s =       3   No. LU-s =      24
  No. nonlinear iterations =     138
  No. nonlinear convergence failures =       0
  No. error test failures =       0
  Last step size used =    0.41407E+07
  Index compenent largest error = ********

 ...   27 / 244

 No. steps =     120   No. f-s =    2143   No. J-s =       3   No. LU-s =      24
  No. nonlinear iterations =     136
  No. nonlinear convergence failures =       0
  No. error test failures =       0
  Last step size used =    0.40724E+07
  Index compenent largest error = ********

 ...   28 / 244

 No. steps =     117   No. f-s =    2138   No. J-s =       3   No. LU-s =      23
  No. nonlinear iterations =     131
  No. nonlinear convergence failures =       0
  No. error test failures =       0
  Last step size used =    0.34082E+07
  Index compenent largest error = ********

 ...   29 / 244

 No. steps =     113   No. f-s =    2133   No. J-s =       3   No. LU-s =      22
  No. nonlinear iterations =     126
  No. nonlinear convergence failures =       0
  No. error test failures =       0
  Last step size used =    0.43753E+07
  Index compenent largest error = ********

 ...   30 / 244

 No. steps =     149   No. f-s =    2178   No. J-s =       3   No. LU-s =      25
  No. nonlinear iterations =     171
  No. nonlinear convergence failures =       0
  No. error test failures =       1
  Last step size used =    0.26719E+07
  Index compenent largest error = ********

 ...   31 / 244

 No. steps =     147   No. f-s =    2170   No. J-s =       3   No. LU-s =      25
  No. nonlinear iterations =     163
  No. nonlinear convergence failures =       0
  No. error test failures =       0
  Last step size used =    0.30426E+07
  Index compenent largest error = ********

 ...   32 / 244

 No. steps =     108   No. f-s =    1461   No. J-s =       2   No. LU-s =      23
  No. nonlinear iterations =     122
  No. nonlinear convergence failures =       0
  No. error test failures =       0
  Last step size used =    0.32054E+07
  Index compenent largest error = ********

 ...   33 / 244

 No. steps =     114   No. f-s =    2135   No. J-s =       3   No. LU-s =      24
  No. nonlinear iterations =     128
  No. nonlinear convergence failures =       0
  No. error test failures =       0
  Last step size used =    0.43586E+07
  Index compenent largest error = ********

 ...   34 / 244

 No. steps =     124   No. f-s =    2143   No. J-s =       3   No. LU-s =      24
  No. nonlinear iterations =     136
  No. nonlinear convergence failures =       0
  No. error test failures =       0
  Last step size used =    0.50220E+07
  Index compenent largest error = ********

 ...   35 / 244

 No. steps =     127   No. f-s =    2149   No. J-s =       3   No. LU-s =      24
  No. nonlinear iterations =     142
  No. nonlinear convergence failures =       0
  No. error test failures =       0
  Last step size used =    0.43788E+07
  Index compenent largest error = ********

 ...   36 / 244

 No. steps =     124   No. f-s =    2143   No. J-s =       3   No. LU-s =      23
  No. nonlinear iterations =     136
  No. nonlinear convergence failures =       0
  No. error test failures =       0
  Last step size used =    0.32207E+07
  Index compenent largest error = ********

 ...   37 / 244

 No. steps =     121   No. f-s =    2140   No. J-s =       3   No. LU-s =      24
  No. nonlinear iterations =     133
  No. nonlinear convergence failures =       0
  No. error test failures =       0
  Last step size used =    0.46372E+07
  Index compenent largest error = ********

 ...   38 / 244

 No. steps =     119   No. f-s =    2139   No. J-s =       3   No. LU-s =      23
  No. nonlinear iterations =     132
  No. nonlinear convergence failures =       0
  No. error test failures =       0
  Last step size used =    0.43742E+07
  Index compenent largest error = ********

 ...   39 / 244

 No. steps =     113   No. f-s =    2132   No. J-s =       3   No. LU-s =      22
  No. nonlinear iterations =     125
  No. nonlinear convergence failures =       0
  No. error test failures =       0
  Last step size used =    0.32990E+07
  Index compenent largest error = ********

 ...   40 / 244

 No. steps =     111   No. f-s =    2133   No. J-s =       3   No. LU-s =      24
  No. nonlinear iterations =     126
  No. nonlinear convergence failures =       0
  No. error test failures =       0
  Last step size used =    0.57453E+07
  Index compenent largest error = ********

 ...   41 / 244

 No. steps =     106   No. f-s =    1459   No. J-s =       2   No. LU-s =      23
  No. nonlinear iterations =     120
  No. nonlinear convergence failures =       0
  No. error test failures =       0
  Last step size used =    0.45134E+07
  Index compenent largest error = ********

 ...   42 / 244

 No. steps =     105   No. f-s =    1458   No. J-s =       2   No. LU-s =      23
  No. nonlinear iterations =     119
  No. nonlinear convergence failures =       0
  No. error test failures =       0
  Last step size used =    0.47551E+07
  Index compenent largest error = ********

 ...   43 / 244

 No. steps =     106   No. f-s =    1459   No. J-s =       2   No. LU-s =      22
  No. nonlinear iterations =     120
  No. nonlinear convergence failures =       0
  No. error test failures =       0
  Last step size used =    0.28897E+07
  Index compenent largest error = ********

 ...   44 / 244

 No. steps =      97   No. f-s =    1453   No. J-s =       2   No. LU-s =      22
  No. nonlinear iterations =     114
  No. nonlinear convergence failures =       0
  No. error test failures =       0
  Last step size used =    0.54257E+07
  Index compenent largest error = ********

 ...   45 / 244

 No. steps =      94   No. f-s =    1444   No. J-s =       2   No. LU-s =      21
  No. nonlinear iterations =     105
  No. nonlinear convergence failures =       0
  No. error test failures =       0
  Last step size used =    0.38671E+07
  Index compenent largest error = ********

 ...   46 / 244

 No. steps =      87   No. f-s =    1436   No. J-s =       2   No. LU-s =      22
  No. nonlinear iterations =      97
  No. nonlinear convergence failures =       0
  No. error test failures =       0
  Last step size used =    0.52609E+07
  Index compenent largest error = ********

 ...   47 / 244

 No. steps =     100   No. f-s =    1450   No. J-s =       2   No. LU-s =      21
  No. nonlinear iterations =     111
  No. nonlinear convergence failures =       0
  No. error test failures =       0
  Last step size used =    0.50218E+07
  Index compenent largest error = ********

 ...   48 / 244

 No. steps =     106   No. f-s =    1461   No. J-s =       2   No. LU-s =      21
  No. nonlinear iterations =     122
  No. nonlinear convergence failures =       0
  No. error test failures =       0
  Last step size used =    0.32990E+07
  Index compenent largest error = ********

 ...   49 / 244

 No. steps =     106   No. f-s =    2127   No. J-s =       3   No. LU-s =      24
  No. nonlinear iterations =     120
  No. nonlinear convergence failures =       0
  No. error test failures =       0
  Last step size used =    0.48203E+07
  Index compenent largest error = ********

 ...   50 / 244

 No. steps =      97   No. f-s =    1449   No. J-s =       2   No. LU-s =      22
  No. nonlinear iterations =     110
  No. nonlinear convergence failures =       0
  No. error test failures =       0
  Last step size used =    0.47609E+07
  Index compenent largest error = ********

 ...   51 / 244

 No. steps =      61   No. f-s =    1410   No. J-s =       2   No. LU-s =      19
  No. nonlinear iterations =      71
  No. nonlinear convergence failures =       0
  No. error test failures =       0
  Last step size used =    0.62062E+07
  Index compenent largest error = ********

 ...   52 / 244

 No. steps =      87   No. f-s =    1436   No. J-s =       2   No. LU-s =      20
  No. nonlinear iterations =      97
  No. nonlinear convergence failures =       0
  No. error test failures =       0
  Last step size used =    0.51212E+07
  Index compenent largest error = ********

 ...   53 / 244

 No. steps =      97   No. f-s =    1450   No. J-s =       2   No. LU-s =      22
  No. nonlinear iterations =     111
  No. nonlinear convergence failures =       0
  No. error test failures =       0
  Last step size used =    0.48299E+07
  Index compenent largest error = ********

 ...   54 / 244

 No. steps =     101   No. f-s =    1457   No. J-s =       2   No. LU-s =      23
  No. nonlinear iterations =     118
  No. nonlinear convergence failures =       0
  No. error test failures =       0
  Last step size used =    0.46140E+07
  Index compenent largest error = ********

 ...   55 / 244

 No. steps =     104   No. f-s =    1455   No. J-s =       2   No. LU-s =      23
  No. nonlinear iterations =     116
  No. nonlinear convergence failures =       0
  No. error test failures =       0
  Last step size used =    0.51710E+07
  Index compenent largest error = ********

 ...   56 / 244

 No. steps =     101   No. f-s =    1457   No. J-s =       2   No. LU-s =      22
  No. nonlinear iterations =     118
  No. nonlinear convergence failures =       0
  No. error test failures =       0
  Last step size used =    0.50170E+07
  Index compenent largest error = ********

 ...   57 / 244

 No. steps =     104   No. f-s =    1456   No. J-s =       2   No. LU-s =      22
  No. nonlinear iterations =     117
  No. nonlinear convergence failures =       0
  No. error test failures =       0
  Last step size used =    0.46139E+07
  Index compenent largest error = ********

 ...   58 / 244

 No. steps =     104   No. f-s =    1457   No. J-s =       2   No. LU-s =      22
  No. nonlinear iterations =     118
  No. nonlinear convergence failures =       0
  No. error test failures =       0
  Last step size used =    0.43706E+07
  Index compenent largest error = ********

 ...   59 / 244

 No. steps =     103   No. f-s =    1453   No. J-s =       2   No. LU-s =      23
  No. nonlinear iterations =     114
  No. nonlinear convergence failures =       0
  No. error test failures =       0
  Last step size used =    0.47748E+07
  Index compenent largest error = ********

 ...   60 / 244

 No. steps =     101   No. f-s =    1453   No. J-s =       2   No. LU-s =      21
  No. nonlinear iterations =     114
  No. nonlinear convergence failures =       0
  No. error test failures =       0
  Last step size used =    0.31306E+07
  Index compenent largest error = ********

 ...   61 / 244

 No. steps =      98   No. f-s =    1448   No. J-s =       2   No. LU-s =      22
  No. nonlinear iterations =     109
  No. nonlinear convergence failures =       0
  No. error test failures =       0
  Last step size used =    0.52299E+07
  Index compenent largest error = ********

 ...   62 / 244

 No. steps =      94   No. f-s =    1448   No. J-s =       2   No. LU-s =      23
  No. nonlinear iterations =     109
  No. nonlinear convergence failures =       0
  No. error test failures =       0
  Last step size used =    0.62553E+07
  Index compenent largest error = ********

 ...   63 / 244

 No. steps =      89   No. f-s =    1439   No. J-s =       2   No. LU-s =      22
  No. nonlinear iterations =     100
  No. nonlinear convergence failures =       0
  No. error test failures =       0
  Last step size used =    0.58451E+07
  Index compenent largest error = ********

 ...   64 / 244

 No. steps =      85   No. f-s =    1434   No. J-s =       2   No. LU-s =      22
  No. nonlinear iterations =      95
  No. nonlinear convergence failures =       0
  No. error test failures =       0
  Last step size used =    0.62164E+07
  Index compenent largest error = ********

 ...   65 / 244

 No. steps =      73   No. f-s =    1420   No. J-s =       2   No. LU-s =      19
  No. nonlinear iterations =      81
  No. nonlinear convergence failures =       0
  No. error test failures =       0
  Last step size used =    0.47289E+07
  Index compenent largest error = ********

 ...   66 / 244

 No. steps =      80   No. f-s =    1433   No. J-s =       2   No. LU-s =      18
  No. nonlinear iterations =      94
  No. nonlinear convergence failures =       0
  No. error test failures =       0
  Last step size used =    0.39653E+07
  Index compenent largest error = ********

 ...   67 / 244

 No. steps =      81   No. f-s =    1429   No. J-s =       2   No. LU-s =      20
  No. nonlinear iterations =      90
  No. nonlinear convergence failures =       0
  No. error test failures =       0
  Last step size used =    0.54945E+07
  Index compenent largest error = ********

 ...   68 / 244

 No. steps =      86   No. f-s =    1436   No. J-s =       2   No. LU-s =      21
  No. nonlinear iterations =      97
  No. nonlinear convergence failures =       0
  No. error test failures =       0
  Last step size used =    0.54364E+07
  Index compenent largest error = ********

 ...   69 / 244

 No. steps =      81   No. f-s =    1427   No. J-s =       2   No. LU-s =      19
  No. nonlinear iterations =      88
  No. nonlinear convergence failures =       0
  No. error test failures =       0
  Last step size used =    0.42919E+07
  Index compenent largest error = ********

 ...   70 / 244

 No. steps =      65   No. f-s =    1412   No. J-s =       2   No. LU-s =      18
  No. nonlinear iterations =      73
  No. nonlinear convergence failures =       0
  No. error test failures =       0
  Last step size used =    0.61058E+07
  Index compenent largest error = ********

 ...   71 / 244

 No. steps =      69   No. f-s =    1418   No. J-s =       2   No. LU-s =      19
  No. nonlinear iterations =      79
  No. nonlinear convergence failures =       0
  No. error test failures =       0
  Last step size used =    0.53827E+07
  Index compenent largest error = ********

 ...   72 / 244

 No. steps =      69   No. f-s =    1419   No. J-s =       2   No. LU-s =      19
  No. nonlinear iterations =      80
  No. nonlinear convergence failures =       0
  No. error test failures =       0
  Last step size used =    0.64342E+07
  Index compenent largest error = ********

 ...   73 / 244

 No. steps =      80   No. f-s =    1430   No. J-s =       2   No. LU-s =      20
  No. nonlinear iterations =      91
  No. nonlinear convergence failures =       0
  No. error test failures =       0
  Last step size used =    0.63825E+07
  Index compenent largest error = ********

 ...   74 / 244

 No. steps =      86   No. f-s =    1436   No. J-s =       2   No. LU-s =      21
  No. nonlinear iterations =      97
  No. nonlinear convergence failures =       0
  No. error test failures =       0
  Last step size used =    0.52786E+07
  Index compenent largest error = ********

 ...   75 / 244

 No. steps =      90   No. f-s =    1439   No. J-s =       2   No. LU-s =      21
  No. nonlinear iterations =     100
  No. nonlinear convergence failures =       0
  No. error test failures =       0
  Last step size used =    0.47353E+07
  Index compenent largest error = ********

 ...   76 / 244

 No. steps =      89   No. f-s =    1437   No. J-s =       2   No. LU-s =      21
  No. nonlinear iterations =      98
  No. nonlinear convergence failures =       0
  No. error test failures =       0
  Last step size used =    0.51103E+07
  Index compenent largest error = ********

 ...   77 / 244

 No. steps =      90   No. f-s =    1442   No. J-s =       2   No. LU-s =      20
  No. nonlinear iterations =     103
  No. nonlinear convergence failures =       0
  No. error test failures =       0
  Last step size used =    0.36095E+07
  Index compenent largest error = ********

 ...   78 / 244

 No. steps =      90   No. f-s =    1445   No. J-s =       2   No. LU-s =      20
  No. nonlinear iterations =     106
  No. nonlinear convergence failures =       0
  No. error test failures =       0
  Last step size used =    0.43490E+07
  Index compenent largest error = ********

 ...   79 / 244

 No. steps =      90   No. f-s =    1442   No. J-s =       2   No. LU-s =      21
  No. nonlinear iterations =     103
  No. nonlinear convergence failures =       0
  No. error test failures =       0
  Last step size used =    0.50075E+07
  Index compenent largest error = ********

 ...   80 / 244

 No. steps =      89   No. f-s =    1441   No. J-s =       2   No. LU-s =      20
  No. nonlinear iterations =     102
  No. nonlinear convergence failures =       0
  No. error test failures =       0
  Last step size used =    0.48602E+07
  Index compenent largest error = ********

 ...   81 / 244

 No. steps =      89   No. f-s =    1444   No. J-s =       2   No. LU-s =      21
  No. nonlinear iterations =     105
  No. nonlinear convergence failures =       0
  No. error test failures =       0
  Last step size used =    0.53074E+07
  Index compenent largest error = ********

 ...   82 / 244

 No. steps =      88   No. f-s =    1443   No. J-s =       2   No. LU-s =      21
  No. nonlinear iterations =     104
  No. nonlinear convergence failures =       0
  No. error test failures =       0
  Last step size used =    0.56937E+07
  Index compenent largest error = ********

 ...   83 / 244

 No. steps =      87   No. f-s =    1442   No. J-s =       2   No. LU-s =      20
  No. nonlinear iterations =     103
  No. nonlinear convergence failures =       0
  No. error test failures =       0
  Last step size used =    0.37100E+07
  Index compenent largest error = ********

 ...   84 / 244

 No. steps =      80   No. f-s =    1432   No. J-s =       2   No. LU-s =      20
  No. nonlinear iterations =      93
  No. nonlinear convergence failures =       0
  No. error test failures =       0
  Last step size used =    0.41529E+07
  Index compenent largest error = ********

 ...   85 / 244

 No. steps =      77   No. f-s =    1424   No. J-s =       2   No. LU-s =      19
  No. nonlinear iterations =      85
  No. nonlinear convergence failures =       0
  No. error test failures =       0
  Last step size used =    0.47195E+07
  Index compenent largest error = ********

 ...   86 / 244

 No. steps =      74   No. f-s =    1421   No. J-s =       2   No. LU-s =      20
  No. nonlinear iterations =      82
  No. nonlinear convergence failures =       0
  No. error test failures =       0
  Last step size used =    0.65646E+07
  Index compenent largest error = ********

 ...   87 / 244

 No. steps =      69   No. f-s =    1415   No. J-s =       2   No. LU-s =      16
  No. nonlinear iterations =      76
  No. nonlinear convergence failures =       0
  No. error test failures =       0
  Last step size used =    0.73781E+07
  Index compenent largest error = ********

 ...   88 / 244

 No. steps =      65   No. f-s =    1412   No. J-s =       2   No. LU-s =      17
  No. nonlinear iterations =      73
  No. nonlinear convergence failures =       0
  No. error test failures =       0
  Last step size used =    0.50183E+07
  Index compenent largest error = ********

 ...   89 / 244

 No. steps =      64   No. f-s =    1412   No. J-s =       2   No. LU-s =      18
  No. nonlinear iterations =      73
  No. nonlinear convergence failures =       0
  No. error test failures =       0
  Last step size used =    0.55703E+07
  Index compenent largest error = ********

 ...   90 / 244

 No. steps =      57   No. f-s =    1403   No. J-s =       2   No. LU-s =      16
  No. nonlinear iterations =      64
  No. nonlinear convergence failures =       0
  No. error test failures =       0
  Last step size used =    0.82517E+07
  Index compenent largest error = ********

 ...   91 / 244

 No. steps =      71   No. f-s =    1419   No. J-s =       2   No. LU-s =      18
  No. nonlinear iterations =      80
  No. nonlinear convergence failures =       0
  No. error test failures =       0
  Last step size used =    0.54912E+07
  Index compenent largest error = ********

 ...   92 / 244

 No. steps =      59   No. f-s =    1406   No. J-s =       2   No. LU-s =      16
  No. nonlinear iterations =      67
  No. nonlinear convergence failures =       0
  No. error test failures =       0
  Last step size used =    0.74725E+07
  Index compenent largest error = ********

 ...   93 / 244

 No. steps =      63   No. f-s =    1413   No. J-s =       2   No. LU-s =      18
  No. nonlinear iterations =      74
  No. nonlinear convergence failures =       0
  No. error test failures =       0
  Last step size used =    0.64021E+07
  Index compenent largest error = ********

 ...   94 / 244

 No. steps =      72   No. f-s =    1419   No. J-s =       2   No. LU-s =      18
  No. nonlinear iterations =      80
  No. nonlinear convergence failures =       0
  No. error test failures =       0
  Last step size used =    0.63080E+07
  Index compenent largest error = ********

 ...   95 / 244

 No. steps =      73   No. f-s =    1422   No. J-s =       2   No. LU-s =      19
  No. nonlinear iterations =      83
  No. nonlinear convergence failures =       0
  No. error test failures =       0
  Last step size used =    0.53807E+07
  Index compenent largest error = ********

 ...   96 / 244

 No. steps =      78   No. f-s =    1428   No. J-s =       2   No. LU-s =      19
  No. nonlinear iterations =      89
  No. nonlinear convergence failures =       0
  No. error test failures =       0
  Last step size used =    0.43427E+07
  Index compenent largest error = ********

 ...   97 / 244

 No. steps =      77   No. f-s =    1428   No. J-s =       2   No. LU-s =      19
  No. nonlinear iterations =      89
  No. nonlinear convergence failures =       0
  No. error test failures =       0
  Last step size used =    0.46421E+07
  Index compenent largest error = ********

 ...   98 / 244

 No. steps =      78   No. f-s =    1428   No. J-s =       2   No. LU-s =      20
  No. nonlinear iterations =      89
  No. nonlinear convergence failures =       0
  No. error test failures =       0
  Last step size used =    0.62576E+07
  Index compenent largest error = ********

 ...   99 / 244

 No. steps =      78   No. f-s =    1429   No. J-s =       2   No. LU-s =      19
  No. nonlinear iterations =      90
  No. nonlinear convergence failures =       0
  No. error test failures =       0
  Last step size used =    0.58553E+07
  Index compenent largest error = ********

 ...  100 / 244

 No. steps =      78   No. f-s =    1427   No. J-s =       2   No. LU-s =      20
  No. nonlinear iterations =      88
  No. nonlinear convergence failures =       0
  No. error test failures =       0
  Last step size used =    0.71589E+07
  Index compenent largest error = ********

 ...  101 / 244

 No. steps =      78   No. f-s =    1427   No. J-s =       2   No. LU-s =      20
  No. nonlinear iterations =      88
  No. nonlinear convergence failures =       0
  No. error test failures =       0
  Last step size used =    0.73250E+07
  Index compenent largest error = ********

 ...  102 / 244

 No. steps =      77   No. f-s =    1426   No. J-s =       2   No. LU-s =      20
  No. nonlinear iterations =      87
  No. nonlinear convergence failures =       0
  No. error test failures =       0
  Last step size used =    0.75469E+07
  Index compenent largest error = ********

 ...  103 / 244

 No. steps =      78   No. f-s =    1428   No. J-s =       2   No. LU-s =      20
  No. nonlinear iterations =      89
  No. nonlinear convergence failures =       0
  No. error test failures =       0
  Last step size used =    0.73286E+07
  Index compenent largest error = ********

 ...  104 / 244

 No. steps =      77   No. f-s =    1426   No. J-s =       2   No. LU-s =      19
  No. nonlinear iterations =      87
  No. nonlinear convergence failures =       0
  No. error test failures =       0
  Last step size used =    0.51465E+07
  Index compenent largest error = ********

 ...  105 / 244

 No. steps =      77   No. f-s =    1425   No. J-s =       2   No. LU-s =      19
  No. nonlinear iterations =      86
  No. nonlinear convergence failures =       0
  No. error test failures =       0
  Last step size used =    0.54082E+07
  Index compenent largest error = ********

 ...  106 / 244

 No. steps =      75   No. f-s =    1422   No. J-s =       2   No. LU-s =      19
  No. nonlinear iterations =      83
  No. nonlinear convergence failures =       0
  No. error test failures =       0
  Last step size used =    0.56104E+07
  Index compenent largest error = ********

 ...  107 / 244

 No. steps =      74   No. f-s =    1422   No. J-s =       2   No. LU-s =      19
  No. nonlinear iterations =      83
  No. nonlinear convergence failures =       0
  No. error test failures =       0
  Last step size used =    0.61857E+07
  Index compenent largest error = ********

 ...  108 / 244

 No. steps =      74   No. f-s =    1422   No. J-s =       2   No. LU-s =      19
  No. nonlinear iterations =      83
  No. nonlinear convergence failures =       0
  No. error test failures =       0
  Last step size used =    0.43941E+07
  Index compenent largest error = ********

 ...  109 / 244

 No. steps =      69   No. f-s =    1418   No. J-s =       2   No. LU-s =      19
  No. nonlinear iterations =      79
  No. nonlinear convergence failures =       0
  No. error test failures =       0
  Last step size used =    0.61512E+07
  Index compenent largest error = ********

 ...  110 / 244

 No. steps =      67   No. f-s =    1417   No. J-s =       2   No. LU-s =      18
  No. nonlinear iterations =      78
  No. nonlinear convergence failures =       0
  No. error test failures =       0
  Last step size used =    0.58368E+07
  Index compenent largest error = ********

 ...  111 / 244

 No. steps =      67   No. f-s =    1417   No. J-s =       2   No. LU-s =      18
  No. nonlinear iterations =      78
  No. nonlinear convergence failures =       0
  No. error test failures =       0
  Last step size used =    0.56180E+07
  Index compenent largest error = ********

 ...  112 / 244

 No. steps =      66   No. f-s =    1414   No. J-s =       2   No. LU-s =      19
  No. nonlinear iterations =      75
  No. nonlinear convergence failures =       0
  No. error test failures =       0
  Last step size used =    0.73860E+07
  Index compenent largest error = ********

 ...  113 / 244

 No. steps =      62   No. f-s =    1407   No. J-s =       2   No. LU-s =      17
  No. nonlinear iterations =      68
  No. nonlinear convergence failures =       0
  No. error test failures =       0
  Last step size used =    0.75213E+07
  Index compenent largest error = ********

 ...  114 / 244

 No. steps =      61   No. f-s =    1408   No. J-s =       2   No. LU-s =      17
  No. nonlinear iterations =      69
  No. nonlinear convergence failures =       0
  No. error test failures =       0
  Last step size used =    0.77314E+07
  Index compenent largest error = ********

 ...  115 / 244

 No. steps =      65   No. f-s =    1411   No. J-s =       2   No. LU-s =      16
  No. nonlinear iterations =      72
  No. nonlinear convergence failures =       0
  No. error test failures =       0
  Last step size used =    0.61657E+07
  Index compenent largest error = ********

 ...  116 / 244

 No. steps =      65   No. f-s =    1411   No. J-s =       2   No. LU-s =      17
  No. nonlinear iterations =      72
  No. nonlinear convergence failures =       0
  No. error test failures =       0
  Last step size used =    0.59394E+07
  Index compenent largest error = ********

 ...  117 / 244

 No. steps =      60   No. f-s =    1409   No. J-s =       2   No. LU-s =      16
  No. nonlinear iterations =      70
  No. nonlinear convergence failures =       0
  No. error test failures =       0
  Last step size used =    0.56481E+07
  Index compenent largest error = ********

 ...  118 / 244

 No. steps =      66   No. f-s =    1413   No. J-s =       2   No. LU-s =      16
  No. nonlinear iterations =      74
  No. nonlinear convergence failures =       0
  No. error test failures =       0
  Last step size used =    0.44293E+07
  Index compenent largest error = ********

 ...  119 / 244

 No. steps =      66   No. f-s =    1413   No. J-s =       2   No. LU-s =      18
  No. nonlinear iterations =      74
  No. nonlinear convergence failures =       0
  No. error test failures =       0
  Last step size used =    0.58097E+07
  Index compenent largest error = ********

 ...  120 / 244

 No. steps =      65   No. f-s =    1412   No. J-s =       2   No. LU-s =      17
  No. nonlinear iterations =      73
  No. nonlinear convergence failures =       0
  No. error test failures =       0
  Last step size used =    0.62137E+07
  Index compenent largest error = ********

 ...  121 / 244

 No. steps =      66   No. f-s =    1413   No. J-s =       2   No. LU-s =      18
  No. nonlinear iterations =      74
  No. nonlinear convergence failures =       0
  No. error test failures =       0
  Last step size used =    0.57600E+07
  Index compenent largest error = ********

 ...  122 / 244

 No. steps =      68   No. f-s =    1417   No. J-s =       2   No. LU-s =      18
  No. nonlinear iterations =      78
  No. nonlinear convergence failures =       0
  No. error test failures =       0
  Last step size used =    0.55852E+07
  Index compenent largest error = ********

 ...  123 / 244

 No. steps =      72   No. f-s =    1418   No. J-s =       2   No. LU-s =      18
  No. nonlinear iterations =      79
  No. nonlinear convergence failures =       0
  No. error test failures =       0
  Last step size used =    0.53623E+07
  Index compenent largest error = ********

 ...  124 / 244

 No. steps =      69   No. f-s =    1417   No. J-s =       2   No. LU-s =      19
  No. nonlinear iterations =      78
  No. nonlinear convergence failures =       0
  No. error test failures =       0
  Last step size used =    0.62539E+07
  Index compenent largest error = ********

 ...  125 / 244

 No. steps =      71   No. f-s =    1418   No. J-s =       2   No. LU-s =      18
  No. nonlinear iterations =      79
  No. nonlinear convergence failures =       0
  No. error test failures =       0
  Last step size used =    0.54938E+07
  Index compenent largest error = ********

 ...  126 / 244

 No. steps =      72   No. f-s =    1419   No. J-s =       2   No. LU-s =      18
  No. nonlinear iterations =      80
  No. nonlinear convergence failures =       0
  No. error test failures =       0
  Last step size used =    0.53151E+07
  Index compenent largest error = ********

 ...  127 / 244

 No. steps =      71   No. f-s =    1418   No. J-s =       2   No. LU-s =      18
  No. nonlinear iterations =      79
  No. nonlinear convergence failures =       0
  No. error test failures =       0
  Last step size used =    0.57786E+07
  Index compenent largest error = ********

 ...  128 / 244

 No. steps =      71   No. f-s =    1418   No. J-s =       2   No. LU-s =      18
  No. nonlinear iterations =      79
  No. nonlinear convergence failures =       0
  No. error test failures =       0
  Last step size used =    0.57574E+07
  Index compenent largest error = ********

 ...  129 / 244

 No. steps =      67   No. f-s =    1417   No. J-s =       2   No. LU-s =      18
  No. nonlinear iterations =      78
  No. nonlinear convergence failures =       0
  No. error test failures =       0
  Last step size used =    0.53523E+07
  Index compenent largest error = ********

 ...  130 / 244

 No. steps =      68   No. f-s =    1416   No. J-s =       2   No. LU-s =      18
  No. nonlinear iterations =      77
  No. nonlinear convergence failures =       0
  No. error test failures =       0
  Last step size used =    0.43466E+07
  Index compenent largest error = ********

 ...  131 / 244

 No. steps =      68   No. f-s =    1416   No. J-s =       2   No. LU-s =      18
  No. nonlinear iterations =      77
  No. nonlinear convergence failures =       0
  No. error test failures =       0
  Last step size used =    0.47817E+07
  Index compenent largest error = ********

 ...  132 / 244

 No. steps =      67   No. f-s =    1418   No. J-s =       2   No. LU-s =      18
  No. nonlinear iterations =      79
  No. nonlinear convergence failures =       0
  No. error test failures =       0
  Last step size used =    0.56237E+07
  Index compenent largest error = ********

 ...  133 / 244

 No. steps =      66   No. f-s =    1416   No. J-s =       2   No. LU-s =      18
  No. nonlinear iterations =      77
  No. nonlinear convergence failures =       0
  No. error test failures =       0
  Last step size used =    0.61870E+07
  Index compenent largest error = ********

 ...  134 / 244

 No. steps =      67   No. f-s =    1417   No. J-s =       2   No. LU-s =      18
  No. nonlinear iterations =      78
  No. nonlinear convergence failures =       0
  No. error test failures =       0
  Last step size used =    0.57876E+07
  Index compenent largest error = ********

 ...  135 / 244

 No. steps =      67   No. f-s =    1418   No. J-s =       2   No. LU-s =      18
  No. nonlinear iterations =      79
  No. nonlinear convergence failures =       0
  No. error test failures =       0
  Last step size used =    0.59461E+07
  Index compenent largest error = ********

 ...  136 / 244

 No. steps =      66   No. f-s =    1415   No. J-s =       2   No. LU-s =      17
  No. nonlinear iterations =      76
  No. nonlinear convergence failures =       0
  No. error test failures =       0
  Last step size used =    0.54250E+07
  Index compenent largest error = ********

 ...  137 / 244

 No. steps =      66   No. f-s =    1418   No. J-s =       2   No. LU-s =      18
  No. nonlinear iterations =      79
  No. nonlinear convergence failures =       0
  No. error test failures =       0
  Last step size used =    0.65227E+07
  Index compenent largest error = ********

 ...  138 / 244

 No. steps =      64   No. f-s =    1411   No. J-s =       2   No. LU-s =      18
  No. nonlinear iterations =      72
  No. nonlinear convergence failures =       0
  No. error test failures =       0
  Last step size used =    0.62153E+07
  Index compenent largest error = ********

 ...  139 / 244

 No. steps =      63   No. f-s =    1410   No. J-s =       2   No. LU-s =      18
  No. nonlinear iterations =      71
  No. nonlinear convergence failures =       0
  No. error test failures =       0
  Last step size used =    0.60133E+07
  Index compenent largest error = ********

 ...  140 / 244

 No. steps =      62   No. f-s =    1411   No. J-s =       2   No. LU-s =      18
  No. nonlinear iterations =      72
  No. nonlinear convergence failures =       0
  No. error test failures =       0
  Last step size used =    0.66074E+07
  Index compenent largest error = ********

 ...  141 / 244

 No. steps =      62   No. f-s =    1412   No. J-s =       2   No. LU-s =      18
  No. nonlinear iterations =      73
  No. nonlinear convergence failures =       0
  No. error test failures =       0
  Last step size used =    0.55677E+07
  Index compenent largest error = ********

 ...  142 / 244

 No. steps =      62   No. f-s =    1412   No. J-s =       2   No. LU-s =      18
  No. nonlinear iterations =      73
  No. nonlinear convergence failures =       0
  No. error test failures =       0
  Last step size used =    0.54426E+07
  Index compenent largest error = ********

 ...  143 / 244

 No. steps =      62   No. f-s =    1412   No. J-s =       2   No. LU-s =      18
  No. nonlinear iterations =      73
  No. nonlinear convergence failures =       0
  No. error test failures =       0
  Last step size used =    0.55803E+07
  Index compenent largest error = ********

 ...  144 / 244

 No. steps =      62   No. f-s =    1412   No. J-s =       2   No. LU-s =      18
  No. nonlinear iterations =      73
  No. nonlinear convergence failures =       0
  No. error test failures =       0
  Last step size used =    0.53547E+07
  Index compenent largest error = ********

 ...  145 / 244

 No. steps =      63   No. f-s =    1409   No. J-s =       2   No. LU-s =      18
  No. nonlinear iterations =      70
  No. nonlinear convergence failures =       0
  No. error test failures =       0
  Last step size used =    0.86483E+07
  Index compenent largest error = ********

 ...  146 / 244

 No. steps =      62   No. f-s =    1412   No. J-s =       2   No. LU-s =      18
  No. nonlinear iterations =      73
  No. nonlinear convergence failures =       0
  No. error test failures =       0
  Last step size used =    0.53436E+07
  Index compenent largest error = ********

 ...  147 / 244

 No. steps =      62   No. f-s =    1412   No. J-s =       2   No. LU-s =      18
  No. nonlinear iterations =      73
  No. nonlinear convergence failures =       0
  No. error test failures =       0
  Last step size used =    0.56698E+07
  Index compenent largest error = ********

 ...  148 / 244

 No. steps =      62   No. f-s =    1411   No. J-s =       2   No. LU-s =      17
  No. nonlinear iterations =      72
  No. nonlinear convergence failures =       0
  No. error test failures =       0
  Last step size used =    0.44180E+07
  Index compenent largest error = ********

 ...  149 / 244

 No. steps =      61   No. f-s =    1409   No. J-s =       2   No. LU-s =      17
  No. nonlinear iterations =      70
  No. nonlinear convergence failures =       0
  No. error test failures =       0
  Last step size used =    0.47934E+07
  Index compenent largest error = ********

 ...  150 / 244

 No. steps =      59   No. f-s =    1408   No. J-s =       2   No. LU-s =      17
  No. nonlinear iterations =      69
  No. nonlinear convergence failures =       0
  No. error test failures =       0
  Last step size used =    0.53491E+07
  Index compenent largest error = ********

 ...  151 / 244

 No. steps =      59   No. f-s =    1408   No. J-s =       2   No. LU-s =      17
  No. nonlinear iterations =      69
  No. nonlinear convergence failures =       0
  No. error test failures =       0
  Last step size used =    0.54072E+07
  Index compenent largest error = ********

 ...  152 / 244

 No. steps =      62   No. f-s =    1412   No. J-s =       2   No. LU-s =      18
  No. nonlinear iterations =      73
  No. nonlinear convergence failures =       0
  No. error test failures =       0
  Last step size used =    0.59157E+07
  Index compenent largest error = ********

 ...  153 / 244

 No. steps =      62   No. f-s =    1412   No. J-s =       2   No. LU-s =      18
  No. nonlinear iterations =      73
  No. nonlinear convergence failures =       0
  No. error test failures =       0
  Last step size used =    0.58700E+07
  Index compenent largest error = ********

 ...  154 / 244

 No. steps =      62   No. f-s =    1408   No. J-s =       2   No. LU-s =      18
  No. nonlinear iterations =      69
  No. nonlinear convergence failures =       0
  No. error test failures =       0
  Last step size used =    0.73372E+07
  Index compenent largest error = ********

 ...  155 / 244

 No. steps =      60   No. f-s =    1408   No. J-s =       2   No. LU-s =      18
  No. nonlinear iterations =      69
  No. nonlinear convergence failures =       0
  No. error test failures =       0
  Last step size used =    0.54572E+07
  Index compenent largest error = ********

 ...  156 / 244

 No. steps =      63   No. f-s =    1411   No. J-s =       2   No. LU-s =      17
  No. nonlinear iterations =      72
  No. nonlinear convergence failures =       0
  No. error test failures =       0
  Last step size used =    0.46969E+07
  Index compenent largest error = ********

 ...  157 / 244

 No. steps =      60   No. f-s =    1408   No. J-s =       2   No. LU-s =      17
  No. nonlinear iterations =      69
  No. nonlinear convergence failures =       0
  No. error test failures =       0
  Last step size used =    0.51774E+07
  Index compenent largest error = ********

 ...  158 / 244

 No. steps =      60   No. f-s =    1408   No. J-s =       2   No. LU-s =      17
  No. nonlinear iterations =      69
  No. nonlinear convergence failures =       0
  No. error test failures =       0
  Last step size used =    0.52846E+07
  Index compenent largest error = ********

 ...  159 / 244

 No. steps =      63   No. f-s =    1411   No. J-s =       2   No. LU-s =      17
  No. nonlinear iterations =      72
  No. nonlinear convergence failures =       0
  No. error test failures =       0
  Last step size used =    0.49410E+07
  Index compenent largest error = ********

 ...  160 / 244

 No. steps =      60   No. f-s =    1409   No. J-s =       2   No. LU-s =      17
  No. nonlinear iterations =      70
  No. nonlinear convergence failures =       0
  No. error test failures =       0
  Last step size used =    0.50242E+07
  Index compenent largest error = ********

 ...  161 / 244

 No. steps =      61   No. f-s =    1411   No. J-s =       2   No. LU-s =      18
  No. nonlinear iterations =      72
  No. nonlinear convergence failures =       0
  No. error test failures =       0
  Last step size used =    0.62678E+07
  Index compenent largest error = ********

 ...  162 / 244

 No. steps =      60   No. f-s =    1406   No. J-s =       2   No. LU-s =      17
  No. nonlinear iterations =      67
  No. nonlinear convergence failures =       0
  No. error test failures =       0
  Last step size used =    0.51659E+07
  Index compenent largest error = ********

 ...  163 / 244

 No. steps =      59   No. f-s =    1406   No. J-s =       2   No. LU-s =      17
  No. nonlinear iterations =      67
  No. nonlinear convergence failures =       0
  No. error test failures =       0
  Last step size used =    0.58165E+07
  Index compenent largest error = ********

 ...  164 / 244

 No. steps =      59   No. f-s =    1407   No. J-s =       2   No. LU-s =      18
  No. nonlinear iterations =      68
  No. nonlinear convergence failures =       0
  No. error test failures =       0
  Last step size used =    0.61617E+07
  Index compenent largest error = ********

 ...  165 / 244

 No. steps =      61   No. f-s =    1411   No. J-s =       2   No. LU-s =      18
  No. nonlinear iterations =      72
  No. nonlinear convergence failures =       0
  No. error test failures =       0
  Last step size used =    0.66158E+07
  Index compenent largest error = ********

 ...  166 / 244

 No. steps =      59   No. f-s =    1407   No. J-s =       2   No. LU-s =      18
  No. nonlinear iterations =      68
  No. nonlinear convergence failures =       0
  No. error test failures =       0
  Last step size used =    0.63824E+07
  Index compenent largest error = ********

 ...  167 / 244

 No. steps =      59   No. f-s =    1407   No. J-s =       2   No. LU-s =      17
  No. nonlinear iterations =      68
  No. nonlinear convergence failures =       0
  No. error test failures =       0
  Last step size used =    0.56309E+07
  Index compenent largest error = ********

 ...  168 / 244

 No. steps =      59   No. f-s =    1407   No. J-s =       2   No. LU-s =      17
  No. nonlinear iterations =      68
  No. nonlinear convergence failures =       0
  No. error test failures =       0
  Last step size used =    0.56808E+07
  Index compenent largest error = ********

 ...  169 / 244

 No. steps =      61   No. f-s =    1408   No. J-s =       2   No. LU-s =      18
  No. nonlinear iterations =      69
  No. nonlinear convergence failures =       0
  No. error test failures =       0
  Last step size used =    0.66022E+07
  Index compenent largest error = ********

 ...  170 / 244

 No. steps =      64   No. f-s =    1409   No. J-s =       2   No. LU-s =      17
  No. nonlinear iterations =      70
  No. nonlinear convergence failures =       0
  No. error test failures =       0
  Last step size used =    0.66130E+07
  Index compenent largest error = ********

 ...  171 / 244

 No. steps =      59   No. f-s =    1407   No. J-s =       2   No. LU-s =      17
  No. nonlinear iterations =      68
  No. nonlinear convergence failures =       0
  No. error test failures =       0
  Last step size used =    0.43189E+07
  Index compenent largest error = ********

 ...  172 / 244

 No. steps =      59   No. f-s =    1409   No. J-s =       2   No. LU-s =      17
  No. nonlinear iterations =      70
  No. nonlinear convergence failures =       0
  No. error test failures =       0
  Last step size used =    0.49474E+07
  Index compenent largest error = ********

 ...  173 / 244

 No. steps =      57   No. f-s =    1405   No. J-s =       2   No. LU-s =      16
  No. nonlinear iterations =      66
  No. nonlinear convergence failures =       0
  No. error test failures =       0
  Last step size used =    0.70553E+07
  Index compenent largest error = ********

 ...  174 / 244

 No. steps =      59   No. f-s =    1405   No. J-s =       2   No. LU-s =      17
  No. nonlinear iterations =      66
  No. nonlinear convergence failures =       0
  No. error test failures =       0
  Last step size used =    0.58561E+07
  Index compenent largest error = ********

 ...  175 / 244

 No. steps =      59   No. f-s =    1407   No. J-s =       2   No. LU-s =      17
  No. nonlinear iterations =      68
  No. nonlinear convergence failures =       0
  No. error test failures =       0
  Last step size used =    0.44651E+07
  Index compenent largest error = ********

 ...  176 / 244

 No. steps =      59   No. f-s =    1406   No. J-s =       2   No. LU-s =      17
  No. nonlinear iterations =      67
  No. nonlinear convergence failures =       0
  No. error test failures =       0
  Last step size used =    0.69856E+07
  Index compenent largest error = ********

 ...  177 / 244

 No. steps =      57   No. f-s =    1405   No. J-s =       2   No. LU-s =      16
  No. nonlinear iterations =      66
  No. nonlinear convergence failures =       0
  No. error test failures =       0
  Last step size used =    0.66947E+07
  Index compenent largest error = ********

 ...  178 / 244

 No. steps =      59   No. f-s =    1405   No. J-s =       2   No. LU-s =      17
  No. nonlinear iterations =      66
  No. nonlinear convergence failures =       0
  No. error test failures =       0
  Last step size used =    0.59030E+07
  Index compenent largest error = ********

 ...  179 / 244

 No. steps =      59   No. f-s =    1406   No. J-s =       2   No. LU-s =      17
  No. nonlinear iterations =      67
  No. nonlinear convergence failures =       0
  No. error test failures =       0
  Last step size used =    0.69786E+07
  Index compenent largest error = ********

 ...  180 / 244

 No. steps =      59   No. f-s =    1406   No. J-s =       2   No. LU-s =      17
  No. nonlinear iterations =      67
  No. nonlinear convergence failures =       0
  No. error test failures =       0
  Last step size used =    0.68817E+07
  Index compenent largest error = ********

 ...  181 / 244

 No. steps =      60   No. f-s =    1407   No. J-s =       2   No. LU-s =      17
  No. nonlinear iterations =      68
  No. nonlinear convergence failures =       0
  No. error test failures =       0
  Last step size used =    0.66761E+07
  Index compenent largest error = ********

 ...  182 / 244

 No. steps =      59   No. f-s =    1406   No. J-s =       2   No. LU-s =      17
  No. nonlinear iterations =      67
  No. nonlinear convergence failures =       0
  No. error test failures =       0
  Last step size used =    0.70930E+07
  Index compenent largest error = ********

 ...  183 / 244

 No. steps =      57   No. f-s =    1405   No. J-s =       2   No. LU-s =      16
  No. nonlinear iterations =      66
  No. nonlinear convergence failures =       0
  No. error test failures =       0
  Last step size used =    0.77449E+07
  Index compenent largest error = ********

 ...  184 / 244

 No. steps =      54   No. f-s =     732   No. J-s =       1   No. LU-s =      14
  No. nonlinear iterations =      61
  No. nonlinear convergence failures =       0
  No. error test failures =       0
  Last step size used =    0.47073E+07
  Index compenent largest error = ********

 ...  185 / 244

 No. steps =      57   No. f-s =    1405   No. J-s =       2   No. LU-s =      16
  No. nonlinear iterations =      66
  No. nonlinear convergence failures =       0
  No. error test failures =       0
  Last step size used =    0.76896E+07
  Index compenent largest error = ********

 ...  186 / 244

 No. steps =      55   No. f-s =    1399   No. J-s =       2   No. LU-s =      16
  No. nonlinear iterations =      60
  No. nonlinear convergence failures =       0
  No. error test failures =       0
  Last step size used =    0.94988E+07
  Index compenent largest error = ********

 ...  187 / 244

 No. steps =      57   No. f-s =    1404   No. J-s =       2   No. LU-s =      17
  No. nonlinear iterations =      65
  No. nonlinear convergence failures =       0
  No. error test failures =       0
  Last step size used =    0.69527E+07
  Index compenent largest error = ********

 ...  188 / 244

 No. steps =      55   No. f-s =    1399   No. J-s =       2   No. LU-s =      16
  No. nonlinear iterations =      60
  No. nonlinear convergence failures =       0
  No. error test failures =       0
  Last step size used =    0.88794E+07
  Index compenent largest error = ********

 ...  189 / 244

 No. steps =      58   No. f-s =    1405   No. J-s =       2   No. LU-s =      16
  No. nonlinear iterations =      66
  No. nonlinear convergence failures =       0
  No. error test failures =       0
  Last step size used =    0.48588E+07
  Index compenent largest error = ********

 ...  190 / 244

 No. steps =      58   No. f-s =    1405   No. J-s =       2   No. LU-s =      16
  No. nonlinear iterations =      66
  No. nonlinear convergence failures =       0
  No. error test failures =       0
  Last step size used =    0.47205E+07
  Index compenent largest error = ********

 ...  191 / 244

 No. steps =      58   No. f-s =    1405   No. J-s =       2   No. LU-s =      16
  No. nonlinear iterations =      66
  No. nonlinear convergence failures =       0
  No. error test failures =       0
  Last step size used =    0.48902E+07
  Index compenent largest error = ********

 ...  192 / 244

 No. steps =      59   No. f-s =    1406   No. J-s =       2   No. LU-s =      17
  No. nonlinear iterations =      67
  No. nonlinear convergence failures =       0
  No. error test failures =       0
  Last step size used =    0.58156E+07
  Index compenent largest error = ********

 ...  193 / 244

 No. steps =      58   No. f-s =    1405   No. J-s =       2   No. LU-s =      16
  No. nonlinear iterations =      66
  No. nonlinear convergence failures =       0
  No. error test failures =       0
  Last step size used =    0.47980E+07
  Index compenent largest error = ********

 ...  194 / 244

 No. steps =      58   No. f-s =    1405   No. J-s =       2   No. LU-s =      16
  No. nonlinear iterations =      66
  No. nonlinear convergence failures =       0
  No. error test failures =       0
  Last step size used =    0.48722E+07
  Index compenent largest error = ********

 ...  195 / 244

 No. steps =      53   No. f-s =    1396   No. J-s =       2   No. LU-s =      15
  No. nonlinear iterations =      57
  No. nonlinear convergence failures =       0
  No. error test failures =       0
  Last step size used =    0.72824E+07
  Index compenent largest error = ********

 ...  196 / 244

 No. steps =      58   No. f-s =    1404   No. J-s =       2   No. LU-s =      17
  No. nonlinear iterations =      65
  No. nonlinear convergence failures =       0
  No. error test failures =       0
  Last step size used =    0.56509E+07
  Index compenent largest error = ********

 ...  197 / 244

 No. steps =      53   No. f-s =    1399   No. J-s =       2   No. LU-s =      14
  No. nonlinear iterations =      60
  No. nonlinear convergence failures =       0
  No. error test failures =       0
  Last step size used =    0.66059E+07
  Index compenent largest error = ********

 ...  198 / 244

 No. steps =      57   No. f-s =    1404   No. J-s =       2   No. LU-s =      16
  No. nonlinear iterations =      65
  No. nonlinear convergence failures =       0
  No. error test failures =       0
  Last step size used =    0.50555E+07
  Index compenent largest error = ********

 ...  199 / 244

 No. steps =      54   No. f-s =    1401   No. J-s =       2   No. LU-s =      15
  No. nonlinear iterations =      62
  No. nonlinear convergence failures =       0
  No. error test failures =       0
  Last step size used =    0.99242E+07
  Index compenent largest error = ********

 ...  200 / 244

 No. steps =      57   No. f-s =    1404   No. J-s =       2   No. LU-s =      16
  No. nonlinear iterations =      65
  No. nonlinear convergence failures =       0
  No. error test failures =       0
  Last step size used =    0.50768E+07
  Index compenent largest error = ********

 ...  201 / 244

 No. steps =      58   No. f-s =    1404   No. J-s =       2   No. LU-s =      17
  No. nonlinear iterations =      65
  No. nonlinear convergence failures =       0
  No. error test failures =       0
  Last step size used =    0.57630E+07
  Index compenent largest error = ********

 ...  202 / 244

 No. steps =      56   No. f-s =     737   No. J-s =       1   No. LU-s =      16
  No. nonlinear iterations =      66
  No. nonlinear convergence failures =       0
  No. error test failures =       0
  Last step size used =    0.48913E+07
  Index compenent largest error = ********

 ...  203 / 244

 No. steps =      56   No. f-s =     737   No. J-s =       1   No. LU-s =      16
  No. nonlinear iterations =      66
  No. nonlinear convergence failures =       0
  No. error test failures =       0
  Last step size used =    0.50055E+07
  Index compenent largest error = ********

 ...  204 / 244

 No. steps =      56   No. f-s =     737   No. J-s =       1   No. LU-s =      16
  No. nonlinear iterations =      66
  No. nonlinear convergence failures =       0
  No. error test failures =       0
  Last step size used =    0.51282E+07
  Index compenent largest error = ********

 ...  205 / 244

 No. steps =      56   No. f-s =     737   No. J-s =       1   No. LU-s =      16
  No. nonlinear iterations =      66
  No. nonlinear convergence failures =       0
  No. error test failures =       0
  Last step size used =    0.51609E+07
  Index compenent largest error = ********

 ...  206 / 244

 No. steps =      53   No. f-s =    1397   No. J-s =       2   No. LU-s =      15
  No. nonlinear iterations =      58
  No. nonlinear convergence failures =       0
  No. error test failures =       0
  Last step size used =    0.65581E+07
  Index compenent largest error = ********

 ...  207 / 244

 No. steps =      57   No. f-s =    1404   No. J-s =       2   No. LU-s =      16
  No. nonlinear iterations =      65
  No. nonlinear convergence failures =       0
  No. error test failures =       0
  Last step size used =    0.53080E+07
  Index compenent largest error = ********

 ...  208 / 244

 No. steps =      54   No. f-s =    1400   No. J-s =       2   No. LU-s =      14
  No. nonlinear iterations =      61
  No. nonlinear convergence failures =       0
  No. error test failures =       0
  Last step size used =    0.75430E+07
  Index compenent largest error = ********

 ...  209 / 244

 No. steps =      54   No. f-s =    1400   No. J-s =       2   No. LU-s =      14
  No. nonlinear iterations =      61
  No. nonlinear convergence failures =       0
  No. error test failures =       0
  Last step size used =    0.75299E+07
  Index compenent largest error = ********

 ...  210 / 244

 No. steps =      57   No. f-s =    1403   No. J-s =       2   No. LU-s =      17
  No. nonlinear iterations =      64
  No. nonlinear convergence failures =       0
  No. error test failures =       0
  Last step size used =    0.63056E+07
  Index compenent largest error = ********

 ...  211 / 244

 No. steps =      54   No. f-s =    1400   No. J-s =       2   No. LU-s =      14
  No. nonlinear iterations =      61
  No. nonlinear convergence failures =       0
  No. error test failures =       0
  Last step size used =    0.74013E+07
  Index compenent largest error = ********

 ...  212 / 244

 No. steps =      55   No. f-s =     735   No. J-s =       1   No. LU-s =      16
  No. nonlinear iterations =      64
  No. nonlinear convergence failures =       0
  No. error test failures =       0
  Last step size used =    0.54499E+07
  Index compenent largest error = ********

 ...  213 / 244

 No. steps =      57   No. f-s =    1403   No. J-s =       2   No. LU-s =      16
  No. nonlinear iterations =      64
  No. nonlinear convergence failures =       0
  No. error test failures =       0
  Last step size used =    0.42320E+07
  Index compenent largest error = ********

 ...  214 / 244

 No. steps =      56   No. f-s =     737   No. J-s =       1   No. LU-s =      16
  No. nonlinear iterations =      66
  No. nonlinear convergence failures =       0
  No. error test failures =       0
  Last step size used =    0.53294E+07
  Index compenent largest error = ********

 ...  215 / 244

 No. steps =      55   No. f-s =     735   No. J-s =       1   No. LU-s =      16
  No. nonlinear iterations =      64
  No. nonlinear convergence failures =       0
  No. error test failures =       0
  Last step size used =    0.55089E+07
  Index compenent largest error = ********

 ...  216 / 244

 No. steps =      54   No. f-s =    1398   No. J-s =       2   No. LU-s =      15
  No. nonlinear iterations =      59
  No. nonlinear convergence failures =       0
  No. error test failures =       0
  Last step size used =    0.71412E+07
  Index compenent largest error = ********

 ...  217 / 244

 No. steps =      54   No. f-s =    1398   No. J-s =       2   No. LU-s =      15
  No. nonlinear iterations =      59
  No. nonlinear convergence failures =       0
  No. error test failures =       0
  Last step size used =    0.66609E+07
  Index compenent largest error = ********

 ...  218 / 244

 No. steps =      56   No. f-s =    1403   No. J-s =       2   No. LU-s =      16
  No. nonlinear iterations =      64
  No. nonlinear convergence failures =       0
  No. error test failures =       0
  Last step size used =    0.57692E+07
  Index compenent largest error = ********

 ...  219 / 244

 No. steps =      52   No. f-s =     730   No. J-s =       1   No. LU-s =      13
  No. nonlinear iterations =      59
  No. nonlinear convergence failures =       0
  No. error test failures =       0
  Last step size used =    0.47544E+07
  Index compenent largest error = ********

 ...  220 / 244

 No. steps =      53   No. f-s =     729   No. J-s =       1   No. LU-s =      14
  No. nonlinear iterations =      58
  No. nonlinear convergence failures =       0
  No. error test failures =       0
  Last step size used =    0.47295E+07
  Index compenent largest error = ********

 ...  221 / 244

 No. steps =      52   No. f-s =     730   No. J-s =       1   No. LU-s =      13
  No. nonlinear iterations =      59
  No. nonlinear convergence failures =       0
  No. error test failures =       0
  Last step size used =    0.47720E+07
  Index compenent largest error = ********

 ...  222 / 244

 No. steps =      56   No. f-s =    1403   No. J-s =       2   No. LU-s =      16
  No. nonlinear iterations =      64
  No. nonlinear convergence failures =       0
  No. error test failures =       0
  Last step size used =    0.60626E+07
  Index compenent largest error = ********

 ...  223 / 244

 No. steps =      52   No. f-s =     730   No. J-s =       1   No. LU-s =      13
  No. nonlinear iterations =      59
  No. nonlinear convergence failures =       0
  No. error test failures =       0
  Last step size used =    0.48383E+07
  Index compenent largest error = ********

 ...  224 / 244

 No. steps =      52   No. f-s =     730   No. J-s =       1   No. LU-s =      13
  No. nonlinear iterations =      59
  No. nonlinear convergence failures =       0
  No. error test failures =       0
  Last step size used =    0.47792E+07
  Index compenent largest error = ********

 ...  225 / 244

 No. steps =      55   No. f-s =     735   No. J-s =       1   No. LU-s =      16
  No. nonlinear iterations =      64
  No. nonlinear convergence failures =       0
  No. error test failures =       0
  Last step size used =    0.56460E+07
  Index compenent largest error = ********

 ...  226 / 244

 No. steps =      55   No. f-s =    1402   No. J-s =       2   No. LU-s =      16
  No. nonlinear iterations =      63
  No. nonlinear convergence failures =       0
  No. error test failures =       0
  Last step size used =    0.63837E+07
  Index compenent largest error = ********

 ...  227 / 244

 No. steps =      52   No. f-s =     728   No. J-s =       1   No. LU-s =      14
  No. nonlinear iterations =      57
  No. nonlinear convergence failures =       0
  No. error test failures =       0
  Last step size used =    0.52172E+07
  Index compenent largest error = ********

 ...  228 / 244

 No. steps =      51   No. f-s =     727   No. J-s =       1   No. LU-s =      14
  No. nonlinear iterations =      56
  No. nonlinear convergence failures =       0
  No. error test failures =       0
  Last step size used =    0.59694E+07
  Index compenent largest error = ********

 ...  229 / 244

 No. steps =      53   No. f-s =     729   No. J-s =       1   No. LU-s =      14
  No. nonlinear iterations =      58
  No. nonlinear convergence failures =       0
  No. error test failures =       0
  Last step size used =    0.47444E+07
  Index compenent largest error = ********

 ...  230 / 244

 No. steps =      52   No. f-s =     728   No. J-s =       1   No. LU-s =      14
  No. nonlinear iterations =      57
  No. nonlinear convergence failures =       0
  No. error test failures =       0
  Last step size used =    0.52665E+07
  Index compenent largest error = ********

 ...  231 / 244

 No. steps =      51   No. f-s =     728   No. J-s =       1   No. LU-s =      14
  No. nonlinear iterations =      57
  No. nonlinear convergence failures =       0
  No. error test failures =       0
  Last step size used =    0.55302E+07
  Index compenent largest error = ********

 ...  232 / 244

 No. steps =      50   No. f-s =     726   No. J-s =       1   No. LU-s =      14
  No. nonlinear iterations =      55
  No. nonlinear convergence failures =       0
  No. error test failures =       0
  Last step size used =    0.46511E+07
  Index compenent largest error = ********

 ...  233 / 244

 No. steps =      52   No. f-s =     730   No. J-s =       1   No. LU-s =      13
  No. nonlinear iterations =      59
  No. nonlinear convergence failures =       0
  No. error test failures =       0
  Last step size used =    0.58034E+07
  Index compenent largest error = ********

 ...  234 / 244

 No. steps =      51   No. f-s =     727   No. J-s =       1   No. LU-s =      14
  No. nonlinear iterations =      56
  No. nonlinear convergence failures =       0
  No. error test failures =       0
  Last step size used =    0.57229E+07
  Index compenent largest error = ********

 ...  235 / 244

 No. steps =      52   No. f-s =     728   No. J-s =       1   No. LU-s =      14
  No. nonlinear iterations =      57
  No. nonlinear convergence failures =       0
  No. error test failures =       0
  Last step size used =    0.49643E+07
  Index compenent largest error = ********

 ...  236 / 244

 No. steps =      52   No. f-s =     730   No. J-s =       1   No. LU-s =      15
  No. nonlinear iterations =      59
  No. nonlinear convergence failures =       0
  No. error test failures =       0
  Last step size used =    0.51989E+07
  Index compenent largest error = ********

 ...  237 / 244

 No. steps =      52   No. f-s =     730   No. J-s =       1   No. LU-s =      13
  No. nonlinear iterations =      59
  No. nonlinear convergence failures =       0
  No. error test failures =       0
  Last step size used =    0.61066E+07
  Index compenent largest error = ********

 ...  238 / 244

 No. steps =      51   No. f-s =     727   No. J-s =       1   No. LU-s =      14
  No. nonlinear iterations =      56
  No. nonlinear convergence failures =       0
  No. error test failures =       0
  Last step size used =    0.58493E+07
  Index compenent largest error = ********

 ...  239 / 244

 No. steps =      47   No. f-s =     725   No. J-s =       1   No. LU-s =      14
  No. nonlinear iterations =      54
  No. nonlinear convergence failures =       0
  No. error test failures =       0
  Last step size used =    0.59944E+07
  Index compenent largest error = ********

 ...  240 / 244

 No. steps =      51   No. f-s =     726   No. J-s =       1   No. LU-s =      14
  No. nonlinear iterations =      55
  No. nonlinear convergence failures =       0
  No. error test failures =       0
  Last step size used =    0.66783E+07
  Index compenent largest error = ********

 ...  241 / 244

 No. steps =      50   No. f-s =     726   No. J-s =       1   No. LU-s =      14
  No. nonlinear iterations =      55
  No. nonlinear convergence failures =       0
  No. error test failures =       0
  Last step size used =    0.49916E+07
  Index compenent largest error = ********

 ...  242 / 244

 No. steps =      51   No. f-s =     727   No. J-s =       1   No. LU-s =      14
  No. nonlinear iterations =      56
  No. nonlinear convergence failures =       0
  No. error test failures =       0
  Last step size used =    0.79286E+07
  Index compenent largest error = ********

 ...  243 / 244

 No. steps =      50   No. f-s =     725   No. J-s =       1   No. LU-s =      14
  No. nonlinear iterations =      54
  No. nonlinear convergence failures =       0
  No. error test failures =       0
  Last step size used =    0.72329E+07
  Index compenent largest error = ********

 ...  244 / 244

 No. steps =      51   No. f-s =     728   No. J-s =       1   No. LU-s =      12
  No. nonlinear iterations =      57
  No. nonlinear convergence failures =       0
  No. error test failures =       0
  Last step size used =    0.44218E+07
  Index compenent largest error = ********


    ... DONE!
 +++++++++++++++++++++++++++++++++++++++++++++++++++


+------------------ Job Report: 10176373 (COMPLETED) ------------------+
| Memory (RAM)  [#                   ]  5.5% (56 MB peak / 1 GB)       |
| CPU           [###############     ] 75.0% average                   |
| Time          [>                   ]  2.3% (0-00:01:24 / 0-01:00:00) |
|                                                                      |
| Lustre Filesystem:                                                   |
|   Path    Total Read    Total Write    Total IOPS                    |
|   ------  ------------  -------------  ------------                  |
|   /apps   0 B           0 B            18                            |
|   /fred   20 KB         106.2 MB       7.9 K                         |
|                                                                      |
| Warnings:                                                            |
|   - Too much memory requested                                        |
|   - Too much time requested                                          |
+----------------------------------------------------------------------+
